/*---------------------------------------------------------------------------*\
| =========                 |                                                 |
| \\      /  F ield         | OpenFOAM: The Open Source CFD Toolbox           |
|  \\    /   O peration     | Version:  2506                                  |
|   \\  /    A nd           | Website:  www.openfoam.com                      |
|    \\/     M anipulation  |                                                 |
\*---------------------------------------------------------------------------*/
Build  : b050cd9480-20250814 OPENFOAM=2506 version=v2506
Arch   : "LSB;label=32;scalar=64"
Exec   : /storage/home/greole/code/NeoFOAM/build/profilingnvidia_h200/bin/neoSimpleFoam -parallel
Date   : Jul 24 2026
Time   : 09:42:44
Host   : gpu-nvidia-h200-3.int.coma-cluster.de
PID    : 3525134
I/O    : uncollated
Case   : /storage/home/greole/code/NeoFOAM/occDrivAerStaticMesh
nProcs : 4
Hosts  :
(
    (gpu-nvidia-h200-3.int.coma-cluster.de 4)
)
Pstream initialized with:
    node communication : off [type=host] (4 ranks, 1 nodes)
    topology controls  : none
    consensus exchange : 0 (tuning: 0)
    exchange algorithm : 0
    commsType          : nonBlocking
    polling iterations : 0
trapFpe: Floating point exception trapping enabled (FOAM_SIGFPE).
fileModificationChecking : Monitoring run-time modified files using timeStampMaster (fileModificationSkew 5, maxFileModificationPolls 20)
allowSystemOperations : Allowing user-supplied system call operations

// * * * * * * * * * * * * * * * * * * * * * * * * * * * * * * * * * * * * * //
Create time

Initializing NeoN
Creating Executor GPU
Creating NeoFOAM runTime

SIMPLE: no convergence criteria found. Calculations will run for 12 steps.

Reading field p

Reading field U

Reading/calculating face flux field phi

Selecting incompressible transport model Newtonian
NeoFOAM solver config (from fvSolution configFile) for 'config(Cg+Multigrid)':
{
    cacheSolver: true
    configFile: <NeoN::TokenList>
    l1ScaledResidual: true
    preconditionerRebuildInterval: 0
    relTol: 0.010000
    reportName: config(Cg+Multigrid)
    solver: Ginkgo
    tolerance: 0.000000
}
    effective optimize: false
    effective checkFrequency: 1
Mapping OpenFOAM solver settings to NeoN settings.
Currently, it is advisable to specify a configFile
for fine grained Ginkgo solver control

Replacing solver PBiCGStab by solver::Bicgstab
Replacing preconditioner diagonal by preconditioner::Schwarz (Schwarz-wrapped for distributed run)
NeoFOAM solver config (mapped from fvSolution) for 'Schwarz(Jacobi)+Bicgstab':
{
    cacheSolver: true
    criteria: {
        absolute_residual_norm: 0.000000
        initial_residual_norm: 0.100000
        iteration: 1000
    }
    l1ScaledResidual: true
    optimize: false
    preconditioner: {
        local_solver: {
            max_block_size: 1
            type: preconditioner::Jacobi
        }
        type: preconditioner::Schwarz
    }
    reportName: Schwarz(Jacobi)+Bicgstab
    solver: Ginkgo
    type: solver::Bicgstab
}
    effective optimize: false
    effective checkFrequency: 1
Creating phi

[NF][/storage/home/greole/code/NeoFOAM/include/NeoFOAM/auxiliary/readers.hpp::423]: Internal: 49243125, Boundary: 1362247

[NF][/storage/home/greole/code/NeoFOAM/include/NeoFOAM/auxiliary/readers.hpp::423]: Internal: 49333487, Boundary: 1754396

[NF][/storage/home/greole/code/NeoFOAM/include/NeoFOAM/auxiliary/readers.hpp::423]: Internal: 49320882, Boundary: 1762558

[NF][/storage/home/greole/code/NeoFOAM/include/NeoFOAM/auxiliary/readers.hpp::423]: Internal: 49261542, Boundary: 1427829
Selecting patchDistMethod meshWave
Mapping OpenFOAM solver settings to NeoN settings.
Currently, it is advisable to specify a configFile
for fine grained Ginkgo solver control

Replacing solver PBiCGStab by solver::Bicgstab
Replacing preconditioner diagonal by preconditioner::Schwarz (Schwarz-wrapped for distributed run)
NeoFOAM solver config (mapped from fvSolution) for 'Schwarz(Jacobi)+Bicgstab':
{
    cacheSolver: true
    criteria: {
        absolute_residual_norm: 0.000000
        initial_residual_norm: 0.100000
        iteration: 1000
    }
    l1ScaledResidual: true
    optimize: false
    preconditioner: {
        local_solver: {
            max_block_size: 1
            type: preconditioner::Jacobi
        }
        type: preconditioner::Schwarz
    }
    reportName: Schwarz(Jacobi)+Bicgstab
    solver: Ginkgo
    type: solver::Bicgstab
}
    effective optimize: false
    effective checkFrequency: 1
Mapping OpenFOAM solver settings to NeoN settings.
Currently, it is advisable to specify a configFile
for fine grained Ginkgo solver control

Replacing solver PBiCGStab by solver::Bicgstab
Replacing preconditioner diagonal by preconditioner::Schwarz (Schwarz-wrapped for distributed run)
NeoFOAM solver config (mapped from fvSolution) for 'Schwarz(Jacobi)+Bicgstab':
{
    cacheSolver: true
    criteria: {
        absolute_residual_norm: 0.000000
        initial_residual_norm: 0.100000
        iteration: 1000
    }
    l1ScaledResidual: true
    optimize: false
    preconditioner: {
        local_solver: {
            max_block_size: 1
            type: preconditioner::Jacobi
        }
        type: preconditioner::Schwarz
    }
    reportName: Schwarz(Jacobi)+Bicgstab
    solver: Ginkgo
    type: solver::Bicgstab
}
    effective optimize: false
    effective checkFrequency: 1
Starting time loop
Time = 1051
[mem] step-start: DEVICE_POOL current=12979 MB  actual(reserved)=38146 MB  highWater=19132 MB
Schwarz(Jacobi)+Bicgstab:  Solving for Ux, Initial residual = 8.138773099436364e-05, Final residual = 3.3128387725959786e-06, No Iterations 3, Solve time = 87.021 ms
Schwarz(Jacobi)+Bicgstab:  Solving for Uy, Initial residual = 0.004403238680958119, Final residual = 0.00015358955331343693, No Iterations 3, Solve time = 87.021 ms
Schwarz(Jacobi)+Bicgstab:  Solving for Uz, Initial residual = 0.0011397400823179122, Final residual = 5.8325628497649915e-05, No Iterations 3, Solve time = 87.021 ms
[mem] after-UEqn: DEVICE_POOL current=15847 MB  actual(reserved)=38146 MB  highWater=21135 MB
config(Cg+Multigrid):  Solving for p, Initial residual = 0.0013256944227603349, Final residual = 1.1065017612361817e-05, No Iterations 7, Solve time = 220.401 ms
time step continuity errors : sum local = 2.760538428217567e-06, global = -5.720331162164001e-09, cumulative = -5.720331162164001e-09
[mem] after-pEqn: DEVICE_POOL current=17315 MB  actual(reserved)=38146 MB  highWater=21135 MB
Schwarz(Jacobi)+Bicgstab:  Solving for omega, Initial residual = 1.3535567056505372e-05, Final residual = 9.669895789559988e-07, No Iterations 2, Solve time = 19.384 ms
bounding omega, min: -47620.411811400554 max: 45355982.60706698 average: 6371.521267802339
Schwarz(Jacobi)+Bicgstab:  Solving for k, Initial residual = 0.000252706358147736, Final residual = 1.4870324045144611e-05, No Iterations 2, Solve time = 19.51 ms
bounding k, min: -0.009661837374569826 max: 920.0227904218792 average: 9.131309744247798
[phase] step total=6953.635262 ms | 1_momConstruct=2570.265682 2_momSolve=1937.375273 3_pressureCorr=1786.298892 3a_pSolve=1686.606096 4_turbulence=659.662552 | other=-1686.573233
[phase] step total=6953.688716 ms | 1_momConstruct=2568.940019 2_momSolve=1938.410045 3_pressureCorr=1786.749251 3a_pSolve=1686.637730 4_turbulence=659.561443 | other=-1686.609772
[phase] step total=6953.710276 ms | 1_momConstruct=2571.084437 2_momSolve=1936.708156 3_pressureCorr=1786.237587 3a_pSolve=1686.606106 4_turbulence=659.655212 | other=-1686.581222
[mem] after-turb: DEVICE_POOL current=19500 MB  actual(reserved)=38146 MB  highWater=22309 MB
[phase] step total=6953.730794 ms | 1_momConstruct=2570.753232 2_momSolve=1936.741992 3_pressureCorr=1786.349971 3a_pSolve=1686.621858 4_turbulence=659.838463 | other=-1686.574722
ExecutionTime = 50.49 s  ClockTime = 52 s

Time = 1052
[mem] step-start: DEVICE_POOL current=19500 MB  actual(reserved)=38146 MB  highWater=22309 MB
Schwarz(Jacobi)+Bicgstab:  Solving for Ux, Initial residual = 8.102267399944115e-05, Final residual = 3.171712189850798e-06, No Iterations 3, Solve time = 69.103 ms
Schwarz(Jacobi)+Bicgstab:  Solving for Uy, Initial residual = 0.004412755005494958, Final residual = 0.0001445499910522882, No Iterations 3, Solve time = 69.103 ms
Schwarz(Jacobi)+Bicgstab:  Solving for Uz, Initial residual = 0.0011386587451209242, Final residual = 4.1166385804583707e-05, No Iterations 3, Solve time = 69.103 ms
[mem] after-UEqn: DEVICE_POOL current=19500 MB  actual(reserved)=38146 MB  highWater=24788 MB
config(Cg+Multigrid):  Solving for p, Initial residual = 0.0013225536648544666, Final residual = 1.0392719257807666e-05, No Iterations 96, Solve time = 2425.85 ms
time step continuity errors : sum local = 1.4474634619998942e-05, global = -4.6601092419996795e-07, cumulative = -4.7173125536213195e-07
[mem] after-pEqn: DEVICE_POOL current=19500 MB  actual(reserved)=38146 MB  highWater=24788 MB
Schwarz(Jacobi)+Bicgstab:  Solving for omega, Initial residual = 1.3860446534500524e-05, Final residual = 8.672009826782523e-07, No Iterations 3, Solve time = 21.613 ms
bounding omega, min: -48172.78188055936 max: 45355982.62117359 average: 6373.100585825788
Schwarz(Jacobi)+Bicgstab:  Solving for k, Initial residual = 0.00025275922729727597, Final residual = 1.5465055961747882e-05, No Iterations 2, Solve time = 17.503 ms
bounding k, min: -0.0022793169365005195 max: 909.2026204360438 average: 9.131774332443225
[phase] step total=3690.691924 ms | 1_momConstruct=0.135587 2_momSolve=392.547856 3_pressureCorr=2737.481969 3a_pSolve=2677.050416 4_turbulence=560.511312 | other=-2677.035216
[phase] step total=3690.751506 ms | 1_momConstruct=0.178796 2_momSolve=392.605765 3_pressureCorr=2737.882110 3a_pSolve=2677.047942 4_turbulence=560.072308 | other=-2677.035415
[mem] after-turb: DEVICE_POOL current=19500 MB  actual(reserved)=38146 MB  highWater=24788 MB
[phase] step total=3690.788927 ms | 1_momConstruct=0.135456 2_momSolve=391.871206 3_pressureCorr=2738.676361 3a_pSolve=2677.057256 4_turbulence=560.091344 | other=-2677.042696
[phase] step total=3690.795006 ms | 1_momConstruct=0.138380 2_momSolve=392.802976 3_pressureCorr=2737.714910 3a_pSolve=2677.060770 4_turbulence=560.109219 | other=-2677.031249
ExecutionTime = 54.17 s  ClockTime = 56 s

Time = 1053
[mem] step-start: DEVICE_POOL current=19500 MB  actual(reserved)=38146 MB  highWater=24788 MB
Schwarz(Jacobi)+Bicgstab:  Solving for Ux, Initial residual = 8.579789683453656e-05, Final residual = 2.6121585209852264e-06, No Iterations 14, Solve time = 224.349 ms
Schwarz(Jacobi)+Bicgstab:  Solving for Uy, Initial residual = 0.004674226811300155, Final residual = 7.504726986774332e-05, No Iterations 14, Solve time = 224.349 ms
Schwarz(Jacobi)+Bicgstab:  Solving for Uz, Initial residual = 0.0013776685691824521, Final residual = 0.0002947500292404037, No Iterations 14, Solve time = 224.349 ms
[mem] after-UEqn: DEVICE_POOL current=19500 MB  actual(reserved)=38146 MB  highWater=24788 MB
config(Cg+Multigrid):  Solving for p, Initial residual = 0.06035955515811586, Final residual = 0.06376868297024135, No Iterations 1000, Solve time = 24407.827 ms
time step continuity errors : sum local = 0.016082712882948966, global = -2.9330988900295423e-07, cumulative = -7.650411443650862e-07
[mem] after-pEqn: DEVICE_POOL current=19500 MB  actual(reserved)=38146 MB  highWater=24788 MB
Schwarz(Jacobi)+Bicgstab:  Solving for omega, Initial residual = 0.0028421324572715464, Final residual = 0.00013652323659564118, No Iterations 3, Solve time = 22.306 ms
bounding omega, min: -46369.904830131796 max: 45355982.64424418 average: 6385.139082786619
Schwarz(Jacobi)+Bicgstab:  Solving for k, Initial residual = 0.0004598881107162787, Final residual = 2.5285631146898053e-05, No Iterations 4, Solve time = 27.051 ms
bounding k, min: -2.6674230801737696e-05 max: 1535.6642227155817 average: 9.134133983417177
[phase] step total=25852.056942 ms | 1_momConstruct=0.143508 2_momSolve=551.033062 3_pressureCorr=24734.395109 3a_pSolve=24662.042407 4_turbulence=566.470503 | other=-24662.027647
[phase] step total=25852.142489 ms | 1_momConstruct=0.161422 2_momSolve=550.471901 3_pressureCorr=24739.372912 3a_pSolve=24662.044941 4_turbulence=562.121826 | other=-24662.030513
[phase] step total=25852.142719 ms | 1_momConstruct=0.148855 2_momSolve=551.199851 3_pressureCorr=24738.659101 3a_pSolve=24662.057518 4_turbulence=562.122797 | other=-24662.045403
[phase] step total=25852.159032 ms | 1_momConstruct=0.143127 2_momSolve=550.884467 3_pressureCorr=24739.011355 3a_pSolve=24662.076805 4_turbulence=562.087668 | other=-24662.044390
[mem] after-turb: DEVICE_POOL current=19500 MB  actual(reserved)=38146 MB  highWater=24788 MB
ExecutionTime = 79.95 s  ClockTime = 82 s

Time = 1054
[mem] step-start: DEVICE_POOL current=19500 MB  actual(reserved)=38146 MB  highWater=24788 MB
Schwarz(Jacobi)+Bicgstab:  Solving for Ux, Initial residual = 0.32838089578034113, Final residual = 0.003539239747680586, No Iterations 3, Solve time = 66.293 ms
Schwarz(Jacobi)+Bicgstab:  Solving for Uy, Initial residual = 0.3314029640914806, Final residual = 0.003903187653931049, No Iterations 3, Solve time = 66.293 ms
Schwarz(Jacobi)+Bicgstab:  Solving for Uz, Initial residual = 0.33172800712179146, Final residual = 0.0035809458199707062, No Iterations 3, Solve time = 66.293 ms
[mem] after-UEqn: DEVICE_POOL current=19500 MB  actual(reserved)=38146 MB  highWater=24788 MB
config(Cg+Multigrid):  Solving for p, Initial residual = 0.20620921060783695, Final residual = 0.20526856481557912, No Iterations 1000, Solve time = 24355.081 ms
time step continuity errors : sum local = 0.06568860463061822, global = -4.2124696621005384e-07, cumulative = -1.18628811057514e-06
[mem] after-pEqn: DEVICE_POOL current=19500 MB  actual(reserved)=38146 MB  highWater=24788 MB
Schwarz(Jacobi)+Bicgstab:  Solving for omega, Initial residual = 0.4262032400846633, Final residual = 0.021623929363968227, No Iterations 2, Solve time = 18.255 ms
bounding omega, min: -83621.4269045463 max: 210159742.774864 average: 6481.978959683874
Schwarz(Jacobi)+Bicgstab:  Solving for k, Initial residual = 0.0198690713874206, Final residual = 0.0019824276478497154, No Iterations 2, Solve time = 17.79 ms
bounding k, min: -5.432519199976241e-05 max: 1603.2367632082173 average: 9.13511928938583
[phase] step total=25633.819676 ms | 1_momConstruct=0.143898 2_momSolve=393.703695 3_pressureCorr=24681.847243 3a_pSolve=24609.376249 4_turbulence=558.106836 | other=-24609.358245
[phase] step total=25633.835077 ms | 1_momConstruct=0.143587 2_momSolve=394.819118 3_pressureCorr=24687.921282 3a_pSolve=24609.409234 4_turbulence=550.933835 | other=-24609.391979
[phase] step total=25633.870295 ms | 1_momConstruct=0.143647 2_momSolve=394.622988 3_pressureCorr=24688.118603 3a_pSolve=24609.381696 4_turbulence=550.971918 | other=-24609.368557
[mem] after-turb: DEVICE_POOL current=19500 MB  actual(reserved)=38146 MB  highWater=24788 MB
[phase] step total=25633.889922 ms | 1_momConstruct=0.144438 2_momSolve=394.882376 3_pressureCorr=24687.891762 3a_pSolve=24609.403887 4_turbulence=550.939143 | other=-24609.371684
ExecutionTime = 105.51 s  ClockTime = 107 s

Time = 1055
[mem] step-start: DEVICE_POOL current=19500 MB  actual(reserved)=38146 MB  highWater=24788 MB
Schwarz(Jacobi)+Bicgstab:  Solving for Ux, Initial residual = 0.5199702568988646, Final residual = 0.015628221434221823, No Iterations 4, Solve time = 80.768 ms
Schwarz(Jacobi)+Bicgstab:  Solving for Uy, Initial residual = 0.5475662029879133, Final residual = 0.008475527899883793, No Iterations 4, Solve time = 80.768 ms
Schwarz(Jacobi)+Bicgstab:  Solving for Uz, Initial residual = 0.5221381657412171, Final residual = 0.014665376647337004, No Iterations 4, Solve time = 80.768 ms
[mem] after-UEqn: DEVICE_POOL current=19500 MB  actual(reserved)=38146 MB  highWater=24788 MB
config(Cg+Multigrid):  Solving for p, Initial residual = 0.9486427434338232, Final residual = 0.9490657140454303, No Iterations 1000, Solve time = 24250.386 ms
time step continuity errors : sum local = 4.703162392188397, global = -5.592838744993832e-07, cumulative = -1.7455719850745234e-06
[mem] after-pEqn: DEVICE_POOL current=19500 MB  actual(reserved)=38146 MB  highWater=24788 MB
Schwarz(Jacobi)+Bicgstab:  Solving for omega, Initial residual = 0.5184165383904745, Final residual = 0.008463163265738784, No Iterations 15, Solve time = 74.151 ms
bounding omega, min: -44516.53799177123 max: 64377404486.86047 average: 48231.80670706598
Schwarz(Jacobi)+Bicgstab:  Solving for k, Initial residual = 0.1117992493310748, Final residual = 0.008061162167096118, No Iterations 13, Solve time = 65.103 ms
bounding k, min: -2.7950074539991226e-05 max: 9526081.152787149 average: 13.556458259839843
[phase] step total=25642.606054 ms | 1_momConstruct=0.149326 2_momSolve=407.666399 3_pressureCorr=24577.361098 3a_pSolve=24503.284988 4_turbulence=657.413721 | other=-24503.269478
[mem] after-turb: DEVICE_POOL current=19500 MB  actual(reserved)=38146 MB  highWater=24788 MB
[phase] step total=25642.721053 ms | 1_momConstruct=0.141865 2_momSolve=407.155687 3_pressureCorr=24582.432039 3a_pSolve=24503.334206 4_turbulence=652.956003 | other=-24503.298747
[phase] step total=25642.721292 ms | 1_momConstruct=0.145590 2_momSolve=407.391522 3_pressureCorr=24582.133628 3a_pSolve=24503.310863 4_turbulence=653.038456 | other=-24503.298767
[phase] step total=25642.730656 ms | 1_momConstruct=0.232590 2_momSolve=407.466975 3_pressureCorr=24582.015956 3a_pSolve=24503.273692 4_turbulence=652.998011 | other=-24503.256568
ExecutionTime = 131.09 s  ClockTime = 133 s

Time = 1056
[mem] step-start: DEVICE_POOL current=19500 MB  actual(reserved)=38146 MB  highWater=24788 MB
Schwarz(Jacobi)+Bicgstab:  Solving for Ux, Initial residual = 0.4823625582934524, Final residual = 0.020148838081723665, No Iterations 14, Solve time = 222.504 ms
Schwarz(Jacobi)+Bicgstab:  Solving for Uy, Initial residual = 0.4817910891931347, Final residual = 0.012847748266686672, No Iterations 14, Solve time = 222.504 ms
Schwarz(Jacobi)+Bicgstab:  Solving for Uz, Initial residual = 0.4821027535693925, Final residual = 0.014829699143857622, No Iterations 14, Solve time = 222.504 ms
[mem] after-UEqn: DEVICE_POOL current=19500 MB  actual(reserved)=38146 MB  highWater=24788 MB
config(Cg+Multigrid):  Solving for p, Initial residual = 0.999999619203919, Final residual = 1.0408771776820867, No Iterations 1000, Solve time = 24298.333 ms
time step continuity errors : sum local = 684778.8488458758, global = -7.084810218179874e-07, cumulative = -2.454053006892511e-06
[mem] after-pEqn: DEVICE_POOL current=19500 MB  actual(reserved)=38146 MB  highWater=24788 MB
Schwarz(Jacobi)+Bicgstab:  Solving for omega, Initial residual = 0.43826540900863603, Final residual = 0.015106371025736129, No Iterations 2, Solve time = 18.024 ms
bounding omega, min: -42426.004050348274 max: 29894928069.56611 average: 43293.04707446775
Schwarz(Jacobi)+Bicgstab:  Solving for k, Initial residual = 0.31303820291329615, Final residual = 0.02354245410263765, No Iterations 2, Solve time = 18.812 ms
bounding k, min: -1.4233843109032451e-05 max: 4723937.119178854 average: 11.964091517255866
[mem] after-turb: DEVICE_POOL current=19500 MB  actual(reserved)=38146 MB  highWater=24788 MB
Writing p
Writing U
Writing turbulence variables
[phase] step total=28080.924011 ms | 1_momConstruct=0.140824 2_momSolve=548.924944 3_pressureCorr=24634.894198 3a_pSolve=24552.610265 4_turbulence=551.195074 | other=-22206.841294
[phase] step total=28188.554177 ms | 1_momConstruct=0.139492 2_momSolve=549.035045 3_pressureCorr=24634.829129 3a_pSolve=24552.606079 4_turbulence=551.136174 | other=-22099.191742
ExecutionTime = 158.07 s  ClockTime = 161 s

Time = 1057
[mem] step-start: DEVICE_POOL current=19500 MB  actual(reserved)=38146 MB  highWater=24788 MB
[phase] step total=28265.432240 ms | 1_momConstruct=0.138060 2_momSolve=548.405440 3_pressureCorr=24626.439636 3a_pSolve=24552.571681 4_turbulence=560.060301 | other=-22022.182878
[phase] step total=28309.725419 ms | 1_momConstruct=0.138320 2_momSolve=548.798300 3_pressureCorr=24635.008015 3a_pSolve=24552.582476 4_turbulence=551.208282 | other=-21978.009974
Schwarz(Jacobi)+Bicgstab:  Solving for Ux, Initial residual = 0.2828888615639805, Final residual = 0.004933250938130267, No Iterations 4, Solve time = 79.959 ms
Schwarz(Jacobi)+Bicgstab:  Solving for Uy, Initial residual = 0.2830222877926238, Final residual = 0.005004328057980259, No Iterations 4, Solve time = 79.959 ms
Schwarz(Jacobi)+Bicgstab:  Solving for Uz, Initial residual = 0.28290370164560336, Final residual = 0.004889344051462571, No Iterations 4, Solve time = 79.959 ms
[mem] after-UEqn: DEVICE_POOL current=19500 MB  actual(reserved)=38146 MB  highWater=24788 MB
config(Cg+Multigrid):  Solving for p, Initial residual = 0.9949723817736411, Final residual = 1.033779914976646, No Iterations 1000, Solve time = 24322.98 ms
time step continuity errors : sum local = 1440489.5808356144, global = -8.486453045357098e-07, cumulative = -3.302698311428221e-06
[mem] after-pEqn: DEVICE_POOL current=19500 MB  actual(reserved)=38146 MB  highWater=24788 MB
Schwarz(Jacobi)+Bicgstab:  Solving for omega, Initial residual = 0.2322152659934315, Final residual = 0.013891698972968448, No Iterations 19, Solve time = 91.085 ms
bounding omega, min: -40461.66048580162 max: 1.3945276688615816e+18 average: 58558086080.15596
Schwarz(Jacobi)+Bicgstab:  Solving for k, Initial residual = 0.48180775598863146, Final residual = 0.010323228534035327, No Iterations 21, Solve time = 100.079 ms
bounding k, min: -2.9129819404983808e-05 max: 888363208950979.6 average: 256517600.6710287
[phase] step total=25791.894077 ms | 1_momConstruct=0.179477 2_momSolve=428.030233 3_pressureCorr=24654.245729 3a_pSolve=24580.012233 4_turbulence=709.410059 | other=-24579.983654
[phase] step total=25773.172000 ms | 1_momConstruct=0.164186 2_momSolve=409.436533 3_pressureCorr=24656.837162 3a_pSolve=24580.011712 4_turbulence=706.714232 | other=-24579.991825
[phase] step total=25791.999813 ms | 1_momConstruct=0.208126 2_momSolve=427.738812 3_pressureCorr=24657.329489 3a_pSolve=24580.049584 4_turbulence=706.700714 | other=-24580.026912
[mem] after-turb: DEVICE_POOL current=19500 MB  actual(reserved)=38146 MB  highWater=24788 MB
[phase] step total=25887.613720 ms | 1_momConstruct=0.222956 2_momSolve=523.446600 3_pressureCorr=24657.215071 3a_pSolve=24580.053189 4_turbulence=706.670612 | other=-24579.994708
ExecutionTime = 183.9 s  ClockTime = 187 s

Time = 1058
[mem] step-start: DEVICE_POOL current=19500 MB  actual(reserved)=38146 MB  highWater=24788 MB
Schwarz(Jacobi)+Bicgstab:  Solving for Ux, Initial residual = 0.31429695712043965, Final residual = 0.004545915044347091, No Iterations 38, Solve time = 563.472 ms
Schwarz(Jacobi)+Bicgstab:  Solving for Uy, Initial residual = 0.3145275464286141, Final residual = 0.004497977274776022, No Iterations 38, Solve time = 563.472 ms
Schwarz(Jacobi)+Bicgstab:  Solving for Uz, Initial residual = 0.31413563469354205, Final residual = 0.008610947689278751, No Iterations 38, Solve time = 563.472 ms
[mem] after-UEqn: DEVICE_POOL current=19500 MB  actual(reserved)=38146 MB  highWater=24788 MB
config(Cg+Multigrid):  Solving for p, Initial residual = 1, Final residual = 7.24831966449226, No Iterations 1000, Solve time = 24395.2 ms
time step continuity errors : sum local = 5.10005402650976e+21, global = -302348.68311756337, cumulative = -302348.6831208661
[mem] after-pEqn: DEVICE_POOL current=19500 MB  actual(reserved)=38146 MB  highWater=24788 MB
Schwarz(Jacobi)+Bicgstab:  Solving for omega, Initial residual = 0.5551432686992781, Final residual = 0.042262969079921234, No Iterations 1, Solve time = 13.488 ms
bounding omega, min: -65851.91254694732 max: 4.197659271466395e+17 average: 64473609859.4586
Schwarz(Jacobi)+Bicgstab:  Solving for k, Initial residual = 0.33645376539136984, Final residual = 0.0203821262160156, No Iterations 2, Solve time = 17.808 ms
bounding k, min: -360826808161094.2 max: 1.2458980850904768e+17 average: 9815522122.22489
[phase] step total=26166.143308 ms | 1_momConstruct=0.154162 2_momSolve=890.626733 3_pressureCorr=24723.307087 3a_pSolve=24649.891615 4_turbulence=552.036801 | other=-24649.873090
[phase] step total=26166.189932 ms | 1_momConstruct=0.145059 2_momSolve=891.445968 3_pressureCorr=24727.156949 3a_pSolve=24649.913395 4_turbulence=547.429257 | other=-24649.900696
[phase] step total=26166.217380 ms | 1_momConstruct=0.144478 2_momSolve=891.005824 3_pressureCorr=24727.565600 3a_pSolve=24649.886777 4_turbulence=547.486647 | other=-24649.871946
[mem] after-turb: DEVICE_POOL current=19500 MB  actual(reserved)=38146 MB  highWater=24788 MB
[phase] step total=26166.243205 ms | 1_momConstruct=0.141475 2_momSolve=891.556030 3_pressureCorr=24727.037745 3a_pSolve=24649.923198 4_turbulence=547.474690 | other=-24649.889933
ExecutionTime = 210.01 s  ClockTime = 213 s

Time = 1059
[mem] step-start: DEVICE_POOL current=19500 MB  actual(reserved)=38146 MB  highWater=24788 MB
Schwarz(Jacobi)+Bicgstab:  Solving for Ux, Initial residual = 0.27500513748562394, Final residual = 0.024629806115056378, No Iterations 3, Solve time = 66.069 ms
Schwarz(Jacobi)+Bicgstab:  Solving for Uy, Initial residual = 0.27500628011023137, Final residual = 0.024631489216799387, No Iterations 3, Solve time = 66.069 ms
Schwarz(Jacobi)+Bicgstab:  Solving for Uz, Initial residual = 0.2750049866276189, Final residual = 0.024629149150627753, No Iterations 3, Solve time = 66.069 ms
[mem] after-UEqn: DEVICE_POOL current=19500 MB  actual(reserved)=38146 MB  highWater=24788 MB
[1] [stack trace]
[1] =============
[0] [stack trace]
[0] =============
[2] [stack trace]
[2] =============
[3] [stack trace]
[3] =============
[1] #[0] #1  [2] #1  1  [3] #1  Foam::sigFpe::sigHandler(int)Foam::sigFpe::sigHandler(int)Foam::sigFpe::sigHandler(int)Foam::sigFpe::sigHandler(int) in ~/OpenFOAM/openfoam/platforms/linux64GccDPInt32Opt/lib/libOpenFOAM.so
[0] #2  ? in /lib64/libc.so.6
[0] #3  ? in ~/OpenFOAM/openfoam/platforms/linux64GccDPInt32Opt/lib/libOpenFOAM.so
[2] #2  ? in ~/OpenFOAM/openfoam/platforms/linux64GccDPInt32Opt/lib/libOpenFOAM.so
[3] #2  ? in /lib64/libc.so.6
[2] #3  ? in /lib64/libc.so.6
[3] #3  ? in ~/OpenFOAM/openfoam/platforms/linux64GccDPInt32Opt/lib/libOpenFOAM.so
[1] #2  ? in /lib64/libc.so.6
[1] #3  ? at ~/code/NeoN/src/linearAlgebra/ginkgo/ginkgoL1Stop.cpp:379
[2] #4  gko::stop::Criterion::check(unsigned char, bool, gko::array<gko::stopping_status>*, bool*, gko::stop::Criterion::Updater const&) at ~/code/NeoN/src/linearAlgebra/ginkgo/ginkgoL1Stop.cpp:379
 at ~/code/NeoN/src/linearAlgebra/ginkgo/ginkgoL1Stop.cpp:379
[0] #4  gko::stop::Criterion::check(unsigned char, bool, gko::array<gko::stopping_status>*, bool*, gko::stop::Criterion::Updater const&)[3] #4  gko::stop::Criterion::check(unsigned char, bool, gko::array<gko::stopping_status>*, bool*, gko::stop::Criterion::Updater const&) at ~/code/NeoN/src/linearAlgebra/ginkgo/ginkgoL1Stop.cpp:379
[1] #4  gko::stop::Criterion::check(unsigned char, bool, gko::array<gko::stopping_status>*, bool*, gko::stop::Criterion::Updater const&) at /storage/apps/opt/spack/opt/spack/__spack_path_placeholder__/__spack_path_placeholder__/__spack_path_placeholder__/__spack_path_placeholder__/__spack_path_placeholder__/__spack_path_placeholder__/__spack_path_placeholder__/__spack_path_placeholder__/__spac/linux-x86_64_v3/gcc-13.3.0-pc5contataet2iuufjrcsndtp6ub6hpk/lib/gcc/x86_64-pc-linux-gnu/13.3.0/../../../../include/c++/13.3.0/bits/shared_ptr_base.h:1522
 at /storage/apps/opt/spack/opt/spack/__spack_path_placeholder__/__spack_path_placeholder__/__spack_path_placeholder__/__spack_path_placeholder__/__spack_path_placeholder__/__spack_path_placeholder__/__spack_path_placeholder__/__spack_path_placeholder__/__spac/linux-x86_64_v3/gcc-13.3.0-pc5contataet2iuufjrcsndtp6ub6hpk/lib/gcc/x86_64-pc-linux-gnu/13.3.0/../../../../include/c++/13.3.0/bits/shared_ptr_base.h:1522
[2] #5  void gko::solver::Cg<double>::apply_dense_impl<gko::experimental::distributed::Vector<double> >(gko::experimental::distributed::Vector<double> const*, gko::experimental::distributed::Vector<double>*) const[3] #5  void gko::solver::Cg<double>::apply_dense_impl<gko::experimental::distributed::Vector<double> >(gko::experimental::distributed::Vector<double> const*, gko::experimental::distributed::Vector<double>*) const at /storage/apps/opt/spack/opt/spack/__spack_path_placeholder__/__spack_path_placeholder__/__spack_path_placeholder__/__spack_path_placeholder__/__spack_path_placeholder__/__spack_path_placeholder__/__spack_path_placeholder__/__spack_path_placeholder__/__spac/linux-x86_64_v3/gcc-13.3.0-pc5contataet2iuufjrcsndtp6ub6hpk/lib/gcc/x86_64-pc-linux-gnu/13.3.0/../../../../include/c++/13.3.0/bits/shared_ptr_base.h:1522
[0] #5  void gko::solver::Cg<double>::apply_dense_impl<gko::experimental::distributed::Vector<double> >(gko::experimental::distributed::Vector<double> const*, gko::experimental::distributed::Vector<double>*) const at /storage/apps/opt/spack/opt/spack/__spack_path_placeholder__/__spack_path_placeholder__/__spack_path_placeholder__/__spack_path_placeholder__/__spack_path_placeholder__/__spack_path_placeholder__/__spack_path_placeholder__/__spack_path_placeholder__/__spac/linux-x86_64_v3/gcc-13.3.0-pc5contataet2iuufjrcsndtp6ub6hpk/lib/gcc/x86_64-pc-linux-gnu/13.3.0/../../../../include/c++/13.3.0/bits/shared_ptr_base.h:1522
[1] #5  void gko::solver::Cg<double>::apply_dense_impl<gko::experimental::distributed::Vector<double> >(gko::experimental::distributed::Vector<double> const*, gko::experimental::distributed::Vector<double>*) const at ~/code/NeoFOAM/build/profilingnvidia_h200/_deps/ginkgo-src/include/ginkgo/core/stop/criterion.hpp:76
 at ~/code/NeoFOAM/build/profilingnvidia_h200/_deps/ginkgo-src/include/ginkgo/core/stop/criterion.hpp:76
[2] #6  void gko::experimental::distributed::precision_dispatch_real_complex<double, gko::solver::Cg<double>::apply_impl(gko::LinOp const*, gko::LinOp*) const::{lambda(auto:1, auto:2)#1}>(gko::solver::Cg<double>::apply_impl(gko::LinOp const*, gko::LinOp*) const::{lambda(auto:1, auto:2)#1}, gko::LinOp const*, gko::LinOp*)[0] #6  void gko::experimental::distributed::precision_dispatch_real_complex<double, gko::solver::Cg<double>::apply_impl(gko::LinOp const*, gko::LinOp*) const::{lambda(auto:1, auto:2)#1}>(gko::solver::Cg<double>::apply_impl(gko::LinOp const*, gko::LinOp*) const::{lambda(auto:1, auto:2)#1}, gko::LinOp const*, gko::LinOp*) at ~/code/NeoFOAM/build/profilingnvidia_h200/_deps/ginkgo-src/include/ginkgo/core/stop/criterion.hpp:76
[3] #6  void gko::experimental::distributed::precision_dispatch_real_complex<double, gko::solver::Cg<double>::apply_impl(gko::LinOp const*, gko::LinOp*) const::{lambda(auto:1, auto:2)#1}>(gko::solver::Cg<double>::apply_impl(gko::LinOp const*, gko::LinOp*) const::{lambda(auto:1, auto:2)#1}, gko::LinOp const*, gko::LinOp*) at ~/code/NeoFOAM/build/profilingnvidia_h200/_deps/ginkgo-src/include/ginkgo/core/stop/criterion.hpp:76
[1] #6  void gko::experimental::distributed::precision_dispatch_real_complex<double, gko::solver::Cg<double>::apply_impl(gko::LinOp const*, gko::LinOp*) const::{lambda(auto:1, auto:2)#1}>(gko::solver::Cg<double>::apply_impl(gko::LinOp const*, gko::LinOp*) const::{lambda(auto:1, auto:2)#1}, gko::LinOp const*, gko::LinOp*) at  at /storage/apps/opt/spack/opt/spack/__spack_path_placeholder__/__spack_path_placeholder__/__spack_path_placeholder__/__spack_path_placeholder__/__spack_path_placeholder__/__spack_path_placeholder__/__spack_path_placeholder__/__spack_path_placeholder__/__spac/linux-x86_64_v3/gcc-13.3.0-pc5contataet2iuufjrcsndtp6ub6hpk/lib/gcc/x86_64-pc-linux-gnu/13.3.0/../../../../include/c++/13.3.0/bits/unique_ptr.h:403
/storage/apps/opt/spack/opt/spack/__spack_path_placeholder__/__spack_path_placeholder__/__spack_path_placeholder__/__spack_path_placeholder__/__spack_path_placeholder__/__spack_path_placeholder__/__spack_path_placeholder__/__spack_path_placeholder__/__spac/linux-x86_64_v3/gcc-13.3.0-pc5contataet2iuufjrcsndtp6ub6hpk/lib/gcc/x86_64-pc-linux-gnu/13.3.0/../../../../include/c++/13.3.0/bits/unique_ptr.h:403
[3] #[2] #7  7  gko::LinOp::apply(gko::ptr_param<gko::LinOp const>, gko::ptr_param<gko::LinOp>) constgko::LinOp::apply(gko::ptr_param<gko::LinOp const>, gko::ptr_param<gko::LinOp>) const at /storage/apps/opt/spack/opt/spack/__spack_path_placeholder__/__spack_path_placeholder__/__spack_path_placeholder__/__spack_path_placeholder__/__spack_path_placeholder__/__spack_path_placeholder__/__spack_path_placeholder__/__spack_path_placeholder__/__spac/linux-x86_64_v3/gcc-13.3.0-pc5contataet2iuufjrcsndtp6ub6hpk/lib/gcc/x86_64-pc-linux-gnu/13.3.0/../../../../include/c++/13.3.0/bits/unique_ptr.h:403
[0] #7  gko::LinOp::apply(gko::ptr_param<gko::LinOp const>, gko::ptr_param<gko::LinOp>) const at /storage/apps/opt/spack/opt/spack/__spack_path_placeholder__/__spack_path_placeholder__/__spack_path_placeholder__/__spack_path_placeholder__/__spack_path_placeholder__/__spack_path_placeholder__/__spack_path_placeholder__/__spack_path_placeholder__/__spac/linux-x86_64_v3/gcc-13.3.0-pc5contataet2iuufjrcsndtp6ub6hpk/lib/gcc/x86_64-pc-linux-gnu/13.3.0/../../../../include/c++/13.3.0/bits/unique_ptr.h:403
[1] #7  gko::LinOp::apply(gko::ptr_param<gko::LinOp const>, gko::ptr_param<gko::LinOp>) const at ~/code/NeoFOAM/build/profilingnvidia_h200/_deps/ginkgo-src/include/ginkgo/core/base/temporary_clone.hpp:131
[0] #8  ? at ~/code/NeoFOAM/build/profilingnvidia_h200/_deps/ginkgo-src/include/ginkgo/core/base/temporary_clone.hpp:131
[2] #8  ? at ~/code/NeoFOAM/build/profilingnvidia_h200/_deps/ginkgo-src/include/ginkgo/core/base/temporary_clone.hpp:131
[3] #8  ? at ~/code/NeoFOAM/build/profilingnvidia_h200/_deps/ginkgo-src/include/ginkgo/core/base/temporary_clone.hpp:131
[1] #8  ? at ~/code/NeoN/src/linearAlgebra/ginkgo/ginkgoL1Stop.cpp:460
[0] #9  NeoN::la::ginkgo::solveWithL1StopDist(std::shared_ptr<gko::Executor const>, std::shared_ptr<gko::LinOp const>, std::shared_ptr<gko::experimental::distributed::Vector<double> const>, std::shared_ptr<gko::experimental::distributed::Vector<double> >, gko::LinOp*, NeoN::la::ginkgo::L1ResidualControl const&) at ~/code/NeoN/src/linearAlgebra/ginkgo/ginkgoL1Stop.cpp:460
[2] #9  NeoN::la::ginkgo::solveWithL1StopDist(std::shared_ptr<gko::Executor const>, std::shared_ptr<gko::LinOp const>, std::shared_ptr<gko::experimental::distributed::Vector<double> const>, std::shared_ptr<gko::experimental::distributed::Vector<double> >, gko::LinOp*, NeoN::la::ginkgo::L1ResidualControl const&) at ~/code/NeoN/src/linearAlgebra/ginkgo/ginkgoL1Stop.cpp:460
[1] #9  NeoN::la::ginkgo::solveWithL1StopDist(std::shared_ptr<gko::Executor const>, std::shared_ptr<gko::LinOp const>, std::shared_ptr<gko::experimental::distributed::Vector<double> const>, std::shared_ptr<gko::experimental::distributed::Vector<double> >, gko::LinOp*, NeoN::la::ginkgo::L1ResidualControl const&) at ~/code/NeoN/src/linearAlgebra/ginkgo/ginkgoL1Stop.cpp:460
[3] #9  NeoN::la::ginkgo::solveWithL1StopDist(std::shared_ptr<gko::Executor const>, std::shared_ptr<gko::LinOp const>, std::shared_ptr<gko::experimental::distributed::Vector<double> const>, std::shared_ptr<gko::experimental::distributed::Vector<double> >, gko::LinOp*, NeoN::la::ginkgo::L1ResidualControl const&) at ~/code/NeoN/src/linearAlgebra/ginkgo/ginkgoL1Stop.cpp:493 (discriminator 4)
[0] #10  NeoN::la::ginkgo::solve_impl_dist(std::shared_ptr<gko::Executor const>, gko::experimental::mpi::communicator const&, NeoN::Vector<double> const&, NeoN::Vector<double>&, std::shared_ptr<gko::LinOp const>, std::shared_ptr<gko::LinOp>, NeoN::la::ginkgo::L1ResidualControl const*) at ~/code/NeoN/src/linearAlgebra/ginkgo/ginkgoL1Stop.cpp:493 (discriminator 4)
[2] #10  NeoN::la::ginkgo::solve_impl_dist(std::shared_ptr<gko::Executor const>, gko::experimental::mpi::communicator const&, NeoN::Vector<double> const&, NeoN::Vector<double>&, std::shared_ptr<gko::LinOp const>, std::shared_ptr<gko::LinOp>, NeoN::la::ginkgo::L1ResidualControl const*) at ~/code/NeoN/src/linearAlgebra/ginkgo/ginkgoL1Stop.cpp:493 (discriminator 4)
[1] #10  NeoN::la::ginkgo::solve_impl_dist(std::shared_ptr<gko::Executor const>, gko::experimental::mpi::communicator const&, NeoN::Vector<double> const&, NeoN::Vector<double>&, std::shared_ptr<gko::LinOp const>, std::shared_ptr<gko::LinOp>, NeoN::la::ginkgo::L1ResidualControl const*) at ~/code/NeoN/src/linearAlgebra/ginkgo/ginkgoL1Stop.cpp:493 (discriminator 4)
[3] #10  NeoN::la::ginkgo::solve_impl_dist(std::shared_ptr<gko::Executor const>, gko::experimental::mpi::communicator const&, NeoN::Vector<double> const&, NeoN::Vector<double>&, std::shared_ptr<gko::LinOp const>, std::shared_ptr<gko::LinOp>, NeoN::la::ginkgo::L1ResidualControl const*) at /storage/apps/opt/spack/opt/spack/__spack_path_placeholder__/__spack_path_placeholder__/__spack_path_placeholder__/__spack_path_placeholder__/__spack_path_placeholder__/__spack_path_placeholder__/__spack_path_placeholder__/__spack_path_placeholder__/__spac/linux-x86_64_v3/gcc-13.3.0-pc5contataet2iuufjrcsndtp6ub6hpk/lib/gcc/x86_64-pc-linux-gnu/13.3.0/../../../../include/c++/13.3.0/bits/shared_ptr_base.h:1070
[0] #11  NeoN::la::ginkgo::GinkgoSolver::solveDist(NeoN::la::LinearSystem<double, double, NeoN::la::Matrix<double, NeoN::la::CsrSparsityPattern<int> >, NeoN::la::Matrix<double, NeoN::la::CooSparsityPattern<int> > > const&, NeoN::Vector<double>&) const at /storage/apps/opt/spack/opt/spack/__spack_path_placeholder__/__spack_path_placeholder__/__spack_path_placeholder__/__spack_path_placeholder__/__spack_path_placeholder__/__spack_path_placeholder__/__spack_path_placeholder__/__spack_path_placeholder__/__spac/linux-x86_64_v3/gcc-13.3.0-pc5contataet2iuufjrcsndtp6ub6hpk/lib/gcc/x86_64-pc-linux-gnu/13.3.0/../../../../include/c++/13.3.0/bits/shared_ptr_base.h:1070
[1] #11  NeoN::la::ginkgo::GinkgoSolver::solveDist(NeoN::la::LinearSystem<double, double, NeoN::la::Matrix<double, NeoN::la::CsrSparsityPattern<int> >, NeoN::la::Matrix<double, NeoN::la::CooSparsityPattern<int> > > const&, NeoN::Vector<double>&) const at /storage/apps/opt/spack/opt/spack/__spack_path_placeholder__/__spack_path_placeholder__/__spack_path_placeholder__/__spack_path_placeholder__/__spack_path_placeholder__/__spack_path_placeholder__/__spack_path_placeholder__/__spack_path_placeholder__/__spac/linux-x86_64_v3/gcc-13.3.0-pc5contataet2iuufjrcsndtp6ub6hpk/lib/gcc/x86_64-pc-linux-gnu/13.3.0/../../../../include/c++/13.3.0/bits/shared_ptr_base.h:1070
[2] #11  NeoN::la::ginkgo::GinkgoSolver::solveDist(NeoN::la::LinearSystem<double, double, NeoN::la::Matrix<double, NeoN::la::CsrSparsityPattern<int> >, NeoN::la::Matrix<double, NeoN::la::CooSparsityPattern<int> > > const&, NeoN::Vector<double>&) const at /storage/apps/opt/spack/opt/spack/__spack_path_placeholder__/__spack_path_placeholder__/__spack_path_placeholder__/__spack_path_placeholder__/__spack_path_placeholder__/__spack_path_placeholder__/__spack_path_placeholder__/__spack_path_placeholder__/__spac/linux-x86_64_v3/gcc-13.3.0-pc5contataet2iuufjrcsndtp6ub6hpk/lib/gcc/x86_64-pc-linux-gnu/13.3.0/../../../../include/c++/13.3.0/bits/shared_ptr_base.h:1070
[3] #11  NeoN::la::ginkgo::GinkgoSolver::solveDist(NeoN::la::LinearSystem<double, double, NeoN::la::Matrix<double, NeoN::la::CsrSparsityPattern<int> >, NeoN::la::Matrix<double, NeoN::la::CooSparsityPattern<int> > > const&, NeoN::Vector<double>&) const at ~/code/NeoN/include/NeoN/linearAlgebra/solver.hpp:33 (discriminator 1)
[0] #12  NeoFOAM::PDE<double, double, int>::solveImpl(NeoN::dsl::Expression<double, int>&, NeoN::la::LinearSystem<double, double, NeoN::la::Matrix<double, NeoN::la::CsrSparsityPattern<int> >, NeoN::la::Matrix<double, NeoN::la::CooSparsityPattern<int> > >&) at ~/code/NeoN/include/NeoN/linearAlgebra/solver.hpp:33 (discriminator 1)
[1] #12  NeoFOAM::PDE<double, double, int>::solveImpl(NeoN::dsl::Expression<double, int>&, NeoN::la::LinearSystem<double, double, NeoN::la::Matrix<double, NeoN::la::CsrSparsityPattern<int> >, NeoN::la::Matrix<double, NeoN::la::CooSparsityPattern<int> > >&) at ~/code/NeoN/include/NeoN/linearAlgebra/solver.hpp:33 (discriminator 1)
[2] #12  NeoFOAM::PDE<double, double, int>::solveImpl(NeoN::dsl::Expression<double, int>&, NeoN::la::LinearSystem<double, double, NeoN::la::Matrix<double, NeoN::la::CsrSparsityPattern<int> >, NeoN::la::Matrix<double, NeoN::la::CooSparsityPattern<int> > >&) at ~/code/NeoN/include/NeoN/linearAlgebra/solver.hpp:33 (discriminator 1)
[3] #12  NeoFOAM::PDE<double, double, int>::solveImpl(NeoN::dsl::Expression<double, int>&, NeoN::la::LinearSystem<double, double, NeoN::la::Matrix<double, NeoN::la::CsrSparsityPattern<int> >, NeoN::la::Matrix<double, NeoN::la::CooSparsityPattern<int> > >&) at ~/code/NeoFOAM/include/NeoFOAM/datastructures/pde.hpp:468
[0] #13  main at ~/code/NeoFOAM/include/NeoFOAM/datastructures/pde.hpp:468
[1] #13  main at ~/code/NeoFOAM/include/NeoFOAM/datastructures/pde.hpp:468
[2] #13  main at ~/code/NeoFOAM/include/NeoFOAM/datastructures/pde.hpp:468
[3] #13  main at /storage/apps/opt/spack/opt/spack/__spack_path_placeholder__/__spack_path_placeholder__/__spack_path_placeholder__/__spack_path_placeholder__/__spack_path_placeholder__/__spack_path_placeholder__/__spack_path_placeholder__/__spack_path_placeholder__/__spac/linux-x86_64_v3/gcc-13.3.0-pc5contataet2iuufjrcsndtp6ub6hpk/lib/gcc/x86_64-pc-linux-gnu/13.3.0/../../../../include/c++/13.3.0/bits/stl_vector.h:369
[0] #14  ? in /lib64/libc.so.6
[0] #15  __libc_start_main in /lib64/libc.so.6
[0] #16  _start in ~/code/NeoFOAM/build/profilingnvidia_h200/bin/neoSimpleFoam
[0] =============
[gpu-nvidia-h200-3:3525134] *** Process received signal ***
[gpu-nvidia-h200-3:3525134] Signal: Floating point exception (8)
[gpu-nvidia-h200-3:3525134] Signal code:  (-6)
[gpu-nvidia-h200-3:3525134] Failing at address: 0x40f0035ca0e
[gpu-nvidia-h200-3:3525134] [ 0] /lib64/libc.so.6(+0x3fc60)[0x7f1c34956c60]
[gpu-nvidia-h200-3:3525134] [ 1] /lib64/libc.so.6(+0x8d4bc)[0x7f1c349a44bc]
[gpu-nvidia-h200-3:3525134] [ 2] /lib64/libc.so.6(raise+0x16)[0x7f1c34956bb6]
[gpu-nvidia-h200-3:3525134] [ 3] /lib64/libc.so.6(+0x3fc60)[0x7f1c34956c60]
[gpu-nvidia-h200-3:3525134] [ 4] /storage/home/greole/code/NeoFOAM/build/profilingnvidia_h200/lib/libNeoN.so(+0x1fa446a)[0x7f1c9454746a]
[gpu-nvidia-h200-3:3525134] [ 5]  at /storage/apps/opt/spack/opt/spack/__spack_path_placeholder__/__spack_path_placeholder__/__spack_path_placeholder__/__spack_path_placeholder__/__spack_path_placeholder__/__spack_path_placeholder__/__spack_path_placeholder__/__spack_path_placeholder__/__spac/linux-x86_64_v3/gcc-13.3.0-pc5contataet2iuufjrcsndtp6ub6hpk/lib/gcc/x86_64-pc-linux-gnu/13.3.0/../../../../include/c++/13.3.0/bits/stl_vector.h:369
[1] #14  ?/storage/home/greole/code/NeoFOAM/build/profilingnvidia_h200/lib/libNeoN.so(_ZN3gko4stop9Criterion5checkEhbPNS_5arrayINS_15stopping_statusEEEPbRKNS1_7UpdaterE+0xbf)[0x7f1c9502fcdf]
[gpu-nvidia-h200-3:3525134] [ 6] /storage/home/greole/code/NeoFOAM/build/profilingnvidia_h200/lib/libNeoN.so(_ZNK3gko6solver2CgIdE16apply_dense_implINS_12experimental11distributed6VectorIdEEEEvPKT_PS8_+0xa5f)[0x7f1c95582f3f]
[gpu-nvidia-h200-3:3525134] [ 7] /storage/home/greole/code/NeoFOAM/build/profilingnvidia_h200/lib/libNeoN.so(_ZN3gko12experimental11distributed31precision_dispatch_real_complexIdZNKS_6solver2CgIdE10apply_implEPKNS_5LinOpEPS6_EUlT_T0_E_EEvSB_S8_S9_+0x80)[0x7f1c9558d940]
[gpu-nvidia-h200-3:3525134] [ 8] /storage/home/greole/code/NeoFOAM/build/profilingnvidia_h200/bin/neoSimpleFoam(_ZNK3gko5LinOp5applyENS_9ptr_paramIKS0_EENS1_IS0_EE+0x174)[0x5ac274]
[gpu-nvidia-h200-3:3525134] [ 9] /storage/home/greole/code/NeoFOAM/build/profilingnvidia_h200/lib/libNeoN.so(+0x1fa2add)[0x7f1c94545add]
[gpu-nvidia-h200-3:3525134] [10] /storage/home/greole/code/NeoFOAM/build/profilingnvidia_h200/lib/libNeoN.so(_ZN4NeoN2la6ginkgo19solveWithL1StopDistESt10shared_ptrIKN3gko8ExecutorEES2_IKNS3_5LinOpEES2_IKNS3_12experimental11distributed6VectorIdEEES2_ISD_EPS7_RKNS1_17L1ResidualControlE+0xad)[0x7f1c9454236d]
[gpu-nvidia-h200-3:3525134] [11]  in /lib64/libc.so.6
[1] #15  __libc_start_main/storage/home/greole/code/NeoFOAM/build/profilingnvidia_h200/lib/libNeoN.so(_ZN4NeoN2la6ginkgo15solve_impl_distESt10shared_ptrIKN3gko8ExecutorEERKNS3_12experimental3mpi12communicatorERKNS_6VectorIdEERSD_S2_IKNS3_5LinOpEES2_ISH_EPKNS1_17L1ResidualControlE+0x1e5)[0x7f1c94770555]
[gpu-nvidia-h200-3:3525134] [12] /storage/home/greole/code/NeoFOAM/build/profilingnvidia_h200/lib/libNeoN.so(_ZNK4NeoN2la6ginkgo12GinkgoSolver9solveDistERKNS0_12LinearSystemIddNS0_6MatrixIdNS0_18CsrSparsityPatternIiEEEENS4_IdNS0_18CooSparsityPatternIiEEEEEERNS_6VectorIdEE+0x2df)[0x7f1c9477239f]
[gpu-nvidia-h200-3:3525134] [13] /storage/home/greole/code/NeoFOAM/build/profilingnvidia_h200/bin/neoSimpleFoam(_ZN7NeoFOAM3PDEIddiE9solveImplERN4NeoN3dsl10ExpressionIdiEERNS2_2la12LinearSystemIddNS7_6MatrixIdNS7_18CsrSparsityPatternIiEEEENS9_IdNS7_18CooSparsityPatternIiEEEEEE+0x43e)[0x6162ce]
[gpu-nvidia-h200-3:3525134] [14] /storage/home/greole/code/NeoFOAM/build/profilingnvidia_h200/bin/neoSimpleFoam(main+0x1a67)[0x54c377]
[gpu-nvidia-h200-3:3525134] [15] /lib64/libc.so.6(+0x2a610)[0x7f1c34941610]
[gpu-nvidia-h200-3:3525134] [16] /lib64/libc.so.6(__libc_start_main+0x80)[0x7f1c349416c0]
[gpu-nvidia-h200-3:3525134] [17] /storage/home/greole/code/NeoFOAM/build/profilingnvidia_h200/bin/neoSimpleFoam(_start+0x25)[0x54d165]
[gpu-nvidia-h200-3:3525134] *** End of error message ***
 in /lib64/libc.so.6
[1] #16  _start at /storage/apps/opt/spack/opt/spack/__spack_path_placeholder__/__spack_path_placeholder__/__spack_path_placeholder__/__spack_path_placeholder__/__spack_path_placeholder__/__spack_path_placeholder__/__spack_path_placeholder__/__spack_path_placeholder__/__spac/linux-x86_64_v3/gcc-13.3.0-pc5contataet2iuufjrcsndtp6ub6hpk/lib/gcc/x86_64-pc-linux-gnu/13.3.0/../../../../include/c++/13.3.0/bits/stl_vector.h:369
[2] #14  ? in /lib64/libc.so.6
[2] #15  __libc_start_main in /lib64/libc.so.6
[2] #16  _start in ~/code/NeoFOAM/build/profilingnvidia_h200/bin/neoSimpleFoam
[1] =============
[gpu-nvidia-h200-3:3525135] *** Process received signal ***
[gpu-nvidia-h200-3:3525135] Signal: Floating point exception (8)
[gpu-nvidia-h200-3:3525135] Signal code:  (-6)
[gpu-nvidia-h200-3:3525135] Failing at address: 0x40f0035ca0f
[gpu-nvidia-h200-3:3525135] [ 0] /lib64/libc.so.6(+0x3fc60)[0x7fd1d748bc60]
[gpu-nvidia-h200-3:3525135] [ 1] /lib64/libc.so.6(+0x8d4bc)[0x7fd1d74d94bc]
[gpu-nvidia-h200-3:3525135] [ 2] /lib64/libc.so.6(raise+0x16)[0x7fd1d748bbb6]
[gpu-nvidia-h200-3:3525135] [ 3] /lib64/libc.so.6(+0x3fc60)[0x7fd1d748bc60]
[gpu-nvidia-h200-3:3525135] [ 4] /storage/home/greole/code/NeoFOAM/build/profilingnvidia_h200/lib/libNeoN.so(+0x1fa446a)[0x7fd23707c46a]
[gpu-nvidia-h200-3:3525135] [ 5] /storage/home/greole/code/NeoFOAM/build/profilingnvidia_h200/lib/libNeoN.so(_ZN3gko4stop9Criterion5checkEhbPNS_5arrayINS_15stopping_statusEEEPbRKNS1_7UpdaterE+0xbf)[0x7fd237b64cdf]
[gpu-nvidia-h200-3:3525135] [ 6] /storage/home/greole/code/NeoFOAM/build/profilingnvidia_h200/lib/libNeoN.so(_ZNK3gko6solver2CgIdE16apply_dense_implINS_12experimental11distributed6VectorIdEEEEvPKT_PS8_+0xa5f)[0x7fd2380b7f3f]
[gpu-nvidia-h200-3:3525135] [ 7] /storage/home/greole/code/NeoFOAM/build/profilingnvidia_h200/lib/libNeoN.so(_ZN3gko12experimental11distributed31precision_dispatch_real_complexIdZNKS_6solver2CgIdE10apply_implEPKNS_5LinOpEPS6_EUlT_T0_E_EEvSB_S8_S9_+0x80)[0x7fd2380c2940]
[gpu-nvidia-h200-3:3525135] [ 8] /storage/home/greole/code/NeoFOAM/build/profilingnvidia_h200/bin/neoSimpleFoam(_ZNK3gko5LinOp5applyENS_9ptr_paramIKS0_EENS1_IS0_EE+0x174)[0x5ac274]
[gpu-nvidia-h200-3:3525135] [ 9] /storage/home/greole/code/NeoFOAM/build/profilingnvidia_h200/lib/libNeoN.so(+0x1fa2add)[0x7fd23707aadd]
[gpu-nvidia-h200-3:3525135] [10]  at /storage/apps/opt/spack/opt/spack/__spack_path_placeholder__/__spack_path_placeholder__/__spack_path_placeholder__/__spack_path_placeholder__/__spack_path_placeholder__/__spack_path_placeholder__/__spack_path_placeholder__/__spack_path_placeholder__/__spac/linux-x86_64_v3/gcc-13.3.0-pc5contataet2iuufjrcsndtp6ub6hpk/lib/gcc/x86_64-pc-linux-gnu/13.3.0/../../../../include/c++/13.3.0/bits/stl_vector.h:369
[3] #14  ?/storage/home/greole/code/NeoFOAM/build/profilingnvidia_h200/lib/libNeoN.so(_ZN4NeoN2la6ginkgo19solveWithL1StopDistESt10shared_ptrIKN3gko8ExecutorEES2_IKNS3_5LinOpEES2_IKNS3_12experimental11distributed6VectorIdEEES2_ISD_EPS7_RKNS1_17L1ResidualControlE+0xad)[0x7fd23707736d]
[gpu-nvidia-h200-3:3525135] [11] /storage/home/greole/code/NeoFOAM/build/profilingnvidia_h200/lib/libNeoN.so(_ZN4NeoN2la6ginkgo15solve_impl_distESt10shared_ptrIKN3gko8ExecutorEERKNS3_12experimental3mpi12communicatorERKNS_6VectorIdEERSD_S2_IKNS3_5LinOpEES2_ISH_EPKNS1_17L1ResidualControlE+0x1e5)[0x7fd2372a5555]
[gpu-nvidia-h200-3:3525135] [12] /storage/home/greole/code/NeoFOAM/build/profilingnvidia_h200/lib/libNeoN.so(_ZNK4NeoN2la6ginkgo12GinkgoSolver9solveDistERKNS0_12LinearSystemIddNS0_6MatrixIdNS0_18CsrSparsityPatternIiEEEENS4_IdNS0_18CooSparsityPatternIiEEEEEERNS_6VectorIdEE+0x2df)[0x7fd2372a739f]
[gpu-nvidia-h200-3:3525135] [13] /storage/home/greole/code/NeoFOAM/build/profilingnvidia_h200/bin/neoSimpleFoam(_ZN7NeoFOAM3PDEIddiE9solveImplERN4NeoN3dsl10ExpressionIdiEERNS2_2la12LinearSystemIddNS7_6MatrixIdNS7_18CsrSparsityPatternIiEEEENS9_IdNS7_18CooSparsityPatternIiEEEEEE+0x43e)[0x6162ce]
[gpu-nvidia-h200-3:3525135] [14] /storage/home/greole/code/NeoFOAM/build/profilingnvidia_h200/bin/neoSimpleFoam(main+0x1a67)[0x54c377]
[gpu-nvidia-h200-3:3525135] [15] /lib64/libc.so.6(+0x2a610)[0x7fd1d7476610]
[gpu-nvidia-h200-3:3525135] [16] /lib64/libc.so.6(__libc_start_main+0x80)[0x7fd1d74766c0]
[gpu-nvidia-h200-3:3525135] [17] /storage/home/greole/code/NeoFOAM/build/profilingnvidia_h200/bin/neoSimpleFoam(_start+0x25)[0x54d165]
[gpu-nvidia-h200-3:3525135] *** End of error message ***
 in /lib64/libc.so.6
[3] #15  __libc_start_main in /lib64/libc.so.6
[3] #16  _start in ~/code/NeoFOAM/build/profilingnvidia_h200/bin/neoSimpleFoam
[2] =============
[gpu-nvidia-h200-3:3525136] *** Process received signal ***
[gpu-nvidia-h200-3:3525136] Signal: Floating point exception (8)
[gpu-nvidia-h200-3:3525136] Signal code:  (-6)
[gpu-nvidia-h200-3:3525136] Failing at address: 0x40f0035ca10
[gpu-nvidia-h200-3:3525136] [ 0] /lib64/libc.so.6(+0x3fc60)[0x7faa0bd61c60]
[gpu-nvidia-h200-3:3525136] [ 1] /lib64/libc.so.6(+0x8d4bc)[0x7faa0bdaf4bc]
[gpu-nvidia-h200-3:3525136] [ 2] /lib64/libc.so.6(raise+0x16)[0x7faa0bd61bb6]
[gpu-nvidia-h200-3:3525136] [ 3] /lib64/libc.so.6(+0x3fc60)[0x7faa0bd61c60]
[gpu-nvidia-h200-3:3525136] [ 4] /storage/home/greole/code/NeoFOAM/build/profilingnvidia_h200/lib/libNeoN.so(+0x1fa446a)[0x7faa6b95246a]
[gpu-nvidia-h200-3:3525136] [ 5] /storage/home/greole/code/NeoFOAM/build/profilingnvidia_h200/lib/libNeoN.so(_ZN3gko4stop9Criterion5checkEhbPNS_5arrayINS_15stopping_statusEEEPbRKNS1_7UpdaterE+0xbf)[0x7faa6c43acdf]
[gpu-nvidia-h200-3:3525136] [ 6] /storage/home/greole/code/NeoFOAM/build/profilingnvidia_h200/lib/libNeoN.so(_ZNK3gko6solver2CgIdE16apply_dense_implINS_12experimental11distributed6VectorIdEEEEvPKT_PS8_+0xa5f)[0x7faa6c98df3f]
[gpu-nvidia-h200-3:3525136] [ 7] /storage/home/greole/code/NeoFOAM/build/profilingnvidia_h200/lib/libNeoN.so(_ZN3gko12experimental11distributed31precision_dispatch_real_complexIdZNKS_6solver2CgIdE10apply_implEPKNS_5LinOpEPS6_EUlT_T0_E_EEvSB_S8_S9_+0x80)[0x7faa6c998940]
[gpu-nvidia-h200-3:3525136] [ 8] /storage/home/greole/code/NeoFOAM/build/profilingnvidia_h200/bin/neoSimpleFoam(_ZNK3gko5LinOp5applyENS_9ptr_paramIKS0_EENS1_IS0_EE+0x174)[0x5ac274]
[gpu-nvidia-h200-3:3525136] [ 9] /storage/home/greole/code/NeoFOAM/build/profilingnvidia_h200/lib/libNeoN.so(+0x1fa2add)[0x7faa6b950add]
[gpu-nvidia-h200-3:3525136] [10] /storage/home/greole/code/NeoFOAM/build/profilingnvidia_h200/lib/libNeoN.so(_ZN4NeoN2la6ginkgo19solveWithL1StopDistESt10shared_ptrIKN3gko8ExecutorEES2_IKNS3_5LinOpEES2_IKNS3_12experimental11distributed6VectorIdEEES2_ISD_EPS7_RKNS1_17L1ResidualControlE+0xad)[0x7faa6b94d36d]
[gpu-nvidia-h200-3:3525136] [11] /storage/home/greole/code/NeoFOAM/build/profilingnvidia_h200/lib/libNeoN.so(_ZN4NeoN2la6ginkgo15solve_impl_distESt10shared_ptrIKN3gko8ExecutorEERKNS3_12experimental3mpi12communicatorERKNS_6VectorIdEERSD_S2_IKNS3_5LinOpEES2_ISH_EPKNS1_17L1ResidualControlE+0x1e5)[0x7faa6bb7b555]
[gpu-nvidia-h200-3:3525136] [12] /storage/home/greole/code/NeoFOAM/build/profilingnvidia_h200/lib/libNeoN.so(_ZNK4NeoN2la6ginkgo12GinkgoSolver9solveDistERKNS0_12LinearSystemIddNS0_6MatrixIdNS0_18CsrSparsityPatternIiEEEENS4_IdNS0_18CooSparsityPatternIiEEEEEERNS_6VectorIdEE+0x2df)[0x7faa6bb7d39f]
[gpu-nvidia-h200-3:3525136] [13] /storage/home/greole/code/NeoFOAM/build/profilingnvidia_h200/bin/neoSimpleFoam(_ZN7NeoFOAM3PDEIddiE9solveImplERN4NeoN3dsl10ExpressionIdiEERNS2_2la12LinearSystemIddNS7_6MatrixIdNS7_18CsrSparsityPatternIiEEEENS9_IdNS7_18CooSparsityPatternIiEEEEEE+0x43e)[0x6162ce]
[gpu-nvidia-h200-3:3525136] [14] /storage/home/greole/code/NeoFOAM/build/profilingnvidia_h200/bin/neoSimpleFoam(main+0x1a67)[0x54c377]
[gpu-nvidia-h200-3:3525136] [15] /lib64/libc.so.6(+0x2a610)[0x7faa0bd4c610]
[gpu-nvidia-h200-3:3525136] [16] /lib64/libc.so.6(__libc_start_main+0x80)[0x7faa0bd4c6c0]
[gpu-nvidia-h200-3:3525136] [17] /storage/home/greole/code/NeoFOAM/build/profilingnvidia_h200/bin/neoSimpleFoam(_start+0x25)[0x54d165]
[gpu-nvidia-h200-3:3525136] *** End of error message ***
 in ~/code/NeoFOAM/build/profilingnvidia_h200/bin/neoSimpleFoam
[3] =============
[gpu-nvidia-h200-3:3525137] *** Process received signal ***
[gpu-nvidia-h200-3:3525137] Signal: Floating point exception (8)
[gpu-nvidia-h200-3:3525137] Signal code:  (-6)
[gpu-nvidia-h200-3:3525137] Failing at address: 0x40f0035ca11
[gpu-nvidia-h200-3:3525137] [ 0] /lib64/libc.so.6(+0x3fc60)[0x7f997cad2c60]
[gpu-nvidia-h200-3:3525137] [ 1] /lib64/libc.so.6(+0x8d4bc)[0x7f997cb204bc]
[gpu-nvidia-h200-3:3525137] [ 2] /lib64/libc.so.6(raise+0x16)[0x7f997cad2bb6]
[gpu-nvidia-h200-3:3525137] [ 3] /lib64/libc.so.6(+0x3fc60)[0x7f997cad2c60]
[gpu-nvidia-h200-3:3525137] [ 4] /storage/home/greole/code/NeoFOAM/build/profilingnvidia_h200/lib/libNeoN.so(+0x1fa446a)[0x7f99dc6c346a]
[gpu-nvidia-h200-3:3525137] [ 5] /storage/home/greole/code/NeoFOAM/build/profilingnvidia_h200/lib/libNeoN.so(_ZN3gko4stop9Criterion5checkEhbPNS_5arrayINS_15stopping_statusEEEPbRKNS1_7UpdaterE+0xbf)[0x7f99dd1abcdf]
[gpu-nvidia-h200-3:3525137] [ 6] /storage/home/greole/code/NeoFOAM/build/profilingnvidia_h200/lib/libNeoN.so(_ZNK3gko6solver2CgIdE16apply_dense_implINS_12experimental11distributed6VectorIdEEEEvPKT_PS8_+0xa5f)[0x7f99dd6fef3f]
[gpu-nvidia-h200-3:3525137] [ 7] /storage/home/greole/code/NeoFOAM/build/profilingnvidia_h200/lib/libNeoN.so(_ZN3gko12experimental11distributed31precision_dispatch_real_complexIdZNKS_6solver2CgIdE10apply_implEPKNS_5LinOpEPS6_EUlT_T0_E_EEvSB_S8_S9_+0x80)[0x7f99dd709940]
[gpu-nvidia-h200-3:3525137] [ 8] /storage/home/greole/code/NeoFOAM/build/profilingnvidia_h200/bin/neoSimpleFoam(_ZNK3gko5LinOp5applyENS_9ptr_paramIKS0_EENS1_IS0_EE+0x174)[0x5ac274]
[gpu-nvidia-h200-3:3525137] [ 9] /storage/home/greole/code/NeoFOAM/build/profilingnvidia_h200/lib/libNeoN.so(+0x1fa2add)[0x7f99dc6c1add]
[gpu-nvidia-h200-3:3525137] [10] /storage/home/greole/code/NeoFOAM/build/profilingnvidia_h200/lib/libNeoN.so(_ZN4NeoN2la6ginkgo19solveWithL1StopDistESt10shared_ptrIKN3gko8ExecutorEES2_IKNS3_5LinOpEES2_IKNS3_12experimental11distributed6VectorIdEEES2_ISD_EPS7_RKNS1_17L1ResidualControlE+0xad)[0x7f99dc6be36d]
[gpu-nvidia-h200-3:3525137] [11] /storage/home/greole/code/NeoFOAM/build/profilingnvidia_h200/lib/libNeoN.so(_ZN4NeoN2la6ginkgo15solve_impl_distESt10shared_ptrIKN3gko8ExecutorEERKNS3_12experimental3mpi12communicatorERKNS_6VectorIdEERSD_S2_IKNS3_5LinOpEES2_ISH_EPKNS1_17L1ResidualControlE+0x1e5)[0x7f99dc8ec555]
[gpu-nvidia-h200-3:3525137] [12] /storage/home/greole/code/NeoFOAM/build/profilingnvidia_h200/lib/libNeoN.so(_ZNK4NeoN2la6ginkgo12GinkgoSolver9solveDistERKNS0_12LinearSystemIddNS0_6MatrixIdNS0_18CsrSparsityPatternIiEEEENS4_IdNS0_18CooSparsityPatternIiEEEEEERNS_6VectorIdEE+0x2df)[0x7f99dc8ee39f]
[gpu-nvidia-h200-3:3525137] [13] /storage/home/greole/code/NeoFOAM/build/profilingnvidia_h200/bin/neoSimpleFoam(_ZN7NeoFOAM3PDEIddiE9solveImplERN4NeoN3dsl10ExpressionIdiEERNS2_2la12LinearSystemIddNS7_6MatrixIdNS7_18CsrSparsityPatternIiEEEENS9_IdNS7_18CooSparsityPatternIiEEEEEE+0x43e)[0x6162ce]
[gpu-nvidia-h200-3:3525137] [14] /storage/home/greole/code/NeoFOAM/build/profilingnvidia_h200/bin/neoSimpleFoam(main+0x1a67)[0x54c377]
[gpu-nvidia-h200-3:3525137] [15] /lib64/libc.so.6(+0x2a610)[0x7f997cabd610]
[gpu-nvidia-h200-3:3525137] [16] /lib64/libc.so.6(__libc_start_main+0x80)[0x7f997cabd6c0]
[gpu-nvidia-h200-3:3525137] [17] /storage/home/greole/code/NeoFOAM/build/profilingnvidia_h200/bin/neoSimpleFoam(_start+0x25)[0x54d165]
[gpu-nvidia-h200-3:3525137] *** End of error message ***
--------------------------------------------------------------------------

prterun noticed that process rank 0 with PID 3525134 on node gpu-nvidia-h200-3 exited on
signal 8 (Floating point exception).
--------------------------------------------------------------------------
