/*---------------------------------------------------------------------------*\
| =========                 |                                                 |
| \\      /  F ield         | OpenFOAM: The Open Source CFD Toolbox           |
|  \\    /   O peration     | Version:  2506                                  |
|   \\  /    A nd           | Website:  www.openfoam.com                      |
|    \\/     M anipulation  |                                                 |
\*---------------------------------------------------------------------------*/
Build  : b050cd9480-20250814 OPENFOAM=2506 version=v2506
Arch   : "LSB;label=32;scalar=64"
Exec   : /storage/home/greole/code/NeoFOAM/build/profilingnvidia_h200/bin/neoSimpleFoam -parallel
Date   : Jul 22 2026
Time   : 16:50:07
Host   : gpu-nvidia-h200-3.int.coma-cluster.de
PID    : 3000137
I/O    : uncollated
Case   : /storage/home/greole/code/NeoFOAM/occDrivAerStaticMesh
nProcs : 4
Hosts  :
(
    (gpu-nvidia-h200-3.int.coma-cluster.de 4)
)
Pstream initialized with:
    node communication : off [type=host] (4 ranks, 1 nodes)
    topology controls  : none
    consensus exchange : 0 (tuning: 0)
    exchange algorithm : 0
    commsType          : nonBlocking
    polling iterations : 0
trapFpe: Floating point exception trapping enabled (FOAM_SIGFPE).
fileModificationChecking : Monitoring run-time modified files using timeStampMaster (fileModificationSkew 5, maxFileModificationPolls 20)
allowSystemOperations : Allowing user-supplied system call operations

// * * * * * * * * * * * * * * * * * * * * * * * * * * * * * * * * * * * * * //
Create time

Initializing NeoN
Creating Executor GPU
Creating NeoFOAM runTime

SIMPLE: no convergence criteria found. Calculations will run for 12 steps.

Reading field p

Reading field U

Reading/calculating face flux field phi

Selecting incompressible transport model Newtonian
NeoFOAM solver config (from fvSolution configFile) for 'config(Cg+Multigrid)':
{
    cacheSolver: true
    configFile: <NeoN::TokenList>
    l1ScaledResidual: true
    preconditionerRebuildInterval: 0
    relTol: 0.010000
    reportName: config(Cg+Multigrid)
    solver: Ginkgo
    tolerance: 0.000000
}
    effective optimize: false
    effective checkFrequency: 1
Mapping OpenFOAM solver settings to NeoN settings.
Currently, it is advisable to specify a configFile
for fine grained Ginkgo solver control

Replacing solver PBiCGStab by solver::Bicgstab
Replacing preconditioner diagonal by preconditioner::Schwarz (Schwarz-wrapped for distributed run)
NeoFOAM solver config (mapped from fvSolution) for 'Schwarz(Jacobi)+Bicgstab':
{
    cacheSolver: true
    criteria: {
        absolute_residual_norm: 0.000000
        initial_residual_norm: 0.100000
        iteration: 1000
    }
    l1ScaledResidual: true
    optimize: false
    preconditioner: {
        local_solver: {
            max_block_size: 1
            type: preconditioner::Jacobi
        }
        type: preconditioner::Schwarz
    }
    reportName: Schwarz(Jacobi)+Bicgstab
    solver: Ginkgo
    type: solver::Bicgstab
}
    effective optimize: false
    effective checkFrequency: 1
Creating phi

[NF][/storage/home/greole/code/NeoFOAM/include/NeoFOAM/auxiliary/readers.hpp::423]: Internal: 49333487, Boundary: 1754396

[NF][/storage/home/greole/code/NeoFOAM/include/NeoFOAM/auxiliary/readers.hpp::423]: Internal: 49320882, Boundary: 1762558

[NF][/storage/home/greole/code/NeoFOAM/include/NeoFOAM/auxiliary/readers.hpp::423]: Internal: 49261542, Boundary: 1427829

[NF][/storage/home/greole/code/NeoFOAM/include/NeoFOAM/auxiliary/readers.hpp::423]: Internal: 49243125, Boundary: 1362247
Selecting patchDistMethod meshWave
Mapping OpenFOAM solver settings to NeoN settings.
Currently, it is advisable to specify a configFile
for fine grained Ginkgo solver control

Replacing solver PBiCGStab by solver::Bicgstab
Replacing preconditioner diagonal by preconditioner::Schwarz (Schwarz-wrapped for distributed run)
NeoFOAM solver config (mapped from fvSolution) for 'Schwarz(Jacobi)+Bicgstab':
{
    cacheSolver: true
    criteria: {
        absolute_residual_norm: 0.000000
        initial_residual_norm: 0.100000
        iteration: 1000
    }
    l1ScaledResidual: true
    optimize: false
    preconditioner: {
        local_solver: {
            max_block_size: 1
            type: preconditioner::Jacobi
        }
        type: preconditioner::Schwarz
    }
    reportName: Schwarz(Jacobi)+Bicgstab
    solver: Ginkgo
    type: solver::Bicgstab
}
    effective optimize: false
    effective checkFrequency: 1
Mapping OpenFOAM solver settings to NeoN settings.
Currently, it is advisable to specify a configFile
for fine grained Ginkgo solver control

Replacing solver PBiCGStab by solver::Bicgstab
Replacing preconditioner diagonal by preconditioner::Schwarz (Schwarz-wrapped for distributed run)
NeoFOAM solver config (mapped from fvSolution) for 'Schwarz(Jacobi)+Bicgstab':
{
    cacheSolver: true
    criteria: {
        absolute_residual_norm: 0.000000
        initial_residual_norm: 0.100000
        iteration: 1000
    }
    l1ScaledResidual: true
    optimize: false
    preconditioner: {
        local_solver: {
            max_block_size: 1
            type: preconditioner::Jacobi
        }
        type: preconditioner::Schwarz
    }
    reportName: Schwarz(Jacobi)+Bicgstab
    solver: Ginkgo
    type: solver::Bicgstab
}
    effective optimize: false
    effective checkFrequency: 1
Starting time loop
Time = 1051
[mem] step-start: DEVICE_POOL current=12979 MB  actual(reserved)=38146 MB  highWater=19132 MB
Schwarz(Jacobi)+Bicgstab:  Solving for Ux, Initial residual = 8.138773099436272e-05, Final residual = 3.3128387725956673e-06, No Iterations 3, Solve time = 75.72 ms
Schwarz(Jacobi)+Bicgstab:  Solving for Uy, Initial residual = 0.004403238680958119, Final residual = 0.00015358955331343802, No Iterations 3, Solve time = 75.72 ms
Schwarz(Jacobi)+Bicgstab:  Solving for Uz, Initial residual = 0.0011397400823179129, Final residual = 5.832562849764629e-05, No Iterations 3, Solve time = 75.72 ms
[mem] after-UEqn: DEVICE_POOL current=15847 MB  actual(reserved)=38146 MB  highWater=21135 MB
config(Cg+Multigrid):  Solving for p, Initial residual = 0.0013256944227603724, Final residual = 1.2301205065968812e-05, No Iterations 8, Solve time = 135.374 ms
time step continuity errors : sum local = 3.068946701011831e-06, global = -3.7818722676247143e-08, cumulative = -3.7818722676247143e-08
[mem] after-pEqn: DEVICE_POOL current=17315 MB  actual(reserved)=38146 MB  highWater=21135 MB
Schwarz(Jacobi)+Bicgstab:  Solving for omega, Initial residual = 1.3535603091658353e-05, Final residual = 9.669819361884565e-07, No Iterations 2, Solve time = 16.051 ms
bounding omega, min: -47623.166735558785 max: 45355982.607066974 average: 6371.528686106016
Schwarz(Jacobi)+Bicgstab:  Solving for k, Initial residual = 0.0002527063366909034, Final residual = 1.487070013536134e-05, No Iterations 2, Solve time = 16.192 ms
bounding k, min: -0.009657043238367122 max: 920.021511032647 average: 9.131308832667594
[phase] step total=6111.198045 ms | 1_momConstruct=2154.420749 2_momSolve=1773.070588 3_pressureCorr=1785.831504 3a_pSolve=1687.216497 4_turbulence=397.845303 | other=-1687.186596
[mem] after-turb: DEVICE_POOL current=19500 MB  actual(reserved)=38146 MB  highWater=22309 MB
[phase] step total=6111.313845 ms | 1_momConstruct=2158.854379 2_momSolve=1768.579029 3_pressureCorr=1785.183572 3a_pSolve=1687.230386 4_turbulence=398.648058 | other=-1687.181579
[phase] step total=6111.338729 ms | 1_momConstruct=2153.941169 2_momSolve=1773.611202 3_pressureCorr=1785.780463 3a_pSolve=1687.217999 4_turbulence=397.979729 | other=-1687.191833
ExecutionTime = 44.25 s  ClockTime = 45 s

[phase] step total=6111.350615 ms | 1_momConstruct=2154.526695 2_momSolve=1772.549011 3_pressureCorr=1783.149173 3a_pSolve=1687.207034 4_turbulence=401.097719 | other=-1687.179017
Time = 1052
[mem] step-start: DEVICE_POOL current=19500 MB  actual(reserved)=38146 MB  highWater=22309 MB
Schwarz(Jacobi)+Bicgstab:  Solving for Ux, Initial residual = 8.102363692721635e-05, Final residual = 3.1717180583008963e-06, No Iterations 3, Solve time = 51.403 ms
Schwarz(Jacobi)+Bicgstab:  Solving for Uy, Initial residual = 0.004412795692256505, Final residual = 0.00014457781641411183, No Iterations 3, Solve time = 51.403 ms
Schwarz(Jacobi)+Bicgstab:  Solving for Uz, Initial residual = 0.0011386595447165288, Final residual = 4.115973678428278e-05, No Iterations 3, Solve time = 51.403 ms
[mem] after-UEqn: DEVICE_POOL current=19500 MB  actual(reserved)=38146 MB  highWater=24788 MB
config(Cg+Multigrid):  Solving for p, Initial residual = 0.0013013774031272148, Final residual = 1.2454728708303192e-05, No Iterations 76, Solve time = 1000.608 ms
time step continuity errors : sum local = 3.108756948722096e-06, global = -1.499839407310018e-08, cumulative = -5.2817116749347324e-08
[mem] after-pEqn: DEVICE_POOL current=19500 MB  actual(reserved)=38146 MB  highWater=24788 MB
Schwarz(Jacobi)+Bicgstab:  Solving for omega, Initial residual = 1.3469354027101867e-05, Final residual = 1.2815224643343143e-06, No Iterations 5, Solve time = 24.037 ms
bounding omega, min: -49376.1466579784 max: 45355982.62133808 average: 6371.1554202677635
Schwarz(Jacobi)+Bicgstab:  Solving for k, Initial residual = 0.0002527776179068599, Final residual = 2.2770586403343053e-05, No Iterations 2, Solve time = 14.112 ms
bounding k, min: -2157.825087120217 max: 909.218488443313 average: 9.131843620164933
[phase] step total=1700.973683 ms | 1_momConstruct=0.129168 2_momSolve=252.647682 3_pressureCorr=1154.767927 3a_pSolve=1095.829234 4_turbulence=293.412574 | other=-1095.812902
[phase] step total=1701.006738 ms | 1_momConstruct=0.141124 2_momSolve=252.334712 3_pressureCorr=1156.361590 3a_pSolve=1095.827311 4_turbulence=292.154953 | other=-1095.812952
[mem] after-turb: DEVICE_POOL current=19500 MB  actual(reserved)=38146 MB  highWater=24788 MB
[phase] step total=1701.076154 ms | 1_momConstruct=0.139623 2_momSolve=252.815583 3_pressureCorr=1155.898673 3a_pSolve=1095.856031 4_turbulence=292.184854 | other=-1095.818610
[phase] step total=1701.083083 ms | 1_momConstruct=0.137219 2_momSolve=252.899188 3_pressureCorr=1155.820175 3a_pSolve=1095.829053 4_turbulence=292.213905 | other=-1095.816457
ExecutionTime = 45.94 s  ClockTime = 47 s

Time = 1053
[mem] step-start: DEVICE_POOL current=19500 MB  actual(reserved)=38146 MB  highWater=24788 MB
Schwarz(Jacobi)+Bicgstab:  Solving for Ux, Initial residual = 8.087175928608494e-05, Final residual = 2.518133485455789e-06, No Iterations 3, Solve time = 51.603 ms
Schwarz(Jacobi)+Bicgstab:  Solving for Uy, Initial residual = 0.004419672392599657, Final residual = 0.0001477316005150473, No Iterations 3, Solve time = 51.603 ms
Schwarz(Jacobi)+Bicgstab:  Solving for Uz, Initial residual = 0.0011362893170101841, Final residual = 4.275242701547244e-05, No Iterations 3, Solve time = 51.603 ms
[mem] after-UEqn: DEVICE_POOL current=19500 MB  actual(reserved)=38146 MB  highWater=24788 MB
config(Cg+Multigrid):  Solving for p, Initial residual = 0.0012930603039302574, Final residual = 1.2915334431933138e-05, No Iterations 624, Solve time = 8098.299 ms
time step continuity errors : sum local = 3.225155861392523e-06, global = -1.604126958021481e-08, cumulative = -6.885838632956214e-08
[mem] after-pEqn: DEVICE_POOL current=19500 MB  actual(reserved)=38146 MB  highWater=24788 MB
Schwarz(Jacobi)+Bicgstab:  Solving for omega, Initial residual = 1.3356039580267102e-05, Final residual = 1.046992532197125e-06, No Iterations 7, Solve time = 30.921 ms
bounding omega, min: -49262.22118102887 max: 45355982.644648656 average: 6370.974401546919
Schwarz(Jacobi)+Bicgstab:  Solving for k, Initial residual = 0.0002540362824177369, Final residual = 1.3553481171798949e-05, No Iterations 5, Solve time = 24.176 ms
bounding k, min: -30925.269648389767 max: 71456.52572670001 average: 9.133603497686007
[phase] step total=8828.763604 ms | 1_momConstruct=0.139452 2_momSolve=254.081615 3_pressureCorr=8253.115684 3a_pSolve=8191.050409 4_turbulence=321.410331 | other=-8191.033887
[mem] after-turb: DEVICE_POOL current=19500 MB  actual(reserved)=38146 MB  highWater=24788 MB
[phase] step total=8828.889887 ms | 1_momConstruct=0.149215 2_momSolve=253.973657 3_pressureCorr=8268.218030 3a_pSolve=8191.064118 4_turbulence=306.537139 | other=-8191.052272
[phase] step total=8828.892591 ms | 1_momConstruct=0.159429 2_momSolve=253.929676 3_pressureCorr=8268.242413 3a_pSolve=8191.075003 4_turbulence=306.519255 | other=-8191.033185
ExecutionTime = 54.74 s  ClockTime = 55 s

[phase] step total=8828.915392 ms | 1_momConstruct=0.141014 2_momSolve=253.872487 3_pressureCorr=8268.314683 3a_pSolve=8191.050038 4_turbulence=306.570235 | other=-8191.033065
Time = 1054
[mem] step-start: DEVICE_POOL current=19500 MB  actual(reserved)=38146 MB  highWater=24788 MB
Schwarz(Jacobi)+Bicgstab:  Solving for Ux, Initial residual = 8.078935590203193e-05, Final residual = 2.279428381385704e-06, No Iterations 3, Solve time = 51.749 ms
Schwarz(Jacobi)+Bicgstab:  Solving for Uy, Initial residual = 0.004426907999850226, Final residual = 0.0001630273709903712, No Iterations 3, Solve time = 51.749 ms
Schwarz(Jacobi)+Bicgstab:  Solving for Uz, Initial residual = 0.0011349831270567768, Final residual = 5.4309097021803356e-05, No Iterations 3, Solve time = 51.749 ms
[mem] after-UEqn: DEVICE_POOL current=19500 MB  actual(reserved)=38146 MB  highWater=24788 MB
config(Cg+Multigrid):  Solving for p, Initial residual = 0.001283389118115666, Final residual = 1.2785057312636606e-05, No Iterations 473, Solve time = 6144.354 ms
time step continuity errors : sum local = 3.1948578955989268e-06, global = -1.456946562008994e-08, cumulative = -8.342785194965209e-08
[mem] after-pEqn: DEVICE_POOL current=19500 MB  actual(reserved)=38146 MB  highWater=24788 MB
Schwarz(Jacobi)+Bicgstab:  Solving for omega, Initial residual = 1.837119075886021e-05, Final residual = 1.7388697103215977e-06, No Iterations 31, Solve time = 110.212 ms
bounding omega, min: -52368.78422092929 max: 45355982.68680975 average: 6371.796105839739
Schwarz(Jacobi)+Bicgstab:  Solving for k, Initial residual = 0.0002897015446438373, Final residual = 7.225485662678448e-06, No Iterations 37, Solve time = 130.15 ms
bounding k, min: -102.959652167012 max: 36136.51416760733 average: 9.137402537448336
[phase] step total=7058.377108 ms | 1_momConstruct=0.145740 2_momSolve=253.023249 3_pressureCorr=6302.711634 3a_pSolve=6237.225403 4_turbulence=502.480652 | other=-6237.209570
[mem] after-turb: DEVICE_POOL current=19500 MB  actual(reserved)=38146 MB  highWater=24788 MB
[phase] step total=7058.424774 ms | 1_momConstruct=0.171987 2_momSolve=252.809235 3_pressureCorr=6311.203397 3a_pSolve=6237.246202 4_turbulence=494.201843 | other=-6237.207890
[phase] step total=7058.424483 ms | 1_momConstruct=0.164717 2_momSolve=252.914861 3_pressureCorr=6311.180716 3a_pSolve=6237.282031 4_turbulence=494.150693 | other=-6237.268535
[phase] step total=7058.441937 ms | 1_momConstruct=0.156615 2_momSolve=252.779204 3_pressureCorr=6311.240718 3a_pSolve=6237.227366 4_turbulence=494.249258 | other=-6237.211224
ExecutionTime = 61.78 s  ClockTime = 62 s

Time = 1055
[mem] step-start: DEVICE_POOL current=19500 MB  actual(reserved)=38146 MB  highWater=24788 MB
Schwarz(Jacobi)+Bicgstab:  Solving for Ux, Initial residual = 8.05541254817636e-05, Final residual = 1.80075825414506e-06, No Iterations 3, Solve time = 51.486 ms
Schwarz(Jacobi)+Bicgstab:  Solving for Uy, Initial residual = 0.004432670426633266, Final residual = 0.00015659301004986422, No Iterations 3, Solve time = 51.486 ms
Schwarz(Jacobi)+Bicgstab:  Solving for Uz, Initial residual = 0.0011352063038154337, Final residual = 3.927838209004325e-05, No Iterations 3, Solve time = 51.486 ms
[mem] after-UEqn: DEVICE_POOL current=19500 MB  actual(reserved)=38146 MB  highWater=24788 MB
config(Cg+Multigrid):  Solving for p, Initial residual = 0.0012803437892809353, Final residual = 0.0014238859497781977, No Iterations 1000, Solve time = 12415.988 ms
time step continuity errors : sum local = 0.00035615173027795256, global = -4.630792719940273e-08, cumulative = -1.297357791490548e-07
[mem] after-pEqn: DEVICE_POOL current=19500 MB  actual(reserved)=38146 MB  highWater=24788 MB
Schwarz(Jacobi)+Bicgstab:  Solving for omega, Initial residual = 1.670809959206591e-05, Final residual = 1.5982638807199298e-06, No Iterations 149, Solve time = 504.197 ms
bounding omega, min: -49718.246494443905 max: 45355982.71958654 average: 6381.537974781181
Schwarz(Jacobi)+Bicgstab:  Solving for k, Initial residual = 0.00026635310734783016, Final residual = 1.9685204357797546e-05, No Iterations 108, Solve time = 365.217 ms
bounding k, min: -42.320360808523624 max: 13108.651099516774 average: 9.138083231050489
[mem] after-turb: DEVICE_POOL current=19500 MB  actual(reserved)=38146 MB  highWater=24788 MB
[phase] step total=13957.623226 ms | 1_momConstruct=0.259627 2_momSolve=252.484347 3_pressureCorr=12583.958659 3a_pSolve=12509.113392 4_turbulence=1120.876151 | other=-12509.068950
[phase] step total=13957.619000 ms | 1_momConstruct=0.161432 2_momSolve=252.162195 3_pressureCorr=12575.162237 3a_pSolve=12509.115185 4_turbulence=1130.115673 | other=-12509.097722
[phase] step total=13957.639749 ms | 1_momConstruct=0.182982 2_momSolve=252.246871 3_pressureCorr=12584.274754 3a_pSolve=12509.098663 4_turbulence=1120.922556 | other=-12509.086077
ExecutionTime = 75.70999999999999 s  ClockTime = 76 s

[phase] step total=13957.665444 ms | 1_momConstruct=0.176523 2_momSolve=252.374447 3_pressureCorr=12584.162769 3a_pSolve=12509.092594 4_turbulence=1120.938757 | other=-12509.079646
Time = 1056
[mem] step-start: DEVICE_POOL current=19500 MB  actual(reserved)=38146 MB  highWater=24788 MB
Schwarz(Jacobi)+Bicgstab:  Solving for Ux, Initial residual = 8.204729225689168e-05, Final residual = 4.544089484687454e-06, No Iterations 4, Solve time = 62.069 ms
Schwarz(Jacobi)+Bicgstab:  Solving for Uy, Initial residual = 0.005216699050907944, Final residual = 0.00015201995801327644, No Iterations 4, Solve time = 62.069 ms
Schwarz(Jacobi)+Bicgstab:  Solving for Uz, Initial residual = 0.0016764288504912933, Final residual = 8.796778884015144e-05, No Iterations 4, Solve time = 62.069 ms
[mem] after-UEqn: DEVICE_POOL current=19500 MB  actual(reserved)=38146 MB  highWater=24788 MB
config(Cg+Multigrid):  Solving for p, Initial residual = 0.002114416978410158, Final residual = 0.0033983794132783946, No Iterations 1000, Solve time = 12254.759 ms
time step continuity errors : sum local = 0.0008506366670366987, global = -6.120565484460709e-08, cumulative = -1.909414339936619e-07
[mem] after-pEqn: DEVICE_POOL current=19500 MB  actual(reserved)=38146 MB  highWater=24788 MB
Schwarz(Jacobi)+Bicgstab:  Solving for omega, Initial residual = 0.0002990356824043049, Final residual = 2.898323365518995e-05, No Iterations 12, Solve time = 48.005 ms
Schwarz(Jacobi)+Bicgstab:  Solving for k, Initial residual = 0.0002591053490013845, Final residual = 2.1810931614795147e-05, No Iterations 560, Solve time = 1873.611 ms
bounding k, min: -5.3954829921096845 max: 16643.95489475666 average: 9.142105391024481
[mem] after-turb: DEVICE_POOL current=19500 MB  actual(reserved)=38146 MB  highWater=24788 MB
Writing p
Writing U
Writing turbulence variables
[phase] step total=16979.788318 ms | 1_momConstruct=0.140854 2_momSolve=264.515910 3_pressureCorr=12417.653139 3a_pSolve=12350.571844 4_turbulence=2185.448755 | other=-10238.542184
[phase] step total=17081.931679 ms | 1_momConstruct=0.141365 2_momSolve=264.153792 3_pressureCorr=12432.723472 3a_pSolve=12350.580016 4_turbulence=2170.753759 | other=-10136.420725
[phase] step total=17296.548291 ms | 1_momConstruct=0.142246 2_momSolve=264.618150 3_pressureCorr=12432.219830 3a_pSolve=12350.588467 4_turbulence=2170.808364 | other=-9921.828766
[phase] step total=17296.932099 ms | 1_momConstruct=0.151418 2_momSolve=264.156916 3_pressureCorr=12432.723722 3a_pSolve=12350.622764 4_turbulence=2170.678545 | other=-9921.401266
ExecutionTime = 91.77 s  ClockTime = 94 s

Time = 1057
[mem] step-start: DEVICE_POOL current=19500 MB  actual(reserved)=38146 MB  highWater=24788 MB
Schwarz(Jacobi)+Bicgstab:  Solving for Ux, Initial residual = 0.009777184241217802, Final residual = 0.00012662186350994692, No Iterations 13, Solve time = 158.57 ms
Schwarz(Jacobi)+Bicgstab:  Solving for Uy, Initial residual = 0.4411156286758069, Final residual = 0.011710421955410876, No Iterations 13, Solve time = 158.57 ms
Schwarz(Jacobi)+Bicgstab:  Solving for Uz, Initial residual = 0.1494259843472567, Final residual = 0.020351762663041596, No Iterations 13, Solve time = 158.57 ms
[mem] after-UEqn: DEVICE_POOL current=19500 MB  actual(reserved)=38146 MB  highWater=24788 MB
config(Cg+Multigrid):  Solving for p, Initial residual = 0.8739776729816453, Final residual = 2.2631724750720017, No Iterations 1000, Solve time = 12285.715 ms
time step continuity errors : sum local = 4.493132381561082, global = -5.9379928571822185e-08, cumulative = -2.5032136256548406e-07
[mem] after-pEqn: DEVICE_POOL current=19500 MB  actual(reserved)=38146 MB  highWater=24788 MB
Schwarz(Jacobi)+Bicgstab:  Solving for omega, Initial residual = 0.4156446539370328, Final residual = 0.040864685827173744, No Iterations 10, Solve time = 41.145 ms
Schwarz(Jacobi)+Bicgstab:  Solving for k, Initial residual = 0.5219407141530735, Final residual = 0.04480939975428559, No Iterations 4, Solve time = 20.8 ms
[phase] step total=13125.426257 ms | 1_momConstruct=0.339387 2_momSolve=359.479373 3_pressureCorr=12444.045668 3a_pSolve=12379.033580 4_turbulence=321.538076 | other=-12379.009827
[mem] after-turb: DEVICE_POOL current=19500 MB  actual(reserved)=38146 MB  highWater=24788 MB
[phase] step total=13125.471269 ms | 1_momConstruct=0.198764 2_momSolve=359.476158 3_pressureCorr=12454.248324 3a_pSolve=12379.066856 4_turbulence=311.489802 | other=-12379.008635
[phase] step total=13125.477127 ms | 1_momConstruct=0.282699 2_momSolve=359.609341 3_pressureCorr=12454.024296 3a_pSolve=12379.035342 4_turbulence=311.533243 | other=-12379.007794
ExecutionTime = 104.87 s  ClockTime = 107 s

[phase] step total=13125.485498 ms | 1_momConstruct=0.186156 2_momSolve=359.559653 3_pressureCorr=12454.166722 3a_pSolve=12379.033049 4_turbulence=311.551498 | other=-12379.011580
Time = 1058
[mem] step-start: DEVICE_POOL current=19500 MB  actual(reserved)=38146 MB  highWater=24788 MB
Schwarz(Jacobi)+Bicgstab:  Solving for Ux, Initial residual = 0.6731763242538669, Final residual = 0.00047030432578608523, No Iterations 24, Solve time = 275.384 ms
Schwarz(Jacobi)+Bicgstab:  Solving for Uy, Initial residual = 0.5860244070276394, Final residual = 0.05832645340744836, No Iterations 24, Solve time = 275.384 ms
Schwarz(Jacobi)+Bicgstab:  Solving for Uz, Initial residual = 0.61523984751179, Final residual = 0.035529044437526774, No Iterations 24, Solve time = 275.384 ms
[mem] after-UEqn: DEVICE_POOL current=19500 MB  actual(reserved)=38146 MB  highWater=24788 MB
config(Cg+Multigrid):  Solving for p, Initial residual = 0.9999999994167875, Final residual = 1.530770706100179, No Iterations 1000, Solve time = 12234.932 ms
time step continuity errors : sum local = 744728632.5132713, global = 4.083027960740454e-06, cumulative = 3.832706598174969e-06
[mem] after-pEqn: DEVICE_POOL current=19500 MB  actual(reserved)=38146 MB  highWater=24788 MB
Schwarz(Jacobi)+Bicgstab:  Solving for omega, Initial residual = 0.4046627283558177, Final residual = 0.03496000773595603, No Iterations 4, Solve time = 21.189 ms
Schwarz(Jacobi)+Bicgstab:  Solving for k, Initial residual = 0.31281616775472504, Final residual = 0.01832030487130706, No Iterations 4, Solve time = 20.974 ms
[phase] step total=13175.339553 ms | 1_momConstruct=0.143648 2_momSolve=476.321836 3_pressureCorr=12397.982899 3a_pSolve=12328.664526 4_turbulence=300.873999 | other=-12328.647355
[phase] step total=13175.397984 ms | 1_momConstruct=0.145701 2_momSolve=475.950564 3_pressureCorr=12408.086578 3a_pSolve=12328.668051 4_turbulence=291.201371 | other=-12328.654281
[mem] after-turb: DEVICE_POOL current=19500 MB  actual(reserved)=38146 MB  highWater=24788 MB
[phase] step total=13175.462643 ms | 1_momConstruct=0.148835 2_momSolve=476.294578 3_pressureCorr=12407.779226 3a_pSolve=12328.707395 4_turbulence=291.192470 | other=-12328.659861
[phase] step total=13175.469853 ms | 1_momConstruct=0.144149 2_momSolve=476.518886 3_pressureCorr=12407.510746 3a_pSolve=12328.659539 4_turbulence=291.280831 | other=-12328.644298
ExecutionTime = 118.01 s  ClockTime = 120 s

Time = 1059
[mem] step-start: DEVICE_POOL current=19500 MB  actual(reserved)=38146 MB  highWater=24788 MB
Schwarz(Jacobi)+Bicgstab:  Solving for Ux, Initial residual = 0.6559397603153186, Final residual = 0.013118567362999189, No Iterations 34, Solve time = 381.694 ms
Schwarz(Jacobi)+Bicgstab:  Solving for Uy, Initial residual = 0.34637655527534, Final residual = 0.04921151116199024, No Iterations 34, Solve time = 381.694 ms
Schwarz(Jacobi)+Bicgstab:  Solving for Uz, Initial residual = 0.348471932455129, Final residual = 0.003006683495519347, No Iterations 34, Solve time = 381.694 ms
[mem] after-UEqn: DEVICE_POOL current=19500 MB  actual(reserved)=38146 MB  highWater=24788 MB
config(Cg+Multigrid):  Solving for p, Initial residual = 0.9999999999999806, Final residual = 4.57999257866927, No Iterations 1000, Solve time = 12406.994 ms
time step continuity errors : sum local = 4.583046531271154e+22, global = -52367955.729891755, cumulative = -52367955.729887925
[mem] after-pEqn: DEVICE_POOL current=19500 MB  actual(reserved)=38146 MB  highWater=24788 MB
Schwarz(Jacobi)+Bicgstab:  Solving for omega, Initial residual = 0.3122792688997216, Final residual = 0.030332801697956126, No Iterations 32, Solve time = 113.991 ms
Schwarz(Jacobi)+Bicgstab:  Solving for k, Initial residual = 0.16747187852132966, Final residual = 312.1457487772682, No Iterations 1000, Solve time = 3333.044 ms
bounding k, min: -27576607.837627437 max: 77746801185.83052 average: 11777.801751661225
[phase] step total=16851.033568 ms | 1_momConstruct=0.153802 2_momSolve=583.607250 3_pressureCorr=12569.240683 3a_pSolve=12500.271129 4_turbulence=3698.012038 | other=-12500.251334
[mem] after-turb: DEVICE_POOL current=19500 MB  actual(reserved)=38146 MB  highWater=24788 MB
[phase] step total=16851.110394 ms | 1_momConstruct=0.167650 2_momSolve=583.757486 3_pressureCorr=12569.181771 3a_pSolve=12500.310804 4_turbulence=3697.961488 | other=-12500.268805
[phase] step total=16851.119937 ms | 1_momConstruct=0.154412 2_momSolve=583.644420 3_pressureCorr=12569.525885 3a_pSolve=12500.241398 4_turbulence=3697.781751 | other=-12500.227929
ExecutionTime = 134.83 s  ClockTime = 137 s

[phase] step total=16851.143570 ms | 1_momConstruct=0.158318 2_momSolve=583.849804 3_pressureCorr=12569.364382 3a_pSolve=12500.262037 4_turbulence=3697.754634 | other=-12500.245605
Time = 1060
[mem] step-start: DEVICE_POOL current=19500 MB  actual(reserved)=38146 MB  highWater=24788 MB
Schwarz(Jacobi)+Bicgstab:  Solving for Ux, Initial residual = 0.5889341092946092, Final residual = 0.6505577999450008, No Iterations 51, Solve time = 562.327 ms
Schwarz(Jacobi)+Bicgstab:  Solving for Uy, Initial residual = 0.4764459900127539, Final residual = 2.2165360216650093e-05, No Iterations 51, Solve time = 562.327 ms
Schwarz(Jacobi)+Bicgstab:  Solving for Uz, Initial residual = 0.5071585610907815, Final residual = 0.0043357152252423165, No Iterations 51, Solve time = 562.327 ms
[mem] after-UEqn: DEVICE_POOL current=19500 MB  actual(reserved)=38146 MB  highWater=24788 MB
config(Cg+Multigrid):  Solving for p, Initial residual = 1, Final residual = 1.3435303764962419, No Iterations 1000, Solve time = 12167.413 ms
time step continuity errors : sum local = 1.1514970840371647e+48, global = -1.0841598330193332e+47, cumulative = -1.0841598330193332e+47
[mem] after-pEqn: DEVICE_POOL current=19500 MB  actual(reserved)=38146 MB  highWater=24788 MB
Schwarz(Jacobi)+Bicgstab:  Solving for omega, Initial residual = 0.9998079578415826, Final residual = 0.09957760996073797, No Iterations 5, Solve time = 24.567 ms
Schwarz(Jacobi)+Bicgstab:  Solving for k, Initial residual = 0.6162765655343381, Final residual = 0.04958100281615417, No Iterations 6, Solve time = 27.615 ms
bounding k, min: -4.697617251969538e-57 max: 77746801185.83067 average: 11663.114562036892
[phase] step total=13407.098599 ms | 1_momConstruct=0.149926 2_momSolve=764.286984 3_pressureCorr=12327.984511 3a_pSolve=12260.283893 4_turbulence=314.657951 | other=-12260.264666
[mem] after-turb: DEVICE_POOL current=19500 MB  actual(reserved)=38146 MB  highWater=24788 MB
[phase] step total=13407.144202 ms | 1_momConstruct=0.244005 2_momSolve=764.395083 3_pressureCorr=12340.510763 3a_pSolve=12260.329507 4_turbulence=301.951000 | other=-12260.286156
[phase] step total=13407.144832 ms | 1_momConstruct=0.301054 2_momSolve=764.428159 3_pressureCorr=12340.288638 3a_pSolve=12260.310460 4_turbulence=302.114776 | other=-12260.298255
[phase] step total=13407.163859 ms | 1_momConstruct=0.177144 2_momSolve=764.973659 3_pressureCorr=12339.931887 3a_pSolve=12260.283253 4_turbulence=302.066769 | other=-12260.268853
ExecutionTime = 148.2 s  ClockTime = 150 s

Time = 1061
[mem] step-start: DEVICE_POOL current=19500 MB  actual(reserved)=38146 MB  highWater=24788 MB
Schwarz(Jacobi)+Bicgstab:  Solving for Ux, Initial residual = 0.3405862349201728, Final residual = 2.6113133283311428e-141, No Iterations 1000, Solve time = 10796.732 ms
Schwarz(Jacobi)+Bicgstab:  Solving for Uy, Initial residual = 0.34057590990727726, Final residual = 5.476961753836437e-141, No Iterations 1000, Solve time = 10796.732 ms
Schwarz(Jacobi)+Bicgstab:  Solving for Uz, Initial residual = 0.34057593420619253, Final residual = 1477143.7521896404, No Iterations 1000, Solve time = 10796.732 ms
[mem] after-UEqn: DEVICE_POOL current=19500 MB  actual(reserved)=38146 MB  highWater=24788 MB
config(Cg+Multigrid):  Solving for p, Initial residual = 1, Final residual = 0.4474883834012408, No Iterations 1000, Solve time = 12132.613 ms
time step continuity errors : sum local = 2.506825564643742e+98, global = -1.4733919546579014e+98, cumulative = -1.4733919546579014e+98
[mem] after-pEqn: DEVICE_POOL current=19500 MB  actual(reserved)=38146 MB  highWater=24788 MB
[2] [stack trace]
[2] =============
[1] [stack trace]
[1] =============
[3] [stack trace]
[3] =============
[0] [stack trace]
[0] =============
[0] #[1] #1  [3] #1  [2] #1  1  Foam::sigFpe::sigHandler(int)Foam::sigFpe::sigHandler(int)Foam::sigFpe::sigHandler(int)Foam::sigFpe::sigHandler(int) in ~/OpenFOAM/openfoam/platforms/linux64GccDPInt32Opt/lib/libOpenFOAM.so
[0] #2  ? in /lib64/libc.so.6
[0] #3  ? in ~/OpenFOAM/openfoam/platforms/linux64GccDPInt32Opt/lib/libOpenFOAM.so
[3] #2  ? in ~/OpenFOAM/openfoam/platforms/linux64GccDPInt32Opt/lib/libOpenFOAM.so
[2] #2  ? in ~/OpenFOAM/openfoam/platforms/linux64GccDPInt32Opt/lib/libOpenFOAM.so
[1] #2  ? in /lib64/libc.so.6
[3] #3  ? in /lib64/libc.so.6
[2] #3  ? in /lib64/libc.so.6
[1] #3  ? at ~/code/NeoN/src/linearAlgebra/ginkgo/ginkgoL1Stop.cpp:379
[0] #4  gko::stop::Criterion::check(unsigned char, bool, gko::array<gko::stopping_status>*, bool*, gko::stop::Criterion::Updater const&) at  at  at ~/code/NeoN/src/linearAlgebra/ginkgo/ginkgoL1Stop.cpp:379
~/code/NeoN/src/linearAlgebra/ginkgo/ginkgoL1Stop.cpp:379
~/code/NeoN/src/linearAlgebra/ginkgo/ginkgoL1Stop.cpp:379
[1] #4  [3] #4  [2] #4  gko::stop::Criterion::check(unsigned char, bool, gko::array<gko::stopping_status>*, bool*, gko::stop::Criterion::Updater const&)gko::stop::Criterion::check(unsigned char, bool, gko::array<gko::stopping_status>*, bool*, gko::stop::Criterion::Updater const&)gko::stop::Criterion::check(unsigned char, bool, gko::array<gko::stopping_status>*, bool*, gko::stop::Criterion::Updater const&) at /storage/apps/opt/spack/opt/spack/__spack_path_placeholder__/__spack_path_placeholder__/__spack_path_placeholder__/__spack_path_placeholder__/__spack_path_placeholder__/__spack_path_placeholder__/__spack_path_placeholder__/__spack_path_placeholder__/__spac/linux-x86_64_v3/gcc-13.3.0-pc5contataet2iuufjrcsndtp6ub6hpk/lib/gcc/x86_64-pc-linux-gnu/13.3.0/../../../../include/c++/13.3.0/bits/shared_ptr_base.h:1522
[0] #5  void gko::solver::Bicgstab<double>::apply_dense_impl<gko::experimental::distributed::Vector<double> >(gko::experimental::distributed::Vector<double> const*, gko::experimental::distributed::Vector<double>*) const at  at /storage/apps/opt/spack/opt/spack/__spack_path_placeholder__/__spack_path_placeholder__/__spack_path_placeholder__/__spack_path_placeholder__/__spack_path_placeholder__/__spack_path_placeholder__/__spack_path_placeholder__/__spack_path_placeholder__/__spac/linux-x86_64_v3/gcc-13.3.0-pc5contataet2iuufjrcsndtp6ub6hpk/lib/gcc/x86_64-pc-linux-gnu/13.3.0/../../../../include/c++/13.3.0/bits/shared_ptr_base.h:1522
/storage/apps/opt/spack/opt/spack/__spack_path_placeholder__/__spack_path_placeholder__/__spack_path_placeholder__/__spack_path_placeholder__/__spack_path_placeholder__/__spack_path_placeholder__/__spack_path_placeholder__/__spack_path_placeholder__/__spac/linux-x86_64_v3/gcc-13.3.0-pc5contataet2iuufjrcsndtp6ub6hpk/lib/gcc/x86_64-pc-linux-gnu/13.3.0/../../../../include/c++/13.3.0/bits/shared_ptr_base.h:1522
 at /storage/apps/opt/spack/opt/spack/__spack_path_placeholder__/__spack_path_placeholder__/__spack_path_placeholder__/__spack_path_placeholder__/__spack_path_placeholder__/__spack_path_placeholder__/__spack_path_placeholder__/__spack_path_placeholder__/__spac/linux-x86_64_v3/gcc-13.3.0-pc5contataet2iuufjrcsndtp6ub6hpk/lib/gcc/x86_64-pc-linux-gnu/13.3.0/../../../../include/c++/13.3.0/bits/shared_ptr_base.h:1522
[2] #5  [3] #5  void gko::solver::Bicgstab<double>::apply_dense_impl<gko::experimental::distributed::Vector<double> >(gko::experimental::distributed::Vector<double> const*, gko::experimental::distributed::Vector<double>*) constvoid gko::solver::Bicgstab<double>::apply_dense_impl<gko::experimental::distributed::Vector<double> >(gko::experimental::distributed::Vector<double> const*, gko::experimental::distributed::Vector<double>*) const[1] #5  void gko::solver::Bicgstab<double>::apply_dense_impl<gko::experimental::distributed::Vector<double> >(gko::experimental::distributed::Vector<double> const*, gko::experimental::distributed::Vector<double>*) const at ~/code/NeoFOAM/build/profilingnvidia_h200/_deps/ginkgo-src/core/solver/bicgstab.cpp:169
 at ~/code/NeoFOAM/build/profilingnvidia_h200/_deps/ginkgo-src/core/solver/bicgstab.cpp:169
 at ~/code/NeoFOAM/build/profilingnvidia_h200/_deps/ginkgo-src/core/solver/bicgstab.cpp:169
 at ~/code/NeoFOAM/build/profilingnvidia_h200/_deps/ginkgo-src/core/solver/bicgstab.cpp:169
[0] #6  void gko::experimental::distributed::precision_dispatch_real_complex<double, gko::solver::Bicgstab<double>::apply_impl(gko::LinOp const*, gko::LinOp*) const::{lambda(auto:1, auto:2)#1}>(gko::solver::Bicgstab<double>::apply_impl(gko::LinOp const*, gko::LinOp*) const::{lambda(auto:1, auto:2)#1}, gko::LinOp const*, gko::LinOp*)[3] #6  void gko::experimental::distributed::precision_dispatch_real_complex<double, gko::solver::Bicgstab<double>::apply_impl(gko::LinOp const*, gko::LinOp*) const::{lambda(auto:1, auto:2)#1}>(gko::solver::Bicgstab<double>::apply_impl(gko::LinOp const*, gko::LinOp*) const::{lambda(auto:1, auto:2)#1}, gko::LinOp const*, gko::LinOp*)[1] #6  void gko::experimental::distributed::precision_dispatch_real_complex<double, gko::solver::Bicgstab<double>::apply_impl(gko::LinOp const*, gko::LinOp*) const::{lambda(auto:1, auto:2)#1}>(gko::solver::Bicgstab<double>::apply_impl(gko::LinOp const*, gko::LinOp*) const::{lambda(auto:1, auto:2)#1}, gko::LinOp const*, gko::LinOp*)[2] #6  void gko::experimental::distributed::precision_dispatch_real_complex<double, gko::solver::Bicgstab<double>::apply_impl(gko::LinOp const*, gko::LinOp*) const::{lambda(auto:1, auto:2)#1}>(gko::solver::Bicgstab<double>::apply_impl(gko::LinOp const*, gko::LinOp*) const::{lambda(auto:1, auto:2)#1}, gko::LinOp const*, gko::LinOp*) at /storage/apps/opt/spack/opt/spack/__spack_path_placeholder__/__spack_path_placeholder__/__spack_path_placeholder__/__spack_path_placeholder__/__spack_path_placeholder__/__spack_path_placeholder__/__spack_path_placeholder__/__spack_path_placeholder__/__spac/linux-x86_64_v3/gcc-13.3.0-pc5contataet2iuufjrcsndtp6ub6hpk/lib/gcc/x86_64-pc-linux-gnu/13.3.0/../../../../include/c++/13.3.0/bits/unique_ptr.h:403
[1] #7  gko::LinOp::apply(gko::ptr_param<gko::LinOp const>, gko::ptr_param<gko::LinOp>) const at /storage/apps/opt/spack/opt/spack/__spack_path_placeholder__/__spack_path_placeholder__/__spack_path_placeholder__/__spack_path_placeholder__/__spack_path_placeholder__/__spack_path_placeholder__/__spack_path_placeholder__/__spack_path_placeholder__/__spac/linux-x86_64_v3/gcc-13.3.0-pc5contataet2iuufjrcsndtp6ub6hpk/lib/gcc/x86_64-pc-linux-gnu/13.3.0/../../../../include/c++/13.3.0/bits/unique_ptr.h:403
[3] #7  gko::LinOp::apply(gko::ptr_param<gko::LinOp const>, gko::ptr_param<gko::LinOp>) const at  at /storage/apps/opt/spack/opt/spack/__spack_path_placeholder__/__spack_path_placeholder__/__spack_path_placeholder__/__spack_path_placeholder__/__spack_path_placeholder__/__spack_path_placeholder__/__spack_path_placeholder__/__spack_path_placeholder__/__spac/linux-x86_64_v3/gcc-13.3.0-pc5contataet2iuufjrcsndtp6ub6hpk/lib/gcc/x86_64-pc-linux-gnu/13.3.0/../../../../include/c++/13.3.0/bits/unique_ptr.h:403
/storage/apps/opt/spack/opt/spack/__spack_path_placeholder__/__spack_path_placeholder__/__spack_path_placeholder__/__spack_path_placeholder__/__spack_path_placeholder__/__spack_path_placeholder__/__spack_path_placeholder__/__spack_path_placeholder__/__spac/linux-x86_64_v3/gcc-13.3.0-pc5contataet2iuufjrcsndtp6ub6hpk/lib/gcc/x86_64-pc-linux-gnu/13.3.0/../../../../include/c++/13.3.0/bits/unique_ptr.h:403
[2] #7  [0] #7  gko::LinOp::apply(gko::ptr_param<gko::LinOp const>, gko::ptr_param<gko::LinOp>) constgko::LinOp::apply(gko::ptr_param<gko::LinOp const>, gko::ptr_param<gko::LinOp>) const at  at ~/code/NeoFOAM/build/profilingnvidia_h200/_deps/ginkgo-src/include/ginkgo/core/base/temporary_clone.hpp:131
~/code/NeoFOAM/build/profilingnvidia_h200/_deps/ginkgo-src/include/ginkgo/core/base/temporary_clone.hpp:131
[1] #8  ? at [0] #8  ?~/code/NeoFOAM/build/profilingnvidia_h200/_deps/ginkgo-src/include/ginkgo/core/base/temporary_clone.hpp:131
 at ~/code/NeoFOAM/build/profilingnvidia_h200/_deps/ginkgo-src/include/ginkgo/core/base/temporary_clone.hpp:131
[3] #8  ?[2] #8  ? at ~/code/NeoN/src/linearAlgebra/ginkgo/ginkgoL1Stop.cpp:460
[0] #9  NeoN::la::ginkgo::solveWithL1StopDist(std::shared_ptr<gko::Executor const>, std::shared_ptr<gko::LinOp const>, std::shared_ptr<gko::experimental::distributed::Vector<double> const>, std::shared_ptr<gko::experimental::distributed::Vector<double> >, gko::LinOp*, NeoN::la::ginkgo::L1ResidualControl const&) at ~/code/NeoN/src/linearAlgebra/ginkgo/ginkgoL1Stop.cpp:460
 at ~/code/NeoN/src/linearAlgebra/ginkgo/ginkgoL1Stop.cpp:460
[3] #9  NeoN::la::ginkgo::solveWithL1StopDist(std::shared_ptr<gko::Executor const>, std::shared_ptr<gko::LinOp const>, std::shared_ptr<gko::experimental::distributed::Vector<double> const>, std::shared_ptr<gko::experimental::distributed::Vector<double> >, gko::LinOp*, NeoN::la::ginkgo::L1ResidualControl const&)[2] #9  NeoN::la::ginkgo::solveWithL1StopDist(std::shared_ptr<gko::Executor const>, std::shared_ptr<gko::LinOp const>, std::shared_ptr<gko::experimental::distributed::Vector<double> const>, std::shared_ptr<gko::experimental::distributed::Vector<double> >, gko::LinOp*, NeoN::la::ginkgo::L1ResidualControl const&) at ~/code/NeoN/src/linearAlgebra/ginkgo/ginkgoL1Stop.cpp:460
[1] #9  NeoN::la::ginkgo::solveWithL1StopDist(std::shared_ptr<gko::Executor const>, std::shared_ptr<gko::LinOp const>, std::shared_ptr<gko::experimental::distributed::Vector<double> const>, std::shared_ptr<gko::experimental::distributed::Vector<double> >, gko::LinOp*, NeoN::la::ginkgo::L1ResidualControl const&) at ~/code/NeoN/src/linearAlgebra/ginkgo/ginkgoL1Stop.cpp:493 (discriminator 4)
 at ~/code/NeoN/src/linearAlgebra/ginkgo/ginkgoL1Stop.cpp:493 (discriminator 4)
[0] #10  NeoN::la::ginkgo::solve_impl_dist(std::shared_ptr<gko::Executor const>, gko::experimental::mpi::communicator const&, NeoN::Vector<double> const&, NeoN::Vector<double>&, std::shared_ptr<gko::LinOp const>, std::shared_ptr<gko::LinOp>, NeoN::la::ginkgo::L1ResidualControl const*) at ~/code/NeoN/src/linearAlgebra/ginkgo/ginkgoL1Stop.cpp:493 (discriminator 4)
[2] #10  NeoN::la::ginkgo::solve_impl_dist(std::shared_ptr<gko::Executor const>, gko::experimental::mpi::communicator const&, NeoN::Vector<double> const&, NeoN::Vector<double>&, std::shared_ptr<gko::LinOp const>, std::shared_ptr<gko::LinOp>, NeoN::la::ginkgo::L1ResidualControl const*) at ~/code/NeoN/src/linearAlgebra/ginkgo/ginkgoL1Stop.cpp:493 (discriminator 4)
[1] #10  NeoN::la::ginkgo::solve_impl_dist(std::shared_ptr<gko::Executor const>, gko::experimental::mpi::communicator const&, NeoN::Vector<double> const&, NeoN::Vector<double>&, std::shared_ptr<gko::LinOp const>, std::shared_ptr<gko::LinOp>, NeoN::la::ginkgo::L1ResidualControl const*)[3] #10  NeoN::la::ginkgo::solve_impl_dist(std::shared_ptr<gko::Executor const>, gko::experimental::mpi::communicator const&, NeoN::Vector<double> const&, NeoN::Vector<double>&, std::shared_ptr<gko::LinOp const>, std::shared_ptr<gko::LinOp>, NeoN::la::ginkgo::L1ResidualControl const*) at /storage/apps/opt/spack/opt/spack/__spack_path_placeholder__/__spack_path_placeholder__/__spack_path_placeholder__/__spack_path_placeholder__/__spack_path_placeholder__/__spack_path_placeholder__/__spack_path_placeholder__/__spack_path_placeholder__/__spac/linux-x86_64_v3/gcc-13.3.0-pc5contataet2iuufjrcsndtp6ub6hpk/lib/gcc/x86_64-pc-linux-gnu/13.3.0/../../../../include/c++/13.3.0/bits/shared_ptr_base.h:1070
[2] # at 11  NeoN::la::ginkgo::GinkgoSolver::solveDist(NeoN::la::LinearSystem<double, double, NeoN::la::Matrix<double, NeoN::la::CsrSparsityPattern<int> >, NeoN::la::Matrix<double, NeoN::la::CooSparsityPattern<int> > > const&, NeoN::Vector<double>&) const/storage/apps/opt/spack/opt/spack/__spack_path_placeholder__/__spack_path_placeholder__/__spack_path_placeholder__/__spack_path_placeholder__/__spack_path_placeholder__/__spack_path_placeholder__/__spack_path_placeholder__/__spack_path_placeholder__/__spac/linux-x86_64_v3/gcc-13.3.0-pc5contataet2iuufjrcsndtp6ub6hpk/lib/gcc/x86_64-pc-linux-gnu/13.3.0/../../../../include/c++/13.3.0/bits/shared_ptr_base.h:1070
 at /storage/apps/opt/spack/opt/spack/__spack_path_placeholder__/__spack_path_placeholder__/__spack_path_placeholder__/__spack_path_placeholder__/__spack_path_placeholder__/__spack_path_placeholder__/__spack_path_placeholder__/__spack_path_placeholder__/__spac/linux-x86_64_v3/gcc-13.3.0-pc5contataet2iuufjrcsndtp6ub6hpk/lib/gcc/x86_64-pc-linux-gnu/13.3.0/../../../../include/c++/13.3.0/bits/shared_ptr_base.h:1070
 at /storage/apps/opt/spack/opt/spack/__spack_path_placeholder__/__spack_path_placeholder__/__spack_path_placeholder__/__spack_path_placeholder__/__spack_path_placeholder__/__spack_path_placeholder__/__spack_path_placeholder__/__spack_path_placeholder__/__spac/linux-x86_64_v3/gcc-13.3.0-pc5contataet2iuufjrcsndtp6ub6hpk/lib/gcc/x86_64-pc-linux-gnu/13.3.0/../../../../include/c++/13.3.0/bits/shared_ptr_base.h:1070
[0] #11  NeoN::la::ginkgo::GinkgoSolver::solveDist(NeoN::la::LinearSystem<double, double, NeoN::la::Matrix<double, NeoN::la::CsrSparsityPattern<int> >, NeoN::la::Matrix<double, NeoN::la::CooSparsityPattern<int> > > const&, NeoN::Vector<double>&) const[1] #11  NeoN::la::ginkgo::GinkgoSolver::solveDist(NeoN::la::LinearSystem<double, double, NeoN::la::Matrix<double, NeoN::la::CsrSparsityPattern<int> >, NeoN::la::Matrix<double, NeoN::la::CooSparsityPattern<int> > > const&, NeoN::Vector<double>&) const[3] #11  NeoN::la::ginkgo::GinkgoSolver::solveDist(NeoN::la::LinearSystem<double, double, NeoN::la::Matrix<double, NeoN::la::CsrSparsityPattern<int> >, NeoN::la::Matrix<double, NeoN::la::CooSparsityPattern<int> > > const&, NeoN::Vector<double>&) const at ~/code/NeoN/include/NeoN/linearAlgebra/solver.hpp:33 (discriminator 1)
[2] #12  NeoFOAM::PDE<double, double, int>::solveImpl(NeoN::dsl::Expression<double, int>&, NeoN::la::LinearSystem<double, double, NeoN::la::Matrix<double, NeoN::la::CsrSparsityPattern<int> >, NeoN::la::Matrix<double, NeoN::la::CooSparsityPattern<int> > >&) at ~/code/NeoN/include/NeoN/linearAlgebra/solver.hpp:33 (discriminator 1)
[0] #12  NeoFOAM::PDE<double, double, int>::solveImpl(NeoN::dsl::Expression<double, int>&, NeoN::la::LinearSystem<double, double, NeoN::la::Matrix<double, NeoN::la::CsrSparsityPattern<int> >, NeoN::la::Matrix<double, NeoN::la::CooSparsityPattern<int> > >&) at  at ~/code/NeoN/include/NeoN/linearAlgebra/solver.hpp:33 (discriminator 1)
~/code/NeoN/include/NeoN/linearAlgebra/solver.hpp:33 (discriminator 1)
[3] #12  NeoFOAM::PDE<double, double, int>::solveImpl(NeoN::dsl::Expression<double, int>&, NeoN::la::LinearSystem<double, double, NeoN::la::Matrix<double, NeoN::la::CsrSparsityPattern<int> >, NeoN::la::Matrix<double, NeoN::la::CooSparsityPattern<int> > >&)[1] #12  NeoFOAM::PDE<double, double, int>::solveImpl(NeoN::dsl::Expression<double, int>&, NeoN::la::LinearSystem<double, double, NeoN::la::Matrix<double, NeoN::la::CsrSparsityPattern<int> >, NeoN::la::Matrix<double, NeoN::la::CooSparsityPattern<int> > >&) at ~/code/NeoFOAM/include/NeoFOAM/datastructures/pde.hpp:468
 at ~/code/NeoFOAM/include/NeoFOAM/datastructures/pde.hpp:468
[1] #13  NeoFOAM::KOmegaSST::correct(NeoN::finiteVolume::cellCentred::VolumeField<NeoN::Vec3> const&, NeoN::finiteVolume::cellCentred::SurfaceField<double>&, NeoN::finiteVolume::cellCentred::VolumeField<double>&, NeoN::finiteVolume::cellCentred::VolumeField<double>&, NeoN::finiteVolume::cellCentred::VolumeField<double>&, NeoFOAM::RunTime&)[2] #13  NeoFOAM::KOmegaSST::correct(NeoN::finiteVolume::cellCentred::VolumeField<NeoN::Vec3> const&, NeoN::finiteVolume::cellCentred::SurfaceField<double>&, NeoN::finiteVolume::cellCentred::VolumeField<double>&, NeoN::finiteVolume::cellCentred::VolumeField<double>&, NeoN::finiteVolume::cellCentred::VolumeField<double>&, NeoFOAM::RunTime&) at ~/code/NeoFOAM/include/NeoFOAM/datastructures/pde.hpp:468
[0] #13  NeoFOAM::KOmegaSST::correct(NeoN::finiteVolume::cellCentred::VolumeField<NeoN::Vec3> const&, NeoN::finiteVolume::cellCentred::SurfaceField<double>&, NeoN::finiteVolume::cellCentred::VolumeField<double>&, NeoN::finiteVolume::cellCentred::VolumeField<double>&, NeoN::finiteVolume::cellCentred::VolumeField<double>&, NeoFOAM::RunTime&) at ~/code/NeoFOAM/include/NeoFOAM/datastructures/pde.hpp:468
[3] #13  NeoFOAM::KOmegaSST::correct(NeoN::finiteVolume::cellCentred::VolumeField<NeoN::Vec3> const&, NeoN::finiteVolume::cellCentred::SurfaceField<double>&, NeoN::finiteVolume::cellCentred::VolumeField<double>&, NeoN::finiteVolume::cellCentred::VolumeField<double>&, NeoN::finiteVolume::cellCentred::VolumeField<double>&, NeoFOAM::RunTime&) at /storage/apps/opt/spack/opt/spack/__spack_path_placeholder__/__spack_path_placeholder__/__spack_path_placeholder__/__spack_path_placeholder__/__spack_path_placeholder__/__spack_path_placeholder__/__spack_path_placeholder__/__spack_path_placeholder__/__spac/linux-x86_64_v3/gcc-13.3.0-pc5contataet2iuufjrcsndtp6ub6hpk/lib/gcc/x86_64-pc-linux-gnu/13.3.0/../../../../include/c++/13.3.0/bits/stl_vector.h:369
[2] #14  NeoFOAM::KOmegaSSTModel::correct(NeoN::finiteVolume::cellCentred::VolumeField<NeoN::Vec3> const&, NeoN::finiteVolume::cellCentred::SurfaceField<double>&, NeoFOAM::RunTime&) at  at  at /storage/apps/opt/spack/opt/spack/__spack_path_placeholder__/__spack_path_placeholder__/__spack_path_placeholder__/__spack_path_placeholder__/__spack_path_placeholder__/__spack_path_placeholder__/__spack_path_placeholder__/__spack_path_placeholder__/__spac/linux-x86_64_v3/gcc-13.3.0-pc5contataet2iuufjrcsndtp6ub6hpk/lib/gcc/x86_64-pc-linux-gnu/13.3.0/../../../../include/c++/13.3.0/bits/stl_vector.h:369
/storage/apps/opt/spack/opt/spack/__spack_path_placeholder__/__spack_path_placeholder__/__spack_path_placeholder__/__spack_path_placeholder__/__spack_path_placeholder__/__spack_path_placeholder__/__spack_path_placeholder__/__spack_path_placeholder__/__spac/linux-x86_64_v3/gcc-13.3.0-pc5contataet2iuufjrcsndtp6ub6hpk/lib/gcc/x86_64-pc-linux-gnu/13.3.0/../../../../include/c++/13.3.0/bits/stl_vector.h:369
/storage/apps/opt/spack/opt/spack/__spack_path_placeholder__/__spack_path_placeholder__/__spack_path_placeholder__/__spack_path_placeholder__/__spack_path_placeholder__/__spack_path_placeholder__/__spack_path_placeholder__/__spack_path_placeholder__/__spac/linux-x86_64_v3/gcc-13.3.0-pc5contataet2iuufjrcsndtp6ub6hpk/lib/gcc/x86_64-pc-linux-gnu/13.3.0/../../../../include/c++/13.3.0/bits/stl_vector.h:369
[0] #14  [3] #14  [1] #14  NeoFOAM::KOmegaSSTModel::correct(NeoN::finiteVolume::cellCentred::VolumeField<NeoN::Vec3> const&, NeoN::finiteVolume::cellCentred::SurfaceField<double>&, NeoFOAM::RunTime&)NeoFOAM::KOmegaSSTModel::correct(NeoN::finiteVolume::cellCentred::VolumeField<NeoN::Vec3> const&, NeoN::finiteVolume::cellCentred::SurfaceField<double>&, NeoFOAM::RunTime&)NeoFOAM::KOmegaSSTModel::correct(NeoN::finiteVolume::cellCentred::VolumeField<NeoN::Vec3> const&, NeoN::finiteVolume::cellCentred::SurfaceField<double>&, NeoFOAM::RunTime&) at ~/code/NeoFOAM/src/turbulenceModels/kOmegaSST.cpp:802
[1] #15  main at ~/code/NeoFOAM/src/turbulenceModels/kOmegaSST.cpp:802
 at [2] #15  main~/code/NeoFOAM/src/turbulenceModels/kOmegaSST.cpp:802
[0] #15  main at ~/code/NeoFOAM/src/turbulenceModels/kOmegaSST.cpp:802
[3] #15  main at  at ~/code/NeoFOAM/examples/neoSimpleFoam/neoSimpleFoam.cpp:357
~/code/NeoFOAM/examples/neoSimpleFoam/neoSimpleFoam.cpp:357
[2] #[0] #16  ?16  ? at ~/code/NeoFOAM/examples/neoSimpleFoam/neoSimpleFoam.cpp:357
[1] #16  ? at ~/code/NeoFOAM/examples/neoSimpleFoam/neoSimpleFoam.cpp:357
[3] #16  ? in  in /lib64/libc.so.6
 in /lib64/libc.so.6
/lib64/libc.so.6
[0] #17  [1] #17  __libc_start_main__libc_start_main[2] #17  __libc_start_main in /lib64/libc.so.6
[3] #17  __libc_start_main in /lib64/libc.so.6
 in /lib64/libc.so.6
 in [1] #18  /lib64/libc.so.6
 in _start/lib64/libc.so.6
[0] #18  _start[2] #18  _start[3] #18  _start in  in  in  in ~/code/NeoFOAM/build/profilingnvidia_h200/bin/neoSimpleFoam
[3] =============
~/code/NeoFOAM/build/profilingnvidia_h200/bin/neoSimpleFoam
[1] =============
~/code/NeoFOAM/build/profilingnvidia_h200/bin/neoSimpleFoam
[2] =============
~/code/NeoFOAM/build/profilingnvidia_h200/bin/neoSimpleFoam
[0] =============
[gpu-nvidia-h200-3:3000138] *** Process received signal ***
[gpu-nvidia-h200-3:3000139] *** Process received signal ***
[gpu-nvidia-h200-3:3000140] *** Process received signal ***
[gpu-nvidia-h200-3:3000140] Signal: Floating point exception (8)
[gpu-nvidia-h200-3:3000140] Signal code:  (-6)
[gpu-nvidia-h200-3:3000140] Failing at address: 0x40f002dc74c
[gpu-nvidia-h200-3:3000137] *** Process received signal ***
[gpu-nvidia-h200-3:3000137] Signal: Floating point exception (8)
[gpu-nvidia-h200-3:3000137] Signal code:  (-6)
[gpu-nvidia-h200-3:3000137] Failing at address: 0x40f002dc749
[gpu-nvidia-h200-3:3000138] Signal: Floating point exception (8)
[gpu-nvidia-h200-3:3000138] Signal code:  (-6)
[gpu-nvidia-h200-3:3000138] Failing at address: 0x40f002dc74a
[gpu-nvidia-h200-3:3000139] Signal: Floating point exception (8)
[gpu-nvidia-h200-3:3000139] Signal code:  (-6)
[gpu-nvidia-h200-3:3000139] Failing at address: 0x40f002dc74b
[gpu-nvidia-h200-3:3000138] [ 0] [gpu-nvidia-h200-3:3000140] [ 0] [gpu-nvidia-h200-3:3000137] [ 0] [gpu-nvidia-h200-3:3000139] [ 0] /lib64/libc.so.6(+0x3fc60)[0x7f5cedc32c60]
[gpu-nvidia-h200-3:3000140] [ 1] /lib64/libc.so.6(+0x3fc60)[0x7f994cb10c60]
[gpu-nvidia-h200-3:3000139] [ 1] /lib64/libc.so.6(+0x3fc60)[0x7f65b237bc60]
[gpu-nvidia-h200-3:3000137] [ 1] /lib64/libc.so.6(+0x3fc60)[0x7f3a7e5bec60]
[gpu-nvidia-h200-3:3000138] [ 1] /lib64/libc.so.6(+0x8d4bc)[0x7f994cb5e4bc]
[gpu-nvidia-h200-3:3000139] [ 2] /lib64/libc.so.6(+0x8d4bc)[0x7f5cedc804bc]
[gpu-nvidia-h200-3:3000140] [ 2] /lib64/libc.so.6(+0x8d4bc)[0x7f65b23c94bc]
[gpu-nvidia-h200-3:3000137] [ 2] /lib64/libc.so.6(+0x8d4bc)[0x7f3a7e60c4bc]
[gpu-nvidia-h200-3:3000138] [ 2] /lib64/libc.so.6(raise+0x16)[0x7f3a7e5bebb6]
[gpu-nvidia-h200-3:3000138] [ 3] /lib64/libc.so.6(raise+0x16)[0x7f65b237bbb6]
[gpu-nvidia-h200-3:3000137] [ 3] /lib64/libc.so.6(+0x3fc60)[0x7f65b237bc60]
[gpu-nvidia-h200-3:3000137] [ 4] /lib64/libc.so.6(raise+0x16)[0x7f994cb10bb6]
[gpu-nvidia-h200-3:3000139] [ 3] /lib64/libc.so.6(+0x3fc60)[0x7f994cb10c60]
[gpu-nvidia-h200-3:3000139] [ 4] /lib64/libc.so.6(raise+0x16)[0x7f5cedc32bb6]
[gpu-nvidia-h200-3:3000140] [ 3] /lib64/libc.so.6(+0x3fc60)[0x7f5cedc32c60]
[gpu-nvidia-h200-3:3000140] [ 4] /lib64/libc.so.6(+0x3fc60)[0x7f3a7e5bec60]
[gpu-nvidia-h200-3:3000138] [ 4] /storage/home/greole/code/NeoFOAM/build/profilingnvidia_h200/lib/libNeoN.so(+0x1f9d5ea)[0x7f99ac6fa5ea]
[gpu-nvidia-h200-3:3000139] [ 5] /storage/home/greole/code/NeoFOAM/build/profilingnvidia_h200/lib/libNeoN.so(+0x1f9d5ea)[0x7f3ade1a85ea]
[gpu-nvidia-h200-3:3000138] [ 5] /storage/home/greole/code/NeoFOAM/build/profilingnvidia_h200/lib/libNeoN.so(+0x1f9d5ea)[0x7f6611f655ea]
[gpu-nvidia-h200-3:3000137] [ 5] /storage/home/greole/code/NeoFOAM/build/profilingnvidia_h200/lib/libNeoN.so(+0x1f9d5ea)[0x7f5d4d81c5ea]
[gpu-nvidia-h200-3:3000140] [ 5] /storage/home/greole/code/NeoFOAM/build/profilingnvidia_h200/lib/libNeoN.so(_ZN3gko4stop9Criterion5checkEhbPNS_5arrayINS_15stopping_statusEEEPbRKNS1_7UpdaterE+0xbf)[0x7f99ad1ddcef]
[gpu-nvidia-h200-3:3000139] [ 6] /storage/home/greole/code/NeoFOAM/build/profilingnvidia_h200/lib/libNeoN.so(_ZN3gko4stop9Criterion5checkEhbPNS_5arrayINS_15stopping_statusEEEPbRKNS1_7UpdaterE+0xbf)[0x7f3adec8bcef]
[gpu-nvidia-h200-3:3000138] [ 6] /storage/home/greole/code/NeoFOAM/build/profilingnvidia_h200/lib/libNeoN.so(_ZN3gko4stop9Criterion5checkEhbPNS_5arrayINS_15stopping_statusEEEPbRKNS1_7UpdaterE+0xbf)[0x7f5d4e2ffcef]
[gpu-nvidia-h200-3:3000140] [ 6] /storage/home/greole/code/NeoFOAM/build/profilingnvidia_h200/lib/libNeoN.so(_ZN3gko4stop9Criterion5checkEhbPNS_5arrayINS_15stopping_statusEEEPbRKNS1_7UpdaterE+0xbf)[0x7f6612a48cef]
[gpu-nvidia-h200-3:3000137] [ 6] /storage/home/greole/code/NeoFOAM/build/profilingnvidia_h200/lib/libNeoN.so(_ZNK3gko6solver8BicgstabIdE16apply_dense_implINS_12experimental11distributed6VectorIdEEEEvPKT_PS8_+0xf55)[0x7f99ad208305]
[gpu-nvidia-h200-3:3000139] [ 7] /storage/home/greole/code/NeoFOAM/build/profilingnvidia_h200/lib/libNeoN.so(_ZNK3gko6solver8BicgstabIdE16apply_dense_implINS_12experimental11distributed6VectorIdEEEEvPKT_PS8_+0xf55)[0x7f3adecb6305]
[gpu-nvidia-h200-3:3000138] [ 7] /storage/home/greole/code/NeoFOAM/build/profilingnvidia_h200/lib/libNeoN.so(_ZNK3gko6solver8BicgstabIdE16apply_dense_implINS_12experimental11distributed6VectorIdEEEEvPKT_PS8_+0xf55)[0x7f5d4e32a305]
[gpu-nvidia-h200-3:3000140] [ 7] /storage/home/greole/code/NeoFOAM/build/profilingnvidia_h200/lib/libNeoN.so(_ZNK3gko6solver8BicgstabIdE16apply_dense_implINS_12experimental11distributed6VectorIdEEEEvPKT_PS8_+0xf55)[0x7f6612a73305]
[gpu-nvidia-h200-3:3000137] [ 7] /storage/home/greole/code/NeoFOAM/build/profilingnvidia_h200/lib/libNeoN.so(_ZN3gko12experimental11distributed31precision_dispatch_real_complexIdZNKS_6solver8BicgstabIdE10apply_implEPKNS_5LinOpEPS6_EUlT_T0_E_EEvSB_S8_S9_+0x80)[0x7f99ad2132e0]
[gpu-nvidia-h200-3:3000139] [ 8] /storage/home/greole/code/NeoFOAM/build/profilingnvidia_h200/lib/libNeoN.so(_ZN3gko12experimental11distributed31precision_dispatch_real_complexIdZNKS_6solver8BicgstabIdE10apply_implEPKNS_5LinOpEPS6_EUlT_T0_E_EEvSB_S8_S9_+0x80)[0x7f5d4e3352e0]
[gpu-nvidia-h200-3:3000140] [ 8] /storage/home/greole/code/NeoFOAM/build/profilingnvidia_h200/lib/libNeoN.so(_ZN3gko12experimental11distributed31precision_dispatch_real_complexIdZNKS_6solver8BicgstabIdE10apply_implEPKNS_5LinOpEPS6_EUlT_T0_E_EEvSB_S8_S9_+0x80)[0x7f6612a7e2e0]
[gpu-nvidia-h200-3:3000137] [ 8] /storage/home/greole/code/NeoFOAM/build/profilingnvidia_h200/lib/libNeoN.so(_ZN3gko12experimental11distributed31precision_dispatch_real_complexIdZNKS_6solver8BicgstabIdE10apply_implEPKNS_5LinOpEPS6_EUlT_T0_E_EEvSB_S8_S9_+0x80)[0x7f3adecc12e0]
[gpu-nvidia-h200-3:3000138] [ 8] /storage/home/greole/code/NeoFOAM/build/profilingnvidia_h200/bin/neoSimpleFoam(_ZNK3gko5LinOp5applyENS_9ptr_paramIKS0_EENS1_IS0_EE+0x174)[0x5ac244]
[gpu-nvidia-h200-3:3000139] [ 9] /storage/home/greole/code/NeoFOAM/build/profilingnvidia_h200/bin/neoSimpleFoam(_ZNK3gko5LinOp5applyENS_9ptr_paramIKS0_EENS1_IS0_EE+0x174)[0x5ac244]
[gpu-nvidia-h200-3:3000140] [ 9] /storage/home/greole/code/NeoFOAM/build/profilingnvidia_h200/bin/neoSimpleFoam(_ZNK3gko5LinOp5applyENS_9ptr_paramIKS0_EENS1_IS0_EE+0x174)[0x5ac244]
[gpu-nvidia-h200-3:3000138] [ 9] /storage/home/greole/code/NeoFOAM/build/profilingnvidia_h200/bin/neoSimpleFoam(_ZNK3gko5LinOp5applyENS_9ptr_paramIKS0_EENS1_IS0_EE+0x174)[0x5ac244]
[gpu-nvidia-h200-3:3000137] [ 9] /storage/home/greole/code/NeoFOAM/build/profilingnvidia_h200/lib/libNeoN.so(+0x1f9bc5a)[0x7f99ac6f8c5a]
[gpu-nvidia-h200-3:3000139] [10] /storage/home/greole/code/NeoFOAM/build/profilingnvidia_h200/lib/libNeoN.so(+0x1f9bc5a)[0x7f5d4d81ac5a]
[gpu-nvidia-h200-3:3000140] [10] /storage/home/greole/code/NeoFOAM/build/profilingnvidia_h200/lib/libNeoN.so(+0x1f9bc5a)[0x7f3ade1a6c5a]
[gpu-nvidia-h200-3:3000138] [10] /storage/home/greole/code/NeoFOAM/build/profilingnvidia_h200/lib/libNeoN.so(+0x1f9bc5a)[0x7f6611f63c5a]
[gpu-nvidia-h200-3:3000137] [10] /storage/home/greole/code/NeoFOAM/build/profilingnvidia_h200/lib/libNeoN.so(_ZN4NeoN2la6ginkgo19solveWithL1StopDistESt10shared_ptrIKN3gko8ExecutorEES2_IKNS3_5LinOpEES2_IKNS3_12experimental11distributed6VectorIdEEES2_ISD_EPS7_RKNS1_17L1ResidualControlE+0xad)[0x7f5d4d81752d]
[gpu-nvidia-h200-3:3000140] [11] /storage/home/greole/code/NeoFOAM/build/profilingnvidia_h200/lib/libNeoN.so(_ZN4NeoN2la6ginkgo19solveWithL1StopDistESt10shared_ptrIKN3gko8ExecutorEES2_IKNS3_5LinOpEES2_IKNS3_12experimental11distributed6VectorIdEEES2_ISD_EPS7_RKNS1_17L1ResidualControlE+0xad)[0x7f99ac6f552d]
[gpu-nvidia-h200-3:3000139] [11] /storage/home/greole/code/NeoFOAM/build/profilingnvidia_h200/lib/libNeoN.so(_ZN4NeoN2la6ginkgo19solveWithL1StopDistESt10shared_ptrIKN3gko8ExecutorEES2_IKNS3_5LinOpEES2_IKNS3_12experimental11distributed6VectorIdEEES2_ISD_EPS7_RKNS1_17L1ResidualControlE+0xad)[0x7f3ade1a352d]
[gpu-nvidia-h200-3:3000138] [11] /storage/home/greole/code/NeoFOAM/build/profilingnvidia_h200/lib/libNeoN.so(_ZN4NeoN2la6ginkgo19solveWithL1StopDistESt10shared_ptrIKN3gko8ExecutorEES2_IKNS3_5LinOpEES2_IKNS3_12experimental11distributed6VectorIdEEES2_ISD_EPS7_RKNS1_17L1ResidualControlE+0xad)[0x7f6611f6052d]
[gpu-nvidia-h200-3:3000137] [11] /storage/home/greole/code/NeoFOAM/build/profilingnvidia_h200/lib/libNeoN.so(_ZN4NeoN2la6ginkgo15solve_impl_distESt10shared_ptrIKN3gko8ExecutorEERKNS3_12experimental3mpi12communicatorERKNS_6VectorIdEERSD_S2_IKNS3_5LinOpEES2_ISH_EPKNS1_17L1ResidualControlE+0x1e5)[0x7f5d4da446b5]
[gpu-nvidia-h200-3:3000140] [12] /storage/home/greole/code/NeoFOAM/build/profilingnvidia_h200/lib/libNeoN.so(_ZN4NeoN2la6ginkgo15solve_impl_distESt10shared_ptrIKN3gko8ExecutorEERKNS3_12experimental3mpi12communicatorERKNS_6VectorIdEERSD_S2_IKNS3_5LinOpEES2_ISH_EPKNS1_17L1ResidualControlE+0x1e5)[0x7f99ac9226b5]
[gpu-nvidia-h200-3:3000139] [12] /storage/home/greole/code/NeoFOAM/build/profilingnvidia_h200/lib/libNeoN.so(_ZN4NeoN2la6ginkgo15solve_impl_distESt10shared_ptrIKN3gko8ExecutorEERKNS3_12experimental3mpi12communicatorERKNS_6VectorIdEERSD_S2_IKNS3_5LinOpEES2_ISH_EPKNS1_17L1ResidualControlE+0x1e5)[0x7f3ade3d06b5]
[gpu-nvidia-h200-3:3000138] [12] /storage/home/greole/code/NeoFOAM/build/profilingnvidia_h200/lib/libNeoN.so(_ZN4NeoN2la6ginkgo15solve_impl_distESt10shared_ptrIKN3gko8ExecutorEERKNS3_12experimental3mpi12communicatorERKNS_6VectorIdEERSD_S2_IKNS3_5LinOpEES2_ISH_EPKNS1_17L1ResidualControlE+0x1e5)[0x7f661218d6b5]
[gpu-nvidia-h200-3:3000137] [12] /storage/home/greole/code/NeoFOAM/build/profilingnvidia_h200/lib/libNeoN.so(_ZNK4NeoN2la6ginkgo12GinkgoSolver9solveDistERKNS0_12LinearSystemIddNS0_6MatrixIdNS0_18CsrSparsityPatternIiEEEENS4_IdNS0_18CooSparsityPatternIiEEEEEERNS_6VectorIdEE+0x2c1)[0x7f5d4da45c01]
[gpu-nvidia-h200-3:3000140] [13] /storage/home/greole/code/NeoFOAM/build/profilingnvidia_h200/lib/libNeoN.so(_ZNK4NeoN2la6ginkgo12GinkgoSolver9solveDistERKNS0_12LinearSystemIddNS0_6MatrixIdNS0_18CsrSparsityPatternIiEEEENS4_IdNS0_18CooSparsityPatternIiEEEEEERNS_6VectorIdEE+0x2c1)[0x7f99ac923c01]
[gpu-nvidia-h200-3:3000139] [13] /storage/home/greole/code/NeoFOAM/build/profilingnvidia_h200/bin/neoSimpleFoam(_ZN7NeoFOAM3PDEIddiE9solveImplERN4NeoN3dsl10ExpressionIdiEERNS2_2la12LinearSystemIddNS7_6MatrixIdNS7_18CsrSparsityPatternIiEEEENS9_IdNS7_18CooSparsityPatternIiEEEEEE+0x43e)[0x61627e]
[gpu-nvidia-h200-3:3000140] [14] /storage/home/greole/code/NeoFOAM/build/profilingnvidia_h200/lib/libNeoN.so(_ZNK4NeoN2la6ginkgo12GinkgoSolver9solveDistERKNS0_12LinearSystemIddNS0_6MatrixIdNS0_18CsrSparsityPatternIiEEEENS4_IdNS0_18CooSparsityPatternIiEEEEEERNS_6VectorIdEE+0x2c1)[0x7f3ade3d1c01]
[gpu-nvidia-h200-3:3000138] [13] /storage/home/greole/code/NeoFOAM/build/profilingnvidia_h200/bin/neoSimpleFoam(_ZN7NeoFOAM3PDEIddiE9solveImplERN4NeoN3dsl10ExpressionIdiEERNS2_2la12LinearSystemIddNS7_6MatrixIdNS7_18CsrSparsityPatternIiEEEENS9_IdNS7_18CooSparsityPatternIiEEEEEE+0x43e)[0x61627e]
[gpu-nvidia-h200-3:3000139] [14] /storage/home/greole/code/NeoFOAM/build/profilingnvidia_h200/lib/libNeoN.so(_ZNK4NeoN2la6ginkgo12GinkgoSolver9solveDistERKNS0_12LinearSystemIddNS0_6MatrixIdNS0_18CsrSparsityPatternIiEEEENS4_IdNS0_18CooSparsityPatternIiEEEEEERNS_6VectorIdEE+0x2c1)[0x7f661218ec01]
[gpu-nvidia-h200-3:3000137] [13] /storage/home/greole/code/NeoFOAM/build/profilingnvidia_h200/bin/neoSimpleFoam(_ZN7NeoFOAM3PDEIddiE9solveImplERN4NeoN3dsl10ExpressionIdiEERNS2_2la12LinearSystemIddNS7_6MatrixIdNS7_18CsrSparsityPatternIiEEEENS9_IdNS7_18CooSparsityPatternIiEEEEEE+0x43e)[0x61627e]
[gpu-nvidia-h200-3:3000138] [14] /storage/home/greole/code/NeoFOAM/build/profilingnvidia_h200/lib/libNeoFOAM.so(_ZN7NeoFOAM9KOmegaSST7correctERKN4NeoN12finiteVolume11cellCentred11VolumeFieldINS1_4Vec3EEERNS3_12SurfaceFieldIdEERNS4_IdEESD_SD_RNS_7RunTimeE+0x1344)[0x7f5d589c0b14]
[gpu-nvidia-h200-3:3000140] [15] /storage/home/greole/code/NeoFOAM/build/profilingnvidia_h200/lib/libNeoFOAM.so(_ZN7NeoFOAM9KOmegaSST7correctERKN4NeoN12finiteVolume11cellCentred11VolumeFieldINS1_4Vec3EEERNS3_12SurfaceFieldIdEERNS4_IdEESD_SD_RNS_7RunTimeE+0x1344)[0x7f99b789eb14]
[gpu-nvidia-h200-3:3000139] [15] /storage/home/greole/code/NeoFOAM/build/profilingnvidia_h200/bin/neoSimpleFoam(_ZN7NeoFOAM3PDEIddiE9solveImplERN4NeoN3dsl10ExpressionIdiEERNS2_2la12LinearSystemIddNS7_6MatrixIdNS7_18CsrSparsityPatternIiEEEENS9_IdNS7_18CooSparsityPatternIiEEEEEE+0x43e)[0x61627e]
[gpu-nvidia-h200-3:3000137] [14] /storage/home/greole/code/NeoFOAM/build/profilingnvidia_h200/lib/libNeoFOAM.so(_ZN7NeoFOAM14KOmegaSSTModel7correctERKN4NeoN12finiteVolume11cellCentred11VolumeFieldINS1_4Vec3EEERNS3_12SurfaceFieldIdEERNS_7RunTimeE+0x31)[0x7f5d589c1661]
[gpu-nvidia-h200-3:3000140] [16] /storage/home/greole/code/NeoFOAM/build/profilingnvidia_h200/lib/libNeoFOAM.so(_ZN7NeoFOAM14KOmegaSSTModel7correctERKN4NeoN12finiteVolume11cellCentred11VolumeFieldINS1_4Vec3EEERNS3_12SurfaceFieldIdEERNS_7RunTimeE+0x31)[0x7f99b789f661]
[gpu-nvidia-h200-3:3000139] [16] /storage/home/greole/code/NeoFOAM/build/profilingnvidia_h200/lib/libNeoFOAM.so(_ZN7NeoFOAM9KOmegaSST7correctERKN4NeoN12finiteVolume11cellCentred11VolumeFieldINS1_4Vec3EEERNS3_12SurfaceFieldIdEERNS4_IdEESD_SD_RNS_7RunTimeE+0x1344)[0x7f3ae934cb14]
[gpu-nvidia-h200-3:3000138] [15] /storage/home/greole/code/NeoFOAM/build/profilingnvidia_h200/lib/libNeoFOAM.so(_ZN7NeoFOAM9KOmegaSST7correctERKN4NeoN12finiteVolume11cellCentred11VolumeFieldINS1_4Vec3EEERNS3_12SurfaceFieldIdEERNS4_IdEESD_SD_RNS_7RunTimeE+0x1344)[0x7f661d109b14]
[gpu-nvidia-h200-3:3000137] [15] /storage/home/greole/code/NeoFOAM/build/profilingnvidia_h200/bin/neoSimpleFoam(main+0x14b9)[0x54bdc9]
[gpu-nvidia-h200-3:3000140] [17] /storage/home/greole/code/NeoFOAM/build/profilingnvidia_h200/bin/neoSimpleFoam(main+0x14b9)[0x54bdc9]
[gpu-nvidia-h200-3:3000139] [17] /lib64/libc.so.6(+0x2a610)[0x7f5cedc1d610]
[gpu-nvidia-h200-3:3000140] [18] /lib64/libc.so.6(+0x2a610)[0x7f994cafb610]
[gpu-nvidia-h200-3:3000139] [18] /storage/home/greole/code/NeoFOAM/build/profilingnvidia_h200/lib/libNeoFOAM.so(_ZN7NeoFOAM14KOmegaSSTModel7correctERKN4NeoN12finiteVolume11cellCentred11VolumeFieldINS1_4Vec3EEERNS3_12SurfaceFieldIdEERNS_7RunTimeE+0x31)[0x7f3ae934d661]
[gpu-nvidia-h200-3:3000138] [16] /lib64/libc.so.6(__libc_start_main+0x80)[0x7f5cedc1d6c0]
[gpu-nvidia-h200-3:3000140] [19] /lib64/libc.so.6(__libc_start_main+0x80)[0x7f994cafb6c0]
[gpu-nvidia-h200-3:3000139] [19] /storage/home/greole/code/NeoFOAM/build/profilingnvidia_h200/lib/libNeoFOAM.so(_ZN7NeoFOAM14KOmegaSSTModel7correctERKN4NeoN12finiteVolume11cellCentred11VolumeFieldINS1_4Vec3EEERNS3_12SurfaceFieldIdEERNS_7RunTimeE+0x31)[0x7f661d10a661]
[gpu-nvidia-h200-3:3000137] [16] /storage/home/greole/code/NeoFOAM/build/profilingnvidia_h200/bin/neoSimpleFoam(_start+0x25)[0x54d165]
[gpu-nvidia-h200-3:3000140] *** End of error message ***
/storage/home/greole/code/NeoFOAM/build/profilingnvidia_h200/bin/neoSimpleFoam(_start+0x25)[0x54d165]
[gpu-nvidia-h200-3:3000139] *** End of error message ***
/storage/home/greole/code/NeoFOAM/build/profilingnvidia_h200/bin/neoSimpleFoam(main+0x14b9)[0x54bdc9]
[gpu-nvidia-h200-3:3000138] [17] /storage/home/greole/code/NeoFOAM/build/profilingnvidia_h200/bin/neoSimpleFoam(main+0x14b9)[0x54bdc9]
[gpu-nvidia-h200-3:3000137] [17] /lib64/libc.so.6(+0x2a610)[0x7f3a7e5a9610]
[gpu-nvidia-h200-3:3000138] [18] /lib64/libc.so.6(+0x2a610)[0x7f65b2366610]
[gpu-nvidia-h200-3:3000137] [18] /lib64/libc.so.6(__libc_start_main+0x80)[0x7f3a7e5a96c0]
[gpu-nvidia-h200-3:3000138] [19] /lib64/libc.so.6(__libc_start_main+0x80)[0x7f65b23666c0]
[gpu-nvidia-h200-3:3000137] [19] /storage/home/greole/code/NeoFOAM/build/profilingnvidia_h200/bin/neoSimpleFoam(_start+0x25)[0x54d165]
[gpu-nvidia-h200-3:3000138] *** End of error message ***
/storage/home/greole/code/NeoFOAM/build/profilingnvidia_h200/bin/neoSimpleFoam(_start+0x25)[0x54d165]
[gpu-nvidia-h200-3:3000137] *** End of error message ***
--------------------------------------------------------------------------

prterun noticed that process rank 0 with PID 3000137 on node gpu-nvidia-h200-3 exited on
signal 8 (Floating point exception).
--------------------------------------------------------------------------
