/*---------------------------------------------------------------------------*\
| =========                 |                                                 |
| \\      /  F ield         | OpenFOAM: The Open Source CFD Toolbox           |
|  \\    /   O peration     | Version:  2506                                  |
|   \\  /    A nd           | Website:  www.openfoam.com                      |
|    \\/     M anipulation  |                                                 |
\*---------------------------------------------------------------------------*/
Build  : b050cd9480-20250814 OPENFOAM=2506 version=v2506
Arch   : "LSB;label=32;scalar=64"
Exec   : /storage/home/greole/code/NeoFOAM/build/profilingnvidia_h200/bin/neoSimpleFoam -parallel
Date   : Jul 23 2026
Time   : 09:24:01
Host   : gpu-nvidia-h200-2.int.coma-cluster.de
PID    : 1951755
I/O    : uncollated
Case   : /storage/home/greole/code/NeoFOAM/occDrivAerStaticMesh
nProcs : 4
Hosts  :
(
    (gpu-nvidia-h200-2.int.coma-cluster.de 4)
)
Pstream initialized with:
    node communication : off [type=host] (4 ranks, 1 nodes)
    topology controls  : none
    consensus exchange : 0 (tuning: 0)
    exchange algorithm : 0
    commsType          : nonBlocking
    polling iterations : 0
trapFpe: Floating point exception trapping enabled (FOAM_SIGFPE).
fileModificationChecking : Monitoring run-time modified files using timeStampMaster (fileModificationSkew 5, maxFileModificationPolls 20)
allowSystemOperations : Allowing user-supplied system call operations

// * * * * * * * * * * * * * * * * * * * * * * * * * * * * * * * * * * * * * //
Create time

Initializing NeoN
Creating Executor GPU
Creating NeoFOAM runTime

SIMPLE: no convergence criteria found. Calculations will run for 5 steps.

Reading field p

Reading field U

Reading/calculating face flux field phi

Selecting incompressible transport model Newtonian
NeoFOAM solver config (from fvSolution configFile) for 'config(Cg+Multigrid)':
{
    cacheSolver: true
    configFile: <NeoN::TokenList>
    l1ScaledResidual: true
    preconditionerRebuildInterval: 0
    relTol: 0.010000
    reportName: config(Cg+Multigrid)
    solver: Ginkgo
    tolerance: 0.000000
}
    effective optimize: false
    effective checkFrequency: 1
Mapping OpenFOAM solver settings to NeoN settings.
Currently, it is advisable to specify a configFile
for fine grained Ginkgo solver control

Replacing solver PBiCGStab by solver::Bicgstab
Replacing preconditioner diagonal by preconditioner::Schwarz (Schwarz-wrapped for distributed run)
NeoFOAM solver config (mapped from fvSolution) for 'Schwarz(Jacobi)+Bicgstab':
{
    cacheSolver: true
    criteria: {
        absolute_residual_norm: 0.000000
        initial_residual_norm: 0.100000
        iteration: 1000
    }
    l1ScaledResidual: true
    optimize: false
    preconditioner: {
        local_solver: {
            max_block_size: 1
            type: preconditioner::Jacobi
        }
        type: preconditioner::Schwarz
    }
    reportName: Schwarz(Jacobi)+Bicgstab
    solver: Ginkgo
    type: solver::Bicgstab
}
    effective optimize: false
    effective checkFrequency: 1
Creating phi

[NF][/storage/home/greole/code/NeoFOAM/include/NeoFOAM/auxiliary/readers.hpp::423]: Internal: 49333487, Boundary: 1754396

[NF][/storage/home/greole/code/NeoFOAM/include/NeoFOAM/auxiliary/readers.hpp::423]: Internal: 49320882, Boundary: 1762558

[NF][/storage/home/greole/code/NeoFOAM/include/NeoFOAM/auxiliary/readers.hpp::423]: Internal: 49261542, Boundary: 1427829

[NF][/storage/home/greole/code/NeoFOAM/include/NeoFOAM/auxiliary/readers.hpp::423]: Internal: 49243125, Boundary: 1362247
Selecting patchDistMethod meshWave
Mapping OpenFOAM solver settings to NeoN settings.
Currently, it is advisable to specify a configFile
for fine grained Ginkgo solver control

Replacing solver PBiCGStab by solver::Bicgstab
Replacing preconditioner diagonal by preconditioner::Schwarz (Schwarz-wrapped for distributed run)
NeoFOAM solver config (mapped from fvSolution) for 'Schwarz(Jacobi)+Bicgstab':
{
    cacheSolver: true
    criteria: {
        absolute_residual_norm: 0.000000
        initial_residual_norm: 0.100000
        iteration: 1000
    }
    l1ScaledResidual: true
    optimize: false
    preconditioner: {
        local_solver: {
            max_block_size: 1
            type: preconditioner::Jacobi
        }
        type: preconditioner::Schwarz
    }
    reportName: Schwarz(Jacobi)+Bicgstab
    solver: Ginkgo
    type: solver::Bicgstab
}
    effective optimize: false
    effective checkFrequency: 1
Mapping OpenFOAM solver settings to NeoN settings.
Currently, it is advisable to specify a configFile
for fine grained Ginkgo solver control

Replacing solver PBiCGStab by solver::Bicgstab
Replacing preconditioner diagonal by preconditioner::Schwarz (Schwarz-wrapped for distributed run)
NeoFOAM solver config (mapped from fvSolution) for 'Schwarz(Jacobi)+Bicgstab':
{
    cacheSolver: true
    criteria: {
        absolute_residual_norm: 0.000000
        initial_residual_norm: 0.100000
        iteration: 1000
    }
    l1ScaledResidual: true
    optimize: false
    preconditioner: {
        local_solver: {
            max_block_size: 1
            type: preconditioner::Jacobi
        }
        type: preconditioner::Schwarz
    }
    reportName: Schwarz(Jacobi)+Bicgstab
    solver: Ginkgo
    type: solver::Bicgstab
}
    effective optimize: false
    effective checkFrequency: 1
Starting time loop
Time = 1051
[mem] step-start: DEVICE_POOL current=12979 MB  actual(reserved)=38146 MB  highWater=19132 MB
[mtxBuild] SLOW (rebuild partition/imap)
[mtxBuild] SLOW (rebuild partition/imap)
[mtxBuild] SLOW (rebuild partition/imap)
[mtxBuild] SLOW (rebuild partition/imap)
Schwarz(Jacobi)+Bicgstab:  Solving for Ux, Initial residual = 8.138773099436442e-05, Final residual = 3.3128387725961764e-06, No Iterations 3, Solve time = 71.32 ms
Schwarz(Jacobi)+Bicgstab:  Solving for Uy, Initial residual = 0.004403238680958118, Final residual = 0.00015358955331343889, No Iterations 3, Solve time = 71.32 ms
Schwarz(Jacobi)+Bicgstab:  Solving for Uz, Initial residual = 0.0011397400823179124, Final residual = 5.832562849764457e-05, No Iterations 3, Solve time = 71.32 ms
[mem] after-UEqn: DEVICE_POOL current=15847 MB  actual(reserved)=38146 MB  highWater=21135 MB
[mtxBuild] SLOW (rebuild partition/imap)
[mtxBuild] SLOW (rebuild partition/imap)
[mtxBuild] SLOW (rebuild partition/imap)
[mtxBuild] SLOW (rebuild partition/imap)
config(Cg+Multigrid):  Solving for p, Initial residual = 0.0013256944227602757, Final residual = 1.2301205065969791e-05, No Iterations 8, Solve time = 148.059 ms
time step continuity errors : sum local = 3.0689467010076685e-06, global = -3.781872266721662e-08, cumulative = -3.781872266721662e-08
[mem] after-pEqn: DEVICE_POOL current=17315 MB  actual(reserved)=38146 MB  highWater=21135 MB
[mtxBuild] SLOW (rebuild partition/imap)
[mtxBuild] SLOW (rebuild partition/imap)
[mtxBuild] SLOW (rebuild partition/imap)
[mtxBuild] SLOW (rebuild partition/imap)
Schwarz(Jacobi)+Bicgstab:  Solving for omega, Initial residual = 1.3535603091658361e-05, Final residual = 9.669819361884567e-07, No Iterations 2, Solve time = 17.599 ms
bounding omega, min: -47623.166735558705 max: 45355982.607066974 average: 6371.528686106016
[mtxBuild] SLOW (rebuild partition/imap)
[mtxBuild] SLOW (rebuild partition/imap)
[mtxBuild] SLOW (rebuild partition/imap)
[mtxBuild] SLOW (rebuild partition/imap)
Schwarz(Jacobi)+Bicgstab:  Solving for k, Initial residual = 0.00025270633669090335, Final residual = 1.4870700135361738e-05, No Iterations 2, Solve time = 17.424 ms
bounding k, min: -0.009657043238366678 max: 920.0215110326466 average: 9.131308832667594
[mem] after-turb: DEVICE_POOL current=19500 MB  actual(reserved)=38146 MB  highWater=22309 MB
ExecutionTime = 43.91 s  ClockTime = 45 s

Time = 1052
[mem] step-start: DEVICE_POOL current=19500 MB  actual(reserved)=38146 MB  highWater=22309 MB
[mtxBuild] FAST valCopy=0.10 distCreate=2.52 ms
[mtxBuild] FAST valCopy=0.11 distCreate=1.15 ms
[mtxBuild] FAST valCopy=0.10 distCreate=2.74 ms
[mtxBuild] FAST valCopy=0.12 distCreate=5.23 ms
Schwarz(Jacobi)+Bicgstab:  Solving for Ux, Initial residual = 8.10236369272158e-05, Final residual = 3.1717180583010077e-06, No Iterations 3, Solve time = 57.103 ms
Schwarz(Jacobi)+Bicgstab:  Solving for Uy, Initial residual = 0.004412795692256464, Final residual = 0.00014457781641410836, No Iterations 3, Solve time = 57.103 ms
Schwarz(Jacobi)+Bicgstab:  Solving for Uz, Initial residual = 0.0011386595447165273, Final residual = 4.1159736784294935e-05, No Iterations 3, Solve time = 57.103 ms
[mem] after-UEqn: DEVICE_POOL current=19500 MB  actual(reserved)=38146 MB  highWater=24788 MB
[mtxBuild] FAST valCopy=0.03 distCreate=2.15 ms
[mtxBuild] FAST valCopy=0.03 distCreate=1.06 ms
[mtxBuild] FAST valCopy=0.02 distCreate=2.18 ms
[mtxBuild] FAST valCopy=0.04 distCreate=2.60 ms
config(Cg+Multigrid):  Solving for p, Initial residual = 0.001301377403127063, Final residual = 1.2648367365308258e-05, No Iterations 8, Solve time = 162.571 ms
time step continuity errors : sum local = 3.1570900385090514e-06, global = -2.5280907237313942e-08, cumulative = -6.309962990453056e-08
[mem] after-pEqn: DEVICE_POOL current=19500 MB  actual(reserved)=38146 MB  highWater=24788 MB
[mtxBuild] FAST valCopy=0.03 distCreate=2.21 ms
[mtxBuild] FAST valCopy=0.03 distCreate=2.20 ms
[mtxBuild] FAST valCopy=0.03 distCreate=3.09 ms
[mtxBuild] FAST valCopy=0.03 distCreate=0.77 ms
Schwarz(Jacobi)+Bicgstab:  Solving for omega, Initial residual = 1.3464816399280536e-05, Final residual = 9.164343270066328e-07, No Iterations 2, Solve time = 16.032 ms
bounding omega, min: -47135.09507821969 max: 45355982.621183254 average: 6371.184523201434
[mtxBuild] FAST valCopy=0.03 distCreate=2.56 ms
[mtxBuild] FAST valCopy=0.03 distCreate=1.95 ms
[mtxBuild] FAST valCopy=0.03 distCreate=1.64 ms
[mtxBuild] FAST valCopy=0.03 distCreate=0.76 ms
Schwarz(Jacobi)+Bicgstab:  Solving for k, Initial residual = 0.0002527439759674174, Final residual = 1.512323350684865e-05, No Iterations 2, Solve time = 16.055 ms
bounding k, min: -0.003858551595272375 max: 909.2906696645263 average: 9.131668504307505
[mem] after-turb: DEVICE_POOL current=19500 MB  actual(reserved)=38146 MB  highWater=24788 MB
ExecutionTime = 45.02 s  ClockTime = 46 s

Time = 1053
[mem] step-start: DEVICE_POOL current=19500 MB  actual(reserved)=38146 MB  highWater=24788 MB
[mtxBuild] FAST valCopy=0.03 distCreate=2.45 ms
[mtxBuild] FAST valCopy=0.03 distCreate=2.34 ms
[mtxBuild] FAST valCopy=0.03 distCreate=0.76 ms
[mtxBuild] FAST valCopy=0.03 distCreate=4.87 ms
Schwarz(Jacobi)+Bicgstab:  Solving for Ux, Initial residual = 8.087368904564882e-05, Final residual = 2.5193802768131283e-06, No Iterations 3, Solve time = 58.099 ms
Schwarz(Jacobi)+Bicgstab:  Solving for Uy, Initial residual = 0.0044197308115226175, Final residual = 0.00014801451699978713, No Iterations 3, Solve time = 58.099 ms
Schwarz(Jacobi)+Bicgstab:  Solving for Uz, Initial residual = 0.0011363089405078749, Final residual = 4.270993929337133e-05, No Iterations 3, Solve time = 58.099 ms
[mem] after-UEqn: DEVICE_POOL current=19500 MB  actual(reserved)=38146 MB  highWater=24788 MB
[mtxBuild] FAST valCopy=0.03 distCreate=1.80 ms
[mtxBuild] FAST valCopy=0.03 distCreate=2.93 ms
[mtxBuild] FAST valCopy=0.03 distCreate=1.49 ms
[mtxBuild] FAST valCopy=0.03 distCreate=0.76 ms
config(Cg+Multigrid):  Solving for p, Initial residual = 0.0012922762945639086, Final residual = 1.0450854665220091e-05, No Iterations 9, Solve time = 173.912 ms
time step continuity errors : sum local = 2.6099203690163277e-06, global = -1.1636881694380352e-08, cumulative = -7.473651159891091e-08
[mem] after-pEqn: DEVICE_POOL current=19500 MB  actual(reserved)=38146 MB  highWater=24788 MB
[mtxBuild] FAST valCopy=0.03 distCreate=1.62 ms
[mtxBuild] FAST valCopy=0.02 distCreate=1.13 ms
[mtxBuild] FAST valCopy=0.03 distCreate=2.87 ms
[mtxBuild] FAST valCopy=0.02 distCreate=2.59 ms
Schwarz(Jacobi)+Bicgstab:  Solving for omega, Initial residual = 1.3367397304410946e-05, Final residual = 8.961800800439562e-07, No Iterations 2, Solve time = 15.428 ms
bounding omega, min: -46798.93234014755 max: 45355982.64396542 average: 6370.92138989842
[mtxBuild] FAST valCopy=0.03 distCreate=1.53 ms
[mtxBuild] FAST valCopy=0.04 distCreate=1.63 ms
[mtxBuild] FAST valCopy=0.03 distCreate=1.54 ms
[mtxBuild] FAST valCopy=0.02 distCreate=0.75 ms
Schwarz(Jacobi)+Bicgstab:  Solving for k, Initial residual = 0.0002528232142984686, Final residual = 1.4872183316559314e-05, No Iterations 2, Solve time = 15.867 ms
bounding k, min: -0.004032733405459024 max: 895.9027689280845 average: 9.132183025767496
[mem] after-turb: DEVICE_POOL current=19500 MB  actual(reserved)=38146 MB  highWater=24788 MB
ExecutionTime = 46.17 s  ClockTime = 47 s

Time = 1054
[mem] step-start: DEVICE_POOL current=19500 MB  actual(reserved)=38146 MB  highWater=24788 MB
[mtxBuild] FAST valCopy=0.03 distCreate=3.56 ms
[mtxBuild] FAST valCopy=0.02 distCreate=3.29 ms
[mtxBuild] FAST valCopy=0.02 distCreate=0.76 ms
[mtxBuild] FAST valCopy=0.03 distCreate=5.86 ms
Schwarz(Jacobi)+Bicgstab:  Solving for Ux, Initial residual = 8.07916614315083e-05, Final residual = 2.2890303635983163e-06, No Iterations 3, Solve time = 56.838 ms
Schwarz(Jacobi)+Bicgstab:  Solving for Uy, Initial residual = 0.004426852955072716, Final residual = 0.000155386391532533, No Iterations 3, Solve time = 56.838 ms
Schwarz(Jacobi)+Bicgstab:  Solving for Uz, Initial residual = 0.0011349476261217012, Final residual = 7.285298265765288e-05, No Iterations 3, Solve time = 56.838 ms
[mem] after-UEqn: DEVICE_POOL current=19500 MB  actual(reserved)=38146 MB  highWater=24788 MB
[mtxBuild] FAST valCopy=0.02 distCreate=1.73 ms
[mtxBuild] FAST valCopy=0.02 distCreate=2.13 ms
[mtxBuild] FAST valCopy=0.02 distCreate=0.78 ms
[mtxBuild] FAST valCopy=0.03 distCreate=2.49 ms
config(Cg+Multigrid):  Solving for p, Initial residual = 0.0012829897352435303, Final residual = 1.253999039506571e-05, No Iterations 8, Solve time = 163.868 ms
time step continuity errors : sum local = 3.133875853074241e-06, global = -1.6478428319605375e-08, cumulative = -9.121493991851628e-08
[mem] after-pEqn: DEVICE_POOL current=19500 MB  actual(reserved)=38146 MB  highWater=24788 MB
[mtxBuild] FAST valCopy=0.03 distCreate=2.31 ms
[mtxBuild] FAST valCopy=0.03 distCreate=2.54 ms
[mtxBuild] FAST valCopy=0.02 distCreate=1.12 ms
[mtxBuild] FAST valCopy=0.03 distCreate=3.00 ms
Schwarz(Jacobi)+Bicgstab:  Solving for omega, Initial residual = 1.321692829646058e-05, Final residual = 8.79368354489842e-07, No Iterations 2, Solve time = 15.877 ms
bounding omega, min: -102833.48461217059 max: 45355982.67719437 average: 6370.988166423925
[mtxBuild] FAST valCopy=0.02 distCreate=2.18 ms
[mtxBuild] FAST valCopy=0.02 distCreate=1.66 ms
[mtxBuild] FAST valCopy=0.02 distCreate=0.76 ms
[mtxBuild] FAST valCopy=0.03 distCreate=2.48 ms
Schwarz(Jacobi)+Bicgstab:  Solving for k, Initial residual = 0.0002526861526668994, Final residual = 1.487719850868287e-05, No Iterations 2, Solve time = 15.231 ms
bounding k, min: -0.0037905934772714117 max: 879.6052822037987 average: 9.132565211470702
[mem] after-turb: DEVICE_POOL current=19500 MB  actual(reserved)=38146 MB  highWater=24788 MB
ExecutionTime = 47.28 s  ClockTime = 48 s

Time = 1055
[mem] step-start: DEVICE_POOL current=19500 MB  actual(reserved)=38146 MB  highWater=24788 MB
[mtxBuild] FAST valCopy=0.03 distCreate=2.07 ms
[mtxBuild] FAST valCopy=0.03 distCreate=2.16 ms
[mtxBuild] FAST valCopy=0.02 distCreate=0.73 ms
[mtxBuild] FAST valCopy=0.04 distCreate=4.77 ms
Schwarz(Jacobi)+Bicgstab:  Solving for Ux, Initial residual = 8.055810076639655e-05, Final residual = 3.865777190248637e-06, No Iterations 2, Solve time = 44.758 ms
Schwarz(Jacobi)+Bicgstab:  Solving for Uy, Initial residual = 0.004431465666912614, Final residual = 0.0006723039770408552, No Iterations 2, Solve time = 44.758 ms
Schwarz(Jacobi)+Bicgstab:  Solving for Uz, Initial residual = 0.0011365863243750134, Final residual = 7.569606688759801e-05, No Iterations 2, Solve time = 44.758 ms
[mem] after-UEqn: DEVICE_POOL current=19500 MB  actual(reserved)=38146 MB  highWater=24788 MB
[mtxBuild] FAST valCopy=0.02 distCreate=1.03 ms
[mtxBuild] FAST valCopy=0.03 distCreate=2.12 ms
[mtxBuild] FAST valCopy=0.02 distCreate=0.73 ms
[mtxBuild] FAST valCopy=0.02 distCreate=2.08 ms
config(Cg+Multigrid):  Solving for p, Initial residual = 0.0013010195169595935, Final residual = 1.278066724101841e-05, No Iterations 8, Solve time = 162.513 ms
time step continuity errors : sum local = 3.1966828761157347e-06, global = -2.228880657874218e-08, cumulative = -1.1350374649725846e-07
[mem] after-pEqn: DEVICE_POOL current=19500 MB  actual(reserved)=38146 MB  highWater=24788 MB
[mtxBuild] FAST valCopy=0.02 distCreate=1.66 ms
[mtxBuild] FAST valCopy=0.03 distCreate=1.70 ms
[mtxBuild] FAST valCopy=0.02 distCreate=0.73 ms
[mtxBuild] FAST valCopy=0.03 distCreate=2.65 ms
Schwarz(Jacobi)+Bicgstab:  Solving for omega, Initial residual = 1.3181239319411174e-05, Final residual = 8.708063402041484e-07, No Iterations 2, Solve time = 15.471 ms
bounding omega, min: -45519.40196357543 max: 45355982.72184932 average: 6371.021066317886
[mtxBuild] FAST valCopy=0.03 distCreate=1.84 ms
[mtxBuild] FAST valCopy=0.02 distCreate=1.65 ms
[mtxBuild] FAST valCopy=0.02 distCreate=0.74 ms
[mtxBuild] FAST valCopy=0.03 distCreate=2.30 ms
Schwarz(Jacobi)+Bicgstab:  Solving for k, Initial residual = 0.0002531322238031344, Final residual = 1.525327787315961e-05, No Iterations 2, Solve time = 15.348 ms
bounding k, min: -0.003533686407264869 max: 871.2241457002496 average: 9.132881854941672
[mem] after-turb: DEVICE_POOL current=19500 MB  actual(reserved)=38146 MB  highWater=24788 MB
Writing p
Writing U
Writing turbulence variables
ExecutionTime = 49.58 s  ClockTime = 52 s

Finalizing NeoN
Finalising parallel run
