/*---------------------------------------------------------------------------*\
| =========                 |                                                 |
| \\      /  F ield         | OpenFOAM: The Open Source CFD Toolbox           |
|  \\    /   O peration     | Version:  2506                                  |
|   \\  /    A nd           | Website:  www.openfoam.com                      |
|    \\/     M anipulation  |                                                 |
\*---------------------------------------------------------------------------*/
Build  : b050cd9480-20250814 OPENFOAM=2506 version=v2506
Arch   : "LSB;label=32;scalar=64"
Exec   : /storage/home/greole/code/NeoFOAM/build/profilingnvidia_h200/bin/neoSimpleFoam -parallel
Date   : Jul 23 2026
Time   : 12:33:27
Host   : gpu-nvidia-h200-2.int.coma-cluster.de
PID    : 1997209
I/O    : uncollated
Case   : /storage/home/greole/code/NeoFOAM/occDrivAerStaticMesh
nProcs : 4
Hosts  :
(
    (gpu-nvidia-h200-2.int.coma-cluster.de 4)
)
Pstream initialized with:
    node communication : off [type=host] (4 ranks, 1 nodes)
    topology controls  : none
    consensus exchange : 0 (tuning: 0)
    exchange algorithm : 0
    commsType          : nonBlocking
    polling iterations : 0
trapFpe: Floating point exception trapping enabled (FOAM_SIGFPE).
fileModificationChecking : Monitoring run-time modified files using timeStampMaster (fileModificationSkew 5, maxFileModificationPolls 20)
allowSystemOperations : Allowing user-supplied system call operations

// * * * * * * * * * * * * * * * * * * * * * * * * * * * * * * * * * * * * * //
Create time

Initializing NeoN
Creating Executor GPU
Creating NeoFOAM runTime

SIMPLE: no convergence criteria found. Calculations will run for 10 steps.

Reading field p

Reading field U

Reading/calculating face flux field phi

Selecting incompressible transport model Newtonian
NeoFOAM solver config (from fvSolution configFile) for 'config(Cg+Multigrid)':
{
    cacheSolver: true
    configFile: <NeoN::TokenList>
    l1ScaledResidual: true
    preconditionerRebuildInterval: 0
    relTol: 0.010000
    reportName: config(Cg+Multigrid)
    solver: Ginkgo
    tolerance: 0.000000
}
    effective optimize: false
    effective checkFrequency: 1
Mapping OpenFOAM solver settings to NeoN settings.
Currently, it is advisable to specify a configFile
for fine grained Ginkgo solver control

Replacing solver PBiCGStab by solver::Bicgstab
Replacing preconditioner diagonal by preconditioner::Schwarz (Schwarz-wrapped for distributed run)
NeoFOAM solver config (mapped from fvSolution) for 'Schwarz(Jacobi)+Bicgstab':
{
    cacheSolver: true
    criteria: {
        absolute_residual_norm: 0.000000
        initial_residual_norm: 0.100000
        iteration: 1000
    }
    l1ScaledResidual: true
    optimize: false
    preconditioner: {
        local_solver: {
            max_block_size: 1
            type: preconditioner::Jacobi
        }
        type: preconditioner::Schwarz
    }
    reportName: Schwarz(Jacobi)+Bicgstab
    solver: Ginkgo
    type: solver::Bicgstab
}
    effective optimize: false
    effective checkFrequency: 1
Creating phi

[NF][/storage/home/greole/code/NeoFOAM/include/NeoFOAM/auxiliary/readers.hpp::423]: Internal: 49333487, Boundary: 1754396

[NF][/storage/home/greole/code/NeoFOAM/include/NeoFOAM/auxiliary/readers.hpp::423]: Internal: 49320882, Boundary: 1762558

[NF][/storage/home/greole/code/NeoFOAM/include/NeoFOAM/auxiliary/readers.hpp::423]: Internal: 49243125, Boundary: 1362247

[NF][/storage/home/greole/code/NeoFOAM/include/NeoFOAM/auxiliary/readers.hpp::423]: Internal: 49261542, Boundary: 1427829
Selecting patchDistMethod meshWave
Mapping OpenFOAM solver settings to NeoN settings.
Currently, it is advisable to specify a configFile
for fine grained Ginkgo solver control

Replacing solver PBiCGStab by solver::Bicgstab
Replacing preconditioner diagonal by preconditioner::Schwarz (Schwarz-wrapped for distributed run)
NeoFOAM solver config (mapped from fvSolution) for 'Schwarz(Jacobi)+Bicgstab':
{
    cacheSolver: true
    criteria: {
        absolute_residual_norm: 0.000000
        initial_residual_norm: 0.100000
        iteration: 1000
    }
    l1ScaledResidual: true
    optimize: false
    preconditioner: {
        local_solver: {
            max_block_size: 1
            type: preconditioner::Jacobi
        }
        type: preconditioner::Schwarz
    }
    reportName: Schwarz(Jacobi)+Bicgstab
    solver: Ginkgo
    type: solver::Bicgstab
}
    effective optimize: false
    effective checkFrequency: 1
Mapping OpenFOAM solver settings to NeoN settings.
Currently, it is advisable to specify a configFile
for fine grained Ginkgo solver control

Replacing solver PBiCGStab by solver::Bicgstab
Replacing preconditioner diagonal by preconditioner::Schwarz (Schwarz-wrapped for distributed run)
NeoFOAM solver config (mapped from fvSolution) for 'Schwarz(Jacobi)+Bicgstab':
{
    cacheSolver: true
    criteria: {
        absolute_residual_norm: 0.000000
        initial_residual_norm: 0.100000
        iteration: 1000
    }
    l1ScaledResidual: true
    optimize: false
    preconditioner: {
        local_solver: {
            max_block_size: 1
            type: preconditioner::Jacobi
        }
        type: preconditioner::Schwarz
    }
    reportName: Schwarz(Jacobi)+Bicgstab
    solver: Ginkgo
    type: solver::Bicgstab
}
    effective optimize: false
    effective checkFrequency: 1
Starting time loop
Time = 1051
[mem] step-start: DEVICE_POOL current=12979 MB  actual(reserved)=38146 MB  highWater=19132 MB
Schwarz(Jacobi)+Bicgstab:  Solving for Ux, Initial residual = 8.138773099436242e-05, Final residual = 3.3128387725957135e-06, No Iterations 3, Solve time = 75.545 ms
Schwarz(Jacobi)+Bicgstab:  Solving for Uy, Initial residual = 0.004403238680958118, Final residual = 0.0001535895533134368, No Iterations 3, Solve time = 75.545 ms
Schwarz(Jacobi)+Bicgstab:  Solving for Uz, Initial residual = 0.0011397400823179122, Final residual = 5.8325628497642955e-05, No Iterations 3, Solve time = 75.545 ms
[mem] after-UEqn: DEVICE_POOL current=15847 MB  actual(reserved)=38146 MB  highWater=21135 MB
config(Cg+Multigrid):  Solving for p, Initial residual = 0.0013256944227603444, Final residual = 1.2301205065964572e-05, No Iterations 8, Solve time = 147.403 ms
time step continuity errors : sum local = 3.0689467010061535e-06, global = -3.781872266386837e-08, cumulative = -3.781872266386837e-08
[mem] after-pEqn: DEVICE_POOL current=17315 MB  actual(reserved)=38146 MB  highWater=21135 MB
Schwarz(Jacobi)+Bicgstab:  Solving for omega, Initial residual = 1.3535603091658366e-05, Final residual = 9.669819361884571e-07, No Iterations 2, Solve time = 17.584 ms
bounding omega, min: -47623.16673555867 max: 45355982.607066974 average: 6371.528686106016
Schwarz(Jacobi)+Bicgstab:  Solving for k, Initial residual = 0.00025270633669090335, Final residual = 1.4870700135361665e-05, No Iterations 2, Solve time = 17.35 ms
bounding k, min: -0.00965704323836633 max: 920.0215110326469 average: 9.131308832667594
[mem] after-turb: DEVICE_POOL current=19500 MB  actual(reserved)=38146 MB  highWater=22309 MB
[phase] step total=6192.617144 ms | 1_momConstruct=2192.422998 2_momSolve=1788.861484 3_pressureCorr=1815.637905 3a_pSolve=1714.338312 4_turbulence=395.642034 | other=-1714.285589
[phase] step total=6192.615792 ms | 1_momConstruct=2192.073247 2_momSolve=1789.622961 3_pressureCorr=1816.106070 3a_pSolve=1714.325714 4_turbulence=394.785486 | other=-1714.297686
[phase] step total=6192.621610 ms | 1_momConstruct=2192.151515 2_momSolve=1789.873065 3_pressureCorr=1815.397705 3a_pSolve=1714.320286 4_turbulence=395.179638 | other=-1714.300599
ExecutionTime = 44.21 s  ClockTime = 45 s

[phase] step total=6192.688352 ms | 1_momConstruct=2181.630667 2_momSolve=1800.236577 3_pressureCorr=1816.029163 3a_pSolve=1714.337571 4_turbulence=394.769664 | other=-1714.315290
Time = 1052
[mem] step-start: DEVICE_POOL current=19500 MB  actual(reserved)=38146 MB  highWater=22309 MB
Schwarz(Jacobi)+Bicgstab:  Solving for Ux, Initial residual = 8.102363692721538e-05, Final residual = 3.171718058301778e-06, No Iterations 3, Solve time = 56.827 ms
Schwarz(Jacobi)+Bicgstab:  Solving for Uy, Initial residual = 0.004412795692256499, Final residual = 0.00014457781641411584, No Iterations 3, Solve time = 56.827 ms
Schwarz(Jacobi)+Bicgstab:  Solving for Uz, Initial residual = 0.0011386595447165256, Final residual = 4.1159736784294975e-05, No Iterations 3, Solve time = 56.827 ms
[mem] after-UEqn: DEVICE_POOL current=19500 MB  actual(reserved)=38146 MB  highWater=24788 MB
config(Cg+Multigrid):  Solving for p, Initial residual = 0.001301377403127066, Final residual = 1.2648367365317045e-05, No Iterations 8, Solve time = 174.853 ms
time step continuity errors : sum local = 3.157090038514097e-06, global = -2.5280907226816732e-08, cumulative = -6.30996298906851e-08
[mem] after-pEqn: DEVICE_POOL current=19500 MB  actual(reserved)=38146 MB  highWater=24788 MB
Schwarz(Jacobi)+Bicgstab:  Solving for omega, Initial residual = 1.3464816399280526e-05, Final residual = 9.164343270066326e-07, No Iterations 2, Solve time = 16.148 ms
bounding omega, min: -47135.09507821965 max: 45355982.621183254 average: 6371.184523201433
Schwarz(Jacobi)+Bicgstab:  Solving for k, Initial residual = 0.0002527439759674173, Final residual = 1.512323350684873e-05, No Iterations 2, Solve time = 15.915 ms
bounding k, min: -0.0038585515952706956 max: 909.290669664527 average: 9.131668504307505
[phase] step total=832.322993 ms | 1_momConstruct=0.135246 2_momSolve=182.957918 3_pressureCorr=507.655672 3a_pSolve=446.087355 4_turbulence=141.563133 | other=-446.076331
[phase] step total=832.329552 ms | 1_momConstruct=0.135656 2_momSolve=182.844903 3_pressureCorr=507.464668 3a_pSolve=446.066446 4_turbulence=141.868944 | other=-446.051065
[mem] after-turb: DEVICE_POOL current=19500 MB  actual(reserved)=38146 MB  highWater=24788 MB
[phase] step total=832.345664 ms | 1_momConstruct=0.134986 2_momSolve=183.124317 3_pressureCorr=506.721787 3a_pSolve=446.089788 4_turbulence=142.334174 | other=-446.059388
ExecutionTime = 45.02 s  ClockTime = 45 s

[phase] step total=832.402462 ms | 1_momConstruct=0.163696 2_momSolve=183.269846 3_pressureCorr=507.268709 3a_pSolve=446.071072 4_turbulence=141.688966 | other=-446.059827
Time = 1053
[mem] step-start: DEVICE_POOL current=19500 MB  actual(reserved)=38146 MB  highWater=24788 MB
Schwarz(Jacobi)+Bicgstab:  Solving for Ux, Initial residual = 8.087368904565347e-05, Final residual = 2.5193802768125185e-06, No Iterations 3, Solve time = 57.748 ms
Schwarz(Jacobi)+Bicgstab:  Solving for Uy, Initial residual = 0.004419730811522691, Final residual = 0.0001480145169997731, No Iterations 3, Solve time = 57.748 ms
Schwarz(Jacobi)+Bicgstab:  Solving for Uz, Initial residual = 0.0011363089405078736, Final residual = 4.270993929334956e-05, No Iterations 3, Solve time = 57.748 ms
[mem] after-UEqn: DEVICE_POOL current=19500 MB  actual(reserved)=38146 MB  highWater=24788 MB
config(Cg+Multigrid):  Solving for p, Initial residual = 0.0012922762945639032, Final residual = 1.0450854665224223e-05, No Iterations 9, Solve time = 181.07 ms
time step continuity errors : sum local = 2.609920369026228e-06, global = -1.163688169010877e-08, cumulative = -7.473651158079387e-08
[mem] after-pEqn: DEVICE_POOL current=19500 MB  actual(reserved)=38146 MB  highWater=24788 MB
Schwarz(Jacobi)+Bicgstab:  Solving for omega, Initial residual = 1.3367397304410933e-05, Final residual = 8.961800800439531e-07, No Iterations 2, Solve time = 15.824 ms
bounding omega, min: -46798.93234014772 max: 45355982.64396542 average: 6370.921389898419
Schwarz(Jacobi)+Bicgstab:  Solving for k, Initial residual = 0.0002528232142984685, Final residual = 1.4872183316559062e-05, No Iterations 2, Solve time = 16.117 ms
bounding k, min: -0.004032733405458927 max: 895.9027689280845 average: 9.132183025767496
[phase] step total=845.543304 ms | 1_momConstruct=0.140393 2_momSolve=182.237307 3_pressureCorr=522.077825 3a_pSolve=461.417947 4_turbulence=141.077285 | other=-461.407453
[phase] step total=845.555661 ms | 1_momConstruct=0.116671 2_momSolve=181.686690 3_pressureCorr=522.412484 3a_pSolve=461.418177 4_turbulence=141.328701 | other=-461.407062
[mem] after-turb: DEVICE_POOL current=19500 MB  actual(reserved)=38146 MB  highWater=24788 MB
[phase] step total=845.573185 ms | 1_momConstruct=0.112114 2_momSolve=182.092828 3_pressureCorr=521.514039 3a_pSolve=461.440338 4_turbulence=141.825204 | other=-461.411338
ExecutionTime = 45.85 s  ClockTime = 46 s

[phase] step total=845.619428 ms | 1_momConstruct=0.115899 2_momSolve=182.361387 3_pressureCorr=521.976525 3a_pSolve=461.416575 4_turbulence=141.155161 | other=-461.406119
Time = 1054
[mem] step-start: DEVICE_POOL current=19500 MB  actual(reserved)=38146 MB  highWater=24788 MB
Schwarz(Jacobi)+Bicgstab:  Solving for Ux, Initial residual = 8.079166143151257e-05, Final residual = 2.289030363985328e-06, No Iterations 3, Solve time = 57.788 ms
Schwarz(Jacobi)+Bicgstab:  Solving for Uy, Initial residual = 0.004426852955072826, Final residual = 0.00015538639153246864, No Iterations 3, Solve time = 57.788 ms
Schwarz(Jacobi)+Bicgstab:  Solving for Uz, Initial residual = 0.0011349476261216928, Final residual = 7.285298265760396e-05, No Iterations 3, Solve time = 57.788 ms
[mem] after-UEqn: DEVICE_POOL current=19500 MB  actual(reserved)=38146 MB  highWater=24788 MB
config(Cg+Multigrid):  Solving for p, Initial residual = 0.0012829897352432537, Final residual = 1.2539990395085563e-05, No Iterations 8, Solve time = 159.789 ms
time step continuity errors : sum local = 3.133875853092474e-06, global = -1.6478428298545644e-08, cumulative = -9.121493987933952e-08
[mem] after-pEqn: DEVICE_POOL current=19500 MB  actual(reserved)=38146 MB  highWater=24788 MB
Schwarz(Jacobi)+Bicgstab:  Solving for omega, Initial residual = 1.321692829645649e-05, Final residual = 8.793683544889853e-07, No Iterations 2, Solve time = 16.088 ms
bounding omega, min: -102833.48461202817 max: 45355982.67719437 average: 6370.98816642392
Schwarz(Jacobi)+Bicgstab:  Solving for k, Initial residual = 0.00025268615266686685, Final residual = 1.4877198508659297e-05, No Iterations 2, Solve time = 15.716 ms
bounding k, min: -0.0037905934773160427 max: 879.6052822037992 average: 9.13256521147068
[mem] after-turb: DEVICE_POOL current=19500 MB  actual(reserved)=38146 MB  highWater=24788 MB
[phase] step total=829.724130 ms | 1_momConstruct=0.105896 2_momSolve=182.500228 3_pressureCorr=506.146215 3a_pSolve=445.548314 4_turbulence=140.959383 | other=-445.535906
[phase] step total=829.736125 ms | 1_momConstruct=0.100158 2_momSolve=182.651546 3_pressureCorr=505.517010 3a_pSolve=445.594207 4_turbulence=141.438642 | other=-445.565438
ExecutionTime = 46.67 s  ClockTime = 47 s

[phase] step total=829.764645 ms | 1_momConstruct=0.141505 2_momSolve=182.105726 3_pressureCorr=506.718072 3a_pSolve=445.548834 4_turbulence=140.788658 | other=-445.538150
[phase] step total=829.845436 ms | 1_momConstruct=0.113296 2_momSolve=182.739698 3_pressureCorr=506.124566 3a_pSolve=445.547322 4_turbulence=140.857383 | other=-445.536829
Time = 1055
[mem] step-start: DEVICE_POOL current=19500 MB  actual(reserved)=38146 MB  highWater=24788 MB
Schwarz(Jacobi)+Bicgstab:  Solving for Ux, Initial residual = 8.055810076638194e-05, Final residual = 3.865777190461773e-06, No Iterations 2, Solve time = 45.281 ms
Schwarz(Jacobi)+Bicgstab:  Solving for Uy, Initial residual = 0.004431465666912693, Final residual = 0.0006723039770438227, No Iterations 2, Solve time = 45.281 ms
Schwarz(Jacobi)+Bicgstab:  Solving for Uz, Initial residual = 0.0011365863243750073, Final residual = 7.569606688821934e-05, No Iterations 2, Solve time = 45.281 ms
[mem] after-UEqn: DEVICE_POOL current=19500 MB  actual(reserved)=38146 MB  highWater=24788 MB
config(Cg+Multigrid):  Solving for p, Initial residual = 0.0013010195169598565, Final residual = 1.2780667240991322e-05, No Iterations 8, Solve time = 161.669 ms
time step continuity errors : sum local = 3.1966828761193994e-06, global = -2.2288806578126707e-08, cumulative = -1.1350374645746623e-07
[mem] after-pEqn: DEVICE_POOL current=19500 MB  actual(reserved)=38146 MB  highWater=24788 MB
Schwarz(Jacobi)+Bicgstab:  Solving for omega, Initial residual = 1.3181239319411932e-05, Final residual = 8.708063402042987e-07, No Iterations 2, Solve time = 15.663 ms
bounding omega, min: -45519.401963572884 max: 45355982.72184932 average: 6371.021066317886
Schwarz(Jacobi)+Bicgstab:  Solving for k, Initial residual = 0.0002531322238031385, Final residual = 1.52532778731999e-05, No Iterations 2, Solve time = 15.742 ms
bounding k, min: -0.0035336864070107388 max: 871.224145700256 average: 9.132881854941669
[mem] after-turb: DEVICE_POOL current=19500 MB  actual(reserved)=38146 MB  highWater=24788 MB
[phase] step total=815.726520 ms | 1_momConstruct=0.114207 2_momSolve=170.213762 3_pressureCorr=503.622135 3a_pSolve=443.871437 4_turbulence=141.746766 | other=-443.841787
[phase] step total=815.727972 ms | 1_momConstruct=0.124641 2_momSolve=169.994210 3_pressureCorr=504.486994 3a_pSolve=443.826396 4_turbulence=141.111822 | other=-443.816091
[phase] step total=815.737495 ms | 1_momConstruct=0.120225 2_momSolve=169.853977 3_pressureCorr=504.149069 3a_pSolve=443.826536 4_turbulence=141.601145 | other=-443.813457
ExecutionTime = 47.47 s  ClockTime = 48 s

[phase] step total=815.761829 ms | 1_momConstruct=0.113135 2_momSolve=170.047414 3_pressureCorr=504.406894 3a_pSolve=443.825164 4_turbulence=141.183892 | other=-443.814670
Time = 1056
[mem] step-start: DEVICE_POOL current=19500 MB  actual(reserved)=38146 MB  highWater=24788 MB
Schwarz(Jacobi)+Bicgstab:  Solving for Ux, Initial residual = 8.072691325746409e-05, Final residual = 4.10277440115393e-06, No Iterations 2, Solve time = 45.321 ms
Schwarz(Jacobi)+Bicgstab:  Solving for Uy, Initial residual = 0.004398875350167181, Final residual = 0.0008343765064748452, No Iterations 2, Solve time = 45.321 ms
Schwarz(Jacobi)+Bicgstab:  Solving for Uz, Initial residual = 0.0011423816730501187, Final residual = 8.394802743501149e-05, No Iterations 2, Solve time = 45.321 ms
[mem] after-UEqn: DEVICE_POOL current=19500 MB  actual(reserved)=38146 MB  highWater=24788 MB
config(Cg+Multigrid):  Solving for p, Initial residual = 0.001286827950165911, Final residual = 1.2336132700469965e-05, No Iterations 8, Solve time = 159.56 ms
time step continuity errors : sum local = 3.0883356299475687e-06, global = -1.7350965560135294e-08, cumulative = -1.3085471201760153e-07
[mem] after-pEqn: DEVICE_POOL current=19500 MB  actual(reserved)=38146 MB  highWater=24788 MB
Schwarz(Jacobi)+Bicgstab:  Solving for omega, Initial residual = 1.315909054197302e-05, Final residual = 8.660913086346706e-07, No Iterations 2, Solve time = 15.808 ms
bounding omega, min: -43130.871652342285 max: 45355982.77572454 average: 6371.03255267238
Schwarz(Jacobi)+Bicgstab:  Solving for k, Initial residual = 0.0002530532198682189, Final residual = 1.5288528954917675e-05, No Iterations 2, Solve time = 15.741 ms
bounding k, min: -0.0017890954058955855 max: 864.3838816325388 average: 9.1334784900193
[mem] after-turb: DEVICE_POOL current=19500 MB  actual(reserved)=38146 MB  highWater=24788 MB
[phase] step total=815.083926 ms | 1_momConstruct=0.126343 2_momSolve=170.303796 3_pressureCorr=503.669079 3a_pSolve=442.898540 4_turbulence=140.972912 | other=-442.886744
[phase] step total=815.083806 ms | 1_momConstruct=0.118493 2_momSolve=169.842822 3_pressureCorr=503.907508 3a_pSolve=442.899231 4_turbulence=141.199192 | other=-442.883440
[phase] step total=815.092388 ms | 1_momConstruct=0.148394 2_momSolve=170.182069 3_pressureCorr=502.941249 3a_pSolve=442.914912 4_turbulence=141.795493 | other=-442.889729
ExecutionTime = 48.28 s  ClockTime = 49 s

[phase] step total=815.148615 ms | 1_momConstruct=0.107057 2_momSolve=170.480949 3_pressureCorr=503.508879 3a_pSolve=442.896516 4_turbulence=141.040715 | other=-442.885501
Time = 1057
[mem] step-start: DEVICE_POOL current=19500 MB  actual(reserved)=38146 MB  highWater=24788 MB
Schwarz(Jacobi)+Bicgstab:  Solving for Ux, Initial residual = 8.058502732266942e-05, Final residual = 4.4482298620199325e-06, No Iterations 2, Solve time = 45.266 ms
Schwarz(Jacobi)+Bicgstab:  Solving for Uy, Initial residual = 0.00443640862965017, Final residual = 0.0007665484011418334, No Iterations 2, Solve time = 45.266 ms
Schwarz(Jacobi)+Bicgstab:  Solving for Uz, Initial residual = 0.0011424450763331776, Final residual = 9.234045396659464e-05, No Iterations 2, Solve time = 45.266 ms
[mem] after-UEqn: DEVICE_POOL current=19500 MB  actual(reserved)=38146 MB  highWater=24788 MB
config(Cg+Multigrid):  Solving for p, Initial residual = 0.001310216231220643, Final residual = 1.2231372469919923e-05, No Iterations 8, Solve time = 163.576 ms
time step continuity errors : sum local = 3.065326804243694e-06, global = -1.834630568921473e-08, cumulative = -1.4920101770681627e-07
[mem] after-pEqn: DEVICE_POOL current=19500 MB  actual(reserved)=38146 MB  highWater=24788 MB
Schwarz(Jacobi)+Bicgstab:  Solving for omega, Initial residual = 1.31380170632543e-05, Final residual = 8.656102250842098e-07, No Iterations 2, Solve time = 15.649 ms
bounding omega, min: -41874.95487107491 max: 45355982.84065516 average: 6371.083223858695
Schwarz(Jacobi)+Bicgstab:  Solving for k, Initial residual = 0.00025311168137110665, Final residual = 1.5213430598353276e-05, No Iterations 2, Solve time = 15.808 ms
bounding k, min: -0.0022145441345901226 max: 862.6923654690911 average: 9.13406442013154
[mem] after-turb: DEVICE_POOL current=19500 MB  actual(reserved)=38146 MB  highWater=24788 MB
[phase] step total=817.663204 ms | 1_momConstruct=0.135216 2_momSolve=170.024502 3_pressureCorr=505.683099 3a_pSolve=446.088687 4_turbulence=141.790146 | other=-446.058446
[phase] step total=817.658658 ms | 1_momConstruct=0.119043 2_momSolve=169.695840 3_pressureCorr=506.550712 3a_pSolve=446.070973 4_turbulence=141.280314 | other=-446.058224
[phase] step total=817.658688 ms | 1_momConstruct=0.117953 2_momSolve=169.819941 3_pressureCorr=506.656057 3a_pSolve=446.070953 4_turbulence=141.052221 | other=-446.058437
ExecutionTime = 49.09 s  ClockTime = 49 s

[phase] step total=817.722355 ms | 1_momConstruct=0.105706 2_momSolve=169.902755 3_pressureCorr=506.578961 3a_pSolve=446.069350 4_turbulence=141.123839 | other=-446.058256
Time = 1058
[mem] step-start: DEVICE_POOL current=19500 MB  actual(reserved)=38146 MB  highWater=24788 MB
Schwarz(Jacobi)+Bicgstab:  Solving for Ux, Initial residual = 8.04894753468568e-05, Final residual = 5.047055288768922e-06, No Iterations 3, Solve time = 57.452 ms
Schwarz(Jacobi)+Bicgstab:  Solving for Uy, Initial residual = 0.004497818187543706, Final residual = 0.0001366166557288903, No Iterations 3, Solve time = 57.452 ms
Schwarz(Jacobi)+Bicgstab:  Solving for Uz, Initial residual = 0.0011342495939709078, Final residual = 4.57386611468782e-05, No Iterations 3, Solve time = 57.452 ms
[mem] after-UEqn: DEVICE_POOL current=19500 MB  actual(reserved)=38146 MB  highWater=24788 MB
config(Cg+Multigrid):  Solving for p, Initial residual = 0.0012887750165070197, Final residual = 1.1125598685870652e-05, No Iterations 8, Solve time = 165.117 ms
time step continuity errors : sum local = 2.7910816221378863e-06, global = -1.5951815337854252e-08, cumulative = -1.6515283304467053e-07
[mem] after-pEqn: DEVICE_POOL current=19500 MB  actual(reserved)=38146 MB  highWater=24788 MB
Schwarz(Jacobi)+Bicgstab:  Solving for omega, Initial residual = 1.3138671645268973e-05, Final residual = 8.642211979294171e-07, No Iterations 2, Solve time = 15.817 ms
bounding omega, min: -99144.37958818696 max: 45355982.91364788 average: 6371.107158317097
Schwarz(Jacobi)+Bicgstab:  Solving for k, Initial residual = 0.00025346648160874213, Final residual = 1.5275737148996194e-05, No Iterations 2, Solve time = 15.875 ms
bounding k, min: -0.0029799384343494606 max: 860.9160396341722 average: 9.134668431798172
[mem] after-turb: DEVICE_POOL current=19500 MB  actual(reserved)=38146 MB  highWater=24788 MB
[phase] step total=830.361867 ms | 1_momConstruct=0.119274 2_momSolve=182.193035 3_pressureCorr=506.973454 3a_pSolve=446.312905 4_turbulence=141.064677 | other=-446.301478
[phase] step total=830.373122 ms | 1_momConstruct=0.124161 2_momSolve=182.015031 3_pressureCorr=506.363414 3a_pSolve=446.331871 4_turbulence=141.838211 | other=-446.299566
[phase] step total=830.375235 ms | 1_momConstruct=0.122708 2_momSolve=181.380738 3_pressureCorr=507.534455 3a_pSolve=446.308429 4_turbulence=141.325396 | other=-446.296491
ExecutionTime = 49.9 s  ClockTime = 50 s

[phase] step total=830.426245 ms | 1_momConstruct=0.101619 2_momSolve=182.301965 3_pressureCorr=506.883069 3a_pSolve=446.315579 4_turbulence=141.128725 | other=-446.304712
Time = 1059
[mem] step-start: DEVICE_POOL current=19500 MB  actual(reserved)=38146 MB  highWater=24788 MB
Schwarz(Jacobi)+Bicgstab:  Solving for Ux, Initial residual = 8.059904595773632e-05, Final residual = 4.647325367995021e-06, No Iterations 3, Solve time = 57.02 ms
Schwarz(Jacobi)+Bicgstab:  Solving for Uy, Initial residual = 0.004488831235983338, Final residual = 0.00013622058647437717, No Iterations 3, Solve time = 57.02 ms
Schwarz(Jacobi)+Bicgstab:  Solving for Uz, Initial residual = 0.0011309727261473504, Final residual = 4.524707147975191e-05, No Iterations 3, Solve time = 57.02 ms
[mem] after-UEqn: DEVICE_POOL current=19500 MB  actual(reserved)=38146 MB  highWater=24788 MB
config(Cg+Multigrid):  Solving for p, Initial residual = 0.001282729297980213, Final residual = 1.069692827026708e-05, No Iterations 8, Solve time = 164.406 ms
time step continuity errors : sum local = 2.686375331637729e-06, global = -1.0725829028404646e-08, cumulative = -1.7587866207307517e-07
[mem] after-pEqn: DEVICE_POOL current=19500 MB  actual(reserved)=38146 MB  highWater=24788 MB
Schwarz(Jacobi)+Bicgstab:  Solving for omega, Initial residual = 1.3146251332311641e-05, Final residual = 8.613492194104772e-07, No Iterations 2, Solve time = 15.718 ms
bounding omega, min: -38263.46455263093 max: 45355982.991608284 average: 6371.108829406615
Schwarz(Jacobi)+Bicgstab:  Solving for k, Initial residual = 0.0002537909448149619, Final residual = 1.5254711928910665e-05, No Iterations 2, Solve time = 15.927 ms
bounding k, min: -0.0026837576602430913 max: 861.518781640443 average: 9.13525319276787
[mem] after-turb: DEVICE_POOL current=19500 MB  actual(reserved)=38146 MB  highWater=24788 MB
[phase] step total=829.578469 ms | 1_momConstruct=0.110161 2_momSolve=181.485944 3_pressureCorr=506.893443 3a_pSolve=446.307578 4_turbulence=141.078867 | other=-446.297524
[phase] step total=829.573893 ms | 1_momConstruct=0.120015 2_momSolve=181.700889 3_pressureCorr=506.452407 3a_pSolve=446.305815 4_turbulence=141.288425 | other=-446.293658
[phase] step total=829.588723 ms | 1_momConstruct=0.121577 2_momSolve=181.819573 3_pressureCorr=505.784258 3a_pSolve=446.327916 4_turbulence=141.835017 | other=-446.299618
ExecutionTime = 50.72 s  ClockTime = 51 s

[phase] step total=829.642317 ms | 1_momConstruct=0.101509 2_momSolve=181.370765 3_pressureCorr=507.014079 3a_pSolve=446.306426 4_turbulence=141.144487 | other=-446.294949
Time = 1060
[mem] step-start: DEVICE_POOL current=19500 MB  actual(reserved)=38146 MB  highWater=24788 MB
Schwarz(Jacobi)+Bicgstab:  Solving for Ux, Initial residual = 8.07512575546671e-05, Final residual = 4.608398498181495e-06, No Iterations 3, Solve time = 56.915 ms
Schwarz(Jacobi)+Bicgstab:  Solving for Uy, Initial residual = 0.004464458659831066, Final residual = 0.0001379299346938013, No Iterations 3, Solve time = 56.915 ms
Schwarz(Jacobi)+Bicgstab:  Solving for Uz, Initial residual = 0.00113282139911856, Final residual = 4.861051565263304e-05, No Iterations 3, Solve time = 56.915 ms
[mem] after-UEqn: DEVICE_POOL current=19500 MB  actual(reserved)=38146 MB  highWater=24788 MB
config(Cg+Multigrid):  Solving for p, Initial residual = 0.0012857902217201364, Final residual = 1.0804659070585656e-05, No Iterations 8, Solve time = 162.638 ms
time step continuity errors : sum local = 2.7163695677002178e-06, global = -2.354810021841488e-09, cumulative = -1.7823347209491666e-07
[mem] after-pEqn: DEVICE_POOL current=19500 MB  actual(reserved)=38146 MB  highWater=24788 MB
Schwarz(Jacobi)+Bicgstab:  Solving for omega, Initial residual = 1.3145202679996611e-05, Final residual = 8.612043865031048e-07, No Iterations 2, Solve time = 15.679 ms
bounding omega, min: -41391.33286457543 max: 45355983.07321527 average: 6371.054617140431
Schwarz(Jacobi)+Bicgstab:  Solving for k, Initial residual = 0.0002541329467712074, Final residual = 1.535405479707271e-05, No Iterations 2, Solve time = 15.774 ms
bounding k, min: -0.0016524948370858633 max: 861.5389729147062 average: 9.135826210367831
[mem] after-turb: DEVICE_POOL current=19500 MB  actual(reserved)=38146 MB  highWater=24788 MB
Writing p
Writing U
Writing turbulence variables
[phase] step total=2986.097613 ms | 1_momConstruct=0.110612 2_momSolve=181.416387 3_pressureCorr=505.354127 3a_pSolve=444.494014 4_turbulence=141.004255 | other=1713.718218
[phase] step total=2986.563364 ms | 1_momConstruct=0.119314 2_momSolve=181.545375 3_pressureCorr=504.935611 3a_pSolve=444.493313 4_turbulence=141.282377 | other=1714.187374
[phase] step total=3171.224053 ms | 1_momConstruct=0.115759 2_momSolve=181.700218 3_pressureCorr=505.066180 3a_pSolve=444.493423 4_turbulence=141.071407 | other=1898.777066
[phase] step total=3173.762915 ms | 1_momConstruct=0.127806 2_momSolve=181.809749 3_pressureCorr=504.168366 3a_pSolve=444.514722 4_turbulence=141.772281 | other=1901.369991
ExecutionTime = 52.67 s  ClockTime = 54 s

Finalizing NeoN
Finalising parallel run
