/*---------------------------------------------------------------------------*\
| =========                 |                                                 |
| \\      /  F ield         | OpenFOAM: The Open Source CFD Toolbox           |
|  \\    /   O peration     | Version:  2506                                  |
|   \\  /    A nd           | Website:  www.openfoam.com                      |
|    \\/     M anipulation  |                                                 |
\*---------------------------------------------------------------------------*/
Build  : b050cd9480-20250814 OPENFOAM=2506 version=v2506
Arch   : "LSB;label=32;scalar=64"
Exec   : /storage/home/greole/code/NeoFOAM/build/profilingnvidia_h200/bin/neoSimpleFoam -parallel
Date   : Jul 24 2026
Time   : 12:28:04
Host   : gpu-nvidia-h200-3.int.coma-cluster.de
PID    : 3577345
I/O    : uncollated
Case   : /storage/home/greole/code/NeoFOAM/occDrivAerStaticMesh
nProcs : 4
Hosts  :
(
    (gpu-nvidia-h200-3.int.coma-cluster.de 4)
)
Pstream initialized with:
    node communication : off [type=host] (4 ranks, 1 nodes)
    topology controls  : none
    consensus exchange : 0 (tuning: 0)
    exchange algorithm : 0
    commsType          : nonBlocking
    polling iterations : 0
trapFpe: Floating point exception trapping enabled (FOAM_SIGFPE).
fileModificationChecking : Monitoring run-time modified files using timeStampMaster (fileModificationSkew 5, maxFileModificationPolls 20)
allowSystemOperations : Allowing user-supplied system call operations

// * * * * * * * * * * * * * * * * * * * * * * * * * * * * * * * * * * * * * //
Create time

Initializing NeoN
Creating Executor GPU
Creating NeoFOAM runTime

SIMPLE: no convergence criteria found. Calculations will run for 1 steps.

Reading field p

Reading field U

Reading/calculating face flux field phi

Selecting incompressible transport model Newtonian
NeoFOAM solver config (from fvSolution configFile) for 'config(Cg+Multigrid)':
{
    cacheSolver: true
    configFile: <NeoN::TokenList>
    l1ScaledResidual: true
    preconditionerRebuildInterval: 0
    relTol: 0.010000
    reportName: config(Cg+Multigrid)
    solver: Ginkgo
    tolerance: 0.000000
}
    effective optimize: false
    effective checkFrequency: 1
Mapping OpenFOAM solver settings to NeoN settings.
Currently, it is advisable to specify a configFile
for fine grained Ginkgo solver control

Replacing solver PBiCGStab by solver::Bicgstab
Replacing preconditioner diagonal by preconditioner::Schwarz (Schwarz-wrapped for distributed run)
NeoFOAM solver config (mapped from fvSolution) for 'Schwarz(Jacobi)+Bicgstab':
{
    cacheSolver: true
    criteria: {
        absolute_residual_norm: 0.000000
        initial_residual_norm: 0.100000
        iteration: 1000
    }
    l1ScaledResidual: true
    optimize: false
    preconditioner: {
        local_solver: {
            max_block_size: 1
            type: preconditioner::Jacobi
        }
        type: preconditioner::Schwarz
    }
    reportName: Schwarz(Jacobi)+Bicgstab
    solver: Ginkgo
    type: solver::Bicgstab
}
    effective optimize: false
    effective checkFrequency: 1
Creating phi

[NF][/storage/home/greole/code/NeoFOAM/include/NeoFOAM/auxiliary/readers.hpp::423]: Internal: 49333487, Boundary: 1754396

[NF][/storage/home/greole/code/NeoFOAM/include/NeoFOAM/auxiliary/readers.hpp::423]: Internal: 49320882, Boundary: 1762558

[NF][/storage/home/greole/code/NeoFOAM/include/NeoFOAM/auxiliary/readers.hpp::423]: Internal: 49261542, Boundary: 1427829

[NF][/storage/home/greole/code/NeoFOAM/include/NeoFOAM/auxiliary/readers.hpp::423]: Internal: 49243125, Boundary: 1362247
Selecting patchDistMethod meshWave
Mapping OpenFOAM solver settings to NeoN settings.
Currently, it is advisable to specify a configFile
for fine grained Ginkgo solver control

Replacing solver PBiCGStab by solver::Bicgstab
Replacing preconditioner diagonal by preconditioner::Schwarz (Schwarz-wrapped for distributed run)
NeoFOAM solver config (mapped from fvSolution) for 'Schwarz(Jacobi)+Bicgstab':
{
    cacheSolver: true
    criteria: {
        absolute_residual_norm: 0.000000
        initial_residual_norm: 0.100000
        iteration: 1000
    }
    l1ScaledResidual: true
    optimize: false
    preconditioner: {
        local_solver: {
            max_block_size: 1
            type: preconditioner::Jacobi
        }
        type: preconditioner::Schwarz
    }
    reportName: Schwarz(Jacobi)+Bicgstab
    solver: Ginkgo
    type: solver::Bicgstab
}
    effective optimize: false
    effective checkFrequency: 1
Mapping OpenFOAM solver settings to NeoN settings.
Currently, it is advisable to specify a configFile
for fine grained Ginkgo solver control

Replacing solver PBiCGStab by solver::Bicgstab
Replacing preconditioner diagonal by preconditioner::Schwarz (Schwarz-wrapped for distributed run)
NeoFOAM solver config (mapped from fvSolution) for 'Schwarz(Jacobi)+Bicgstab':
{
    cacheSolver: true
    criteria: {
        absolute_residual_norm: 0.000000
        initial_residual_norm: 0.100000
        iteration: 1000
    }
    l1ScaledResidual: true
    optimize: false
    preconditioner: {
        local_solver: {
            max_block_size: 1
            type: preconditioner::Jacobi
        }
        type: preconditioner::Schwarz
    }
    reportName: Schwarz(Jacobi)+Bicgstab
    solver: Ginkgo
    type: solver::Bicgstab
}
    effective optimize: false
    effective checkFrequency: 1
Starting time loop
Time = 1051
[mem] step-start: DEVICE_POOL current=12979 MB  actual(reserved)=38146 MB  highWater=19132 MB
[nonlocal] NeoN-INPUT non-local Csr: rows=16333691 ncols=77242 nnz=85143
  NeoN local-row 936023 cols: 1617 1652
  NeoN local-row 936025 cols: 1617 1651
  NeoN local-row 938187 cols: 1616 1650
  NeoN local-row 938189 cols: 1616 1649
  NeoN local-row 940559 cols: 1641 1677
  NeoN local-row 940561 cols: 1641 1678
  NeoN local-row 942975 cols: 1640 1676
  NeoN local-row 942977 cols: 1640 1675
Schwarz(Jacobi)+Bicgstab:  Solving for Ux, Initial residual = 8.138773099436209e-05, Final residual = 3.3128387725960917e-06, No Iterations 3, Solve time = 85.227 ms
Schwarz(Jacobi)+Bicgstab:  Solving for Uy, Initial residual = 0.004403238680958119, Final residual = 0.00015358955331343748, No Iterations 3, Solve time = 85.227 ms
Schwarz(Jacobi)+Bicgstab:  Solving for Uz, Initial residual = 0.0011397400823179122, Final residual = 5.832562849764573e-05, No Iterations 3, Solve time = 85.227 ms
[mem] after-UEqn: DEVICE_POOL current=15847 MB  actual(reserved)=38146 MB  highWater=21135 MB
[nonlocal] NeoN-INPUT non-local Csr: rows=16333691 ncols=77242 nnz=85143
  NeoN local-row 936023 cols: 1617 1652
  NeoN local-row 936025 cols: 1617 1651
  NeoN local-row 938187 cols: 1616 1650
  NeoN local-row 938189 cols: 1616 1649
  NeoN local-row 940559 cols: 1641 1677
  NeoN local-row 940561 cols: 1641 1678
  NeoN local-row 942975 cols: 1640 1676
  NeoN local-row 942977 cols: 1640 1675
config(Cg+Multigrid):  Solving for p, Initial residual = 0.0013256944227602653, Final residual = 1.1065017612368083e-05, No Iterations 7, Solve time = 215.41 ms
time step continuity errors : sum local = 2.760538428233528e-06, global = -5.720331156308225e-09, cumulative = -5.720331156308225e-09
[mem] after-pEqn: DEVICE_POOL current=17315 MB  actual(reserved)=38146 MB  highWater=21135 MB
[nonlocal] NeoN-INPUT non-local Csr: rows=16333691 ncols=77242 nnz=85143
  NeoN local-row 936023 cols: 1617 1652
  NeoN local-row 936025 cols: 1617 1651
  NeoN local-row 938187 cols: 1616 1650
  NeoN local-row 938189 cols: 1616 1649
  NeoN local-row 940559 cols: 1641 1677
  NeoN local-row 940561 cols: 1641 1678
  NeoN local-row 942975 cols: 1640 1676
  NeoN local-row 942977 cols: 1640 1675
Schwarz(Jacobi)+Bicgstab:  Solving for omega, Initial residual = 1.353556705650537e-05, Final residual = 9.669895789559994e-07, No Iterations 2, Solve time = 18.98 ms
bounding omega, min: -47620.41181140053 max: 45355982.60706698 average: 6371.521267802339
[nonlocal] NeoN-INPUT non-local Csr: rows=16333691 ncols=77242 nnz=85143
  NeoN local-row 936023 cols: 1617 1652
  NeoN local-row 936025 cols: 1617 1651
  NeoN local-row 938187 cols: 1616 1650
  NeoN local-row 938189 cols: 1616 1649
  NeoN local-row 940559 cols: 1641 1677
  NeoN local-row 940561 cols: 1641 1678
  NeoN local-row 942975 cols: 1640 1676
  NeoN local-row 942977 cols: 1640 1675
Schwarz(Jacobi)+Bicgstab:  Solving for k, Initial residual = 0.0002527063581477361, Final residual = 1.4870324045143964e-05, No Iterations 2, Solve time = 19.154 ms
bounding k, min: -0.009661837374574017 max: 920.0227904218797 average: 9.131309744247798
[mem] after-turb: DEVICE_POOL current=19500 MB  actual(reserved)=38146 MB  highWater=22309 MB
Writing p
Writing U
Writing turbulence variables
ExecutionTime = 45.67 s  ClockTime = 47 s

Finalizing NeoN
Finalising parallel run
