/*---------------------------------------------------------------------------*\
| =========                 |                                                 |
| \\      /  F ield         | OpenFOAM: The Open Source CFD Toolbox           |
|  \\    /   O peration     | Version:  2506                                  |
|   \\  /    A nd           | Website:  www.openfoam.com                      |
|    \\/     M anipulation  |                                                 |
\*---------------------------------------------------------------------------*/
Build  : b050cd9480-20250814 OPENFOAM=2506 version=v2506
Arch   : "LSB;label=32;scalar=64"
Exec   : /storage/home/greole/code/NeoFOAM/build/profilingnvidia_h200/bin/neoSimpleFoam -parallel
Date   : Jul 23 2026
Time   : 09:08:32
Host   : gpu-nvidia-h200-2.int.coma-cluster.de
PID    : 1945593
I/O    : uncollated
Case   : /storage/home/greole/code/NeoFOAM/occDrivAerStaticMesh
nProcs : 4
Hosts  :
(
    (gpu-nvidia-h200-2.int.coma-cluster.de 4)
)
Pstream initialized with:
    node communication : off [type=host] (4 ranks, 1 nodes)
    topology controls  : none
    consensus exchange : 0 (tuning: 0)
    exchange algorithm : 0
    commsType          : nonBlocking
    polling iterations : 0
trapFpe: Floating point exception trapping enabled (FOAM_SIGFPE).
fileModificationChecking : Monitoring run-time modified files using timeStampMaster (fileModificationSkew 5, maxFileModificationPolls 20)
allowSystemOperations : Allowing user-supplied system call operations

// * * * * * * * * * * * * * * * * * * * * * * * * * * * * * * * * * * * * * //
Create time

Initializing NeoN
Creating Executor GPU
Creating NeoFOAM runTime

SIMPLE: no convergence criteria found. Calculations will run for 6 steps.

Reading field p

Reading field U

Reading/calculating face flux field phi

Selecting incompressible transport model Newtonian
NeoFOAM solver config (from fvSolution configFile) for 'config(Cg+Multigrid)':
{
    cacheSolver: true
    configFile: <NeoN::TokenList>
    l1ScaledResidual: true
    preconditionerRebuildInterval: 0
    relTol: 0.010000
    reportName: config(Cg+Multigrid)
    solver: Ginkgo
    tolerance: 0.000000
}
    effective optimize: false
    effective checkFrequency: 1
Mapping OpenFOAM solver settings to NeoN settings.
Currently, it is advisable to specify a configFile
for fine grained Ginkgo solver control

Replacing solver PBiCGStab by solver::Bicgstab
Replacing preconditioner diagonal by preconditioner::Schwarz (Schwarz-wrapped for distributed run)
NeoFOAM solver config (mapped from fvSolution) for 'Schwarz(Jacobi)+Bicgstab':
{
    cacheSolver: true
    criteria: {
        absolute_residual_norm: 0.000000
        initial_residual_norm: 0.100000
        iteration: 1000
    }
    l1ScaledResidual: true
    optimize: false
    preconditioner: {
        local_solver: {
            max_block_size: 1
            type: preconditioner::Jacobi
        }
        type: preconditioner::Schwarz
    }
    reportName: Schwarz(Jacobi)+Bicgstab
    solver: Ginkgo
    type: solver::Bicgstab
}
    effective optimize: false
    effective checkFrequency: 1
Creating phi

[NF][/storage/home/greole/code/NeoFOAM/include/NeoFOAM/auxiliary/readers.hpp::423]: Internal: 49333487, Boundary: 1754396

[NF][/storage/home/greole/code/NeoFOAM/include/NeoFOAM/auxiliary/readers.hpp::423]: Internal: 49320882, Boundary: 1762558

[NF][/storage/home/greole/code/NeoFOAM/include/NeoFOAM/auxiliary/readers.hpp::423]: Internal: 49261542, Boundary: 1427829

[NF][/storage/home/greole/code/NeoFOAM/include/NeoFOAM/auxiliary/readers.hpp::423]: Internal: 49243125, Boundary: 1362247
Selecting patchDistMethod meshWave
Mapping OpenFOAM solver settings to NeoN settings.
Currently, it is advisable to specify a configFile
for fine grained Ginkgo solver control

Replacing solver PBiCGStab by solver::Bicgstab
Replacing preconditioner diagonal by preconditioner::Schwarz (Schwarz-wrapped for distributed run)
NeoFOAM solver config (mapped from fvSolution) for 'Schwarz(Jacobi)+Bicgstab':
{
    cacheSolver: true
    criteria: {
        absolute_residual_norm: 0.000000
        initial_residual_norm: 0.100000
        iteration: 1000
    }
    l1ScaledResidual: true
    optimize: false
    preconditioner: {
        local_solver: {
            max_block_size: 1
            type: preconditioner::Jacobi
        }
        type: preconditioner::Schwarz
    }
    reportName: Schwarz(Jacobi)+Bicgstab
    solver: Ginkgo
    type: solver::Bicgstab
}
    effective optimize: false
    effective checkFrequency: 1
Mapping OpenFOAM solver settings to NeoN settings.
Currently, it is advisable to specify a configFile
for fine grained Ginkgo solver control

Replacing solver PBiCGStab by solver::Bicgstab
Replacing preconditioner diagonal by preconditioner::Schwarz (Schwarz-wrapped for distributed run)
NeoFOAM solver config (mapped from fvSolution) for 'Schwarz(Jacobi)+Bicgstab':
{
    cacheSolver: true
    criteria: {
        absolute_residual_norm: 0.000000
        initial_residual_norm: 0.100000
        iteration: 1000
    }
    l1ScaledResidual: true
    optimize: false
    preconditioner: {
        local_solver: {
            max_block_size: 1
            type: preconditioner::Jacobi
        }
        type: preconditioner::Schwarz
    }
    reportName: Schwarz(Jacobi)+Bicgstab
    solver: Ginkgo
    type: solver::Bicgstab
}
    effective optimize: false
    effective checkFrequency: 1
Starting time loop
Time = 1051
[mem] step-start: DEVICE_POOL current=12979 MB  actual(reserved)=38146 MB  highWater=19132 MB
Schwarz(Jacobi)+Bicgstab:  Solving for Ux, Initial residual = 8.138773099436364e-05, Final residual = 3.312838772595975e-06, No Iterations 3, Solve time = 72.41 ms
Schwarz(Jacobi)+Bicgstab:  Solving for Uy, Initial residual = 0.004403238680958118, Final residual = 0.00015358955331343653, No Iterations 3, Solve time = 72.41 ms
Schwarz(Jacobi)+Bicgstab:  Solving for Uz, Initial residual = 0.0011397400823179122, Final residual = 5.832562849764659e-05, No Iterations 3, Solve time = 72.41 ms
[mem] after-UEqn: DEVICE_POOL current=15847 MB  actual(reserved)=38146 MB  highWater=21135 MB
[solveDist] nrows=16333691 mtxBuild=65.15 setup=1521.06 solveImpl=154.65 ms
[solveDist] nrows=16333692 mtxBuild=64.08 setup=1521.42 solveImpl=154.30 ms
[solveDist] nrows=16333691 mtxBuild=64.79 setup=1520.55 solveImpl=155.21 ms
[solveDist] nrows=16333691 mtxBuild=64.55 setup=1520.64 solveImpl=155.12 ms
config(Cg+Multigrid):  Solving for p, Initial residual = 0.0013256944227603795, Final residual = 1.2301205065968451e-05, No Iterations 8, Solve time = 155.115 ms
time step continuity errors : sum local = 3.068946701014866e-06, global = -3.7818722662678145e-08, cumulative = -3.7818722662678145e-08
[mem] after-pEqn: DEVICE_POOL current=17315 MB  actual(reserved)=38146 MB  highWater=21135 MB
[solveDist] nrows=16333691 mtxBuild=91.95 setup=3.87 solveImpl=17.58 ms
[solveDist] nrows=16333692 mtxBuild=78.70 setup=4.14 solveImpl=17.30 ms
[solveDist] nrows=16333691 mtxBuild=79.19 setup=3.77 solveImpl=17.68 ms
[solveDist] nrows=16333691 mtxBuild=79.22 setup=3.63 solveImpl=17.88 ms
Schwarz(Jacobi)+Bicgstab:  Solving for omega, Initial residual = 1.3535603091658361e-05, Final residual = 9.66981936188458e-07, No Iterations 2, Solve time = 17.874 ms
bounding omega, min: -47623.1667355586 max: 45355982.607066974 average: 6371.528686106016
[solveDist] nrows=16333691 mtxBuild=90.53 setup=3.85 solveImpl=17.86 ms
[solveDist] nrows=16333691 mtxBuild=79.38 setup=3.68 solveImpl=18.02 ms
[solveDist] nrows=16333691 mtxBuild=79.36 setup=3.94 solveImpl=17.78 ms
[solveDist] nrows=16333692 mtxBuild=78.79 setup=4.10 solveImpl=17.60 ms
Schwarz(Jacobi)+Bicgstab:  Solving for k, Initial residual = 0.00025270633669090335, Final residual = 1.4870700135361452e-05, No Iterations 2, Solve time = 17.775 ms
bounding k, min: -0.009657043238367899 max: 920.0215110326471 average: 9.131308832667594
[mem] after-turb: DEVICE_POOL current=19500 MB  actual(reserved)=38146 MB  highWater=22309 MB
ExecutionTime = 54.48 s  ClockTime = 55 s

Time = 1052
[mem] step-start: DEVICE_POOL current=19500 MB  actual(reserved)=38146 MB  highWater=22309 MB
Schwarz(Jacobi)+Bicgstab:  Solving for Ux, Initial residual = 8.1023636927214e-05, Final residual = 3.171718058300133e-06, No Iterations 3, Solve time = 57.624 ms
Schwarz(Jacobi)+Bicgstab:  Solving for Uy, Initial residual = 0.0044127956922564915, Final residual = 0.0001445778164141123, No Iterations 3, Solve time = 57.624 ms
Schwarz(Jacobi)+Bicgstab:  Solving for Uz, Initial residual = 0.0011386595447165323, Final residual = 4.11597367843006e-05, No Iterations 3, Solve time = 57.624 ms
[mem] after-UEqn: DEVICE_POOL current=19500 MB  actual(reserved)=38146 MB  highWater=24788 MB
[solveDist] nrows=16333692 mtxBuild=81.99 setup=273.79 solveImpl=149.65 ms
[solveDist] nrows=16333691 mtxBuild=82.49 setup=226.84 solveImpl=196.61 ms
[solveDist] nrows=16333691 mtxBuild=82.98 setup=280.63 solveImpl=142.81 ms
[solveDist] nrows=16333691 mtxBuild=82.42 setup=256.14 solveImpl=167.42 ms
config(Cg+Multigrid):  Solving for p, Initial residual = 0.0013013774031272226, Final residual = 1.2648367365321153e-05, No Iterations 8, Solve time = 167.421 ms
time step continuity errors : sum local = 3.157090038518125e-06, global = -2.528090723484416e-08, cumulative = -6.309962989752231e-08
[mem] after-pEqn: DEVICE_POOL current=19500 MB  actual(reserved)=38146 MB  highWater=24788 MB
[solveDist] nrows=16333691 mtxBuild=77.26 setup=4.81 solveImpl=15.60 ms
[solveDist] nrows=16333692 mtxBuild=76.79 setup=4.90 solveImpl=15.51 ms
[solveDist] nrows=16333691 mtxBuild=77.92 setup=4.37 solveImpl=16.05 ms
[solveDist] nrows=16333691 mtxBuild=77.31 setup=4.72 solveImpl=15.71 ms
Schwarz(Jacobi)+Bicgstab:  Solving for omega, Initial residual = 1.3464816399280527e-05, Final residual = 9.164343270066336e-07, No Iterations 2, Solve time = 15.712 ms
bounding omega, min: -47135.095078219565 max: 45355982.621183254 average: 6371.184523201435
[solveDist] nrows=16333691 mtxBuild=79.61 setup=4.75 solveImpl=15.83 ms
[solveDist] nrows=16333691 mtxBuild=80.26 setup=4.49 solveImpl=16.02 ms
[solveDist] nrows=16333692 mtxBuild=79.24 setup=4.91 solveImpl=15.60 ms
[solveDist] nrows=16333691 mtxBuild=79.48 setup=4.64 solveImpl=15.93 ms
Schwarz(Jacobi)+Bicgstab:  Solving for k, Initial residual = 0.00025274397596741733, Final residual = 1.5123233506849147e-05, No Iterations 2, Solve time = 15.824 ms
bounding k, min: -0.003858551595271098 max: 909.2906696645271 average: 9.131668504307505
[mem] after-turb: DEVICE_POOL current=19500 MB  actual(reserved)=38146 MB  highWater=24788 MB
ExecutionTime = 55.61 s  ClockTime = 56 s

Time = 1053
[mem] step-start: DEVICE_POOL current=19500 MB  actual(reserved)=38146 MB  highWater=24788 MB
Schwarz(Jacobi)+Bicgstab:  Solving for Ux, Initial residual = 8.087368904565015e-05, Final residual = 2.5193802768146488e-06, No Iterations 3, Solve time = 57.203 ms
Schwarz(Jacobi)+Bicgstab:  Solving for Uy, Initial residual = 0.004419730811522608, Final residual = 0.00014801451699977502, No Iterations 3, Solve time = 57.203 ms
Schwarz(Jacobi)+Bicgstab:  Solving for Uz, Initial residual = 0.0011363089405078785, Final residual = 4.270993929335147e-05, No Iterations 3, Solve time = 57.203 ms
[mem] after-UEqn: DEVICE_POOL current=19500 MB  actual(reserved)=38146 MB  highWater=24788 MB
[solveDist] nrows=16333691 mtxBuild=78.20 setup=295.02 solveImpl=156.59 ms
[solveDist] nrows=16333691 mtxBuild=77.62 setup=235.32 solveImpl=216.39 ms
[solveDist] nrows=16333692 mtxBuild=77.17 setup=283.14 solveImpl=168.46 ms
[solveDist] nrows=16333691 mtxBuild=77.69 setup=272.29 solveImpl=179.41 ms
config(Cg+Multigrid):  Solving for p, Initial residual = 0.0012922762945640385, Final residual = 1.0450854665224335e-05, No Iterations 9, Solve time = 179.412 ms
time step continuity errors : sum local = 2.60992036902946e-06, global = -1.1636881656305564e-08, cumulative = -7.473651155382788e-08
[mem] after-pEqn: DEVICE_POOL current=19500 MB  actual(reserved)=38146 MB  highWater=24788 MB
[solveDist] nrows=16333691 mtxBuild=83.35 setup=4.48 solveImpl=15.90 ms
[solveDist] nrows=16333691 mtxBuild=82.54 setup=4.62 solveImpl=15.79 ms
[solveDist] nrows=16333692 mtxBuild=82.14 setup=4.90 solveImpl=15.49 ms
[solveDist] nrows=16333691 mtxBuild=82.79 setup=4.80 solveImpl=15.58 ms
Schwarz(Jacobi)+Bicgstab:  Solving for omega, Initial residual = 1.3367397304410972e-05, Final residual = 8.96180080043965e-07, No Iterations 2, Solve time = 15.582 ms
bounding omega, min: -46798.9323401471 max: 45355982.64396542 average: 6370.921389898419
[solveDist] nrows=16333691 mtxBuild=78.36 setup=4.48 solveImpl=15.94 ms
[solveDist] nrows=16333691 mtxBuild=77.74 setup=4.91 solveImpl=15.51 ms
[solveDist] nrows=16333692 mtxBuild=77.21 setup=5.02 solveImpl=15.41 ms
[solveDist] nrows=16333691 mtxBuild=77.69 setup=4.85 solveImpl=15.58 ms
Schwarz(Jacobi)+Bicgstab:  Solving for k, Initial residual = 0.0002528232142984688, Final residual = 1.4872183316558784e-05, No Iterations 2, Solve time = 15.579 ms
bounding k, min: -0.004032733405462327 max: 895.9027689280844 average: 9.132183025767496
[mem] after-turb: DEVICE_POOL current=19500 MB  actual(reserved)=38146 MB  highWater=24788 MB
ExecutionTime = 56.78 s  ClockTime = 58 s

Time = 1054
[mem] step-start: DEVICE_POOL current=19500 MB  actual(reserved)=38146 MB  highWater=24788 MB
Schwarz(Jacobi)+Bicgstab:  Solving for Ux, Initial residual = 8.079166143151189e-05, Final residual = 2.2890303635772184e-06, No Iterations 3, Solve time = 56.368 ms
Schwarz(Jacobi)+Bicgstab:  Solving for Uy, Initial residual = 0.004426852955072776, Final residual = 0.0001553863915325386, No Iterations 3, Solve time = 56.368 ms
Schwarz(Jacobi)+Bicgstab:  Solving for Uz, Initial residual = 0.0011349476261216893, Final residual = 7.285298265757514e-05, No Iterations 3, Solve time = 56.368 ms
[mem] after-UEqn: DEVICE_POOL current=19500 MB  actual(reserved)=38146 MB  highWater=24788 MB
[solveDist] nrows=16333692 mtxBuild=77.79 setup=280.21 solveImpl=150.98 ms
[solveDist] nrows=16333691 mtxBuild=78.28 setup=267.28 solveImpl=163.94 ms
[solveDist] nrows=16333691 mtxBuild=78.24 setup=239.03 solveImpl=192.19 ms
[solveDist] nrows=16333691 mtxBuild=78.79 setup=290.67 solveImpl=140.52 ms
config(Cg+Multigrid):  Solving for p, Initial residual = 0.0012829897352437647, Final residual = 1.2539990395064787e-05, No Iterations 8, Solve time = 163.938 ms
time step continuity errors : sum local = 3.1338758530757855e-06, global = -1.6478428330552068e-08, cumulative = -9.121493988437994e-08
[mem] after-pEqn: DEVICE_POOL current=19500 MB  actual(reserved)=38146 MB  highWater=24788 MB
[solveDist] nrows=16333691 mtxBuild=78.15 setup=4.64 solveImpl=15.43 ms
[solveDist] nrows=16333691 mtxBuild=77.46 setup=4.18 solveImpl=15.94 ms
[solveDist] nrows=16333691 mtxBuild=77.30 setup=4.91 solveImpl=15.19 ms
[solveDist] nrows=16333692 mtxBuild=77.25 setup=4.76 solveImpl=15.32 ms
Schwarz(Jacobi)+Bicgstab:  Solving for omega, Initial residual = 1.3216928296460909e-05, Final residual = 8.793683544899106e-07, No Iterations 2, Solve time = 15.186 ms
bounding omega, min: -102833.48461215822 max: 45355982.67719437 average: 6370.988166423925
[solveDist] nrows=16333691 mtxBuild=76.54 setup=4.93 solveImpl=15.57 ms
[solveDist] nrows=16333691 mtxBuild=77.04 setup=4.68 solveImpl=15.82 ms
[solveDist] nrows=16333691 mtxBuild=76.52 setup=5.07 solveImpl=15.43 ms
[solveDist] nrows=16333692 mtxBuild=76.02 setup=5.13 solveImpl=15.36 ms
Schwarz(Jacobi)+Bicgstab:  Solving for k, Initial residual = 0.00025268615266690203, Final residual = 1.4877198508685211e-05, No Iterations 2, Solve time = 15.431 ms
bounding k, min: -0.003790593477269122 max: 879.6052822037989 average: 9.132565211470702
[mem] after-turb: DEVICE_POOL current=19500 MB  actual(reserved)=38146 MB  highWater=24788 MB
ExecutionTime = 57.91 s  ClockTime = 59 s

Time = 1055
[mem] step-start: DEVICE_POOL current=19500 MB  actual(reserved)=38146 MB  highWater=24788 MB
Schwarz(Jacobi)+Bicgstab:  Solving for Ux, Initial residual = 8.05581007663981e-05, Final residual = 3.865777190218686e-06, No Iterations 2, Solve time = 43.986 ms
Schwarz(Jacobi)+Bicgstab:  Solving for Uy, Initial residual = 0.004431465666912641, Final residual = 0.0006723039770498459, No Iterations 2, Solve time = 43.986 ms
Schwarz(Jacobi)+Bicgstab:  Solving for Uz, Initial residual = 0.0011365863243750034, Final residual = 7.569606688760986e-05, No Iterations 2, Solve time = 43.986 ms
[mem] after-UEqn: DEVICE_POOL current=19500 MB  actual(reserved)=38146 MB  highWater=24788 MB
[solveDist] nrows=16333692 mtxBuild=76.13 setup=279.49 solveImpl=158.29 ms
[solveDist] nrows=16333691 mtxBuild=76.59 setup=235.29 solveImpl=202.53 ms
[solveDist] nrows=16333691 mtxBuild=77.13 setup=291.89 solveImpl=145.87 ms
[solveDist] nrows=16333691 mtxBuild=76.68 setup=268.68 solveImpl=169.10 ms
config(Cg+Multigrid):  Solving for p, Initial residual = 0.0013010195169597166, Final residual = 1.2780667241025611e-05, No Iterations 8, Solve time = 169.1 ms
time step continuity errors : sum local = 3.1966828761276114e-06, global = -2.2288806561035088e-08, cumulative = -1.1350374644541503e-07
[mem] after-pEqn: DEVICE_POOL current=19500 MB  actual(reserved)=38146 MB  highWater=24788 MB
[solveDist] nrows=16333691 mtxBuild=76.38 setup=4.58 solveImpl=15.93 ms
[solveDist] nrows=16333692 mtxBuild=75.80 setup=4.98 solveImpl=15.53 ms
[solveDist] nrows=16333691 mtxBuild=76.75 setup=4.75 solveImpl=15.75 ms
[solveDist] nrows=16333691 mtxBuild=76.99 setup=4.39 solveImpl=16.13 ms
Schwarz(Jacobi)+Bicgstab:  Solving for omega, Initial residual = 1.3181239319410587e-05, Final residual = 8.708063402040288e-07, No Iterations 2, Solve time = 15.749 ms
bounding omega, min: -45519.40196357604 max: 45355982.72184932 average: 6371.021066317885
[solveDist] nrows=16333691 mtxBuild=77.00 setup=4.80 solveImpl=15.79 ms
[solveDist] nrows=16333691 mtxBuild=77.43 setup=4.57 solveImpl=16.03 ms
[solveDist] nrows=16333691 mtxBuild=76.89 setup=4.94 solveImpl=15.68 ms
[solveDist] nrows=16333692 mtxBuild=76.33 setup=5.05 solveImpl=15.57 ms
Schwarz(Jacobi)+Bicgstab:  Solving for k, Initial residual = 0.00025313222380313335, Final residual = 1.5253277873151685e-05, No Iterations 2, Solve time = 15.678 ms
bounding k, min: -0.0035336864073207686 max: 871.2241457002432 average: 9.132881854941665
[mem] after-turb: DEVICE_POOL current=19500 MB  actual(reserved)=38146 MB  highWater=24788 MB
ExecutionTime = 59.03 s  ClockTime = 60 s

Time = 1056
[mem] step-start: DEVICE_POOL current=19500 MB  actual(reserved)=38146 MB  highWater=24788 MB
Schwarz(Jacobi)+Bicgstab:  Solving for Ux, Initial residual = 8.07269132574543e-05, Final residual = 4.102774401405609e-06, No Iterations 2, Solve time = 45.12 ms
Schwarz(Jacobi)+Bicgstab:  Solving for Uy, Initial residual = 0.0043988753501670325, Final residual = 0.0008343765064781953, No Iterations 2, Solve time = 45.12 ms
Schwarz(Jacobi)+Bicgstab:  Solving for Uz, Initial residual = 0.0011423816730500985, Final residual = 8.394802743447628e-05, No Iterations 2, Solve time = 45.12 ms
[mem] after-UEqn: DEVICE_POOL current=19500 MB  actual(reserved)=38146 MB  highWater=24788 MB
[solveDist] nrows=16333692 mtxBuild=75.86 setup=279.17 solveImpl=156.27 ms
[solveDist] nrows=16333691 mtxBuild=76.89 setup=291.52 solveImpl=143.91 ms
[solveDist] nrows=16333691 mtxBuild=76.32 setup=235.37 solveImpl=200.12 ms
[solveDist] nrows=16333691 mtxBuild=76.39 setup=268.42 solveImpl=167.05 ms
config(Cg+Multigrid):  Solving for p, Initial residual = 0.001286827950166149, Final residual = 1.2336132700456399e-05, No Iterations 8, Solve time = 167.048 ms
time step continuity errors : sum local = 3.088335629952643e-06, global = -1.7350965559948295e-08, cumulative = -1.3085471200536334e-07
[mem] after-pEqn: DEVICE_POOL current=19500 MB  actual(reserved)=38146 MB  highWater=24788 MB
[solveDist] nrows=16333691 mtxBuild=77.52 setup=4.41 solveImpl=16.22 ms
[solveDist] nrows=16333692 mtxBuild=77.16 setup=4.86 solveImpl=15.70 ms
[solveDist] nrows=16333691 mtxBuild=77.59 setup=4.59 solveImpl=16.05 ms
[solveDist] nrows=16333691 mtxBuild=78.32 setup=4.57 solveImpl=15.99 ms
Schwarz(Jacobi)+Bicgstab:  Solving for omega, Initial residual = 1.3159090541975155e-05, Final residual = 8.660913086352042e-07, No Iterations 2, Solve time = 16.052 ms
bounding omega, min: -43130.871652364534 max: 45355982.77572454 average: 6371.032552672383
[solveDist] nrows=16333691 mtxBuild=78.81 setup=4.82 solveImpl=15.36 ms
[solveDist] nrows=16333691 mtxBuild=79.42 setup=4.86 solveImpl=15.25 ms
[solveDist] nrows=16333692 mtxBuild=78.40 setup=4.99 solveImpl=15.14 ms
[solveDist] nrows=16333691 mtxBuild=78.91 setup=4.67 solveImpl=15.51 ms
Schwarz(Jacobi)+Bicgstab:  Solving for k, Initial residual = 0.0002530532198682351, Final residual = 1.5288528954969157e-05, No Iterations 2, Solve time = 15.51 ms
bounding k, min: -0.0017890954058513847 max: 864.383881632527 average: 9.133478490019318
[mem] after-turb: DEVICE_POOL current=19500 MB  actual(reserved)=38146 MB  highWater=24788 MB
Writing p
Writing U
Writing turbulence variables
ExecutionTime = 61.38 s  ClockTime = 63 s

Finalizing NeoN
Finalising parallel run
