/*---------------------------------------------------------------------------*\
| =========                 |                                                 |
| \\      /  F ield         | OpenFOAM: The Open Source CFD Toolbox           |
|  \\    /   O peration     | Version:  2506                                  |
|   \\  /    A nd           | Website:  www.openfoam.com                      |
|    \\/     M anipulation  |                                                 |
\*---------------------------------------------------------------------------*/
Build  : b050cd9480-20250814 OPENFOAM=2506 version=v2506
Arch   : "LSB;label=32;scalar=64"
Exec   : /storage/home/greole/code/NeoFOAM/build/profilingnvidia_h200/bin/neoSimpleFoam -parallel
Date   : Jul 24 2026
Time   : 16:55:51
Host   : gpu-nvidia-h200-3.int.coma-cluster.de
PID    : 3659250
I/O    : uncollated
Case   : /storage/home/greole/code/NeoFOAM/occDrivAerStaticMesh
nProcs : 4
Hosts  :
(
    (gpu-nvidia-h200-3.int.coma-cluster.de 4)
)
Pstream initialized with:
    node communication : off [type=host] (4 ranks, 1 nodes)
    topology controls  : none
    consensus exchange : 0 (tuning: 0)
    exchange algorithm : 0
    commsType          : nonBlocking
    polling iterations : 0
trapFpe: Floating point exception trapping enabled (FOAM_SIGFPE).
fileModificationChecking : Monitoring run-time modified files using timeStampMaster (fileModificationSkew 5, maxFileModificationPolls 20)
allowSystemOperations : Allowing user-supplied system call operations

// * * * * * * * * * * * * * * * * * * * * * * * * * * * * * * * * * * * * * //
Create time

Initializing NeoN
Creating Executor GPU
Creating NeoFOAM runTime

SIMPLE: no convergence criteria found. Calculations will run for 30 steps.

Reading field p

Reading field U

Reading/calculating face flux field phi

Selecting incompressible transport model Newtonian
NeoFOAM solver config (from fvSolution configFile) for 'config(Cg+Multigrid)':
{
    cacheSolver: true
    configFile: <NeoN::TokenList>
    l1ScaledResidual: true
    preconditionerRebuildInterval: 0
    relTol: 0.010000
    reportName: config(Cg+Multigrid)
    solver: Ginkgo
    tolerance: 0.000000
}
    effective optimize: false
    effective checkFrequency: 1
Mapping OpenFOAM solver settings to NeoN settings.
Currently, it is advisable to specify a configFile
for fine grained Ginkgo solver control

Replacing solver PBiCGStab by solver::Bicgstab
Replacing preconditioner diagonal by preconditioner::Schwarz (Schwarz-wrapped for distributed run)
NeoFOAM solver config (mapped from fvSolution) for 'Schwarz(Jacobi)+Bicgstab':
{
    cacheSolver: true
    criteria: {
        absolute_residual_norm: 0.000000
        initial_residual_norm: 0.100000
        iteration: 1000
    }
    l1ScaledResidual: true
    optimize: false
    preconditioner: {
        local_solver: {
            max_block_size: 1
            type: preconditioner::Jacobi
        }
        type: preconditioner::Schwarz
    }
    reportName: Schwarz(Jacobi)+Bicgstab
    solver: Ginkgo
    type: solver::Bicgstab
}
    effective optimize: false
    effective checkFrequency: 1
Creating phi

[NF][/storage/home/greole/code/NeoFOAM/include/NeoFOAM/auxiliary/readers.hpp::423]: Internal: 49333487, Boundary: 1754396

[NF][/storage/home/greole/code/NeoFOAM/include/NeoFOAM/auxiliary/readers.hpp::423]: Internal: 49320882, Boundary: 1762558

[NF][/storage/home/greole/code/NeoFOAM/include/NeoFOAM/auxiliary/readers.hpp::423]: Internal: 49261542, Boundary: 1427829

[NF][/storage/home/greole/code/NeoFOAM/include/NeoFOAM/auxiliary/readers.hpp::423]: Internal: 49243125, Boundary: 1362247
Selecting patchDistMethod meshWave
Mapping OpenFOAM solver settings to NeoN settings.
Currently, it is advisable to specify a configFile
for fine grained Ginkgo solver control

Replacing solver PBiCGStab by solver::Bicgstab
Replacing preconditioner diagonal by preconditioner::Schwarz (Schwarz-wrapped for distributed run)
NeoFOAM solver config (mapped from fvSolution) for 'Schwarz(Jacobi)+Bicgstab':
{
    cacheSolver: true
    criteria: {
        absolute_residual_norm: 0.000000
        initial_residual_norm: 0.100000
        iteration: 1000
    }
    l1ScaledResidual: true
    optimize: false
    preconditioner: {
        local_solver: {
            max_block_size: 1
            type: preconditioner::Jacobi
        }
        type: preconditioner::Schwarz
    }
    reportName: Schwarz(Jacobi)+Bicgstab
    solver: Ginkgo
    type: solver::Bicgstab
}
    effective optimize: false
    effective checkFrequency: 1
Mapping OpenFOAM solver settings to NeoN settings.
Currently, it is advisable to specify a configFile
for fine grained Ginkgo solver control

Replacing solver PBiCGStab by solver::Bicgstab
Replacing preconditioner diagonal by preconditioner::Schwarz (Schwarz-wrapped for distributed run)
NeoFOAM solver config (mapped from fvSolution) for 'Schwarz(Jacobi)+Bicgstab':
{
    cacheSolver: true
    criteria: {
        absolute_residual_norm: 0.000000
        initial_residual_norm: 0.100000
        iteration: 1000
    }
    l1ScaledResidual: true
    optimize: false
    preconditioner: {
        local_solver: {
            max_block_size: 1
            type: preconditioner::Jacobi
        }
        type: preconditioner::Schwarz
    }
    reportName: Schwarz(Jacobi)+Bicgstab
    solver: Ginkgo
    type: solver::Bicgstab
}
    effective optimize: false
    effective checkFrequency: 1
Starting time loop
Time = 1051
[mem] step-start: DEVICE_POOL current=12979 MB  actual(reserved)=38146 MB  highWater=19132 MB
Schwarz(Jacobi)+Bicgstab:  Solving for Ux, Initial residual = 8.13877309943639e-05, Final residual = 3.3128387725959e-06, No Iterations 3, Solve time = 73.354 ms
Schwarz(Jacobi)+Bicgstab:  Solving for Uy, Initial residual = 0.004403238680958119, Final residual = 0.00015358955331343834, No Iterations 3, Solve time = 73.354 ms
Schwarz(Jacobi)+Bicgstab:  Solving for Uz, Initial residual = 0.0011397400823179122, Final residual = 5.8325628497646865e-05, No Iterations 3, Solve time = 73.354 ms
[mem] after-UEqn: DEVICE_POOL current=15847 MB  actual(reserved)=38146 MB  highWater=21135 MB
config(Cg+Multigrid):  Solving for p, Initial residual = 0.001325694422760376, Final residual = 1.2301205065950667e-05, No Iterations 8, Solve time = 132.563 ms
time step continuity errors : sum local = 3.068946701002412e-06, global = -3.7818722674819675e-08, cumulative = -3.7818722674819675e-08
[mem] after-pEqn: DEVICE_POOL current=17315 MB  actual(reserved)=38146 MB  highWater=21135 MB
Schwarz(Jacobi)+Bicgstab:  Solving for omega, Initial residual = 1.3535603091658372e-05, Final residual = 9.66981936188458e-07, No Iterations 2, Solve time = 16.083 ms
bounding omega, min: -47623.16673555845 max: 45355982.607066974 average: 6371.528686106017
Schwarz(Jacobi)+Bicgstab:  Solving for k, Initial residual = 0.00025270633669090335, Final residual = 1.4870700135361552e-05, No Iterations 2, Solve time = 16.072 ms
bounding k, min: -0.009657043238367718 max: 920.0215110326466 average: 9.131308832667594
[mem] after-turb: DEVICE_POOL current=19500 MB  actual(reserved)=38146 MB  highWater=22309 MB
ExecutionTime = 44.02 s  ClockTime = 44 s

Time = 1052
[mem] step-start: DEVICE_POOL current=19500 MB  actual(reserved)=38146 MB  highWater=22309 MB
Schwarz(Jacobi)+Bicgstab:  Solving for Ux, Initial residual = 8.102363692721701e-05, Final residual = 3.1717180583006244e-06, No Iterations 3, Solve time = 50.709 ms
Schwarz(Jacobi)+Bicgstab:  Solving for Uy, Initial residual = 0.004412795692256473, Final residual = 0.00014457781641411454, No Iterations 3, Solve time = 50.709 ms
Schwarz(Jacobi)+Bicgstab:  Solving for Uz, Initial residual = 0.0011386595447165331, Final residual = 4.115973678429219e-05, No Iterations 3, Solve time = 50.709 ms
[mem] after-UEqn: DEVICE_POOL current=19500 MB  actual(reserved)=38146 MB  highWater=24788 MB
config(Cg+Multigrid):  Solving for p, Initial residual = 0.0013013774031272942, Final residual = 1.2648367365321558e-05, No Iterations 8, Solve time = 150.131 ms
time step continuity errors : sum local = 3.157090038481061e-06, global = -2.528090722700822e-08, cumulative = -6.30996299018279e-08
[mem] after-pEqn: DEVICE_POOL current=19500 MB  actual(reserved)=38146 MB  highWater=24788 MB
Schwarz(Jacobi)+Bicgstab:  Solving for omega, Initial residual = 1.346481639928053e-05, Final residual = 9.164343270066334e-07, No Iterations 2, Solve time = 13.637 ms
bounding omega, min: -47135.09507821981 max: 45355982.621183254 average: 6371.184523201433
Schwarz(Jacobi)+Bicgstab:  Solving for k, Initial residual = 0.00025274397596741744, Final residual = 1.5123233506849262e-05, No Iterations 2, Solve time = 13.791 ms
bounding k, min: -0.003858551595270307 max: 909.2906696645267 average: 9.131668504307505
[mem] after-turb: DEVICE_POOL current=19500 MB  actual(reserved)=38146 MB  highWater=24788 MB
ExecutionTime = 44.81 s  ClockTime = 45 s

Time = 1053
[mem] step-start: DEVICE_POOL current=19500 MB  actual(reserved)=38146 MB  highWater=24788 MB
Schwarz(Jacobi)+Bicgstab:  Solving for Ux, Initial residual = 8.087368904564629e-05, Final residual = 2.519380276816662e-06, No Iterations 3, Solve time = 50.884 ms
Schwarz(Jacobi)+Bicgstab:  Solving for Uy, Initial residual = 0.00441973081152262, Final residual = 0.00014801451699979218, No Iterations 3, Solve time = 50.884 ms
Schwarz(Jacobi)+Bicgstab:  Solving for Uz, Initial residual = 0.0011363089405078883, Final residual = 4.270993929336977e-05, No Iterations 3, Solve time = 50.884 ms
[mem] after-UEqn: DEVICE_POOL current=19500 MB  actual(reserved)=38146 MB  highWater=24788 MB
config(Cg+Multigrid):  Solving for p, Initial residual = 0.0012922762945641168, Final residual = 1.0450854665223035e-05, No Iterations 9, Solve time = 161.153 ms
time step continuity errors : sum local = 2.6099203690151452e-06, global = -1.1636881674016823e-08, cumulative = -7.473651157584472e-08
[mem] after-pEqn: DEVICE_POOL current=19500 MB  actual(reserved)=38146 MB  highWater=24788 MB
Schwarz(Jacobi)+Bicgstab:  Solving for omega, Initial residual = 1.3367397304411017e-05, Final residual = 8.961800800439678e-07, No Iterations 2, Solve time = 13.702 ms
bounding omega, min: -46798.93234014742 max: 45355982.64396542 average: 6370.921389898419
Schwarz(Jacobi)+Bicgstab:  Solving for k, Initial residual = 0.000252823214298469, Final residual = 1.4872183316558674e-05, No Iterations 2, Solve time = 13.724 ms
bounding k, min: -0.004032733405462757 max: 895.9027689280846 average: 9.132183025767496
[mem] after-turb: DEVICE_POOL current=19500 MB  actual(reserved)=38146 MB  highWater=24788 MB
ExecutionTime = 45.6 s  ClockTime = 46 s

Time = 1054
[mem] step-start: DEVICE_POOL current=19500 MB  actual(reserved)=38146 MB  highWater=24788 MB
Schwarz(Jacobi)+Bicgstab:  Solving for Ux, Initial residual = 8.079166143151133e-05, Final residual = 2.289030363922806e-06, No Iterations 3, Solve time = 50.909 ms
Schwarz(Jacobi)+Bicgstab:  Solving for Uy, Initial residual = 0.004426852955072739, Final residual = 0.00015538639153249697, No Iterations 3, Solve time = 50.909 ms
Schwarz(Jacobi)+Bicgstab:  Solving for Uz, Initial residual = 0.001134947626121704, Final residual = 7.2852982657607e-05, No Iterations 3, Solve time = 50.909 ms
[mem] after-UEqn: DEVICE_POOL current=19500 MB  actual(reserved)=38146 MB  highWater=24788 MB
config(Cg+Multigrid):  Solving for p, Initial residual = 0.001282989735243544, Final residual = 1.2539990395076212e-05, No Iterations 8, Solve time = 148.901 ms
time step continuity errors : sum local = 3.1338758530773232e-06, global = -1.6478428306708583e-08, cumulative = -9.12149398825533e-08
[mem] after-pEqn: DEVICE_POOL current=19500 MB  actual(reserved)=38146 MB  highWater=24788 MB
Schwarz(Jacobi)+Bicgstab:  Solving for omega, Initial residual = 1.3216928296457222e-05, Final residual = 8.793683544891471e-07, No Iterations 2, Solve time = 13.691 ms
bounding omega, min: -102833.48461210342 max: 45355982.67719437 average: 6370.988166423921
Schwarz(Jacobi)+Bicgstab:  Solving for k, Initial residual = 0.0002526861526668725, Final residual = 1.4877198508664674e-05, No Iterations 2, Solve time = 13.706 ms
bounding k, min: -0.0037905934773053707 max: 879.6052822037998 average: 9.132565211470684
[mem] after-turb: DEVICE_POOL current=19500 MB  actual(reserved)=38146 MB  highWater=24788 MB
ExecutionTime = 46.4 s  ClockTime = 46 s

Time = 1055
[mem] step-start: DEVICE_POOL current=19500 MB  actual(reserved)=38146 MB  highWater=24788 MB
Schwarz(Jacobi)+Bicgstab:  Solving for Ux, Initial residual = 8.055810076639058e-05, Final residual = 3.86577719041068e-06, No Iterations 2, Solve time = 40.339 ms
Schwarz(Jacobi)+Bicgstab:  Solving for Uy, Initial residual = 0.004431465666912701, Final residual = 0.0006723039770482873, No Iterations 2, Solve time = 40.339 ms
Schwarz(Jacobi)+Bicgstab:  Solving for Uz, Initial residual = 0.0011365863243750114, Final residual = 7.569606688786096e-05, No Iterations 2, Solve time = 40.339 ms
[mem] after-UEqn: DEVICE_POOL current=19500 MB  actual(reserved)=38146 MB  highWater=24788 MB
config(Cg+Multigrid):  Solving for p, Initial residual = 0.0013010195169599762, Final residual = 1.2780667241004993e-05, No Iterations 8, Solve time = 150.031 ms
time step continuity errors : sum local = 3.1966828761312346e-06, global = -2.228880656375231e-08, cumulative = -1.1350374644630562e-07
[mem] after-pEqn: DEVICE_POOL current=19500 MB  actual(reserved)=38146 MB  highWater=24788 MB
Schwarz(Jacobi)+Bicgstab:  Solving for omega, Initial residual = 1.3181239319411417e-05, Final residual = 8.708063402041966e-07, No Iterations 2, Solve time = 13.774 ms
bounding omega, min: -45519.40196357345 max: 45355982.72184932 average: 6371.021066317885
Schwarz(Jacobi)+Bicgstab:  Solving for k, Initial residual = 0.000253132223803137, Final residual = 1.5253277873189571e-05, No Iterations 2, Solve time = 13.695 ms
bounding k, min: -0.003533686407073161 max: 871.2241457002534 average: 9.132881854941665
[mem] after-turb: DEVICE_POOL current=19500 MB  actual(reserved)=38146 MB  highWater=24788 MB
ExecutionTime = 47.18 s  ClockTime = 47 s

Time = 1056
[mem] step-start: DEVICE_POOL current=19500 MB  actual(reserved)=38146 MB  highWater=24788 MB
Schwarz(Jacobi)+Bicgstab:  Solving for Ux, Initial residual = 8.072691325745452e-05, Final residual = 4.102774401097091e-06, No Iterations 2, Solve time = 40.376 ms
Schwarz(Jacobi)+Bicgstab:  Solving for Uy, Initial residual = 0.004398875350166999, Final residual = 0.0008343765064767137, No Iterations 2, Solve time = 40.376 ms
Schwarz(Jacobi)+Bicgstab:  Solving for Uz, Initial residual = 0.0011423816730500838, Final residual = 8.394802743453943e-05, No Iterations 2, Solve time = 40.376 ms
[mem] after-UEqn: DEVICE_POOL current=19500 MB  actual(reserved)=38146 MB  highWater=24788 MB
config(Cg+Multigrid):  Solving for p, Initial residual = 0.0012868279501657906, Final residual = 1.2336132700476469e-05, No Iterations 8, Solve time = 148.933 ms
time step continuity errors : sum local = 3.0883356299483234e-06, global = -1.7350965560353713e-08, cumulative = -1.3085471200665932e-07
[mem] after-pEqn: DEVICE_POOL current=19500 MB  actual(reserved)=38146 MB  highWater=24788 MB
Schwarz(Jacobi)+Bicgstab:  Solving for omega, Initial residual = 1.3159090541970804e-05, Final residual = 8.66091308634292e-07, No Iterations 2, Solve time = 13.683 ms
bounding omega, min: -43130.87165236593 max: 45355982.77572454 average: 6371.032552672375
Schwarz(Jacobi)+Bicgstab:  Solving for k, Initial residual = 0.0002530532198682066, Final residual = 1.5288528954910427e-05, No Iterations 2, Solve time = 13.728 ms
bounding k, min: -0.001789095405911878 max: 864.383881632541 average: 9.133478490019286
[mem] after-turb: DEVICE_POOL current=19500 MB  actual(reserved)=38146 MB  highWater=24788 MB
ExecutionTime = 47.95 s  ClockTime = 48 s

Time = 1057
[mem] step-start: DEVICE_POOL current=19500 MB  actual(reserved)=38146 MB  highWater=24788 MB
Schwarz(Jacobi)+Bicgstab:  Solving for Ux, Initial residual = 8.058502732266266e-05, Final residual = 4.4482298619901144e-06, No Iterations 2, Solve time = 40.36 ms
Schwarz(Jacobi)+Bicgstab:  Solving for Uy, Initial residual = 0.004436408629650086, Final residual = 0.0007665484011421215, No Iterations 2, Solve time = 40.36 ms
Schwarz(Jacobi)+Bicgstab:  Solving for Uz, Initial residual = 0.0011424450763330809, Final residual = 9.234045392669132e-05, No Iterations 2, Solve time = 40.36 ms
[mem] after-UEqn: DEVICE_POOL current=19500 MB  actual(reserved)=38146 MB  highWater=24788 MB
config(Cg+Multigrid):  Solving for p, Initial residual = 0.0013102162312121706, Final residual = 1.2231372469853575e-05, No Iterations 8, Solve time = 155.634 ms
time step continuity errors : sum local = 3.06532680421343e-06, global = -1.834630568463777e-08, cumulative = -1.492010176912971e-07
[mem] after-pEqn: DEVICE_POOL current=19500 MB  actual(reserved)=38146 MB  highWater=24788 MB
Schwarz(Jacobi)+Bicgstab:  Solving for omega, Initial residual = 1.3138017063258011e-05, Final residual = 8.656102250844794e-07, No Iterations 2, Solve time = 13.626 ms
bounding omega, min: -41874.95487096432 max: 45355982.84065516 average: 6371.0832238587045
Schwarz(Jacobi)+Bicgstab:  Solving for k, Initial residual = 0.00025311168137109923, Final residual = 1.5213430598380743e-05, No Iterations 2, Solve time = 13.678 ms
bounding k, min: -0.002214544134520678 max: 862.6923654691226 average: 9.134064420131585
[mem] after-turb: DEVICE_POOL current=19500 MB  actual(reserved)=38146 MB  highWater=24788 MB
ExecutionTime = 48.73 s  ClockTime = 49 s

Time = 1058
[mem] step-start: DEVICE_POOL current=19500 MB  actual(reserved)=38146 MB  highWater=24788 MB
Schwarz(Jacobi)+Bicgstab:  Solving for Ux, Initial residual = 8.048947534684848e-05, Final residual = 5.0470552884956176e-06, No Iterations 3, Solve time = 51.059 ms
Schwarz(Jacobi)+Bicgstab:  Solving for Uy, Initial residual = 0.00449781818754278, Final residual = 0.00013661665572892292, No Iterations 3, Solve time = 51.059 ms
Schwarz(Jacobi)+Bicgstab:  Solving for Uz, Initial residual = 0.0011342495939721, Final residual = 4.5738661146488185e-05, No Iterations 3, Solve time = 51.059 ms
[mem] after-UEqn: DEVICE_POOL current=19500 MB  actual(reserved)=38146 MB  highWater=24788 MB
config(Cg+Multigrid):  Solving for p, Initial residual = 0.0012887750165046317, Final residual = 1.1125598685823851e-05, No Iterations 8, Solve time = 150.807 ms
time step continuity errors : sum local = 2.7910816221118307e-06, global = -1.5951815331653206e-08, cumulative = -1.651528330229503e-07
[mem] after-pEqn: DEVICE_POOL current=19500 MB  actual(reserved)=38146 MB  highWater=24788 MB
Schwarz(Jacobi)+Bicgstab:  Solving for omega, Initial residual = 1.3138671645269492e-05, Final residual = 8.642211979289264e-07, No Iterations 2, Solve time = 13.763 ms
bounding omega, min: -99144.37958798664 max: 45355982.91364788 average: 6371.1071583171215
Schwarz(Jacobi)+Bicgstab:  Solving for k, Initial residual = 0.00025346648160871405, Final residual = 1.5275737148962458e-05, No Iterations 2, Solve time = 13.61 ms
bounding k, min: -0.0029799384343865004 max: 860.9160396342014 average: 9.134668431798227
[mem] after-turb: DEVICE_POOL current=19500 MB  actual(reserved)=38146 MB  highWater=24788 MB
ExecutionTime = 49.53 s  ClockTime = 50 s

Time = 1059
[mem] step-start: DEVICE_POOL current=19500 MB  actual(reserved)=38146 MB  highWater=24788 MB
Schwarz(Jacobi)+Bicgstab:  Solving for Ux, Initial residual = 8.059904595770534e-05, Final residual = 4.647325368454984e-06, No Iterations 3, Solve time = 50.907 ms
Schwarz(Jacobi)+Bicgstab:  Solving for Uy, Initial residual = 0.0044888312359819505, Final residual = 0.0001362205864743675, No Iterations 3, Solve time = 50.907 ms
Schwarz(Jacobi)+Bicgstab:  Solving for Uz, Initial residual = 0.0011309727261494937, Final residual = 4.524707148898769e-05, No Iterations 3, Solve time = 50.907 ms
[mem] after-UEqn: DEVICE_POOL current=19500 MB  actual(reserved)=38146 MB  highWater=24788 MB
config(Cg+Multigrid):  Solving for p, Initial residual = 0.0012827292979819965, Final residual = 1.0696928270239176e-05, No Iterations 8, Solve time = 147.072 ms
time step continuity errors : sum local = 2.6863753316220294e-06, global = -1.072582902396803e-08, cumulative = -1.7587866204691835e-07
[mem] after-pEqn: DEVICE_POOL current=19500 MB  actual(reserved)=38146 MB  highWater=24788 MB
Schwarz(Jacobi)+Bicgstab:  Solving for omega, Initial residual = 1.3146251332316711e-05, Final residual = 8.613492194112684e-07, No Iterations 2, Solve time = 13.543 ms
bounding omega, min: -38263.46455259181 max: 45355982.991608284 average: 6371.1088294066585
Schwarz(Jacobi)+Bicgstab:  Solving for k, Initial residual = 0.0002537909448149738, Final residual = 1.5254711928958772e-05, No Iterations 2, Solve time = 13.572 ms
bounding k, min: -0.0026837576600769047 max: 861.5187816404763 average: 9.135253192767978
[mem] after-turb: DEVICE_POOL current=19500 MB  actual(reserved)=38146 MB  highWater=24788 MB
ExecutionTime = 50.31 s  ClockTime = 50 s

Time = 1060
[mem] step-start: DEVICE_POOL current=19500 MB  actual(reserved)=38146 MB  highWater=24788 MB
Schwarz(Jacobi)+Bicgstab:  Solving for Ux, Initial residual = 8.075125755467866e-05, Final residual = 4.608398497026979e-06, No Iterations 3, Solve time = 50.79 ms
Schwarz(Jacobi)+Bicgstab:  Solving for Uy, Initial residual = 0.004464458659829417, Final residual = 0.00013792993469375177, No Iterations 3, Solve time = 50.79 ms
Schwarz(Jacobi)+Bicgstab:  Solving for Uz, Initial residual = 0.0011328213991216988, Final residual = 4.861051566185111e-05, No Iterations 3, Solve time = 50.79 ms
[mem] after-UEqn: DEVICE_POOL current=19500 MB  actual(reserved)=38146 MB  highWater=24788 MB
config(Cg+Multigrid):  Solving for p, Initial residual = 0.0012857902217169974, Final residual = 1.0804659070566765e-05, No Iterations 8, Solve time = 146.767 ms
time step continuity errors : sum local = 2.716369567671003e-06, global = -2.354810028547466e-09, cumulative = -1.7823347207546581e-07
[mem] after-pEqn: DEVICE_POOL current=19500 MB  actual(reserved)=38146 MB  highWater=24788 MB
Schwarz(Jacobi)+Bicgstab:  Solving for omega, Initial residual = 1.3145202679994357e-05, Final residual = 8.612043865021152e-07, No Iterations 2, Solve time = 13.702 ms
bounding omega, min: -41391.33286514001 max: 45355983.07321527 average: 6371.054617140483
Schwarz(Jacobi)+Bicgstab:  Solving for k, Initial residual = 0.00025413294677114744, Final residual = 1.5354054797002245e-05, No Iterations 2, Solve time = 13.717 ms
bounding k, min: -0.0016524948371593115 max: 861.5389729147334 average: 9.135826210367929
[mem] after-turb: DEVICE_POOL current=19500 MB  actual(reserved)=38146 MB  highWater=24788 MB
ExecutionTime = 51.1 s  ClockTime = 51 s

Time = 1061
[mem] step-start: DEVICE_POOL current=19500 MB  actual(reserved)=38146 MB  highWater=24788 MB
Schwarz(Jacobi)+Bicgstab:  Solving for Ux, Initial residual = 8.094991992045249e-05, Final residual = 4.0485410277877205e-06, No Iterations 3, Solve time = 51.02 ms
Schwarz(Jacobi)+Bicgstab:  Solving for Uy, Initial residual = 0.004431791595310369, Final residual = 0.00013887788712983927, No Iterations 3, Solve time = 51.02 ms
Schwarz(Jacobi)+Bicgstab:  Solving for Uz, Initial residual = 0.0011377956640420959, Final residual = 3.449693212909113e-05, No Iterations 3, Solve time = 51.02 ms
[mem] after-UEqn: DEVICE_POOL current=19500 MB  actual(reserved)=38146 MB  highWater=24788 MB
config(Cg+Multigrid):  Solving for p, Initial residual = 0.0012882187612184863, Final residual = 1.1541883152762176e-05, No Iterations 8, Solve time = 145.878 ms
time step continuity errors : sum local = 2.9050420173555624e-06, global = 7.62100725081767e-09, cumulative = -1.7061246482464815e-07
[mem] after-pEqn: DEVICE_POOL current=19500 MB  actual(reserved)=38146 MB  highWater=24788 MB
Schwarz(Jacobi)+Bicgstab:  Solving for omega, Initial residual = 1.314422459157588e-05, Final residual = 8.638354924975188e-07, No Iterations 2, Solve time = 13.708 ms
bounding omega, min: -35917.45943553611 max: 45355983.156121284 average: 6370.959193599054
Schwarz(Jacobi)+Bicgstab:  Solving for k, Initial residual = 0.00025446304732926997, Final residual = 1.5355071146912937e-05, No Iterations 2, Solve time = 13.757 ms
bounding k, min: -0.0018406185168811234 max: 862.7116189603805 average: 9.136335952491697
[mem] after-turb: DEVICE_POOL current=19500 MB  actual(reserved)=38146 MB  highWater=24788 MB
ExecutionTime = 51.89 s  ClockTime = 52 s

Time = 1062
[mem] step-start: DEVICE_POOL current=19500 MB  actual(reserved)=38146 MB  highWater=24788 MB
Schwarz(Jacobi)+Bicgstab:  Solving for Ux, Initial residual = 8.110682633891166e-05, Final residual = 4.006511569255066e-06, No Iterations 3, Solve time = 50.789 ms
Schwarz(Jacobi)+Bicgstab:  Solving for Uy, Initial residual = 0.004398868699344645, Final residual = 0.00013938710005298818, No Iterations 3, Solve time = 50.789 ms
Schwarz(Jacobi)+Bicgstab:  Solving for Uz, Initial residual = 0.0011428978648639117, Final residual = 5.89945552235003e-05, No Iterations 3, Solve time = 50.789 ms
[mem] after-UEqn: DEVICE_POOL current=19500 MB  actual(reserved)=38146 MB  highWater=24788 MB
config(Cg+Multigrid):  Solving for p, Initial residual = 0.001286941288054596, Final residual = 1.0852705818192528e-05, No Iterations 9, Solve time = 155.789 ms
time step continuity errors : sum local = 2.735186693151918e-06, global = 1.506612573829883e-08, cumulative = -1.555463390863493e-07
[mem] after-pEqn: DEVICE_POOL current=19500 MB  actual(reserved)=38146 MB  highWater=24788 MB
Schwarz(Jacobi)+Bicgstab:  Solving for omega, Initial residual = 0.09958000923022589, Final residual = 0.0076605766947815766, No Iterations 3, Solve time = 16.981 ms
bounding omega, min: -118136.57271145769 max: 28584901183967.344 average: 1423408.3549150294
Schwarz(Jacobi)+Bicgstab:  Solving for k, Initial residual = 0.009750523489470626, Final residual = 3.8902442206864294e-05, No Iterations 1, Solve time = 10.422 ms
bounding k, min: -1.7498562901113717 max: 863.2229044671966 average: 9.136376875472612
[mem] after-turb: DEVICE_POOL current=19500 MB  actual(reserved)=38146 MB  highWater=24788 MB
ExecutionTime = 52.69 s  ClockTime = 53 s

Time = 1063
[mem] step-start: DEVICE_POOL current=19500 MB  actual(reserved)=38146 MB  highWater=24788 MB
Schwarz(Jacobi)+Bicgstab:  Solving for Ux, Initial residual = 8.12490302737666e-05, Final residual = 4.563007097997531e-06, No Iterations 2, Solve time = 41.083 ms
Schwarz(Jacobi)+Bicgstab:  Solving for Uy, Initial residual = 0.00437086106508653, Final residual = 0.0004564856065414932, No Iterations 2, Solve time = 41.083 ms
Schwarz(Jacobi)+Bicgstab:  Solving for Uz, Initial residual = 0.001149644653773785, Final residual = 7.744099912833347e-05, No Iterations 2, Solve time = 41.083 ms
[mem] after-UEqn: DEVICE_POOL current=19500 MB  actual(reserved)=38146 MB  highWater=24788 MB
config(Cg+Multigrid):  Solving for p, Initial residual = 0.0012957821436078852, Final residual = 1.2030161176145047e-05, No Iterations 10, Solve time = 173.071 ms
time step continuity errors : sum local = 3.038168657596459e-06, global = 5.0985989508955116e-08, cumulative = -1.045603495773942e-07
[mem] after-pEqn: DEVICE_POOL current=19500 MB  actual(reserved)=38146 MB  highWater=24788 MB
Schwarz(Jacobi)+Bicgstab:  Solving for omega, Initial residual = 0.5384581917475806, Final residual = 7.990632248803838e-12, No Iterations 1, Solve time = 10.408 ms
bounding omega, min: -217433150.4190203 max: 8575470355795.633 average: 434496.24814173224
Schwarz(Jacobi)+Bicgstab:  Solving for k, Initial residual = 0.0011299864767160659, Final residual = 4.9695517382594725e-05, No Iterations 1, Solve time = 10.483 ms
bounding k, min: -1.735274691669972 max: 864.258848208867 average: 9.136353338030396
[mem] after-turb: DEVICE_POOL current=19500 MB  actual(reserved)=38146 MB  highWater=24788 MB
ExecutionTime = 53.48 s  ClockTime = 54 s

Time = 1064
[mem] step-start: DEVICE_POOL current=19500 MB  actual(reserved)=38146 MB  highWater=24788 MB
Schwarz(Jacobi)+Bicgstab:  Solving for Ux, Initial residual = 8.145097126108077e-05, Final residual = 4.5119513542975336e-06, No Iterations 2, Solve time = 42.2 ms
Schwarz(Jacobi)+Bicgstab:  Solving for Uy, Initial residual = 0.004329904811142973, Final residual = 0.0007168249132202166, No Iterations 2, Solve time = 42.2 ms
Schwarz(Jacobi)+Bicgstab:  Solving for Uz, Initial residual = 0.001158686989099376, Final residual = 7.890665828838288e-05, No Iterations 2, Solve time = 42.2 ms
[mem] after-UEqn: DEVICE_POOL current=19500 MB  actual(reserved)=38146 MB  highWater=24788 MB
config(Cg+Multigrid):  Solving for p, Initial residual = 0.0012812483393368742, Final residual = 1.167834643444142e-05, No Iterations 12, Solve time = 197.335 ms
time step continuity errors : sum local = 2.957810551683959e-06, global = 3.405128607222839e-08, cumulative = -7.050906350516581e-08
[mem] after-pEqn: DEVICE_POOL current=19500 MB  actual(reserved)=38146 MB  highWater=24788 MB
Schwarz(Jacobi)+Bicgstab:  Solving for omega, Initial residual = 0.5384499176041213, Final residual = 1.7950116310407435e-12, No Iterations 1, Solve time = 10.326 ms
bounding omega, min: -734658.6527124102 max: 2572641107402.2646 average: 134849.1572030137
Schwarz(Jacobi)+Bicgstab:  Solving for k, Initial residual = 0.00034513447685572524, Final residual = 1.3427409574142915e-05, No Iterations 2, Solve time = 13.701 ms
bounding k, min: -0.0823355256229194 max: 864.6925553497812 average: 9.137381414159144
[mem] after-turb: DEVICE_POOL current=19500 MB  actual(reserved)=38146 MB  highWater=24788 MB
ExecutionTime = 54.31 s  ClockTime = 54 s

Time = 1065
[mem] step-start: DEVICE_POOL current=19500 MB  actual(reserved)=38146 MB  highWater=24788 MB
Schwarz(Jacobi)+Bicgstab:  Solving for Ux, Initial residual = 8.13621433460745e-05, Final residual = 3.6048905556342665e-06, No Iterations 3, Solve time = 50.942 ms
Schwarz(Jacobi)+Bicgstab:  Solving for Uy, Initial residual = 0.004358016984585055, Final residual = 0.00013589096008935874, No Iterations 3, Solve time = 50.942 ms
Schwarz(Jacobi)+Bicgstab:  Solving for Uz, Initial residual = 0.0011608182789623123, Final residual = 6.884969914495983e-05, No Iterations 3, Solve time = 50.942 ms
[mem] after-UEqn: DEVICE_POOL current=19500 MB  actual(reserved)=38146 MB  highWater=24788 MB
config(Cg+Multigrid):  Solving for p, Initial residual = 0.0012741116901599499, Final residual = 1.1596463952192213e-05, No Iterations 9, Solve time = 165.829 ms
time step continuity errors : sum local = 2.948116885055011e-06, global = 4.1396178285548894e-08, cumulative = -2.9112885219616913e-08
[mem] after-pEqn: DEVICE_POOL current=19500 MB  actual(reserved)=38146 MB  highWater=24788 MB
Schwarz(Jacobi)+Bicgstab:  Solving for omega, Initial residual = 0.5384212029350387, Final residual = 1.8366442237814327e-11, No Iterations 1, Solve time = 10.366 ms
bounding omega, min: -25218.10116435959 max: 771792332929.4636 average: 44916.52716342921
Schwarz(Jacobi)+Bicgstab:  Solving for k, Initial residual = 0.0002702275349022773, Final residual = 1.5684344122338905e-05, No Iterations 2, Solve time = 13.624 ms
bounding k, min: -0.1667504410039054 max: 865.4483481359451 average: 9.138149709290428
[mem] after-turb: DEVICE_POOL current=19500 MB  actual(reserved)=38146 MB  highWater=24788 MB
ExecutionTime = 55.11 s  ClockTime = 55 s

Time = 1066
[mem] step-start: DEVICE_POOL current=19500 MB  actual(reserved)=38146 MB  highWater=24788 MB
Schwarz(Jacobi)+Bicgstab:  Solving for Ux, Initial residual = 8.129346935853162e-05, Final residual = 3.7688172183570416e-06, No Iterations 3, Solve time = 50.832 ms
Schwarz(Jacobi)+Bicgstab:  Solving for Uy, Initial residual = 0.004355114136496176, Final residual = 0.00013445924706250174, No Iterations 3, Solve time = 50.832 ms
Schwarz(Jacobi)+Bicgstab:  Solving for Uz, Initial residual = 0.0011618285402332218, Final residual = 6.586197718684316e-05, No Iterations 3, Solve time = 50.832 ms
[mem] after-UEqn: DEVICE_POOL current=19500 MB  actual(reserved)=38146 MB  highWater=24788 MB
config(Cg+Multigrid):  Solving for p, Initial residual = 0.00127001410346482, Final residual = 1.1838545522515211e-05, No Iterations 9, Solve time = 162.102 ms
time step continuity errors : sum local = 3.0142417099263375e-06, global = 4.67578074821957e-08, cumulative = 1.764492226257879e-08
[mem] after-pEqn: DEVICE_POOL current=19500 MB  actual(reserved)=38146 MB  highWater=24788 MB
Schwarz(Jacobi)+Bicgstab:  Solving for omega, Initial residual = 0.5383120790290122, Final residual = 2.0850448702191668e-10, No Iterations 1, Solve time = 10.648 ms
bounding omega, min: -92770.90614965523 max: 231537700611.61926 average: 17934.675404692716
Schwarz(Jacobi)+Bicgstab:  Solving for k, Initial residual = 0.0002651431124518808, Final residual = 1.7925805277982553e-05, No Iterations 2, Solve time = 13.682 ms
bounding k, min: -0.003276652848614253 max: 865.75970913619 average: 9.138528142228719
[mem] after-turb: DEVICE_POOL current=19500 MB  actual(reserved)=38146 MB  highWater=24788 MB
ExecutionTime = 55.91 s  ClockTime = 56 s

Time = 1067
[mem] step-start: DEVICE_POOL current=19500 MB  actual(reserved)=38146 MB  highWater=24788 MB
Schwarz(Jacobi)+Bicgstab:  Solving for Ux, Initial residual = 8.128026586632126e-05, Final residual = 4.6201875382711855e-07, No Iterations 5, Solve time = 73.396 ms
Schwarz(Jacobi)+Bicgstab:  Solving for Uy, Initial residual = 0.004349999682882341, Final residual = 2.6328562477616102e-05, No Iterations 5, Solve time = 73.396 ms
Schwarz(Jacobi)+Bicgstab:  Solving for Uz, Initial residual = 0.001162388862750695, Final residual = 6.257873629654156e-05, No Iterations 5, Solve time = 73.396 ms
[mem] after-UEqn: DEVICE_POOL current=19500 MB  actual(reserved)=38146 MB  highWater=24788 MB
config(Cg+Multigrid):  Solving for p, Initial residual = 0.001256003611951008, Final residual = 1.2446971740098025e-05, No Iterations 9, Solve time = 165.735 ms
time step continuity errors : sum local = 3.1734618049298475e-06, global = 5.4158150554770756e-08, cumulative = 7.180307281734955e-08
[mem] after-pEqn: DEVICE_POOL current=19500 MB  actual(reserved)=38146 MB  highWater=24788 MB
Schwarz(Jacobi)+Bicgstab:  Solving for omega, Initial residual = 0.5377995277236574, Final residual = 2.3886539199044363e-09, No Iterations 1, Solve time = 10.319 ms
bounding omega, min: -27214.47677704479 max: 69461310910.57407 average: 9839.79648111705
Schwarz(Jacobi)+Bicgstab:  Solving for k, Initial residual = 0.0002642134658506153, Final residual = 6.39810725785069e-06, No Iterations 3, Solve time = 16.981 ms
bounding k, min: -2.6169695163012898e-05 max: 866.1688887310149 average: 9.138927635468274
[mem] after-turb: DEVICE_POOL current=19500 MB  actual(reserved)=38146 MB  highWater=24788 MB
ExecutionTime = 56.75 s  ClockTime = 57 s

Time = 1068
[mem] step-start: DEVICE_POOL current=19500 MB  actual(reserved)=38146 MB  highWater=24788 MB
Schwarz(Jacobi)+Bicgstab:  Solving for Ux, Initial residual = 8.106959577995824e-05, Final residual = 6.92597732593712e-07, No Iterations 6, Solve time = 82.806 ms
Schwarz(Jacobi)+Bicgstab:  Solving for Uy, Initial residual = 0.004335565774559869, Final residual = 1.3406312890169134e-05, No Iterations 6, Solve time = 82.806 ms
Schwarz(Jacobi)+Bicgstab:  Solving for Uz, Initial residual = 0.0011634063351883804, Final residual = 4.909725284522558e-06, No Iterations 6, Solve time = 82.806 ms
[mem] after-UEqn: DEVICE_POOL current=19500 MB  actual(reserved)=38146 MB  highWater=24788 MB
config(Cg+Multigrid):  Solving for p, Initial residual = 0.00124667908454182, Final residual = 1.2365591275146995e-05, No Iterations 10, Solve time = 175.266 ms
time step continuity errors : sum local = 3.1565786047194447e-06, global = 3.824169453594866e-08, cumulative = 1.100447673532982e-07
[mem] after-pEqn: DEVICE_POOL current=19500 MB  actual(reserved)=38146 MB  highWater=24788 MB
Schwarz(Jacobi)+Bicgstab:  Solving for omega, Initial residual = 0.5344560727599225, Final residual = 2.7047097133415053e-08, No Iterations 1, Solve time = 10.355 ms
bounding omega, min: -31056.21845773817 max: 20838393977.911827 average: 7411.115168545612
Schwarz(Jacobi)+Bicgstab:  Solving for k, Initial residual = 0.00026206579064118796, Final residual = 1.5462407191198178e-05, No Iterations 2, Solve time = 13.629 ms
bounding k, min: -2.4816736157921203e-05 max: 866.2513777748534 average: 9.13879985139465
[mem] after-turb: DEVICE_POOL current=19500 MB  actual(reserved)=38146 MB  highWater=24788 MB
ExecutionTime = 57.59 s  ClockTime = 58 s

Time = 1069
[mem] step-start: DEVICE_POOL current=19500 MB  actual(reserved)=38146 MB  highWater=24788 MB
Schwarz(Jacobi)+Bicgstab:  Solving for Ux, Initial residual = 8.096094838715806e-05, Final residual = 3.4932397594741294e-06, No Iterations 2, Solve time = 40.12 ms
Schwarz(Jacobi)+Bicgstab:  Solving for Uy, Initial residual = 0.004319484867227084, Final residual = 0.00035709529784652314, No Iterations 2, Solve time = 40.12 ms
Schwarz(Jacobi)+Bicgstab:  Solving for Uz, Initial residual = 0.0011597962591143659, Final residual = 0.00013154303765187212, No Iterations 2, Solve time = 40.12 ms
[mem] after-UEqn: DEVICE_POOL current=19500 MB  actual(reserved)=38146 MB  highWater=24788 MB
config(Cg+Multigrid):  Solving for p, Initial residual = 0.0012530459499680163, Final residual = 1.23982982632999e-05, No Iterations 9, Solve time = 155.321 ms
time step continuity errors : sum local = 3.169885270778278e-06, global = 4.333944105229812e-08, cumulative = 1.533842084055963e-07
[mem] after-pEqn: DEVICE_POOL current=19500 MB  actual(reserved)=38146 MB  highWater=24788 MB
Schwarz(Jacobi)+Bicgstab:  Solving for omega, Initial residual = 0.506710768529284, Final residual = 2.920766166007773e-07, No Iterations 1, Solve time = 10.354 ms
bounding omega, min: -31302.56627767431 max: 6251518852.560581 average: 6682.255907477059
Schwarz(Jacobi)+Bicgstab:  Solving for k, Initial residual = 0.00026319199667825736, Final residual = 1.5083287120242293e-05, No Iterations 2, Solve time = 13.644 ms
bounding k, min: -1.1391273971991005e-05 max: 866.3087360999192 average: 9.138777199995129
[mem] after-turb: DEVICE_POOL current=19500 MB  actual(reserved)=38146 MB  highWater=24788 MB
ExecutionTime = 58.37 s  ClockTime = 59 s

Time = 1070
[mem] step-start: DEVICE_POOL current=19500 MB  actual(reserved)=38146 MB  highWater=24788 MB
Schwarz(Jacobi)+Bicgstab:  Solving for Ux, Initial residual = 8.11080456312192e-05, Final residual = 4.015874327445039e-06, No Iterations 3, Solve time = 50.886 ms
Schwarz(Jacobi)+Bicgstab:  Solving for Uy, Initial residual = 0.004289501737188184, Final residual = 0.00015120730093766283, No Iterations 3, Solve time = 50.886 ms
Schwarz(Jacobi)+Bicgstab:  Solving for Uz, Initial residual = 0.0011695938813161895, Final residual = 6.266984209620912e-05, No Iterations 3, Solve time = 50.886 ms
[mem] after-UEqn: DEVICE_POOL current=19500 MB  actual(reserved)=38146 MB  highWater=24788 MB
config(Cg+Multigrid):  Solving for p, Initial residual = 0.0012520374475978556, Final residual = 1.2126637645296936e-05, No Iterations 9, Solve time = 157.051 ms
time step continuity errors : sum local = 3.1035202231050272e-06, global = 5.3060219560324524e-08, cumulative = 2.0644442796592083e-07
[mem] after-pEqn: DEVICE_POOL current=19500 MB  actual(reserved)=38146 MB  highWater=24788 MB
Schwarz(Jacobi)+Bicgstab:  Solving for omega, Initial residual = 0.3308536632050929, Final residual = 2.1638324975834566e-06, No Iterations 1, Solve time = 10.371 ms
bounding omega, min: -55677.42602870357 max: 1875456261.0495396 average: 6463.433055846477
Schwarz(Jacobi)+Bicgstab:  Solving for k, Initial residual = 0.00026411347810006324, Final residual = 1.6793054579188425e-05, No Iterations 2, Solve time = 13.608 ms
bounding k, min: -3.8588198221130947e-05 max: 866.1757501931794 average: 9.138809867635732
[mem] after-turb: DEVICE_POOL current=19500 MB  actual(reserved)=38146 MB  highWater=24788 MB
ExecutionTime = 59.18 s  ClockTime = 59 s

Time = 1071
[mem] step-start: DEVICE_POOL current=19500 MB  actual(reserved)=38146 MB  highWater=24788 MB
Schwarz(Jacobi)+Bicgstab:  Solving for Ux, Initial residual = 8.123013232405329e-05, Final residual = 4.260387832916001e-06, No Iterations 2, Solve time = 40.099 ms
Schwarz(Jacobi)+Bicgstab:  Solving for Uy, Initial residual = 0.0042758527512383035, Final residual = 0.0007021605636829342, No Iterations 2, Solve time = 40.099 ms
Schwarz(Jacobi)+Bicgstab:  Solving for Uz, Initial residual = 0.0011708025779372635, Final residual = 8.107481727587877e-05, No Iterations 2, Solve time = 40.099 ms
[mem] after-UEqn: DEVICE_POOL current=19500 MB  actual(reserved)=38146 MB  highWater=24788 MB
config(Cg+Multigrid):  Solving for p, Initial residual = 0.0012552447030173132, Final residual = 1.1534650293662689e-05, No Iterations 9, Solve time = 159.257 ms
time step continuity errors : sum local = 2.9545741878992734e-06, global = 4.7366583223053096e-08, cumulative = 2.5381101118897393e-07
[mem] after-pEqn: DEVICE_POOL current=19500 MB  actual(reserved)=38146 MB  highWater=24788 MB
Schwarz(Jacobi)+Bicgstab:  Solving for omega, Initial residual = 0.06955450728885472, Final residual = 5.147115862286555e-06, No Iterations 1, Solve time = 10.292 ms
bounding omega, min: -32913.022832399176 max: 562637423.4414318 average: 6397.746481633208
Schwarz(Jacobi)+Bicgstab:  Solving for k, Initial residual = 0.0002650493864624592, Final residual = 7.689160199815904e-06, No Iterations 3, Solve time = 17.056 ms
bounding k, min: -5.309636545216718e-06 max: 866.0808502049334 average: 9.139417068797451
[mem] after-turb: DEVICE_POOL current=19500 MB  actual(reserved)=38146 MB  highWater=24788 MB
ExecutionTime = 59.96 s  ClockTime = 60 s

Time = 1072
[mem] step-start: DEVICE_POOL current=19500 MB  actual(reserved)=38146 MB  highWater=24788 MB
Schwarz(Jacobi)+Bicgstab:  Solving for Ux, Initial residual = 8.119834734211443e-05, Final residual = 3.0428258617529183e-06, No Iterations 3, Solve time = 50.839 ms
Schwarz(Jacobi)+Bicgstab:  Solving for Uy, Initial residual = 0.004321318470279359, Final residual = 0.00013368546056327613, No Iterations 3, Solve time = 50.839 ms
Schwarz(Jacobi)+Bicgstab:  Solving for Uz, Initial residual = 0.0011704905417623144, Final residual = 5.399945973579137e-05, No Iterations 3, Solve time = 50.839 ms
[mem] after-UEqn: DEVICE_POOL current=19500 MB  actual(reserved)=38146 MB  highWater=24788 MB
config(Cg+Multigrid):  Solving for p, Initial residual = 0.0012507678677738917, Final residual = 1.0857700223150047e-05, No Iterations 9, Solve time = 161.539 ms
time step continuity errors : sum local = 2.7830937955749614e-06, global = 4.061226947487632e-08, cumulative = 2.9442328066385027e-07
[mem] after-pEqn: DEVICE_POOL current=19500 MB  actual(reserved)=38146 MB  highWater=24788 MB
Schwarz(Jacobi)+Bicgstab:  Solving for omega, Initial residual = 0.00718117218930602, Final residual = 5.973598480616128e-06, No Iterations 1, Solve time = 10.429 ms
bounding omega, min: -32698.310219311756 max: 168791777.34331113 average: 6378.0275268691275
Schwarz(Jacobi)+Bicgstab:  Solving for k, Initial residual = 0.00026500124142215685, Final residual = 1.3109489659120226e-05, No Iterations 2, Solve time = 13.611 ms
bounding k, min: -4.142810941092175e-05 max: 865.7751226220918 average: 9.139687025418374
[mem] after-turb: DEVICE_POOL current=19500 MB  actual(reserved)=38146 MB  highWater=24788 MB
ExecutionTime = 60.76 s  ClockTime = 61 s

Time = 1073
[mem] step-start: DEVICE_POOL current=19500 MB  actual(reserved)=38146 MB  highWater=24788 MB
Schwarz(Jacobi)+Bicgstab:  Solving for Ux, Initial residual = 8.1113682283508e-05, Final residual = 3.31136686947287e-06, No Iterations 3, Solve time = 50.796 ms
Schwarz(Jacobi)+Bicgstab:  Solving for Uy, Initial residual = 0.004321332811041807, Final residual = 0.00013393770303086376, No Iterations 3, Solve time = 50.796 ms
Schwarz(Jacobi)+Bicgstab:  Solving for Uz, Initial residual = 0.0011687922327066522, Final residual = 2.53864785333348e-05, No Iterations 3, Solve time = 50.796 ms
[mem] after-UEqn: DEVICE_POOL current=19500 MB  actual(reserved)=38146 MB  highWater=24788 MB
config(Cg+Multigrid):  Solving for p, Initial residual = 0.001249881427430251, Final residual = 1.0304492849356502e-05, No Iterations 9, Solve time = 160.581 ms
time step continuity errors : sum local = 2.6426227787349745e-06, global = 3.437026201418878e-08, cumulative = 3.2879354267803903e-07
[mem] after-pEqn: DEVICE_POOL current=19500 MB  actual(reserved)=38146 MB  highWater=24788 MB
Schwarz(Jacobi)+Bicgstab:  Solving for omega, Initial residual = 0.0006719409626586342, Final residual = 6.118924896844676e-06, No Iterations 1, Solve time = 10.331 ms
bounding omega, min: -32843.85000604539 max: 50638123.56465207 average: 6372.0788899092495
Schwarz(Jacobi)+Bicgstab:  Solving for k, Initial residual = 0.00026563206050110117, Final residual = 1.2828121213158317e-05, No Iterations 2, Solve time = 13.779 ms
bounding k, min: -2.382313565335825e-06 max: 865.427131879891 average: 9.139897276586968
[mem] after-turb: DEVICE_POOL current=19500 MB  actual(reserved)=38146 MB  highWater=24788 MB
ExecutionTime = 61.56 s  ClockTime = 62 s

Time = 1074
[mem] step-start: DEVICE_POOL current=19500 MB  actual(reserved)=38146 MB  highWater=24788 MB
Schwarz(Jacobi)+Bicgstab:  Solving for Ux, Initial residual = 8.109395641382474e-05, Final residual = 3.3240999123897497e-06, No Iterations 4, Solve time = 61.465 ms
Schwarz(Jacobi)+Bicgstab:  Solving for Uy, Initial residual = 0.0043234215611718824, Final residual = 0.0003982326962951801, No Iterations 4, Solve time = 61.465 ms
Schwarz(Jacobi)+Bicgstab:  Solving for Uz, Initial residual = 0.0011652800177092426, Final residual = 1.630911733766543e-05, No Iterations 4, Solve time = 61.465 ms
[mem] after-UEqn: DEVICE_POOL current=19500 MB  actual(reserved)=38146 MB  highWater=24788 MB
config(Cg+Multigrid):  Solving for p, Initial residual = 0.0012485156913110255, Final residual = 1.2325582293132108e-05, No Iterations 8, Solve time = 148.526 ms
time step continuity errors : sum local = 3.1619702472963312e-06, global = 1.042255053620642e-08, cumulative = 3.3921609321424545e-07
[mem] after-pEqn: DEVICE_POOL current=19500 MB  actual(reserved)=38146 MB  highWater=24788 MB
Schwarz(Jacobi)+Bicgstab:  Solving for omega, Initial residual = 7.637064547948883e-05, Final residual = 6.0188771283409826e-06, No Iterations 1, Solve time = 10.27 ms
bounding omega, min: -37325.29485398963 max: 45355983.38986376 average: 6370.271880631246
Schwarz(Jacobi)+Bicgstab:  Solving for k, Initial residual = 0.0002661898455131362, Final residual = 1.2661684232564795e-05, No Iterations 2, Solve time = 13.738 ms
bounding k, min: -3.519284504393654e-05 max: 864.9336517143781 average: 9.140137021817683
[mem] after-turb: DEVICE_POOL current=19500 MB  actual(reserved)=38146 MB  highWater=24788 MB
ExecutionTime = 62.35 s  ClockTime = 63 s

Time = 1075
[mem] step-start: DEVICE_POOL current=19500 MB  actual(reserved)=38146 MB  highWater=24788 MB
Schwarz(Jacobi)+Bicgstab:  Solving for Ux, Initial residual = 8.111644969014927e-05, Final residual = 6.657823539687846e-07, No Iterations 5, Solve time = 72.074 ms
Schwarz(Jacobi)+Bicgstab:  Solving for Uy, Initial residual = 0.004340826517908366, Final residual = 0.00014599140296023996, No Iterations 5, Solve time = 72.074 ms
Schwarz(Jacobi)+Bicgstab:  Solving for Uz, Initial residual = 0.0011634577599664892, Final residual = 7.531565417947714e-06, No Iterations 5, Solve time = 72.074 ms
[mem] after-UEqn: DEVICE_POOL current=19500 MB  actual(reserved)=38146 MB  highWater=24788 MB
config(Cg+Multigrid):  Solving for p, Initial residual = 0.0012347732299351967, Final residual = 1.234428321621824e-05, No Iterations 8, Solve time = 146.073 ms
time step continuity errors : sum local = 3.1668011625045005e-06, global = 7.3376786000165885e-09, cumulative = 3.4655377181426205e-07
[mem] after-pEqn: DEVICE_POOL current=19500 MB  actual(reserved)=38146 MB  highWater=24788 MB
Schwarz(Jacobi)+Bicgstab:  Solving for omega, Initial residual = 2.2662325342915302e-05, Final residual = 1.252469967047278e-06, No Iterations 2, Solve time = 13.747 ms
bounding omega, min: -33115.66815079485 max: 45355983.33552795 average: 6369.798676695137
Schwarz(Jacobi)+Bicgstab:  Solving for k, Initial residual = 0.0002649473134850444, Final residual = 1.1045955762971684e-05, No Iterations 2, Solve time = 13.769 ms
bounding k, min: -6.431741983325365e-07 max: 864.3835165222866 average: 9.140192806246578
[mem] after-turb: DEVICE_POOL current=19500 MB  actual(reserved)=38146 MB  highWater=24788 MB
ExecutionTime = 63.16 s  ClockTime = 63 s

Time = 1076
[mem] step-start: DEVICE_POOL current=19500 MB  actual(reserved)=38146 MB  highWater=24788 MB
Schwarz(Jacobi)+Bicgstab:  Solving for Ux, Initial residual = 8.093775354417049e-05, Final residual = 5.334937192549415e-06, No Iterations 2, Solve time = 40.37 ms
Schwarz(Jacobi)+Bicgstab:  Solving for Uy, Initial residual = 0.004341524461434768, Final residual = 0.00026361612979548, No Iterations 2, Solve time = 40.37 ms
Schwarz(Jacobi)+Bicgstab:  Solving for Uz, Initial residual = 0.0011624776225925197, Final residual = 0.00013965356001691354, No Iterations 2, Solve time = 40.37 ms
[mem] after-UEqn: DEVICE_POOL current=19500 MB  actual(reserved)=38146 MB  highWater=24788 MB
config(Cg+Multigrid):  Solving for p, Initial residual = 0.001244369852436837, Final residual = 1.2275513965135368e-05, No Iterations 8, Solve time = 148.535 ms
time step continuity errors : sum local = 3.14863240516989e-06, global = 4.7034032662781215e-09, cumulative = 3.512571750805402e-07
[mem] after-pEqn: DEVICE_POOL current=19500 MB  actual(reserved)=38146 MB  highWater=24788 MB
Schwarz(Jacobi)+Bicgstab:  Solving for omega, Initial residual = 1.672879846231567e-05, Final residual = 8.651505577095718e-07, No Iterations 2, Solve time = 13.693 ms
bounding omega, min: -35610.952816820165 max: 45355983.28622887 average: 6369.683605245229
Schwarz(Jacobi)+Bicgstab:  Solving for k, Initial residual = 0.00026360226621876637, Final residual = 1.0612435325106715e-05, No Iterations 2, Solve time = 13.528 ms
bounding k, min: -0.0014002601891555423 max: 863.7361980249801 average: 9.140165142329316
[mem] after-turb: DEVICE_POOL current=19500 MB  actual(reserved)=38146 MB  highWater=24788 MB
ExecutionTime = 63.94 s  ClockTime = 64 s

Time = 1077
[mem] step-start: DEVICE_POOL current=19500 MB  actual(reserved)=38146 MB  highWater=24788 MB
Schwarz(Jacobi)+Bicgstab:  Solving for Ux, Initial residual = 8.095546842546582e-05, Final residual = 2.4128338452020524e-06, No Iterations 3, Solve time = 50.862 ms
Schwarz(Jacobi)+Bicgstab:  Solving for Uy, Initial residual = 0.004335454400682567, Final residual = 0.00014993647498488013, No Iterations 3, Solve time = 50.862 ms
Schwarz(Jacobi)+Bicgstab:  Solving for Uz, Initial residual = 0.0011746264177253162, Final residual = 5.678331628265529e-05, No Iterations 3, Solve time = 50.862 ms
[mem] after-UEqn: DEVICE_POOL current=19500 MB  actual(reserved)=38146 MB  highWater=24788 MB
config(Cg+Multigrid):  Solving for p, Initial residual = 0.001234279971533339, Final residual = 1.193368475512653e-05, No Iterations 8, Solve time = 147.274 ms
time step continuity errors : sum local = 3.0599298581379163e-06, global = 1.9769153519792244e-09, cumulative = 3.5323409043251944e-07
[mem] after-pEqn: DEVICE_POOL current=19500 MB  actual(reserved)=38146 MB  highWater=24788 MB
Schwarz(Jacobi)+Bicgstab:  Solving for omega, Initial residual = 1.5476355148855954e-05, Final residual = 8.202715791280309e-07, No Iterations 2, Solve time = 13.665 ms
bounding omega, min: -33403.37366667329 max: 45355983.241589196 average: 6369.684402272998
Schwarz(Jacobi)+Bicgstab:  Solving for k, Initial residual = 0.00026255085730455646, Final residual = 8.14522975291174e-06, No Iterations 3, Solve time = 17.075 ms
bounding k, min: -1.54095898022778e-05 max: 863.0247292004938 average: 9.140113428966561
[mem] after-turb: DEVICE_POOL current=19500 MB  actual(reserved)=38146 MB  highWater=24788 MB
ExecutionTime = 64.73 s  ClockTime = 65 s

Time = 1078
[mem] step-start: DEVICE_POOL current=19500 MB  actual(reserved)=38146 MB  highWater=24788 MB
Schwarz(Jacobi)+Bicgstab:  Solving for Ux, Initial residual = 8.086969461768782e-05, Final residual = 4.586620227926634e-06, No Iterations 2, Solve time = 40.161 ms
Schwarz(Jacobi)+Bicgstab:  Solving for Uy, Initial residual = 0.004337708279528796, Final residual = 0.000780983551773958, No Iterations 2, Solve time = 40.161 ms
Schwarz(Jacobi)+Bicgstab:  Solving for Uz, Initial residual = 0.001176819983201257, Final residual = 8.570390376696379e-05, No Iterations 2, Solve time = 40.161 ms
[mem] after-UEqn: DEVICE_POOL current=19500 MB  actual(reserved)=38146 MB  highWater=24788 MB
config(Cg+Multigrid):  Solving for p, Initial residual = 0.0012361470093706721, Final residual = 1.2030692772339952e-05, No Iterations 8, Solve time = 144.769 ms
time step continuity errors : sum local = 3.083248929947185e-06, global = 1.4025733464245797e-09, cumulative = 3.54636663778944e-07
[mem] after-pEqn: DEVICE_POOL current=19500 MB  actual(reserved)=38146 MB  highWater=24788 MB
Schwarz(Jacobi)+Bicgstab:  Solving for omega, Initial residual = 1.4952207349038338e-05, Final residual = 9.367480466020614e-07, No Iterations 2, Solve time = 13.554 ms
bounding omega, min: -37621.740575577816 max: 45355983.19356581 average: 6369.6991356152885
Schwarz(Jacobi)+Bicgstab:  Solving for k, Initial residual = 0.0002607017500838933, Final residual = 9.53179484331663e-06, No Iterations 2, Solve time = 13.642 ms
bounding k, min: -3.3296109664775404e-05 max: 862.2524040498312 average: 9.140422849565546
[mem] after-turb: DEVICE_POOL current=19500 MB  actual(reserved)=38146 MB  highWater=24788 MB
ExecutionTime = 65.5 s  ClockTime = 66 s

Time = 1079
[mem] step-start: DEVICE_POOL current=19500 MB  actual(reserved)=38146 MB  highWater=24788 MB
Schwarz(Jacobi)+Bicgstab:  Solving for Ux, Initial residual = 8.08864220108336e-05, Final residual = 3.9881781850343245e-06, No Iterations 3, Solve time = 52.341 ms
Schwarz(Jacobi)+Bicgstab:  Solving for Uy, Initial residual = 0.004403720544072813, Final residual = 0.00014184788382667955, No Iterations 3, Solve time = 52.341 ms
Schwarz(Jacobi)+Bicgstab:  Solving for Uz, Initial residual = 0.001178783873432695, Final residual = 5.3726433135738864e-05, No Iterations 3, Solve time = 52.341 ms
[mem] after-UEqn: DEVICE_POOL current=19500 MB  actual(reserved)=38146 MB  highWater=24788 MB
config(Cg+Multigrid):  Solving for p, Initial residual = 0.0012403716086378939, Final residual = 1.1862986700216443e-05, No Iterations 8, Solve time = 147.345 ms
time step continuity errors : sum local = 3.0382949068697747e-06, global = 1.7448423328226575e-09, cumulative = 3.5638150611176666e-07
[mem] after-pEqn: DEVICE_POOL current=19500 MB  actual(reserved)=38146 MB  highWater=24788 MB
Schwarz(Jacobi)+Bicgstab:  Solving for omega, Initial residual = 1.4542844640741786e-05, Final residual = 9.102494363783461e-07, No Iterations 2, Solve time = 13.665 ms
bounding omega, min: -34012.74410409075 max: 45355983.22835764 average: 6369.802790659601
Schwarz(Jacobi)+Bicgstab:  Solving for k, Initial residual = 0.00026004038867955605, Final residual = 1.161115783651133e-05, No Iterations 2, Solve time = 13.634 ms
bounding k, min: -0.0028519760988071387 max: 861.4586507836236 average: 9.140587007702095
[mem] after-turb: DEVICE_POOL current=19500 MB  actual(reserved)=38146 MB  highWater=24788 MB
ExecutionTime = 66.3 s  ClockTime = 67 s

Time = 1080
[mem] step-start: DEVICE_POOL current=19500 MB  actual(reserved)=38146 MB  highWater=24788 MB
Schwarz(Jacobi)+Bicgstab:  Solving for Ux, Initial residual = 8.089548010669384e-05, Final residual = 4.547283987833222e-06, No Iterations 3, Solve time = 50.866 ms
Schwarz(Jacobi)+Bicgstab:  Solving for Uy, Initial residual = 0.004412250002785309, Final residual = 0.0001381970581038329, No Iterations 3, Solve time = 50.866 ms
Schwarz(Jacobi)+Bicgstab:  Solving for Uz, Initial residual = 0.001178268554093665, Final residual = 3.619572981856221e-05, No Iterations 3, Solve time = 50.866 ms
[mem] after-UEqn: DEVICE_POOL current=19500 MB  actual(reserved)=38146 MB  highWater=24788 MB
config(Cg+Multigrid):  Solving for p, Initial residual = 0.001250107274516653, Final residual = 1.1703364735007189e-05, No Iterations 8, Solve time = 146.552 ms
time step continuity errors : sum local = 2.995688210404879e-06, global = 2.5923266508235568e-09, cumulative = 3.5897383276259024e-07
[mem] after-pEqn: DEVICE_POOL current=19500 MB  actual(reserved)=38146 MB  highWater=24788 MB
Schwarz(Jacobi)+Bicgstab:  Solving for omega, Initial residual = 1.424450566611146e-05, Final residual = 8.980116247027772e-07, No Iterations 2, Solve time = 13.594 ms
bounding omega, min: -35694.53222452479 max: 45355983.28503395 average: 6369.837898954244
Schwarz(Jacobi)+Bicgstab:  Solving for k, Initial residual = 0.00025939632517986205, Final residual = 7.63432066602389e-06, No Iterations 3, Solve time = 16.924 ms
bounding k, min: -4.356004971462044e-05 max: 860.625542966053 average: 9.14042807636015
[mem] after-turb: DEVICE_POOL current=19500 MB  actual(reserved)=38146 MB  highWater=24788 MB
Writing p
Writing U
Writing turbulence variables
ExecutionTime = 68.31 s  ClockTime = 70 s

Finalizing NeoN
Finalising parallel run
