/*---------------------------------------------------------------------------*\
| =========                 |                                                 |
| \\      /  F ield         | OpenFOAM: The Open Source CFD Toolbox           |
|  \\    /   O peration     | Version:  2506                                  |
|   \\  /    A nd           | Website:  www.openfoam.com                      |
|    \\/     M anipulation  |                                                 |
\*---------------------------------------------------------------------------*/
Build  : b050cd9480-20250814 OPENFOAM=2506 version=v2506
Arch   : "LSB;label=32;scalar=64"
Exec   : /storage/home/greole/code/NeoFOAM/build/profilingnvidia_h200/bin/neoSimpleFoam -parallel
Date   : Jul 24 2026
Time   : 14:37:26
Host   : gpu-nvidia-h200-3.int.coma-cluster.de
PID    : 3612839
I/O    : uncollated
Case   : /storage/home/greole/code/NeoFOAM/occDrivAerStaticMesh
nProcs : 4
Hosts  :
(
    (gpu-nvidia-h200-3.int.coma-cluster.de 4)
)
Pstream initialized with:
    node communication : off [type=host] (4 ranks, 1 nodes)
    topology controls  : none
    consensus exchange : 0 (tuning: 0)
    exchange algorithm : 0
    commsType          : nonBlocking
    polling iterations : 0
trapFpe: Floating point exception trapping enabled (FOAM_SIGFPE).
fileModificationChecking : Monitoring run-time modified files using timeStampMaster (fileModificationSkew 5, maxFileModificationPolls 20)
allowSystemOperations : Allowing user-supplied system call operations

// * * * * * * * * * * * * * * * * * * * * * * * * * * * * * * * * * * * * * //
Create time

Initializing NeoN
Creating Executor GPU
Creating NeoFOAM runTime

SIMPLE: no convergence criteria found. Calculations will run for 30 steps.

Reading field p

Reading field U

Reading/calculating face flux field phi

Selecting incompressible transport model Newtonian
NeoFOAM solver config (from fvSolution configFile) for 'config(Cg+Multigrid)':
{
    cacheSolver: true
    configFile: <NeoN::TokenList>
    l1ScaledResidual: true
    preconditionerRebuildInterval: 0
    relTol: 0.010000
    reportName: config(Cg+Multigrid)
    solver: Ginkgo
    tolerance: 0.000000
}
    effective optimize: false
    effective checkFrequency: 1
Mapping OpenFOAM solver settings to NeoN settings.
Currently, it is advisable to specify a configFile
for fine grained Ginkgo solver control

Replacing solver PBiCGStab by solver::Bicgstab
Replacing preconditioner diagonal by preconditioner::Schwarz (Schwarz-wrapped for distributed run)
NeoFOAM solver config (mapped from fvSolution) for 'Schwarz(Jacobi)+Bicgstab':
{
    cacheSolver: true
    criteria: {
        absolute_residual_norm: 0.000000
        initial_residual_norm: 0.100000
        iteration: 1000
    }
    l1ScaledResidual: true
    optimize: false
    preconditioner: {
        local_solver: {
            max_block_size: 1
            type: preconditioner::Jacobi
        }
        type: preconditioner::Schwarz
    }
    reportName: Schwarz(Jacobi)+Bicgstab
    solver: Ginkgo
    type: solver::Bicgstab
}
    effective optimize: false
    effective checkFrequency: 1
Creating phi

[NF][/storage/home/greole/code/NeoFOAM/include/NeoFOAM/auxiliary/readers.hpp::423]: Internal: 49333487, Boundary: 1754396

[NF][/storage/home/greole/code/NeoFOAM/include/NeoFOAM/auxiliary/readers.hpp::423]: Internal: 49320882, Boundary: 1762558


[NF][/storage/home/greole/code/NeoFOAM/include/NeoFOAM/auxiliary/readers.hpp::423]: Internal: 49261542, Boundary: 1427829
[NF][/storage/home/greole/code/NeoFOAM/include/NeoFOAM/auxiliary/readers.hpp::423]: Internal: 49243125, Boundary: 1362247
Selecting patchDistMethod meshWave
Mapping OpenFOAM solver settings to NeoN settings.
Currently, it is advisable to specify a configFile
for fine grained Ginkgo solver control

Replacing solver PBiCGStab by solver::Bicgstab
Replacing preconditioner diagonal by preconditioner::Schwarz (Schwarz-wrapped for distributed run)
NeoFOAM solver config (mapped from fvSolution) for 'Schwarz(Jacobi)+Bicgstab':
{
    cacheSolver: true
    criteria: {
        absolute_residual_norm: 0.000000
        initial_residual_norm: 0.100000
        iteration: 1000
    }
    l1ScaledResidual: true
    optimize: false
    preconditioner: {
        local_solver: {
            max_block_size: 1
            type: preconditioner::Jacobi
        }
        type: preconditioner::Schwarz
    }
    reportName: Schwarz(Jacobi)+Bicgstab
    solver: Ginkgo
    type: solver::Bicgstab
}
    effective optimize: false
    effective checkFrequency: 1
Mapping OpenFOAM solver settings to NeoN settings.
Currently, it is advisable to specify a configFile
for fine grained Ginkgo solver control

Replacing solver PBiCGStab by solver::Bicgstab
Replacing preconditioner diagonal by preconditioner::Schwarz (Schwarz-wrapped for distributed run)
NeoFOAM solver config (mapped from fvSolution) for 'Schwarz(Jacobi)+Bicgstab':
{
    cacheSolver: true
    criteria: {
        absolute_residual_norm: 0.000000
        initial_residual_norm: 0.100000
        iteration: 1000
    }
    l1ScaledResidual: true
    optimize: false
    preconditioner: {
        local_solver: {
            max_block_size: 1
            type: preconditioner::Jacobi
        }
        type: preconditioner::Schwarz
    }
    reportName: Schwarz(Jacobi)+Bicgstab
    solver: Ginkgo
    type: solver::Bicgstab
}
    effective optimize: false
    effective checkFrequency: 1
Starting time loop
Time = 1051
[mem] step-start: DEVICE_POOL current=12979 MB  actual(reserved)=38146 MB  highWater=19132 MB
Schwarz(Jacobi)+Bicgstab:  Solving for Ux, Initial residual = 8.138773099436573e-05, Final residual = 3.3128387725960235e-06, No Iterations 3, Solve time = 71.923 ms
Schwarz(Jacobi)+Bicgstab:  Solving for Uy, Initial residual = 0.004403238680958118, Final residual = 0.0001535895533134373, No Iterations 3, Solve time = 71.923 ms
Schwarz(Jacobi)+Bicgstab:  Solving for Uz, Initial residual = 0.0011397400823179122, Final residual = 5.832562849764613e-05, No Iterations 3, Solve time = 71.923 ms
[mem] after-UEqn: DEVICE_POOL current=15847 MB  actual(reserved)=38146 MB  highWater=21135 MB
config(Cg+Multigrid):  Solving for p, Initial residual = 0.0013256944227603967, Final residual = 1.1065017612356548e-05, No Iterations 7, Solve time = 187.41 ms
time step continuity errors : sum local = 2.760538428232604e-06, global = -5.720331168714118e-09, cumulative = -5.720331168714118e-09
[mem] after-pEqn: DEVICE_POOL current=17315 MB  actual(reserved)=38146 MB  highWater=21135 MB
Schwarz(Jacobi)+Bicgstab:  Solving for omega, Initial residual = 1.3535567056505378e-05, Final residual = 9.669895789559992e-07, No Iterations 2, Solve time = 16.408 ms
bounding omega, min: -47620.411811400365 max: 45355982.60706698 average: 6371.521267802339
Schwarz(Jacobi)+Bicgstab:  Solving for k, Initial residual = 0.00025270635814773613, Final residual = 1.4870324045144367e-05, No Iterations 2, Solve time = 16.083 ms
bounding k, min: -0.009661837374571713 max: 920.0227904218797 average: 9.131309744247798
[mem] after-turb: DEVICE_POOL current=19500 MB  actual(reserved)=38146 MB  highWater=22309 MB
ExecutionTime = 43.99 s  ClockTime = 45 s

Time = 1052
[mem] step-start: DEVICE_POOL current=19500 MB  actual(reserved)=38146 MB  highWater=22309 MB
Schwarz(Jacobi)+Bicgstab:  Solving for Ux, Initial residual = 8.102267399944385e-05, Final residual = 3.1717121898506927e-06, No Iterations 3, Solve time = 50.871 ms
Schwarz(Jacobi)+Bicgstab:  Solving for Uy, Initial residual = 0.004412755005494983, Final residual = 0.00014454999105229383, No Iterations 3, Solve time = 50.871 ms
Schwarz(Jacobi)+Bicgstab:  Solving for Uz, Initial residual = 0.0011386587451209219, Final residual = 4.1166385804582446e-05, No Iterations 3, Solve time = 50.871 ms
[mem] after-UEqn: DEVICE_POOL current=19500 MB  actual(reserved)=38146 MB  highWater=24788 MB
config(Cg+Multigrid):  Solving for p, Initial residual = 0.0013015415259546251, Final residual = 1.0989149436438083e-05, No Iterations 7, Solve time = 285.873 ms
time step continuity errors : sum local = 2.7429046391988275e-06, global = -8.628110063306212e-09, cumulative = -1.4348441232020329e-08
[mem] after-pEqn: DEVICE_POOL current=19500 MB  actual(reserved)=38146 MB  highWater=24788 MB
Schwarz(Jacobi)+Bicgstab:  Solving for omega, Initial residual = 1.3465332550379382e-05, Final residual = 9.164473168232246e-07, No Iterations 2, Solve time = 13.737 ms
bounding omega, min: -47129.59695755267 max: 45355982.62119606 average: 6371.182149820865
Schwarz(Jacobi)+Bicgstab:  Solving for k, Initial residual = 0.0002527440185424315, Final residual = 1.5123885700863382e-05, No Iterations 2, Solve time = 13.892 ms
bounding k, min: -0.0038600013216642387 max: 909.1546500330821 average: 9.13166950172191
[mem] after-turb: DEVICE_POOL current=19500 MB  actual(reserved)=38146 MB  highWater=24788 MB
ExecutionTime = 46.64 s  ClockTime = 47 s

Time = 1053
[mem] step-start: DEVICE_POOL current=19500 MB  actual(reserved)=38146 MB  highWater=24788 MB
Schwarz(Jacobi)+Bicgstab:  Solving for Ux, Initial residual = 8.087261707098298e-05, Final residual = 2.5192170733625953e-06, No Iterations 3, Solve time = 51.009 ms
Schwarz(Jacobi)+Bicgstab:  Solving for Uy, Initial residual = 0.004419553781697568, Final residual = 0.000147938599558088, No Iterations 3, Solve time = 51.009 ms
Schwarz(Jacobi)+Bicgstab:  Solving for Uz, Initial residual = 0.0011363056227836701, Final residual = 4.273033245006159e-05, No Iterations 3, Solve time = 51.009 ms
[mem] after-UEqn: DEVICE_POOL current=19500 MB  actual(reserved)=38146 MB  highWater=24788 MB
[NEON_FINE_CACHE] perm-gather 0.8 ms (rows=65334765)
[NEON_FINE_CACHE] perm-gather 0.4 ms (rows=31802954)
[NEON_FINE_CACHE] perm-gather 0.3 ms (rows=14952636)
[NEON_FINE_CACHE] perm-gather 0.1 ms (rows=6971719)
[NEON_FINE_CACHE] perm-gather 0.1 ms (rows=3255310)
[NEON_FINE_CACHE] perm-gather 0.0 ms (rows=1527309)
config(Cg+Multigrid):  Solving for p, Initial residual = 0.0012926353510902674, Final residual = 1.1048083193822753e-05, No Iterations 7, Solve time = 183.633 ms
time step continuity errors : sum local = 2.7588849842088852e-06, global = -1.0730767204167977e-08, cumulative = -2.5079208436188307e-08
[mem] after-pEqn: DEVICE_POOL current=19500 MB  actual(reserved)=38146 MB  highWater=24788 MB
Schwarz(Jacobi)+Bicgstab:  Solving for omega, Initial residual = 1.3366477504273813e-05, Final residual = 8.960825065419286e-07, No Iterations 2, Solve time = 13.725 ms
bounding omega, min: -46796.50617976868 max: 45355982.64418717 average: 6370.92181231474
Schwarz(Jacobi)+Bicgstab:  Solving for k, Initial residual = 0.00025282268543416216, Final residual = 1.4871606021583163e-05, No Iterations 2, Solve time = 15.363 ms
bounding k, min: -0.0040358776350729875 max: 895.9514245810475 average: 9.13218358810139
[mem] after-turb: DEVICE_POOL current=19500 MB  actual(reserved)=38146 MB  highWater=24788 MB
ExecutionTime = 47.24 s  ClockTime = 48 s

Time = 1054
[mem] step-start: DEVICE_POOL current=19500 MB  actual(reserved)=38146 MB  highWater=24788 MB
Schwarz(Jacobi)+Bicgstab:  Solving for Ux, Initial residual = 8.07915216854093e-05, Final residual = 2.2833331385607976e-06, No Iterations 3, Solve time = 50.997 ms
Schwarz(Jacobi)+Bicgstab:  Solving for Uy, Initial residual = 0.004426600197777457, Final residual = 0.000155422230438811, No Iterations 3, Solve time = 50.997 ms
Schwarz(Jacobi)+Bicgstab:  Solving for Uz, Initial residual = 0.0011349500593771772, Final residual = 7.252188210568806e-05, No Iterations 3, Solve time = 50.997 ms
[mem] after-UEqn: DEVICE_POOL current=19500 MB  actual(reserved)=38146 MB  highWater=24788 MB
[NEON_FINE_CACHE] perm-gather 0.8 ms (rows=65334765)
[NEON_FINE_CACHE] perm-gather 0.4 ms (rows=31802954)
[NEON_FINE_CACHE] perm-gather 0.3 ms (rows=14952636)
[NEON_FINE_CACHE] perm-gather 0.1 ms (rows=6971719)
[NEON_FINE_CACHE] perm-gather 0.1 ms (rows=3255310)
[NEON_FINE_CACHE] perm-gather 0.0 ms (rows=1527309)
config(Cg+Multigrid):  Solving for p, Initial residual = 0.0012833131783675025, Final residual = 1.1174425040217229e-05, No Iterations 7, Solve time = 184.43 ms
time step continuity errors : sum local = 2.7922680005299393e-06, global = -1.1625225689126227e-08, cumulative = -3.6704434125314536e-08
[mem] after-pEqn: DEVICE_POOL current=19500 MB  actual(reserved)=38146 MB  highWater=24788 MB
Schwarz(Jacobi)+Bicgstab:  Solving for omega, Initial residual = 1.3215216690045982e-05, Final residual = 8.793163778239528e-07, No Iterations 2, Solve time = 13.746 ms
bounding omega, min: -102179.30586987035 max: 45355982.67772176 average: 6370.984631223532
Schwarz(Jacobi)+Bicgstab:  Solving for k, Initial residual = 0.00025268681596172084, Final residual = 1.4877691050742647e-05, No Iterations 2, Solve time = 13.717 ms
bounding k, min: -0.003791427320708446 max: 879.6900517835554 average: 9.132567039413136
[mem] after-turb: DEVICE_POOL current=19500 MB  actual(reserved)=38146 MB  highWater=24788 MB
ExecutionTime = 47.84 s  ClockTime = 49 s

Time = 1055
[mem] step-start: DEVICE_POOL current=19500 MB  actual(reserved)=38146 MB  highWater=24788 MB
Schwarz(Jacobi)+Bicgstab:  Solving for Ux, Initial residual = 8.055881075665719e-05, Final residual = 3.8627894850966265e-06, No Iterations 2, Solve time = 40.292 ms
Schwarz(Jacobi)+Bicgstab:  Solving for Uy, Initial residual = 0.004431137526210128, Final residual = 0.0006862183891022267, No Iterations 2, Solve time = 40.292 ms
Schwarz(Jacobi)+Bicgstab:  Solving for Uz, Initial residual = 0.001136549847231136, Final residual = 7.619518489292222e-05, No Iterations 2, Solve time = 40.292 ms
[mem] after-UEqn: DEVICE_POOL current=19500 MB  actual(reserved)=38146 MB  highWater=24788 MB
[NEON_FINE_CACHE] perm-gather 0.8 ms (rows=65334765)
[NEON_FINE_CACHE] perm-gather 0.4 ms (rows=31802954)
[NEON_FINE_CACHE] perm-gather 0.3 ms (rows=14952636)
[NEON_FINE_CACHE] perm-gather 0.1 ms (rows=6971719)
[NEON_FINE_CACHE] perm-gather 0.1 ms (rows=3255310)
[NEON_FINE_CACHE] perm-gather 0.0 ms (rows=1527309)
config(Cg+Multigrid):  Solving for p, Initial residual = 0.0013020587455763307, Final residual = 1.0738015667889896e-05, No Iterations 7, Solve time = 183.602 ms
time step continuity errors : sum local = 2.6854895491905117e-06, global = -1.1839417527535569e-08, cumulative = -4.8543851652850105e-08
[mem] after-pEqn: DEVICE_POOL current=19500 MB  actual(reserved)=38146 MB  highWater=24788 MB
Schwarz(Jacobi)+Bicgstab:  Solving for omega, Initial residual = 1.3181962490738983e-05, Final residual = 8.71544653388429e-07, No Iterations 2, Solve time = 13.687 ms
bounding omega, min: -45546.97163790704 max: 45355982.72265274 average: 6371.023239815526
Schwarz(Jacobi)+Bicgstab:  Solving for k, Initial residual = 0.0002531347936021367, Final residual = 1.525137948327199e-05, No Iterations 2, Solve time = 13.61 ms
bounding k, min: -0.003552165438348659 max: 871.3772793550954 average: 9.13288054795628
[mem] after-turb: DEVICE_POOL current=19500 MB  actual(reserved)=38146 MB  highWater=24788 MB
ExecutionTime = 48.43 s  ClockTime = 49 s

Time = 1056
[mem] step-start: DEVICE_POOL current=19500 MB  actual(reserved)=38146 MB  highWater=24788 MB
Schwarz(Jacobi)+Bicgstab:  Solving for Ux, Initial residual = 8.073028226621174e-05, Final residual = 4.10515135291781e-06, No Iterations 2, Solve time = 40.323 ms
Schwarz(Jacobi)+Bicgstab:  Solving for Uy, Initial residual = 0.004397818357393569, Final residual = 0.0008413548138506539, No Iterations 2, Solve time = 40.323 ms
Schwarz(Jacobi)+Bicgstab:  Solving for Uz, Initial residual = 0.0011424480742992793, Final residual = 8.533618680104045e-05, No Iterations 2, Solve time = 40.323 ms
[mem] after-UEqn: DEVICE_POOL current=19500 MB  actual(reserved)=38146 MB  highWater=24788 MB
[NEON_FINE_CACHE] perm-gather 0.8 ms (rows=65334765)
[NEON_FINE_CACHE] perm-gather 0.4 ms (rows=31802954)
[NEON_FINE_CACHE] perm-gather 0.3 ms (rows=14952636)
[NEON_FINE_CACHE] perm-gather 0.1 ms (rows=6971719)
[NEON_FINE_CACHE] perm-gather 0.1 ms (rows=3255310)
[NEON_FINE_CACHE] perm-gather 0.0 ms (rows=1527309)
config(Cg+Multigrid):  Solving for p, Initial residual = 0.001287468138420087, Final residual = 1.0475173735915456e-05, No Iterations 7, Solve time = 184.468 ms
time step continuity errors : sum local = 2.6221118596209664e-06, global = -1.2593983886676648e-08, cumulative = -6.113783553952675e-08
[mem] after-pEqn: DEVICE_POOL current=19500 MB  actual(reserved)=38146 MB  highWater=24788 MB
Schwarz(Jacobi)+Bicgstab:  Solving for omega, Initial residual = 1.3158830740461471e-05, Final residual = 8.651423424163748e-07, No Iterations 2, Solve time = 13.721 ms
bounding omega, min: -43627.317067019096 max: 45355982.776801 average: 6371.034843638116
Schwarz(Jacobi)+Bicgstab:  Solving for k, Initial residual = 0.0002530507156679439, Final residual = 1.5289797119839952e-05, No Iterations 2, Solve time = 13.759 ms
bounding k, min: -0.0017881872054467882 max: 864.4013782479823 average: 9.133477616296162
[mem] after-turb: DEVICE_POOL current=19500 MB  actual(reserved)=38146 MB  highWater=24788 MB
ExecutionTime = 49.01 s  ClockTime = 50 s

Time = 1057
[mem] step-start: DEVICE_POOL current=19500 MB  actual(reserved)=38146 MB  highWater=24788 MB
Schwarz(Jacobi)+Bicgstab:  Solving for Ux, Initial residual = 8.058478472488689e-05, Final residual = 5.442539235941918e-06, No Iterations 3, Solve time = 50.871 ms
Schwarz(Jacobi)+Bicgstab:  Solving for Uy, Initial residual = 0.004435491224901396, Final residual = 0.00014474778223861153, No Iterations 3, Solve time = 50.871 ms
Schwarz(Jacobi)+Bicgstab:  Solving for Uz, Initial residual = 0.001142572092189097, Final residual = 7.4717479448945e-05, No Iterations 3, Solve time = 50.871 ms
[mem] after-UEqn: DEVICE_POOL current=19500 MB  actual(reserved)=38146 MB  highWater=24788 MB
[NEON_FINE_CACHE] perm-gather 0.8 ms (rows=65334765)
[NEON_FINE_CACHE] perm-gather 0.4 ms (rows=31802954)
[NEON_FINE_CACHE] perm-gather 0.3 ms (rows=14952636)
[NEON_FINE_CACHE] perm-gather 0.1 ms (rows=6971719)
[NEON_FINE_CACHE] perm-gather 0.1 ms (rows=3255310)
[NEON_FINE_CACHE] perm-gather 0.0 ms (rows=1527309)
config(Cg+Multigrid):  Solving for p, Initial residual = 0.0012879318398675776, Final residual = 9.509312769643162e-06, No Iterations 7, Solve time = 185.065 ms
time step continuity errors : sum local = 2.382844474763257e-06, global = -1.044974954072631e-08, cumulative = -7.158758508025306e-08
[mem] after-pEqn: DEVICE_POOL current=19500 MB  actual(reserved)=38146 MB  highWater=24788 MB
Schwarz(Jacobi)+Bicgstab:  Solving for omega, Initial residual = 1.3169233274118352e-05, Final residual = 8.686339425247801e-07, No Iterations 2, Solve time = 13.628 ms
bounding omega, min: -42131.44168981003 max: 45355982.842139095 average: 6371.102089812163
Schwarz(Jacobi)+Bicgstab:  Solving for k, Initial residual = 0.0002534156206093684, Final residual = 1.53091011934322e-05, No Iterations 2, Solve time = 13.678 ms
bounding k, min: -0.0021376004974220097 max: 862.738794126684 average: 9.134146324381293
[mem] after-turb: DEVICE_POOL current=19500 MB  actual(reserved)=38146 MB  highWater=24788 MB
ExecutionTime = 49.6 s  ClockTime = 50 s

Time = 1058
[mem] step-start: DEVICE_POOL current=19500 MB  actual(reserved)=38146 MB  highWater=24788 MB
Schwarz(Jacobi)+Bicgstab:  Solving for Ux, Initial residual = 8.069843088022998e-05, Final residual = 4.586898024757986e-06, No Iterations 2, Solve time = 40.119 ms
Schwarz(Jacobi)+Bicgstab:  Solving for Uy, Initial residual = 0.004436167857998561, Final residual = 0.0007667854972404965, No Iterations 2, Solve time = 40.119 ms
Schwarz(Jacobi)+Bicgstab:  Solving for Uz, Initial residual = 0.0011439076927075894, Final residual = 7.073118272457288e-05, No Iterations 2, Solve time = 40.119 ms
[mem] after-UEqn: DEVICE_POOL current=19500 MB  actual(reserved)=38146 MB  highWater=24788 MB
[NEON_FINE_CACHE] perm-gather 0.8 ms (rows=65334765)
[NEON_FINE_CACHE] perm-gather 0.4 ms (rows=31802954)
[NEON_FINE_CACHE] perm-gather 0.3 ms (rows=14952636)
[NEON_FINE_CACHE] perm-gather 0.1 ms (rows=6971719)
[NEON_FINE_CACHE] perm-gather 0.1 ms (rows=3255310)
[NEON_FINE_CACHE] perm-gather 0.0 ms (rows=1527309)
config(Cg+Multigrid):  Solving for p, Initial residual = 0.0012906874371206708, Final residual = 9.16744969128829e-06, No Iterations 7, Solve time = 183.898 ms
time step continuity errors : sum local = 2.299564200635494e-06, global = -7.085788777682051e-09, cumulative = -7.86733738579351e-08
[mem] after-pEqn: DEVICE_POOL current=19500 MB  actual(reserved)=38146 MB  highWater=24788 MB
Schwarz(Jacobi)+Bicgstab:  Solving for omega, Initial residual = 1.3177537064715553e-05, Final residual = 8.694774343201567e-07, No Iterations 2, Solve time = 13.896 ms
bounding omega, min: -99191.63717170728 max: 45355982.91704906 average: 6371.217052492539
Schwarz(Jacobi)+Bicgstab:  Solving for k, Initial residual = 0.0002535535048599532, Final residual = 1.5353092429327938e-05, No Iterations 2, Solve time = 13.693 ms
bounding k, min: -0.002653202585537945 max: 860.7577119991378 average: 9.13500451611866
[mem] after-turb: DEVICE_POOL current=19500 MB  actual(reserved)=38146 MB  highWater=24788 MB
ExecutionTime = 50.19 s  ClockTime = 51 s

Time = 1059
[mem] step-start: DEVICE_POOL current=19500 MB  actual(reserved)=38146 MB  highWater=24788 MB
Schwarz(Jacobi)+Bicgstab:  Solving for Ux, Initial residual = 8.06488883472858e-05, Final residual = 3.984171680121833e-06, No Iterations 3, Solve time = 50.947 ms
Schwarz(Jacobi)+Bicgstab:  Solving for Uy, Initial residual = 0.004486877728552535, Final residual = 0.0001350449863418209, No Iterations 3, Solve time = 50.947 ms
Schwarz(Jacobi)+Bicgstab:  Solving for Uz, Initial residual = 0.0011425350791011897, Final residual = 0.00018217394189853464, No Iterations 3, Solve time = 50.947 ms
[mem] after-UEqn: DEVICE_POOL current=19500 MB  actual(reserved)=38146 MB  highWater=24788 MB
[NEON_FINE_CACHE] perm-gather 0.8 ms (rows=65334765)
[NEON_FINE_CACHE] perm-gather 0.4 ms (rows=31802954)
[NEON_FINE_CACHE] perm-gather 0.3 ms (rows=14952636)
[NEON_FINE_CACHE] perm-gather 0.1 ms (rows=6971719)
[NEON_FINE_CACHE] perm-gather 0.1 ms (rows=3255310)
[NEON_FINE_CACHE] perm-gather 0.0 ms (rows=1527309)
config(Cg+Multigrid):  Solving for p, Initial residual = 0.0012837403807646579, Final residual = 8.82774616680595e-06, No Iterations 7, Solve time = 184.642 ms
time step continuity errors : sum local = 2.2166525858944585e-06, global = -6.42686310099563e-10, cumulative = -7.931606016803466e-08
[mem] after-pEqn: DEVICE_POOL current=19500 MB  actual(reserved)=38146 MB  highWater=24788 MB
Schwarz(Jacobi)+Bicgstab:  Solving for omega, Initial residual = 1.3193852562447088e-05, Final residual = 8.675784272318544e-07, No Iterations 2, Solve time = 13.712 ms
bounding omega, min: -38945.45014645237 max: 45355982.99579718 average: 6371.358493742649
Schwarz(Jacobi)+Bicgstab:  Solving for k, Initial residual = 0.0002538950979123816, Final residual = 1.5350293309430845e-05, No Iterations 2, Solve time = 13.657 ms
bounding k, min: -0.0021799435416077206 max: 861.4883975156012 average: 9.135904275256967
[mem] after-turb: DEVICE_POOL current=19500 MB  actual(reserved)=38146 MB  highWater=24788 MB
ExecutionTime = 50.79 s  ClockTime = 52 s

Time = 1060
[mem] step-start: DEVICE_POOL current=19500 MB  actual(reserved)=38146 MB  highWater=24788 MB
Schwarz(Jacobi)+Bicgstab:  Solving for Ux, Initial residual = 8.070169573630543e-05, Final residual = 7.073817572087043e-06, No Iterations 3, Solve time = 50.885 ms
Schwarz(Jacobi)+Bicgstab:  Solving for Uy, Initial residual = 0.004464996068869671, Final residual = 0.00013631750663592478, No Iterations 3, Solve time = 50.885 ms
Schwarz(Jacobi)+Bicgstab:  Solving for Uz, Initial residual = 0.0011561977622630718, Final residual = 4.381935612323819e-05, No Iterations 3, Solve time = 50.885 ms
[mem] after-UEqn: DEVICE_POOL current=19500 MB  actual(reserved)=38146 MB  highWater=24788 MB
[NEON_FINE_CACHE] perm-gather 0.8 ms (rows=65334765)
[NEON_FINE_CACHE] perm-gather 0.4 ms (rows=31802954)
[NEON_FINE_CACHE] perm-gather 0.3 ms (rows=14952636)
[NEON_FINE_CACHE] perm-gather 0.1 ms (rows=6971719)
[NEON_FINE_CACHE] perm-gather 0.1 ms (rows=3255310)
[NEON_FINE_CACHE] perm-gather 0.0 ms (rows=1527309)
config(Cg+Multigrid):  Solving for p, Initial residual = 0.0013018408514473198, Final residual = 9.520790723106079e-06, No Iterations 7, Solve time = 185.313 ms
time step continuity errors : sum local = 2.393368242551064e-06, global = 1.071579420290952e-08, cumulative = -6.860026596512514e-08
[mem] after-pEqn: DEVICE_POOL current=19500 MB  actual(reserved)=38146 MB  highWater=24788 MB
Schwarz(Jacobi)+Bicgstab:  Solving for omega, Initial residual = 1.3206428925155422e-05, Final residual = 8.708360972749397e-07, No Iterations 2, Solve time = 13.692 ms
bounding omega, min: -37152.40981889869 max: 45355983.07790682 average: 6371.429456051307
Schwarz(Jacobi)+Bicgstab:  Solving for k, Initial residual = 0.00025443788779507085, Final residual = 1.551543252988222e-05, No Iterations 2, Solve time = 13.622 ms
bounding k, min: -0.001903660224247053 max: 861.5968368374864 average: 9.136766252887151
[mem] after-turb: DEVICE_POOL current=19500 MB  actual(reserved)=38146 MB  highWater=24788 MB
ExecutionTime = 51.38 s  ClockTime = 52 s

Time = 1061
[mem] step-start: DEVICE_POOL current=19500 MB  actual(reserved)=38146 MB  highWater=24788 MB
Schwarz(Jacobi)+Bicgstab:  Solving for Ux, Initial residual = 8.111020730381343e-05, Final residual = 2.5677857777125595e-06, No Iterations 3, Solve time = 50.74 ms
Schwarz(Jacobi)+Bicgstab:  Solving for Uy, Initial residual = 0.004437527802094079, Final residual = 0.00013862408477251229, No Iterations 3, Solve time = 50.74 ms
Schwarz(Jacobi)+Bicgstab:  Solving for Uz, Initial residual = 0.0011554810952630805, Final residual = 6.0741918177950575e-05, No Iterations 3, Solve time = 50.74 ms
[mem] after-UEqn: DEVICE_POOL current=19500 MB  actual(reserved)=38146 MB  highWater=24788 MB
[NEON_FINE_CACHE] perm-gather 0.8 ms (rows=65334765)
[NEON_FINE_CACHE] perm-gather 0.4 ms (rows=31802954)
[NEON_FINE_CACHE] perm-gather 0.3 ms (rows=14952636)
[NEON_FINE_CACHE] perm-gather 0.1 ms (rows=6971719)
[NEON_FINE_CACHE] perm-gather 0.1 ms (rows=3255310)
[NEON_FINE_CACHE] perm-gather 0.0 ms (rows=1527309)
config(Cg+Multigrid):  Solving for p, Initial residual = 0.0012949793418197903, Final residual = 1.1208629630575518e-05, No Iterations 7, Solve time = 182.975 ms
time step continuity errors : sum local = 2.8214702441966176e-06, global = 2.0804907284346883e-08, cumulative = -4.779535868077826e-08
[mem] after-pEqn: DEVICE_POOL current=19500 MB  actual(reserved)=38146 MB  highWater=24788 MB
Schwarz(Jacobi)+Bicgstab:  Solving for omega, Initial residual = 0.07724629036669477, Final residual = 0.005907606966184081, No Iterations 3, Solve time = 16.976 ms
bounding omega, min: -32654.774028780674 max: 21966080019973.79 average: 1091839.320509614
Schwarz(Jacobi)+Bicgstab:  Solving for k, Initial residual = 0.007745846515511339, Final residual = 3.936729232074574e-05, No Iterations 1, Solve time = 10.303 ms
bounding k, min: -1.7448780593108797 max: 862.8562145596758 average: 9.136958403675557
[mem] after-turb: DEVICE_POOL current=19500 MB  actual(reserved)=38146 MB  highWater=24788 MB
ExecutionTime = 51.97 s  ClockTime = 53 s

Time = 1062
[mem] step-start: DEVICE_POOL current=19500 MB  actual(reserved)=38146 MB  highWater=24788 MB
Schwarz(Jacobi)+Bicgstab:  Solving for Ux, Initial residual = 8.110351148595233e-05, Final residual = 4.108791174321614e-06, No Iterations 3, Solve time = 50.657 ms
Schwarz(Jacobi)+Bicgstab:  Solving for Uy, Initial residual = 0.004408483988379564, Final residual = 0.00014035516143570724, No Iterations 3, Solve time = 50.657 ms
Schwarz(Jacobi)+Bicgstab:  Solving for Uz, Initial residual = 0.0011583357688047839, Final residual = 5.302179575888795e-05, No Iterations 3, Solve time = 50.657 ms
[mem] after-UEqn: DEVICE_POOL current=19500 MB  actual(reserved)=38146 MB  highWater=24788 MB
[NEON_FINE_CACHE] perm-gather 0.8 ms (rows=65334765)
[NEON_FINE_CACHE] perm-gather 0.4 ms (rows=31802954)
[NEON_FINE_CACHE] perm-gather 0.3 ms (rows=14952636)
[NEON_FINE_CACHE] perm-gather 0.1 ms (rows=6971719)
[NEON_FINE_CACHE] perm-gather 0.1 ms (rows=3255310)
[NEON_FINE_CACHE] perm-gather 0.0 ms (rows=1527309)
config(Cg+Multigrid):  Solving for p, Initial residual = 0.0012951504408883325, Final residual = 1.2841721765764005e-05, No Iterations 8, Solve time = 205.604 ms
time step continuity errors : sum local = 3.238298780411264e-06, global = 2.7699518736410185e-09, cumulative = -4.5025406807137244e-08
[mem] after-pEqn: DEVICE_POOL current=19500 MB  actual(reserved)=38146 MB  highWater=24788 MB
Schwarz(Jacobi)+Bicgstab:  Solving for omega, Initial residual = 0.5384571619044631, Final residual = 1.0302607848645562e-11, No Iterations 1, Solve time = 10.36 ms
bounding omega, min: -171297825.64929438 max: 6589824006596.91 average: 334228.15123862406
Schwarz(Jacobi)+Bicgstab:  Solving for k, Initial residual = 0.0009441267467053672, Final residual = 5.012019913480174e-05, No Iterations 1, Solve time = 10.318 ms
bounding k, min: -1.8818277856799646 max: 863.4042979767847 average: 9.137136988505738
[mem] after-turb: DEVICE_POOL current=19500 MB  actual(reserved)=38146 MB  highWater=24788 MB
ExecutionTime = 52.59 s  ClockTime = 54 s

Time = 1063
[mem] step-start: DEVICE_POOL current=19500 MB  actual(reserved)=38146 MB  highWater=24788 MB
Schwarz(Jacobi)+Bicgstab:  Solving for Ux, Initial residual = 8.127681964001023e-05, Final residual = 4.526350293754605e-06, No Iterations 2, Solve time = 40.685 ms
Schwarz(Jacobi)+Bicgstab:  Solving for Uy, Initial residual = 0.0043828323173787, Final residual = 0.00029260501926104717, No Iterations 2, Solve time = 40.685 ms
Schwarz(Jacobi)+Bicgstab:  Solving for Uz, Initial residual = 0.0011604785086974177, Final residual = 0.00010409250449114534, No Iterations 2, Solve time = 40.685 ms
[mem] after-UEqn: DEVICE_POOL current=19500 MB  actual(reserved)=38146 MB  highWater=24788 MB
[NEON_FINE_CACHE] perm-gather 0.8 ms (rows=65334765)
[NEON_FINE_CACHE] perm-gather 0.4 ms (rows=31802954)
[NEON_FINE_CACHE] perm-gather 0.3 ms (rows=14952636)
[NEON_FINE_CACHE] perm-gather 0.1 ms (rows=6971719)
[NEON_FINE_CACHE] perm-gather 0.1 ms (rows=3255310)
[NEON_FINE_CACHE] perm-gather 0.0 ms (rows=1527309)
config(Cg+Multigrid):  Solving for p, Initial residual = 0.0012967188826114007, Final residual = 1.2106911475468742e-05, No Iterations 9, Solve time = 226.174 ms
time step continuity errors : sum local = 3.0615152473774194e-06, global = 3.878886531259201e-08, cumulative = -6.236541494545236e-09
[mem] after-pEqn: DEVICE_POOL current=19500 MB  actual(reserved)=38146 MB  highWater=24788 MB
Schwarz(Jacobi)+Bicgstab:  Solving for omega, Initial residual = 0.5384463837658106, Final residual = 2.950671621915831e-12, No Iterations 1, Solve time = 10.418 ms
bounding omega, min: -520521.708626318 max: 1976947202646.459 average: 104758.99338854916
Schwarz(Jacobi)+Bicgstab:  Solving for k, Initial residual = 0.00032857768407822786, Final residual = 1.3457996357470919e-05, No Iterations 2, Solve time = 13.758 ms
bounding k, min: -0.0715711623341912 max: 864.4268999162748 average: 9.138160061669836
[mem] after-turb: DEVICE_POOL current=19500 MB  actual(reserved)=38146 MB  highWater=24788 MB
ExecutionTime = 53.21 s  ClockTime = 54 s

Time = 1064
[mem] step-start: DEVICE_POOL current=19500 MB  actual(reserved)=38146 MB  highWater=24788 MB
Schwarz(Jacobi)+Bicgstab:  Solving for Ux, Initial residual = 8.148291930986166e-05, Final residual = 4.503877743523708e-06, No Iterations 2, Solve time = 40.252 ms
Schwarz(Jacobi)+Bicgstab:  Solving for Uy, Initial residual = 0.004350878281334152, Final residual = 0.000697710583764016, No Iterations 2, Solve time = 40.252 ms
Schwarz(Jacobi)+Bicgstab:  Solving for Uz, Initial residual = 0.0011684010050820274, Final residual = 7.808403294079943e-05, No Iterations 2, Solve time = 40.252 ms
[mem] after-UEqn: DEVICE_POOL current=19500 MB  actual(reserved)=38146 MB  highWater=24788 MB
[NEON_FINE_CACHE] perm-gather 0.8 ms (rows=65334765)
[NEON_FINE_CACHE] perm-gather 0.4 ms (rows=31802954)
[NEON_FINE_CACHE] perm-gather 0.3 ms (rows=14952636)
[NEON_FINE_CACHE] perm-gather 0.1 ms (rows=6971719)
[NEON_FINE_CACHE] perm-gather 0.1 ms (rows=3255310)
[NEON_FINE_CACHE] perm-gather 0.0 ms (rows=1527309)
config(Cg+Multigrid):  Solving for p, Initial residual = 0.001291363411290797, Final residual = 1.0496809725868535e-05, No Iterations 9, Solve time = 224.959 ms
time step continuity errors : sum local = 2.663017625421995e-06, global = 3.467584949218279e-08, cumulative = 2.8439307997637552e-08
[mem] after-pEqn: DEVICE_POOL current=19500 MB  actual(reserved)=38146 MB  highWater=24788 MB
Schwarz(Jacobi)+Bicgstab:  Solving for omega, Initial residual = 0.5384085068497455, Final residual = 3.115035675489826e-11, No Iterations 1, Solve time = 11.333 ms
bounding omega, min: -29543.263122094493 max: 593084161504.2344 average: 35889.60423846832
Schwarz(Jacobi)+Bicgstab:  Solving for k, Initial residual = 0.0002687291838300527, Final residual = 1.5448005951462205e-05, No Iterations 2, Solve time = 13.662 ms
bounding k, min: -0.1364998061202404 max: 864.8626814282261 average: 9.13922500904092
[mem] after-turb: DEVICE_POOL current=19500 MB  actual(reserved)=38146 MB  highWater=24788 MB
ExecutionTime = 53.83 s  ClockTime = 55 s

Time = 1065
[mem] step-start: DEVICE_POOL current=19500 MB  actual(reserved)=38146 MB  highWater=24788 MB
Schwarz(Jacobi)+Bicgstab:  Solving for Ux, Initial residual = 8.148314230040057e-05, Final residual = 3.5896102154510296e-06, No Iterations 3, Solve time = 50.896 ms
Schwarz(Jacobi)+Bicgstab:  Solving for Uy, Initial residual = 0.004381613229661364, Final residual = 0.00013570603714943064, No Iterations 3, Solve time = 50.896 ms
Schwarz(Jacobi)+Bicgstab:  Solving for Uz, Initial residual = 0.0011690354355006986, Final residual = 8.509486925506326e-05, No Iterations 3, Solve time = 50.896 ms
[mem] after-UEqn: DEVICE_POOL current=19500 MB  actual(reserved)=38146 MB  highWater=24788 MB
[NEON_FINE_CACHE] perm-gather 0.8 ms (rows=65334765)
[NEON_FINE_CACHE] perm-gather 0.4 ms (rows=31802954)
[NEON_FINE_CACHE] perm-gather 0.3 ms (rows=14952636)
[NEON_FINE_CACHE] perm-gather 0.1 ms (rows=6971719)
[NEON_FINE_CACHE] perm-gather 0.1 ms (rows=3255310)
[NEON_FINE_CACHE] perm-gather 0.0 ms (rows=1527309)
config(Cg+Multigrid):  Solving for p, Initial residual = 0.0012869821624713414, Final residual = 1.1798850844809148e-05, No Iterations 7, Solve time = 181.903 ms
time step continuity errors : sum local = 3.001110423923076e-06, global = 2.5739603828012958e-08, cumulative = 5.417891182565051e-08
[mem] after-pEqn: DEVICE_POOL current=19500 MB  actual(reserved)=38146 MB  highWater=24788 MB
Schwarz(Jacobi)+Bicgstab:  Solving for omega, Initial residual = 0.5382595692123167, Final residual = 3.5425240207763196e-10, No Iterations 1, Solve time = 10.549 ms
bounding omega, min: -28830.656707598802 max: 177925249187.5506 average: 15227.060833338193
Schwarz(Jacobi)+Bicgstab:  Solving for k, Initial residual = 0.0002648866543839992, Final residual = 1.809496177981506e-05, No Iterations 2, Solve time = 13.892 ms
bounding k, min: -0.0023796475971966796 max: 865.5856015995045 average: 9.139806434515583
[mem] after-turb: DEVICE_POOL current=19500 MB  actual(reserved)=38146 MB  highWater=24788 MB
ExecutionTime = 54.43 s  ClockTime = 55 s

Time = 1066
[mem] step-start: DEVICE_POOL current=19500 MB  actual(reserved)=38146 MB  highWater=24788 MB
Schwarz(Jacobi)+Bicgstab:  Solving for Ux, Initial residual = 8.145211865365663e-05, Final residual = 3.6553868698453663e-06, No Iterations 3, Solve time = 51.022 ms
Schwarz(Jacobi)+Bicgstab:  Solving for Uy, Initial residual = 0.004372124886733309, Final residual = 0.0001360254674332433, No Iterations 3, Solve time = 51.022 ms
Schwarz(Jacobi)+Bicgstab:  Solving for Uz, Initial residual = 0.0011709816896685143, Final residual = 6.264755126329944e-05, No Iterations 3, Solve time = 51.022 ms
[mem] after-UEqn: DEVICE_POOL current=19500 MB  actual(reserved)=38146 MB  highWater=24788 MB
[NEON_FINE_CACHE] perm-gather 0.8 ms (rows=65334765)
[NEON_FINE_CACHE] perm-gather 0.4 ms (rows=31802954)
[NEON_FINE_CACHE] perm-gather 0.3 ms (rows=14952636)
[NEON_FINE_CACHE] perm-gather 0.1 ms (rows=6971719)
[NEON_FINE_CACHE] perm-gather 0.1 ms (rows=3255310)
[NEON_FINE_CACHE] perm-gather 0.0 ms (rows=1527309)
config(Cg+Multigrid):  Solving for p, Initial residual = 0.0012839841875466032, Final residual = 1.2663833920811312e-05, No Iterations 7, Solve time = 182.073 ms
time step continuity errors : sum local = 3.224974831563956e-06, global = 2.9004585871770327e-08, cumulative = 8.318349769742083e-08
[mem] after-pEqn: DEVICE_POOL current=19500 MB  actual(reserved)=38146 MB  highWater=24788 MB
Schwarz(Jacobi)+Bicgstab:  Solving for omega, Initial residual = 0.5375116017704163, Final residual = 4.064835147653109e-09, No Iterations 1, Solve time = 10.367 ms
bounding omega, min: -92984.87352748854 max: 53377575496.76137 average: 9027.973870379405
Schwarz(Jacobi)+Bicgstab:  Solving for k, Initial residual = 0.0002642731587425065, Final residual = 6.356278636110271e-06, No Iterations 3, Solve time = 16.977 ms
bounding k, min: -1.1144244072013772e-05 max: 865.8840270907621 average: 9.140528870662871
[mem] after-turb: DEVICE_POOL current=19500 MB  actual(reserved)=38146 MB  highWater=24788 MB
ExecutionTime = 55.01 s  ClockTime = 56 s

Time = 1067
[mem] step-start: DEVICE_POOL current=19500 MB  actual(reserved)=38146 MB  highWater=24788 MB
Schwarz(Jacobi)+Bicgstab:  Solving for Ux, Initial residual = 8.145747653346119e-05, Final residual = 3.5014935577570138e-06, No Iterations 3, Solve time = 50.925 ms
Schwarz(Jacobi)+Bicgstab:  Solving for Uy, Initial residual = 0.004363212145499432, Final residual = 0.00013822445823082728, No Iterations 3, Solve time = 50.925 ms
Schwarz(Jacobi)+Bicgstab:  Solving for Uz, Initial residual = 0.0011711437629116181, Final residual = 0.00011903925236364314, No Iterations 3, Solve time = 50.925 ms
[mem] after-UEqn: DEVICE_POOL current=19500 MB  actual(reserved)=38146 MB  highWater=24788 MB
[NEON_FINE_CACHE] perm-gather 0.8 ms (rows=65334765)
[NEON_FINE_CACHE] perm-gather 0.4 ms (rows=31802954)
[NEON_FINE_CACHE] perm-gather 0.3 ms (rows=14952636)
[NEON_FINE_CACHE] perm-gather 0.1 ms (rows=6971719)
[NEON_FINE_CACHE] perm-gather 0.1 ms (rows=3255310)
[NEON_FINE_CACHE] perm-gather 0.0 ms (rows=1527309)
config(Cg+Multigrid):  Solving for p, Initial residual = 0.0012795312632094915, Final residual = 1.0539187956094848e-05, No Iterations 9, Solve time = 223.894 ms
time step continuity errors : sum local = 2.6868919433302884e-06, global = 3.138794863636698e-08, cumulative = 1.1457144633378782e-07
[mem] after-pEqn: DEVICE_POOL current=19500 MB  actual(reserved)=38146 MB  highWater=24788 MB
Schwarz(Jacobi)+Bicgstab:  Solving for omega, Initial residual = 0.5322724587637224, Final residual = 4.6009929457422475e-08, No Iterations 1, Solve time = 10.344 ms
bounding omega, min: -27295.743145250304 max: 16013273371.456116 average: 7168.11144682196
Schwarz(Jacobi)+Bicgstab:  Solving for k, Initial residual = 0.0002625779168157078, Final residual = 1.4969597913040161e-05, No Iterations 2, Solve time = 14.998 ms
bounding k, min: -2.8682907657148403e-05 max: 866.3214396183794 average: 9.140977272479818
[mem] after-turb: DEVICE_POOL current=19500 MB  actual(reserved)=38146 MB  highWater=24788 MB
ExecutionTime = 55.65 s  ClockTime = 57 s

Time = 1068
[mem] step-start: DEVICE_POOL current=19500 MB  actual(reserved)=38146 MB  highWater=24788 MB
Schwarz(Jacobi)+Bicgstab:  Solving for Ux, Initial residual = 8.146170761087106e-05, Final residual = 4.056913450415467e-06, No Iterations 3, Solve time = 50.913 ms
Schwarz(Jacobi)+Bicgstab:  Solving for Uy, Initial residual = 0.004351618659336379, Final residual = 0.00014064111735411595, No Iterations 3, Solve time = 50.913 ms
Schwarz(Jacobi)+Bicgstab:  Solving for Uz, Initial residual = 0.0011776152839808513, Final residual = 5.568197183101241e-05, No Iterations 3, Solve time = 50.913 ms
[mem] after-UEqn: DEVICE_POOL current=19500 MB  actual(reserved)=38146 MB  highWater=24788 MB
[NEON_FINE_CACHE] perm-gather 0.8 ms (rows=65334765)
[NEON_FINE_CACHE] perm-gather 0.4 ms (rows=31802954)
[NEON_FINE_CACHE] perm-gather 0.3 ms (rows=14952636)
[NEON_FINE_CACHE] perm-gather 0.1 ms (rows=6971719)
[NEON_FINE_CACHE] perm-gather 0.1 ms (rows=3255310)
[NEON_FINE_CACHE] perm-gather 0.0 ms (rows=1527309)
config(Cg+Multigrid):  Solving for p, Initial residual = 0.0012770614896857639, Final residual = 1.250213884742014e-05, No Iterations 7, Solve time = 180.871 ms
time step continuity errors : sum local = 3.1931746224148346e-06, global = 2.784050032982983e-08, cumulative = 1.4241194666361763e-07
[mem] after-pEqn: DEVICE_POOL current=19500 MB  actual(reserved)=38146 MB  highWater=24788 MB
Schwarz(Jacobi)+Bicgstab:  Solving for omega, Initial residual = 0.48840139064568006, Final residual = 4.803749734132587e-07, No Iterations 1, Solve time = 10.346 ms
bounding omega, min: -31003.467881517747 max: 4803982705.166754 average: 6609.971963052655
Schwarz(Jacobi)+Bicgstab:  Solving for k, Initial residual = 0.0002634967899508462, Final residual = 1.4551285205502903e-05, No Iterations 2, Solve time = 13.658 ms
bounding k, min: -1.2540491813515601e-05 max: 866.371742614177 average: 9.14137066032414
[mem] after-turb: DEVICE_POOL current=19500 MB  actual(reserved)=38146 MB  highWater=24788 MB
ExecutionTime = 56.24 s  ClockTime = 57 s

Time = 1069
[mem] step-start: DEVICE_POOL current=19500 MB  actual(reserved)=38146 MB  highWater=24788 MB
Schwarz(Jacobi)+Bicgstab:  Solving for Ux, Initial residual = 8.154581070525224e-05, Final residual = 4.5401381269988776e-06, No Iterations 2, Solve time = 40.338 ms
Schwarz(Jacobi)+Bicgstab:  Solving for Uy, Initial residual = 0.004339872656252905, Final residual = 0.0002174333991629659, No Iterations 2, Solve time = 40.338 ms
Schwarz(Jacobi)+Bicgstab:  Solving for Uz, Initial residual = 0.001177130513327372, Final residual = 8.23757159044513e-05, No Iterations 2, Solve time = 40.338 ms
[mem] after-UEqn: DEVICE_POOL current=19500 MB  actual(reserved)=38146 MB  highWater=24788 MB
[NEON_FINE_CACHE] perm-gather 0.8 ms (rows=65334765)
[NEON_FINE_CACHE] perm-gather 0.4 ms (rows=31802954)
[NEON_FINE_CACHE] perm-gather 0.3 ms (rows=14952636)
[NEON_FINE_CACHE] perm-gather 0.1 ms (rows=6971719)
[NEON_FINE_CACHE] perm-gather 0.1 ms (rows=3255310)
[NEON_FINE_CACHE] perm-gather 0.0 ms (rows=1527309)
config(Cg+Multigrid):  Solving for p, Initial residual = 0.0012770242722557144, Final residual = 1.2459639309017779e-05, No Iterations 8, Solve time = 202.942 ms
time step continuity errors : sum local = 3.1850592551011073e-06, global = 1.4484419774033192e-08, cumulative = 1.5689636643765081e-07
[mem] after-pEqn: DEVICE_POOL current=19500 MB  actual(reserved)=38146 MB  highWater=24788 MB
Schwarz(Jacobi)+Bicgstab:  Solving for omega, Initial residual = 0.26268772327975165, Final residual = 2.9320356785587466e-06, No Iterations 1, Solve time = 10.399 ms
bounding omega, min: -29189.58828594222 max: 1441195469.2877831 average: 6442.391645351926
Schwarz(Jacobi)+Bicgstab:  Solving for k, Initial residual = 0.0002645150715492728, Final residual = 1.4354508373250689e-05, No Iterations 2, Solve time = 13.615 ms
bounding k, min: -2.7834395616903764e-05 max: 866.4871773073344 average: 9.141818553733485
[mem] after-turb: DEVICE_POOL current=19500 MB  actual(reserved)=38146 MB  highWater=24788 MB
ExecutionTime = 56.84 s  ClockTime = 58 s

Time = 1070
[mem] step-start: DEVICE_POOL current=19500 MB  actual(reserved)=38146 MB  highWater=24788 MB
Schwarz(Jacobi)+Bicgstab:  Solving for Ux, Initial residual = 8.169773369329254e-05, Final residual = 4.492854311387279e-06, No Iterations 2, Solve time = 40.366 ms
Schwarz(Jacobi)+Bicgstab:  Solving for Uy, Initial residual = 0.004324779933768412, Final residual = 0.0007349465263743681, No Iterations 2, Solve time = 40.366 ms
Schwarz(Jacobi)+Bicgstab:  Solving for Uz, Initial residual = 0.0011805985958575002, Final residual = 8.174736980885285e-05, No Iterations 2, Solve time = 40.366 ms
[mem] after-UEqn: DEVICE_POOL current=19500 MB  actual(reserved)=38146 MB  highWater=24788 MB
[NEON_FINE_CACHE] perm-gather 0.8 ms (rows=65334765)
[NEON_FINE_CACHE] perm-gather 0.4 ms (rows=31802954)
[NEON_FINE_CACHE] perm-gather 0.3 ms (rows=14952636)
[NEON_FINE_CACHE] perm-gather 0.1 ms (rows=6971719)
[NEON_FINE_CACHE] perm-gather 0.1 ms (rows=3255310)
[NEON_FINE_CACHE] perm-gather 0.0 ms (rows=1527309)
config(Cg+Multigrid):  Solving for p, Initial residual = 0.0012765241133891351, Final residual = 1.2174725558038395e-05, No Iterations 7, Solve time = 180.979 ms
time step continuity errors : sum local = 3.1159817520092193e-06, global = 2.423435981424265e-08, cumulative = 1.8113072625189346e-07
[mem] after-pEqn: DEVICE_POOL current=19500 MB  actual(reserved)=38146 MB  highWater=24788 MB
Schwarz(Jacobi)+Bicgstab:  Solving for omega, Initial residual = 0.04355140004344697, Final residual = 5.499884402777506e-06, No Iterations 1, Solve time = 10.329 ms
bounding omega, min: -55560.24115282076 max: 432359253.9284762 average: 6392.095122869776
Schwarz(Jacobi)+Bicgstab:  Solving for k, Initial residual = 0.00026529050980191114, Final residual = 1.4357095739665871e-05, No Iterations 2, Solve time = 13.727 ms
bounding k, min: -1.0157222846267709e-05 max: 866.3486239337957 average: 9.142537131171233
[mem] after-turb: DEVICE_POOL current=19500 MB  actual(reserved)=38146 MB  highWater=24788 MB
ExecutionTime = 57.42 s  ClockTime = 58 s

Time = 1071
[mem] step-start: DEVICE_POOL current=19500 MB  actual(reserved)=38146 MB  highWater=24788 MB
Schwarz(Jacobi)+Bicgstab:  Solving for Ux, Initial residual = 8.172411964885599e-05, Final residual = 3.0290550158825574e-06, No Iterations 3, Solve time = 50.931 ms
Schwarz(Jacobi)+Bicgstab:  Solving for Uy, Initial residual = 0.004367523785967, Final residual = 0.0001371990665985791, No Iterations 3, Solve time = 50.931 ms
Schwarz(Jacobi)+Bicgstab:  Solving for Uz, Initial residual = 0.0011807177546245308, Final residual = 6.344843800626064e-05, No Iterations 3, Solve time = 50.931 ms
[mem] after-UEqn: DEVICE_POOL current=19500 MB  actual(reserved)=38146 MB  highWater=24788 MB
[NEON_FINE_CACHE] perm-gather 0.8 ms (rows=65334765)
[NEON_FINE_CACHE] perm-gather 0.4 ms (rows=31802954)
[NEON_FINE_CACHE] perm-gather 0.3 ms (rows=14952636)
[NEON_FINE_CACHE] perm-gather 0.1 ms (rows=6971719)
[NEON_FINE_CACHE] perm-gather 0.1 ms (rows=3255310)
[NEON_FINE_CACHE] perm-gather 0.0 ms (rows=1527309)
config(Cg+Multigrid):  Solving for p, Initial residual = 0.0012711958486174037, Final residual = 1.250067034561338e-05, No Iterations 7, Solve time = 182.554 ms
time step continuity errors : sum local = 3.201297671775196e-06, global = 2.1395809287799128e-08, cumulative = 2.0252653553969258e-07
[mem] after-pEqn: DEVICE_POOL current=19500 MB  actual(reserved)=38146 MB  highWater=24788 MB
Schwarz(Jacobi)+Bicgstab:  Solving for omega, Initial residual = 0.004279743498661678, Final residual = 6.064827695228916e-06, No Iterations 1, Solve time = 10.314 ms
bounding omega, min: -30923.26734792147 max: 129708330.60134804 average: 6377.005667033753
Schwarz(Jacobi)+Bicgstab:  Solving for k, Initial residual = 0.0002660898692156123, Final residual = 1.9482130743796483e-05, No Iterations 2, Solve time = 13.646 ms
bounding k, min: -5.084132848407254e-05 max: 866.2348445956637 average: 9.14291646969762
[mem] after-turb: DEVICE_POOL current=19500 MB  actual(reserved)=38146 MB  highWater=24788 MB
ExecutionTime = 58.01 s  ClockTime = 59 s

Time = 1072
[mem] step-start: DEVICE_POOL current=19500 MB  actual(reserved)=38146 MB  highWater=24788 MB
Schwarz(Jacobi)+Bicgstab:  Solving for Ux, Initial residual = 8.167265643843238e-05, Final residual = 2.9151179776078606e-06, No Iterations 3, Solve time = 50.868 ms
Schwarz(Jacobi)+Bicgstab:  Solving for Uy, Initial residual = 0.004359474601548831, Final residual = 0.00013792185878704242, No Iterations 3, Solve time = 50.868 ms
Schwarz(Jacobi)+Bicgstab:  Solving for Uz, Initial residual = 0.0011801571034754693, Final residual = 9.266494435227737e-05, No Iterations 3, Solve time = 50.868 ms
[mem] after-UEqn: DEVICE_POOL current=19500 MB  actual(reserved)=38146 MB  highWater=24788 MB
[NEON_FINE_CACHE] perm-gather 0.8 ms (rows=65334765)
[NEON_FINE_CACHE] perm-gather 0.4 ms (rows=31802954)
[NEON_FINE_CACHE] perm-gather 0.3 ms (rows=14952636)
[NEON_FINE_CACHE] perm-gather 0.1 ms (rows=6971719)
[NEON_FINE_CACHE] perm-gather 0.1 ms (rows=3255310)
[NEON_FINE_CACHE] perm-gather 0.0 ms (rows=1527309)
config(Cg+Multigrid):  Solving for p, Initial residual = 0.0012779226679068983, Final residual = 1.0920504016726921e-05, No Iterations 8, Solve time = 203.084 ms
time step continuity errors : sum local = 2.798151446489067e-06, global = 1.912208100586295e-08, cumulative = 2.2164861654555554e-07
[mem] after-pEqn: DEVICE_POOL current=19500 MB  actual(reserved)=38146 MB  highWater=24788 MB
Schwarz(Jacobi)+Bicgstab:  Solving for omega, Initial residual = 0.0004047440512870336, Final residual = 6.155245275737705e-06, No Iterations 1, Solve time = 10.36 ms
bounding omega, min: -32996.07224175631 max: 45355983.479535356 average: 6372.40289131454
Schwarz(Jacobi)+Bicgstab:  Solving for k, Initial residual = 0.00026725883792714833, Final residual = 6.787442525035738e-06, No Iterations 3, Solve time = 17.024 ms
bounding k, min: -1.1123903127471715e-05 max: 865.9355881289897 average: 9.14345125492076
[mem] after-turb: DEVICE_POOL current=19500 MB  actual(reserved)=38146 MB  highWater=24788 MB
ExecutionTime = 58.63 s  ClockTime = 60 s

Time = 1073
[mem] step-start: DEVICE_POOL current=19500 MB  actual(reserved)=38146 MB  highWater=24788 MB
Schwarz(Jacobi)+Bicgstab:  Solving for Ux, Initial residual = 8.164561107540609e-05, Final residual = 4.18412464885573e-06, No Iterations 2, Solve time = 40.37 ms
Schwarz(Jacobi)+Bicgstab:  Solving for Uy, Initial residual = 0.0043569904594721095, Final residual = 0.00043816124686456526, No Iterations 2, Solve time = 40.37 ms
Schwarz(Jacobi)+Bicgstab:  Solving for Uz, Initial residual = 0.0011722199632519454, Final residual = 9.485619721825961e-05, No Iterations 2, Solve time = 40.37 ms
[mem] after-UEqn: DEVICE_POOL current=19500 MB  actual(reserved)=38146 MB  highWater=24788 MB
[NEON_FINE_CACHE] perm-gather 0.8 ms (rows=65334765)
[NEON_FINE_CACHE] perm-gather 0.4 ms (rows=31802954)
[NEON_FINE_CACHE] perm-gather 0.3 ms (rows=14952636)
[NEON_FINE_CACHE] perm-gather 0.1 ms (rows=6971719)
[NEON_FINE_CACHE] perm-gather 0.1 ms (rows=3255310)
[NEON_FINE_CACHE] perm-gather 0.0 ms (rows=1527309)
config(Cg+Multigrid):  Solving for p, Initial residual = 0.0012737223620937004, Final residual = 1.1315041121279607e-05, No Iterations 7, Solve time = 182.973 ms
time step continuity errors : sum local = 2.9015005444615224e-06, global = 1.833674823869174e-08, cumulative = 2.3998536478424725e-07
[mem] after-pEqn: DEVICE_POOL current=19500 MB  actual(reserved)=38146 MB  highWater=24788 MB
Schwarz(Jacobi)+Bicgstab:  Solving for omega, Initial residual = 5.22689841795298e-05, Final residual = 1.186606526027179e-06, No Iterations 2, Solve time = 13.62 ms
bounding omega, min: -33296.406125102934 max: 45355983.436917245 average: 6371.120204762378
Schwarz(Jacobi)+Bicgstab:  Solving for k, Initial residual = 0.00026563803723071613, Final residual = 1.3094686947254262e-05, No Iterations 2, Solve time = 13.652 ms
bounding k, min: -4.179102277731711e-05 max: 865.5550466370128 average: 9.143750149015885
[mem] after-turb: DEVICE_POOL current=19500 MB  actual(reserved)=38146 MB  highWater=24788 MB
ExecutionTime = 59.21 s  ClockTime = 60 s

Time = 1074
[mem] step-start: DEVICE_POOL current=19500 MB  actual(reserved)=38146 MB  highWater=24788 MB
Schwarz(Jacobi)+Bicgstab:  Solving for Ux, Initial residual = 8.183338111196733e-05, Final residual = 4.6363632619469005e-06, No Iterations 2, Solve time = 40.365 ms
Schwarz(Jacobi)+Bicgstab:  Solving for Uy, Initial residual = 0.004334214900507234, Final residual = 0.0007005885537088419, No Iterations 2, Solve time = 40.365 ms
Schwarz(Jacobi)+Bicgstab:  Solving for Uz, Initial residual = 0.001178686443428378, Final residual = 8.713338288809282e-05, No Iterations 2, Solve time = 40.365 ms
[mem] after-UEqn: DEVICE_POOL current=19500 MB  actual(reserved)=38146 MB  highWater=24788 MB
[NEON_FINE_CACHE] perm-gather 0.8 ms (rows=65334765)
[NEON_FINE_CACHE] perm-gather 0.4 ms (rows=31802954)
[NEON_FINE_CACHE] perm-gather 0.3 ms (rows=14952636)
[NEON_FINE_CACHE] perm-gather 0.1 ms (rows=6971719)
[NEON_FINE_CACHE] perm-gather 0.1 ms (rows=3255310)
[NEON_FINE_CACHE] perm-gather 0.0 ms (rows=1527309)
config(Cg+Multigrid):  Solving for p, Initial residual = 0.0012586767428094505, Final residual = 1.0994609547711832e-05, No Iterations 7, Solve time = 182.198 ms
time step continuity errors : sum local = 2.820051052291111e-06, global = 1.5790577356673944e-08, cumulative = 2.557759421409212e-07
[mem] after-pEqn: DEVICE_POOL current=19500 MB  actual(reserved)=38146 MB  highWater=24788 MB
Schwarz(Jacobi)+Bicgstab:  Solving for omega, Initial residual = 1.9567931503433837e-05, Final residual = 1.0626674911931937e-06, No Iterations 2, Solve time = 13.702 ms
bounding omega, min: -38348.33397607435 max: 45355983.39197488 average: 6370.788872265378
Schwarz(Jacobi)+Bicgstab:  Solving for k, Initial residual = 0.00026450705813588216, Final residual = 1.3109034017429804e-05, No Iterations 2, Solve time = 13.577 ms
bounding k, min: -1.7161479176221807e-05 max: 865.0651221913481 average: 9.144365738516703
[mem] after-turb: DEVICE_POOL current=19500 MB  actual(reserved)=38146 MB  highWater=24788 MB
ExecutionTime = 59.8 s  ClockTime = 61 s

Time = 1075
[mem] step-start: DEVICE_POOL current=19500 MB  actual(reserved)=38146 MB  highWater=24788 MB
Schwarz(Jacobi)+Bicgstab:  Solving for Ux, Initial residual = 8.18243383422945e-05, Final residual = 2.9650292557973417e-06, No Iterations 3, Solve time = 50.981 ms
Schwarz(Jacobi)+Bicgstab:  Solving for Uy, Initial residual = 0.004372539154291087, Final residual = 0.00013652282569919901, No Iterations 3, Solve time = 50.981 ms
Schwarz(Jacobi)+Bicgstab:  Solving for Uz, Initial residual = 0.0011811298047009605, Final residual = 5.774381007692256e-05, No Iterations 3, Solve time = 50.981 ms
[mem] after-UEqn: DEVICE_POOL current=19500 MB  actual(reserved)=38146 MB  highWater=24788 MB
[NEON_FINE_CACHE] perm-gather 0.8 ms (rows=65334765)
[NEON_FINE_CACHE] perm-gather 0.4 ms (rows=31802954)
[NEON_FINE_CACHE] perm-gather 0.3 ms (rows=14952636)
[NEON_FINE_CACHE] perm-gather 0.1 ms (rows=6971719)
[NEON_FINE_CACHE] perm-gather 0.1 ms (rows=3255310)
[NEON_FINE_CACHE] perm-gather 0.0 ms (rows=1527309)
config(Cg+Multigrid):  Solving for p, Initial residual = 0.0012542186692307959, Final residual = 1.0922802425537503e-05, No Iterations 7, Solve time = 186.579 ms
time step continuity errors : sum local = 2.8016694295192026e-06, global = 1.4740162238809106e-08, cumulative = 2.7051610437973034e-07
[mem] after-pEqn: DEVICE_POOL current=19500 MB  actual(reserved)=38146 MB  highWater=24788 MB
Schwarz(Jacobi)+Bicgstab:  Solving for omega, Initial residual = 1.5961716826472554e-05, Final residual = 8.417992512882281e-07, No Iterations 2, Solve time = 13.713 ms
bounding omega, min: -32910.50442717478 max: 45355983.34049686 average: 6370.8201857170725
Schwarz(Jacobi)+Bicgstab:  Solving for k, Initial residual = 0.0002636521083600359, Final residual = 1.1915181748893776e-05, No Iterations 2, Solve time = 13.596 ms
bounding k, min: -3.1165116120030574e-05 max: 864.5454681473907 average: 9.144861883682802
[mem] after-turb: DEVICE_POOL current=19500 MB  actual(reserved)=38146 MB  highWater=24788 MB
ExecutionTime = 60.39 s  ClockTime = 62 s

Time = 1076
[mem] step-start: DEVICE_POOL current=19500 MB  actual(reserved)=38146 MB  highWater=24788 MB
Schwarz(Jacobi)+Bicgstab:  Solving for Ux, Initial residual = 8.174589771234257e-05, Final residual = 3.140703447681303e-06, No Iterations 3, Solve time = 50.74 ms
Schwarz(Jacobi)+Bicgstab:  Solving for Uy, Initial residual = 0.004377488086448204, Final residual = 0.00013625851601704422, No Iterations 3, Solve time = 50.74 ms
Schwarz(Jacobi)+Bicgstab:  Solving for Uz, Initial residual = 0.0011819988468860089, Final residual = 5.797528645031169e-05, No Iterations 3, Solve time = 50.74 ms
[mem] after-UEqn: DEVICE_POOL current=19500 MB  actual(reserved)=38146 MB  highWater=24788 MB
[NEON_FINE_CACHE] perm-gather 0.8 ms (rows=65334765)
[NEON_FINE_CACHE] perm-gather 0.4 ms (rows=31802954)
[NEON_FINE_CACHE] perm-gather 0.3 ms (rows=14952636)
[NEON_FINE_CACHE] perm-gather 0.1 ms (rows=6971719)
[NEON_FINE_CACHE] perm-gather 0.1 ms (rows=3255310)
[NEON_FINE_CACHE] perm-gather 0.0 ms (rows=1527309)
config(Cg+Multigrid):  Solving for p, Initial residual = 0.0012526823559739484, Final residual = 1.0689325214731232e-05, No Iterations 7, Solve time = 181.992 ms
time step continuity errors : sum local = 2.7414363426898364e-06, global = 1.4114642460327653e-08, cumulative = 2.84630746840058e-07
[mem] after-pEqn: DEVICE_POOL current=19500 MB  actual(reserved)=38146 MB  highWater=24788 MB
Schwarz(Jacobi)+Bicgstab:  Solving for omega, Initial residual = 1.5085023815043e-05, Final residual = 8.220832963653031e-07, No Iterations 2, Solve time = 13.64 ms
bounding omega, min: -35244.46726117582 max: 45355983.28866596 average: 6370.883408485332
Schwarz(Jacobi)+Bicgstab:  Solving for k, Initial residual = 0.00026292717163512233, Final residual = 1.1541642707637983e-05, No Iterations 2, Solve time = 13.66 ms
bounding k, min: -3.961590570769778e-05 max: 863.9091973142024 average: 9.145286207468637
[mem] after-turb: DEVICE_POOL current=19500 MB  actual(reserved)=38146 MB  highWater=24788 MB
ExecutionTime = 60.99 s  ClockTime = 62 s

Time = 1077
[mem] step-start: DEVICE_POOL current=19500 MB  actual(reserved)=38146 MB  highWater=24788 MB
Schwarz(Jacobi)+Bicgstab:  Solving for Ux, Initial residual = 8.172281502996278e-05, Final residual = 3.793378613160302e-06, No Iterations 3, Solve time = 50.995 ms
Schwarz(Jacobi)+Bicgstab:  Solving for Uy, Initial residual = 0.0043825477201702365, Final residual = 0.00013863489951741376, No Iterations 3, Solve time = 50.995 ms
Schwarz(Jacobi)+Bicgstab:  Solving for Uz, Initial residual = 0.0011838154527303547, Final residual = 7.28864356863465e-05, No Iterations 3, Solve time = 50.995 ms
[mem] after-UEqn: DEVICE_POOL current=19500 MB  actual(reserved)=38146 MB  highWater=24788 MB
[NEON_FINE_CACHE] perm-gather 0.8 ms (rows=65334765)
[NEON_FINE_CACHE] perm-gather 0.4 ms (rows=31802954)
[NEON_FINE_CACHE] perm-gather 0.3 ms (rows=14952636)
[NEON_FINE_CACHE] perm-gather 0.1 ms (rows=6971719)
[NEON_FINE_CACHE] perm-gather 0.1 ms (rows=3255310)
[NEON_FINE_CACHE] perm-gather 0.0 ms (rows=1527309)
config(Cg+Multigrid):  Solving for p, Initial residual = 0.0012525798228346869, Final residual = 1.0467731349533183e-05, No Iterations 7, Solve time = 189.182 ms
time step continuity errors : sum local = 2.683968400182343e-06, global = 1.330938251010058e-08, cumulative = 2.979401293501586e-07
[mem] after-pEqn: DEVICE_POOL current=19500 MB  actual(reserved)=38146 MB  highWater=24788 MB
Schwarz(Jacobi)+Bicgstab:  Solving for omega, Initial residual = 1.4639565330202771e-05, Final residual = 9.112678318311403e-07, No Iterations 2, Solve time = 13.815 ms
bounding omega, min: -33181.06559011892 max: 45355983.23823773 average: 6370.946316141403
Schwarz(Jacobi)+Bicgstab:  Solving for k, Initial residual = 0.000262448158018286, Final residual = 1.4502012290830086e-05, No Iterations 2, Solve time = 13.58 ms
bounding k, min: -0.008999891514118473 max: 863.2574607932547 average: 9.14579017737923
[mem] after-turb: DEVICE_POOL current=19500 MB  actual(reserved)=38146 MB  highWater=24788 MB
ExecutionTime = 61.6 s  ClockTime = 63 s

Time = 1078
[mem] step-start: DEVICE_POOL current=19500 MB  actual(reserved)=38146 MB  highWater=24788 MB
Schwarz(Jacobi)+Bicgstab:  Solving for Ux, Initial residual = 8.176476925192988e-05, Final residual = 3.4470116164376636e-06, No Iterations 3, Solve time = 52.039 ms
Schwarz(Jacobi)+Bicgstab:  Solving for Uy, Initial residual = 0.004387907745724246, Final residual = 0.00014078064363211412, No Iterations 3, Solve time = 52.039 ms
Schwarz(Jacobi)+Bicgstab:  Solving for Uz, Initial residual = 0.0011874312138004984, Final residual = 7.957832256525345e-05, No Iterations 3, Solve time = 52.039 ms
[mem] after-UEqn: DEVICE_POOL current=19500 MB  actual(reserved)=38146 MB  highWater=24788 MB
[NEON_FINE_CACHE] perm-gather 0.8 ms (rows=65334765)
[NEON_FINE_CACHE] perm-gather 0.4 ms (rows=31802954)
[NEON_FINE_CACHE] perm-gather 0.3 ms (rows=14952636)
[NEON_FINE_CACHE] perm-gather 0.1 ms (rows=6971719)
[NEON_FINE_CACHE] perm-gather 0.1 ms (rows=3255310)
[NEON_FINE_CACHE] perm-gather 0.0 ms (rows=1527309)
config(Cg+Multigrid):  Solving for p, Initial residual = 0.0012511126596608509, Final residual = 1.019226362877043e-05, No Iterations 7, Solve time = 183.291 ms
time step continuity errors : sum local = 2.612451352664024e-06, global = 1.0159968349521862e-08, cumulative = 3.0810009769968044e-07
[mem] after-pEqn: DEVICE_POOL current=19500 MB  actual(reserved)=38146 MB  highWater=24788 MB
Schwarz(Jacobi)+Bicgstab:  Solving for omega, Initial residual = 1.4340511646722674e-05, Final residual = 9.037644079792123e-07, No Iterations 2, Solve time = 13.689 ms
bounding omega, min: -37118.7471833542 max: 45355983.19159707 average: 6371.04985467101
Schwarz(Jacobi)+Bicgstab:  Solving for k, Initial residual = 0.0002620107298495781, Final residual = 8.870401337978616e-06, No Iterations 3, Solve time = 16.928 ms
bounding k, min: -4.76206964987824e-05 max: 862.4776254654435 average: 9.146032978643811
[mem] after-turb: DEVICE_POOL current=19500 MB  actual(reserved)=38146 MB  highWater=24788 MB
ExecutionTime = 62.2 s  ClockTime = 63 s

Time = 1079
[mem] step-start: DEVICE_POOL current=19500 MB  actual(reserved)=38146 MB  highWater=24788 MB
Schwarz(Jacobi)+Bicgstab:  Solving for Ux, Initial residual = 8.177551483813902e-05, Final residual = 4.482954239516322e-06, No Iterations 2, Solve time = 40.288 ms
Schwarz(Jacobi)+Bicgstab:  Solving for Uy, Initial residual = 0.004395168935067774, Final residual = 0.00031875015212520856, No Iterations 2, Solve time = 40.288 ms
Schwarz(Jacobi)+Bicgstab:  Solving for Uz, Initial residual = 0.0011913063065394868, Final residual = 8.576383664226066e-05, No Iterations 2, Solve time = 40.288 ms
[mem] after-UEqn: DEVICE_POOL current=19500 MB  actual(reserved)=38146 MB  highWater=24788 MB
[NEON_FINE_CACHE] perm-gather 0.8 ms (rows=65334765)
[NEON_FINE_CACHE] perm-gather 0.4 ms (rows=31802954)
[NEON_FINE_CACHE] perm-gather 0.3 ms (rows=14952636)
[NEON_FINE_CACHE] perm-gather 0.1 ms (rows=6971719)
[NEON_FINE_CACHE] perm-gather 0.1 ms (rows=3255310)
[NEON_FINE_CACHE] perm-gather 0.0 ms (rows=1527309)
config(Cg+Multigrid):  Solving for p, Initial residual = 0.0012579462816091, Final residual = 9.863090795763635e-06, No Iterations 7, Solve time = 189.545 ms
time step continuity errors : sum local = 2.527007017238748e-06, global = 8.04660766820301e-09, cumulative = 3.1614670536788345e-07
[mem] after-pEqn: DEVICE_POOL current=19500 MB  actual(reserved)=38146 MB  highWater=24788 MB
Schwarz(Jacobi)+Bicgstab:  Solving for omega, Initial residual = 1.4190241059617056e-05, Final residual = 9.019517822558195e-07, No Iterations 2, Solve time = 13.639 ms
bounding omega, min: -34274.73093608794 max: 45355983.22699509 average: 6371.01069296996
Schwarz(Jacobi)+Bicgstab:  Solving for k, Initial residual = 0.0002604375332400128, Final residual = 1.0464058020003957e-05, No Iterations 2, Solve time = 13.728 ms
bounding k, min: -7.688183267051099e-05 max: 861.6888817766211 average: 9.146213697852108
[mem] after-turb: DEVICE_POOL current=19500 MB  actual(reserved)=38146 MB  highWater=24788 MB
ExecutionTime = 62.78 s  ClockTime = 64 s

Time = 1080
[mem] step-start: DEVICE_POOL current=19500 MB  actual(reserved)=38146 MB  highWater=24788 MB
Schwarz(Jacobi)+Bicgstab:  Solving for Ux, Initial residual = 8.192322188034596e-05, Final residual = 4.549633240600448e-06, No Iterations 2, Solve time = 42.293 ms
Schwarz(Jacobi)+Bicgstab:  Solving for Uy, Initial residual = 0.004391434568689685, Final residual = 0.0007261403266401514, No Iterations 2, Solve time = 42.293 ms
Schwarz(Jacobi)+Bicgstab:  Solving for Uz, Initial residual = 0.0011963250931402202, Final residual = 8.587616213754525e-05, No Iterations 2, Solve time = 42.293 ms
[mem] after-UEqn: DEVICE_POOL current=19500 MB  actual(reserved)=38146 MB  highWater=24788 MB
[NEON_FINE_CACHE] perm-gather 0.8 ms (rows=65334765)
[NEON_FINE_CACHE] perm-gather 0.4 ms (rows=31802954)
[NEON_FINE_CACHE] perm-gather 0.3 ms (rows=14952636)
[NEON_FINE_CACHE] perm-gather 0.1 ms (rows=6971719)
[NEON_FINE_CACHE] perm-gather 0.1 ms (rows=3255310)
[NEON_FINE_CACHE] perm-gather 0.0 ms (rows=1527309)
config(Cg+Multigrid):  Solving for p, Initial residual = 0.0012537346034018962, Final residual = 9.892873602050933e-06, No Iterations 7, Solve time = 184.632 ms
time step continuity errors : sum local = 2.5334312576628384e-06, global = 4.883796472097151e-09, cumulative = 3.210305018399806e-07
[mem] after-pEqn: DEVICE_POOL current=19500 MB  actual(reserved)=38146 MB  highWater=24788 MB
Schwarz(Jacobi)+Bicgstab:  Solving for omega, Initial residual = 1.4019834166252278e-05, Final residual = 8.964905443186839e-07, No Iterations 2, Solve time = 13.638 ms
bounding omega, min: -36215.69398007989 max: 45355983.28268167 average: 6371.07364990106
Schwarz(Jacobi)+Bicgstab:  Solving for k, Initial residual = 0.0002600147421764865, Final residual = 1.6181467253465255e-05, No Iterations 2, Solve time = 13.655 ms
bounding k, min: -0.0032687046293961297 max: 860.8744049160199 average: 9.146668301211935
[mem] after-turb: DEVICE_POOL current=19500 MB  actual(reserved)=38146 MB  highWater=24788 MB
Writing p
Writing U
Writing turbulence variables
ExecutionTime = 64.55 s  ClockTime = 67 s

Finalizing NeoN
Finalising parallel run
