/*---------------------------------------------------------------------------*\
| =========                 |                                                 |
| \\      /  F ield         | OpenFOAM: The Open Source CFD Toolbox           |
|  \\    /   O peration     | Version:  2506                                  |
|   \\  /    A nd           | Website:  www.openfoam.com                      |
|    \\/     M anipulation  |                                                 |
\*---------------------------------------------------------------------------*/
Build  : b050cd9480-20250814 OPENFOAM=2506 version=v2506
Arch   : "LSB;label=32;scalar=64"
Exec   : /storage/home/greole/code/NeoFOAM/build/profilingnvidia_h200/bin/neoSimpleFoam -parallel
Date   : Jul 22 2026
Time   : 18:32:04
Host   : gpu-nvidia-h200-3.int.coma-cluster.de
PID    : 3014155
I/O    : uncollated
Case   : /storage/home/greole/code/NeoFOAM/occDrivAerStaticMesh
nProcs : 4
Hosts  :
(
    (gpu-nvidia-h200-3.int.coma-cluster.de 4)
)
Pstream initialized with:
    node communication : off [type=host] (4 ranks, 1 nodes)
    topology controls  : none
    consensus exchange : 0 (tuning: 0)
    exchange algorithm : 0
    commsType          : nonBlocking
    polling iterations : 0
trapFpe: Floating point exception trapping enabled (FOAM_SIGFPE).
fileModificationChecking : Monitoring run-time modified files using timeStampMaster (fileModificationSkew 5, maxFileModificationPolls 20)
allowSystemOperations : Allowing user-supplied system call operations

// * * * * * * * * * * * * * * * * * * * * * * * * * * * * * * * * * * * * * //
Create time

Initializing NeoN
Creating Executor GPU
Creating NeoFOAM runTime

SIMPLE: no convergence criteria found. Calculations will run for 8 steps.

Reading field p

Reading field U

Reading/calculating face flux field phi

Selecting incompressible transport model Newtonian
NeoFOAM solver config (from fvSolution configFile) for 'config(Cg+Multigrid)':
{
    cacheSolver: true
    configFile: <NeoN::TokenList>
    l1ScaledResidual: true
    preconditionerRebuildInterval: 0
    relTol: 0.010000
    reportName: config(Cg+Multigrid)
    solver: Ginkgo
    tolerance: 0.000000
}
    effective optimize: false
    effective checkFrequency: 1
Mapping OpenFOAM solver settings to NeoN settings.
Currently, it is advisable to specify a configFile
for fine grained Ginkgo solver control

Replacing solver PBiCGStab by solver::Bicgstab
Replacing preconditioner diagonal by preconditioner::Schwarz (Schwarz-wrapped for distributed run)
NeoFOAM solver config (mapped from fvSolution) for 'Schwarz(Jacobi)+Bicgstab':
{
    cacheSolver: true
    criteria: {
        absolute_residual_norm: 0.000000
        initial_residual_norm: 0.100000
        iteration: 1000
    }
    l1ScaledResidual: true
    optimize: false
    preconditioner: {
        local_solver: {
            max_block_size: 1
            type: preconditioner::Jacobi
        }
        type: preconditioner::Schwarz
    }
    reportName: Schwarz(Jacobi)+Bicgstab
    solver: Ginkgo
    type: solver::Bicgstab
}
    effective optimize: false
    effective checkFrequency: 1
Creating phi

[NF][/storage/home/greole/code/NeoFOAM/include/NeoFOAM/auxiliary/readers.hpp::423]: Internal: 49333487, Boundary: 1754396

[NF][/storage/home/greole/code/NeoFOAM/include/NeoFOAM/auxiliary/readers.hpp::423]: Internal: 49320882, Boundary: 1762558

[NF][/storage/home/greole/code/NeoFOAM/include/NeoFOAM/auxiliary/readers.hpp::423]: Internal: 49261542, Boundary: 1427829

[NF][/storage/home/greole/code/NeoFOAM/include/NeoFOAM/auxiliary/readers.hpp::423]: Internal: 49243125, Boundary: 1362247
Selecting patchDistMethod meshWave
Mapping OpenFOAM solver settings to NeoN settings.
Currently, it is advisable to specify a configFile
for fine grained Ginkgo solver control

Replacing solver PBiCGStab by solver::Bicgstab
Replacing preconditioner diagonal by preconditioner::Schwarz (Schwarz-wrapped for distributed run)
NeoFOAM solver config (mapped from fvSolution) for 'Schwarz(Jacobi)+Bicgstab':
{
    cacheSolver: true
    criteria: {
        absolute_residual_norm: 0.000000
        initial_residual_norm: 0.100000
        iteration: 1000
    }
    l1ScaledResidual: true
    optimize: false
    preconditioner: {
        local_solver: {
            max_block_size: 1
            type: preconditioner::Jacobi
        }
        type: preconditioner::Schwarz
    }
    reportName: Schwarz(Jacobi)+Bicgstab
    solver: Ginkgo
    type: solver::Bicgstab
}
    effective optimize: false
    effective checkFrequency: 1
Mapping OpenFOAM solver settings to NeoN settings.
Currently, it is advisable to specify a configFile
for fine grained Ginkgo solver control

Replacing solver PBiCGStab by solver::Bicgstab
Replacing preconditioner diagonal by preconditioner::Schwarz (Schwarz-wrapped for distributed run)
NeoFOAM solver config (mapped from fvSolution) for 'Schwarz(Jacobi)+Bicgstab':
{
    cacheSolver: true
    criteria: {
        absolute_residual_norm: 0.000000
        initial_residual_norm: 0.100000
        iteration: 1000
    }
    l1ScaledResidual: true
    optimize: false
    preconditioner: {
        local_solver: {
            max_block_size: 1
            type: preconditioner::Jacobi
        }
        type: preconditioner::Schwarz
    }
    reportName: Schwarz(Jacobi)+Bicgstab
    solver: Ginkgo
    type: solver::Bicgstab
}
    effective optimize: false
    effective checkFrequency: 1
Starting time loop
Time = 1051
[mem] step-start: DEVICE_POOL current=12979 MB  actual(reserved)=38146 MB  highWater=19132 MB
Schwarz(Jacobi)+Bicgstab:  Solving for Ux, Initial residual = 8.138773099436321e-05, Final residual = 3.31283877259578e-06, No Iterations 3, Solve time = 71.196 ms
Schwarz(Jacobi)+Bicgstab:  Solving for Uy, Initial residual = 0.004403238680958118, Final residual = 0.0001535895533134378, No Iterations 3, Solve time = 71.196 ms
Schwarz(Jacobi)+Bicgstab:  Solving for Uz, Initial residual = 0.0011397400823179122, Final residual = 5.83256284976445e-05, No Iterations 3, Solve time = 71.196 ms
[mem] after-UEqn: DEVICE_POOL current=15847 MB  actual(reserved)=38146 MB  highWater=21135 MB
config(Cg+Multigrid):  Solving for p, Initial residual = 0.0013256944227603667, Final residual = 1.2301205065965156e-05, No Iterations 8, Solve time = 133.58 ms
time step continuity errors : sum local = 3.068946701006097e-06, global = -3.781872266503534e-08, cumulative = -3.781872266503534e-08
[mem] after-pEqn: DEVICE_POOL current=17315 MB  actual(reserved)=38146 MB  highWater=21135 MB
Schwarz(Jacobi)+Bicgstab:  Solving for omega, Initial residual = 1.3535603091658363e-05, Final residual = 9.669819361884576e-07, No Iterations 2, Solve time = 16.292 ms
bounding omega, min: -47623.16673555848 max: 45355982.607066974 average: 6371.528686106016
Schwarz(Jacobi)+Bicgstab:  Solving for k, Initial residual = 0.00025270633669090335, Final residual = 1.4870700135361642e-05, No Iterations 2, Solve time = 16.243 ms
bounding k, min: -0.009657043238366844 max: 920.021511032647 average: 9.131308832667592
[turb] t1_grads=43.130852 t2_f1sources=1.521783 t3_diffusiv=1.474778 t4a_omegaCtor=48.238778 t4b_omegaSolve=122.763018 t5a_kCtor=50.254210 t5b_kSolve=120.921696 t6_nutDiff=2.947013
[phase] step total=6292.351100 ms | 1_momConstruct=2210.626897 2_momSolve=1789.716104 3_pressureCorr=1892.614581 3a_pSolve=1786.476388 4_turbulence=399.368213 | other=-1786.451083
[turb] t1_grads=42.604599 t2_f1sources=1.713316 t3_diffusiv=1.472986 t4a_omegaCtor=49.554297 t4b_omegaSolve=121.195492 t5a_kCtor=51.017370 t5b_kSolve=120.104993 t6_nutDiff=3.087717
[turb] t1_grads=42.986654 t2_f1sources=1.596676 t3_diffusiv=1.477522 t4a_omegaCtor=44.818284 t4b_omegaSolve=126.217790 t5a_kCtor=50.016193 t5b_kSolve=121.072634 t6_nutDiff=3.024250
[mem] after-turb: DEVICE_POOL current=19500 MB  actual(reserved)=38146 MB  highWater=22309 MB
[phase] step total=6292.402871 ms | 1_momConstruct=2207.603999 2_momSolve=1792.879264 3_pressureCorr=1892.432130 3a_pSolve=1786.473955 4_turbulence=399.439632 | other=-1786.426109
[turb] t1_grads=42.636663 t2_f1sources=1.556551 t3_diffusiv=1.488197 t4a_omegaCtor=37.909792 t4b_omegaSolve=132.936461 t5a_kCtor=51.383993 t5b_kSolve=119.721285 t6_nutDiff=3.047271
[phase] step total=6292.413455 ms | 1_momConstruct=2196.010954 2_momSolve=1804.550978 3_pressureCorr=1892.471825 3a_pSolve=1786.472323 4_turbulence=399.357809 | other=-1786.450434
ExecutionTime = 44.36 s  ClockTime = 44 s

[phase] step total=6292.432662 ms | 1_momConstruct=2206.057191 2_momSolve=1793.760486 3_pressureCorr=1893.172999 3a_pSolve=1786.456661 4_turbulence=399.419593 | other=-1786.434268
Time = 1052
[mem] step-start: DEVICE_POOL current=19500 MB  actual(reserved)=38146 MB  highWater=22309 MB
Schwarz(Jacobi)+Bicgstab:  Solving for Ux, Initial residual = 8.102363692721476e-05, Final residual = 3.1717180583004427e-06, No Iterations 3, Solve time = 51.65 ms
Schwarz(Jacobi)+Bicgstab:  Solving for Uy, Initial residual = 0.004412795692256478, Final residual = 0.00014457781641410544, No Iterations 3, Solve time = 51.65 ms
Schwarz(Jacobi)+Bicgstab:  Solving for Uz, Initial residual = 0.0011386595447165368, Final residual = 4.11597367842933e-05, No Iterations 3, Solve time = 51.65 ms
[mem] after-UEqn: DEVICE_POOL current=19500 MB  actual(reserved)=38146 MB  highWater=24788 MB
config(Cg+Multigrid):  Solving for p, Initial residual = 0.001301377403127096, Final residual = 1.2648367365323554e-05, No Iterations 8, Solve time = 151.217 ms
time step continuity errors : sum local = 3.157090038506177e-06, global = -2.528090722902055e-08, cumulative = -6.309962989405588e-08
[mem] after-pEqn: DEVICE_POOL current=19500 MB  actual(reserved)=38146 MB  highWater=24788 MB
Schwarz(Jacobi)+Bicgstab:  Solving for omega, Initial residual = 1.3464816399280532e-05, Final residual = 9.16434327006634e-07, No Iterations 2, Solve time = 14.253 ms
bounding omega, min: -47135.09507821959 max: 45355982.621183254 average: 6371.184523201435
Schwarz(Jacobi)+Bicgstab:  Solving for k, Initial residual = 0.00025274397596741733, Final residual = 1.5123233506848827e-05, No Iterations 2, Solve time = 14.096 ms
bounding k, min: -0.0038585515952714172 max: 909.290669664527 average: 9.131668504307505
[turb] t1_grads=43.462669 t2_f1sources=1.535201 t3_diffusiv=1.461169 t4a_omegaCtor=0.182071 t4b_omegaSolve=117.297191 t5a_kCtor=0.174209 t5b_kSolve=115.954825 t6_nutDiff=2.974541
[turb] t1_grads=43.209921 t2_f1sources=1.607010 t3_diffusiv=1.467809 t4a_omegaCtor=0.189811 t4b_omegaSolve=117.296520 t5a_kCtor=0.178986 t5b_kSolve=115.939614 t6_nutDiff=2.964187
[phase] step total=1104.194063 ms | 1_momConstruct=0.246378 2_momSolve=253.253846 3_pressureCorr=561.852424 3a_pSolve=503.040625 4_turbulence=288.827835 | other=-503.027045
[phase] step total=1104.216534 ms | 1_momConstruct=0.183863 2_momSolve=253.354765 3_pressureCorr=562.002911 3a_pSolve=503.038612 4_turbulence=288.663059 | other=-503.026676
[turb] t1_grads=42.696435 t2_f1sources=1.795240 t3_diffusiv=1.461610 t4a_omegaCtor=0.182701 t4b_omegaSolve=117.540475 t5a_kCtor=0.202479 t5b_kSolve=116.038080 t6_nutDiff=3.114484
[mem] after-turb: DEVICE_POOL current=19500 MB  actual(reserved)=38146 MB  highWater=24788 MB
[turb] t1_grads=42.820445 t2_f1sources=1.559505 t3_diffusiv=1.480386 t4a_omegaCtor=0.264284 t4b_omegaSolve=117.476888 t5a_kCtor=0.200135 t5b_kSolve=115.925464 t6_nutDiff=3.064035
[phase] step total=1104.291327 ms | 1_momConstruct=0.163314 2_momSolve=253.127143 3_pressureCorr=562.225959 3a_pSolve=503.055715 4_turbulence=288.739333 | other=-503.020137
ExecutionTime = 45.44 s  ClockTime = 45 s

[phase] step total=1104.311565 ms | 1_momConstruct=0.137329 2_momSolve=253.105863 3_pressureCorr=562.328420 3a_pSolve=503.055485 4_turbulence=288.725284 | other=-503.040816
Time = 1053
[mem] step-start: DEVICE_POOL current=19500 MB  actual(reserved)=38146 MB  highWater=24788 MB
Schwarz(Jacobi)+Bicgstab:  Solving for Ux, Initial residual = 8.087368904564985e-05, Final residual = 2.519380276814323e-06, No Iterations 3, Solve time = 51.484 ms
Schwarz(Jacobi)+Bicgstab:  Solving for Uy, Initial residual = 0.004419730811522636, Final residual = 0.00014801451699974293, No Iterations 3, Solve time = 51.484 ms
Schwarz(Jacobi)+Bicgstab:  Solving for Uz, Initial residual = 0.0011363089405078868, Final residual = 4.270993929338504e-05, No Iterations 3, Solve time = 51.484 ms
[mem] after-UEqn: DEVICE_POOL current=19500 MB  actual(reserved)=38146 MB  highWater=24788 MB
config(Cg+Multigrid):  Solving for p, Initial residual = 0.0012922762945641111, Final residual = 1.0450854665223521e-05, No Iterations 9, Solve time = 159.585 ms
time step continuity errors : sum local = 2.609920369010129e-06, global = -1.163688167580838e-08, cumulative = -7.473651156986426e-08
[mem] after-pEqn: DEVICE_POOL current=19500 MB  actual(reserved)=38146 MB  highWater=24788 MB
Schwarz(Jacobi)+Bicgstab:  Solving for omega, Initial residual = 1.3367397304410958e-05, Final residual = 8.961800800439612e-07, No Iterations 2, Solve time = 14.301 ms
bounding omega, min: -46798.93234014718 max: 45355982.64396542 average: 6370.921389898419
Schwarz(Jacobi)+Bicgstab:  Solving for k, Initial residual = 0.00025282321429846857, Final residual = 1.4872183316558828e-05, No Iterations 2, Solve time = 14.167 ms
bounding k, min: -0.004032733405461897 max: 895.9027689280837 average: 9.132183025767496
[turb] t1_grads=43.640153 t2_f1sources=1.595595 t3_diffusiv=1.454981 t4a_omegaCtor=0.146671 t4b_omegaSolve=117.500310 t5a_kCtor=0.180689 t5b_kSolve=115.824165 t6_nutDiff=2.872771
[phase] step total=1124.412032 ms | 1_momConstruct=0.163234 2_momSolve=255.476583 3_pressureCorr=579.743803 3a_pSolve=520.567280 4_turbulence=289.013261 | other=-520.552129
[turb] t1_grads=42.771007 t2_f1sources=2.273697 t3_diffusiv=1.459056 t4a_omegaCtor=0.178806 t4b_omegaSolve=117.535630 t5a_kCtor=0.192214 t5b_kSolve=115.914800 t6_nutDiff=3.060289
[mem] after-turb: DEVICE_POOL current=19500 MB  actual(reserved)=38146 MB  highWater=24788 MB
[phase] step total=1124.523575 ms | 1_momConstruct=0.157877 2_momSolve=256.081946 3_pressureCorr=579.157576 3a_pSolve=520.584885 4_turbulence=289.094622 | other=-520.553331
[turb] t1_grads=43.399803 t2_f1sources=1.662096 t3_diffusiv=1.467729 t4a_omegaCtor=0.166268 t4b_omegaSolve=117.464050 t5a_kCtor=0.189070 t5b_kSolve=115.781025 t6_nutDiff=3.023679
ExecutionTime = 46.55 s  ClockTime = 47 s

[turb] t1_grads=43.281300 t2_f1sources=1.662457 t3_diffusiv=1.486164 t4a_omegaCtor=0.275489 t4b_omegaSolve=117.222939 t5a_kCtor=0.259487 t5b_kSolve=115.703118 t6_nutDiff=3.068721
[phase] step total=1124.554838 ms | 1_momConstruct=0.172617 2_momSolve=256.035061 3_pressureCorr=579.368026 3a_pSolve=520.565919 4_turbulence=288.967887 | other=-520.554672
[phase] step total=1124.571982 ms | 1_momConstruct=0.180398 2_momSolve=255.980798 3_pressureCorr=579.526363 3a_pSolve=520.566730 4_turbulence=288.871094 | other=-520.553401
Time = 1054
[mem] step-start: DEVICE_POOL current=19500 MB  actual(reserved)=38146 MB  highWater=24788 MB
Schwarz(Jacobi)+Bicgstab:  Solving for Ux, Initial residual = 8.079166143150987e-05, Final residual = 2.289030363600677e-06, No Iterations 3, Solve time = 51.528 ms
Schwarz(Jacobi)+Bicgstab:  Solving for Uy, Initial residual = 0.00442685295507276, Final residual = 0.00015538639153249518, No Iterations 3, Solve time = 51.528 ms
Schwarz(Jacobi)+Bicgstab:  Solving for Uz, Initial residual = 0.0011349476261217017, Final residual = 7.28529826579303e-05, No Iterations 3, Solve time = 51.528 ms
[mem] after-UEqn: DEVICE_POOL current=19500 MB  actual(reserved)=38146 MB  highWater=24788 MB
config(Cg+Multigrid):  Solving for p, Initial residual = 0.001282989735243747, Final residual = 1.253999039506404e-05, No Iterations 8, Solve time = 145.331 ms
time step continuity errors : sum local = 3.1338758530985355e-06, global = -1.6478428315911828e-08, cumulative = -9.121493988577609e-08
[mem] after-pEqn: DEVICE_POOL current=19500 MB  actual(reserved)=38146 MB  highWater=24788 MB
Schwarz(Jacobi)+Bicgstab:  Solving for omega, Initial residual = 1.3216928296460654e-05, Final residual = 8.793683544898554e-07, No Iterations 2, Solve time = 14.228 ms
bounding omega, min: -102833.48461212844 max: 45355982.67719437 average: 6370.988166423925
Schwarz(Jacobi)+Bicgstab:  Solving for k, Initial residual = 0.00025268615266689916, Final residual = 1.4877198508685708e-05, No Iterations 2, Solve time = 13.973 ms
bounding k, min: -0.0037905934772609617 max: 879.6052822037974 average: 9.132565211470702
[turb] t1_grads=43.396718 t2_f1sources=1.591809 t3_diffusiv=1.458416 t4a_omegaCtor=0.173508 t4b_omegaSolve=117.234285 t5a_kCtor=0.161242 t5b_kSolve=116.999332 t6_nutDiff=2.992617
[turb] t1_grads=43.095864 t2_f1sources=1.798043 t3_diffusiv=1.467909 t4a_omegaCtor=0.167931 t4b_omegaSolve=117.148297 t5a_kCtor=0.174691 t5b_kSolve=116.967087 t6_nutDiff=2.958389
[phase] step total=1111.523175 ms | 1_momConstruct=0.155544 2_momSolve=255.502209 3_pressureCorr=566.050759 3a_pSolve=506.144183 4_turbulence=289.801885 | other=-506.131405
[phase] step total=1111.524826 ms | 1_momConstruct=0.159930 2_momSolve=255.704407 3_pressureCorr=566.056848 3a_pSolve=506.142781 4_turbulence=289.589333 | other=-506.128473
[turb] t1_grads=42.686411 t2_f1sources=2.263604 t3_diffusiv=1.457425 t4a_omegaCtor=0.173109 t4b_omegaSolve=117.099419 t5a_kCtor=0.192995 t5b_kSolve=117.100611 t6_nutDiff=3.135563
[turb] t1_grads=43.380185 t2_f1sources=1.498651 t3_diffusiv=1.490470 t4a_omegaCtor=0.162664 t4b_omegaSolve=116.998901 t5a_kCtor=0.172698 t5b_kSolve=116.974247 t6_nutDiff=3.054141
[mem] after-turb: DEVICE_POOL current=19500 MB  actual(reserved)=38146 MB  highWater=24788 MB
[phase] step total=1111.612277 ms | 1_momConstruct=0.166809 2_momSolve=255.315583 3_pressureCorr=566.447094 3a_pSolve=506.146226 4_turbulence=289.667400 | other=-506.130835
[phase] step total=1111.612548 ms | 1_momConstruct=0.160671 2_momSolve=255.794761 3_pressureCorr=565.836394 3a_pSolve=506.163400 4_turbulence=289.786664 | other=-506.129342
ExecutionTime = 47.65 s  ClockTime = 48 s

Time = 1055
[mem] step-start: DEVICE_POOL current=19500 MB  actual(reserved)=38146 MB  highWater=24788 MB
Schwarz(Jacobi)+Bicgstab:  Solving for Ux, Initial residual = 8.055810076639777e-05, Final residual = 3.865777190289502e-06, No Iterations 2, Solve time = 41.033 ms
Schwarz(Jacobi)+Bicgstab:  Solving for Uy, Initial residual = 0.004431465666912593, Final residual = 0.0006723039770494604, No Iterations 2, Solve time = 41.033 ms
Schwarz(Jacobi)+Bicgstab:  Solving for Uz, Initial residual = 0.0011365863243750299, Final residual = 7.569606688723994e-05, No Iterations 2, Solve time = 41.033 ms
[mem] after-UEqn: DEVICE_POOL current=19500 MB  actual(reserved)=38146 MB  highWater=24788 MB
config(Cg+Multigrid):  Solving for p, Initial residual = 0.001301019516960137, Final residual = 1.2780667241010565e-05, No Iterations 8, Solve time = 148.068 ms
time step continuity errors : sum local = 3.196682876099833e-06, global = -2.2288806573261357e-08, cumulative = -1.1350374645903745e-07
[mem] after-pEqn: DEVICE_POOL current=19500 MB  actual(reserved)=38146 MB  highWater=24788 MB
Schwarz(Jacobi)+Bicgstab:  Solving for omega, Initial residual = 1.3181239319411893e-05, Final residual = 8.708063402042935e-07, No Iterations 2, Solve time = 14.21 ms
bounding omega, min: -45519.40196357371 max: 45355982.72184932 average: 6371.021066317887
Schwarz(Jacobi)+Bicgstab:  Solving for k, Initial residual = 0.0002531322238031419, Final residual = 1.5253277873163718e-05, No Iterations 2, Solve time = 14.296 ms
bounding k, min: -0.00353368640723864 max: 871.2241457002436 average: 9.132881854941674
[turb] t1_grads=43.379024 t2_f1sources=1.554087 t3_diffusiv=1.458826 t4a_omegaCtor=0.145830 t4b_omegaSolve=117.353238 t5a_kCtor=0.153341 t5b_kSolve=116.137746 t6_nutDiff=2.926576
[phase] step total=1098.066566 ms | 1_momConstruct=0.146832 2_momSolve=243.836513 3_pressureCorr=565.146185 3a_pSolve=505.977244 4_turbulence=288.923797 | other=-505.964005
[turb] t1_grads=43.223780 t2_f1sources=1.597718 t3_diffusiv=1.468510 t4a_omegaCtor=0.170895 t4b_omegaSolve=117.321004 t5a_kCtor=0.167540 t5b_kSolve=116.123006 t6_nutDiff=2.971006
[phase] step total=1098.114111 ms | 1_momConstruct=0.157056 2_momSolve=244.028237 3_pressureCorr=565.063992 3a_pSolve=505.974920 4_turbulence=288.853891 | other=-505.963985
[turb] t1_grads=42.727818 t2_f1sources=1.965193 t3_diffusiv=1.452768 t4a_omegaCtor=0.185034 t4b_omegaSolve=117.503985 t5a_kCtor=0.181049 t5b_kSolve=116.248089 t6_nutDiff=3.088258
[mem] after-turb: DEVICE_POOL current=19500 MB  actual(reserved)=38146 MB  highWater=24788 MB
[phase] step total=1098.157331 ms | 1_momConstruct=0.155093 2_momSolve=243.325531 3_pressureCorr=565.598918 3a_pSolve=505.996800 4_turbulence=289.042220 | other=-505.961231
[turb] t1_grads=43.036883 t2_f1sources=1.492953 t3_diffusiv=1.487957 t4a_omegaCtor=0.158307 t4b_omegaSolve=117.470389 t5a_kCtor=0.177944 t5b_kSolve=116.231846 t6_nutDiff=3.042655
ExecutionTime = 48.74 s  ClockTime = 49 s

[phase] step total=1098.185509 ms | 1_momConstruct=0.158107 2_momSolve=244.005066 3_pressureCorr=565.092251 3a_pSolve=505.983952 4_turbulence=288.915876 | other=-505.969743
Time = 1056
[mem] step-start: DEVICE_POOL current=19500 MB  actual(reserved)=38146 MB  highWater=24788 MB
Schwarz(Jacobi)+Bicgstab:  Solving for Ux, Initial residual = 8.072691325745664e-05, Final residual = 4.102774401245217e-06, No Iterations 2, Solve time = 41.142 ms
Schwarz(Jacobi)+Bicgstab:  Solving for Uy, Initial residual = 0.004398875350166874, Final residual = 0.0008343765064775464, No Iterations 2, Solve time = 41.142 ms
Schwarz(Jacobi)+Bicgstab:  Solving for Uz, Initial residual = 0.001142381673050069, Final residual = 8.394802743362246e-05, No Iterations 2, Solve time = 41.142 ms
[mem] after-UEqn: DEVICE_POOL current=19500 MB  actual(reserved)=38146 MB  highWater=24788 MB
config(Cg+Multigrid):  Solving for p, Initial residual = 0.0012868279501662193, Final residual = 1.2336132700477446e-05, No Iterations 8, Solve time = 147.835 ms
time step continuity errors : sum local = 3.088335629919606e-06, global = -1.7350965563389598e-08, cumulative = -1.3085471202242705e-07
[mem] after-pEqn: DEVICE_POOL current=19500 MB  actual(reserved)=38146 MB  highWater=24788 MB
Schwarz(Jacobi)+Bicgstab:  Solving for omega, Initial residual = 1.3159090541973098e-05, Final residual = 8.660913086348315e-07, No Iterations 2, Solve time = 14.076 ms
bounding omega, min: -43130.87165233366 max: 45355982.77572454 average: 6371.03255267238
Schwarz(Jacobi)+Bicgstab:  Solving for k, Initial residual = 0.0002530532198682246, Final residual = 1.528852895494173e-05, No Iterations 2, Solve time = 14.316 ms
bounding k, min: -0.0017890954058888756 max: 864.3838816325322 average: 9.133478490019307
[turb] t1_grads=43.385612 t2_f1sources=1.532858 t3_diffusiv=1.455772 t4a_omegaCtor=0.138260 t4b_omegaSolve=117.439276 t5a_kCtor=0.154873 t5b_kSolve=117.511846 t6_nutDiff=3.020874
[turb] t1_grads=43.115451 t2_f1sources=1.641178 t3_diffusiv=1.470873 t4a_omegaCtor=0.159640 t4b_omegaSolve=117.414813 t5a_kCtor=0.172357 t5b_kSolve=117.483657 t6_nutDiff=3.010340
[turb] t1_grads=42.708041 t2_f1sources=2.124572 t3_diffusiv=1.461870 t4a_omegaCtor=0.168902 t4b_omegaSolve=117.407913 t5a_kCtor=0.197692 t5b_kSolve=117.579369 t6_nutDiff=3.057956
[mem] after-turb: DEVICE_POOL current=19500 MB  actual(reserved)=38146 MB  highWater=24788 MB
[turb] t1_grads=42.900846 t2_f1sources=1.503308 t3_diffusiv=1.483451 t4a_omegaCtor=0.168391 t4b_omegaSolve=117.600748 t5a_kCtor=0.167530 t5b_kSolve=117.489445 t6_nutDiff=3.100755
Writing p
Writing U
Writing turbulence variables
[phase] step total=3320.809817 ms | 1_momConstruct=0.145500 2_momSolve=242.068973 3_pressureCorr=569.153687 3a_pSolve=510.319215 4_turbulence=290.311817 | other=1708.810625
[phase] step total=3693.933484 ms | 1_momConstruct=0.138690 2_momSolve=241.973311 3_pressureCorr=569.085213 3a_pSolve=510.319295 4_turbulence=290.379579 | other=2082.037396
[phase] step total=3694.556220 ms | 1_momConstruct=0.154092 2_momSolve=241.852685 3_pressureCorr=569.155249 3a_pSolve=510.340004 4_turbulence=290.470966 | other=2082.583224
ExecutionTime = 51.07 s  ClockTime = 52 s

[phase] step total=3694.709180 ms | 1_momConstruct=0.151879 2_momSolve=241.668361 3_pressureCorr=569.540309 3a_pSolve=510.317853 4_turbulence=290.244113 | other=2082.786665
Time = 1057
[mem] step-start: DEVICE_POOL current=19500 MB  actual(reserved)=38146 MB  highWater=24788 MB
Schwarz(Jacobi)+Bicgstab:  Solving for Ux, Initial residual = 8.058502732267356e-05, Final residual = 4.448229861928367e-06, No Iterations 2, Solve time = 40.881 ms
Schwarz(Jacobi)+Bicgstab:  Solving for Uy, Initial residual = 0.0044364086296501265, Final residual = 0.0007665484011422706, No Iterations 2, Solve time = 40.881 ms
Schwarz(Jacobi)+Bicgstab:  Solving for Uz, Initial residual = 0.0011424450763330147, Final residual = 9.234045394525395e-05, No Iterations 2, Solve time = 40.881 ms
[mem] after-UEqn: DEVICE_POOL current=19500 MB  actual(reserved)=38146 MB  highWater=24788 MB
config(Cg+Multigrid):  Solving for p, Initial residual = 0.0013102162312159688, Final residual = 1.2231372469899157e-05, No Iterations 8, Solve time = 141.919 ms
time step continuity errors : sum local = 3.065326804248933e-06, global = -1.8346305698297405e-08, cumulative = -1.4920101772072445e-07
[mem] after-pEqn: DEVICE_POOL current=19500 MB  actual(reserved)=38146 MB  highWater=24788 MB
Schwarz(Jacobi)+Bicgstab:  Solving for omega, Initial residual = 1.3138017063257232e-05, Final residual = 8.656102250844078e-07, No Iterations 2, Solve time = 14.338 ms
bounding omega, min: -41874.95487111825 max: 45355982.84065516 average: 6371.083223858702
Schwarz(Jacobi)+Bicgstab:  Solving for k, Initial residual = 0.0002531116813711095, Final residual = 1.5213430598348185e-05, No Iterations 2, Solve time = 14.321 ms
bounding k, min: -0.0022145441345969435 max: 862.6923654691035 average: 9.134064420131578
[turb] t1_grads=43.320493 t2_f1sources=1.572242 t3_diffusiv=1.458667 t4a_omegaCtor=0.179757 t4b_omegaSolve=116.901827 t5a_kCtor=0.147242 t5b_kSolve=115.317348 t6_nutDiff=2.924873
[phase] step total=1097.766173 ms | 1_momConstruct=0.202579 2_momSolve=241.963628 3_pressureCorr=567.928462 3a_pSolve=509.118654 4_turbulence=287.650356 | other=-509.097506
[turb] t1_grads=43.117093 t2_f1sources=1.725954 t3_diffusiv=1.470022 t4a_omegaCtor=0.157798 t4b_omegaSolve=116.860190 t5a_kCtor=0.168091 t5b_kSolve=115.291522 t6_nutDiff=2.980129
[phase] step total=1097.899116 ms | 1_momConstruct=0.229575 2_momSolve=242.178173 3_pressureCorr=567.870642 3a_pSolve=509.117943 4_turbulence=287.593228 | other=-509.090445
[turb] t1_grads=42.643322 t2_f1sources=2.178546 t3_diffusiv=1.459968 t4a_omegaCtor=0.184003 t4b_omegaSolve=116.923167 t5a_kCtor=0.201717 t5b_kSolve=115.374697 t6_nutDiff=3.110619
[turb] t1_grads=43.199036 t2_f1sources=1.631524 t3_diffusiv=1.491952 t4a_omegaCtor=0.148554 t4b_omegaSolve=116.722150 t5a_kCtor=0.172587 t5b_kSolve=115.282280 t6_nutDiff=3.048844
[mem] after-turb: DEVICE_POOL current=19500 MB  actual(reserved)=38146 MB  highWater=24788 MB
[phase] step total=1097.867252 ms | 1_momConstruct=0.232420 2_momSolve=241.759517 3_pressureCorr=568.009964 3a_pSolve=509.135617 4_turbulence=287.815293 | other=-509.085559
[phase] step total=1097.860412 ms | 1_momConstruct=0.184173 2_momSolve=242.045731 3_pressureCorr=567.952705 3a_pSolve=509.118724 4_turbulence=287.651026 | other=-509.091947
ExecutionTime = 52.15 s  ClockTime = 54 s

Time = 1058
[mem] step-start: DEVICE_POOL current=19500 MB  actual(reserved)=38146 MB  highWater=24788 MB
Schwarz(Jacobi)+Bicgstab:  Solving for Ux, Initial residual = 8.048947534685122e-05, Final residual = 5.047055288967859e-06, No Iterations 3, Solve time = 51.594 ms
Schwarz(Jacobi)+Bicgstab:  Solving for Uy, Initial residual = 0.004497818187543359, Final residual = 0.00013661665572895583, No Iterations 3, Solve time = 51.594 ms
Schwarz(Jacobi)+Bicgstab:  Solving for Uz, Initial residual = 0.0011342495939715537, Final residual = 4.573866114683213e-05, No Iterations 3, Solve time = 51.594 ms
[mem] after-UEqn: DEVICE_POOL current=19500 MB  actual(reserved)=38146 MB  highWater=24788 MB
config(Cg+Multigrid):  Solving for p, Initial residual = 0.0012887750165068066, Final residual = 1.1125598685857602e-05, No Iterations 8, Solve time = 155.414 ms
time step continuity errors : sum local = 2.791081622120796e-06, global = -1.595181532106865e-08, cumulative = -1.651528330417931e-07
[mem] after-pEqn: DEVICE_POOL current=19500 MB  actual(reserved)=38146 MB  highWater=24788 MB
Schwarz(Jacobi)+Bicgstab:  Solving for omega, Initial residual = 1.313867164527234e-05, Final residual = 8.642211979298847e-07, No Iterations 2, Solve time = 14.318 ms
bounding omega, min: -99144.37958816398 max: 45355982.91364788 average: 6371.107158317116
Schwarz(Jacobi)+Bicgstab:  Solving for k, Initial residual = 0.000253466481608755, Final residual = 1.5275737149008733e-05, No Iterations 2, Solve time = 13.976 ms
bounding k, min: -0.0029799384343253688 max: 860.9160396341863 average: 9.13466843179823
[turb] t1_grads=43.219184 t2_f1sources=1.539257 t3_diffusiv=1.460278 t4a_omegaCtor=0.236485 t4b_omegaSolve=116.713639 t5a_kCtor=0.215407 t5b_kSolve=115.530652 t6_nutDiff=2.966630
[phase] step total=1112.276190 ms | 1_momConstruct=0.162414 2_momSolve=251.662378 3_pressureCorr=572.721284 3a_pSolve=513.759147 4_turbulence=287.716396 | other=-513.745429
[turb] t1_grads=42.681675 t2_f1sources=2.150428 t3_diffusiv=1.461490 t4a_omegaCtor=0.204031 t4b_omegaSolve=116.821958 t5a_kCtor=0.229956 t5b_kSolve=115.626843 t6_nutDiff=3.116226
[turb] t1_grads=43.143990 t2_f1sources=1.623964 t3_diffusiv=1.471744 t4a_omegaCtor=0.164126 t4b_omegaSolve=116.791255 t5a_kCtor=0.181960 t5b_kSolve=115.553573 t6_nutDiff=3.039370
[mem] after-turb: DEVICE_POOL current=19500 MB  actual(reserved)=38146 MB  highWater=24788 MB
[phase] step total=1112.338756 ms | 1_momConstruct=0.168211 2_momSolve=251.858277 3_pressureCorr=572.260110 3a_pSolve=513.747371 4_turbulence=288.018332 | other=-513.713545
[phase] step total=1112.352455 ms | 1_momConstruct=0.162414 2_momSolve=251.927312 3_pressureCorr=572.451983 3a_pSolve=513.728385 4_turbulence=287.799661 | other=-513.717300
[turb] t1_grads=42.998090 t2_f1sources=1.605769 t3_diffusiv=1.493154 t4a_omegaCtor=0.156536 t4b_omegaSolve=116.811884 t5a_kCtor=0.171626 t5b_kSolve=115.565119 t6_nutDiff=3.072015
ExecutionTime = 53.25 s  ClockTime = 55 s

[phase] step total=1112.376878 ms | 1_momConstruct=0.164686 2_momSolve=251.581537 3_pressureCorr=572.795416 3a_pSolve=513.730568 4_turbulence=287.822092 | other=-513.717421
Finalizing NeoN
Finalising parallel run
