/*---------------------------------------------------------------------------*\
| =========                 |                                                 |
| \\      /  F ield         | OpenFOAM: The Open Source CFD Toolbox           |
|  \\    /   O peration     | Version:  2506                                  |
|   \\  /    A nd           | Website:  www.openfoam.com                      |
|    \\/     M anipulation  |                                                 |
\*---------------------------------------------------------------------------*/
Build  : b050cd9480-20250814 OPENFOAM=2506 version=v2506
Arch   : "LSB;label=32;scalar=64"
Exec   : /storage/home/greole/code/NeoFOAM/build/profilingnvidia_h200/bin/neoSimpleFoam -parallel
Date   : Jun 27 2026
Time   : 20:19:32
Host   : gpu-nvidia-h200-3.int.coma-cluster.de
PID    : 3843672
I/O    : uncollated
Case   : /storage/home/greole/code/NeoFOAM/occDrivAerStaticMesh
nProcs : 4
Hosts  :
(
    (gpu-nvidia-h200-3.int.coma-cluster.de 4)
)
Pstream initialized with:
    node communication : off [type=host] (4 ranks, 1 nodes)
    topology controls  : none
    consensus exchange : 0 (tuning: 0)
    exchange algorithm : 0
    commsType          : nonBlocking
    polling iterations : 0
trapFpe: Floating point exception trapping enabled (FOAM_SIGFPE).
fileModificationChecking : Monitoring run-time modified files using timeStampMaster (fileModificationSkew 5, maxFileModificationPolls 20)
allowSystemOperations : Allowing user-supplied system call operations

// * * * * * * * * * * * * * * * * * * * * * * * * * * * * * * * * * * * * * //
Create time

Initializing NeoN
Creating Executor GPU
Creating NeoFOAM runTime

SIMPLE: no convergence criteria found. Calculations will run for 30 steps.

Reading field p

Reading field U

Reading/calculating face flux field phi

Selecting incompressible transport model Newtonian
NeoFOAM solver config (from fvSolution configFile) for 'config(Fcg+Multigrid)':
{
    configFile: <NeoN::TokenList>
    l1ScaledResidual: true
    relTol: 0.010000
    reportName: config(Fcg+Multigrid)
    solver: Ginkgo
    tolerance: 0.000000
}
    effective optimize: false
    effective checkFrequency: 1
Mapping OpenFOAM solver settings to NeoN settings.
Currently, it is advisable to specify a configFile
for fine grained Ginkgo solver control

Replacing solver PBiCGStab by solver::Bicgstab
Replacing preconditioner diagonal by preconditioner::Schwarz (Schwarz-wrapped for distributed run)
NeoFOAM solver config (mapped from fvSolution) for 'Schwarz(Jacobi)+Bicgstab':
{
    criteria: {
        absolute_residual_norm: 0.000000
        initial_residual_norm: 0.100000
        iteration: 1000
    }
    l1ScaledResidual: true
    preconditioner: {
        local_solver: {
            max_block_size: 1
            type: preconditioner::Jacobi
        }
        type: preconditioner::Schwarz
    }
    reportName: Schwarz(Jacobi)+Bicgstab
    solver: Ginkgo
    type: solver::Bicgstab
}
    effective optimize: false
    effective checkFrequency: 1
Creating phi

[NF][/storage/home/greole/code/NeoFOAM/include/NeoFOAM/auxiliary/readers.hpp::434]: Internal: 49333487, Boundary: 1754396

[NF][/storage/home/greole/code/NeoFOAM/include/NeoFOAM/auxiliary/readers.hpp::434]: Internal: 49320882, Boundary: 1762558

[NF][/storage/home/greole/code/NeoFOAM/include/NeoFOAM/auxiliary/readers.hpp::434]: Internal: 49261542, Boundary: 1427829

[NF][/storage/home/greole/code/NeoFOAM/include/NeoFOAM/auxiliary/readers.hpp::434]: Internal: 49243125, Boundary: 1362247
Selecting patchDistMethod meshWave
Mapping OpenFOAM solver settings to NeoN settings.
Currently, it is advisable to specify a configFile
for fine grained Ginkgo solver control

Replacing solver PBiCGStab by solver::Bicgstab
Replacing preconditioner diagonal by preconditioner::Schwarz (Schwarz-wrapped for distributed run)
NeoFOAM solver config (mapped from fvSolution) for 'Schwarz(Jacobi)+Bicgstab':
{
    criteria: {
        absolute_residual_norm: 0.000000
        initial_residual_norm: 0.100000
        iteration: 1000
    }
    l1ScaledResidual: true
    preconditioner: {
        local_solver: {
            max_block_size: 1
            type: preconditioner::Jacobi
        }
        type: preconditioner::Schwarz
    }
    reportName: Schwarz(Jacobi)+Bicgstab
    solver: Ginkgo
    type: solver::Bicgstab
}
    effective optimize: false
    effective checkFrequency: 1
Mapping OpenFOAM solver settings to NeoN settings.
Currently, it is advisable to specify a configFile
for fine grained Ginkgo solver control

Replacing solver PBiCGStab by solver::Bicgstab
Replacing preconditioner diagonal by preconditioner::Schwarz (Schwarz-wrapped for distributed run)
NeoFOAM solver config (mapped from fvSolution) for 'Schwarz(Jacobi)+Bicgstab':
{
    criteria: {
        absolute_residual_norm: 0.000000
        initial_residual_norm: 0.100000
        iteration: 1000
    }
    l1ScaledResidual: true
    preconditioner: {
        local_solver: {
            max_block_size: 1
            type: preconditioner::Jacobi
        }
        type: preconditioner::Schwarz
    }
    reportName: Schwarz(Jacobi)+Bicgstab
    solver: Ginkgo
    type: solver::Bicgstab
}
    effective optimize: false
    effective checkFrequency: 1
Starting time loop
Time = 1
Schwarz(Jacobi)+Bicgstab:  Solving for Ux, Initial residual = 0.0019433214341787416, Final residual = 0.00011498225583479056, No Iterations 4, Solve time = 97.087 ms
Schwarz(Jacobi)+Bicgstab:  Solving for Uy, Initial residual = 0.1648822856938226, Final residual = 0.016385705511703128, No Iterations 2, Solve time = 48.929 ms
Schwarz(Jacobi)+Bicgstab:  Solving for Uz, Initial residual = 0.104784120168362, Final residual = 0.004988138622361892, No Iterations 3, Solve time = 62.511 ms
config(Fcg+Multigrid):  Solving for p, Initial residual = 1, Final residual = 0.009656049700264522, No Iterations 37, Solve time = 3649.99 ms
time step continuity errors : sum local = 6.546864454105961e-05, global = -6.028102650672958e-07, cumulative = -6.028102650672958e-07
Schwarz(Jacobi)+Bicgstab:  Solving for omega, Initial residual = 1, Final residual = 0.030748434367471288, No Iterations 1, Solve time = 34.589 ms
bounding omega, min: -52.86422691450804 max: 46109478.8705947 average: 2443.523222321955
Schwarz(Jacobi)+Bicgstab:  Solving for k, Initial residual = 0.999999999999973, Final residual = 0.04385974261862334, No Iterations 1, Solve time = 34.94 ms
ExecutionTime = 44.88 s  ClockTime = 46 s

Time = 2
Schwarz(Jacobi)+Bicgstab:  Solving for Ux, Initial residual = 0.001257352486365009, Final residual = 0.00011373273204612808, No Iterations 4, Solve time = 77.862 ms
Schwarz(Jacobi)+Bicgstab:  Solving for Uy, Initial residual = 0.06755579154883617, Final residual = 0.003463081242327843, No Iterations 4, Solve time = 78.251 ms
Schwarz(Jacobi)+Bicgstab:  Solving for Uz, Initial residual = 0.040643705222183316, Final residual = 0.0035757019729404055, No Iterations 3, Solve time = 63.322 ms
config(Fcg+Multigrid):  Solving for p, Initial residual = 0.04113338962348183, Final residual = 0.00037749623730633176, No Iterations 37, Solve time = 3628.255 ms
time step continuity errors : sum local = 4.044600703484705e-05, global = 1.1187739046083958e-06, cumulative = 5.159636395411e-07
Schwarz(Jacobi)+Bicgstab:  Solving for omega, Initial residual = 0.008193521401609387, Final residual = 0.0004779760064471122, No Iterations 1, Solve time = 32.743 ms
bounding omega, min: -1938.312190688317 max: 45305769.95536233 average: 2706.3877089407424
Schwarz(Jacobi)+Bicgstab:  Solving for k, Initial residual = 0.07498885914345638, Final residual = 0.0044541251435960055, No Iterations 1, Solve time = 32.692 ms
ExecutionTime = 53.73 s  ClockTime = 55 s

Time = 3
Schwarz(Jacobi)+Bicgstab:  Solving for Ux, Initial residual = 0.0008055113286939912, Final residual = 5.928743807239718e-05, No Iterations 4, Solve time = 79.297 ms
Schwarz(Jacobi)+Bicgstab:  Solving for Uy, Initial residual = 0.03321975954983667, Final residual = 0.002487715446228158, No Iterations 4, Solve time = 78.127 ms
Schwarz(Jacobi)+Bicgstab:  Solving for Uz, Initial residual = 0.018730132385274014, Final residual = 0.0016114383934979532, No Iterations 4, Solve time = 78.621 ms
config(Fcg+Multigrid):  Solving for p, Initial residual = 0.018497293369797566, Final residual = 0.0001755736658683615, No Iterations 36, Solve time = 3519.236 ms
time step continuity errors : sum local = 3.414847613947245e-05, global = 1.2161825531821005e-06, cumulative = 1.7321461927232005e-06
Schwarz(Jacobi)+Bicgstab:  Solving for omega, Initial residual = 0.0035193618339820825, Final residual = 0.0002896946599065227, No Iterations 1, Solve time = 32.683 ms
bounding omega, min: -11.962120874180382 max: 45385673.322055034 average: 3319.471382894232
Schwarz(Jacobi)+Bicgstab:  Solving for k, Initial residual = 0.014015308136621154, Final residual = 0.0010066696967668863, No Iterations 1, Solve time = 32.973 ms
ExecutionTime = 62.52 s  ClockTime = 63 s

Time = 4
Schwarz(Jacobi)+Bicgstab:  Solving for Ux, Initial residual = 0.0005712030270523413, Final residual = 3.820869398991522e-05, No Iterations 4, Solve time = 77.36 ms
Schwarz(Jacobi)+Bicgstab:  Solving for Uy, Initial residual = 0.020575966479470825, Final residual = 0.0006006513855032512, No Iterations 5, Solve time = 91.75 ms
Schwarz(Jacobi)+Bicgstab:  Solving for Uz, Initial residual = 0.011004067701781799, Final residual = 0.0007877428434995342, No Iterations 4, Solve time = 77.516 ms
config(Fcg+Multigrid):  Solving for p, Initial residual = 0.012805781718404612, Final residual = 0.00012352641176458114, No Iterations 41, Solve time = 3997.108 ms
time step continuity errors : sum local = 3.1587809447102195e-05, global = -3.0491120920675533e-07, cumulative = 1.4272349835164451e-06
Schwarz(Jacobi)+Bicgstab:  Solving for omega, Initial residual = 0.0017254390219628452, Final residual = 4.8260752217457114e-05, No Iterations 2, Solve time = 47.458 ms
Schwarz(Jacobi)+Bicgstab:  Solving for k, Initial residual = 0.004642255796641376, Final residual = 0.00039325944719998236, No Iterations 1, Solve time = 32.644 ms
ExecutionTime = 71.76000000000001 s  ClockTime = 73 s

Time = 5
Schwarz(Jacobi)+Bicgstab:  Solving for Ux, Initial residual = 0.0004900018024729506, Final residual = 3.933345532359158e-05, No Iterations 4, Solve time = 77.409 ms
Schwarz(Jacobi)+Bicgstab:  Solving for Uy, Initial residual = 0.01836549620131488, Final residual = 0.0005741201613677738, No Iterations 5, Solve time = 92.037 ms
Schwarz(Jacobi)+Bicgstab:  Solving for Uz, Initial residual = 0.008431955441207712, Final residual = 0.0005482720522720795, No Iterations 6, Solve time = 106.228 ms
config(Fcg+Multigrid):  Solving for p, Initial residual = 0.010885074357834382, Final residual = 0.00010491405435450719, No Iterations 39, Solve time = 3815.909 ms
time step continuity errors : sum local = 2.9309696253757553e-05, global = 6.187111292659236e-07, cumulative = 2.0459461127823685e-06
Schwarz(Jacobi)+Bicgstab:  Solving for omega, Initial residual = 0.0009955484795609961, Final residual = 9.817306963954556e-05, No Iterations 1, Solve time = 32.444 ms
Schwarz(Jacobi)+Bicgstab:  Solving for k, Initial residual = 0.002352619606891183, Final residual = 0.0002230318852382497, No Iterations 1, Solve time = 32.081 ms
ExecutionTime = 80.81999999999999 s  ClockTime = 82 s

Time = 6
Schwarz(Jacobi)+Bicgstab:  Solving for Ux, Initial residual = 0.00043766734334387295, Final residual = 3.736751560336947e-05, No Iterations 4, Solve time = 77.462 ms
Schwarz(Jacobi)+Bicgstab:  Solving for Uy, Initial residual = 0.017646373905729287, Final residual = 0.0009985168944806862, No Iterations 4, Solve time = 77.716 ms
Schwarz(Jacobi)+Bicgstab:  Solving for Uz, Initial residual = 0.006857752938703758, Final residual = 0.00047227310060485273, No Iterations 4, Solve time = 78.321 ms
config(Fcg+Multigrid):  Solving for p, Initial residual = 0.011438282465495083, Final residual = 9.967325190175788e-05, No Iterations 37, Solve time = 3624.343 ms
time step continuity errors : sum local = 2.722081587086301e-05, global = 7.560132557189667e-07, cumulative = 2.801959368501335e-06
Schwarz(Jacobi)+Bicgstab:  Solving for omega, Initial residual = 0.0006247718672198123, Final residual = 2.427438793624461e-05, No Iterations 2, Solve time = 47.233 ms
Schwarz(Jacobi)+Bicgstab:  Solving for k, Initial residual = 0.0016207366183656968, Final residual = 0.00015398366257360065, No Iterations 1, Solve time = 32.79 ms
ExecutionTime = 89.69 s  ClockTime = 91 s

Time = 7
Schwarz(Jacobi)+Bicgstab:  Solving for Ux, Initial residual = 0.0003768747982947929, Final residual = 2.291134439916557e-05, No Iterations 5, Solve time = 92.67 ms
Schwarz(Jacobi)+Bicgstab:  Solving for Uy, Initial residual = 0.015052003505041683, Final residual = 0.0008144689775018484, No Iterations 4, Solve time = 77.735 ms
Schwarz(Jacobi)+Bicgstab:  Solving for Uz, Initial residual = 0.005219744385720795, Final residual = 0.000367459061627019, No Iterations 4, Solve time = 77.413 ms
config(Fcg+Multigrid):  Solving for p, Initial residual = 0.012464104802316635, Final residual = 0.00011829008265772994, No Iterations 34, Solve time = 3351.72 ms
time step continuity errors : sum local = 2.9296095773659415e-05, global = 8.413338518549214e-07, cumulative = 3.6432932203562564e-06
Schwarz(Jacobi)+Bicgstab:  Solving for omega, Initial residual = 0.0004898496236548375, Final residual = 1.518427747584087e-05, No Iterations 2, Solve time = 47.182 ms
Schwarz(Jacobi)+Bicgstab:  Solving for k, Initial residual = 0.0011570352944045665, Final residual = 2.3973824170816154e-05, No Iterations 3, Solve time = 61.28 ms
ExecutionTime = 98.29000000000001 s  ClockTime = 99 s

Time = 8
Schwarz(Jacobi)+Bicgstab:  Solving for Ux, Initial residual = 0.00031889946868410225, Final residual = 1.7199231786021236e-05, No Iterations 5, Solve time = 92.613 ms
Schwarz(Jacobi)+Bicgstab:  Solving for Uy, Initial residual = 0.011450081630214711, Final residual = 0.0010055733802917092, No Iterations 4, Solve time = 77.873 ms
Schwarz(Jacobi)+Bicgstab:  Solving for Uz, Initial residual = 0.0037331166181915534, Final residual = 0.00028532246120641016, No Iterations 4, Solve time = 77.491 ms
config(Fcg+Multigrid):  Solving for p, Initial residual = 0.013387526989928561, Final residual = 0.00012769206247080226, No Iterations 30, Solve time = 2961.874 ms
time step continuity errors : sum local = 2.7617733698305026e-05, global = 5.988910306630436e-07, cumulative = 4.2421842510193e-06
Schwarz(Jacobi)+Bicgstab:  Solving for omega, Initial residual = 0.00035958683577502027, Final residual = 1.240341878066206e-05, No Iterations 2, Solve time = 47.48 ms
Schwarz(Jacobi)+Bicgstab:  Solving for k, Initial residual = 0.000863492181759771, Final residual = 5.2736735658634566e-05, No Iterations 2, Solve time = 46.435 ms
ExecutionTime = 106.51 s  ClockTime = 108 s

Time = 9
Schwarz(Jacobi)+Bicgstab:  Solving for Ux, Initial residual = 0.0002744776287111837, Final residual = 1.844776485972213e-05, No Iterations 4, Solve time = 78.544 ms
Schwarz(Jacobi)+Bicgstab:  Solving for Uy, Initial residual = 0.009329840144247498, Final residual = 0.0005319436224252246, No Iterations 4, Solve time = 77.929 ms
Schwarz(Jacobi)+Bicgstab:  Solving for Uz, Initial residual = 0.0027358543090879165, Final residual = 0.00019049353616611448, No Iterations 4, Solve time = 77.435 ms
config(Fcg+Multigrid):  Solving for p, Initial residual = 0.01408657927765907, Final residual = 0.00012975618278975896, No Iterations 33, Solve time = 3242.997 ms
time step continuity errors : sum local = 2.438149218825257e-05, global = -9.761980562562938e-07, cumulative = 3.2659861947630063e-06
Schwarz(Jacobi)+Bicgstab:  Solving for omega, Initial residual = 0.0002778509719905946, Final residual = 1.060633746271219e-05, No Iterations 2, Solve time = 46.286 ms
Schwarz(Jacobi)+Bicgstab:  Solving for k, Initial residual = 0.0006639391878556306, Final residual = 3.879349565809598e-05, No Iterations 2, Solve time = 46.195 ms
ExecutionTime = 115 s  ClockTime = 116 s

Time = 10
Schwarz(Jacobi)+Bicgstab:  Solving for Ux, Initial residual = 0.00025388642873902024, Final residual = 1.1992915721290777e-05, No Iterations 4, Solve time = 77.07 ms
Schwarz(Jacobi)+Bicgstab:  Solving for Uy, Initial residual = 0.009889220897970421, Final residual = 0.0005540430953732182, No Iterations 4, Solve time = 77.479 ms
Schwarz(Jacobi)+Bicgstab:  Solving for Uz, Initial residual = 0.002536905452536856, Final residual = 0.00020127775717389076, No Iterations 4, Solve time = 77.022 ms
config(Fcg+Multigrid):  Solving for p, Initial residual = 0.014099940860321401, Final residual = 0.00014079999378510872, No Iterations 35, Solve time = 3427.911 ms
time step continuity errors : sum local = 2.4360524205036845e-05, global = -1.929820576327571e-06, cumulative = 1.336165618435435e-06
Schwarz(Jacobi)+Bicgstab:  Solving for omega, Initial residual = 0.00022446396622350268, Final residual = 9.205945406231614e-06, No Iterations 2, Solve time = 47.062 ms
Schwarz(Jacobi)+Bicgstab:  Solving for k, Initial residual = 0.0005256386674786109, Final residual = 3.2723481217779354e-05, No Iterations 2, Solve time = 48.086 ms
ExecutionTime = 123.64 s  ClockTime = 125 s

Time = 11
Schwarz(Jacobi)+Bicgstab:  Solving for Ux, Initial residual = 0.00024279297596550901, Final residual = 1.2438264102822826e-05, No Iterations 4, Solve time = 78.518 ms
Schwarz(Jacobi)+Bicgstab:  Solving for Uy, Initial residual = 0.01080395278472943, Final residual = 0.0004728547982439203, No Iterations 6, Solve time = 106.319 ms
Schwarz(Jacobi)+Bicgstab:  Solving for Uz, Initial residual = 0.0025835968856441714, Final residual = 0.00018634882145131837, No Iterations 4, Solve time = 77.87 ms
config(Fcg+Multigrid):  Solving for p, Initial residual = 0.013663729188342197, Final residual = 0.0001317485951051073, No Iterations 36, Solve time = 3546.462 ms
time step continuity errors : sum local = 2.322965439700562e-05, global = -1.5620087154893328e-06, cumulative = -2.2584309705389774e-07
Schwarz(Jacobi)+Bicgstab:  Solving for omega, Initial residual = 0.00018503755573087965, Final residual = 8.084850615154169e-06, No Iterations 2, Solve time = 47.004 ms
Schwarz(Jacobi)+Bicgstab:  Solving for k, Initial residual = 0.00043837341848380424, Final residual = 2.8251546130841675e-05, No Iterations 2, Solve time = 47.005 ms
ExecutionTime = 132.48 s  ClockTime = 134 s

Time = 12
Schwarz(Jacobi)+Bicgstab:  Solving for Ux, Initial residual = 0.0002301492665241263, Final residual = 1.9941100433286922e-05, No Iterations 4, Solve time = 78.404 ms
Schwarz(Jacobi)+Bicgstab:  Solving for Uy, Initial residual = 0.010789856930615212, Final residual = 0.0006787257162557814, No Iterations 4, Solve time = 76.702 ms
Schwarz(Jacobi)+Bicgstab:  Solving for Uz, Initial residual = 0.002513564163866146, Final residual = 0.00016600226201783698, No Iterations 4, Solve time = 78.084 ms
config(Fcg+Multigrid):  Solving for p, Initial residual = 0.012513668145495298, Final residual = 0.00011604860856719948, No Iterations 36, Solve time = 3537.594 ms
time step continuity errors : sum local = 2.252079185414712e-05, global = -1.133987268765759e-06, cumulative = -1.3598303658196567e-06
Schwarz(Jacobi)+Bicgstab:  Solving for omega, Initial residual = 0.00015603969691008087, Final residual = 7.1330659578536275e-06, No Iterations 2, Solve time = 46.428 ms
Schwarz(Jacobi)+Bicgstab:  Solving for k, Initial residual = 0.00038662371552886543, Final residual = 2.5637975916657445e-05, No Iterations 2, Solve time = 46.925 ms
ExecutionTime = 141.28 s  ClockTime = 143 s

Time = 13
Schwarz(Jacobi)+Bicgstab:  Solving for Ux, Initial residual = 0.0002170513785666124, Final residual = 1.9601866342116797e-05, No Iterations 3, Solve time = 64.364 ms
Schwarz(Jacobi)+Bicgstab:  Solving for Uy, Initial residual = 0.010097868475493897, Final residual = 0.0010064321131708959, No Iterations 3, Solve time = 63.664 ms
Schwarz(Jacobi)+Bicgstab:  Solving for Uz, Initial residual = 0.0023217382136441487, Final residual = 0.00017518127212967096, No Iterations 4, Solve time = 78.123 ms
config(Fcg+Multigrid):  Solving for p, Initial residual = 0.010885041386792423, Final residual = 0.0001064296748714982, No Iterations 32, Solve time = 3150.876 ms
time step continuity errors : sum local = 2.3347672480873442e-05, global = -7.99532553051874e-07, cumulative = -2.1593629188715304e-06
Schwarz(Jacobi)+Bicgstab:  Solving for omega, Initial residual = 0.0001348524248131325, Final residual = 6.4012466180636055e-06, No Iterations 2, Solve time = 46.972 ms
Schwarz(Jacobi)+Bicgstab:  Solving for k, Initial residual = 0.0003664716174905478, Final residual = 2.5816131743425446e-05, No Iterations 2, Solve time = 47.026 ms
ExecutionTime = 149.67 s  ClockTime = 151 s

Time = 14
Schwarz(Jacobi)+Bicgstab:  Solving for Ux, Initial residual = 0.00020680608967585965, Final residual = 1.1967422388569727e-05, No Iterations 4, Solve time = 77.987 ms
Schwarz(Jacobi)+Bicgstab:  Solving for Uy, Initial residual = 0.009255087245877052, Final residual = 0.0005793106961171541, No Iterations 4, Solve time = 77.383 ms
Schwarz(Jacobi)+Bicgstab:  Solving for Uz, Initial residual = 0.0021119838536143892, Final residual = 0.0001448275751415412, No Iterations 4, Solve time = 77.863 ms
config(Fcg+Multigrid):  Solving for p, Initial residual = 0.00939300358086522, Final residual = 8.948708743625975e-05, No Iterations 31, Solve time = 3055.57 ms
time step continuity errors : sum local = 2.195398841518215e-05, global = 1.4892068328410592e-07, cumulative = -2.0104422355874244e-06
Schwarz(Jacobi)+Bicgstab:  Solving for omega, Initial residual = 0.00012035316865208094, Final residual = 5.863771943346574e-06, No Iterations 2, Solve time = 46.851 ms
Schwarz(Jacobi)+Bicgstab:  Solving for k, Initial residual = 0.0003591807858927114, Final residual = 2.8443222674118102e-05, No Iterations 2, Solve time = 46.313 ms
ExecutionTime = 157.93 s  ClockTime = 160 s

Time = 15
Schwarz(Jacobi)+Bicgstab:  Solving for Ux, Initial residual = 0.00019810929697628362, Final residual = 9.489540803012803e-06, No Iterations 4, Solve time = 77.936 ms
Schwarz(Jacobi)+Bicgstab:  Solving for Uy, Initial residual = 0.008567926350562983, Final residual = 0.0007774153945244025, No Iterations 3, Solve time = 63.736 ms
Schwarz(Jacobi)+Bicgstab:  Solving for Uz, Initial residual = 0.0019449574976591656, Final residual = 0.0001808704111033777, No Iterations 3, Solve time = 64.046 ms
config(Fcg+Multigrid):  Solving for p, Initial residual = 0.008297120746261408, Final residual = 8.175065761184094e-05, No Iterations 29, Solve time = 2878.347 ms
time step continuity errors : sum local = 2.1899455973209804e-05, global = 4.6581427331329287e-07, cumulative = -1.5446279622741316e-06
Schwarz(Jacobi)+Bicgstab:  Solving for omega, Initial residual = 0.00010981757772799023, Final residual = 5.425989547676825e-06, No Iterations 2, Solve time = 46.803 ms
Schwarz(Jacobi)+Bicgstab:  Solving for k, Initial residual = 0.0003540901481409648, Final residual = 9.406126422041927e-06, No Iterations 3, Solve time = 61.601 ms
ExecutionTime = 166.06 s  ClockTime = 168 s

Time = 16
Schwarz(Jacobi)+Bicgstab:  Solving for Ux, Initial residual = 0.0001907845683541918, Final residual = 7.958247574112038e-06, No Iterations 4, Solve time = 77.93 ms
Schwarz(Jacobi)+Bicgstab:  Solving for Uy, Initial residual = 0.008223360867988569, Final residual = 0.000742611157462859, No Iterations 3, Solve time = 63.155 ms
Schwarz(Jacobi)+Bicgstab:  Solving for Uz, Initial residual = 0.0018779878522334828, Final residual = 0.00017687160058661494, No Iterations 3, Solve time = 61.398 ms
config(Fcg+Multigrid):  Solving for p, Initial residual = 0.007675302247223509, Final residual = 7.124926667610991e-05, No Iterations 26, Solve time = 2583.844 ms
time step continuity errors : sum local = 2.0162587569313107e-05, global = 4.1746279177351106e-07, cumulative = -1.1271651705006207e-06
Schwarz(Jacobi)+Bicgstab:  Solving for omega, Initial residual = 0.00010121040423095618, Final residual = 5.1187728111871474e-06, No Iterations 2, Solve time = 47.29 ms
Schwarz(Jacobi)+Bicgstab:  Solving for k, Initial residual = 0.0003516013686325431, Final residual = 2.6799447322274425e-05, No Iterations 2, Solve time = 47.243 ms
ExecutionTime = 173.81 s  ClockTime = 176 s

Time = 17
Schwarz(Jacobi)+Bicgstab:  Solving for Ux, Initial residual = 0.00018340002935659497, Final residual = 7.279803647896796e-06, No Iterations 4, Solve time = 77.77 ms
Schwarz(Jacobi)+Bicgstab:  Solving for Uy, Initial residual = 0.007985810986057119, Final residual = 0.0007021051054614314, No Iterations 3, Solve time = 63.775 ms
Schwarz(Jacobi)+Bicgstab:  Solving for Uz, Initial residual = 0.001820477425777867, Final residual = 0.00016955731725900434, No Iterations 3, Solve time = 64.766 ms
config(Fcg+Multigrid):  Solving for p, Initial residual = 0.00732273716198516, Final residual = 7.212074928510908e-05, No Iterations 24, Solve time = 2400.665 ms
time step continuity errors : sum local = 2.104290822331635e-05, global = -1.9447459881830227e-07, cumulative = -1.3216397693189229e-06
Schwarz(Jacobi)+Bicgstab:  Solving for omega, Initial residual = 9.427898089296957e-05, Final residual = 4.797737446087708e-06, No Iterations 2, Solve time = 46.582 ms
Schwarz(Jacobi)+Bicgstab:  Solving for k, Initial residual = 0.0003499447673529942, Final residual = 8.351354323406351e-06, No Iterations 3, Solve time = 61.282 ms
ExecutionTime = 181.48 s  ClockTime = 183 s

Time = 18
Schwarz(Jacobi)+Bicgstab:  Solving for Ux, Initial residual = 0.0001757159316913885, Final residual = 7.118785643431965e-06, No Iterations 4, Solve time = 77.985 ms
Schwarz(Jacobi)+Bicgstab:  Solving for Uy, Initial residual = 0.007704633849352551, Final residual = 0.0006621174039552412, No Iterations 3, Solve time = 62.997 ms
Schwarz(Jacobi)+Bicgstab:  Solving for Uz, Initial residual = 0.0017541369026080726, Final residual = 0.00016175461492743252, No Iterations 3, Solve time = 63.266 ms
config(Fcg+Multigrid):  Solving for p, Initial residual = 0.007055876747545638, Final residual = 6.384970153574885e-05, No Iterations 25, Solve time = 2493.11 ms
time step continuity errors : sum local = 1.8950403264981964e-05, global = 3.088764466859404e-07, cumulative = -1.0127633226329824e-06
Schwarz(Jacobi)+Bicgstab:  Solving for omega, Initial residual = 8.814306266838857e-05, Final residual = 4.600252714756961e-06, No Iterations 2, Solve time = 46.986 ms
Schwarz(Jacobi)+Bicgstab:  Solving for k, Initial residual = 0.0003500826516751651, Final residual = 3.003458748993382e-05, No Iterations 2, Solve time = 47.469 ms
ExecutionTime = 189.15 s  ClockTime = 191 s

Time = 19
Schwarz(Jacobi)+Bicgstab:  Solving for Ux, Initial residual = 0.00016848452907826966, Final residual = 1.4933698447925619e-05, No Iterations 3, Solve time = 63.945 ms
Schwarz(Jacobi)+Bicgstab:  Solving for Uy, Initial residual = 0.007435226620572625, Final residual = 0.0006298302930032138, No Iterations 3, Solve time = 63.681 ms
Schwarz(Jacobi)+Bicgstab:  Solving for Uz, Initial residual = 0.0017102186283316715, Final residual = 0.000155200872352699, No Iterations 3, Solve time = 62.18 ms
config(Fcg+Multigrid):  Solving for p, Initial residual = 0.006817012832443416, Final residual = 6.593655362123187e-05, No Iterations 25, Solve time = 2494.17 ms
time step continuity errors : sum local = 1.9832595118961275e-05, global = 6.2337863027169e-07, cumulative = -3.8938469236129246e-07
Schwarz(Jacobi)+Bicgstab:  Solving for omega, Initial residual = 8.315567271297498e-05, Final residual = 4.404672073306791e-06, No Iterations 2, Solve time = 47.034 ms
Schwarz(Jacobi)+Bicgstab:  Solving for k, Initial residual = 0.0003504519109356265, Final residual = 8.597069637425874e-06, No Iterations 3, Solve time = 62.045 ms
ExecutionTime = 196.86 s  ClockTime = 199 s

Time = 20
Schwarz(Jacobi)+Bicgstab:  Solving for Ux, Initial residual = 0.0001635077418141915, Final residual = 6.698212643141837e-06, No Iterations 4, Solve time = 78.626 ms
Schwarz(Jacobi)+Bicgstab:  Solving for Uy, Initial residual = 0.007279793110616211, Final residual = 0.0006031346434023874, No Iterations 3, Solve time = 63.554 ms
Schwarz(Jacobi)+Bicgstab:  Solving for Uz, Initial residual = 0.0017020050649176497, Final residual = 0.00015032249825271037, No Iterations 3, Solve time = 62.656 ms
config(Fcg+Multigrid):  Solving for p, Initial residual = 0.0065755249939092545, Final residual = 6.518974292780051e-05, No Iterations 25, Solve time = 2500.54 ms
time step continuity errors : sum local = 1.9847598479033592e-05, global = 8.708837300552446e-07, cumulative = 4.814990376939521e-07
Schwarz(Jacobi)+Bicgstab:  Solving for omega, Initial residual = 7.809705988594156e-05, Final residual = 4.202789307460657e-06, No Iterations 2, Solve time = 47.246 ms
Schwarz(Jacobi)+Bicgstab:  Solving for k, Initial residual = 0.0003509112314271295, Final residual = 8.282107101028575e-06, No Iterations 3, Solve time = 61.327 ms
ExecutionTime = 204.63 s  ClockTime = 207 s

Time = 21
Schwarz(Jacobi)+Bicgstab:  Solving for Ux, Initial residual = 0.00015925854294150432, Final residual = 1.2300598946570174e-05, No Iterations 4, Solve time = 77.658 ms
Schwarz(Jacobi)+Bicgstab:  Solving for Uy, Initial residual = 0.007243928301782577, Final residual = 0.0005914142782615428, No Iterations 3, Solve time = 62.985 ms
Schwarz(Jacobi)+Bicgstab:  Solving for Uz, Initial residual = 0.0017177759077160427, Final residual = 0.00014671113643151731, No Iterations 3, Solve time = 63.087 ms
config(Fcg+Multigrid):  Solving for p, Initial residual = 0.006346387341963569, Final residual = 6.33267081349748e-05, No Iterations 25, Solve time = 2499.863 ms
time step continuity errors : sum local = 1.954367402729967e-05, global = 1.0152235299232667e-06, cumulative = 1.4967225676172187e-06
Schwarz(Jacobi)+Bicgstab:  Solving for omega, Initial residual = 7.36969085511181e-05, Final residual = 4.0324579500301316e-06, No Iterations 2, Solve time = 47.495 ms
Schwarz(Jacobi)+Bicgstab:  Solving for k, Initial residual = 0.00035190933082258755, Final residual = 8.4205868558485e-06, No Iterations 3, Solve time = 62.07 ms
ExecutionTime = 212.33 s  ClockTime = 214 s

Time = 22
Schwarz(Jacobi)+Bicgstab:  Solving for Ux, Initial residual = 0.00015643038129122306, Final residual = 9.920455435354108e-06, No Iterations 3, Solve time = 63.083 ms
Schwarz(Jacobi)+Bicgstab:  Solving for Uy, Initial residual = 0.007224415047312637, Final residual = 0.000580687210919267, No Iterations 3, Solve time = 63.37 ms
Schwarz(Jacobi)+Bicgstab:  Solving for Uz, Initial residual = 0.0017361754562145897, Final residual = 0.00014459699488143492, No Iterations 3, Solve time = 62.29 ms
config(Fcg+Multigrid):  Solving for p, Initial residual = 0.00615231642551356, Final residual = 5.906034366946139e-05, No Iterations 25, Solve time = 2495.346 ms
time step continuity errors : sum local = 1.84956333789876e-05, global = 1.1016777068597086e-06, cumulative = 2.5984002744769273e-06
Schwarz(Jacobi)+Bicgstab:  Solving for omega, Initial residual = 6.98206912485806e-05, Final residual = 3.8828230493125725e-06, No Iterations 2, Solve time = 46.685 ms
Schwarz(Jacobi)+Bicgstab:  Solving for k, Initial residual = 0.0003544839489507777, Final residual = 8.601485190312131e-06, No Iterations 3, Solve time = 62.636 ms
ExecutionTime = 220.06 s  ClockTime = 222 s

Time = 23
Schwarz(Jacobi)+Bicgstab:  Solving for Ux, Initial residual = 0.00015425141997935142, Final residual = 9.429913338652652e-06, No Iterations 3, Solve time = 63.756 ms
Schwarz(Jacobi)+Bicgstab:  Solving for Uy, Initial residual = 0.007151453242772574, Final residual = 0.0005641440727410989, No Iterations 3, Solve time = 63.174 ms
Schwarz(Jacobi)+Bicgstab:  Solving for Uz, Initial residual = 0.0017447840306248868, Final residual = 0.00014007568918105804, No Iterations 3, Solve time = 62.609 ms
config(Fcg+Multigrid):  Solving for p, Initial residual = 0.00598955565216457, Final residual = 5.9635015266133464e-05, No Iterations 23, Solve time = 2307.25 ms
time step continuity errors : sum local = 1.8926053664986054e-05, global = 1.0144291736031834e-06, cumulative = 3.6128294480801107e-06
Schwarz(Jacobi)+Bicgstab:  Solving for omega, Initial residual = 6.632009778220105e-05, Final residual = 3.7441778417266764e-06, No Iterations 2, Solve time = 46.94 ms
bounding omega, min: -1231.8358218370654 max: 45356392.048580565 average: 7062.632378263665
Schwarz(Jacobi)+Bicgstab:  Solving for k, Initial residual = 0.00035682025109719007, Final residual = 8.826658196585767e-06, No Iterations 3, Solve time = 61.011 ms
ExecutionTime = 227.58 s  ClockTime = 230 s

Time = 24
Schwarz(Jacobi)+Bicgstab:  Solving for Ux, Initial residual = 0.0001521730788479059, Final residual = 9.016518206245694e-06, No Iterations 3, Solve time = 62.275 ms
Schwarz(Jacobi)+Bicgstab:  Solving for Uy, Initial residual = 0.007023032731386907, Final residual = 0.0005370181859116129, No Iterations 3, Solve time = 62.699 ms
Schwarz(Jacobi)+Bicgstab:  Solving for Uz, Initial residual = 0.0017422123093313558, Final residual = 0.0001367352448393979, No Iterations 3, Solve time = 64.07 ms
config(Fcg+Multigrid):  Solving for p, Initial residual = 0.005870731703531773, Final residual = 5.617952909712552e-05, No Iterations 14, Solve time = 1450.947 ms
time step continuity errors : sum local = 1.7952572902814324e-05, global = 3.6265807682299077e-07, cumulative = 3.975487524903102e-06
Schwarz(Jacobi)+Bicgstab:  Solving for omega, Initial residual = 6.313172567267155e-05, Final residual = 3.5997735357302996e-06, No Iterations 2, Solve time = 47.156 ms
Schwarz(Jacobi)+Bicgstab:  Solving for k, Initial residual = 0.0003601655426935724, Final residual = 8.902406245071251e-06, No Iterations 3, Solve time = 61.664 ms
ExecutionTime = 234.27 s  ClockTime = 236 s

Time = 25
Schwarz(Jacobi)+Bicgstab:  Solving for Ux, Initial residual = 0.0001499265886085632, Final residual = 8.534225011292833e-06, No Iterations 3, Solve time = 63.414 ms
Schwarz(Jacobi)+Bicgstab:  Solving for Uy, Initial residual = 0.00686739431864354, Final residual = 0.0005065866530330239, No Iterations 3, Solve time = 63.489 ms
Schwarz(Jacobi)+Bicgstab:  Solving for Uz, Initial residual = 0.00173566513986278, Final residual = 0.00013568249641630613, No Iterations 3, Solve time = 63.02 ms
config(Fcg+Multigrid):  Solving for p, Initial residual = 0.005817943005708622, Final residual = 5.453114492333419e-05, No Iterations 14, Solve time = 1451.851 ms
time step continuity errors : sum local = 1.7341715649383438e-05, global = 3.927684042204093e-07, cumulative = 4.368255929123511e-06
Schwarz(Jacobi)+Bicgstab:  Solving for omega, Initial residual = 6.029288782986564e-05, Final residual = 3.460805907015837e-06, No Iterations 2, Solve time = 47.485 ms
Schwarz(Jacobi)+Bicgstab:  Solving for k, Initial residual = 0.00036343934979800107, Final residual = 9.072386449239676e-06, No Iterations 3, Solve time = 61.109 ms
ExecutionTime = 240.9 s  ClockTime = 243 s

Time = 26
Schwarz(Jacobi)+Bicgstab:  Solving for Ux, Initial residual = 0.00014754036971423556, Final residual = 8.387644563208107e-06, No Iterations 3, Solve time = 63.318 ms
Schwarz(Jacobi)+Bicgstab:  Solving for Uy, Initial residual = 0.00671234280723854, Final residual = 0.00048344209005686816, No Iterations 3, Solve time = 62.885 ms
Schwarz(Jacobi)+Bicgstab:  Solving for Uz, Initial residual = 0.0017325656474809765, Final residual = 0.00013492657246244803, No Iterations 3, Solve time = 62.803 ms
config(Fcg+Multigrid):  Solving for p, Initial residual = 0.005747693674044386, Final residual = 5.126032286384075e-05, No Iterations 15, Solve time = 1546.977 ms
time step continuity errors : sum local = 1.6245009249121557e-05, global = 3.824597311103144e-07, cumulative = 4.750715660233825e-06
Schwarz(Jacobi)+Bicgstab:  Solving for omega, Initial residual = 5.777587061651463e-05, Final residual = 3.3514122526295583e-06, No Iterations 2, Solve time = 46.987 ms
bounding omega, min: -64084.95684766891 max: 45356138.9675394 average: 7144.686565574169
Schwarz(Jacobi)+Bicgstab:  Solving for k, Initial residual = 0.00036739416042719947, Final residual = 9.329496900926721e-06, No Iterations 3, Solve time = 61.507 ms
ExecutionTime = 247.63 s  ClockTime = 250 s

Time = 27
Schwarz(Jacobi)+Bicgstab:  Solving for Ux, Initial residual = 0.00014494953521922472, Final residual = 8.037253909956196e-06, No Iterations 3, Solve time = 63.741 ms
Schwarz(Jacobi)+Bicgstab:  Solving for Uy, Initial residual = 0.006560348356165222, Final residual = 0.000459226870236885, No Iterations 3, Solve time = 63.705 ms
Schwarz(Jacobi)+Bicgstab:  Solving for Uz, Initial residual = 0.0017357614846713622, Final residual = 0.00013604299091118992, No Iterations 3, Solve time = 62.778 ms
config(Fcg+Multigrid):  Solving for p, Initial residual = 0.005671597636195731, Final residual = 5.2771159906009624e-05, No Iterations 16, Solve time = 1637.393 ms
time step continuity errors : sum local = 1.667460990531717e-05, global = 1.7160991552925114e-07, cumulative = 4.922325575763076e-06
Schwarz(Jacobi)+Bicgstab:  Solving for omega, Initial residual = 5.5536834726538194e-05, Final residual = 3.2575303388344955e-06, No Iterations 2, Solve time = 46.784 ms
Schwarz(Jacobi)+Bicgstab:  Solving for k, Initial residual = 0.0003723262072170889, Final residual = 9.802282153073106e-06, No Iterations 3, Solve time = 61.66 ms
ExecutionTime = 254.45 s  ClockTime = 257 s

Time = 28
Schwarz(Jacobi)+Bicgstab:  Solving for Ux, Initial residual = 0.00014238916078051722, Final residual = 7.473627256892187e-06, No Iterations 3, Solve time = 63.359 ms
Schwarz(Jacobi)+Bicgstab:  Solving for Uy, Initial residual = 0.006413210640683733, Final residual = 0.0004491079155043621, No Iterations 3, Solve time = 64.212 ms
Schwarz(Jacobi)+Bicgstab:  Solving for Uz, Initial residual = 0.0017412781936773265, Final residual = 0.00013695545261945357, No Iterations 3, Solve time = 62.62 ms
config(Fcg+Multigrid):  Solving for p, Initial residual = 0.0056069211919353955, Final residual = 5.384125133924689e-05, No Iterations 19, Solve time = 1929.895 ms
time step continuity errors : sum local = 1.693674940896588e-05, global = -4.3848120885999746e-07, cumulative = 4.483844366903079e-06
Schwarz(Jacobi)+Bicgstab:  Solving for omega, Initial residual = 5.353870739095146e-05, Final residual = 3.171732835723642e-06, No Iterations 2, Solve time = 47.429 ms
Schwarz(Jacobi)+Bicgstab:  Solving for k, Initial residual = 0.0003770649340283082, Final residual = 9.777516921472096e-06, No Iterations 3, Solve time = 61.866 ms
ExecutionTime = 261.6 s  ClockTime = 264 s

Time = 29
Schwarz(Jacobi)+Bicgstab:  Solving for Ux, Initial residual = 0.0001397146082364981, Final residual = 8.384670400971532e-06, No Iterations 3, Solve time = 62.887 ms
Schwarz(Jacobi)+Bicgstab:  Solving for Uy, Initial residual = 0.0062822725285440134, Final residual = 0.00044364579019507235, No Iterations 3, Solve time = 63.506 ms
Schwarz(Jacobi)+Bicgstab:  Solving for Uz, Initial residual = 0.0017463478962764954, Final residual = 0.00013645365470949677, No Iterations 3, Solve time = 63.504 ms
config(Fcg+Multigrid):  Solving for p, Initial residual = 0.005567399002009285, Final residual = 5.420573216361697e-05, No Iterations 24, Solve time = 2395.003 ms
time step continuity errors : sum local = 1.6880599362874796e-05, global = -6.771587435499787e-07, cumulative = 3.8066856233531005e-06
Schwarz(Jacobi)+Bicgstab:  Solving for omega, Initial residual = 5.193818509013445e-05, Final residual = 3.112971408479906e-06, No Iterations 2, Solve time = 47.35 ms
bounding omega, min: -643.4637134438617 max: 45356038.652552366 average: 7213.188708849209
Schwarz(Jacobi)+Bicgstab:  Solving for k, Initial residual = 0.0003834490959084793, Final residual = 9.934975526982258e-06, No Iterations 3, Solve time = 61.415 ms
ExecutionTime = 269.22 s  ClockTime = 272 s

Time = 30
Schwarz(Jacobi)+Bicgstab:  Solving for Ux, Initial residual = 0.00013706056773116388, Final residual = 8.10287436887568e-06, No Iterations 3, Solve time = 63.615 ms
Schwarz(Jacobi)+Bicgstab:  Solving for Uy, Initial residual = 0.006181598689023039, Final residual = 0.0004357271928973777, No Iterations 3, Solve time = 62.555 ms
Schwarz(Jacobi)+Bicgstab:  Solving for Uz, Initial residual = 0.001749941220974155, Final residual = 0.00013433681256286902, No Iterations 3, Solve time = 62.921 ms
config(Fcg+Multigrid):  Solving for p, Initial residual = 0.0056016193327244074, Final residual = 4.960338733459347e-05, No Iterations 25, Solve time = 2494.698 ms
time step continuity errors : sum local = 1.5046729004538271e-05, global = -4.436513311087684e-07, cumulative = 3.363034292244332e-06
Schwarz(Jacobi)+Bicgstab:  Solving for omega, Initial residual = 5.0824952279290355e-05, Final residual = 3.056204778750724e-06, No Iterations 2, Solve time = 47.392 ms
Schwarz(Jacobi)+Bicgstab:  Solving for k, Initial residual = 0.0003907663485416546, Final residual = 1.0200516948454945e-05, No Iterations 3, Solve time = 61.77 ms
Writing p
Writing U
Writing turbulence variables
ExecutionTime = 277.76 s  ClockTime = 282 s


BEGIN KOKKOS PROFILING REPORT:
TOTAL TIME: 283.054406371 seconds
TOP-DOWN TIME TREE:
<average time> <percent of total time> <percent time in Kokkos> <percent MPI imbalance> <remainder> <kernels per second> <number of calls> <name> [type]
===================
|-> 2.47e+02 sec 87.3% 3.4% 0.0% 0.1% 2.01e+02 30 neoSimpleFoam.timeStep [region]
|   |-> 1.55e+02 sec 54.7% 1.2% 0.0% 7.3% 1.58e+02 30 neoSimpleFoam.pressureCorrector [region]
|   |   |-> 1.42e+02 sec 50.3% 0.4% 0.0% 99.6% 2.90e+01 30 neoSimpleFoam.pressureCorrector.pEqn [region]
|   |   |-> 7.13e-01 sec 0.3% 100.0% 0.0% ------ 90 computeGradInternal [for]
|   |-> 7.00e+01 sec 24.7% 5.7% 0.0% 94.3% 9.73e+01 30 neoSimpleFoam.momentumPredictor [region]
|   |   |-> 7.14e-01 sec 0.3% 100.0% 0.0% ------ 31 parallelScan [scan]
|   |   |-> 6.86e-01 sec 0.2% 100.0% 0.0% ------ 60 computeGradTensorInternal [for]
|   |   |-> 6.59e-01 sec 0.2% 100.0% 0.0% ------ 2599 fill [for]
|   |   |-> 2.89e-01 sec 0.1% 100.0% 0.0% ------ 30 addDivCorrectionToRhs [for]
|   |-> 1.98e+01 sec 7.0% 13.2% 0.0% 86.8% 9.29e+02 30 neoSimpleFoam.turbulenceCorrect [region]
|   |   |-> 9.50e-01 sec 0.3% 100.0% 0.0% ------ 120 computeGradInternal [for]
|   |   |-> 3.43e-01 sec 0.1% 100.0% 0.0% ------ 30 computeGradTensorInternal [for]
|   |-> 2.19e+00 sec 0.8% 0.0% 0.0% 100.0% 0.00e+00 30 neoSimpleFoam.write [region]
|-> 3.35e+01 sec 11.8% 0.2% 0.0% 99.8% 2.67e+01 1 neoSimpleFoam.setup [region]

BOTTOM-UP TIME TREE:
<average time> <percent of total time> <percent time in Kokkos> <percent MPI imbalance> <number of calls> <name> [type]
===================
|-> 1.42e+02 sec 50.1% 0.0% 0.0% 0.0% 0.00e+00 30 neoSimpleFoam.pressureCorrector.pEqn [region]
|   |-> 1.42e+02 sec 50.1% 0.0% 0.0% 0.0% 0.00e+00 30 neoSimpleFoam.pressureCorrector [region]
|       |-> 1.42e+02 sec 50.1% 0.0% 0.0% 0.0% 0.00e+00 30 neoSimpleFoam.timeStep [region]
|-> 6.60e+01 sec 23.3% 0.0% 0.0% 0.0% 0.00e+00 30 neoSimpleFoam.momentumPredictor [region]
|   |-> 6.60e+01 sec 23.3% 0.0% 0.0% 0.0% 0.00e+00 30 neoSimpleFoam.timeStep [region]
|-> 3.35e+01 sec 11.8% 0.0% 0.0% 0.0% 0.00e+00 1 neoSimpleFoam.setup [region]
|-> 1.72e+01 sec 6.1% 0.0% 0.0% 0.0% 0.00e+00 30 neoSimpleFoam.turbulenceCorrect [region]
|   |-> 1.72e+01 sec 6.1% 0.0% 0.0% 0.0% 0.00e+00 30 neoSimpleFoam.timeStep [region]
|-> 1.13e+01 sec 4.0% 0.0% 0.0% 0.0% 0.00e+00 30 neoSimpleFoam.pressureCorrector [region]
|   |-> 1.13e+01 sec 4.0% 0.0% 0.0% 0.0% 0.00e+00 30 neoSimpleFoam.timeStep [region]
|-> 2.19e+00 sec 0.8% 0.0% 0.0% 0.0% 0.00e+00 30 neoSimpleFoam.write [region]
|   |-> 2.19e+00 sec 0.8% 0.0% 0.0% 0.0% 0.00e+00 30 neoSimpleFoam.timeStep [region]
|-> 2.15e+00 sec 0.8% 100.0% 0.0% ------ 272 computeGradInternal [for]
|   |-> 9.50e-01 sec 0.3% 100.0% 0.0% 0.0% 0.00e+00 120 neoSimpleFoam.turbulenceCorrect [region]
|   |   |-> 9.50e-01 sec 0.3% 100.0% 0.0% 0.0% 0.00e+00 120 neoSimpleFoam.timeStep [region]
|   |-> 7.13e-01 sec 0.3% 100.0% 0.0% 0.0% 0.00e+00 90 neoSimpleFoam.pressureCorrector [region]
|   |   |-> 7.13e-01 sec 0.3% 100.0% 0.0% 0.0% 0.00e+00 90 neoSimpleFoam.timeStep [region]
|-> 1.14e+00 sec 0.4% 100.0% 0.0% ------ 9751 fill [for]
|   |-> 6.59e-01 sec 0.2% 100.0% 0.0% 0.0% 0.00e+00 2599 neoSimpleFoam.momentumPredictor [region]
|   |   |-> 6.59e-01 sec 0.2% 100.0% 0.0% 0.0% 0.00e+00 2599 neoSimpleFoam.timeStep [region]
|-> 1.04e+00 sec 0.4% 100.0% 0.0% ------ 91 computeGradTensorInternal [for]
|   |-> 6.86e-01 sec 0.2% 100.0% 0.0% 0.0% 0.00e+00 60 neoSimpleFoam.momentumPredictor [region]
|   |   |-> 6.86e-01 sec 0.2% 100.0% 0.0% 0.0% 0.00e+00 60 neoSimpleFoam.timeStep [region]
|   |-> 3.43e-01 sec 0.1% 100.0% 0.0% 0.0% 0.00e+00 30 neoSimpleFoam.turbulenceCorrect [region]
|   |   |-> 3.43e-01 sec 0.1% 100.0% 0.0% 0.0% 0.00e+00 30 neoSimpleFoam.timeStep [region]
|-> 7.14e-01 sec 0.3% 100.0% 0.0% ------ 31 parallelScan [scan]
|   |-> 7.14e-01 sec 0.3% 100.0% 0.0% 0.0% 0.00e+00 31 neoSimpleFoam.momentumPredictor [region]
|       |-> 7.14e-01 sec 0.3% 100.0% 0.0% 0.0% 0.00e+00 31 neoSimpleFoam.timeStep [region]
|-> 3.34e-01 sec 0.1% 0.0% 0.0% 0.0% 0.00e+00 30 neoSimpleFoam.timeStep [region]
|-> 3.21e-01 sec 0.1% 100.0% 0.0% ------ 120 computeLaplacianImplicitCorrection [for]
|-> 3.00e-01 sec 0.1% 100.0% 0.0% ------ 120 computeLocalLaplacianCoefficients [for]
|-> 2.89e-01 sec 0.1% 100.0% 0.0% ------ 30 addDivCorrectionToRhs [for]
|   |-> 2.89e-01 sec 0.1% 100.0% 0.0% 0.0% 0.00e+00 30 neoSimpleFoam.momentumPredictor [region]
|       |-> 2.89e-01 sec 0.1% 100.0% 0.0% 0.0% 0.00e+00 30 neoSimpleFoam.timeStep [region]

KOKKOS HOST SPACE:
===================
MAX MEMORY ALLOCATED: 1287770.6 kB
ALLOCATIONS AT TIME OF HIGH WATER MARK:
  29.9% neoSimpleFoam.timeStep/neoSimpleFoam.momentumPredictor/Vector
  29.9% neoSimpleFoam.timeStep/neoSimpleFoam.momentumPredictor/Vector
  15.4% neoSimpleFoam.timeStep/neoSimpleFoam.momentumPredictor/Vector
  14.9% neoSimpleFoam.timeStep/neoSimpleFoam.momentumPredictor/Vector
  5.0% neoSimpleFoam.timeStep/neoSimpleFoam.momentumPredictor/Vector
  5.0% neoSimpleFoam.timeStep/neoSimpleFoam.momentumPredictor/Vector

KOKKOS CUDA SPACE:
===================
MAX MEMORY ALLOCATED: 0.0 kB
ALLOCATIONS AT TIME OF HIGH WATER MARK:

KOKKOS HIP SPACE:
===================
MAX MEMORY ALLOCATED: 0.0 kB
ALLOCATIONS AT TIME OF HIGH WATER MARK:

KOKKOS SYCL SPACE:
===================
MAX MEMORY ALLOCATED: 0.0 kB
ALLOCATIONS AT TIME OF HIGH WATER MARK:

KOKKOS OpenMPTarget SPACE:
===================
MAX MEMORY ALLOCATED: 0.0 kB
ALLOCATIONS AT TIME OF HIGH WATER MARK:

Host process high water mark memory consumption: 14427476 kB

END KOKKOS PROFILING REPORT.

BEGIN KOKKOS PROFILING REPORT:
TOTAL TIME: 283.377721066 seconds
TOP-DOWN TIME TREE:
<average time> <percent of total time> <percent time in Kokkos> <percent MPI imbalance> <remainder> <kernels per second> <number of calls> <name> [type]
===================
|-> 2.48e+02 sec 87.4% 9.5% 0.0% 0.1% 2.05e+02 30 neoSimpleFoam.timeStep [region]
|   |-> 1.55e+02 sec 54.6% 4.7% 0.0% 4.3% 1.63e+02 30 neoSimpleFoam.pressureCorrector [region]
|   |   |-> 1.42e+02 sec 50.2% 1.1% 0.0% 98.9% 2.94e+01 30 neoSimpleFoam.pressureCorrector.pEqn [region]
|   |   |   |-> 4.95e-01 sec 0.2% 100.0% 0.0% ------ 30 computeGradInternal [for]
|   |   |   |-> 3.05e-01 sec 0.1% 100.0% 0.0% ------ 943 fill [for]
|   |   |-> 1.48e+00 sec 0.5% 100.0% 0.0% ------ 90 computeGradInternal [for]
|   |   |-> 1.01e+00 sec 0.4% 100.0% 0.0% ------ 3660 fill [for]
|   |   |-> 9.56e-01 sec 0.3% 100.0% 0.0% ------ 8250 extrapolateValue [for]
|   |   |-> 4.64e-01 sec 0.2% 100.0% 0.0% ------ 2250 computeGradBoundaryRefGrad [for]
|   |   |-> 3.90e-01 sec 0.1% 100.0% 0.0% ------ 1560 parallelFor [for]
|   |-> 7.00e+01 sec 24.7% 11.6% 0.0% 88.4% 9.72e+01 30 neoSimpleFoam.momentumPredictor [region]
|   |   |-> 1.85e+00 sec 0.7% 100.0% 0.0% ------ 2629 fill [for]
|   |   |-> 1.18e+00 sec 0.4% 100.0% 0.0% ------ 60 computeGradTensorInternal [for]
|   |   |-> 8.21e-01 sec 0.3% 100.0% 0.0% ------ 31 parallelScan [scan]
|   |   |-> 5.90e-01 sec 0.2% 100.0% 0.0% ------ 30 addDivCorrectionToRhs [for]
|   |   |-> 5.13e-01 sec 0.2% 100.0% 0.0% ------ 30 computeGradInternal [for]
|   |   |-> 5.03e-01 sec 0.2% 100.0% 0.0% ------ 30 computeLaplacianImplicitCorrection [for]
|   |-> 1.99e+01 sec 7.0% 40.3% 0.0% 59.7% 9.43e+02 30 neoSimpleFoam.turbulenceCorrect [region]
|   |   |-> 1.60e+00 sec 0.6% 100.0% 0.0% ------ 120 computeGradInternal [for]
|   |   |-> 1.29e+00 sec 0.5% 100.0% 0.0% ------ 2734 fill [for]
|   |   |-> 7.45e-01 sec 0.3% 100.0% 0.0% ------ 30 computeGradTensorInternal [for]
|   |   |-> 4.11e-01 sec 0.1% 100.0% 0.0% ------ 1860 computeGradBoundaryRefGrad [for]
|   |-> 2.48e+00 sec 0.9% 0.0% 0.0% 100.0% 0.00e+00 30 neoSimpleFoam.write [region]
|-> 3.35e+01 sec 11.8% 0.8% 0.0% 99.2% 2.81e+01 1 neoSimpleFoam.setup [region]

BOTTOM-UP TIME TREE:
<average time> <percent of total time> <percent time in Kokkos> <percent MPI imbalance> <number of calls> <name> [type]
===================
|-> 1.41e+02 sec 49.7% 0.0% 0.0% 0.0% 0.00e+00 30 neoSimpleFoam.pressureCorrector.pEqn [region]
|   |-> 1.41e+02 sec 49.7% 0.0% 0.0% 0.0% 0.00e+00 30 neoSimpleFoam.pressureCorrector [region]
|       |-> 1.41e+02 sec 49.7% 0.0% 0.0% 0.0% 0.00e+00 30 neoSimpleFoam.timeStep [region]
|-> 6.19e+01 sec 21.9% 0.0% 0.0% 0.0% 0.00e+00 30 neoSimpleFoam.momentumPredictor [region]
|   |-> 6.19e+01 sec 21.9% 0.0% 0.0% 0.0% 0.00e+00 30 neoSimpleFoam.timeStep [region]
|-> 3.33e+01 sec 11.7% 0.0% 0.0% 0.0% 0.00e+00 1 neoSimpleFoam.setup [region]
|-> 1.19e+01 sec 4.2% 0.0% 0.0% 0.0% 0.00e+00 30 neoSimpleFoam.turbulenceCorrect [region]
|   |-> 1.19e+01 sec 4.2% 0.0% 0.0% 0.0% 0.00e+00 30 neoSimpleFoam.timeStep [region]
|-> 6.71e+00 sec 2.4% 0.0% 0.0% 0.0% 0.00e+00 30 neoSimpleFoam.pressureCorrector [region]
|   |-> 6.71e+00 sec 2.4% 0.0% 0.0% 0.0% 0.00e+00 30 neoSimpleFoam.timeStep [region]
|-> 4.54e+00 sec 1.6% 100.0% 0.0% ------ 10215 fill [for]
|   |-> 1.85e+00 sec 0.7% 100.0% 0.0% 0.0% 0.00e+00 2629 neoSimpleFoam.momentumPredictor [region]
|   |   |-> 1.85e+00 sec 0.7% 100.0% 0.0% 0.0% 0.00e+00 2629 neoSimpleFoam.timeStep [region]
|   |-> 1.29e+00 sec 0.5% 100.0% 0.0% 0.0% 0.00e+00 2734 neoSimpleFoam.turbulenceCorrect [region]
|   |   |-> 1.29e+00 sec 0.5% 100.0% 0.0% 0.0% 0.00e+00 2734 neoSimpleFoam.timeStep [region]
|   |-> 1.01e+00 sec 0.4% 100.0% 0.0% 0.0% 0.00e+00 3660 neoSimpleFoam.pressureCorrector [region]
|   |   |-> 1.01e+00 sec 0.4% 100.0% 0.0% 0.0% 0.00e+00 3660 neoSimpleFoam.timeStep [region]
|   |-> 3.05e-01 sec 0.1% 100.0% 0.0% 0.0% 0.00e+00 943 neoSimpleFoam.pressureCorrector.pEqn [region]
|   |   |-> 3.05e-01 sec 0.1% 100.0% 0.0% 0.0% 0.00e+00 943 neoSimpleFoam.pressureCorrector [region]
|   |       |-> 3.05e-01 sec 0.1% 100.0% 0.0% 0.0% 0.00e+00 943 neoSimpleFoam.timeStep [region]
|-> 4.11e+00 sec 1.4% 100.0% 0.0% ------ 272 computeGradInternal [for]
|   |-> 1.60e+00 sec 0.6% 100.0% 0.0% 0.0% 0.00e+00 120 neoSimpleFoam.turbulenceCorrect [region]
|   |   |-> 1.60e+00 sec 0.6% 100.0% 0.0% 0.0% 0.00e+00 120 neoSimpleFoam.timeStep [region]
|   |-> 1.48e+00 sec 0.5% 100.0% 0.0% 0.0% 0.00e+00 90 neoSimpleFoam.pressureCorrector [region]
|   |   |-> 1.48e+00 sec 0.5% 100.0% 0.0% 0.0% 0.00e+00 90 neoSimpleFoam.timeStep [region]
|   |-> 5.13e-01 sec 0.2% 100.0% 0.0% 0.0% 0.00e+00 30 neoSimpleFoam.momentumPredictor [region]
|   |   |-> 5.13e-01 sec 0.2% 100.0% 0.0% 0.0% 0.00e+00 30 neoSimpleFoam.timeStep [region]
|   |-> 4.95e-01 sec 0.2% 100.0% 0.0% 0.0% 0.00e+00 30 neoSimpleFoam.pressureCorrector.pEqn [region]
|   |   |-> 4.95e-01 sec 0.2% 100.0% 0.0% 0.0% 0.00e+00 30 neoSimpleFoam.pressureCorrector [region]
|   |       |-> 4.95e-01 sec 0.2% 100.0% 0.0% 0.0% 0.00e+00 30 neoSimpleFoam.timeStep [region]
|-> 2.48e+00 sec 0.9% 0.0% 0.0% 0.0% 0.00e+00 30 neoSimpleFoam.write [region]
|   |-> 2.48e+00 sec 0.9% 0.0% 0.0% 0.0% 0.00e+00 30 neoSimpleFoam.timeStep [region]
|-> 1.95e+00 sec 0.7% 100.0% 0.0% ------ 91 computeGradTensorInternal [for]
|   |-> 1.18e+00 sec 0.4% 100.0% 0.0% 0.0% 0.00e+00 60 neoSimpleFoam.momentumPredictor [region]
|   |   |-> 1.18e+00 sec 0.4% 100.0% 0.0% 0.0% 0.00e+00 60 neoSimpleFoam.timeStep [region]
|   |-> 7.45e-01 sec 0.3% 100.0% 0.0% 0.0% 0.00e+00 30 neoSimpleFoam.turbulenceCorrect [region]
|   |   |-> 7.45e-01 sec 0.3% 100.0% 0.0% 0.0% 0.00e+00 30 neoSimpleFoam.timeStep [region]
|-> 1.11e+00 sec 0.4% 100.0% 0.0% ------ 9955 extrapolateValue [for]
|   |-> 9.56e-01 sec 0.3% 100.0% 0.0% 0.0% 0.00e+00 8250 neoSimpleFoam.pressureCorrector [region]
|   |   |-> 9.56e-01 sec 0.3% 100.0% 0.0% 0.0% 0.00e+00 8250 neoSimpleFoam.timeStep [region]
|-> 1.01e+00 sec 0.4% 100.0% 0.0% ------ 4891 computeGradBoundaryRefGrad [for]
|   |-> 4.64e-01 sec 0.2% 100.0% 0.0% 0.0% 0.00e+00 2250 neoSimpleFoam.pressureCorrector [region]
|   |   |-> 4.64e-01 sec 0.2% 100.0% 0.0% 0.0% 0.00e+00 2250 neoSimpleFoam.timeStep [region]
|   |-> 4.11e-01 sec 0.1% 100.0% 0.0% 0.0% 0.00e+00 1860 neoSimpleFoam.turbulenceCorrect [region]
|   |   |-> 4.11e-01 sec 0.1% 100.0% 0.0% 0.0% 0.00e+00 1860 neoSimpleFoam.timeStep [region]
|-> 8.21e-01 sec 0.3% 100.0% 0.0% ------ 31 parallelScan [scan]
|   |-> 8.21e-01 sec 0.3% 100.0% 0.0% 0.0% 0.00e+00 31 neoSimpleFoam.momentumPredictor [region]
|       |-> 8.21e-01 sec 0.3% 100.0% 0.0% 0.0% 0.00e+00 31 neoSimpleFoam.timeStep [region]
|-> 7.37e-01 sec 0.3% 100.0% 0.0% ------ 2562 parallelFor [for]
|   |-> 3.90e-01 sec 0.1% 100.0% 0.0% 0.0% 0.00e+00 1560 neoSimpleFoam.pressureCorrector [region]
|   |   |-> 3.90e-01 sec 0.1% 100.0% 0.0% 0.0% 0.00e+00 1560 neoSimpleFoam.timeStep [region]
|-> 6.46e-01 sec 0.2% 100.0% 0.0% ------ 120 computeLaplacianImplicitCorrection [for]
|   |-> 5.03e-01 sec 0.2% 100.0% 0.0% 0.0% 0.00e+00 30 neoSimpleFoam.momentumPredictor [region]
|   |   |-> 5.03e-01 sec 0.2% 100.0% 0.0% 0.0% 0.00e+00 30 neoSimpleFoam.timeStep [region]
|-> 5.90e-01 sec 0.2% 100.0% 0.0% ------ 30 addDivCorrectionToRhs [for]
|   |-> 5.90e-01 sec 0.2% 100.0% 0.0% 0.0% 0.00e+00 30 neoSimpleFoam.momentumPredictor [region]
|       |-> 5.90e-01 sec 0.2% 100.0% 0.0% 0.0% 0.00e+00 30 neoSimpleFoam.timeStep [region]
|-> 5.65e-01 sec 0.2% 100.0% 0.0% ------ 120 computeLocalLaplacianCoefficients [for]
|-> 4.89e-01 sec 0.2% 100.0% 0.0% ------ 4954 setGradientValue [for]
|-> 4.10e-01 sec 0.1% 100.0% 0.0% ------ 552 computeLinearInterpolationInternal [for]
|-> 3.94e-01 sec 0.1% 100.0% 0.0% ------ 272 computeGradBoundary [for]
|-> 3.78e-01 sec 0.1% 100.0% 0.0% ------ 90 computeLocalGaussGreenDivCoefficients [for]
|-> 3.36e-01 sec 0.1% 0.0% 0.0% 0.0% 0.00e+00 30 neoSimpleFoam.timeStep [region]
|-> 3.11e-01 sec 0.1% 100.0% 0.0% ------ 1302 updateProcBoundaryOwnerValue [for]
|-> 2.91e-01 sec 0.1% 100.0% 0.0% ------ 552 computeLinearInterpolationBoundary [for]

KOKKOS HOST SPACE:
===================
MAX MEMORY ALLOCATED: 1287083.0 kB
ALLOCATIONS AT TIME OF HIGH WATER MARK:
  29.9% neoSimpleFoam.timeStep/neoSimpleFoam.momentumPredictor/Vector
  29.9% neoSimpleFoam.timeStep/neoSimpleFoam.momentumPredictor/Vector
  15.4% neoSimpleFoam.timeStep/neoSimpleFoam.momentumPredictor/Vector
  14.9% neoSimpleFoam.timeStep/neoSimpleFoam.momentumPredictor/Vector
  5.0% neoSimpleFoam.timeStep/neoSimpleFoam.momentumPredictor/Vector
  5.0% neoSimpleFoam.timeStep/neoSimpleFoam.momentumPredictor/Vector

KOKKOS CUDA SPACE:
===================
MAX MEMORY ALLOCATED: 0.0 kB
ALLOCATIONS AT TIME OF HIGH WATER MARK:

KOKKOS HIP SPACE:
===================
MAX MEMORY ALLOCATED: 0.0 kB
ALLOCATIONS AT TIME OF HIGH WATER MARK:

KOKKOS SYCL SPACE:
===================
MAX MEMORY ALLOCATED: 0.0 kB
ALLOCATIONS AT TIME OF HIGH WATER MARK:

KOKKOS OpenMPTarget SPACE:
===================
MAX MEMORY ALLOCATED: 0.0 kB
ALLOCATIONS AT TIME OF HIGH WATER MARK:

Host process high water mark memory consumption: 14389016 kB

END KOKKOS PROFILING REPORT.

BEGIN KOKKOS PROFILING REPORT:
TOTAL TIME: 283.405686922 seconds
TOP-DOWN TIME TREE:
<average time> <percent of total time> <percent time in Kokkos> <percent MPI imbalance> <remainder> <kernels per second> <number of calls> <name> [type]
===================
|-> 2.47e+02 sec 87.3% 3.5% 0.0% 0.1% 2.28e+02 30 neoSimpleFoam.timeStep [region]
|   |-> 1.55e+02 sec 54.6% 1.3% 0.0% 7.2% 1.78e+02 30 neoSimpleFoam.pressureCorrector [region]
|   |   |-> 1.42e+02 sec 50.2% 0.4% 0.0% 99.6% 3.26e+01 30 neoSimpleFoam.pressureCorrector.pEqn [region]
|   |   |-> 7.29e-01 sec 0.3% 100.0% 0.0% ------ 90 computeGradInternal [for]
|   |-> 7.00e+01 sec 24.7% 5.7% 0.0% 94.3% 1.12e+02 30 neoSimpleFoam.momentumPredictor [region]
|   |   |-> 6.88e-01 sec 0.2% 100.0% 0.0% ------ 31 parallelScan [scan]
|   |   |-> 6.86e-01 sec 0.2% 100.0% 0.0% ------ 2599 fill [for]
|   |   |-> 6.85e-01 sec 0.2% 100.0% 0.0% ------ 60 computeGradTensorInternal [for]
|   |   |-> 2.96e-01 sec 0.1% 100.0% 0.0% ------ 30 addDivCorrectionToRhs [for]
|   |-> 1.98e+01 sec 7.0% 13.6% 0.0% 86.4% 1.06e+03 30 neoSimpleFoam.turbulenceCorrect [region]
|   |   |-> 9.71e-01 sec 0.3% 100.0% 0.0% ------ 120 computeGradInternal [for]
|   |   |-> 3.43e-01 sec 0.1% 100.0% 0.0% ------ 30 computeGradTensorInternal [for]
|   |-> 2.49e+00 sec 0.9% 0.0% 0.0% 100.0% 0.00e+00 30 neoSimpleFoam.write [region]
|-> 3.35e+01 sec 11.8% 0.2% 0.0% 99.8% 2.98e+01 1 neoSimpleFoam.setup [region]

BOTTOM-UP TIME TREE:
<average time> <percent of total time> <percent time in Kokkos> <percent MPI imbalance> <number of calls> <name> [type]
===================
|-> 1.42e+02 sec 50.0% 0.0% 0.0% 0.0% 0.00e+00 30 neoSimpleFoam.pressureCorrector.pEqn [region]
|   |-> 1.42e+02 sec 50.0% 0.0% 0.0% 0.0% 0.00e+00 30 neoSimpleFoam.pressureCorrector [region]
|       |-> 1.42e+02 sec 50.0% 0.0% 0.0% 0.0% 0.00e+00 30 neoSimpleFoam.timeStep [region]
|-> 6.60e+01 sec 23.3% 0.0% 0.0% 0.0% 0.00e+00 30 neoSimpleFoam.momentumPredictor [region]
|   |-> 6.60e+01 sec 23.3% 0.0% 0.0% 0.0% 0.00e+00 30 neoSimpleFoam.timeStep [region]
|-> 3.34e+01 sec 11.8% 0.0% 0.0% 0.0% 0.00e+00 1 neoSimpleFoam.setup [region]
|-> 1.71e+01 sec 6.0% 0.0% 0.0% 0.0% 0.00e+00 30 neoSimpleFoam.turbulenceCorrect [region]
|   |-> 1.71e+01 sec 6.0% 0.0% 0.0% 0.0% 0.00e+00 30 neoSimpleFoam.timeStep [region]
|-> 1.12e+01 sec 3.9% 0.0% 0.0% 0.0% 0.00e+00 30 neoSimpleFoam.pressureCorrector [region]
|   |-> 1.12e+01 sec 3.9% 0.0% 0.0% 0.0% 0.00e+00 30 neoSimpleFoam.timeStep [region]
|-> 2.49e+00 sec 0.9% 0.0% 0.0% 0.0% 0.00e+00 30 neoSimpleFoam.write [region]
|   |-> 2.49e+00 sec 0.9% 0.0% 0.0% 0.0% 0.00e+00 30 neoSimpleFoam.timeStep [region]
|-> 2.20e+00 sec 0.8% 100.0% 0.0% ------ 272 computeGradInternal [for]
|   |-> 9.71e-01 sec 0.3% 100.0% 0.0% 0.0% 0.00e+00 120 neoSimpleFoam.turbulenceCorrect [region]
|   |   |-> 9.71e-01 sec 0.3% 100.0% 0.0% 0.0% 0.00e+00 120 neoSimpleFoam.timeStep [region]
|   |-> 7.29e-01 sec 0.3% 100.0% 0.0% 0.0% 0.00e+00 90 neoSimpleFoam.pressureCorrector [region]
|   |   |-> 7.29e-01 sec 0.3% 100.0% 0.0% 0.0% 0.00e+00 90 neoSimpleFoam.timeStep [region]
|-> 1.18e+00 sec 0.4% 100.0% 0.0% ------ 9751 fill [for]
|   |-> 6.86e-01 sec 0.2% 100.0% 0.0% 0.0% 0.00e+00 2599 neoSimpleFoam.momentumPredictor [region]
|   |   |-> 6.86e-01 sec 0.2% 100.0% 0.0% 0.0% 0.00e+00 2599 neoSimpleFoam.timeStep [region]
|-> 1.04e+00 sec 0.4% 100.0% 0.0% ------ 91 computeGradTensorInternal [for]
|   |-> 6.85e-01 sec 0.2% 100.0% 0.0% 0.0% 0.00e+00 60 neoSimpleFoam.momentumPredictor [region]
|   |   |-> 6.85e-01 sec 0.2% 100.0% 0.0% 0.0% 0.00e+00 60 neoSimpleFoam.timeStep [region]
|   |-> 3.43e-01 sec 0.1% 100.0% 0.0% 0.0% 0.00e+00 30 neoSimpleFoam.turbulenceCorrect [region]
|   |   |-> 3.43e-01 sec 0.1% 100.0% 0.0% 0.0% 0.00e+00 30 neoSimpleFoam.timeStep [region]
|-> 6.88e-01 sec 0.2% 100.0% 0.0% ------ 31 parallelScan [scan]
|   |-> 6.88e-01 sec 0.2% 100.0% 0.0% 0.0% 0.00e+00 31 neoSimpleFoam.momentumPredictor [region]
|       |-> 6.88e-01 sec 0.2% 100.0% 0.0% 0.0% 0.00e+00 31 neoSimpleFoam.timeStep [region]
|-> 3.38e-01 sec 0.1% 0.0% 0.0% 0.0% 0.00e+00 30 neoSimpleFoam.timeStep [region]
|-> 3.31e-01 sec 0.1% 100.0% 0.0% ------ 120 computeLaplacianImplicitCorrection [for]
|-> 3.08e-01 sec 0.1% 100.0% 0.0% ------ 120 computeLocalLaplacianCoefficients [for]
|-> 2.96e-01 sec 0.1% 100.0% 0.0% ------ 30 addDivCorrectionToRhs [for]
|   |-> 2.96e-01 sec 0.1% 100.0% 0.0% 0.0% 0.00e+00 30 neoSimpleFoam.momentumPredictor [region]
|       |-> 2.96e-01 sec 0.1% 100.0% 0.0% 0.0% 0.00e+00 30 neoSimpleFoam.timeStep [region]

KOKKOS HOST SPACE:
===================
MAX MEMORY ALLOCATED: 1290732.5 kB
ALLOCATIONS AT TIME OF HIGH WATER MARK:
  29.9% neoSimpleFoam.timeStep/neoSimpleFoam.momentumPredictor/Vector
  29.9% neoSimpleFoam.timeStep/neoSimpleFoam.momentumPredictor/Vector
  15.5% neoSimpleFoam.timeStep/neoSimpleFoam.momentumPredictor/Vector
  14.9% neoSimpleFoam.timeStep/neoSimpleFoam.momentumPredictor/Vector
  4.9% neoSimpleFoam.timeStep/neoSimpleFoam.momentumPredictor/Vector
  4.9% neoSimpleFoam.timeStep/neoSimpleFoam.momentumPredictor/Vector

KOKKOS CUDA SPACE:
===================
MAX MEMORY ALLOCATED: 0.0 kB
ALLOCATIONS AT TIME OF HIGH WATER MARK:

KOKKOS HIP SPACE:
===================
MAX MEMORY ALLOCATED: 0.0 kB
ALLOCATIONS AT TIME OF HIGH WATER MARK:

KOKKOS SYCL SPACE:
===================
MAX MEMORY ALLOCATED: 0.0 kB
ALLOCATIONS AT TIME OF HIGH WATER MARK:

KOKKOS OpenMPTarget SPACE:
===================
MAX MEMORY ALLOCATED: 0.0 kB
ALLOCATIONS AT TIME OF HIGH WATER MARK:

Host process high water mark memory consumption: 14684192 kB

END KOKKOS PROFILING REPORT.
Finalizing NeoN

BEGIN KOKKOS PROFILING REPORT:
TOTAL TIME: 283.418072681 seconds
TOP-DOWN TIME TREE:
<average time> <percent of total time> <percent time in Kokkos> <percent MPI imbalance> <remainder> <kernels per second> <number of calls> <name> [type]
===================
|-> 2.47e+02 sec 87.3% 10.6% 0.0% 0.1% 2.34e+02 30 neoSimpleFoam.timeStep [region]
|   |-> 1.55e+02 sec 54.6% 5.8% 0.0% 3.4% 1.84e+02 30 neoSimpleFoam.pressureCorrector [region]
|   |   |-> 1.42e+02 sec 50.2% 1.1% 0.0% 98.9% 3.32e+01 30 neoSimpleFoam.pressureCorrector.pEqn [region]
|   |   |   |-> 5.19e-01 sec 0.2% 100.0% 0.0% ------ 30 computeGradInternal [for]
|   |   |   |-> 3.13e-01 sec 0.1% 100.0% 0.0% ------ 943 fill [for]
|   |   |-> 1.63e+00 sec 0.6% 100.0% 0.0% ------ 8250 extrapolateValue [for]
|   |   |-> 1.52e+00 sec 0.5% 100.0% 0.0% ------ 90 computeGradInternal [for]
|   |   |-> 1.03e+00 sec 0.4% 100.0% 0.0% ------ 3660 fill [for]
|   |   |-> 8.32e-01 sec 0.3% 100.0% 0.0% ------ 3960 computeGradBoundaryRefGrad [for]
|   |   |-> 3.76e-01 sec 0.1% 100.0% 0.0% ------ 2100 parallelFor [for]
|   |   |-> 3.61e-01 sec 0.1% 100.0% 0.0% ------ 1590 setGradientValue [for]
|   |   |-> 3.37e-01 sec 0.1% 100.0% 0.0% ------ 1200 setFixedValueVolume [for]
|   |-> 7.00e+01 sec 24.7% 11.5% 0.0% 88.5% 1.13e+02 30 neoSimpleFoam.momentumPredictor [region]
|   |   |-> 1.87e+00 sec 0.7% 100.0% 0.0% ------ 2629 fill [for]
|   |   |-> 1.18e+00 sec 0.4% 100.0% 0.0% ------ 60 computeGradTensorInternal [for]
|   |   |-> 6.95e-01 sec 0.2% 100.0% 0.0% ------ 31 parallelScan [scan]
|   |   |-> 6.15e-01 sec 0.2% 100.0% 0.0% ------ 30 addDivCorrectionToRhs [for]
|   |   |-> 5.04e-01 sec 0.2% 100.0% 0.0% ------ 30 computeGradInternal [for]
|   |   |-> 4.84e-01 sec 0.2% 100.0% 0.0% ------ 30 computeLaplacianImplicitCorrection [for]
|   |-> 1.99e+01 sec 7.0% 46.3% 0.0% 53.7% 1.08e+03 30 neoSimpleFoam.turbulenceCorrect [region]
|   |   |-> 1.65e+00 sec 0.6% 100.0% 0.0% ------ 120 computeGradInternal [for]
|   |   |-> 1.34e+00 sec 0.5% 100.0% 0.0% ------ 2734 fill [for]
|   |   |-> 7.50e-01 sec 0.3% 100.0% 0.0% ------ 30 computeGradTensorInternal [for]
|   |   |-> 5.33e-01 sec 0.2% 100.0% 0.0% ------ 1530 kOmegaSST::omegaWFGFeedback [for]
|   |   |-> 4.10e-01 sec 0.1% 100.0% 0.0% ------ 2880 computeGradBoundaryRefGrad [for]
|   |   |-> 3.68e-01 sec 0.1% 100.0% 0.0% ------ 1530 setNutUSpaldingWallFunction [for]
|   |   |-> 3.50e-01 sec 0.1% 100.0% 0.0% ------ 1530 setOmegaWallFunction [for]
|   |   |-> 3.50e-01 sec 0.1% 100.0% 0.0% ------ 1590 setGradientValue [for]
|   |   |-> 3.10e-01 sec 0.1% 100.0% 0.0% ------ 2400 computeGradBoundaryFixedValue [for]
|   |   |-> 2.93e-01 sec 0.1% 100.0% 0.0% ------ 1650 extrapolateValue [for]
|   |-> 2.31e+00 sec 0.8% 0.0% 0.0% 100.0% 0.00e+00 30 neoSimpleFoam.write [region]
|-> 3.35e+01 sec 11.8% 0.8% 0.0% 99.2% 3.14e+01 1 neoSimpleFoam.setup [region]

BOTTOM-UP TIME TREE:
<average time> <percent of total time> <percent time in Kokkos> <percent MPI imbalance> <number of calls> <name> [type]
===================
|-> 1.41e+02 sec 49.6% 0.0% 0.0% 0.0% 0.00e+00 30 neoSimpleFoam.pressureCorrector.pEqn [region]
|   |-> 1.41e+02 sec 49.6% 0.0% 0.0% 0.0% 0.00e+00 30 neoSimpleFoam.pressureCorrector [region]
|       |-> 1.41e+02 sec 49.6% 0.0% 0.0% 0.0% 0.00e+00 30 neoSimpleFoam.timeStep [region]
|-> 6.20e+01 sec 21.9% 0.0% 0.0% 0.0% 0.00e+00 30 neoSimpleFoam.momentumPredictor [region]
|   |-> 6.20e+01 sec 21.9% 0.0% 0.0% 0.0% 0.00e+00 30 neoSimpleFoam.timeStep [region]
|-> 3.32e+01 sec 11.7% 0.0% 0.0% 0.0% 0.00e+00 1 neoSimpleFoam.setup [region]
|-> 1.07e+01 sec 3.8% 0.0% 0.0% 0.0% 0.00e+00 30 neoSimpleFoam.turbulenceCorrect [region]
|   |-> 1.07e+01 sec 3.8% 0.0% 0.0% 0.0% 0.00e+00 30 neoSimpleFoam.timeStep [region]
|-> 5.20e+00 sec 1.8% 0.0% 0.0% 0.0% 0.00e+00 30 neoSimpleFoam.pressureCorrector [region]
|   |-> 5.20e+00 sec 1.8% 0.0% 0.0% 0.0% 0.00e+00 30 neoSimpleFoam.timeStep [region]
|-> 4.62e+00 sec 1.6% 100.0% 0.0% ------ 10215 fill [for]
|   |-> 1.87e+00 sec 0.7% 100.0% 0.0% 0.0% 0.00e+00 2629 neoSimpleFoam.momentumPredictor [region]
|   |   |-> 1.87e+00 sec 0.7% 100.0% 0.0% 0.0% 0.00e+00 2629 neoSimpleFoam.timeStep [region]
|   |-> 1.34e+00 sec 0.5% 100.0% 0.0% 0.0% 0.00e+00 2734 neoSimpleFoam.turbulenceCorrect [region]
|   |   |-> 1.34e+00 sec 0.5% 100.0% 0.0% 0.0% 0.00e+00 2734 neoSimpleFoam.timeStep [region]
|   |-> 1.03e+00 sec 0.4% 100.0% 0.0% 0.0% 0.00e+00 3660 neoSimpleFoam.pressureCorrector [region]
|   |   |-> 1.03e+00 sec 0.4% 100.0% 0.0% 0.0% 0.00e+00 3660 neoSimpleFoam.timeStep [region]
|   |-> 3.13e-01 sec 0.1% 100.0% 0.0% 0.0% 0.00e+00 943 neoSimpleFoam.pressureCorrector.pEqn [region]
|   |   |-> 3.13e-01 sec 0.1% 100.0% 0.0% 0.0% 0.00e+00 943 neoSimpleFoam.pressureCorrector [region]
|   |       |-> 3.13e-01 sec 0.1% 100.0% 0.0% 0.0% 0.00e+00 943 neoSimpleFoam.timeStep [region]
|-> 4.21e+00 sec 1.5% 100.0% 0.0% ------ 272 computeGradInternal [for]
|   |-> 1.65e+00 sec 0.6% 100.0% 0.0% 0.0% 0.00e+00 120 neoSimpleFoam.turbulenceCorrect [region]
|   |   |-> 1.65e+00 sec 0.6% 100.0% 0.0% 0.0% 0.00e+00 120 neoSimpleFoam.timeStep [region]
|   |-> 1.52e+00 sec 0.5% 100.0% 0.0% 0.0% 0.00e+00 90 neoSimpleFoam.pressureCorrector [region]
|   |   |-> 1.52e+00 sec 0.5% 100.0% 0.0% 0.0% 0.00e+00 90 neoSimpleFoam.timeStep [region]
|   |-> 5.19e-01 sec 0.2% 100.0% 0.0% 0.0% 0.00e+00 30 neoSimpleFoam.pressureCorrector.pEqn [region]
|   |   |-> 5.19e-01 sec 0.2% 100.0% 0.0% 0.0% 0.00e+00 30 neoSimpleFoam.pressureCorrector [region]
|   |       |-> 5.19e-01 sec 0.2% 100.0% 0.0% 0.0% 0.00e+00 30 neoSimpleFoam.timeStep [region]
|   |-> 5.04e-01 sec 0.2% 100.0% 0.0% 0.0% 0.00e+00 30 neoSimpleFoam.momentumPredictor [region]
|   |   |-> 5.04e-01 sec 0.2% 100.0% 0.0% 0.0% 0.00e+00 30 neoSimpleFoam.timeStep [region]
|-> 2.31e+00 sec 0.8% 0.0% 0.0% 0.0% 0.00e+00 30 neoSimpleFoam.write [region]
|   |-> 2.31e+00 sec 0.8% 0.0% 0.0% 0.0% 0.00e+00 30 neoSimpleFoam.timeStep [region]
|-> 1.96e+00 sec 0.7% 100.0% 0.0% ------ 91 computeGradTensorInternal [for]
|   |-> 1.18e+00 sec 0.4% 100.0% 0.0% 0.0% 0.00e+00 60 neoSimpleFoam.momentumPredictor [region]
|   |   |-> 1.18e+00 sec 0.4% 100.0% 0.0% 0.0% 0.00e+00 60 neoSimpleFoam.timeStep [region]
|   |-> 7.50e-01 sec 0.3% 100.0% 0.0% 0.0% 0.00e+00 30 neoSimpleFoam.turbulenceCorrect [region]
|   |   |-> 7.50e-01 sec 0.3% 100.0% 0.0% 0.0% 0.00e+00 30 neoSimpleFoam.timeStep [region]
|-> 1.94e+00 sec 0.7% 100.0% 0.0% ------ 9955 extrapolateValue [for]
|   |-> 1.63e+00 sec 0.6% 100.0% 0.0% 0.0% 0.00e+00 8250 neoSimpleFoam.pressureCorrector [region]
|   |   |-> 1.63e+00 sec 0.6% 100.0% 0.0% 0.0% 0.00e+00 8250 neoSimpleFoam.timeStep [region]
|   |-> 2.93e-01 sec 0.1% 100.0% 0.0% 0.0% 0.00e+00 1650 neoSimpleFoam.turbulenceCorrect [region]
|   |   |-> 2.93e-01 sec 0.1% 100.0% 0.0% 0.0% 0.00e+00 1650 neoSimpleFoam.timeStep [region]
|-> 1.42e+00 sec 0.5% 100.0% 0.0% ------ 8208 computeGradBoundaryRefGrad [for]
|   |-> 8.32e-01 sec 0.3% 100.0% 0.0% 0.0% 0.00e+00 3960 neoSimpleFoam.pressureCorrector [region]
|   |   |-> 8.32e-01 sec 0.3% 100.0% 0.0% 0.0% 0.00e+00 3960 neoSimpleFoam.timeStep [region]
|   |-> 4.10e-01 sec 0.1% 100.0% 0.0% 0.0% 0.00e+00 2880 neoSimpleFoam.turbulenceCorrect [region]
|   |   |-> 4.10e-01 sec 0.1% 100.0% 0.0% 0.0% 0.00e+00 2880 neoSimpleFoam.timeStep [region]
|-> 8.28e-01 sec 0.3% 100.0% 0.0% ------ 4954 setGradientValue [for]
|   |-> 3.61e-01 sec 0.1% 100.0% 0.0% 0.0% 0.00e+00 1590 neoSimpleFoam.pressureCorrector [region]
|   |   |-> 3.61e-01 sec 0.1% 100.0% 0.0% 0.0% 0.00e+00 1590 neoSimpleFoam.timeStep [region]
|   |-> 3.50e-01 sec 0.1% 100.0% 0.0% 0.0% 0.00e+00 1590 neoSimpleFoam.turbulenceCorrect [region]
|   |   |-> 3.50e-01 sec 0.1% 100.0% 0.0% 0.0% 0.00e+00 1590 neoSimpleFoam.timeStep [region]
|-> 7.03e-01 sec 0.2% 100.0% 0.0% ------ 3102 parallelFor [for]
|   |-> 3.76e-01 sec 0.1% 100.0% 0.0% 0.0% 0.00e+00 2100 neoSimpleFoam.pressureCorrector [region]
|   |   |-> 3.76e-01 sec 0.1% 100.0% 0.0% 0.0% 0.00e+00 2100 neoSimpleFoam.timeStep [region]
|-> 6.95e-01 sec 0.2% 100.0% 0.0% ------ 31 parallelScan [scan]
|   |-> 6.95e-01 sec 0.2% 100.0% 0.0% 0.0% 0.00e+00 31 neoSimpleFoam.momentumPredictor [region]
|       |-> 6.95e-01 sec 0.2% 100.0% 0.0% 0.0% 0.00e+00 31 neoSimpleFoam.timeStep [region]
|-> 6.15e-01 sec 0.2% 100.0% 0.0% ------ 30 addDivCorrectionToRhs [for]
|   |-> 6.15e-01 sec 0.2% 100.0% 0.0% 0.0% 0.00e+00 30 neoSimpleFoam.momentumPredictor [region]
|       |-> 6.15e-01 sec 0.2% 100.0% 0.0% 0.0% 0.00e+00 30 neoSimpleFoam.timeStep [region]
|-> 5.86e-01 sec 0.2% 100.0% 0.0% ------ 120 computeLaplacianImplicitCorrection [for]
|   |-> 4.84e-01 sec 0.2% 100.0% 0.0% 0.0% 0.00e+00 30 neoSimpleFoam.momentumPredictor [region]
|   |   |-> 4.84e-01 sec 0.2% 100.0% 0.0% 0.0% 0.00e+00 30 neoSimpleFoam.timeStep [region]
|-> 5.67e-01 sec 0.2% 100.0% 0.0% ------ 120 computeLocalLaplacianCoefficients [for]
|-> 5.33e-01 sec 0.2% 100.0% 0.0% ------ 1530 kOmegaSST::omegaWFGFeedback [for]
|   |-> 5.33e-01 sec 0.2% 100.0% 0.0% 0.0% 0.00e+00 1530 neoSimpleFoam.turbulenceCorrect [region]
|       |-> 5.33e-01 sec 0.2% 100.0% 0.0% 0.0% 0.00e+00 1530 neoSimpleFoam.timeStep [region]
|-> 4.78e-01 sec 0.2% 100.0% 0.0% ------ 4004 computeGradTensorBoundaryReconstruct [for]
|-> 4.44e-01 sec 0.2% 100.0% 0.0% ------ 552 computeLinearInterpolationInternal [for]
|-> 4.01e-01 sec 0.1% 100.0% 0.0% ------ 90 computeLocalGaussGreenDivCoefficients [for]
|-> 3.81e-01 sec 0.1% 100.0% 0.0% ------ 1581 setNutUSpaldingWallFunction [for]
|   |-> 3.68e-01 sec 0.1% 100.0% 0.0% 0.0% 0.00e+00 1530 neoSimpleFoam.turbulenceCorrect [region]
|   |   |-> 3.68e-01 sec 0.1% 100.0% 0.0% 0.0% 0.00e+00 1530 neoSimpleFoam.timeStep [region]
|-> 3.55e-01 sec 0.1% 100.0% 0.0% ------ 1413 setFixedValueVolume [for]
|   |-> 3.37e-01 sec 0.1% 100.0% 0.0% 0.0% 0.00e+00 1200 neoSimpleFoam.pressureCorrector [region]
|   |   |-> 3.37e-01 sec 0.1% 100.0% 0.0% 0.0% 0.00e+00 1200 neoSimpleFoam.timeStep [region]
|-> 3.50e-01 sec 0.1% 100.0% 0.0% ------ 1530 setOmegaWallFunction [for]
|   |-> 3.50e-01 sec 0.1% 100.0% 0.0% 0.0% 0.00e+00 1530 neoSimpleFoam.turbulenceCorrect [region]
|       |-> 3.50e-01 sec 0.1% 100.0% 0.0% 0.0% 0.00e+00 1530 neoSimpleFoam.timeStep [region]
|-> 3.39e-01 sec 0.1% 100.0% 0.0% ------ 272 computeGradBoundary [for]
|-> 3.36e-01 sec 0.1% 100.0% 0.0% ------ 1302 updateProcBoundaryOwnerValue [for]
|-> 3.35e-01 sec 0.1% 0.0% 0.0% 0.0% 0.00e+00 30 neoSimpleFoam.timeStep [region]
|-> 3.24e-01 sec 0.1% 100.0% 0.0% ------ 2440 computeGradBoundaryFixedValue [for]
|   |-> 3.10e-01 sec 0.1% 100.0% 0.0% 0.0% 0.00e+00 2400 neoSimpleFoam.turbulenceCorrect [region]
|   |   |-> 3.10e-01 sec 0.1% 100.0% 0.0% 0.0% 0.00e+00 2400 neoSimpleFoam.timeStep [region]

KOKKOS HOST SPACE:
===================
MAX MEMORY ALLOCATED: 1290469.1 kB
ALLOCATIONS AT TIME OF HIGH WATER MARK:
  29.9% neoSimpleFoam.timeStep/neoSimpleFoam.momentumPredictor/Vector
  29.9% neoSimpleFoam.timeStep/neoSimpleFoam.momentumPredictor/Vector
  15.5% neoSimpleFoam.timeStep/neoSimpleFoam.momentumPredictor/Vector
  14.9% neoSimpleFoam.timeStep/neoSimpleFoam.momentumPredictor/Vector
  4.9% neoSimpleFoam.timeStep/neoSimpleFoam.momentumPredictor/Vector
  4.9% neoSimpleFoam.timeStep/neoSimpleFoam.momentumPredictor/Vector

KOKKOS CUDA SPACE:
===================
MAX MEMORY ALLOCATED: 0.0 kB
ALLOCATIONS AT TIME OF HIGH WATER MARK:

KOKKOS HIP SPACE:
===================
MAX MEMORY ALLOCATED: 0.0 kB
ALLOCATIONS AT TIME OF HIGH WATER MARK:

KOKKOS SYCL SPACE:
===================
MAX MEMORY ALLOCATED: 0.0 kB
ALLOCATIONS AT TIME OF HIGH WATER MARK:

KOKKOS OpenMPTarget SPACE:
===================
MAX MEMORY ALLOCATED: 0.0 kB
ALLOCATIONS AT TIME OF HIGH WATER MARK:

Host process high water mark memory consumption: 14713772 kB

END KOKKOS PROFILING REPORT.
Finalising parallel run
