/*---------------------------------------------------------------------------*\
| =========                 |                                                 |
| \\      /  F ield         | OpenFOAM: The Open Source CFD Toolbox           |
|  \\    /   O peration     | Version:  2506                                  |
|   \\  /    A nd           | Website:  www.openfoam.com                      |
|    \\/     M anipulation  |                                                 |
\*---------------------------------------------------------------------------*/
Build  : b050cd9480-20250814 OPENFOAM=2506 version=v2506
Arch   : "LSB;label=32;scalar=64"
Exec   : /storage/home/greole/code/NeoFOAM/build/profilingnvidia_h200/bin/neoSimpleFoam -parallel
Date   : Jun 28 2026
Time   : 19:05:04
Host   : gpu-nvidia-h200-3.int.coma-cluster.de
PID    : 726018
I/O    : uncollated
Case   : /storage/home/greole/code/NeoFOAM/occDrivAerStaticMesh
nProcs : 4
Hosts  :
(
    (gpu-nvidia-h200-3.int.coma-cluster.de 4)
)
Pstream initialized with:
    node communication : off [type=host] (4 ranks, 1 nodes)
    topology controls  : none
    consensus exchange : 0 (tuning: 0)
    exchange algorithm : 0
    commsType          : nonBlocking
    polling iterations : 0
trapFpe: Floating point exception trapping enabled (FOAM_SIGFPE).
fileModificationChecking : Monitoring run-time modified files using timeStampMaster (fileModificationSkew 5, maxFileModificationPolls 20)
allowSystemOperations : Allowing user-supplied system call operations

// * * * * * * * * * * * * * * * * * * * * * * * * * * * * * * * * * * * * * //
Create time

Initializing NeoN
Creating Executor GPU
Creating NeoFOAM runTime
[0] [stack trace]
[0] =============
[0] #1  Foam::sigFpe::sigHandler(int) in ~/OpenFOAM/openfoam/platforms/linux64GccDPInt32Opt/lib/libOpenFOAM.so
[0] #2  ?[2] [stack trace]
[2] =============
[2] #1  Foam::sigFpe::sigHandler(int) in /lib64/libc.so.6
[0] #3  Kokkos::Impl::ParallelFor<__nv_hdl_wrapper_t<false, false, false, __nv_dl_tag<void (*)(NeoN::Vector<int>&, NeoN::View<int const>, std::pair<int, int>), &(void NeoN::setContainer<NeoN::Vector, int>(NeoN::Vector<int>&, NeoN::View<std::type_identity<int>::type const>, std::pair<int, int>)), 1u>, void (int), NeoN::View<int>, NeoN::View<int const> const>, Kokkos::RangePolicy<Kokkos::Cuda, Kokkos::IndexType<int> >, Kokkos::Cuda>::execute() const[1] [stack trace]
[1] =============
[1] #1  Foam::sigFpe::sigHandler(int) in ~/OpenFOAM/openfoam/platforms/linux64GccDPInt32Opt/lib/libOpenFOAM.so
[2] #2  ? in /lib64/libc.so.6
 in ~/OpenFOAM/openfoam/platforms/linux64GccDPInt32Opt/lib/libOpenFOAM.so
[1] #2  ?[2] #3  Kokkos::Impl::ParallelFor<__nv_hdl_wrapper_t<false, false, false, __nv_dl_tag<void (*)(NeoN::Vector<int>&, NeoN::View<int const>, std::pair<int, int>), &(void NeoN::setContainer<NeoN::Vector, int>(NeoN::Vector<int>&, NeoN::View<std::type_identity<int>::type const>, std::pair<int, int>)), 1u>, void (int), NeoN::View<int>, NeoN::View<int const> const>, Kokkos::RangePolicy<Kokkos::Cuda, Kokkos::IndexType<int> >, Kokkos::Cuda>::execute() const in /lib64/libc.so.6
[1] #3  Kokkos::Impl::ParallelFor<__nv_hdl_wrapper_t<false, false, false, __nv_dl_tag<void (*)(NeoN::Vector<int>&, NeoN::View<int const>, std::pair<int, int>), &(void NeoN::setContainer<NeoN::Vector, int>(NeoN::Vector<int>&, NeoN::View<std::type_identity<int>::type const>, std::pair<int, int>)), 1u>, void (int), NeoN::View<int>, NeoN::View<int const> const>, Kokkos::RangePolicy<Kokkos::Cuda, Kokkos::IndexType<int> >, Kokkos::Cuda>::execute() const[3] [stack trace]
[3] =============
[3] #1  Foam::sigFpe::sigHandler(int) in ~/OpenFOAM/openfoam/platforms/linux64GccDPInt32Opt/lib/libOpenFOAM.so
[3] #2  ? in /lib64/libc.so.6
[3] #3  Kokkos::Impl::ParallelFor<__nv_hdl_wrapper_t<false, false, false, __nv_dl_tag<void (*)(NeoN::Vector<int>&, NeoN::View<int const>, std::pair<int, int>), &(void NeoN::setContainer<NeoN::Vector, int>(NeoN::Vector<int>&, NeoN::View<std::type_identity<int>::type const>, std::pair<int, int>)), 1u>, void (int), NeoN::View<int>, NeoN::View<int const> const>, Kokkos::RangePolicy<Kokkos::Cuda, Kokkos::IndexType<int> >, Kokkos::Cuda>::execute() const at ~/code/NeoFOAM/build/profilingnvidia_h200/_deps/kokkos-src/core/src/Cuda/Kokkos_Cuda_Parallel_Range.hpp:101
[1] #4  void Kokkos::parallel_for<Kokkos::RangePolicy<Kokkos::Cuda, Kokkos::IndexType<int> >, __nv_hdl_wrapper_t<false, false, false, __nv_dl_tag<void (*)(NeoN::Vector<int>&, NeoN::View<int const>, std::pair<int, int>), &(void NeoN::setContainer<NeoN::Vector, int>(NeoN::Vector<int>&, NeoN::View<std::type_identity<int>::type const>, std::pair<int, int>)), 1u>, void (int), NeoN::View<int>, NeoN::View<int const> const>, void>(std::__cxx11::basic_string<char, std::char_traits<char>, std::allocator<char> > const&, Kokkos::RangePolicy<Kokkos::Cuda, Kokkos::IndexType<int> > const&, __nv_hdl_wrapper_t<false, false, false, __nv_dl_tag<void (*)(NeoN::Vector<int>&, NeoN::View<int const>, std::pair<int, int>), &(void NeoN::setContainer<NeoN::Vector, int>(NeoN::Vector<int>&, NeoN::View<std::type_identity<int>::type const>, std::pair<int, int>)), 1u>, void (int), NeoN::View<int>, NeoN::View<int const> const> const&) at ~/code/NeoFOAM/build/profilingnvidia_h200/_deps/kokkos-src/core/src/Cuda/Kokkos_Cuda_Parallel_Range.hpp:101
[2] #4  void Kokkos::parallel_for<Kokkos::RangePolicy<Kokkos::Cuda, Kokkos::IndexType<int> >, __nv_hdl_wrapper_t<false, false, false, __nv_dl_tag<void (*)(NeoN::Vector<int>&, NeoN::View<int const>, std::pair<int, int>), &(void NeoN::setContainer<NeoN::Vector, int>(NeoN::Vector<int>&, NeoN::View<std::type_identity<int>::type const>, std::pair<int, int>)), 1u>, void (int), NeoN::View<int>, NeoN::View<int const> const>, void>(std::__cxx11::basic_string<char, std::char_traits<char>, std::allocator<char> > const&, Kokkos::RangePolicy<Kokkos::Cuda, Kokkos::IndexType<int> > const&, __nv_hdl_wrapper_t<false, false, false, __nv_dl_tag<void (*)(NeoN::Vector<int>&, NeoN::View<int const>, std::pair<int, int>), &(void NeoN::setContainer<NeoN::Vector, int>(NeoN::Vector<int>&, NeoN::View<std::type_identity<int>::type const>, std::pair<int, int>)), 1u>, void (int), NeoN::View<int>, NeoN::View<int const> const> const&) at ~/code/NeoFOAM/build/profilingnvidia_h200/_deps/kokkos-src/core/src/Cuda/Kokkos_Cuda_Parallel_Range.hpp:101
[0] #4  void Kokkos::parallel_for<Kokkos::RangePolicy<Kokkos::Cuda, Kokkos::IndexType<int> >, __nv_hdl_wrapper_t<false, false, false, __nv_dl_tag<void (*)(NeoN::Vector<int>&, NeoN::View<int const>, std::pair<int, int>), &(void NeoN::setContainer<NeoN::Vector, int>(NeoN::Vector<int>&, NeoN::View<std::type_identity<int>::type const>, std::pair<int, int>)), 1u>, void (int), NeoN::View<int>, NeoN::View<int const> const>, void>(std::__cxx11::basic_string<char, std::char_traits<char>, std::allocator<char> > const&, Kokkos::RangePolicy<Kokkos::Cuda, Kokkos::IndexType<int> > const&, __nv_hdl_wrapper_t<false, false, false, __nv_dl_tag<void (*)(NeoN::Vector<int>&, NeoN::View<int const>, std::pair<int, int>), &(void NeoN::setContainer<NeoN::Vector, int>(NeoN::Vector<int>&, NeoN::View<std::type_identity<int>::type const>, std::pair<int, int>)), 1u>, void (int), NeoN::View<int>, NeoN::View<int const> const> const&) at ~/code/NeoFOAM/build/profilingnvidia_h200/_deps/kokkos-src/core/src/Cuda/Kokkos_Cuda_Parallel_Range.hpp:101
[3] #4  void Kokkos::parallel_for<Kokkos::RangePolicy<Kokkos::Cuda, Kokkos::IndexType<int> >, __nv_hdl_wrapper_t<false, false, false, __nv_dl_tag<void (*)(NeoN::Vector<int>&, NeoN::View<int const>, std::pair<int, int>), &(void NeoN::setContainer<NeoN::Vector, int>(NeoN::Vector<int>&, NeoN::View<std::type_identity<int>::type const>, std::pair<int, int>)), 1u>, void (int), NeoN::View<int>, NeoN::View<int const> const>, void>(std::__cxx11::basic_string<char, std::char_traits<char>, std::allocator<char> > const&, Kokkos::RangePolicy<Kokkos::Cuda, Kokkos::IndexType<int> > const&, __nv_hdl_wrapper_t<false, false, false, __nv_dl_tag<void (*)(NeoN::Vector<int>&, NeoN::View<int const>, std::pair<int, int>), &(void NeoN::setContainer<NeoN::Vector, int>(NeoN::Vector<int>&, NeoN::View<std::type_identity<int>::type const>, std::pair<int, int>)), 1u>, void (int), NeoN::View<int>, NeoN::View<int const> const> const&) at ~/code/NeoFOAM/build/profilingnvidia_h200/_deps/kokkos-src/core/src/impl/Kokkos_Tools_Generic.hpp:471
 at ~/code/NeoFOAM/build/profilingnvidia_h200/_deps/kokkos-src/core/src/impl/Kokkos_Tools_Generic.hpp:471
[1] #5  void NeoN::setContainer<NeoN::Vector, int>(NeoN::Vector<int>&, NeoN::View<std::type_identity<int>::type const>, std::pair<int, int>)[2] #5  void NeoN::setContainer<NeoN::Vector, int>(NeoN::Vector<int>&, NeoN::View<std::type_identity<int>::type const>, std::pair<int, int>) at ~/code/NeoFOAM/build/profilingnvidia_h200/_deps/kokkos-src/core/src/impl/Kokkos_Tools_Generic.hpp:471
[0] #5  void NeoN::setContainer<NeoN::Vector, int>(NeoN::Vector<int>&, NeoN::View<std::type_identity<int>::type const>, std::pair<int, int>) at ~/code/NeoFOAM/build/profilingnvidia_h200/_deps/kokkos-src/core/src/impl/Kokkos_Tools_Generic.hpp:471
[3] #5  void NeoN::setContainer<NeoN::Vector, int>(NeoN::Vector<int>&, NeoN::View<std::type_identity<int>::type const>, std::pair<int, int>) at ~/code/NeoFOAM/build/profilingnvidia_h200/_deps/kokkos-src/core/src/impl/Kokkos_HostSharedPtr.hpp:79
 at ~/code/NeoFOAM/build/profilingnvidia_h200/_deps/kokkos-src/core/src/impl/Kokkos_HostSharedPtr.hpp:79
[1] #6  NeoN::Vector<int>::operator=(NeoN::Vector<int> const&)[2] #6  NeoN::Vector<int>::operator=(NeoN::Vector<int> const&) at ~/code/NeoFOAM/build/profilingnvidia_h200/_deps/kokkos-src/core/src/impl/Kokkos_HostSharedPtr.hpp:79
[0] #6  NeoN::Vector<int>::operator=(NeoN::Vector<int> const&) at ~/code/NeoFOAM/build/profilingnvidia_h200/_deps/kokkos-src/core/src/impl/Kokkos_HostSharedPtr.hpp:79
[3] #6  NeoN::Vector<int>::operator=(NeoN::Vector<int> const&) at ~/code/NeoN/src/core/vector/vector.cpp:126
 at ~/code/NeoN/src/core/vector/vector.cpp:126
[1] #7  NeoN::BoundaryMesh::computeRowOrderWriteIndex()[2] #7  NeoN::BoundaryMesh::computeRowOrderWriteIndex() at ~/code/NeoN/src/core/vector/vector.cpp:126
[0] #7  NeoN::BoundaryMesh::computeRowOrderWriteIndex() at ~/code/NeoN/src/core/vector/vector.cpp:126
[3] #7  NeoN::BoundaryMesh::computeRowOrderWriteIndex() at  at ~/code/NeoN/src/mesh/unstructured/boundaryMesh.cpp:167 (discriminator 4)
~/code/NeoN/src/mesh/unstructured/boundaryMesh.cpp:167 (discriminator 4)
[1] #8  [2] #8  NeoN::BoundaryMesh::BoundaryMesh(std::variant<NeoN::SerialExecutor, NeoN::CPUExecutor, NeoN::GPUExecutor> const&, NeoN::Vector<int>, NeoN::Vector<NeoN::Vec3>, NeoN::Vector<NeoN::Vec3>, NeoN::Vector<NeoN::Vec3>, NeoN::Vector<double>, NeoN::Vector<NeoN::Vec3>, NeoN::Vector<NeoN::Vec3>, NeoN::Vector<double>, NeoN::Vector<double>, std::vector<int, std::allocator<int> >, int, std::vector<int, std::allocator<int> >)NeoN::BoundaryMesh::BoundaryMesh(std::variant<NeoN::SerialExecutor, NeoN::CPUExecutor, NeoN::GPUExecutor> const&, NeoN::Vector<int>, NeoN::Vector<NeoN::Vec3>, NeoN::Vector<NeoN::Vec3>, NeoN::Vector<NeoN::Vec3>, NeoN::Vector<double>, NeoN::Vector<NeoN::Vec3>, NeoN::Vector<NeoN::Vec3>, NeoN::Vector<double>, NeoN::Vector<double>, std::vector<int, std::allocator<int> >, int, std::vector<int, std::allocator<int> >) at ~/code/NeoN/src/mesh/unstructured/boundaryMesh.cpp:167 (discriminator 4)
[0] #8  NeoN::BoundaryMesh::BoundaryMesh(std::variant<NeoN::SerialExecutor, NeoN::CPUExecutor, NeoN::GPUExecutor> const&, NeoN::Vector<int>, NeoN::Vector<NeoN::Vec3>, NeoN::Vector<NeoN::Vec3>, NeoN::Vector<NeoN::Vec3>, NeoN::Vector<double>, NeoN::Vector<NeoN::Vec3>, NeoN::Vector<NeoN::Vec3>, NeoN::Vector<double>, NeoN::Vector<double>, std::vector<int, std::allocator<int> >, int, std::vector<int, std::allocator<int> >) at ~/code/NeoN/src/mesh/unstructured/boundaryMesh.cpp:39
[2] #9  NeoFOAM::readOpenFOAMMesh(std::variant<NeoN::SerialExecutor, NeoN::CPUExecutor, NeoN::GPUExecutor>, Foam::fvMesh const&, bool) at ~/code/NeoN/src/mesh/unstructured/boundaryMesh.cpp:167 (discriminator 4)
 at ~/code/NeoN/src/mesh/unstructured/boundaryMesh.cpp:39
[1] #9  NeoFOAM::readOpenFOAMMesh(std::variant<NeoN::SerialExecutor, NeoN::CPUExecutor, NeoN::GPUExecutor>, Foam::fvMesh const&, bool)[3] #8  NeoN::BoundaryMesh::BoundaryMesh(std::variant<NeoN::SerialExecutor, NeoN::CPUExecutor, NeoN::GPUExecutor> const&, NeoN::Vector<int>, NeoN::Vector<NeoN::Vec3>, NeoN::Vector<NeoN::Vec3>, NeoN::Vector<NeoN::Vec3>, NeoN::Vector<double>, NeoN::Vector<NeoN::Vec3>, NeoN::Vector<NeoN::Vec3>, NeoN::Vector<double>, NeoN::Vector<double>, std::vector<int, std::allocator<int> >, int, std::vector<int, std::allocator<int> >) at  at ~/code/NeoFOAM/src/datastructures/meshAdapter.cpp:219 (discriminator 24)
~/code/NeoFOAM/src/datastructures/meshAdapter.cpp:219 (discriminator 24)
[1] #10  [2] #10  NeoFOAM::MeshAdapter::MeshAdapter(std::variant<NeoN::SerialExecutor, NeoN::CPUExecutor, NeoN::GPUExecutor>, Foam::IOobject const&, bool)NeoFOAM::MeshAdapter::MeshAdapter(std::variant<NeoN::SerialExecutor, NeoN::CPUExecutor, NeoN::GPUExecutor>, Foam::IOobject const&, bool) at ~/code/NeoN/src/mesh/unstructured/boundaryMesh.cpp:39
[0] #9  NeoFOAM::readOpenFOAMMesh(std::variant<NeoN::SerialExecutor, NeoN::CPUExecutor, NeoN::GPUExecutor>, Foam::fvMesh const&, bool) at ~/code/NeoN/src/mesh/unstructured/boundaryMesh.cpp:39
[3] #9  NeoFOAM::readOpenFOAMMesh(std::variant<NeoN::SerialExecutor, NeoN::CPUExecutor, NeoN::GPUExecutor>, Foam::fvMesh const&, bool) at  at /storage/apps/opt/spack/opt/spack/__spack_path_placeholder__/__spack_path_placeholder__/__spack_path_placeholder__/__spack_path_placeholder__/__spack_path_placeholder__/__spack_path_placeholder__/__spack_path_placeholder__/__spack_path_placeholder__/__spac/linux-x86_64_v3/gcc-13.3.0-pc5contataet2iuufjrcsndtp6ub6hpk/lib/gcc/x86_64-pc-linux-gnu/13.3.0/../../../../include/c++/13.3.0/variant:506
/storage/apps/opt/spack/opt/spack/__spack_path_placeholder__/__spack_path_placeholder__/__spack_path_placeholder__/__spack_path_placeholder__/__spack_path_placeholder__/__spack_path_placeholder__/__spack_path_placeholder__/__spack_path_placeholder__/__spac/linux-x86_64_v3/gcc-13.3.0-pc5contataet2iuufjrcsndtp6ub6hpk/lib/gcc/x86_64-pc-linux-gnu/13.3.0/../../../../include/c++/13.3.0/variant:506
[1] #11  [2] #11  NeoFOAM::createMesh(std::variant<NeoN::SerialExecutor, NeoN::CPUExecutor, NeoN::GPUExecutor> const&, Foam::Time const&)NeoFOAM::createMesh(std::variant<NeoN::SerialExecutor, NeoN::CPUExecutor, NeoN::GPUExecutor> const&, Foam::Time const&) at ~/code/NeoFOAM/src/datastructures/meshAdapter.cpp:219 (discriminator 24)
[0] #10  NeoFOAM::MeshAdapter::MeshAdapter(std::variant<NeoN::SerialExecutor, NeoN::CPUExecutor, NeoN::GPUExecutor>, Foam::IOobject const&, bool) at ~/code/NeoFOAM/src/datastructures/meshAdapter.cpp:219 (discriminator 24)
[3] #10  NeoFOAM::MeshAdapter::MeshAdapter(std::variant<NeoN::SerialExecutor, NeoN::CPUExecutor, NeoN::GPUExecutor>, Foam::IOobject const&, bool) at  at /storage/apps/opt/spack/opt/spack/__spack_path_placeholder__/__spack_path_placeholder__/__spack_path_placeholder__/__spack_path_placeholder__/__spack_path_placeholder__/__spack_path_placeholder__/__spack_path_placeholder__/__spack_path_placeholder__/__spac/linux-x86_64_v3/gcc-13.3.0-pc5contataet2iuufjrcsndtp6ub6hpk/lib/gcc/x86_64-pc-linux-gnu/13.3.0/../../../../include/c++/13.3.0/bits/unique_ptr.h:176 (discriminator 2)
/storage/apps/opt/spack/opt/spack/__spack_path_placeholder__/__spack_path_placeholder__/__spack_path_placeholder__/__spack_path_placeholder__/__spack_path_placeholder__/__spack_path_placeholder__/__spack_path_placeholder__/__spack_path_placeholder__/__spac/linux-x86_64_v3/gcc-13.3.0-pc5contataet2iuufjrcsndtp6ub6hpk/lib/gcc/x86_64-pc-linux-gnu/13.3.0/../../../../include/c++/13.3.0/bits/unique_ptr.h:176 (discriminator 2)
[1] #12  [2] #12  NeoFOAM::createAdapterRunTime(Foam::Time const&, std::variant<NeoN::SerialExecutor, NeoN::CPUExecutor, NeoN::GPUExecutor>)NeoFOAM::createAdapterRunTime(Foam::Time const&, std::variant<NeoN::SerialExecutor, NeoN::CPUExecutor, NeoN::GPUExecutor>) at /storage/apps/opt/spack/opt/spack/__spack_path_placeholder__/__spack_path_placeholder__/__spack_path_placeholder__/__spack_path_placeholder__/__spack_path_placeholder__/__spack_path_placeholder__/__spack_path_placeholder__/__spack_path_placeholder__/__spac/linux-x86_64_v3/gcc-13.3.0-pc5contataet2iuufjrcsndtp6ub6hpk/lib/gcc/x86_64-pc-linux-gnu/13.3.0/../../../../include/c++/13.3.0/variant:506
[0] #11  NeoFOAM::createMesh(std::variant<NeoN::SerialExecutor, NeoN::CPUExecutor, NeoN::GPUExecutor> const&, Foam::Time const&) at /storage/apps/opt/spack/opt/spack/__spack_path_placeholder__/__spack_path_placeholder__/__spack_path_placeholder__/__spack_path_placeholder__/__spack_path_placeholder__/__spack_path_placeholder__/__spack_path_placeholder__/__spack_path_placeholder__/__spac/linux-x86_64_v3/gcc-13.3.0-pc5contataet2iuufjrcsndtp6ub6hpk/lib/gcc/x86_64-pc-linux-gnu/13.3.0/../../../../include/c++/13.3.0/variant:506
[3] #11  NeoFOAM::createMesh(std::variant<NeoN::SerialExecutor, NeoN::CPUExecutor, NeoN::GPUExecutor> const&, Foam::Time const&) at /storage/apps/opt/spack/opt/spack/__spack_path_placeholder__/__spack_path_placeholder__/__spack_path_placeholder__/__spack_path_placeholder__/__spack_path_placeholder__/__spack_path_placeholder__/__spack_path_placeholder__/__spack_path_placeholder__/__spac/linux-x86_64_v3/gcc-13.3.0-pc5contataet2iuufjrcsndtp6ub6hpk/lib/gcc/x86_64-pc-linux-gnu/13.3.0/../../../../include/c++/13.3.0/bits/unique_ptr.h:199 (discriminator 1)
[2] #13  NeoFOAM::createAdapterRunTime(Foam::Time const&) at /storage/apps/opt/spack/opt/spack/__spack_path_placeholder__/__spack_path_placeholder__/__spack_path_placeholder__/__spack_path_placeholder__/__spack_path_placeholder__/__spack_path_placeholder__/__spack_path_placeholder__/__spack_path_placeholder__/__spac/linux-x86_64_v3/gcc-13.3.0-pc5contataet2iuufjrcsndtp6ub6hpk/lib/gcc/x86_64-pc-linux-gnu/13.3.0/../../../../include/c++/13.3.0/bits/unique_ptr.h:199 (discriminator 1)
[1] #13  NeoFOAM::createAdapterRunTime(Foam::Time const&) at /storage/apps/opt/spack/opt/spack/__spack_path_placeholder__/__spack_path_placeholder__/__spack_path_placeholder__/__spack_path_placeholder__/__spack_path_placeholder__/__spack_path_placeholder__/__spack_path_placeholder__/__spack_path_placeholder__/__spac/linux-x86_64_v3/gcc-13.3.0-pc5contataet2iuufjrcsndtp6ub6hpk/lib/gcc/x86_64-pc-linux-gnu/13.3.0/../../../../include/c++/13.3.0/bits/unique_ptr.h:176 (discriminator 2)
[0] #12  NeoFOAM::createAdapterRunTime(Foam::Time const&, std::variant<NeoN::SerialExecutor, NeoN::CPUExecutor, NeoN::GPUExecutor>) at /storage/apps/opt/spack/opt/spack/__spack_path_placeholder__/__spack_path_placeholder__/__spack_path_placeholder__/__spack_path_placeholder__/__spack_path_placeholder__/__spack_path_placeholder__/__spack_path_placeholder__/__spack_path_placeholder__/__spac/linux-x86_64_v3/gcc-13.3.0-pc5contataet2iuufjrcsndtp6ub6hpk/lib/gcc/x86_64-pc-linux-gnu/13.3.0/../../../../include/c++/13.3.0/bits/unique_ptr.h:176 (discriminator 2)
[3] #12  NeoFOAM::createAdapterRunTime(Foam::Time const&, std::variant<NeoN::SerialExecutor, NeoN::CPUExecutor, NeoN::GPUExecutor>) at /storage/apps/opt/spack/opt/spack/__spack_path_placeholder__/__spack_path_placeholder__/__spack_path_placeholder__/__spack_path_placeholder__/__spack_path_placeholder__/__spack_path_placeholder__/__spack_path_placeholder__/__spack_path_placeholder__/__spac/linux-x86_64_v3/gcc-13.3.0-pc5contataet2iuufjrcsndtp6ub6hpk/lib/gcc/x86_64-pc-linux-gnu/13.3.0/../../../../include/c++/13.3.0/variant:513
[2] #14  main at /storage/apps/opt/spack/opt/spack/__spack_path_placeholder__/__spack_path_placeholder__/__spack_path_placeholder__/__spack_path_placeholder__/__spack_path_placeholder__/__spack_path_placeholder__/__spack_path_placeholder__/__spack_path_placeholder__/__spac/linux-x86_64_v3/gcc-13.3.0-pc5contataet2iuufjrcsndtp6ub6hpk/lib/gcc/x86_64-pc-linux-gnu/13.3.0/../../../../include/c++/13.3.0/variant:513
[1] #14  main at /storage/apps/opt/spack/opt/spack/__spack_path_placeholder__/__spack_path_placeholder__/__spack_path_placeholder__/__spack_path_placeholder__/__spack_path_placeholder__/__spack_path_placeholder__/__spack_path_placeholder__/__spack_path_placeholder__/__spac/linux-x86_64_v3/gcc-13.3.0-pc5contataet2iuufjrcsndtp6ub6hpk/lib/gcc/x86_64-pc-linux-gnu/13.3.0/../../../../include/c++/13.3.0/bits/unique_ptr.h:199 (discriminator 1)
[0] #13  NeoFOAM::createAdapterRunTime(Foam::Time const&) at /storage/apps/opt/spack/opt/spack/__spack_path_placeholder__/__spack_path_placeholder__/__spack_path_placeholder__/__spack_path_placeholder__/__spack_path_placeholder__/__spack_path_placeholder__/__spack_path_placeholder__/__spack_path_placeholder__/__spac/linux-x86_64_v3/gcc-13.3.0-pc5contataet2iuufjrcsndtp6ub6hpk/lib/gcc/x86_64-pc-linux-gnu/13.3.0/../../../../include/c++/13.3.0/bits/unique_ptr.h:199 (discriminator 1)
[3] #13  NeoFOAM::createAdapterRunTime(Foam::Time const&) at ~/code/NeoFOAM/examples/neoSimpleFoam/neoSimpleFoam.cpp:78
[2] #15  ? at ~/code/NeoFOAM/examples/neoSimpleFoam/neoSimpleFoam.cpp:78
[1] #15  ? in /lib64/libc.so.6
[2] #16  __libc_start_main in /lib64/libc.so.6
[1] #16  __libc_start_main in /lib64/libc.so.6
[2] #17  _start in /lib64/libc.so.6
[1] #17  _start in ~/code/NeoFOAM/build/profilingnvidia_h200/bin/neoSimpleFoam
[1] =============
 in [gpu-nvidia-h200-3:726019] *** Process received signal ***
~/code/NeoFOAM/build/profilingnvidia_h200/bin/neoSimpleFoam
[2] =============
[gpu-nvidia-h200-3:726019] Signal: Floating point exception (8)
[gpu-nvidia-h200-3:726019] Signal code:  (-6)
[gpu-nvidia-h200-3:726019] Failing at address: 0x40f000b1403
[gpu-nvidia-h200-3:726020] *** Process received signal ***
[gpu-nvidia-h200-3:726020] Signal: Floating point exception (8)
[gpu-nvidia-h200-3:726020] Signal code:  (-6)
[gpu-nvidia-h200-3:726020] Failing at address: 0x40f000b1404
[gpu-nvidia-h200-3:726020] [ 0] [gpu-nvidia-h200-3:726019] [ 0] /lib64/libc.so.6(+0x3fc30)[0x7fb106026c30]
[gpu-nvidia-h200-3:726019] [ 1] /lib64/libc.so.6(+0x3fc30)[0x7f94b4568c30]
[gpu-nvidia-h200-3:726020] [ 1] /lib64/libc.so.6(+0x8d02c)[0x7f94b45b602c]
[gpu-nvidia-h200-3:726020] [ 2] /lib64/libc.so.6(+0x8d02c)[0x7fb10607402c]
[gpu-nvidia-h200-3:726019] [ 2] /lib64/libc.so.6(raise+0x16)[0x7fb106026b86]
[gpu-nvidia-h200-3:726019] [ 3] /lib64/libc.so.6(raise+0x16)[0x7f94b4568b86]
[gpu-nvidia-h200-3:726020] [ 3] /lib64/libc.so.6(+0x3fc30)[0x7fb106026c30]
[gpu-nvidia-h200-3:726019] [ 4] /lib64/libc.so.6(+0x3fc30)[0x7f94b4568c30]
[gpu-nvidia-h200-3:726020] [ 4] /storage/home/greole/code/NeoFOAM/build/profilingnvidia_h200/lib/libNeoN.so(_ZNK6Kokkos4Impl11ParallelForI18__nv_hdl_wrapper_tILb0ELb0ELb0E11__nv_dl_tagIPFvRN4NeoN6VectorIiEENS4_4ViewIKiEESt4pairIiiEEXadL_ZNS4_12setContainerIS5_iEEvRT_IT0_ENS8_IKNSt13type_identityISH_E4typeEEESC_EELj1EEFviEJNS8_IiEEKSA_EENS_11RangePolicyIJNS_4CudaENS_9IndexTypeIiEEEEESV_E7executeEv+0x19b)[0x7fb16465236b]
[gpu-nvidia-h200-3:726019] [ 5] /storage/home/greole/code/NeoFOAM/build/profilingnvidia_h200/lib/libNeoN.so(_ZNK6Kokkos4Impl11ParallelForI18__nv_hdl_wrapper_tILb0ELb0ELb0E11__nv_dl_tagIPFvRN4NeoN6VectorIiEENS4_4ViewIKiEESt4pairIiiEEXadL_ZNS4_12setContainerIS5_iEEvRT_IT0_ENS8_IKNSt13type_identityISH_E4typeEEESC_EELj1EEFviEJNS8_IiEEKSA_EENS_11RangePolicyIJNS_4CudaENS_9IndexTypeIiEEEEESV_E7executeEv+0x19b)[0x7f9512b9436b]
[gpu-nvidia-h200-3:726020] [ 5] /storage/home/greole/code/NeoFOAM/build/profilingnvidia_h200/lib/libNeoN.so(_ZN6Kokkos12parallel_forINS_11RangePolicyIJNS_4CudaENS_9IndexTypeIiEEEEE18__nv_hdl_wrapper_tILb0ELb0ELb0E11__nv_dl_tagIPFvRN4NeoN6VectorIiEENS8_4ViewIKiEESt4pairIiiEEXadL_ZNS8_12setContainerIS9_iEEvRT_IT0_ENSC_IKNSt13type_identityISL_E4typeEEESG_EELj1EEFviEJNSC_IiEEKSE_EEvEEvRKNSt7__cxx1112basic_stringIcSt11char_traitsIcESaIcEEERKT_RKSL_+0xef)[0x7fb1646525af]
[gpu-nvidia-h200-3:726019] [ 6] /storage/home/greole/code/NeoFOAM/build/profilingnvidia_h200/lib/libNeoN.so(_ZN6Kokkos12parallel_forINS_11RangePolicyIJNS_4CudaENS_9IndexTypeIiEEEEE18__nv_hdl_wrapper_tILb0ELb0ELb0E11__nv_dl_tagIPFvRN4NeoN6VectorIiEENS8_4ViewIKiEESt4pairIiiEEXadL_ZNS8_12setContainerIS9_iEEvRT_IT0_ENSC_IKNSt13type_identityISL_E4typeEEESG_EELj1EEFviEJNSC_IiEEKSE_EEvEEvRKNSt7__cxx1112basic_stringIcSt11char_traitsIcESaIcEEERKT_RKSL_+0xef)[0x7f9512b945af]
[gpu-nvidia-h200-3:726020] [ 6] /storage/home/greole/code/NeoFOAM/build/profilingnvidia_h200/lib/libNeoN.so(_ZN4NeoN12setContainerINS_6VectorEiEEvRT_IT0_ENS_4ViewIKNSt13type_identityIS3_E4typeEEESt4pairIiiE+0x198)[0x7fb164652a28]
[gpu-nvidia-h200-3:726019] [ 7] /storage/home/greole/code/NeoFOAM/build/profilingnvidia_h200/lib/libNeoN.so(_ZN4NeoN12setContainerINS_6VectorEiEEvRT_IT0_ENS_4ViewIKNSt13type_identityIS3_E4typeEEESt4pairIiiE+0x198)[0x7f9512b94a28]
[gpu-nvidia-h200-3:726020] [ 7] /storage/home/greole/code/NeoFOAM/build/profilingnvidia_h200/lib/libNeoN.so(_ZN4NeoN6VectorIiEaSERKS1_+0xb0)[0x7fb164652c20]
[gpu-nvidia-h200-3:726019] [ 8] /storage/home/greole/code/NeoFOAM/build/profilingnvidia_h200/lib/libNeoN.so(_ZN4NeoN6VectorIiEaSERKS1_+0xb0)[0x7f9512b94c20]
[gpu-nvidia-h200-3:726020] [ 8] /storage/home/greole/code/NeoFOAM/build/profilingnvidia_h200/lib/libNeoN.so(_ZN4NeoN12BoundaryMesh25computeRowOrderWriteIndexEv+0x2cd)[0x7fb1647bfbad]
[gpu-nvidia-h200-3:726019] [ 9] /storage/home/greole/code/NeoFOAM/build/profilingnvidia_h200/lib/libNeoN.so(_ZN4NeoN12BoundaryMesh25computeRowOrderWriteIndexEv+0x2cd)[0x7f9512d01bad]
[gpu-nvidia-h200-3:726020] [ 9] /storage/home/greole/code/NeoFOAM/build/profilingnvidia_h200/lib/libNeoN.so(_ZN4NeoN12BoundaryMeshC1ERKSt7variantIJNS_14SerialExecutorENS_11CPUExecutorENS_11GPUExecutorEEENS_6VectorIiEENS8_INS_4Vec3EEESB_SB_NS8_IdEESB_SB_SC_SC_St6vectorIiSaIiEEiSF_+0x2bf)[0x7fb1647bff6f]
[gpu-nvidia-h200-3:726019] [10] /storage/home/greole/code/NeoFOAM/build/profilingnvidia_h200/lib/libNeoFOAM.so(_ZN7NeoFOAM16readOpenFOAMMeshESt7variantIJN4NeoN14SerialExecutorENS1_11CPUExecutorENS1_11GPUExecutorEEERKN4Foam6fvMeshEb+0x5c0)[0x7fb16f8082d0]
[gpu-nvidia-h200-3:726019] [11] /storage/home/greole/code/NeoFOAM/build/profilingnvidia_h200/lib/libNeoFOAM.so(_ZN7NeoFOAM11MeshAdapterC2ESt7variantIJN4NeoN14SerialExecutorENS2_11CPUExecutorENS2_11GPUExecutorEEERKN4Foam8IOobjectEb+0xde)[0x7fb16f8089de]
[gpu-nvidia-h200-3:726019] [12] /storage/home/greole/code/NeoFOAM/build/profilingnvidia_h200/lib/libNeoFOAM.so(_ZN7NeoFOAM10createMeshERKSt7variantIJN4NeoN14SerialExecutorENS1_11CPUExecutorENS1_11GPUExecutorEEERKN4Foam4TimeE+0x125)[0x7fb16f7c1fe5]
[gpu-nvidia-h200-3:726019] [13] /storage/home/greole/code/NeoFOAM/build/profilingnvidia_h200/lib/libNeoFOAM.so(_ZN7NeoFOAM20createAdapterRunTimeERKN4Foam4TimeESt7variantIJN4NeoN14SerialExecutorENS5_11CPUExecutorENS5_11GPUExecutorEEE+0xd1)[0x7fb16f7c4fe1]
[gpu-nvidia-h200-3:726019] [14] /storage/home/greole/code/NeoFOAM/build/profilingnvidia_h200/lib/libNeoFOAM.so(_ZN7NeoFOAM20createAdapterRunTimeERKN4Foam4TimeE+0x50)[0x7fb16f7c5600]
[gpu-nvidia-h200-3:726019] [15] /storage/home/greole/code/NeoFOAM/build/profilingnvidia_h200/bin/neoSimpleFoam(main+0x225)[0x53d1b5]
[gpu-nvidia-h200-3:726019] [16] /lib64/libc.so.6(+0x2a610)[0x7fb106011610]
[gpu-nvidia-h200-3:726019] [17] /storage/home/greole/code/NeoFOAM/build/profilingnvidia_h200/lib/libNeoN.so(_ZN4NeoN12BoundaryMeshC1ERKSt7variantIJNS_14SerialExecutorENS_11CPUExecutorENS_11GPUExecutorEEENS_6VectorIiEENS8_INS_4Vec3EEESB_SB_NS8_IdEESB_SB_SC_SC_St6vectorIiSaIiEEiSF_+0x2bf)[0x7f9512d01f6f]
[gpu-nvidia-h200-3:726020] [10] /lib64/libc.so.6(__libc_start_main+0x80)[0x7fb1060116c0]
[gpu-nvidia-h200-3:726019] [18] /storage/home/greole/code/NeoFOAM/build/profilingnvidia_h200/bin/neoSimpleFoam(_start+0x25)[0x53f045]
[gpu-nvidia-h200-3:726019] *** End of error message ***
/storage/home/greole/code/NeoFOAM/build/profilingnvidia_h200/lib/libNeoFOAM.so(_ZN7NeoFOAM16readOpenFOAMMeshESt7variantIJN4NeoN14SerialExecutorENS1_11CPUExecutorENS1_11GPUExecutorEEERKN4Foam6fvMeshEb+0x5c0)[0x7f951dd4a2d0]
[gpu-nvidia-h200-3:726020] [11] /storage/home/greole/code/NeoFOAM/build/profilingnvidia_h200/lib/libNeoFOAM.so(_ZN7NeoFOAM11MeshAdapterC2ESt7variantIJN4NeoN14SerialExecutorENS2_11CPUExecutorENS2_11GPUExecutorEEERKN4Foam8IOobjectEb+0xde)[0x7f951dd4a9de]
[gpu-nvidia-h200-3:726020] [12] /storage/home/greole/code/NeoFOAM/build/profilingnvidia_h200/lib/libNeoFOAM.so(_ZN7NeoFOAM10createMeshERKSt7variantIJN4NeoN14SerialExecutorENS1_11CPUExecutorENS1_11GPUExecutorEEERKN4Foam4TimeE+0x125)[0x7f951dd03fe5]
[gpu-nvidia-h200-3:726020] [13] /storage/home/greole/code/NeoFOAM/build/profilingnvidia_h200/lib/libNeoFOAM.so(_ZN7NeoFOAM20createAdapterRunTimeERKN4Foam4TimeESt7variantIJN4NeoN14SerialExecutorENS5_11CPUExecutorENS5_11GPUExecutorEEE+0xd1)[0x7f951dd06fe1]
[gpu-nvidia-h200-3:726020] [14] /storage/home/greole/code/NeoFOAM/build/profilingnvidia_h200/lib/libNeoFOAM.so(_ZN7NeoFOAM20createAdapterRunTimeERKN4Foam4TimeE+0x50)[0x7f951dd07600]
[gpu-nvidia-h200-3:726020] [15] /storage/home/greole/code/NeoFOAM/build/profilingnvidia_h200/bin/neoSimpleFoam(main+0x225)[0x53d1b5]
[gpu-nvidia-h200-3:726020] [16] /lib64/libc.so.6(+0x2a610)[0x7f94b4553610]
[gpu-nvidia-h200-3:726020] [17] /lib64/libc.so.6(__libc_start_main+0x80)[0x7f94b45536c0]
[gpu-nvidia-h200-3:726020] [18] /storage/home/greole/code/NeoFOAM/build/profilingnvidia_h200/bin/neoSimpleFoam(_start+0x25)[0x53f045]
[gpu-nvidia-h200-3:726020] *** End of error message ***
 at /storage/apps/opt/spack/opt/spack/__spack_path_placeholder__/__spack_path_placeholder__/__spack_path_placeholder__/__spack_path_placeholder__/__spack_path_placeholder__/__spack_path_placeholder__/__spack_path_placeholder__/__spack_path_placeholder__/__spac/linux-x86_64_v3/gcc-13.3.0-pc5contataet2iuufjrcsndtp6ub6hpk/lib/gcc/x86_64-pc-linux-gnu/13.3.0/../../../../include/c++/13.3.0/variant:513
[0] #14  main at /storage/apps/opt/spack/opt/spack/__spack_path_placeholder__/__spack_path_placeholder__/__spack_path_placeholder__/__spack_path_placeholder__/__spack_path_placeholder__/__spack_path_placeholder__/__spack_path_placeholder__/__spack_path_placeholder__/__spac/linux-x86_64_v3/gcc-13.3.0-pc5contataet2iuufjrcsndtp6ub6hpk/lib/gcc/x86_64-pc-linux-gnu/13.3.0/../../../../include/c++/13.3.0/variant:513
[3] #14  main at ~/code/NeoFOAM/examples/neoSimpleFoam/neoSimpleFoam.cpp:78
[3] #15  ? at ~/code/NeoFOAM/examples/neoSimpleFoam/neoSimpleFoam.cpp:78
[0] #15  ? in /lib64/libc.so.6
[3] #16  __libc_start_main in /lib64/libc.so.6
 in /lib64/libc.so.6
[3] #17  [0] #16  __libc_start_main_start in /lib64/libc.so.6
[0] #17  _start in ~/code/NeoFOAM/build/profilingnvidia_h200/bin/neoSimpleFoam
[3] =============
[gpu-nvidia-h200-3:726021] *** Process received signal ***
[gpu-nvidia-h200-3:726021] Signal: Floating point exception (8)
[gpu-nvidia-h200-3:726021] Signal code:  (-6)
[gpu-nvidia-h200-3:726021] Failing at address: 0x40f000b1405
[gpu-nvidia-h200-3:726021] [ 0] /lib64/libc.so.6(+0x3fc30)[0x7f176474fc30]
[gpu-nvidia-h200-3:726021] [ 1] /lib64/libc.so.6(+0x8d02c)[0x7f176479d02c]
[gpu-nvidia-h200-3:726021] [ 2] /lib64/libc.so.6(raise+0x16)[0x7f176474fb86]
[gpu-nvidia-h200-3:726021] [ 3] /lib64/libc.so.6(+0x3fc30)[0x7f176474fc30]
[gpu-nvidia-h200-3:726021] [ 4] /storage/home/greole/code/NeoFOAM/build/profilingnvidia_h200/lib/libNeoN.so(_ZNK6Kokkos4Impl11ParallelForI18__nv_hdl_wrapper_tILb0ELb0ELb0E11__nv_dl_tagIPFvRN4NeoN6VectorIiEENS4_4ViewIKiEESt4pairIiiEEXadL_ZNS4_12setContainerIS5_iEEvRT_IT0_ENS8_IKNSt13type_identityISH_E4typeEEESC_EELj1EEFviEJNS8_IiEEKSA_EENS_11RangePolicyIJNS_4CudaENS_9IndexTypeIiEEEEESV_E7executeEv+0x19b)[0x7f17c2d7b36b]
[gpu-nvidia-h200-3:726021] [ 5] /storage/home/greole/code/NeoFOAM/build/profilingnvidia_h200/lib/libNeoN.so(_ZN6Kokkos12parallel_forINS_11RangePolicyIJNS_4CudaENS_9IndexTypeIiEEEEE18__nv_hdl_wrapper_tILb0ELb0ELb0E11__nv_dl_tagIPFvRN4NeoN6VectorIiEENS8_4ViewIKiEESt4pairIiiEEXadL_ZNS8_12setContainerIS9_iEEvRT_IT0_ENSC_IKNSt13type_identityISL_E4typeEEESG_EELj1EEFviEJNSC_IiEEKSE_EEvEEvRKNSt7__cxx1112basic_stringIcSt11char_traitsIcESaIcEEERKT_RKSL_+0xef)[0x7f17c2d7b5af]
[gpu-nvidia-h200-3:726021] [ 6]  in ~/code/NeoFOAM/build/profilingnvidia_h200/bin/neoSimpleFoam
[0] =============
[gpu-nvidia-h200-3:726018] *** Process received signal ***
[gpu-nvidia-h200-3:726018] Signal: Floating point exception (8)
[gpu-nvidia-h200-3:726018] Signal code:  (-6)
[gpu-nvidia-h200-3:726018] Failing at address: 0x40f000b1402
[gpu-nvidia-h200-3:726018] [ 0] /lib64/libc.so.6(+0x3fc30)[0x7efbd5b30c30]
[gpu-nvidia-h200-3:726018] [ 1] /lib64/libc.so.6(+0x8d02c)[0x7efbd5b7e02c]
[gpu-nvidia-h200-3:726018] [ 2] /lib64/libc.so.6(raise+0x16)[0x7efbd5b30b86]
[gpu-nvidia-h200-3:726018] [ 3] /lib64/libc.so.6(+0x3fc30)[0x7efbd5b30c30]
[gpu-nvidia-h200-3:726018] [ 4] /storage/home/greole/code/NeoFOAM/build/profilingnvidia_h200/lib/libNeoN.so(_ZN4NeoN12setContainerINS_6VectorEiEEvRT_IT0_ENS_4ViewIKNSt13type_identityIS3_E4typeEEESt4pairIiiE+0x198)[0x7f17c2d7ba28]
[gpu-nvidia-h200-3:726021] [ 7] /storage/home/greole/code/NeoFOAM/build/profilingnvidia_h200/lib/libNeoN.so(_ZNK6Kokkos4Impl11ParallelForI18__nv_hdl_wrapper_tILb0ELb0ELb0E11__nv_dl_tagIPFvRN4NeoN6VectorIiEENS4_4ViewIKiEESt4pairIiiEEXadL_ZNS4_12setContainerIS5_iEEvRT_IT0_ENS8_IKNSt13type_identityISH_E4typeEEESC_EELj1EEFviEJNS8_IiEEKSA_EENS_11RangePolicyIJNS_4CudaENS_9IndexTypeIiEEEEESV_E7executeEv+0x19b)[0x7efc3415c36b]
[gpu-nvidia-h200-3:726018] [ 5] /storage/home/greole/code/NeoFOAM/build/profilingnvidia_h200/lib/libNeoN.so(_ZN4NeoN6VectorIiEaSERKS1_+0xb0)[0x7f17c2d7bc20]
[gpu-nvidia-h200-3:726021] [ 8] /storage/home/greole/code/NeoFOAM/build/profilingnvidia_h200/lib/libNeoN.so(_ZN6Kokkos12parallel_forINS_11RangePolicyIJNS_4CudaENS_9IndexTypeIiEEEEE18__nv_hdl_wrapper_tILb0ELb0ELb0E11__nv_dl_tagIPFvRN4NeoN6VectorIiEENS8_4ViewIKiEESt4pairIiiEEXadL_ZNS8_12setContainerIS9_iEEvRT_IT0_ENSC_IKNSt13type_identityISL_E4typeEEESG_EELj1EEFviEJNSC_IiEEKSE_EEvEEvRKNSt7__cxx1112basic_stringIcSt11char_traitsIcESaIcEEERKT_RKSL_+0xef)[0x7efc3415c5af]
[gpu-nvidia-h200-3:726018] [ 6] /storage/home/greole/code/NeoFOAM/build/profilingnvidia_h200/lib/libNeoN.so(_ZN4NeoN12BoundaryMesh25computeRowOrderWriteIndexEv+0x2cd)[0x7f17c2ee8bad]
[gpu-nvidia-h200-3:726021] [ 9] /storage/home/greole/code/NeoFOAM/build/profilingnvidia_h200/lib/libNeoN.so(_ZN4NeoN12setContainerINS_6VectorEiEEvRT_IT0_ENS_4ViewIKNSt13type_identityIS3_E4typeEEESt4pairIiiE+0x198)[0x7efc3415ca28]
[gpu-nvidia-h200-3:726018] [ 7] /storage/home/greole/code/NeoFOAM/build/profilingnvidia_h200/lib/libNeoN.so(_ZN4NeoN12BoundaryMeshC1ERKSt7variantIJNS_14SerialExecutorENS_11CPUExecutorENS_11GPUExecutorEEENS_6VectorIiEENS8_INS_4Vec3EEESB_SB_NS8_IdEESB_SB_SC_SC_St6vectorIiSaIiEEiSF_+0x2bf)[0x7f17c2ee8f6f]
[gpu-nvidia-h200-3:726021] [10] /storage/home/greole/code/NeoFOAM/build/profilingnvidia_h200/lib/libNeoFOAM.so(_ZN7NeoFOAM16readOpenFOAMMeshESt7variantIJN4NeoN14SerialExecutorENS1_11CPUExecutorENS1_11GPUExecutorEEERKN4Foam6fvMeshEb+0x5c0)[0x7f17cdf312d0]
[gpu-nvidia-h200-3:726021] [11] /storage/home/greole/code/NeoFOAM/build/profilingnvidia_h200/lib/libNeoFOAM.so(_ZN7NeoFOAM11MeshAdapterC2ESt7variantIJN4NeoN14SerialExecutorENS2_11CPUExecutorENS2_11GPUExecutorEEERKN4Foam8IOobjectEb+0xde)[0x7f17cdf319de]
[gpu-nvidia-h200-3:726021] [12] /storage/home/greole/code/NeoFOAM/build/profilingnvidia_h200/lib/libNeoN.so(_ZN4NeoN6VectorIiEaSERKS1_+0xb0)[0x7efc3415cc20]
[gpu-nvidia-h200-3:726018] [ 8] /storage/home/greole/code/NeoFOAM/build/profilingnvidia_h200/lib/libNeoFOAM.so(_ZN7NeoFOAM10createMeshERKSt7variantIJN4NeoN14SerialExecutorENS1_11CPUExecutorENS1_11GPUExecutorEEERKN4Foam4TimeE+0x125)[0x7f17cdeeafe5]
[gpu-nvidia-h200-3:726021] [13] /storage/home/greole/code/NeoFOAM/build/profilingnvidia_h200/lib/libNeoFOAM.so(_ZN7NeoFOAM20createAdapterRunTimeERKN4Foam4TimeESt7variantIJN4NeoN14SerialExecutorENS5_11CPUExecutorENS5_11GPUExecutorEEE+0xd1)[0x7f17cdeedfe1]
[gpu-nvidia-h200-3:726021] [14] /storage/home/greole/code/NeoFOAM/build/profilingnvidia_h200/lib/libNeoFOAM.so(_ZN7NeoFOAM20createAdapterRunTimeERKN4Foam4TimeE+0x50)[0x7f17cdeee600]
[gpu-nvidia-h200-3:726021] [15] /storage/home/greole/code/NeoFOAM/build/profilingnvidia_h200/bin/neoSimpleFoam(main+0x225)[0x53d1b5]
[gpu-nvidia-h200-3:726021] [16] /lib64/libc.so.6(+0x2a610)[0x7f176473a610]
[gpu-nvidia-h200-3:726021] [17] /lib64/libc.so.6(__libc_start_main+0x80)[0x7f176473a6c0]
[gpu-nvidia-h200-3:726021] [18] /storage/home/greole/code/NeoFOAM/build/profilingnvidia_h200/bin/neoSimpleFoam(_start+0x25)[0x53f045]
[gpu-nvidia-h200-3:726021] *** End of error message ***
/storage/home/greole/code/NeoFOAM/build/profilingnvidia_h200/lib/libNeoN.so(_ZN4NeoN12BoundaryMesh25computeRowOrderWriteIndexEv+0x2cd)[0x7efc342c9bad]
[gpu-nvidia-h200-3:726018] [ 9] /storage/home/greole/code/NeoFOAM/build/profilingnvidia_h200/lib/libNeoN.so(_ZN4NeoN12BoundaryMeshC1ERKSt7variantIJNS_14SerialExecutorENS_11CPUExecutorENS_11GPUExecutorEEENS_6VectorIiEENS8_INS_4Vec3EEESB_SB_NS8_IdEESB_SB_SC_SC_St6vectorIiSaIiEEiSF_+0x2bf)[0x7efc342c9f6f]
[gpu-nvidia-h200-3:726018] [10] /storage/home/greole/code/NeoFOAM/build/profilingnvidia_h200/lib/libNeoFOAM.so(_ZN7NeoFOAM16readOpenFOAMMeshESt7variantIJN4NeoN14SerialExecutorENS1_11CPUExecutorENS1_11GPUExecutorEEERKN4Foam6fvMeshEb+0x5c0)[0x7efc3f3122d0]
[gpu-nvidia-h200-3:726018] [11] /storage/home/greole/code/NeoFOAM/build/profilingnvidia_h200/lib/libNeoFOAM.so(_ZN7NeoFOAM11MeshAdapterC2ESt7variantIJN4NeoN14SerialExecutorENS2_11CPUExecutorENS2_11GPUExecutorEEERKN4Foam8IOobjectEb+0xde)[0x7efc3f3129de]
[gpu-nvidia-h200-3:726018] [12] /storage/home/greole/code/NeoFOAM/build/profilingnvidia_h200/lib/libNeoFOAM.so(_ZN7NeoFOAM10createMeshERKSt7variantIJN4NeoN14SerialExecutorENS1_11CPUExecutorENS1_11GPUExecutorEEERKN4Foam4TimeE+0x125)[0x7efc3f2cbfe5]
[gpu-nvidia-h200-3:726018] [13] /storage/home/greole/code/NeoFOAM/build/profilingnvidia_h200/lib/libNeoFOAM.so(_ZN7NeoFOAM20createAdapterRunTimeERKN4Foam4TimeESt7variantIJN4NeoN14SerialExecutorENS5_11CPUExecutorENS5_11GPUExecutorEEE+0xd1)[0x7efc3f2cefe1]
[gpu-nvidia-h200-3:726018] [14] /storage/home/greole/code/NeoFOAM/build/profilingnvidia_h200/lib/libNeoFOAM.so(_ZN7NeoFOAM20createAdapterRunTimeERKN4Foam4TimeE+0x50)[0x7efc3f2cf600]
[gpu-nvidia-h200-3:726018] [15] /storage/home/greole/code/NeoFOAM/build/profilingnvidia_h200/bin/neoSimpleFoam(main+0x225)[0x53d1b5]
[gpu-nvidia-h200-3:726018] [16] /lib64/libc.so.6(+0x2a610)[0x7efbd5b1b610]
[gpu-nvidia-h200-3:726018] [17] /lib64/libc.so.6(__libc_start_main+0x80)[0x7efbd5b1b6c0]
[gpu-nvidia-h200-3:726018] [18] /storage/home/greole/code/NeoFOAM/build/profilingnvidia_h200/bin/neoSimpleFoam(_start+0x25)[0x53f045]
[gpu-nvidia-h200-3:726018] *** End of error message ***
--------------------------------------------------------------------------

prterun noticed that process rank 2 with PID 726020 on node gpu-nvidia-h200-3 exited on
signal 8 (Floating point exception).
--------------------------------------------------------------------------
