/*---------------------------------------------------------------------------*\
| =========                 |                                                 |
| \\      /  F ield         | OpenFOAM: The Open Source CFD Toolbox           |
|  \\    /   O peration     | Version:  2506                                  |
|   \\  /    A nd           | Website:  www.openfoam.com                      |
|    \\/     M anipulation  |                                                 |
\*---------------------------------------------------------------------------*/
Build  : b050cd9480-20250814 OPENFOAM=2506 version=v2506
Arch   : "LSB;label=32;scalar=64"
Exec   : /storage/home/greole/code/NeoFOAM/build/profilingnvidia_h200/bin/neoSimpleFoam -parallel
Date   : Jun 28 2026
Time   : 16:58:15
Host   : gpu-nvidia-h200-3.int.coma-cluster.de
PID    : 679292
I/O    : uncollated
Case   : /storage/home/greole/code/NeoFOAM/occDrivAerStaticMesh
nProcs : 4
Hosts  :
(
    (gpu-nvidia-h200-3.int.coma-cluster.de 4)
)
Pstream initialized with:
    node communication : off [type=host] (4 ranks, 1 nodes)
    topology controls  : none
    consensus exchange : 0 (tuning: 0)
    exchange algorithm : 0
    commsType          : nonBlocking
    polling iterations : 0
trapFpe: Floating point exception trapping enabled (FOAM_SIGFPE).
fileModificationChecking : Monitoring run-time modified files using timeStampMaster (fileModificationSkew 5, maxFileModificationPolls 20)
allowSystemOperations : Allowing user-supplied system call operations

// * * * * * * * * * * * * * * * * * * * * * * * * * * * * * * * * * * * * * //
Create time

Initializing NeoN
Creating Executor GPU
Creating NeoFOAM runTime

SIMPLE: no convergence criteria found. Calculations will run for 30 steps.

Reading field p

Reading field U

Reading/calculating face flux field phi

Selecting incompressible transport model Newtonian
NeoFOAM solver config (from fvSolution configFile) for 'config(Cg+Schwarz(Multigrid))':
{
    cacheSolver: true
    configFile: <NeoN::TokenList>
    l1ScaledResidual: true
    preconditionerRebuildInterval: 100
    relTol: 0.010000
    reportName: config(Cg+Schwarz(Multigrid))
    solver: Ginkgo
    tolerance: 0.000000
}
    effective optimize: false
    effective checkFrequency: 1
Mapping OpenFOAM solver settings to NeoN settings.
Currently, it is advisable to specify a configFile
for fine grained Ginkgo solver control

Replacing solver PBiCGStab by solver::Bicgstab
Replacing preconditioner diagonal by preconditioner::Schwarz (Schwarz-wrapped for distributed run)
NeoFOAM solver config (mapped from fvSolution) for 'Schwarz(Jacobi)+Bicgstab':
{
    cacheSolver: true
    criteria: {
        absolute_residual_norm: 0.000000
        initial_residual_norm: 0.100000
        iteration: 1000
    }
    l1ScaledResidual: true
    optimize: true
    preconditioner: {
        local_solver: {
            max_block_size: 1
            type: preconditioner::Jacobi
        }
        type: preconditioner::Schwarz
    }
    reportName: Schwarz(Jacobi)+Bicgstab
    solver: Ginkgo
    type: solver::Bicgstab
}
    effective optimize: true
    effective checkFrequency: 1
Creating phi

[NF][/storage/home/greole/code/NeoFOAM/include/NeoFOAM/auxiliary/readers.hpp::434]: Internal: 49333487, Boundary: 1754396

[NF][/storage/home/greole/code/NeoFOAM/include/NeoFOAM/auxiliary/readers.hpp::434]: Internal: 49320882, Boundary: 1762558

[NF][/storage/home/greole/code/NeoFOAM/include/NeoFOAM/auxiliary/readers.hpp::434]: Internal: 49261542, Boundary: 1427829

[NF][/storage/home/greole/code/NeoFOAM/include/NeoFOAM/auxiliary/readers.hpp::434]: Internal: 49243125, Boundary: 1362247
Selecting patchDistMethod meshWave
Mapping OpenFOAM solver settings to NeoN settings.
Currently, it is advisable to specify a configFile
for fine grained Ginkgo solver control

Replacing solver PBiCGStab by solver::Bicgstab
Replacing preconditioner diagonal by preconditioner::Schwarz (Schwarz-wrapped for distributed run)
NeoFOAM solver config (mapped from fvSolution) for 'Schwarz(Jacobi)+Bicgstab':
{
    cacheSolver: true
    criteria: {
        absolute_residual_norm: 0.000000
        initial_residual_norm: 0.100000
        iteration: 1000
    }
    l1ScaledResidual: true
    optimize: true
    preconditioner: {
        local_solver: {
            max_block_size: 1
            type: preconditioner::Jacobi
        }
        type: preconditioner::Schwarz
    }
    reportName: Schwarz(Jacobi)+Bicgstab
    solver: Ginkgo
    type: solver::Bicgstab
}
    effective optimize: true
    effective checkFrequency: 1
Mapping OpenFOAM solver settings to NeoN settings.
Currently, it is advisable to specify a configFile
for fine grained Ginkgo solver control

Replacing solver PBiCGStab by solver::Bicgstab
Replacing preconditioner diagonal by preconditioner::Schwarz (Schwarz-wrapped for distributed run)
NeoFOAM solver config (mapped from fvSolution) for 'Schwarz(Jacobi)+Bicgstab':
{
    cacheSolver: true
    criteria: {
        absolute_residual_norm: 0.000000
        initial_residual_norm: 0.100000
        iteration: 1000
    }
    l1ScaledResidual: true
    optimize: true
    preconditioner: {
        local_solver: {
            max_block_size: 1
            type: preconditioner::Jacobi
        }
        type: preconditioner::Schwarz
    }
    reportName: Schwarz(Jacobi)+Bicgstab
    solver: Ginkgo
    type: solver::Bicgstab
}
    effective optimize: true
    effective checkFrequency: 1
Starting time loop
Time = 1
[mem] step-start: DEVICE_POOL current=16605 MB  actual(reserved)=38146 MB  highWater=19132 MB
Schwarz(Jacobi)+Bicgstab:  Solving for Ux, Initial residual = 0.001948895596607746, Final residual = 0.0002389414417994446, No Iterations 3, Solve time = 147.799 ms
Schwarz(Jacobi)+Bicgstab:  Solving for Uy, Initial residual = 0.1648688948544456, Final residual = 0.008211417173385839, No Iterations 3, Solve time = 147.799 ms
Schwarz(Jacobi)+Bicgstab:  Solving for Uz, Initial residual = 0.10478399166434317, Final residual = 0.00498812997280134, No Iterations 3, Solve time = 147.799 ms
[mem] after-UEqn: DEVICE_POOL current=19099 MB  actual(reserved)=38146 MB  highWater=24387 MB
Terminate called after throwing an instance of gko::NotSupported: /storage/home/greole/code/NeoFOAM/build/profilingnvidia_h200/_deps/ginkgo-src/include/ginkgo/core/base/utils_helper.hpp:452: Operation as does not support parameters of type gko::experimental::distributed::Matrix<double, int, long>
Terminate called after throwing an instance of gko::NotSupported: /storage/home/greole/code/NeoFOAM/build/profilingnvidia_h200/_deps/ginkgo-src/include/ginkgo/core/base/utils_helper.hpp:452: Operation as does not support parameters of type gko::experimental::distributed::Matrix<double, int, long>
Terminate called after throwing an instance of gko::NotSupported: /storage/home/greole/code/NeoFOAM/build/profilingnvidia_h200/_deps/ginkgo-src/include/ginkgo/core/base/utils_helper.hpp:452: Operation as does not support parameters of type gko::experimental::distributed::Matrix<double, int, long>
Terminate called after throwing an instance of gko::NotSupported: /storage/home/greole/code/NeoFOAM/build/profilingnvidia_h200/_deps/ginkgo-src/include/ginkgo/core/base/utils_helper.hpp:452: Operation as does not support parameters of type gko::experimental::distributed::Matrix<double, int, long>
Stack trace to reach terminate handler (most recent call first):
#0  0x000000000053bb39 in cpptrace::terminate_handler() at /storage/home/greole/code/NeoFOAM/build/profilingnvidia_h200/_deps/cpptrace-src/src/utils.cpp:65:34
#1  0x00007f2ae8e70f39 in __cxxabiv1::__terminate(void (*)()) at /scratch/software/tmp/spack-stage/spack-stage-gcc-13.3.0-pc5contataet2iuufjrcsndtp6ub6hpk/spack-src/libstdc++-v3/libsupc++/eh_terminate.cc:48:15
#2  0x00007f2ae8e70fa4 in std::terminate() at /scratch/software/tmp/spack-stage/spack-stage-gcc-13.3.0-pc5contataet2iuufjrcsndtp6ub6hpk/spack-src/libstdc++-v3/libsupc++/eh_terminate.cc:58:27
#3  0x00007f2ae8e711f6 in __cxa_throw at /scratch/software/tmp/spack-stage/spack-stage-gcc-13.3.0-pc5contataet2iuufjrcsndtp6ub6hpk/spack-src/libstdc++-v3/libsupc++/eh_throw.cc:98:18
#4  0x00007f2b484ee640 in std::shared_ptr<std::decay<gko::experimental::distributed::Matrix<float, int, long> >::type const> gko::as<gko::experimental::distributed::Matrix<float, int, long>, gko::LinOp>(std::shared_ptr<gko::LinOp const>) at /storage/home/greole/code/NeoFOAM/build/profilingnvidia_h200/_deps/ginkgo-src/include/ginkgo/core/base/utils_helper.hpp:452:9
#5  0x00007f2b4850d69d in gko::experimental::distributed::preconditioner::Schwarz<float, int, long>::extract_local_matrix(std::shared_ptr<gko::LinOp const>) const at /storage/home/greole/code/NeoFOAM/build/profilingnvidia_h200/_deps/ginkgo-src/core/distributed/preconditioner/schwarz.cpp:268:10
#6  0x00007f2b4850deef in gko::experimental::distributed::preconditioner::Schwarz<float, int, long>::generate(std::shared_ptr<gko::LinOp const>) at /storage/home/greole/code/NeoFOAM/build/profilingnvidia_h200/_deps/ginkgo-src/core/distributed/preconditioner/schwarz.cpp:222:21
#7  0x00007f2b47fc95d3 in gko::experimental::distributed::preconditioner::Schwarz<float, int, long>::Schwarz(gko::experimental::distributed::preconditioner::Schwarz<float, int, long>::Factory const*, gko::LinOpGenerateComponents) at /storage/home/greole/code/NeoFOAM/build/profilingnvidia_h200/_deps/ginkgo-src/include/ginkgo/core/distributed/preconditioner/schwarz.hpp:257:23
#8  0x00007f2b47fc9753 in gko::EnableDefaultFactory<gko::experimental::distributed::preconditioner::Schwarz<float, int, long>::Factory, gko::experimental::distributed::preconditioner::Schwarz<float, int, long>, gko::experimental::distributed::preconditioner::Schwarz<float, int, long>::parameters_type, gko::LinOpFactory>::generate_impl(gko::LinOpGenerateComponents) const at /storage/home/greole/code/NeoFOAM/build/profilingnvidia_h200/_deps/ginkgo-src/include/ginkgo/core/base/abstract_factory.hpp:188:13
#9  0x00007f2b47562faf in std::unique_ptr<gko::LinOp, std::default_delete<gko::LinOp> > gko::AbstractFactory<gko::LinOp, gko::LinOpGenerateComponents>::generate<gko::LinOpGenerateComponents>(gko::LinOpGenerateComponents&&) const at /storage/home/greole/code/NeoFOAM/build/profilingnvidia_h200/_deps/ginkgo-src/include/ginkgo/core/base/abstract_factory.hpp:69:14
#10 0x00007f2b47561415 in gko::solver::detail::generate_with_view(gko::LinOpFactory const*, std::shared_ptr<gko::LinOp const>, gko::solver::Workspace*) at /storage/home/greole/code/NeoFOAM/build/profilingnvidia_h200/_deps/ginkgo-src/core/base/lin_op.cpp:93:58
#11 0x00007f2b47f17cc2 in void gko::solver::EnablePreconditionedIterativeSolver<double, gko::solver::Cg<double> >::generate_preconditioner_with_workspace<gko::solver::Cg<double>::parameters_type>(gko::solver::Cg<double>::parameters_type const&) at /storage/home/greole/code/NeoFOAM/build/profilingnvidia_h200/_deps/ginkgo-src/include/ginkgo/core/solver/solver_base.hpp:902:37
#12 0x00007f2b47f8a56d in gko::solver::Cg<double>::Cg(gko::solver::Cg<double>::Factory const*, gko::LinOpGenerateComponents) at /storage/home/greole/code/NeoFOAM/build/profilingnvidia_h200/_deps/ginkgo-src/include/ginkgo/core/solver/cg.hpp:119:53
#13 0x00007f2b47f8a6d3 in gko::EnableDefaultFactory<gko::solver::Cg<double>::Factory, gko::solver::Cg<double>, gko::solver::Cg<double>::parameters_type, gko::LinOpFactory>::generate_impl(gko::LinOpGenerateComponents) const at /storage/home/greole/code/NeoFOAM/build/profilingnvidia_h200/_deps/ginkgo-src/include/ginkgo/core/base/abstract_factory.hpp:188:13
#14 0x00007f2b47562faf in std::unique_ptr<gko::LinOp, std::default_delete<gko::LinOp> > gko::AbstractFactory<gko::LinOp, gko::LinOpGenerateComponents>::generate<gko::LinOpGenerateComponents>(gko::LinOpGenerateComponents&&) const at /storage/home/greole/code/NeoFOAM/build/profilingnvidia_h200/_deps/ginkgo-src/include/ginkgo/core/base/abstract_factory.hpp:69:14
#15 0x00007f2b47560e28 in gko::LinOpFactory::generate(std::shared_ptr<gko::LinOp const>) const at /storage/home/greole/code/NeoFOAM/build/profilingnvidia_h200/_deps/ginkgo-src/core/base/lin_op.cpp:50:44
#16 (inlined)          in operator() at /storage/home/greole/code/NeoN/src/linearAlgebra/ginkgo/ginkgoDistributed.cpp:624:34
#17 0x00007f2b4748198a in NeoN::la::ginkgo::(anonymous namespace)::cacheOrUpdateSolver(std::shared_ptr<gko::LinOp>&, std::unique_ptr<gko::solver::Workspace, std::default_delete<gko::solver::Workspace> >&, std::array<unsigned long, 3ul>&, int&, bool, int, std::shared_ptr<gko::LinOpFactory const> const&, std::shared_ptr<gko::LinOp const> const&, std::array<unsigned long, 3ul> const&) at /storage/home/greole/code/NeoN/src/linearAlgebra/ginkgo/ginkgoDistributed.cpp:644:30
#18 0x00007f2b47483879 in NeoN::la::ginkgo::GinkgoSolver::solveDist(NeoN::la::LinearSystem<double, double, NeoN::la::Matrix<double, NeoN::la::CsrSparsityPattern<int> >, NeoN::la::Matrix<double, NeoN::la::CooSparsityPattern<int> > > const&, NeoN::Vector<double>&) const at /storage/home/greole/code/NeoN/src/linearAlgebra/ginkgo/ginkgoDistributed.cpp:810:217
#19 (inlined)          in NeoN::la::Solver::solve(NeoN::la::LinearSystem<double, double, NeoN::la::Matrix<double, NeoN::la::CsrSparsityPattern<int> >, NeoN::la::Matrix<double, NeoN::la::CooSparsityPattern<int> > > const&, NeoN::Vector<double>&) const at /storage/home/greole/code/NeoN/include/NeoN/linearAlgebra/solver.hpp:121:92
#20 0x0000000000604666 in NeoFOAM::PDE<double, double, int>::solveImpl(NeoN::dsl::Expression<double, int>&, NeoN::la::LinearSystem<double, double, NeoN::la::Matrix<double, NeoN::la::CsrSparsityPattern<int> >, NeoN::la::Matrix<double, NeoN::la::CooSparsityPattern<int> > >&) at /storage/home/greole/code/NeoFOAM/include/NeoFOAM/datastructures/pde.hpp:436:6
#21 (inlined)          in NeoFOAM::PDE<double, double, int>::solve() at /storage/home/greole/code/NeoFOAM/include/NeoFOAM/datastructures/pde.hpp:222:31
#22 0x000000000053fd7b in main at /storage/home/greole/code/NeoFOAM/examples/neoSimpleFoam/neoSimpleFoam.cpp:244:11
#23 0x00007f2ae8ad260f at /lib64/libc.so.6
#24 0x00007f2ae8ad26bf at /lib64/libc.so.6
#25 0x00000000005405e4 at /storage/home/greole/code/NeoFOAM/build/profilingnvidia_h200/bin/neoSimpleFoam
[gpu-nvidia-h200-3:679293] *** Process received signal ***
[gpu-nvidia-h200-3:679293] Signal: Aborted (6)
[gpu-nvidia-h200-3:679293] Signal code:  (-6)
[gpu-nvidia-h200-3:679293] [ 0] /lib64/libc.so.6(+0x3fc30)[0x7f2ae8ae7c30]
[gpu-nvidia-h200-3:679293] [ 1] /lib64/libc.so.6(+0x8d02c)[0x7f2ae8b3502c]
[gpu-nvidia-h200-3:679293] [ 2] /lib64/libc.so.6(raise+0x16)[0x7f2ae8ae7b86]
[gpu-nvidia-h200-3:679293] [ 3] /lib64/libc.so.6(abort+0xd3)[0x7f2ae8ad1873]
[gpu-nvidia-h200-3:679293] [ 4] /storage/home/greole/code/NeoFOAM/build/profilingnvidia_h200/bin/neoSimpleFoam[0x628dd4]
[gpu-nvidia-h200-3:679293] [ 5] /storage/apps/opt/spack/opt/spack/__spack_path_placeholder__/__spack_path_placeholder__/__spack_path_placeholder__/__spack_path_placeholder__/__spack_path_placeholder__/__spack_path_placeholder__/__spack_path_placeholder__/__spack_path_placeholder__/__spac/linux-x86_64_v3/gcc-13.3.0-pc5contataet2iuufjrcsndtp6ub6hpk/lib64/libstdc++.so.6(+0xbdf3a)[0x7f2ae8e70f3a]
[gpu-nvidia-h200-3:679293] [ 6] /storage/apps/opt/spack/opt/spack/__spack_path_placeholder__/__spack_path_placeholder__/__spack_path_placeholder__/__spack_path_placeholder__/__spack_path_placeholder__/__spack_path_placeholder__/__spack_path_placeholder__/__spack_path_placeholder__/__spac/linux-x86_64_v3/gcc-13.3.0-pc5contataet2iuufjrcsndtp6ub6hpk/lib64/libstdc++.so.6(+0xbdfa5)[0x7f2ae8e70fa5]
[gpu-nvidia-h200-3:679293] [ 7] /storage/apps/opt/spack/opt/spack/__spack_path_placeholder__/__spack_path_placeholder__/__spack_path_placeholder__/__spack_path_placeholder__/__spack_path_placeholder__/__spack_path_placeholder__/__spack_path_placeholder__/__spack_path_placeholder__/__spac/linux-x86_64_v3/gcc-13.3.0-pc5contataet2iuufjrcsndtp6ub6hpk/lib64/libstdc++.so.6(+0xbe1f7)[0x7f2ae8e711f7]
[gpu-nvidia-h200-3:679293] [ 8] /storage/home/greole/code/NeoFOAM/build/profilingnvidia_h200/lib/libNeoN.so(_ZN3gko2asINS_12experimental11distributed6MatrixIfilEENS_5LinOpEEESt10shared_ptrIKNSt5decayIT_E4typeEES6_IKT0_E+0x111)[0x7f2b484ee641]
[gpu-nvidia-h200-3:679293] [ 9] /storage/home/greole/code/NeoFOAM/build/profilingnvidia_h200/lib/libNeoN.so(_ZNK3gko12experimental11distributed14preconditioner7SchwarzIfilE20extract_local_matrixESt10shared_ptrIKNS_5LinOpEE+0x4e)[0x7f2b4850d69e]
[gpu-nvidia-h200-3:679293] [10] /storage/home/greole/code/NeoFOAM/build/profilingnvidia_h200/lib/libNeoN.so(_ZN3gko12experimental11distributed14preconditioner7SchwarzIfilE8generateESt10shared_ptrIKNS_5LinOpEE+0xb0)[0x7f2b4850def0]
[gpu-nvidia-h200-3:679293] [11] /storage/home/greole/code/NeoFOAM/build/profilingnvidia_h200/lib/libNeoN.so(_ZN3gko12experimental11distributed14preconditioner7SchwarzIfilEC1EPKNS4_7FactoryENS_23LinOpGenerateComponentsE+0x1c4)[0x7f2b47fc95d4]
[gpu-nvidia-h200-3:679293] [12] /storage/home/greole/code/NeoFOAM/build/profilingnvidia_h200/lib/libNeoN.so(_ZNK3gko20EnableDefaultFactoryINS_12experimental11distributed14preconditioner7SchwarzIfilE7FactoryES5_NS5_15parameters_typeENS_12LinOpFactoryEE13generate_implENS_23LinOpGenerateComponentsE+0x44)[0x7f2b47fc9754]
[gpu-nvidia-h200-3:679293] [13] /storage/home/greole/code/NeoFOAM/build/profilingnvidia_h200/lib/libNeoN.so(_ZNK3gko15AbstractFactoryINS_5LinOpENS_23LinOpGenerateComponentsEE8generateIJS2_EEESt10unique_ptrIS1_St14default_deleteIS1_EEDpOT_+0x40)[0x7f2b47562fb0]
[gpu-nvidia-h200-3:679293] [14] /storage/home/greole/code/NeoFOAM/build/profilingnvidia_h200/lib/libNeoN.so(_ZN3gko6solver6detail18generate_with_viewEPKNS_12LinOpFactoryESt10shared_ptrIKNS_5LinOpEEPNS0_9WorkspaceE+0x286)[0x7f2b47561416]
[gpu-nvidia-h200-3:679293] [15] /storage/home/greole/code/NeoFOAM/build/profilingnvidia_h200/lib/libNeoN.so(_ZN3gko6solver35EnablePreconditionedIterativeSolverIdNS0_2CgIdEEE38generate_preconditioner_with_workspaceINS3_15parameters_typeEEEvRKT_+0x103)[0x7f2b47f17cc3]
[gpu-nvidia-h200-3:679293] [16] /storage/home/greole/code/NeoFOAM/build/profilingnvidia_h200/lib/libNeoN.so(_ZN3gko6solver2CgIdEC2EPKNS2_7FactoryENS_23LinOpGenerateComponentsE+0x23e)[0x7f2b47f8a56e]
[gpu-nvidia-h200-3:679293] [17] /storage/home/greole/code/NeoFOAM/build/profilingnvidia_h200/lib/libNeoN.so(_ZNK3gko20EnableDefaultFactoryINS_6solver2CgIdE7FactoryES3_NS3_15parameters_typeENS_12LinOpFactoryEE13generate_implENS_23LinOpGenerateComponentsE+0x44)[0x7f2b47f8a6d4]
[gpu-nvidia-h200-3:679293] [18] /storage/home/greole/code/NeoFOAM/build/profilingnvidia_h200/lib/libNeoN.so(_ZNK3gko15AbstractFactoryINS_5LinOpENS_23LinOpGenerateComponentsEE8generateIJS2_EEESt10unique_ptrIS1_St14default_deleteIS1_EEDpOT_+0x40)[0x7f2b47562fb0]
[gpu-nvidia-h200-3:679293] [19] /storage/home/greole/code/NeoFOAM/build/profilingnvidia_h200/lib/libNeoN.so(_ZNK3gko12LinOpFactory8generateESt10shared_ptrIKNS_5LinOpEE+0x549)[0x7f2b47560e29]
[gpu-nvidia-h200-3:679293] [20] /storage/home/greole/code/NeoFOAM/build/profilingnvidia_h200/lib/libNeoN.so(+0x217798b)[0x7f2b4748198b]
[gpu-nvidia-h200-3:679293] [21] /storage/home/greole/code/NeoFOAM/build/profilingnvidia_h200/lib/libNeoN.so(_ZNK4NeoN2la6ginkgo12GinkgoSolver9solveDistERKNS0_12LinearSystemIddNS0_6MatrixIdNS0_18CsrSparsityPatternIiEEEENS4_IdNS0_18CooSparsityPatternIiEEEEEERNS_6VectorIdEE+0x20a)[0x7f2b4748387a]
[gpu-nvidia-h200-3:679293] [22] /storage/home/greole/code/NeoFOAM/build/profilingnvidia_h200/bin/neoSimpleFoam(_ZN7NeoFOAM3PDEIddiE9solveImplERN4NeoN3dsl10ExpressionIdiEERNS2_2la12LinearSystemIddNS7_6MatrixIdNS7_18CsrSparsityPatternIiEEEENS9_IdNS7_18CooSparsityPatternIiEEEEEE+0x387)[0x604667]
[gpu-nvidia-h200-3:679293] [23] /storage/home/greole/code/NeoFOAM/build/profilingnvidia_h200/bin/neoSimpleFoam(main+0x184c)[0x53fd7c]
[gpu-nvidia-h200-3:679293] [24] /lib64/libc.so.6(+0x2a610)[0x7f2ae8ad2610]
[gpu-nvidia-h200-3:679293] [25] /lib64/libc.so.6(__libc_start_main+0x80)[0x7f2ae8ad26c0]
[gpu-nvidia-h200-3:679293] [26] /storage/home/greole/code/NeoFOAM/build/profilingnvidia_h200/bin/neoSimpleFoam(_start+0x25)[0x5405e5]
[gpu-nvidia-h200-3:679293] *** End of error message ***
Stack trace to reach terminate handler (most recent call first):
#0  0x000000000053bb39 in cpptrace::terminate_handler() at /storage/home/greole/code/NeoFOAM/build/profilingnvidia_h200/_deps/cpptrace-src/src/utils.cpp:65:34
#1  0x00007fa7c82a2f39 in __cxxabiv1::__terminate(void (*)()) at /scratch/software/tmp/spack-stage/spack-stage-gcc-13.3.0-pc5contataet2iuufjrcsndtp6ub6hpk/spack-src/libstdc++-v3/libsupc++/eh_terminate.cc:48:15
#2  0x00007fa7c82a2fa4 in std::terminate() at /scratch/software/tmp/spack-stage/spack-stage-gcc-13.3.0-pc5contataet2iuufjrcsndtp6ub6hpk/spack-src/libstdc++-v3/libsupc++/eh_terminate.cc:58:27
#3  0x00007fa7c82a31f6 in __cxa_throw at /scratch/software/tmp/spack-stage/spack-stage-gcc-13.3.0-pc5contataet2iuufjrcsndtp6ub6hpk/spack-src/libstdc++-v3/libsupc++/eh_throw.cc:98:18
#4  0x00007fa827920640 in std::shared_ptr<std::decay<gko::experimental::distributed::Matrix<float, int, long> >::type const> gko::as<gko::experimental::distributed::Matrix<float, int, long>, gko::LinOp>(std::shared_ptr<gko::LinOp const>) at /storage/home/greole/code/NeoFOAM/build/profilingnvidia_h200/_deps/ginkgo-src/include/ginkgo/core/base/utils_helper.hpp:452:9
#5  0x00007fa82793f69d in gko::experimental::distributed::preconditioner::Schwarz<float, int, long>::extract_local_matrix(std::shared_ptr<gko::LinOp const>) const at /storage/home/greole/code/NeoFOAM/build/profilingnvidia_h200/_deps/ginkgo-src/core/distributed/preconditioner/schwarz.cpp:268:10
#6  0x00007fa82793feef in gko::experimental::distributed::preconditioner::Schwarz<float, int, long>::generate(std::shared_ptr<gko::LinOp const>) at /storage/home/greole/code/NeoFOAM/build/profilingnvidia_h200/_deps/ginkgo-src/core/distributed/preconditioner/schwarz.cpp:222:21
#7  0x00007fa8273fb5d3 in gko::experimental::distributed::preconditioner::Schwarz<float, int, long>::Schwarz(gko::experimental::distributed::preconditioner::Schwarz<float, int, long>::Factory const*, gko::LinOpGenerateComponents) at /storage/home/greole/code/NeoFOAM/build/profilingnvidia_h200/_deps/ginkgo-src/include/ginkgo/core/distributed/preconditioner/schwarz.hpp:257:23
#8  0x00007fa8273fb753 in gko::EnableDefaultFactory<gko::experimental::distributed::preconditioner::Schwarz<float, int, long>::Factory, gko::experimental::distributed::preconditioner::Schwarz<float, int, long>, gko::experimental::distributed::preconditioner::Schwarz<float, int, long>::parameters_type, gko::LinOpFactory>::generate_impl(gko::LinOpGenerateComponents) const at /storage/home/greole/code/NeoFOAM/build/profilingnvidia_h200/_deps/ginkgo-src/include/ginkgo/core/base/abstract_factory.hpp:188:13
#9  0x00007fa826994faf in std::unique_ptr<gko::LinOp, std::default_delete<gko::LinOp> > gko::AbstractFactory<gko::LinOp, gko::LinOpGenerateComponents>::generate<gko::LinOpGenerateComponents>(gko::LinOpGenerateComponents&&) const at /storage/home/greole/code/NeoFOAM/build/profilingnvidia_h200/_deps/ginkgo-src/include/ginkgo/core/base/abstract_factory.hpp:69:14
#10 0x00007fa826993415 in gko::solver::detail::generate_with_view(gko::LinOpFactory const*, std::shared_ptr<gko::LinOp const>, gko::solver::Workspace*) at /storage/home/greole/code/NeoFOAM/build/profilingnvidia_h200/_deps/ginkgo-src/core/base/lin_op.cpp:93:58
#11 0x00007fa827349cc2 in void gko::solver::EnablePreconditionedIterativeSolver<double, gko::solver::Cg<double> >::generate_preconditioner_with_workspace<gko::solver::Cg<double>::parameters_type>(gko::solver::Cg<double>::parameters_type const&) at /storage/home/greole/code/NeoFOAM/build/profilingnvidia_h200/_deps/ginkgo-src/include/ginkgo/core/solver/solver_base.hpp:902:37
#12 0x00007fa8273bc56d in gko::solver::Cg<double>::Cg(gko::solver::Cg<double>::Factory const*, gko::LinOpGenerateComponents) at /storage/home/greole/code/NeoFOAM/build/profilingnvidia_h200/_deps/ginkgo-src/include/ginkgo/core/solver/cg.hpp:119:53
#13 0x00007fa8273bc6d3 in gko::EnableDefaultFactory<gko::solver::Cg<double>::Factory, gko::solver::Cg<double>, gko::solver::Cg<double>::parameters_type, gko::LinOpFactory>::generate_impl(gko::LinOpGenerateComponents) const at /storage/home/greole/code/NeoFOAM/build/profilingnvidia_h200/_deps/ginkgo-src/include/ginkgo/core/base/abstract_factory.hpp:188:13
#14 0x00007fa826994faf in std::unique_ptr<gko::LinOp, std::default_delete<gko::LinOp> > gko::AbstractFactory<gko::LinOp, gko::LinOpGenerateComponents>::generate<gko::LinOpGenerateComponents>(gko::LinOpGenerateComponents&&) const at /storage/home/greole/code/NeoFOAM/build/profilingnvidia_h200/_deps/ginkgo-src/include/ginkgo/core/base/abstract_factory.hpp:69:14
#15 0x00007fa826992e28 in gko::LinOpFactory::generate(std::shared_ptr<gko::LinOp const>) const at /storage/home/greole/code/NeoFOAM/build/profilingnvidia_h200/_deps/ginkgo-src/core/base/lin_op.cpp:50:44
#16 (inlined)          in operator() at /storage/home/greole/code/NeoN/src/linearAlgebra/ginkgo/ginkgoDistributed.cpp:624:34
#17 0x00007fa8268b398a in NeoN::la::ginkgo::(anonymous namespace)::cacheOrUpdateSolver(std::shared_ptr<gko::LinOp>&, std::unique_ptr<gko::solver::Workspace, std::default_delete<gko::solver::Workspace> >&, std::array<unsigned long, 3ul>&, int&, bool, int, std::shared_ptr<gko::LinOpFactory const> const&, std::shared_ptr<gko::LinOp const> const&, std::array<unsigned long, 3ul> const&) at /storage/home/greole/code/NeoN/src/linearAlgebra/ginkgo/ginkgoDistributed.cpp:644:30
#18 0x00007fa8268b5879 in NeoN::la::ginkgo::GinkgoSolver::solveDist(NeoN::la::LinearSystem<double, double, NeoN::la::Matrix<double, NeoN::la::CsrSparsityPattern<int> >, NeoN::la::Matrix<double, NeoN::la::CooSparsityPattern<int> > > const&, NeoN::Vector<double>&) const at /storage/home/greole/code/NeoN/src/linearAlgebra/ginkgo/ginkgoDistributed.cpp:810:217
#19 (inlined)          in NeoN::la::Solver::solve(NeoN::la::LinearSystem<double, double, NeoN::la::Matrix<double, NeoN::la::CsrSparsityPattern<int> >, NeoN::la::Matrix<double, NeoN::la::CooSparsityPattern<int> > > const&, NeoN::Vector<double>&) const at /storage/home/greole/code/NeoN/include/NeoN/linearAlgebra/solver.hpp:121:92
#20 0x0000000000604666 in NeoFOAM::PDE<double, double, int>::solveImpl(NeoN::dsl::Expression<double, int>&, NeoN::la::LinearSystem<double, double, NeoN::la::Matrix<double, NeoN::la::CsrSparsityPattern<int> >, NeoN::la::Matrix<double, NeoN::la::CooSparsityPattern<int> > >&) at /storage/home/greole/code/NeoFOAM/include/NeoFOAM/datastructures/pde.hpp:436:6
#21 (inlined)          in NeoFOAM::PDE<double, double, int>::solve() at /storage/home/greole/code/NeoFOAM/include/NeoFOAM/datastructures/pde.hpp:222:31
#22 0x000000000053fd7b in main at /storage/home/greole/code/NeoFOAM/examples/neoSimpleFoam/neoSimpleFoam.cpp:244:11
#23 0x00007fa7c7f0460f at /lib64/libc.so.6
#24 0x00007fa7c7f046bf at /lib64/libc.so.6
#25 0x00000000005405e4 at /storage/home/greole/code/NeoFOAM/build/profilingnvidia_h200/bin/neoSimpleFoam
[gpu-nvidia-h200-3:679294] *** Process received signal ***
[gpu-nvidia-h200-3:679294] Signal: Aborted (6)
[gpu-nvidia-h200-3:679294] Signal code:  (-6)
[gpu-nvidia-h200-3:679294] [ 0] /lib64/libc.so.6(+0x3fc30)[0x7fa7c7f19c30]
[gpu-nvidia-h200-3:679294] [ 1] /lib64/libc.so.6(+0x8d02c)[0x7fa7c7f6702c]
[gpu-nvidia-h200-3:679294] [ 2] /lib64/libc.so.6(raise+0x16)[0x7fa7c7f19b86]
[gpu-nvidia-h200-3:679294] [ 3] /lib64/libc.so.6(abort+0xd3)[0x7fa7c7f03873]
[gpu-nvidia-h200-3:679294] [ 4] /storage/home/greole/code/NeoFOAM/build/profilingnvidia_h200/bin/neoSimpleFoam[0x628dd4]
[gpu-nvidia-h200-3:679294] [ 5] /storage/apps/opt/spack/opt/spack/__spack_path_placeholder__/__spack_path_placeholder__/__spack_path_placeholder__/__spack_path_placeholder__/__spack_path_placeholder__/__spack_path_placeholder__/__spack_path_placeholder__/__spack_path_placeholder__/__spac/linux-x86_64_v3/gcc-13.3.0-pc5contataet2iuufjrcsndtp6ub6hpk/lib64/libstdc++.so.6(+0xbdf3a)[0x7fa7c82a2f3a]
[gpu-nvidia-h200-3:679294] [ 6] /storage/apps/opt/spack/opt/spack/__spack_path_placeholder__/__spack_path_placeholder__/__spack_path_placeholder__/__spack_path_placeholder__/__spack_path_placeholder__/__spack_path_placeholder__/__spack_path_placeholder__/__spack_path_placeholder__/__spac/linux-x86_64_v3/gcc-13.3.0-pc5contataet2iuufjrcsndtp6ub6hpk/lib64/libstdc++.so.6(+0xbdfa5)[0x7fa7c82a2fa5]
[gpu-nvidia-h200-3:679294] [ 7] /storage/apps/opt/spack/opt/spack/__spack_path_placeholder__/__spack_path_placeholder__/__spack_path_placeholder__/__spack_path_placeholder__/__spack_path_placeholder__/__spack_path_placeholder__/__spack_path_placeholder__/__spack_path_placeholder__/__spac/linux-x86_64_v3/gcc-13.3.0-pc5contataet2iuufjrcsndtp6ub6hpk/lib64/libstdc++.so.6(+0xbe1f7)[0x7fa7c82a31f7]
[gpu-nvidia-h200-3:679294] [ 8] /storage/home/greole/code/NeoFOAM/build/profilingnvidia_h200/lib/libNeoN.so(_ZN3gko2asINS_12experimental11distributed6MatrixIfilEENS_5LinOpEEESt10shared_ptrIKNSt5decayIT_E4typeEES6_IKT0_E+0x111)[0x7fa827920641]
[gpu-nvidia-h200-3:679294] [ 9] /storage/home/greole/code/NeoFOAM/build/profilingnvidia_h200/lib/libNeoN.so(_ZNK3gko12experimental11distributed14preconditioner7SchwarzIfilE20extract_local_matrixESt10shared_ptrIKNS_5LinOpEE+0x4e)[0x7fa82793f69e]
[gpu-nvidia-h200-3:679294] [10] /storage/home/greole/code/NeoFOAM/build/profilingnvidia_h200/lib/libNeoN.so(_ZN3gko12experimental11distributed14preconditioner7SchwarzIfilE8generateESt10shared_ptrIKNS_5LinOpEE+0xb0)[0x7fa82793fef0]
[gpu-nvidia-h200-3:679294] [11] /storage/home/greole/code/NeoFOAM/build/profilingnvidia_h200/lib/libNeoN.so(_ZN3gko12experimental11distributed14preconditioner7SchwarzIfilEC1EPKNS4_7FactoryENS_23LinOpGenerateComponentsE+0x1c4)[0x7fa8273fb5d4]
[gpu-nvidia-h200-3:679294] [12] /storage/home/greole/code/NeoFOAM/build/profilingnvidia_h200/lib/libNeoN.so(_ZNK3gko20EnableDefaultFactoryINS_12experimental11distributed14preconditioner7SchwarzIfilE7FactoryES5_NS5_15parameters_typeENS_12LinOpFactoryEE13generate_implENS_23LinOpGenerateComponentsE+0x44)[0x7fa8273fb754]
[gpu-nvidia-h200-3:679294] [13] /storage/home/greole/code/NeoFOAM/build/profilingnvidia_h200/lib/libNeoN.so(_ZNK3gko15AbstractFactoryINS_5LinOpENS_23LinOpGenerateComponentsEE8generateIJS2_EEESt10unique_ptrIS1_St14default_deleteIS1_EEDpOT_+0x40)[0x7fa826994fb0]
[gpu-nvidia-h200-3:679294] [14] /storage/home/greole/code/NeoFOAM/build/profilingnvidia_h200/lib/libNeoN.so(_ZN3gko6solver6detail18generate_with_viewEPKNS_12LinOpFactoryESt10shared_ptrIKNS_5LinOpEEPNS0_9WorkspaceE+0x286)[0x7fa826993416]
[gpu-nvidia-h200-3:679294] [15] /storage/home/greole/code/NeoFOAM/build/profilingnvidia_h200/lib/libNeoN.so(_ZN3gko6solver35EnablePreconditionedIterativeSolverIdNS0_2CgIdEEE38generate_preconditioner_with_workspaceINS3_15parameters_typeEEEvRKT_+0x103)[0x7fa827349cc3]
[gpu-nvidia-h200-3:679294] [16] /storage/home/greole/code/NeoFOAM/build/profilingnvidia_h200/lib/libNeoN.so(_ZN3gko6solver2CgIdEC2EPKNS2_7FactoryENS_23LinOpGenerateComponentsE+0x23e)[0x7fa8273bc56e]
[gpu-nvidia-h200-3:679294] [17] /storage/home/greole/code/NeoFOAM/build/profilingnvidia_h200/lib/libNeoN.so(_ZNK3gko20EnableDefaultFactoryINS_6solver2CgIdE7FactoryES3_NS3_15parameters_typeENS_12LinOpFactoryEE13generate_implENS_23LinOpGenerateComponentsE+0x44)[0x7fa8273bc6d4]
[gpu-nvidia-h200-3:679294] [18] /storage/home/greole/code/NeoFOAM/build/profilingnvidia_h200/lib/libNeoN.so(_ZNK3gko15AbstractFactoryINS_5LinOpENS_23LinOpGenerateComponentsEE8generateIJS2_EEESt10unique_ptrIS1_St14default_deleteIS1_EEDpOT_+0x40)[0x7fa826994fb0]
[gpu-nvidia-h200-3:679294] [19] /storage/home/greole/code/NeoFOAM/build/profilingnvidia_h200/lib/libNeoN.so(_ZNK3gko12LinOpFactory8generateESt10shared_ptrIKNS_5LinOpEE+0x549)[0x7fa826992e29]
[gpu-nvidia-h200-3:679294] [20] /storage/home/greole/code/NeoFOAM/build/profilingnvidia_h200/lib/libNeoN.so(+0x217798b)[0x7fa8268b398b]
[gpu-nvidia-h200-3:679294] [21] /storage/home/greole/code/NeoFOAM/build/profilingnvidia_h200/lib/libNeoN.so(_ZNK4NeoN2la6ginkgo12GinkgoSolver9solveDistERKNS0_12LinearSystemIddNS0_6MatrixIdNS0_18CsrSparsityPatternIiEEEENS4_IdNS0_18CooSparsityPatternIiEEEEEERNS_6VectorIdEE+0x20a)[0x7fa8268b587a]
[gpu-nvidia-h200-3:679294] [22] /storage/home/greole/code/NeoFOAM/build/profilingnvidia_h200/bin/neoSimpleFoam(_ZN7NeoFOAM3PDEIddiE9solveImplERN4NeoN3dsl10ExpressionIdiEERNS2_2la12LinearSystemIddNS7_6MatrixIdNS7_18CsrSparsityPatternIiEEEENS9_IdNS7_18CooSparsityPatternIiEEEEEE+0x387)[0x604667]
[gpu-nvidia-h200-3:679294] [23] /storage/home/greole/code/NeoFOAM/build/profilingnvidia_h200/bin/neoSimpleFoam(main+0x184c)[0x53fd7c]
[gpu-nvidia-h200-3:679294] [24] /lib64/libc.so.6(+0x2a610)[0x7fa7c7f04610]
[gpu-nvidia-h200-3:679294] [25] /lib64/libc.so.6(__libc_start_main+0x80)[0x7fa7c7f046c0]
[gpu-nvidia-h200-3:679294] [26] /storage/home/greole/code/NeoFOAM/build/profilingnvidia_h200/bin/neoSimpleFoam(_start+0x25)[0x5405e5]
[gpu-nvidia-h200-3:679294] *** End of error message ***
Stack trace to reach terminate handler (most recent call first):
#0  0x000000000053bb39 in cpptrace::terminate_handler() at /storage/home/greole/code/NeoFOAM/build/profilingnvidia_h200/_deps/cpptrace-src/src/utils.cpp:65:34
#1  0x00007fba103ccf39 in __cxxabiv1::__terminate(void (*)()) at /scratch/software/tmp/spack-stage/spack-stage-gcc-13.3.0-pc5contataet2iuufjrcsndtp6ub6hpk/spack-src/libstdc++-v3/libsupc++/eh_terminate.cc:48:15
#2  0x00007fba103ccfa4 in std::terminate() at /scratch/software/tmp/spack-stage/spack-stage-gcc-13.3.0-pc5contataet2iuufjrcsndtp6ub6hpk/spack-src/libstdc++-v3/libsupc++/eh_terminate.cc:58:27
#3  0x00007fba103cd1f6 in __cxa_throw at /scratch/software/tmp/spack-stage/spack-stage-gcc-13.3.0-pc5contataet2iuufjrcsndtp6ub6hpk/spack-src/libstdc++-v3/libsupc++/eh_throw.cc:98:18
#4  0x00007fba6fa4a640 in std::shared_ptr<std::decay<gko::experimental::distributed::Matrix<float, int, long> >::type const> gko::as<gko::experimental::distributed::Matrix<float, int, long>, gko::LinOp>(std::shared_ptr<gko::LinOp const>) at /storage/home/greole/code/NeoFOAM/build/profilingnvidia_h200/_deps/ginkgo-src/include/ginkgo/core/base/utils_helper.hpp:452:9
#5  0x00007fba6fa6969d in gko::experimental::distributed::preconditioner::Schwarz<float, int, long>::extract_local_matrix(std::shared_ptr<gko::LinOp const>) const at /storage/home/greole/code/NeoFOAM/build/profilingnvidia_h200/_deps/ginkgo-src/core/distributed/preconditioner/schwarz.cpp:268:10
#6  0x00007fba6fa69eef in gko::experimental::distributed::preconditioner::Schwarz<float, int, long>::generate(std::shared_ptr<gko::LinOp const>) at /storage/home/greole/code/NeoFOAM/build/profilingnvidia_h200/_deps/ginkgo-src/core/distributed/preconditioner/schwarz.cpp:222:21
#7  0x00007fba6f5255d3 in gko::experimental::distributed::preconditioner::Schwarz<float, int, long>::Schwarz(gko::experimental::distributed::preconditioner::Schwarz<float, int, long>::Factory const*, gko::LinOpGenerateComponents) at /storage/home/greole/code/NeoFOAM/build/profilingnvidia_h200/_deps/ginkgo-src/include/ginkgo/core/distributed/preconditioner/schwarz.hpp:257:23
#8  0x00007fba6f525753 in gko::EnableDefaultFactory<gko::experimental::distributed::preconditioner::Schwarz<float, int, long>::Factory, gko::experimental::distributed::preconditioner::Schwarz<float, int, long>, gko::experimental::distributed::preconditioner::Schwarz<float, int, long>::parameters_type, gko::LinOpFactory>::generate_impl(gko::LinOpGenerateComponents) const at /storage/home/greole/code/NeoFOAM/build/profilingnvidia_h200/_deps/ginkgo-src/include/ginkgo/core/base/abstract_factory.hpp:188:13
#9  0x00007fba6eabefaf in std::unique_ptr<gko::LinOp, std::default_delete<gko::LinOp> > gko::AbstractFactory<gko::LinOp, gko::LinOpGenerateComponents>::generate<gko::LinOpGenerateComponents>(gko::LinOpGenerateComponents&&) const at /storage/home/greole/code/NeoFOAM/build/profilingnvidia_h200/_deps/ginkgo-src/include/ginkgo/core/base/abstract_factory.hpp:69:14
#10 0x00007fba6eabd415 in gko::solver::detail::generate_with_view(gko::LinOpFactory const*, std::shared_ptr<gko::LinOp const>, gko::solver::Workspace*) at /storage/home/greole/code/NeoFOAM/build/profilingnvidia_h200/_deps/ginkgo-src/core/base/lin_op.cpp:93:58
#11 0x00007fba6f473cc2 in void gko::solver::EnablePreconditionedIterativeSolver<double, gko::solver::Cg<double> >::generate_preconditioner_with_workspace<gko::solver::Cg<double>::parameters_type>(gko::solver::Cg<double>::parameters_type const&) at /storage/home/greole/code/NeoFOAM/build/profilingnvidia_h200/_deps/ginkgo-src/include/ginkgo/core/solver/solver_base.hpp:902:37
#12 0x00007fba6f4e656d in gko::solver::Cg<double>::Cg(gko::solver::Cg<double>::Factory const*, gko::LinOpGenerateComponents) at /storage/home/greole/code/NeoFOAM/build/profilingnvidia_h200/_deps/ginkgo-src/include/ginkgo/core/solver/cg.hpp:119:53
#13 0x00007fba6f4e66d3 in gko::EnableDefaultFactory<gko::solver::Cg<double>::Factory, gko::solver::Cg<double>, gko::solver::Cg<double>::parameters_type, gko::LinOpFactory>::generate_impl(gko::LinOpGenerateComponents) const at /storage/home/greole/code/NeoFOAM/build/profilingnvidia_h200/_deps/ginkgo-src/include/ginkgo/core/base/abstract_factory.hpp:188:13
#14 0x00007fba6eabefaf in std::unique_ptr<gko::LinOp, std::default_delete<gko::LinOp> > gko::AbstractFactory<gko::LinOp, gko::LinOpGenerateComponents>::generate<gko::LinOpGenerateComponents>(gko::LinOpGenerateComponents&&) const at /storage/home/greole/code/NeoFOAM/build/profilingnvidia_h200/_deps/ginkgo-src/include/ginkgo/core/base/abstract_factory.hpp:69:14
#15 0x00007fba6eabce28 in gko::LinOpFactory::generate(std::shared_ptr<gko::LinOp const>) const at /storage/home/greole/code/NeoFOAM/build/profilingnvidia_h200/_deps/ginkgo-src/core/base/lin_op.cpp:50:44
#16 (inlined)          in operator() at /storage/home/greole/code/NeoN/src/linearAlgebra/ginkgo/ginkgoDistributed.cpp:624:34
#17 0x00007fba6e9dd98a in NeoN::la::ginkgo::(anonymous namespace)::cacheOrUpdateSolver(std::shared_ptr<gko::LinOp>&, std::unique_ptr<gko::solver::Workspace, std::default_delete<gko::solver::Workspace> >&, std::array<unsigned long, 3ul>&, int&, bool, int, std::shared_ptr<gko::LinOpFactory const> const&, std::shared_ptr<gko::LinOp const> const&, std::array<unsigned long, 3ul> const&) at /storage/home/greole/code/NeoN/src/linearAlgebra/ginkgo/ginkgoDistributed.cpp:644:30
#18 0x00007fba6e9df879 in NeoN::la::ginkgo::GinkgoSolver::solveDist(NeoN::la::LinearSystem<double, double, NeoN::la::Matrix<double, NeoN::la::CsrSparsityPattern<int> >, NeoN::la::Matrix<double, NeoN::la::CooSparsityPattern<int> > > const&, NeoN::Vector<double>&) const at /storage/home/greole/code/NeoN/src/linearAlgebra/ginkgo/ginkgoDistributed.cpp:810:217
#19 (inlined)          in NeoN::la::Solver::solve(NeoN::la::LinearSystem<double, double, NeoN::la::Matrix<double, NeoN::la::CsrSparsityPattern<int> >, NeoN::la::Matrix<double, NeoN::la::CooSparsityPattern<int> > > const&, NeoN::Vector<double>&) const at /storage/home/greole/code/NeoN/include/NeoN/linearAlgebra/solver.hpp:121:92
#20 0x0000000000604666 in NeoFOAM::PDE<double, double, int>::solveImpl(NeoN::dsl::Expression<double, int>&, NeoN::la::LinearSystem<double, double, NeoN::la::Matrix<double, NeoN::la::CsrSparsityPattern<int> >, NeoN::la::Matrix<double, NeoN::la::CooSparsityPattern<int> > >&) at /storage/home/greole/code/NeoFOAM/include/NeoFOAM/datastructures/pde.hpp:436:6
#21 (inlined)          in NeoFOAM::PDE<double, double, int>::solve() at /storage/home/greole/code/NeoFOAM/include/NeoFOAM/datastructures/pde.hpp:222:31
#22 0x000000000053fd7b in main at /storage/home/greole/code/NeoFOAM/examples/neoSimpleFoam/neoSimpleFoam.cpp:244:11
#23 0x00007fba1002e60f at /lib64/libc.so.6
#24 0x00007fba1002e6bf at /lib64/libc.so.6
#25 0x00000000005405e4 at /storage/home/greole/code/NeoFOAM/build/profilingnvidia_h200/bin/neoSimpleFoam
[gpu-nvidia-h200-3:679295] *** Process received signal ***
[gpu-nvidia-h200-3:679295] Signal: Aborted (6)
[gpu-nvidia-h200-3:679295] Signal code:  (-6)
[gpu-nvidia-h200-3:679295] [ 0] /lib64/libc.so.6(+0x3fc30)[0x7fba10043c30]
[gpu-nvidia-h200-3:679295] [ 1] /lib64/libc.so.6(+0x8d02c)[0x7fba1009102c]
[gpu-nvidia-h200-3:679295] [ 2] /lib64/libc.so.6(raise+0x16)[0x7fba10043b86]
[gpu-nvidia-h200-3:679295] [ 3] /lib64/libc.so.6(abort+0xd3)[0x7fba1002d873]
[gpu-nvidia-h200-3:679295] [ 4] /storage/home/greole/code/NeoFOAM/build/profilingnvidia_h200/bin/neoSimpleFoam[0x628dd4]
[gpu-nvidia-h200-3:679295] [ 5] /storage/apps/opt/spack/opt/spack/__spack_path_placeholder__/__spack_path_placeholder__/__spack_path_placeholder__/__spack_path_placeholder__/__spack_path_placeholder__/__spack_path_placeholder__/__spack_path_placeholder__/__spack_path_placeholder__/__spac/linux-x86_64_v3/gcc-13.3.0-pc5contataet2iuufjrcsndtp6ub6hpk/lib64/libstdc++.so.6(+0xbdf3a)[0x7fba103ccf3a]
[gpu-nvidia-h200-3:679295] [ 6] /storage/apps/opt/spack/opt/spack/__spack_path_placeholder__/__spack_path_placeholder__/__spack_path_placeholder__/__spack_path_placeholder__/__spack_path_placeholder__/__spack_path_placeholder__/__spack_path_placeholder__/__spack_path_placeholder__/__spac/linux-x86_64_v3/gcc-13.3.0-pc5contataet2iuufjrcsndtp6ub6hpk/lib64/libstdc++.so.6(+0xbdfa5)[0x7fba103ccfa5]
[gpu-nvidia-h200-3:679295] [ 7] /storage/apps/opt/spack/opt/spack/__spack_path_placeholder__/__spack_path_placeholder__/__spack_path_placeholder__/__spack_path_placeholder__/__spack_path_placeholder__/__spack_path_placeholder__/__spack_path_placeholder__/__spack_path_placeholder__/__spac/linux-x86_64_v3/gcc-13.3.0-pc5contataet2iuufjrcsndtp6ub6hpk/lib64/libstdc++.so.6(+0xbe1f7)[0x7fba103cd1f7]
[gpu-nvidia-h200-3:679295] [ 8] /storage/home/greole/code/NeoFOAM/build/profilingnvidia_h200/lib/libNeoN.so(_ZN3gko2asINS_12experimental11distributed6MatrixIfilEENS_5LinOpEEESt10shared_ptrIKNSt5decayIT_E4typeEES6_IKT0_E+0x111)[0x7fba6fa4a641]
[gpu-nvidia-h200-3:679295] [ 9] /storage/home/greole/code/NeoFOAM/build/profilingnvidia_h200/lib/libNeoN.so(_ZNK3gko12experimental11distributed14preconditioner7SchwarzIfilE20extract_local_matrixESt10shared_ptrIKNS_5LinOpEE+0x4e)[0x7fba6fa6969e]
[gpu-nvidia-h200-3:679295] [10] /storage/home/greole/code/NeoFOAM/build/profilingnvidia_h200/lib/libNeoN.so(_ZN3gko12experimental11distributed14preconditioner7SchwarzIfilE8generateESt10shared_ptrIKNS_5LinOpEE+0xb0)[0x7fba6fa69ef0]
[gpu-nvidia-h200-3:679295] [11] /storage/home/greole/code/NeoFOAM/build/profilingnvidia_h200/lib/libNeoN.so(_ZN3gko12experimental11distributed14preconditioner7SchwarzIfilEC1EPKNS4_7FactoryENS_23LinOpGenerateComponentsE+0x1c4)[0x7fba6f5255d4]
[gpu-nvidia-h200-3:679295] [12] /storage/home/greole/code/NeoFOAM/build/profilingnvidia_h200/lib/libNeoN.so(_ZNK3gko20EnableDefaultFactoryINS_12experimental11distributed14preconditioner7SchwarzIfilE7FactoryES5_NS5_15parameters_typeENS_12LinOpFactoryEE13generate_implENS_23LinOpGenerateComponentsE+0x44)[0x7fba6f525754]
[gpu-nvidia-h200-3:679295] [13] /storage/home/greole/code/NeoFOAM/build/profilingnvidia_h200/lib/libNeoN.so(_ZNK3gko15AbstractFactoryINS_5LinOpENS_23LinOpGenerateComponentsEE8generateIJS2_EEESt10unique_ptrIS1_St14default_deleteIS1_EEDpOT_+0x40)[0x7fba6eabefb0]
[gpu-nvidia-h200-3:679295] [14] /storage/home/greole/code/NeoFOAM/build/profilingnvidia_h200/lib/libNeoN.so(_ZN3gko6solver6detail18generate_with_viewEPKNS_12LinOpFactoryESt10shared_ptrIKNS_5LinOpEEPNS0_9WorkspaceE+0x286)[0x7fba6eabd416]
[gpu-nvidia-h200-3:679295] [15] /storage/home/greole/code/NeoFOAM/build/profilingnvidia_h200/lib/libNeoN.so(_ZN3gko6solver35EnablePreconditionedIterativeSolverIdNS0_2CgIdEEE38generate_preconditioner_with_workspaceINS3_15parameters_typeEEEvRKT_+0x103)[0x7fba6f473cc3]
[gpu-nvidia-h200-3:679295] [16] /storage/home/greole/code/NeoFOAM/build/profilingnvidia_h200/lib/libNeoN.so(_ZN3gko6solver2CgIdEC2EPKNS2_7FactoryENS_23LinOpGenerateComponentsE+0x23e)[0x7fba6f4e656e]
[gpu-nvidia-h200-3:679295] [17] /storage/home/greole/code/NeoFOAM/build/profilingnvidia_h200/lib/libNeoN.so(_ZNK3gko20EnableDefaultFactoryINS_6solver2CgIdE7FactoryES3_NS3_15parameters_typeENS_12LinOpFactoryEE13generate_implENS_23LinOpGenerateComponentsE+0x44)[0x7fba6f4e66d4]
[gpu-nvidia-h200-3:679295] [18] /storage/home/greole/code/NeoFOAM/build/profilingnvidia_h200/lib/libNeoN.so(_ZNK3gko15AbstractFactoryINS_5LinOpENS_23LinOpGenerateComponentsEE8generateIJS2_EEESt10unique_ptrIS1_St14default_deleteIS1_EEDpOT_+0x40)[0x7fba6eabefb0]
[gpu-nvidia-h200-3:679295] [19] /storage/home/greole/code/NeoFOAM/build/profilingnvidia_h200/lib/libNeoN.so(_ZNK3gko12LinOpFactory8generateESt10shared_ptrIKNS_5LinOpEE+0x549)[0x7fba6eabce29]
[gpu-nvidia-h200-3:679295] [20] /storage/home/greole/code/NeoFOAM/build/profilingnvidia_h200/lib/libNeoN.so(+0x217798b)[0x7fba6e9dd98b]
[gpu-nvidia-h200-3:679295] [21] /storage/home/greole/code/NeoFOAM/build/profilingnvidia_h200/lib/libNeoN.so(_ZNK4NeoN2la6ginkgo12GinkgoSolver9solveDistERKNS0_12LinearSystemIddNS0_6MatrixIdNS0_18CsrSparsityPatternIiEEEENS4_IdNS0_18CooSparsityPatternIiEEEEEERNS_6VectorIdEE+0x20a)[0x7fba6e9df87a]
[gpu-nvidia-h200-3:679295] [22] /storage/home/greole/code/NeoFOAM/build/profilingnvidia_h200/bin/neoSimpleFoam(_ZN7NeoFOAM3PDEIddiE9solveImplERN4NeoN3dsl10ExpressionIdiEERNS2_2la12LinearSystemIddNS7_6MatrixIdNS7_18CsrSparsityPatternIiEEEENS9_IdNS7_18CooSparsityPatternIiEEEEEE+0x387)[0x604667]
[gpu-nvidia-h200-3:679295] [23] /storage/home/greole/code/NeoFOAM/build/profilingnvidia_h200/bin/neoSimpleFoam(main+0x184c)[0x53fd7c]
[gpu-nvidia-h200-3:679295] [24] /lib64/libc.so.6(+0x2a610)[0x7fba1002e610]
[gpu-nvidia-h200-3:679295] [25] /lib64/libc.so.6(__libc_start_main+0x80)[0x7fba1002e6c0]
[gpu-nvidia-h200-3:679295] [26] /storage/home/greole/code/NeoFOAM/build/profilingnvidia_h200/bin/neoSimpleFoam(_start+0x25)[0x5405e5]
[gpu-nvidia-h200-3:679295] *** End of error message ***
Stack trace to reach terminate handler (most recent call first):
#0  0x000000000053bb39 in cpptrace::terminate_handler() at /storage/home/greole/code/NeoFOAM/build/profilingnvidia_h200/_deps/cpptrace-src/src/utils.cpp:65:34
#1  0x00007f804ef9df39 in __cxxabiv1::__terminate(void (*)()) at /scratch/software/tmp/spack-stage/spack-stage-gcc-13.3.0-pc5contataet2iuufjrcsndtp6ub6hpk/spack-src/libstdc++-v3/libsupc++/eh_terminate.cc:48:15
#2  0x00007f804ef9dfa4 in std::terminate() at /scratch/software/tmp/spack-stage/spack-stage-gcc-13.3.0-pc5contataet2iuufjrcsndtp6ub6hpk/spack-src/libstdc++-v3/libsupc++/eh_terminate.cc:58:27
#3  0x00007f804ef9e1f6 in __cxa_throw at /scratch/software/tmp/spack-stage/spack-stage-gcc-13.3.0-pc5contataet2iuufjrcsndtp6ub6hpk/spack-src/libstdc++-v3/libsupc++/eh_throw.cc:98:18
#4  0x00007f80ae61b640 in std::shared_ptr<std::decay<gko::experimental::distributed::Matrix<float, int, long> >::type const> gko::as<gko::experimental::distributed::Matrix<float, int, long>, gko::LinOp>(std::shared_ptr<gko::LinOp const>) at /storage/home/greole/code/NeoFOAM/build/profilingnvidia_h200/_deps/ginkgo-src/include/ginkgo/core/base/utils_helper.hpp:452:9
#5  0x00007f80ae63a69d in gko::experimental::distributed::preconditioner::Schwarz<float, int, long>::extract_local_matrix(std::shared_ptr<gko::LinOp const>) const at /storage/home/greole/code/NeoFOAM/build/profilingnvidia_h200/_deps/ginkgo-src/core/distributed/preconditioner/schwarz.cpp:268:10
#6  0x00007f80ae63aeef in gko::experimental::distributed::preconditioner::Schwarz<float, int, long>::generate(std::shared_ptr<gko::LinOp const>) at /storage/home/greole/code/NeoFOAM/build/profilingnvidia_h200/_deps/ginkgo-src/core/distributed/preconditioner/schwarz.cpp:222:21
#7  0x00007f80ae0f65d3 in gko::experimental::distributed::preconditioner::Schwarz<float, int, long>::Schwarz(gko::experimental::distributed::preconditioner::Schwarz<float, int, long>::Factory const*, gko::LinOpGenerateComponents) at /storage/home/greole/code/NeoFOAM/build/profilingnvidia_h200/_deps/ginkgo-src/include/ginkgo/core/distributed/preconditioner/schwarz.hpp:257:23
#8  0x00007f80ae0f6753 in gko::EnableDefaultFactory<gko::experimental::distributed::preconditioner::Schwarz<float, int, long>::Factory, gko::experimental::distributed::preconditioner::Schwarz<float, int, long>, gko::experimental::distributed::preconditioner::Schwarz<float, int, long>::parameters_type, gko::LinOpFactory>::generate_impl(gko::LinOpGenerateComponents) const at /storage/home/greole/code/NeoFOAM/build/profilingnvidia_h200/_deps/ginkgo-src/include/ginkgo/core/base/abstract_factory.hpp:188:13
#9  0x00007f80ad68ffaf in std::unique_ptr<gko::LinOp, std::default_delete<gko::LinOp> > gko::AbstractFactory<gko::LinOp, gko::LinOpGenerateComponents>::generate<gko::LinOpGenerateComponents>(gko::LinOpGenerateComponents&&) const at /storage/home/greole/code/NeoFOAM/build/profilingnvidia_h200/_deps/ginkgo-src/include/ginkgo/core/base/abstract_factory.hpp:69:14
#10 0x00007f80ad68e415 in gko::solver::detail::generate_with_view(gko::LinOpFactory const*, std::shared_ptr<gko::LinOp const>, gko::solver::Workspace*) at /storage/home/greole/code/NeoFOAM/build/profilingnvidia_h200/_deps/ginkgo-src/core/base/lin_op.cpp:93:58
#11 0x00007f80ae044cc2 in void gko::solver::EnablePreconditionedIterativeSolver<double, gko::solver::Cg<double> >::generate_preconditioner_with_workspace<gko::solver::Cg<double>::parameters_type>(gko::solver::Cg<double>::parameters_type const&) at /storage/home/greole/code/NeoFOAM/build/profilingnvidia_h200/_deps/ginkgo-src/include/ginkgo/core/solver/solver_base.hpp:902:37
#12 0x00007f80ae0b756d in gko::solver::Cg<double>::Cg(gko::solver::Cg<double>::Factory const*, gko::LinOpGenerateComponents) at /storage/home/greole/code/NeoFOAM/build/profilingnvidia_h200/_deps/ginkgo-src/include/ginkgo/core/solver/cg.hpp:119:53
#13 0x00007f80ae0b76d3 in gko::EnableDefaultFactory<gko::solver::Cg<double>::Factory, gko::solver::Cg<double>, gko::solver::Cg<double>::parameters_type, gko::LinOpFactory>::generate_impl(gko::LinOpGenerateComponents) const at /storage/home/greole/code/NeoFOAM/build/profilingnvidia_h200/_deps/ginkgo-src/include/ginkgo/core/base/abstract_factory.hpp:188:13
#14 0x00007f80ad68ffaf in std::unique_ptr<gko::LinOp, std::default_delete<gko::LinOp> > gko::AbstractFactory<gko::LinOp, gko::LinOpGenerateComponents>::generate<gko::LinOpGenerateComponents>(gko::LinOpGenerateComponents&&) const at /storage/home/greole/code/NeoFOAM/build/profilingnvidia_h200/_deps/ginkgo-src/include/ginkgo/core/base/abstract_factory.hpp:69:14
#15 0x00007f80ad68de28 in gko::LinOpFactory::generate(std::shared_ptr<gko::LinOp const>) const at /storage/home/greole/code/NeoFOAM/build/profilingnvidia_h200/_deps/ginkgo-src/core/base/lin_op.cpp:50:44
#16 (inlined)          in operator() at /storage/home/greole/code/NeoN/src/linearAlgebra/ginkgo/ginkgoDistributed.cpp:624:34
#17 0x00007f80ad5ae98a in NeoN::la::ginkgo::(anonymous namespace)::cacheOrUpdateSolver(std::shared_ptr<gko::LinOp>&, std::unique_ptr<gko::solver::Workspace, std::default_delete<gko::solver::Workspace> >&, std::array<unsigned long, 3ul>&, int&, bool, int, std::shared_ptr<gko::LinOpFactory const> const&, std::shared_ptr<gko::LinOp const> const&, std::array<unsigned long, 3ul> const&) at /storage/home/greole/code/NeoN/src/linearAlgebra/ginkgo/ginkgoDistributed.cpp:644:30
#18 0x00007f80ad5b0879 in NeoN::la::ginkgo::GinkgoSolver::solveDist(NeoN::la::LinearSystem<double, double, NeoN::la::Matrix<double, NeoN::la::CsrSparsityPattern<int> >, NeoN::la::Matrix<double, NeoN::la::CooSparsityPattern<int> > > const&, NeoN::Vector<double>&) const at /storage/home/greole/code/NeoN/src/linearAlgebra/ginkgo/ginkgoDistributed.cpp:810:217
#19 (inlined)          in NeoN::la::Solver::solve(NeoN::la::LinearSystem<double, double, NeoN::la::Matrix<double, NeoN::la::CsrSparsityPattern<int> >, NeoN::la::Matrix<double, NeoN::la::CooSparsityPattern<int> > > const&, NeoN::Vector<double>&) const at /storage/home/greole/code/NeoN/include/NeoN/linearAlgebra/solver.hpp:121:92
#20 0x0000000000604666 in NeoFOAM::PDE<double, double, int>::solveImpl(NeoN::dsl::Expression<double, int>&, NeoN::la::LinearSystem<double, double, NeoN::la::Matrix<double, NeoN::la::CsrSparsityPattern<int> >, NeoN::la::Matrix<double, NeoN::la::CooSparsityPattern<int> > >&) at /storage/home/greole/code/NeoFOAM/include/NeoFOAM/datastructures/pde.hpp:436:6
#21 (inlined)          in NeoFOAM::PDE<double, double, int>::solve() at /storage/home/greole/code/NeoFOAM/include/NeoFOAM/datastructures/pde.hpp:222:31
#22 0x000000000053fd7b in main at /storage/home/greole/code/NeoFOAM/examples/neoSimpleFoam/neoSimpleFoam.cpp:244:11
#23 0x00007f804ebff60f at /lib64/libc.so.6
#24 0x00007f804ebff6bf at /lib64/libc.so.6
#25 0x00000000005405e4 at /storage/home/greole/code/NeoFOAM/build/profilingnvidia_h200/bin/neoSimpleFoam
[gpu-nvidia-h200-3:679292] *** Process received signal ***
[gpu-nvidia-h200-3:679292] Signal: Aborted (6)
[gpu-nvidia-h200-3:679292] Signal code:  (-6)
[gpu-nvidia-h200-3:679292] [ 0] /lib64/libc.so.6(+0x3fc30)[0x7f804ec14c30]
[gpu-nvidia-h200-3:679292] [ 1] /lib64/libc.so.6(+0x8d02c)[0x7f804ec6202c]
[gpu-nvidia-h200-3:679292] [ 2] /lib64/libc.so.6(raise+0x16)[0x7f804ec14b86]
[gpu-nvidia-h200-3:679292] [ 3] /lib64/libc.so.6(abort+0xd3)[0x7f804ebfe873]
[gpu-nvidia-h200-3:679292] [ 4] /storage/home/greole/code/NeoFOAM/build/profilingnvidia_h200/bin/neoSimpleFoam[0x628dd4]
[gpu-nvidia-h200-3:679292] [ 5] /storage/apps/opt/spack/opt/spack/__spack_path_placeholder__/__spack_path_placeholder__/__spack_path_placeholder__/__spack_path_placeholder__/__spack_path_placeholder__/__spack_path_placeholder__/__spack_path_placeholder__/__spack_path_placeholder__/__spac/linux-x86_64_v3/gcc-13.3.0-pc5contataet2iuufjrcsndtp6ub6hpk/lib64/libstdc++.so.6(+0xbdf3a)[0x7f804ef9df3a]
[gpu-nvidia-h200-3:679292] [ 6] /storage/apps/opt/spack/opt/spack/__spack_path_placeholder__/__spack_path_placeholder__/__spack_path_placeholder__/__spack_path_placeholder__/__spack_path_placeholder__/__spack_path_placeholder__/__spack_path_placeholder__/__spack_path_placeholder__/__spac/linux-x86_64_v3/gcc-13.3.0-pc5contataet2iuufjrcsndtp6ub6hpk/lib64/libstdc++.so.6(+0xbdfa5)[0x7f804ef9dfa5]
[gpu-nvidia-h200-3:679292] [ 7] /storage/apps/opt/spack/opt/spack/__spack_path_placeholder__/__spack_path_placeholder__/__spack_path_placeholder__/__spack_path_placeholder__/__spack_path_placeholder__/__spack_path_placeholder__/__spack_path_placeholder__/__spack_path_placeholder__/__spac/linux-x86_64_v3/gcc-13.3.0-pc5contataet2iuufjrcsndtp6ub6hpk/lib64/libstdc++.so.6(+0xbe1f7)[0x7f804ef9e1f7]
[gpu-nvidia-h200-3:679292] [ 8] /storage/home/greole/code/NeoFOAM/build/profilingnvidia_h200/lib/libNeoN.so(_ZN3gko2asINS_12experimental11distributed6MatrixIfilEENS_5LinOpEEESt10shared_ptrIKNSt5decayIT_E4typeEES6_IKT0_E+0x111)[0x7f80ae61b641]
[gpu-nvidia-h200-3:679292] [ 9] /storage/home/greole/code/NeoFOAM/build/profilingnvidia_h200/lib/libNeoN.so(_ZNK3gko12experimental11distributed14preconditioner7SchwarzIfilE20extract_local_matrixESt10shared_ptrIKNS_5LinOpEE+0x4e)[0x7f80ae63a69e]
[gpu-nvidia-h200-3:679292] [10] /storage/home/greole/code/NeoFOAM/build/profilingnvidia_h200/lib/libNeoN.so(_ZN3gko12experimental11distributed14preconditioner7SchwarzIfilE8generateESt10shared_ptrIKNS_5LinOpEE+0xb0)[0x7f80ae63aef0]
[gpu-nvidia-h200-3:679292] [11] /storage/home/greole/code/NeoFOAM/build/profilingnvidia_h200/lib/libNeoN.so(_ZN3gko12experimental11distributed14preconditioner7SchwarzIfilEC1EPKNS4_7FactoryENS_23LinOpGenerateComponentsE+0x1c4)[0x7f80ae0f65d4]
[gpu-nvidia-h200-3:679292] [12] /storage/home/greole/code/NeoFOAM/build/profilingnvidia_h200/lib/libNeoN.so(_ZNK3gko20EnableDefaultFactoryINS_12experimental11distributed14preconditioner7SchwarzIfilE7FactoryES5_NS5_15parameters_typeENS_12LinOpFactoryEE13generate_implENS_23LinOpGenerateComponentsE+0x44)[0x7f80ae0f6754]
[gpu-nvidia-h200-3:679292] [13] /storage/home/greole/code/NeoFOAM/build/profilingnvidia_h200/lib/libNeoN.so(_ZNK3gko15AbstractFactoryINS_5LinOpENS_23LinOpGenerateComponentsEE8generateIJS2_EEESt10unique_ptrIS1_St14default_deleteIS1_EEDpOT_+0x40)[0x7f80ad68ffb0]
[gpu-nvidia-h200-3:679292] [14] /storage/home/greole/code/NeoFOAM/build/profilingnvidia_h200/lib/libNeoN.so(_ZN3gko6solver6detail18generate_with_viewEPKNS_12LinOpFactoryESt10shared_ptrIKNS_5LinOpEEPNS0_9WorkspaceE+0x286)[0x7f80ad68e416]
[gpu-nvidia-h200-3:679292] [15] /storage/home/greole/code/NeoFOAM/build/profilingnvidia_h200/lib/libNeoN.so(_ZN3gko6solver35EnablePreconditionedIterativeSolverIdNS0_2CgIdEEE38generate_preconditioner_with_workspaceINS3_15parameters_typeEEEvRKT_+0x103)[0x7f80ae044cc3]
[gpu-nvidia-h200-3:679292] [16] /storage/home/greole/code/NeoFOAM/build/profilingnvidia_h200/lib/libNeoN.so(_ZN3gko6solver2CgIdEC2EPKNS2_7FactoryENS_23LinOpGenerateComponentsE+0x23e)[0x7f80ae0b756e]
[gpu-nvidia-h200-3:679292] [17] /storage/home/greole/code/NeoFOAM/build/profilingnvidia_h200/lib/libNeoN.so(_ZNK3gko20EnableDefaultFactoryINS_6solver2CgIdE7FactoryES3_NS3_15parameters_typeENS_12LinOpFactoryEE13generate_implENS_23LinOpGenerateComponentsE+0x44)[0x7f80ae0b76d4]
[gpu-nvidia-h200-3:679292] [18] /storage/home/greole/code/NeoFOAM/build/profilingnvidia_h200/lib/libNeoN.so(_ZNK3gko15AbstractFactoryINS_5LinOpENS_23LinOpGenerateComponentsEE8generateIJS2_EEESt10unique_ptrIS1_St14default_deleteIS1_EEDpOT_+0x40)[0x7f80ad68ffb0]
[gpu-nvidia-h200-3:679292] [19] /storage/home/greole/code/NeoFOAM/build/profilingnvidia_h200/lib/libNeoN.so(_ZNK3gko12LinOpFactory8generateESt10shared_ptrIKNS_5LinOpEE+0x549)[0x7f80ad68de29]
[gpu-nvidia-h200-3:679292] [20] /storage/home/greole/code/NeoFOAM/build/profilingnvidia_h200/lib/libNeoN.so(+0x217798b)[0x7f80ad5ae98b]
[gpu-nvidia-h200-3:679292] [21] /storage/home/greole/code/NeoFOAM/build/profilingnvidia_h200/lib/libNeoN.so(_ZNK4NeoN2la6ginkgo12GinkgoSolver9solveDistERKNS0_12LinearSystemIddNS0_6MatrixIdNS0_18CsrSparsityPatternIiEEEENS4_IdNS0_18CooSparsityPatternIiEEEEEERNS_6VectorIdEE+0x20a)[0x7f80ad5b087a]
[gpu-nvidia-h200-3:679292] [22] /storage/home/greole/code/NeoFOAM/build/profilingnvidia_h200/bin/neoSimpleFoam(_ZN7NeoFOAM3PDEIddiE9solveImplERN4NeoN3dsl10ExpressionIdiEERNS2_2la12LinearSystemIddNS7_6MatrixIdNS7_18CsrSparsityPatternIiEEEENS9_IdNS7_18CooSparsityPatternIiEEEEEE+0x387)[0x604667]
[gpu-nvidia-h200-3:679292] [23] /storage/home/greole/code/NeoFOAM/build/profilingnvidia_h200/bin/neoSimpleFoam(main+0x184c)[0x53fd7c]
[gpu-nvidia-h200-3:679292] [24] /lib64/libc.so.6(+0x2a610)[0x7f804ebff610]
[gpu-nvidia-h200-3:679292] [25] /lib64/libc.so.6(__libc_start_main+0x80)[0x7f804ebff6c0]
[gpu-nvidia-h200-3:679292] [26] /storage/home/greole/code/NeoFOAM/build/profilingnvidia_h200/bin/neoSimpleFoam(_start+0x25)[0x5405e5]
[gpu-nvidia-h200-3:679292] *** End of error message ***
--------------------------------------------------------------------------

prterun noticed that process rank 2 with PID 679294 on node gpu-nvidia-h200-3 exited on
signal 6 (Aborted).
--------------------------------------------------------------------------
