/*---------------------------------------------------------------------------*\
| =========                 |                                                 |
| \\      /  F ield         | OpenFOAM: The Open Source CFD Toolbox           |
|  \\    /   O peration     | Version:  2506                                  |
|   \\  /    A nd           | Website:  www.openfoam.com                      |
|    \\/     M anipulation  |                                                 |
\*---------------------------------------------------------------------------*/
Build  : b050cd9480-20250814 OPENFOAM=2506 version=v2506
Arch   : "LSB;label=32;scalar=64"
Exec   : /storage/home/greole/code/NeoFOAM/build/profilingnvidia_h200/bin/neoSimpleFoam -parallel
Date   : Jul 22 2026
Time   : 16:20:43
Host   : gpu-nvidia-h200-3.int.coma-cluster.de
PID    : 2750928
I/O    : uncollated
Case   : /storage/home/greole/code/NeoFOAM/occDrivAerStaticMesh
nProcs : 4
Hosts  :
(
    (gpu-nvidia-h200-3.int.coma-cluster.de 4)
)
Pstream initialized with:
    node communication : off [type=host] (4 ranks, 1 nodes)
    topology controls  : none
    consensus exchange : 0 (tuning: 0)
    exchange algorithm : 0
    commsType          : nonBlocking
    polling iterations : 0
trapFpe: Floating point exception trapping enabled (FOAM_SIGFPE).
fileModificationChecking : Monitoring run-time modified files using timeStampMaster (fileModificationSkew 5, maxFileModificationPolls 20)
allowSystemOperations : Allowing user-supplied system call operations

// * * * * * * * * * * * * * * * * * * * * * * * * * * * * * * * * * * * * * //
Create time

Initializing NeoN
Creating Executor GPU
Creating NeoFOAM runTime

SIMPLE: no convergence criteria found. Calculations will run for 12 steps.

Reading field p

Reading field U

Reading/calculating face flux field phi

Selecting incompressible transport model Newtonian
NeoFOAM solver config (from fvSolution configFile) for 'config(Cg+Multigrid)':
{
    cacheSolver: true
    configFile: <NeoN::TokenList>
    l1ScaledResidual: true
    preconditionerRebuildInterval: 0
    relTol: 0.010000
    reportName: config(Cg+Multigrid)
    solver: Ginkgo
    tolerance: 0.000000
}
    effective optimize: false
    effective checkFrequency: 1
Mapping OpenFOAM solver settings to NeoN settings.
Currently, it is advisable to specify a configFile
for fine grained Ginkgo solver control

Replacing solver PBiCGStab by solver::Bicgstab
Replacing preconditioner diagonal by preconditioner::Schwarz (Schwarz-wrapped for distributed run)
NeoFOAM solver config (mapped from fvSolution) for 'Schwarz(Jacobi)+Bicgstab':
{
    cacheSolver: true
    criteria: {
        absolute_residual_norm: 0.000000
        initial_residual_norm: 0.100000
        iteration: 1000
    }
    l1ScaledResidual: true
    optimize: false
    preconditioner: {
        local_solver: {
            max_block_size: 1
            type: preconditioner::Jacobi
        }
        type: preconditioner::Schwarz
    }
    reportName: Schwarz(Jacobi)+Bicgstab
    solver: Ginkgo
    type: solver::Bicgstab
}
    effective optimize: false
    effective checkFrequency: 1
Creating phi

[NF][/storage/home/greole/code/NeoFOAM/include/NeoFOAM/auxiliary/readers.hpp::423]: Internal: 49333487, Boundary: 1754396

[NF][/storage/home/greole/code/NeoFOAM/include/NeoFOAM/auxiliary/readers.hpp::423]: Internal: 49320882, Boundary: 1762558

[NF][/storage/home/greole/code/NeoFOAM/include/NeoFOAM/auxiliary/readers.hpp::423]: Internal: 49261542, Boundary: 1427829

[NF][/storage/home/greole/code/NeoFOAM/include/NeoFOAM/auxiliary/readers.hpp::423]: Internal: 49243125, Boundary: 1362247
Selecting patchDistMethod meshWave
Mapping OpenFOAM solver settings to NeoN settings.
Currently, it is advisable to specify a configFile
for fine grained Ginkgo solver control

Replacing solver PBiCGStab by solver::Bicgstab
Replacing preconditioner diagonal by preconditioner::Schwarz (Schwarz-wrapped for distributed run)
NeoFOAM solver config (mapped from fvSolution) for 'Schwarz(Jacobi)+Bicgstab':
{
    cacheSolver: true
    criteria: {
        absolute_residual_norm: 0.000000
        initial_residual_norm: 0.100000
        iteration: 1000
    }
    l1ScaledResidual: true
    optimize: false
    preconditioner: {
        local_solver: {
            max_block_size: 1
            type: preconditioner::Jacobi
        }
        type: preconditioner::Schwarz
    }
    reportName: Schwarz(Jacobi)+Bicgstab
    solver: Ginkgo
    type: solver::Bicgstab
}
    effective optimize: false
    effective checkFrequency: 1
Mapping OpenFOAM solver settings to NeoN settings.
Currently, it is advisable to specify a configFile
for fine grained Ginkgo solver control

Replacing solver PBiCGStab by solver::Bicgstab
Replacing preconditioner diagonal by preconditioner::Schwarz (Schwarz-wrapped for distributed run)
NeoFOAM solver config (mapped from fvSolution) for 'Schwarz(Jacobi)+Bicgstab':
{
    cacheSolver: true
    criteria: {
        absolute_residual_norm: 0.000000
        initial_residual_norm: 0.100000
        iteration: 1000
    }
    l1ScaledResidual: true
    optimize: false
    preconditioner: {
        local_solver: {
            max_block_size: 1
            type: preconditioner::Jacobi
        }
        type: preconditioner::Schwarz
    }
    reportName: Schwarz(Jacobi)+Bicgstab
    solver: Ginkgo
    type: solver::Bicgstab
}
    effective optimize: false
    effective checkFrequency: 1
Starting time loop
Time = 1051
[mem] step-start: DEVICE_POOL current=12979 MB  actual(reserved)=38146 MB  highWater=19132 MB
Schwarz(Jacobi)+Bicgstab:  Solving for Ux, Initial residual = 8.13877309943649e-05, Final residual = 3.3128387725961857e-06, No Iterations 3, Solve time = 68.134 ms
Schwarz(Jacobi)+Bicgstab:  Solving for Uy, Initial residual = 0.004403238680958118, Final residual = 0.0001535895533134389, No Iterations 3, Solve time = 68.134 ms
Schwarz(Jacobi)+Bicgstab:  Solving for Uz, Initial residual = 0.0011397400823179122, Final residual = 5.832562849764675e-05, No Iterations 3, Solve time = 68.134 ms
[mem] after-UEqn: DEVICE_POOL current=15847 MB  actual(reserved)=38146 MB  highWater=21135 MB
config(Cg+Multigrid):  Solving for p, Initial residual = 0.0013256944227604383, Final residual = 1.2301205065967656e-05, No Iterations 8, Solve time = 133.255 ms
time step continuity errors : sum local = 3.068946701002907e-06, global = -3.7818722677982343e-08, cumulative = -3.7818722677982343e-08
[mem] after-pEqn: DEVICE_POOL current=17315 MB  actual(reserved)=38146 MB  highWater=21135 MB
Schwarz(Jacobi)+Bicgstab:  Solving for omega, Initial residual = 1.3535603091658377e-05, Final residual = 9.66981936188457e-07, No Iterations 2, Solve time = 17.19 ms
bounding omega, min: -47623.16673555877 max: 45355982.607066974 average: 6371.528686106017
Schwarz(Jacobi)+Bicgstab:  Solving for k, Initial residual = 0.00025270633669090335, Final residual = 1.4870700135361367e-05, No Iterations 2, Solve time = 17.608 ms
bounding k, min: -0.00965704323836801 max: 920.0215110326471 average: 9.131308832667594
[mem] after-turb: DEVICE_POOL current=19500 MB  actual(reserved)=38146 MB  highWater=22309 MB
ExecutionTime = 44.45 s  ClockTime = 45 s

Time = 1052
[mem] step-start: DEVICE_POOL current=19500 MB  actual(reserved)=38146 MB  highWater=22309 MB
Schwarz(Jacobi)+Bicgstab:  Solving for Ux, Initial residual = 8.102363692721422e-05, Final residual = 3.1717180583009027e-06, No Iterations 3, Solve time = 51.522 ms
Schwarz(Jacobi)+Bicgstab:  Solving for Uy, Initial residual = 0.004412795692256457, Final residual = 0.00014457781641411406, No Iterations 3, Solve time = 51.522 ms
Schwarz(Jacobi)+Bicgstab:  Solving for Uz, Initial residual = 0.0011386595447165342, Final residual = 4.115973678429999e-05, No Iterations 3, Solve time = 51.522 ms
[mem] after-UEqn: DEVICE_POOL current=19500 MB  actual(reserved)=38146 MB  highWater=24788 MB
config(Cg+Multigrid):  Solving for p, Initial residual = 0.001301377403127247, Final residual = 1.264836736532394e-05, No Iterations 8, Solve time = 146.308 ms
time step continuity errors : sum local = 3.157090038507613e-06, global = -2.5280907241158393e-08, cumulative = -6.309962991914074e-08
[mem] after-pEqn: DEVICE_POOL current=19500 MB  actual(reserved)=38146 MB  highWater=24788 MB
Schwarz(Jacobi)+Bicgstab:  Solving for omega, Initial residual = 1.3464816399280532e-05, Final residual = 9.164343270066369e-07, No Iterations 2, Solve time = 14.102 ms
bounding omega, min: -47135.09507821931 max: 45355982.621183254 average: 6371.184523201433
Schwarz(Jacobi)+Bicgstab:  Solving for k, Initial residual = 0.00025274397596741733, Final residual = 1.5123233506849406e-05, No Iterations 2, Solve time = 14.141 ms
bounding k, min: -0.003858551595268961 max: 909.2906696645271 average: 9.131668504307505
[mem] after-turb: DEVICE_POOL current=19500 MB  actual(reserved)=38146 MB  highWater=24788 MB
ExecutionTime = 45.53 s  ClockTime = 46 s

Time = 1053
[mem] step-start: DEVICE_POOL current=19500 MB  actual(reserved)=38146 MB  highWater=24788 MB
Schwarz(Jacobi)+Bicgstab:  Solving for Ux, Initial residual = 8.087368904565105e-05, Final residual = 2.519380276816995e-06, No Iterations 3, Solve time = 51.563 ms
Schwarz(Jacobi)+Bicgstab:  Solving for Uy, Initial residual = 0.004419730811522647, Final residual = 0.000148014516999766, No Iterations 3, Solve time = 51.563 ms
Schwarz(Jacobi)+Bicgstab:  Solving for Uz, Initial residual = 0.0011363089405078811, Final residual = 4.270993929337218e-05, No Iterations 3, Solve time = 51.563 ms
[mem] after-UEqn: DEVICE_POOL current=19500 MB  actual(reserved)=38146 MB  highWater=24788 MB
config(Cg+Multigrid):  Solving for p, Initial residual = 0.0012922762945641124, Final residual = 1.0450854665222146e-05, No Iterations 9, Solve time = 160.514 ms
time step continuity errors : sum local = 2.609920369013015e-06, global = -1.1636881690503661e-08, cumulative = -7.47365116096444e-08
[mem] after-pEqn: DEVICE_POOL current=19500 MB  actual(reserved)=38146 MB  highWater=24788 MB
Schwarz(Jacobi)+Bicgstab:  Solving for omega, Initial residual = 1.3367397304411014e-05, Final residual = 8.961800800439648e-07, No Iterations 2, Solve time = 14.042 ms
bounding omega, min: -46798.93234014718 max: 45355982.64396542 average: 6370.921389898419
Schwarz(Jacobi)+Bicgstab:  Solving for k, Initial residual = 0.0002528232142984689, Final residual = 1.4872183316558398e-05, No Iterations 2, Solve time = 14.128 ms
bounding k, min: -0.004032733405462591 max: 895.9027689280842 average: 9.132183025767496
[mem] after-turb: DEVICE_POOL current=19500 MB  actual(reserved)=38146 MB  highWater=24788 MB
ExecutionTime = 46.64 s  ClockTime = 47 s

Time = 1054
[mem] step-start: DEVICE_POOL current=19500 MB  actual(reserved)=38146 MB  highWater=24788 MB
Schwarz(Jacobi)+Bicgstab:  Solving for Ux, Initial residual = 8.079166143150982e-05, Final residual = 2.2890303637463776e-06, No Iterations 3, Solve time = 51.895 ms
Schwarz(Jacobi)+Bicgstab:  Solving for Uy, Initial residual = 0.004426852955072758, Final residual = 0.00015538639153247084, No Iterations 3, Solve time = 51.895 ms
Schwarz(Jacobi)+Bicgstab:  Solving for Uz, Initial residual = 0.0011349476261216975, Final residual = 7.285298265771113e-05, No Iterations 3, Solve time = 51.895 ms
[mem] after-UEqn: DEVICE_POOL current=19500 MB  actual(reserved)=38146 MB  highWater=24788 MB
config(Cg+Multigrid):  Solving for p, Initial residual = 0.0012829897352435436, Final residual = 1.253999039508576e-05, No Iterations 8, Solve time = 147.562 ms
time step continuity errors : sum local = 3.133875853067619e-06, global = -1.647842831599111e-08, cumulative = -9.12149399256355e-08
[mem] after-pEqn: DEVICE_POOL current=19500 MB  actual(reserved)=38146 MB  highWater=24788 MB
Schwarz(Jacobi)+Bicgstab:  Solving for omega, Initial residual = 1.3216928296459086e-05, Final residual = 8.79368354489529e-07, No Iterations 2, Solve time = 14.075 ms
bounding omega, min: -102833.48461219271 max: 45355982.67719437 average: 6370.988166423923
Schwarz(Jacobi)+Bicgstab:  Solving for k, Initial residual = 0.00025268615266688707, Final residual = 1.4877198508675596e-05, No Iterations 2, Solve time = 14.167 ms
bounding k, min: -0.003790593477284096 max: 879.6052822037988 average: 9.132565211470695
[mem] after-turb: DEVICE_POOL current=19500 MB  actual(reserved)=38146 MB  highWater=24788 MB
ExecutionTime = 47.74 s  ClockTime = 49 s

Time = 1055
[mem] step-start: DEVICE_POOL current=19500 MB  actual(reserved)=38146 MB  highWater=24788 MB
Schwarz(Jacobi)+Bicgstab:  Solving for Ux, Initial residual = 8.055810076639794e-05, Final residual = 3.865777190330168e-06, No Iterations 2, Solve time = 40.727 ms
Schwarz(Jacobi)+Bicgstab:  Solving for Uy, Initial residual = 0.004431465666912594, Final residual = 0.0006723039770474526, No Iterations 2, Solve time = 40.727 ms
Schwarz(Jacobi)+Bicgstab:  Solving for Uz, Initial residual = 0.001136586324375007, Final residual = 7.569606688754994e-05, No Iterations 2, Solve time = 40.727 ms
[mem] after-UEqn: DEVICE_POOL current=19500 MB  actual(reserved)=38146 MB  highWater=24788 MB
config(Cg+Multigrid):  Solving for p, Initial residual = 0.0013010195169600835, Final residual = 1.2780667240999748e-05, No Iterations 8, Solve time = 144.034 ms
time step continuity errors : sum local = 3.1966828761028742e-06, global = -2.2288806567543825e-08, cumulative = -1.1350374649317934e-07
[mem] after-pEqn: DEVICE_POOL current=19500 MB  actual(reserved)=38146 MB  highWater=24788 MB
Schwarz(Jacobi)+Bicgstab:  Solving for omega, Initial residual = 1.318123931941124e-05, Final residual = 8.708063402041626e-07, No Iterations 2, Solve time = 14.307 ms
bounding omega, min: -45519.40196357478 max: 45355982.72184932 average: 6371.021066317885
Schwarz(Jacobi)+Bicgstab:  Solving for k, Initial residual = 0.00025313222380313666, Final residual = 1.5253277873172581e-05, No Iterations 2, Solve time = 14.014 ms
bounding k, min: -0.003533686407182768 max: 871.2241457002483 average: 9.132881854941667
[mem] after-turb: DEVICE_POOL current=19500 MB  actual(reserved)=38146 MB  highWater=24788 MB
ExecutionTime = 48.81 s  ClockTime = 50 s

Time = 1056
[mem] step-start: DEVICE_POOL current=19500 MB  actual(reserved)=38146 MB  highWater=24788 MB
Schwarz(Jacobi)+Bicgstab:  Solving for Ux, Initial residual = 8.072691325745685e-05, Final residual = 4.1027744012259525e-06, No Iterations 2, Solve time = 41.073 ms
Schwarz(Jacobi)+Bicgstab:  Solving for Uy, Initial residual = 0.0043988753501668755, Final residual = 0.0008343765064767212, No Iterations 2, Solve time = 41.073 ms
Schwarz(Jacobi)+Bicgstab:  Solving for Uz, Initial residual = 0.0011423816730500803, Final residual = 8.394802743419605e-05, No Iterations 2, Solve time = 41.073 ms
[mem] after-UEqn: DEVICE_POOL current=19500 MB  actual(reserved)=38146 MB  highWater=24788 MB
config(Cg+Multigrid):  Solving for p, Initial residual = 0.0012868279501660417, Final residual = 1.2336132700473667e-05, No Iterations 8, Solve time = 150.33 ms
time step continuity errors : sum local = 3.0883356299231347e-06, global = -1.7350965544482843e-08, cumulative = -1.3085471203766219e-07
[mem] after-pEqn: DEVICE_POOL current=19500 MB  actual(reserved)=38146 MB  highWater=24788 MB
Schwarz(Jacobi)+Bicgstab:  Solving for omega, Initial residual = 1.3159090541972536e-05, Final residual = 8.66091308634665e-07, No Iterations 2, Solve time = 14.211 ms
bounding omega, min: -43130.87165234371 max: 45355982.77572454 average: 6371.032552672378
Schwarz(Jacobi)+Bicgstab:  Solving for k, Initial residual = 0.0002530532198682184, Final residual = 1.52885289549332e-05, No Iterations 2, Solve time = 14.27 ms
bounding k, min: -0.001789095405891658 max: 864.3838816325353 average: 9.1334784900193
[mem] after-turb: DEVICE_POOL current=19500 MB  actual(reserved)=38146 MB  highWater=24788 MB
Writing p
Writing U
Writing turbulence variables
ExecutionTime = 51.12 s  ClockTime = 53 s

Time = 1057
[mem] step-start: DEVICE_POOL current=19500 MB  actual(reserved)=38146 MB  highWater=24788 MB
Schwarz(Jacobi)+Bicgstab:  Solving for Ux, Initial residual = 8.058502732267476e-05, Final residual = 4.4482298619496966e-06, No Iterations 2, Solve time = 42.365 ms
Schwarz(Jacobi)+Bicgstab:  Solving for Uy, Initial residual = 0.004436408629650065, Final residual = 0.0007665484011423723, No Iterations 2, Solve time = 42.365 ms
Schwarz(Jacobi)+Bicgstab:  Solving for Uz, Initial residual = 0.0011424450763330592, Final residual = 9.234045395368762e-05, No Iterations 2, Solve time = 42.365 ms
[mem] after-UEqn: DEVICE_POOL current=19500 MB  actual(reserved)=38146 MB  highWater=24788 MB
config(Cg+Multigrid):  Solving for p, Initial residual = 0.00131021623121784, Final residual = 1.223137246991096e-05, No Iterations 8, Solve time = 152.848 ms
time step continuity errors : sum local = 3.065326804256493e-06, global = -1.8346305683005628e-08, cumulative = -1.492010177206678e-07
[mem] after-pEqn: DEVICE_POOL current=19500 MB  actual(reserved)=38146 MB  highWater=24788 MB
Schwarz(Jacobi)+Bicgstab:  Solving for omega, Initial residual = 1.3138017063255345e-05, Final residual = 8.65610225084147e-07, No Iterations 2, Solve time = 14.281 ms
bounding omega, min: -41874.95487107073 max: 45355982.84065516 average: 6371.083223858696
Schwarz(Jacobi)+Bicgstab:  Solving for k, Initial residual = 0.00025311168137110253, Final residual = 1.5213430598345666e-05, No Iterations 2, Solve time = 14.201 ms
bounding k, min: -0.0022145441346009404 max: 862.6923654690995 average: 9.134064420131557
[mem] after-turb: DEVICE_POOL current=19500 MB  actual(reserved)=38146 MB  highWater=24788 MB
ExecutionTime = 52.21 s  ClockTime = 54 s

Time = 1058
[mem] step-start: DEVICE_POOL current=19500 MB  actual(reserved)=38146 MB  highWater=24788 MB
Schwarz(Jacobi)+Bicgstab:  Solving for Ux, Initial residual = 8.048947534685447e-05, Final residual = 5.047055288973712e-06, No Iterations 3, Solve time = 51.533 ms
Schwarz(Jacobi)+Bicgstab:  Solving for Uy, Initial residual = 0.004497818187543524, Final residual = 0.0001366166557289303, No Iterations 3, Solve time = 51.533 ms
Schwarz(Jacobi)+Bicgstab:  Solving for Uz, Initial residual = 0.0011342495939712445, Final residual = 4.573866114684322e-05, No Iterations 3, Solve time = 51.533 ms
[mem] after-UEqn: DEVICE_POOL current=19500 MB  actual(reserved)=38146 MB  highWater=24788 MB
config(Cg+Multigrid):  Solving for p, Initial residual = 0.0012887750165069894, Final residual = 1.1125598685851009e-05, No Iterations 8, Solve time = 152.928 ms
time step continuity errors : sum local = 2.7910816221251985e-06, global = -1.5951815333278305e-08, cumulative = -1.651528330539461e-07
[mem] after-pEqn: DEVICE_POOL current=19500 MB  actual(reserved)=38146 MB  highWater=24788 MB
Schwarz(Jacobi)+Bicgstab:  Solving for omega, Initial residual = 1.313867164527099e-05, Final residual = 8.642211979296896e-07, No Iterations 2, Solve time = 14.21 ms
bounding omega, min: -99144.37958807795 max: 45355982.91364788 average: 6371.107158317104
Schwarz(Jacobi)+Bicgstab:  Solving for k, Initial residual = 0.0002534664816087496, Final residual = 1.527573714900877e-05, No Iterations 2, Solve time = 14.308 ms
bounding k, min: -0.0029799384343184993 max: 860.9160396341813 average: 9.134668431798204
[mem] after-turb: DEVICE_POOL current=19500 MB  actual(reserved)=38146 MB  highWater=24788 MB
ExecutionTime = 53.3 s  ClockTime = 55 s

Time = 1059
[mem] step-start: DEVICE_POOL current=19500 MB  actual(reserved)=38146 MB  highWater=24788 MB
Schwarz(Jacobi)+Bicgstab:  Solving for Ux, Initial residual = 8.059904595774825e-05, Final residual = 4.647325367413121e-06, No Iterations 3, Solve time = 54.164 ms
Schwarz(Jacobi)+Bicgstab:  Solving for Uy, Initial residual = 0.00448883123598307, Final residual = 0.00013622058647437999, No Iterations 3, Solve time = 54.164 ms
Schwarz(Jacobi)+Bicgstab:  Solving for Uz, Initial residual = 0.0011309727261480439, Final residual = 4.524707148330161e-05, No Iterations 3, Solve time = 54.164 ms
[mem] after-UEqn: DEVICE_POOL current=19500 MB  actual(reserved)=38146 MB  highWater=24788 MB
config(Cg+Multigrid):  Solving for p, Initial residual = 0.0012827292979781873, Final residual = 1.0696928270265119e-05, No Iterations 8, Solve time = 153.408 ms
time step continuity errors : sum local = 2.686375331643417e-06, global = -1.072582901707091e-08, cumulative = -1.7587866207101702e-07
[mem] after-pEqn: DEVICE_POOL current=19500 MB  actual(reserved)=38146 MB  highWater=24788 MB
Schwarz(Jacobi)+Bicgstab:  Solving for omega, Initial residual = 1.3146251332308993e-05, Final residual = 8.613492194096935e-07, No Iterations 2, Solve time = 14.09 ms
bounding omega, min: -38263.46455261689 max: 45355982.991608284 average: 6371.108829406625
Schwarz(Jacobi)+Bicgstab:  Solving for k, Initial residual = 0.00025379094481492844, Final residual = 1.5254711928876665e-05, No Iterations 2, Solve time = 14.07 ms
bounding k, min: -0.002683757660345676 max: 861.5187816404551 average: 9.135253192767891
[mem] after-turb: DEVICE_POOL current=19500 MB  actual(reserved)=38146 MB  highWater=24788 MB
ExecutionTime = 54.4 s  ClockTime = 57 s

Time = 1060
[mem] step-start: DEVICE_POOL current=19500 MB  actual(reserved)=38146 MB  highWater=24788 MB
Schwarz(Jacobi)+Bicgstab:  Solving for Ux, Initial residual = 8.07512575546269e-05, Final residual = 4.608398499038633e-06, No Iterations 3, Solve time = 51.858 ms
Schwarz(Jacobi)+Bicgstab:  Solving for Uy, Initial residual = 0.004464458659830709, Final residual = 0.00013792993469379127, No Iterations 3, Solve time = 51.858 ms
Schwarz(Jacobi)+Bicgstab:  Solving for Uz, Initial residual = 0.001132821399119593, Final residual = 4.861051565573968e-05, No Iterations 3, Solve time = 51.858 ms
[mem] after-UEqn: DEVICE_POOL current=19500 MB  actual(reserved)=38146 MB  highWater=24788 MB
config(Cg+Multigrid):  Solving for p, Initial residual = 0.0012857902217224668, Final residual = 1.0804659070567988e-05, No Iterations 8, Solve time = 149.693 ms
time step continuity errors : sum local = 2.7163695676879553e-06, global = -2.354810024903367e-09, cumulative = -1.782334720959204e-07
[mem] after-pEqn: DEVICE_POOL current=19500 MB  actual(reserved)=38146 MB  highWater=24788 MB
Schwarz(Jacobi)+Bicgstab:  Solving for omega, Initial residual = 1.3145202680001998e-05, Final residual = 8.612043865041258e-07, No Iterations 2, Solve time = 14.366 ms
bounding omega, min: -41391.33286486672 max: 45355983.07321527 average: 6371.054617140451
Schwarz(Jacobi)+Bicgstab:  Solving for k, Initial residual = 0.00025413294677124226, Final residual = 1.535405479713521e-05, No Iterations 2, Solve time = 14.183 ms
bounding k, min: -0.0016524948369995365 max: 861.5389729147189 average: 9.135826210367895
[mem] after-turb: DEVICE_POOL current=19500 MB  actual(reserved)=38146 MB  highWater=24788 MB
ExecutionTime = 55.5 s  ClockTime = 58 s

Time = 1061
[mem] step-start: DEVICE_POOL current=19500 MB  actual(reserved)=38146 MB  highWater=24788 MB
Schwarz(Jacobi)+Bicgstab:  Solving for Ux, Initial residual = 8.094991992058265e-05, Final residual = 4.048541025658525e-06, No Iterations 3, Solve time = 51.954 ms
Schwarz(Jacobi)+Bicgstab:  Solving for Uy, Initial residual = 0.004431791595311589, Final residual = 0.00013887788712989074, No Iterations 3, Solve time = 51.954 ms
Schwarz(Jacobi)+Bicgstab:  Solving for Uz, Initial residual = 0.001137795664039714, Final residual = 3.44969321233031e-05, No Iterations 3, Solve time = 51.954 ms
[mem] after-UEqn: DEVICE_POOL current=19500 MB  actual(reserved)=38146 MB  highWater=24788 MB
config(Cg+Multigrid):  Solving for p, Initial residual = 0.0012882187612136336, Final residual = 1.1541883152791725e-05, No Iterations 8, Solve time = 150.433 ms
time step continuity errors : sum local = 2.9050420173443807e-06, global = 7.621007247092808e-09, cumulative = -1.7061246484882758e-07
[mem] after-pEqn: DEVICE_POOL current=19500 MB  actual(reserved)=38146 MB  highWater=24788 MB
Schwarz(Jacobi)+Bicgstab:  Solving for omega, Initial residual = 1.3144224591564498e-05, Final residual = 8.638354924950363e-07, No Iterations 2, Solve time = 14.232 ms
bounding omega, min: -35917.45943552239 max: 45355983.156121284 average: 6370.959193599004
Schwarz(Jacobi)+Bicgstab:  Solving for k, Initial residual = 0.0002544630473291891, Final residual = 1.5355071146725916e-05, No Iterations 2, Solve time = 14.195 ms
bounding k, min: -0.0018406185170780215 max: 862.711618960367 average: 9.136335952491562
[mem] after-turb: DEVICE_POOL current=19500 MB  actual(reserved)=38146 MB  highWater=24788 MB
ExecutionTime = 56.59 s  ClockTime = 59 s

Time = 1062
[mem] step-start: DEVICE_POOL current=19500 MB  actual(reserved)=38146 MB  highWater=24788 MB
Schwarz(Jacobi)+Bicgstab:  Solving for Ux, Initial residual = 8.110682633882806e-05, Final residual = 4.006511570603263e-06, No Iterations 3, Solve time = 51.627 ms
Schwarz(Jacobi)+Bicgstab:  Solving for Uy, Initial residual = 0.0043988686993455305, Final residual = 0.000139387100053094, No Iterations 3, Solve time = 51.627 ms
Schwarz(Jacobi)+Bicgstab:  Solving for Uz, Initial residual = 0.0011428978648613355, Final residual = 5.8994555219919755e-05, No Iterations 3, Solve time = 51.627 ms
[mem] after-UEqn: DEVICE_POOL current=19500 MB  actual(reserved)=38146 MB  highWater=24788 MB
config(Cg+Multigrid):  Solving for p, Initial residual = 0.0012869412880561059, Final residual = 1.0852705818192262e-05, No Iterations 9, Solve time = 166.629 ms
time step continuity errors : sum local = 2.7351866931159436e-06, global = 1.5066125720420567e-08, cumulative = -1.55546339128407e-07
[mem] after-pEqn: DEVICE_POOL current=19500 MB  actual(reserved)=38146 MB  highWater=24788 MB
Schwarz(Jacobi)+Bicgstab:  Solving for omega, Initial residual = 0.09958000922917709, Final residual = 0.007660576694703567, No Iterations 3, Solve time = 17.48 ms
bounding omega, min: -118136.57271164657 max: 28584901183642.984 average: 1423408.3548983855
Schwarz(Jacobi)+Bicgstab:  Solving for k, Initial residual = 0.009750523489361429, Final residual = 3.8902442206797656e-05, No Iterations 1, Solve time = 10.988 ms
bounding k, min: -1.7498562901068677 max: 863.2229044671852 average: 9.136376875472493
[mem] after-turb: DEVICE_POOL current=19500 MB  actual(reserved)=38146 MB  highWater=24788 MB
ExecutionTime = 57.69 s  ClockTime = 60 s

Finalizing NeoN
Finalising parallel run
