/*---------------------------------------------------------------------------*\
| =========                 |                                                 |
| \\      /  F ield         | OpenFOAM: The Open Source CFD Toolbox           |
|  \\    /   O peration     | Version:  2506                                  |
|   \\  /    A nd           | Website:  www.openfoam.com                      |
|    \\/     M anipulation  |                                                 |
\*---------------------------------------------------------------------------*/
Build  : b050cd9480-20250814 OPENFOAM=2506 version=v2506
Arch   : "LSB;label=32;scalar=64"
Exec   : /storage/home/greole/code/NeoFOAM/build/profilingnvidia_h200/bin/neoSimpleFoam -parallel
Date   : Jul 22 2026
Time   : 16:19:39
Host   : gpu-nvidia-h200-3.int.coma-cluster.de
PID    : 2701521
I/O    : uncollated
Case   : /storage/home/greole/code/NeoFOAM/occDrivAerStaticMesh
nProcs : 4
Hosts  :
(
    (gpu-nvidia-h200-3.int.coma-cluster.de 4)
)
Pstream initialized with:
    node communication : off [type=host] (4 ranks, 1 nodes)
    topology controls  : none
    consensus exchange : 0 (tuning: 0)
    exchange algorithm : 0
    commsType          : nonBlocking
    polling iterations : 0
trapFpe: Floating point exception trapping enabled (FOAM_SIGFPE).
fileModificationChecking : Monitoring run-time modified files using timeStampMaster (fileModificationSkew 5, maxFileModificationPolls 20)
allowSystemOperations : Allowing user-supplied system call operations

// * * * * * * * * * * * * * * * * * * * * * * * * * * * * * * * * * * * * * //
Create time

Initializing NeoN
Creating Executor GPU
Creating NeoFOAM runTime

SIMPLE: no convergence criteria found. Calculations will run for 12 steps.

Reading field p

Reading field U

Reading/calculating face flux field phi

Selecting incompressible transport model Newtonian
NeoFOAM solver config (from fvSolution configFile) for 'config(Cg+Multigrid)':
{
    cacheSolver: true
    configFile: <NeoN::TokenList>
    l1ScaledResidual: true
    preconditionerRebuildInterval: 0
    relTol: 0.010000
    reportName: config(Cg+Multigrid)
    solver: Ginkgo
    tolerance: 0.000000
}
    effective optimize: false
    effective checkFrequency: 1
Mapping OpenFOAM solver settings to NeoN settings.
Currently, it is advisable to specify a configFile
for fine grained Ginkgo solver control

Replacing solver PBiCGStab by solver::Bicgstab
Replacing preconditioner diagonal by preconditioner::Schwarz (Schwarz-wrapped for distributed run)
NeoFOAM solver config (mapped from fvSolution) for 'Schwarz(Jacobi)+Bicgstab':
{
    cacheSolver: true
    criteria: {
        absolute_residual_norm: 0.000000
        initial_residual_norm: 0.100000
        iteration: 1000
    }
    l1ScaledResidual: true
    optimize: false
    preconditioner: {
        local_solver: {
            max_block_size: 1
            type: preconditioner::Jacobi
        }
        type: preconditioner::Schwarz
    }
    reportName: Schwarz(Jacobi)+Bicgstab
    solver: Ginkgo
    type: solver::Bicgstab
}
    effective optimize: false
    effective checkFrequency: 1
Creating phi

[NF][/storage/home/greole/code/NeoFOAM/include/NeoFOAM/auxiliary/readers.hpp::423]: Internal: 49333487, Boundary: 1754396

[NF][/storage/home/greole/code/NeoFOAM/include/NeoFOAM/auxiliary/readers.hpp::423]: Internal: 49320882, Boundary: 1762558

[NF][/storage/home/greole/code/NeoFOAM/include/NeoFOAM/auxiliary/readers.hpp::423]: Internal: 49243125, Boundary: 1362247

[NF][/storage/home/greole/code/NeoFOAM/include/NeoFOAM/auxiliary/readers.hpp::423]: Internal: 49261542, Boundary: 1427829
Selecting patchDistMethod meshWave
Mapping OpenFOAM solver settings to NeoN settings.
Currently, it is advisable to specify a configFile
for fine grained Ginkgo solver control

Replacing solver PBiCGStab by solver::Bicgstab
Replacing preconditioner diagonal by preconditioner::Schwarz (Schwarz-wrapped for distributed run)
NeoFOAM solver config (mapped from fvSolution) for 'Schwarz(Jacobi)+Bicgstab':
{
    cacheSolver: true
    criteria: {
        absolute_residual_norm: 0.000000
        initial_residual_norm: 0.100000
        iteration: 1000
    }
    l1ScaledResidual: true
    optimize: false
    preconditioner: {
        local_solver: {
            max_block_size: 1
            type: preconditioner::Jacobi
        }
        type: preconditioner::Schwarz
    }
    reportName: Schwarz(Jacobi)+Bicgstab
    solver: Ginkgo
    type: solver::Bicgstab
}
    effective optimize: false
    effective checkFrequency: 1
Mapping OpenFOAM solver settings to NeoN settings.
Currently, it is advisable to specify a configFile
for fine grained Ginkgo solver control

Replacing solver PBiCGStab by solver::Bicgstab
Replacing preconditioner diagonal by preconditioner::Schwarz (Schwarz-wrapped for distributed run)
NeoFOAM solver config (mapped from fvSolution) for 'Schwarz(Jacobi)+Bicgstab':
{
    cacheSolver: true
    criteria: {
        absolute_residual_norm: 0.000000
        initial_residual_norm: 0.100000
        iteration: 1000
    }
    l1ScaledResidual: true
    optimize: false
    preconditioner: {
        local_solver: {
            max_block_size: 1
            type: preconditioner::Jacobi
        }
        type: preconditioner::Schwarz
    }
    reportName: Schwarz(Jacobi)+Bicgstab
    solver: Ginkgo
    type: solver::Bicgstab
}
    effective optimize: false
    effective checkFrequency: 1
Starting time loop
Time = 1051
[mem] step-start: DEVICE_POOL current=12979 MB  actual(reserved)=38146 MB  highWater=19132 MB
Schwarz(Jacobi)+Bicgstab:  Solving for Ux, Initial residual = 8.138773099436241e-05, Final residual = 3.312838772595756e-06, No Iterations 3, Solve time = 72.24 ms
Schwarz(Jacobi)+Bicgstab:  Solving for Uy, Initial residual = 0.004403238680958119, Final residual = 0.00015358955331343832, No Iterations 3, Solve time = 72.24 ms
Schwarz(Jacobi)+Bicgstab:  Solving for Uz, Initial residual = 0.0011397400823179129, Final residual = 5.8325628497649135e-05, No Iterations 3, Solve time = 72.24 ms
[mem] after-UEqn: DEVICE_POOL current=15847 MB  actual(reserved)=38146 MB  highWater=21135 MB
config(Cg+Multigrid):  Solving for p, Initial residual = 0.0013256944227604509, Final residual = 1.2301205065951388e-05, No Iterations 8, Solve time = 133.411 ms
time step continuity errors : sum local = 3.0689467010151e-06, global = -3.7818722677780604e-08, cumulative = -3.7818722677780604e-08
[mem] after-pEqn: DEVICE_POOL current=17315 MB  actual(reserved)=38146 MB  highWater=21135 MB
Schwarz(Jacobi)+Bicgstab:  Solving for omega, Initial residual = 1.3535603091658365e-05, Final residual = 9.669819361884565e-07, No Iterations 2, Solve time = 16.164 ms
bounding omega, min: -47623.166735558334 max: 45355982.607066974 average: 6371.528686106017
Schwarz(Jacobi)+Bicgstab:  Solving for k, Initial residual = 0.00025270633669090335, Final residual = 1.4870700135361503e-05, No Iterations 2, Solve time = 16.387 ms
bounding k, min: -0.009657043238367538 max: 920.021511032647 average: 9.131308832667594
[mem] after-turb: DEVICE_POOL current=19500 MB  actual(reserved)=38146 MB  highWater=22309 MB
ExecutionTime = 44.1 s  ClockTime = 45 s

Time = 1052
[mem] step-start: DEVICE_POOL current=19500 MB  actual(reserved)=38146 MB  highWater=22309 MB
Schwarz(Jacobi)+Bicgstab:  Solving for Ux, Initial residual = 8.102363692721915e-05, Final residual = 3.171718058301617e-06, No Iterations 3, Solve time = 51.683 ms
Schwarz(Jacobi)+Bicgstab:  Solving for Uy, Initial residual = 0.004412795692256441, Final residual = 0.00014457781641410704, No Iterations 3, Solve time = 51.683 ms
Schwarz(Jacobi)+Bicgstab:  Solving for Uz, Initial residual = 0.0011386595447165303, Final residual = 4.1159736784295226e-05, No Iterations 3, Solve time = 51.683 ms
[mem] after-UEqn: DEVICE_POOL current=19500 MB  actual(reserved)=38146 MB  highWater=24788 MB
config(Cg+Multigrid):  Solving for p, Initial residual = 0.0013013774031272686, Final residual = 1.264836736531574e-05, No Iterations 8, Solve time = 159.324 ms
time step continuity errors : sum local = 3.157090038516136e-06, global = -2.5280907234177634e-08, cumulative = -6.309962991195824e-08
[mem] after-pEqn: DEVICE_POOL current=19500 MB  actual(reserved)=38146 MB  highWater=24788 MB
Schwarz(Jacobi)+Bicgstab:  Solving for omega, Initial residual = 1.3464816399280529e-05, Final residual = 9.164343270066305e-07, No Iterations 2, Solve time = 15.355 ms
bounding omega, min: -47135.09507821966 max: 45355982.621183254 average: 6371.184523201434
Schwarz(Jacobi)+Bicgstab:  Solving for k, Initial residual = 0.00025274397596741733, Final residual = 1.5123233506849411e-05, No Iterations 2, Solve time = 14.091 ms
bounding k, min: -0.003858551595269419 max: 909.290669664527 average: 9.131668504307505
[mem] after-turb: DEVICE_POOL current=19500 MB  actual(reserved)=38146 MB  highWater=24788 MB
ExecutionTime = 45.2 s  ClockTime = 46 s

Time = 1053
[mem] step-start: DEVICE_POOL current=19500 MB  actual(reserved)=38146 MB  highWater=24788 MB
Schwarz(Jacobi)+Bicgstab:  Solving for Ux, Initial residual = 8.087368904564968e-05, Final residual = 2.519380276818111e-06, No Iterations 3, Solve time = 51.781 ms
Schwarz(Jacobi)+Bicgstab:  Solving for Uy, Initial residual = 0.004419730811522598, Final residual = 0.00014801451699977212, No Iterations 3, Solve time = 51.781 ms
Schwarz(Jacobi)+Bicgstab:  Solving for Uz, Initial residual = 0.0011363089405078725, Final residual = 4.270993929336195e-05, No Iterations 3, Solve time = 51.781 ms
[mem] after-UEqn: DEVICE_POOL current=19500 MB  actual(reserved)=38146 MB  highWater=24788 MB
config(Cg+Multigrid):  Solving for p, Initial residual = 0.0012922762945640417, Final residual = 1.0450854665223538e-05, No Iterations 9, Solve time = 166.425 ms
time step continuity errors : sum local = 2.609920369006806e-06, global = -1.1636881674635531e-08, cumulative = -7.473651158659377e-08
[mem] after-pEqn: DEVICE_POOL current=19500 MB  actual(reserved)=38146 MB  highWater=24788 MB
Schwarz(Jacobi)+Bicgstab:  Solving for omega, Initial residual = 1.3367397304410983e-05, Final residual = 8.96180080043964e-07, No Iterations 2, Solve time = 14.23 ms
bounding omega, min: -46798.932340146916 max: 45355982.64396542 average: 6370.921389898419
Schwarz(Jacobi)+Bicgstab:  Solving for k, Initial residual = 0.0002528232142984689, Final residual = 1.487218331655861e-05, No Iterations 2, Solve time = 14.382 ms
bounding k, min: -0.004032733405461841 max: 895.9027689280836 average: 9.132183025767496
[mem] after-turb: DEVICE_POOL current=19500 MB  actual(reserved)=38146 MB  highWater=24788 MB
ExecutionTime = 46.31 s  ClockTime = 47 s

Time = 1054
[mem] step-start: DEVICE_POOL current=19500 MB  actual(reserved)=38146 MB  highWater=24788 MB
Schwarz(Jacobi)+Bicgstab:  Solving for Ux, Initial residual = 8.079166143150777e-05, Final residual = 2.2890303639803807e-06, No Iterations 3, Solve time = 51.961 ms
Schwarz(Jacobi)+Bicgstab:  Solving for Uy, Initial residual = 0.004426852955072771, Final residual = 0.0001553863915325318, No Iterations 3, Solve time = 51.961 ms
Schwarz(Jacobi)+Bicgstab:  Solving for Uz, Initial residual = 0.001134947626121687, Final residual = 7.285298265755636e-05, No Iterations 3, Solve time = 51.961 ms
[mem] after-UEqn: DEVICE_POOL current=19500 MB  actual(reserved)=38146 MB  highWater=24788 MB
config(Cg+Multigrid):  Solving for p, Initial residual = 0.001282989735243249, Final residual = 1.2539990395072782e-05, No Iterations 8, Solve time = 146.402 ms
time step continuity errors : sum local = 3.1338758530766782e-06, global = -1.6478428306692294e-08, cumulative = -9.121493989328606e-08
[mem] after-pEqn: DEVICE_POOL current=19500 MB  actual(reserved)=38146 MB  highWater=24788 MB
Schwarz(Jacobi)+Bicgstab:  Solving for omega, Initial residual = 1.3216928296456485e-05, Final residual = 8.793683544889944e-07, No Iterations 2, Solve time = 14.217 ms
bounding omega, min: -102833.4846120798 max: 45355982.67719437 average: 6370.98816642392
Schwarz(Jacobi)+Bicgstab:  Solving for k, Initial residual = 0.00025268615266686695, Final residual = 1.4877198508660071e-05, No Iterations 2, Solve time = 14.323 ms
bounding k, min: -0.0037905934773149186 max: 879.6052822037981 average: 9.13256521147068
[mem] after-turb: DEVICE_POOL current=19500 MB  actual(reserved)=38146 MB  highWater=24788 MB
ExecutionTime = 47.41 s  ClockTime = 48 s

Time = 1055
[mem] step-start: DEVICE_POOL current=19500 MB  actual(reserved)=38146 MB  highWater=24788 MB
Schwarz(Jacobi)+Bicgstab:  Solving for Ux, Initial residual = 8.0558100766384e-05, Final residual = 3.865777190450704e-06, No Iterations 2, Solve time = 41.128 ms
Schwarz(Jacobi)+Bicgstab:  Solving for Uy, Initial residual = 0.0044314656669126725, Final residual = 0.0006723039770341309, No Iterations 2, Solve time = 41.128 ms
Schwarz(Jacobi)+Bicgstab:  Solving for Uz, Initial residual = 0.0011365863243749884, Final residual = 7.569606688793806e-05, No Iterations 2, Solve time = 41.128 ms
[mem] after-UEqn: DEVICE_POOL current=19500 MB  actual(reserved)=38146 MB  highWater=24788 MB
config(Cg+Multigrid):  Solving for p, Initial residual = 0.0013010195169592537, Final residual = 1.2780667240993573e-05, No Iterations 8, Solve time = 149.814 ms
time step continuity errors : sum local = 3.1966828761236e-06, global = -2.2288806565695705e-08, cumulative = -1.1350374645898176e-07
[mem] after-pEqn: DEVICE_POOL current=19500 MB  actual(reserved)=38146 MB  highWater=24788 MB
Schwarz(Jacobi)+Bicgstab:  Solving for omega, Initial residual = 1.3181239319411822e-05, Final residual = 8.708063402042744e-07, No Iterations 2, Solve time = 14.275 ms
bounding omega, min: -45519.40196357305 max: 45355982.72184932 average: 6371.021066317886
Schwarz(Jacobi)+Bicgstab:  Solving for k, Initial residual = 0.00025313222380313535, Final residual = 1.5253277873198605e-05, No Iterations 2, Solve time = 14.165 ms
bounding k, min: -0.0035336864070133756 max: 871.2241457002596 average: 9.132881854941669
[mem] after-turb: DEVICE_POOL current=19500 MB  actual(reserved)=38146 MB  highWater=24788 MB
ExecutionTime = 48.49 s  ClockTime = 49 s

Time = 1056
[mem] step-start: DEVICE_POOL current=19500 MB  actual(reserved)=38146 MB  highWater=24788 MB
Schwarz(Jacobi)+Bicgstab:  Solving for Ux, Initial residual = 8.07269132574565e-05, Final residual = 4.102774401162642e-06, No Iterations 2, Solve time = 40.923 ms
Schwarz(Jacobi)+Bicgstab:  Solving for Uy, Initial residual = 0.004398875350167424, Final residual = 0.0008343765064696441, No Iterations 2, Solve time = 40.923 ms
Schwarz(Jacobi)+Bicgstab:  Solving for Uz, Initial residual = 0.0011423816730500443, Final residual = 8.394802743441406e-05, No Iterations 2, Solve time = 40.923 ms
[mem] after-UEqn: DEVICE_POOL current=19500 MB  actual(reserved)=38146 MB  highWater=24788 MB
config(Cg+Multigrid):  Solving for p, Initial residual = 0.0012868279501658771, Final residual = 1.233613270046747e-05, No Iterations 8, Solve time = 150.594 ms
time step continuity errors : sum local = 3.0883356299512893e-06, global = -1.735096554831366e-08, cumulative = -1.3085471200729542e-07
[mem] after-pEqn: DEVICE_POOL current=19500 MB  actual(reserved)=38146 MB  highWater=24788 MB
Schwarz(Jacobi)+Bicgstab:  Solving for omega, Initial residual = 1.3159090541973413e-05, Final residual = 8.660913086347303e-07, No Iterations 2, Solve time = 13.918 ms
bounding omega, min: -43130.87165237078 max: 45355982.77572454 average: 6371.03255267238
Schwarz(Jacobi)+Bicgstab:  Solving for k, Initial residual = 0.00025305321986822133, Final residual = 1.528852895491933e-05, No Iterations 2, Solve time = 14.109 ms
bounding k, min: -0.0017890954058935801 max: 864.3838816325433 average: 9.1334784900193
[mem] after-turb: DEVICE_POOL current=19500 MB  actual(reserved)=38146 MB  highWater=24788 MB
Writing p
Writing U
Writing turbulence variables
ExecutionTime = 50.83 s  ClockTime = 52 s

Time = 1057
[mem] step-start: DEVICE_POOL current=19500 MB  actual(reserved)=38146 MB  highWater=24788 MB
Schwarz(Jacobi)+Bicgstab:  Solving for Ux, Initial residual = 8.05850273226694e-05, Final residual = 4.448229861946912e-06, No Iterations 2, Solve time = 41.047 ms
Schwarz(Jacobi)+Bicgstab:  Solving for Uy, Initial residual = 0.004436408629650436, Final residual = 0.0007665484011408967, No Iterations 2, Solve time = 41.047 ms
Schwarz(Jacobi)+Bicgstab:  Solving for Uz, Initial residual = 0.0011424450763330967, Final residual = 9.234045394916815e-05, No Iterations 2, Solve time = 41.047 ms
[mem] after-UEqn: DEVICE_POOL current=19500 MB  actual(reserved)=38146 MB  highWater=24788 MB
config(Cg+Multigrid):  Solving for p, Initial residual = 0.0013102162312168147, Final residual = 1.2231372469879431e-05, No Iterations 8, Solve time = 150.464 ms
time step continuity errors : sum local = 3.0653268042305708e-06, global = -1.8346305705501963e-08, cumulative = -1.4920101771279739e-07
[mem] after-pEqn: DEVICE_POOL current=19500 MB  actual(reserved)=38146 MB  highWater=24788 MB
Schwarz(Jacobi)+Bicgstab:  Solving for omega, Initial residual = 1.3138017063256742e-05, Final residual = 8.656102250844479e-07, No Iterations 2, Solve time = 14.248 ms
bounding omega, min: -41874.954870933536 max: 45355982.84065516 average: 6371.083223858703
Schwarz(Jacobi)+Bicgstab:  Solving for k, Initial residual = 0.0002531116813711092, Final residual = 1.5213430598360743e-05, No Iterations 2, Solve time = 14.107 ms
bounding k, min: -0.002214544134569299 max: 862.6923654691066 average: 9.134064420131569
[mem] after-turb: DEVICE_POOL current=19500 MB  actual(reserved)=38146 MB  highWater=24788 MB
ExecutionTime = 52.1 s  ClockTime = 54 s

Time = 1058
[mem] step-start: DEVICE_POOL current=19500 MB  actual(reserved)=38146 MB  highWater=24788 MB
Schwarz(Jacobi)+Bicgstab:  Solving for Ux, Initial residual = 8.048947534685928e-05, Final residual = 5.047055288953124e-06, No Iterations 3, Solve time = 51.324 ms
Schwarz(Jacobi)+Bicgstab:  Solving for Uy, Initial residual = 0.004497818187543451, Final residual = 0.00013661665572883367, No Iterations 3, Solve time = 51.324 ms
Schwarz(Jacobi)+Bicgstab:  Solving for Uz, Initial residual = 0.0011342495939714477, Final residual = 4.573866114677919e-05, No Iterations 3, Solve time = 51.324 ms
[mem] after-UEqn: DEVICE_POOL current=19500 MB  actual(reserved)=38146 MB  highWater=24788 MB
config(Cg+Multigrid):  Solving for p, Initial residual = 0.001288775016507145, Final residual = 1.1125598685834124e-05, No Iterations 8, Solve time = 147.655 ms
time step continuity errors : sum local = 2.7910816221130606e-06, global = -1.5951815326205798e-08, cumulative = -1.651528330390032e-07
[mem] after-pEqn: DEVICE_POOL current=19500 MB  actual(reserved)=38146 MB  highWater=24788 MB
Schwarz(Jacobi)+Bicgstab:  Solving for omega, Initial residual = 1.3138671645272497e-05, Final residual = 8.64221197929882e-07, No Iterations 2, Solve time = 14.182 ms
bounding omega, min: -99144.37958818581 max: 45355982.91364788 average: 6371.107158317116
Schwarz(Jacobi)+Bicgstab:  Solving for k, Initial residual = 0.00025346648160875563, Final residual = 1.5275737149001533e-05, No Iterations 2, Solve time = 14.077 ms
bounding k, min: -0.0029799384343277974 max: 860.9160396341871 average: 9.134668431798218
[mem] after-turb: DEVICE_POOL current=19500 MB  actual(reserved)=38146 MB  highWater=24788 MB
ExecutionTime = 53.19 s  ClockTime = 55 s

Time = 1059
[mem] step-start: DEVICE_POOL current=19500 MB  actual(reserved)=38146 MB  highWater=24788 MB
Schwarz(Jacobi)+Bicgstab:  Solving for Ux, Initial residual = 8.05990459577565e-05, Final residual = 4.647325367280125e-06, No Iterations 3, Solve time = 51.575 ms
Schwarz(Jacobi)+Bicgstab:  Solving for Uy, Initial residual = 0.004488831235982639, Final residual = 0.0001362205864744017, No Iterations 3, Solve time = 51.575 ms
Schwarz(Jacobi)+Bicgstab:  Solving for Uz, Initial residual = 0.0011309727261483837, Final residual = 4.524707148416464e-05, No Iterations 3, Solve time = 51.575 ms
[mem] after-UEqn: DEVICE_POOL current=19500 MB  actual(reserved)=38146 MB  highWater=24788 MB
config(Cg+Multigrid):  Solving for p, Initial residual = 0.0012827292979779442, Final residual = 1.0696928270269278e-05, No Iterations 8, Solve time = 150.508 ms
time step continuity errors : sum local = 2.6863753316281565e-06, global = -1.0725829008790665e-08, cumulative = -1.7587866204779386e-07
[mem] after-pEqn: DEVICE_POOL current=19500 MB  actual(reserved)=38146 MB  highWater=24788 MB
Schwarz(Jacobi)+Bicgstab:  Solving for omega, Initial residual = 1.3146251332308836e-05, Final residual = 8.613492194096326e-07, No Iterations 2, Solve time = 13.97 ms
bounding omega, min: -38263.46455243883 max: 45355982.991608284 average: 6371.108829406635
Schwarz(Jacobi)+Bicgstab:  Solving for k, Initial residual = 0.00025379094481492464, Final residual = 1.5254711928876296e-05, No Iterations 2, Solve time = 14.013 ms
bounding k, min: -0.0026837576603404856 max: 861.5187816404591 average: 9.135253192767903
[mem] after-turb: DEVICE_POOL current=19500 MB  actual(reserved)=38146 MB  highWater=24788 MB
ExecutionTime = 54.29 s  ClockTime = 56 s

Time = 1060
[mem] step-start: DEVICE_POOL current=19500 MB  actual(reserved)=38146 MB  highWater=24788 MB
Schwarz(Jacobi)+Bicgstab:  Solving for Ux, Initial residual = 8.075125755461091e-05, Final residual = 4.608398499393168e-06, No Iterations 3, Solve time = 51.539 ms
Schwarz(Jacobi)+Bicgstab:  Solving for Uy, Initial residual = 0.004464458659830195, Final residual = 0.00013792993469383518, No Iterations 3, Solve time = 51.539 ms
Schwarz(Jacobi)+Bicgstab:  Solving for Uz, Initial residual = 0.0011328213991200218, Final residual = 4.8610515656681116e-05, No Iterations 3, Solve time = 51.539 ms
[mem] after-UEqn: DEVICE_POOL current=19500 MB  actual(reserved)=38146 MB  highWater=24788 MB
config(Cg+Multigrid):  Solving for p, Initial residual = 0.0012857902217240022, Final residual = 1.0804659070578181e-05, No Iterations 8, Solve time = 146.195 ms
time step continuity errors : sum local = 2.716369567697452e-06, global = -2.3548100270536153e-09, cumulative = -1.7823347207484748e-07
[mem] after-pEqn: DEVICE_POOL current=19500 MB  actual(reserved)=38146 MB  highWater=24788 MB
Schwarz(Jacobi)+Bicgstab:  Solving for omega, Initial residual = 1.314520268000553e-05, Final residual = 8.612043865048267e-07, No Iterations 2, Solve time = 14.236 ms
bounding omega, min: -41391.33286757729 max: 45355983.07321527 average: 6371.054617140465
Schwarz(Jacobi)+Bicgstab:  Solving for k, Initial residual = 0.00025413294677126594, Final residual = 1.5354054797155544e-05, No Iterations 2, Solve time = 13.987 ms
bounding k, min: -0.001652494836972787 max: 861.5389729147237 average: 9.135826210367926
[mem] after-turb: DEVICE_POOL current=19500 MB  actual(reserved)=38146 MB  highWater=24788 MB
ExecutionTime = 55.39 s  ClockTime = 57 s

Time = 1061
[mem] step-start: DEVICE_POOL current=19500 MB  actual(reserved)=38146 MB  highWater=24788 MB
Schwarz(Jacobi)+Bicgstab:  Solving for Ux, Initial residual = 8.094991992060803e-05, Final residual = 4.048541025137188e-06, No Iterations 3, Solve time = 52.032 ms
Schwarz(Jacobi)+Bicgstab:  Solving for Uy, Initial residual = 0.004431791595311208, Final residual = 0.00013887788712995585, No Iterations 3, Solve time = 52.032 ms
Schwarz(Jacobi)+Bicgstab:  Solving for Uz, Initial residual = 0.0011377956640402046, Final residual = 3.449693212457095e-05, No Iterations 3, Solve time = 52.032 ms
[mem] after-UEqn: DEVICE_POOL current=19500 MB  actual(reserved)=38146 MB  highWater=24788 MB
config(Cg+Multigrid):  Solving for p, Initial residual = 0.0012882187612127368, Final residual = 1.154188315280628e-05, No Iterations 8, Solve time = 145.917 ms
time step continuity errors : sum local = 2.9050420173645867e-06, global = 7.621007256937634e-09, cumulative = -1.7061246481790985e-07
[mem] after-pEqn: DEVICE_POOL current=19500 MB  actual(reserved)=38146 MB  highWater=24788 MB
Schwarz(Jacobi)+Bicgstab:  Solving for omega, Initial residual = 1.314422459156355e-05, Final residual = 8.63835492494768e-07, No Iterations 2, Solve time = 14.148 ms
bounding omega, min: -35917.459435802644 max: 45355983.156121284 average: 6370.9591935990165
Schwarz(Jacobi)+Bicgstab:  Solving for k, Initial residual = 0.00025446304732917424, Final residual = 1.535507114669324e-05, No Iterations 2, Solve time = 14.053 ms
bounding k, min: -0.0018406185171171638 max: 862.7116189603709 average: 9.13633595249158
[mem] after-turb: DEVICE_POOL current=19500 MB  actual(reserved)=38146 MB  highWater=24788 MB
ExecutionTime = 56.49 s  ClockTime = 58 s

Time = 1062
[mem] step-start: DEVICE_POOL current=19500 MB  actual(reserved)=38146 MB  highWater=24788 MB
Schwarz(Jacobi)+Bicgstab:  Solving for Ux, Initial residual = 8.110682633879962e-05, Final residual = 4.0065115712065255e-06, No Iterations 3, Solve time = 51.688 ms
Schwarz(Jacobi)+Bicgstab:  Solving for Uy, Initial residual = 0.004398868699345445, Final residual = 0.00013938710005316046, No Iterations 3, Solve time = 51.688 ms
Schwarz(Jacobi)+Bicgstab:  Solving for Uz, Initial residual = 0.0011428978648617978, Final residual = 5.899455522080013e-05, No Iterations 3, Solve time = 51.688 ms
[mem] after-UEqn: DEVICE_POOL current=19500 MB  actual(reserved)=38146 MB  highWater=24788 MB
config(Cg+Multigrid):  Solving for p, Initial residual = 0.0012869412880578794, Final residual = 1.0852705818179823e-05, No Iterations 9, Solve time = 158.559 ms
time step continuity errors : sum local = 2.7351866931326123e-06, global = 1.5066125729136186e-08, cumulative = -1.5554633908877365e-07
[mem] after-pEqn: DEVICE_POOL current=19500 MB  actual(reserved)=38146 MB  highWater=24788 MB
Schwarz(Jacobi)+Bicgstab:  Solving for omega, Initial residual = 0.09958000924549325, Final residual = 0.007660576695941692, No Iterations 3, Solve time = 17.103 ms
bounding omega, min: -118136.57271154833 max: 28584901189019.04 average: 1423408.3551657854
Schwarz(Jacobi)+Bicgstab:  Solving for k, Initial residual = 0.009750523491086792, Final residual = 3.890244220667202e-05, No Iterations 1, Solve time = 10.684 ms
bounding k, min: -1.7498562901100279 max: 863.2229044671902 average: 9.136376875472537
[mem] after-turb: DEVICE_POOL current=19500 MB  actual(reserved)=38146 MB  highWater=24788 MB
ExecutionTime = 57.59 s  ClockTime = 59 s

Finalizing NeoN
Finalising parallel run
