/*---------------------------------------------------------------------------*\
| =========                 |                                                 |
| \\      /  F ield         | OpenFOAM: The Open Source CFD Toolbox           |
|  \\    /   O peration     | Version:  2506                                  |
|   \\  /    A nd           | Website:  www.openfoam.com                      |
|    \\/     M anipulation  |                                                 |
\*---------------------------------------------------------------------------*/
Build  : b050cd9480-20250814 OPENFOAM=2506 version=v2506
Arch   : "LSB;label=32;scalar=64"
Exec   : /storage/home/greole/code/NeoFOAM/build/profilingnvidia_h200/bin/neoSimpleFoam -parallel
Date   : Jul 01 2026
Time   : 10:59:20
Host   : gpu-nvidia-h200-1.int.coma-cluster.de
PID    : 2422512
I/O    : uncollated
Case   : /storage/home/greole/code/NeoFOAM/occDrivAerStaticMesh
nProcs : 4
Hosts  :
(
    (gpu-nvidia-h200-1.int.coma-cluster.de 4)
)
Pstream initialized with:
    node communication : off [type=host] (4 ranks, 1 nodes)
    topology controls  : none
    consensus exchange : 0 (tuning: 0)
    exchange algorithm : 0
    commsType          : nonBlocking
    polling iterations : 0
trapFpe: Floating point exception trapping enabled (FOAM_SIGFPE).
fileModificationChecking : Monitoring run-time modified files using timeStampMaster (fileModificationSkew 5, maxFileModificationPolls 20)
allowSystemOperations : Allowing user-supplied system call operations

// * * * * * * * * * * * * * * * * * * * * * * * * * * * * * * * * * * * * * //
Create time

Initializing NeoN
Creating Executor GPU
Creating NeoFOAM runTime

SIMPLE: no convergence criteria found. Calculations will run for 30 steps.

Reading field p

Reading field U

Reading/calculating face flux field phi

Selecting incompressible transport model Newtonian
NeoFOAM solver config (from fvSolution configFile) for 'config(Cg+Schwarz(Multigrid))':
{
    cacheSolver: true
    configFile: <NeoN::TokenList>
    l1ScaledResidual: true
    preconditionerRebuildInterval: 100
    relTol: 0.010000
    reportName: config(Cg+Schwarz(Multigrid))
    solver: Ginkgo
    tolerance: 0.000000
}
    effective optimize: false
    effective checkFrequency: 1
Mapping OpenFOAM solver settings to NeoN settings.
Currently, it is advisable to specify a configFile
for fine grained Ginkgo solver control

Replacing solver PBiCGStab by solver::Bicgstab
Replacing preconditioner diagonal by preconditioner::Schwarz (Schwarz-wrapped for distributed run)
NeoFOAM solver config (mapped from fvSolution) for 'Schwarz(Jacobi)+Bicgstab':
{
    cacheSolver: true
    criteria: {
        absolute_residual_norm: 0.000000
        initial_residual_norm: 0.100000
        iteration: 1000
    }
    l1ScaledResidual: true
    optimize: true
    preconditioner: {
        local_solver: {
            max_block_size: 1
            type: preconditioner::Jacobi
        }
        type: preconditioner::Schwarz
    }
    reportName: Schwarz(Jacobi)+Bicgstab
    solver: Ginkgo
    type: solver::Bicgstab
}
    effective optimize: true
    effective checkFrequency: 1
Creating phi

[NF][/storage/home/greole/code/NeoFOAM/include/NeoFOAM/auxiliary/readers.hpp::434]: Internal: 49333487, Boundary: 1754396

[NF][/storage/home/greole/code/NeoFOAM/include/NeoFOAM/auxiliary/readers.hpp::434]: Internal: 49320882, Boundary: 1762558

[NF][/storage/home/greole/code/NeoFOAM/include/NeoFOAM/auxiliary/readers.hpp::434]: Internal: 49243125, Boundary: 1362247

[NF][/storage/home/greole/code/NeoFOAM/include/NeoFOAM/auxiliary/readers.hpp::434]: Internal: 49261542, Boundary: 1427829
Selecting patchDistMethod meshWave
Mapping OpenFOAM solver settings to NeoN settings.
Currently, it is advisable to specify a configFile
for fine grained Ginkgo solver control

Replacing solver PBiCGStab by solver::Bicgstab
Replacing preconditioner diagonal by preconditioner::Schwarz (Schwarz-wrapped for distributed run)
NeoFOAM solver config (mapped from fvSolution) for 'Schwarz(Jacobi)+Bicgstab':
{
    cacheSolver: true
    criteria: {
        absolute_residual_norm: 0.000000
        initial_residual_norm: 0.100000
        iteration: 1000
    }
    l1ScaledResidual: true
    optimize: true
    preconditioner: {
        local_solver: {
            max_block_size: 1
            type: preconditioner::Jacobi
        }
        type: preconditioner::Schwarz
    }
    reportName: Schwarz(Jacobi)+Bicgstab
    solver: Ginkgo
    type: solver::Bicgstab
}
    effective optimize: true
    effective checkFrequency: 1
Mapping OpenFOAM solver settings to NeoN settings.
Currently, it is advisable to specify a configFile
for fine grained Ginkgo solver control

Replacing solver PBiCGStab by solver::Bicgstab
Replacing preconditioner diagonal by preconditioner::Schwarz (Schwarz-wrapped for distributed run)
NeoFOAM solver config (mapped from fvSolution) for 'Schwarz(Jacobi)+Bicgstab':
{
    cacheSolver: true
    criteria: {
        absolute_residual_norm: 0.000000
        initial_residual_norm: 0.100000
        iteration: 1000
    }
    l1ScaledResidual: true
    optimize: true
    preconditioner: {
        local_solver: {
            max_block_size: 1
            type: preconditioner::Jacobi
        }
        type: preconditioner::Schwarz
    }
    reportName: Schwarz(Jacobi)+Bicgstab
    solver: Ginkgo
    type: solver::Bicgstab
}
    effective optimize: true
    effective checkFrequency: 1
Starting time loop
Time = 1
[mem] step-start: DEVICE_POOL current=16605 MB  actual(reserved)=38146 MB  highWater=19132 MB
Schwarz(Jacobi)+Bicgstab:  Solving for Ux, Initial residual = 0.0019488956619707635, Final residual = 0.00023894144922256686, No Iterations 3, Solve time = 243.467 ms
Schwarz(Jacobi)+Bicgstab:  Solving for Uy, Initial residual = 0.16486889729307713, Final residual = 0.008211417725346403, No Iterations 3, Solve time = 243.467 ms
Schwarz(Jacobi)+Bicgstab:  Solving for Uz, Initial residual = 0.1047839942030142, Final residual = 0.0049881304163377415, No Iterations 3, Solve time = 243.467 ms
[mem] after-UEqn: DEVICE_POOL current=19099 MB  actual(reserved)=38146 MB  highWater=24387 MB
[GinkgoSolver] p-cache: rebuild(generate) solve=1 rebuildInterval=100
config(Cg+Schwarz(Multigrid)):  Solving for p, Initial residual = 1, Final residual = 0.009637217413995097, No Iterations 110, Solve time = 3737.792 ms
time step continuity errors : sum local = 6.435855940428926e-05, global = 4.54954134281065e-06, cumulative = 4.54954134281065e-06
[mem] after-pEqn: DEVICE_POOL current=20567 MB  actual(reserved)=38146 MB  highWater=24387 MB
[GinkgoSolver] p-cache: rebuild(generate) solve=1 rebuildInterval=0
Schwarz(Jacobi)+Bicgstab:  Solving for omega, Initial residual = 1, Final residual = 0.030747840284037067, No Iterations 1, Solve time = 53.891 ms
bounding omega, min: -52.868231488289496 max: 46109480.52202324 average: 2443.2457142921226
[GinkgoSolver] p-cache: rebuild(generate) solve=1 rebuildInterval=0
Schwarz(Jacobi)+Bicgstab:  Solving for k, Initial residual = 0.9999999999999731, Final residual = 0.04385986400797559, No Iterations 1, Solve time = 54.27 ms
[mem] after-turb: DEVICE_POOL current=22752 MB  actual(reserved)=38146 MB  highWater=24811 MB
ExecutionTime = 96.28 s  ClockTime = 96 s

Time = 2
[mem] step-start: DEVICE_POOL current=22752 MB  actual(reserved)=38146 MB  highWater=24811 MB
Schwarz(Jacobi)+Bicgstab:  Solving for Ux, Initial residual = 0.001293080790403254, Final residual = 5.923341132751797e-05, No Iterations 5, Solve time = 342.534 ms
Schwarz(Jacobi)+Bicgstab:  Solving for Uy, Initial residual = 0.0654500906812979, Final residual = 0.0029780230197357337, No Iterations 5, Solve time = 342.534 ms
Schwarz(Jacobi)+Bicgstab:  Solving for Uz, Initial residual = 0.04083828710361213, Final residual = 0.0009088441960588712, No Iterations 5, Solve time = 342.534 ms
[mem] after-UEqn: DEVICE_POOL current=22752 MB  actual(reserved)=38146 MB  highWater=28040 MB
[GinkgoSolver] p-cache: reuse(update_matrix_value) solve=2 rebuildInterval=100
config(Cg+Schwarz(Multigrid)):  Solving for p, Initial residual = 0.04028537597281444, Final residual = 0.00039426736058805243, No Iterations 123, Solve time = 3864.737 ms
time step continuity errors : sum local = 4.183277609490029e-05, global = 2.079625575468255e-06, cumulative = 6.6291669182789056e-06
[mem] after-pEqn: DEVICE_POOL current=22752 MB  actual(reserved)=38146 MB  highWater=28040 MB
[GinkgoSolver] p-cache: reuse(update_matrix_value) solve=2 rebuildInterval=0
Schwarz(Jacobi)+Bicgstab:  Solving for omega, Initial residual = 0.008194436762315337, Final residual = 0.0004779877382963951, No Iterations 1, Solve time = 64.021 ms
bounding omega, min: -1315.2369712165812 max: 45305779.45149369 average: 2705.6467830121196
[GinkgoSolver] p-cache: reuse(update_matrix_value) solve=2 rebuildInterval=0
Schwarz(Jacobi)+Bicgstab:  Solving for k, Initial residual = 0.0750039627999876, Final residual = 0.004455116681748655, No Iterations 1, Solve time = 51.119 ms
[mem] after-turb: DEVICE_POOL current=22752 MB  actual(reserved)=38146 MB  highWater=28040 MB
ExecutionTime = 101.86 s  ClockTime = 102 s

Time = 3
[mem] step-start: DEVICE_POOL current=22752 MB  actual(reserved)=38146 MB  highWater=28040 MB
Schwarz(Jacobi)+Bicgstab:  Solving for Ux, Initial residual = 0.0008108613095314527, Final residual = 4.789909056363985e-05, No Iterations 6, Solve time = 397.384 ms
Schwarz(Jacobi)+Bicgstab:  Solving for Uy, Initial residual = 0.0325098776722337, Final residual = 0.0006356870277672245, No Iterations 6, Solve time = 397.384 ms
Schwarz(Jacobi)+Bicgstab:  Solving for Uz, Initial residual = 0.018194609349525027, Final residual = 0.0002675321803709766, No Iterations 6, Solve time = 397.384 ms
[mem] after-UEqn: DEVICE_POOL current=22752 MB  actual(reserved)=38146 MB  highWater=28040 MB
[GinkgoSolver] p-cache: reuse(update_matrix_value) solve=3 rebuildInterval=100
config(Cg+Schwarz(Multigrid)):  Solving for p, Initial residual = 0.017846989420794313, Final residual = 0.00017726417168564715, No Iterations 109, Solve time = 3428.938 ms
time step continuity errors : sum local = 3.4553592639811424e-05, global = -2.140195053656385e-06, cumulative = 4.488971864622521e-06
[mem] after-pEqn: DEVICE_POOL current=22752 MB  actual(reserved)=38146 MB  highWater=28040 MB
[GinkgoSolver] p-cache: reuse(update_matrix_value) solve=3 rebuildInterval=0
Schwarz(Jacobi)+Bicgstab:  Solving for omega, Initial residual = 0.003520728930786598, Final residual = 0.0002899349643011898, No Iterations 1, Solve time = 64.03 ms
bounding omega, min: -11.965303848289846 max: 45385855.96758149 average: 3322.2080565927836
[GinkgoSolver] p-cache: reuse(update_matrix_value) solve=3 rebuildInterval=0
Schwarz(Jacobi)+Bicgstab:  Solving for k, Initial residual = 0.013997304148858093, Final residual = 0.0010053434024729117, No Iterations 1, Solve time = 50.669 ms
[mem] after-turb: DEVICE_POOL current=22752 MB  actual(reserved)=38146 MB  highWater=28040 MB
ExecutionTime = 107.05 s  ClockTime = 107 s

Time = 4
[mem] step-start: DEVICE_POOL current=22752 MB  actual(reserved)=38146 MB  highWater=28040 MB
Schwarz(Jacobi)+Bicgstab:  Solving for Ux, Initial residual = 0.000557781282589934, Final residual = 4.701458869093157e-05, No Iterations 4, Solve time = 286.27 ms
Schwarz(Jacobi)+Bicgstab:  Solving for Uy, Initial residual = 0.020221312993856273, Final residual = 0.002665683898698125, No Iterations 4, Solve time = 286.27 ms
Schwarz(Jacobi)+Bicgstab:  Solving for Uz, Initial residual = 0.010485469476324154, Final residual = 0.0007741584952570446, No Iterations 4, Solve time = 286.27 ms
[mem] after-UEqn: DEVICE_POOL current=22752 MB  actual(reserved)=38146 MB  highWater=28040 MB
[GinkgoSolver] p-cache: reuse(update_matrix_value) solve=4 rebuildInterval=100
config(Cg+Schwarz(Multigrid)):  Solving for p, Initial residual = 0.012479990658995369, Final residual = 0.00012421726034528153, No Iterations 122, Solve time = 3836.378 ms
time step continuity errors : sum local = 3.1939342201033176e-05, global = 1.5013767449626094e-06, cumulative = 5.99034860958513e-06
[mem] after-pEqn: DEVICE_POOL current=22752 MB  actual(reserved)=38146 MB  highWater=28040 MB
[GinkgoSolver] p-cache: reuse(update_matrix_value) solve=4 rebuildInterval=0
Schwarz(Jacobi)+Bicgstab:  Solving for omega, Initial residual = 0.001724260887768968, Final residual = 4.831047428214137e-05, No Iterations 2, Solve time = 77.693 ms
[GinkgoSolver] p-cache: reuse(update_matrix_value) solve=4 rebuildInterval=0
Schwarz(Jacobi)+Bicgstab:  Solving for k, Initial residual = 0.00464080764182256, Final residual = 0.0003933552724268269, No Iterations 1, Solve time = 50.426 ms
[mem] after-turb: DEVICE_POOL current=22752 MB  actual(reserved)=38146 MB  highWater=28040 MB
ExecutionTime = 112.56 s  ClockTime = 113 s

Time = 5
[mem] step-start: DEVICE_POOL current=22752 MB  actual(reserved)=38146 MB  highWater=28040 MB
Schwarz(Jacobi)+Bicgstab:  Solving for Ux, Initial residual = 0.00048216896608067146, Final residual = 3.733300583086903e-05, No Iterations 4, Solve time = 289.736 ms
Schwarz(Jacobi)+Bicgstab:  Solving for Uy, Initial residual = 0.01852427669416233, Final residual = 0.0011832178837947371, No Iterations 4, Solve time = 289.736 ms
Schwarz(Jacobi)+Bicgstab:  Solving for Uz, Initial residual = 0.008321426438907573, Final residual = 0.0008094828975914313, No Iterations 4, Solve time = 289.736 ms
[mem] after-UEqn: DEVICE_POOL current=22752 MB  actual(reserved)=38146 MB  highWater=28040 MB
[GinkgoSolver] p-cache: reuse(update_matrix_value) solve=5 rebuildInterval=100
config(Cg+Schwarz(Multigrid)):  Solving for p, Initial residual = 0.010590995926537712, Final residual = 0.0001044538526315875, No Iterations 118, Solve time = 3709.316 ms
time step continuity errors : sum local = 2.960276111158781e-05, global = 1.601898252727191e-06, cumulative = 7.592246862312321e-06
[mem] after-pEqn: DEVICE_POOL current=22752 MB  actual(reserved)=38146 MB  highWater=28040 MB
[GinkgoSolver] p-cache: reuse(update_matrix_value) solve=5 rebuildInterval=0
Schwarz(Jacobi)+Bicgstab:  Solving for omega, Initial residual = 0.0009944293640410712, Final residual = 9.813006814672299e-05, No Iterations 1, Solve time = 53.695 ms
[GinkgoSolver] p-cache: reuse(update_matrix_value) solve=5 rebuildInterval=0
Schwarz(Jacobi)+Bicgstab:  Solving for k, Initial residual = 0.0023565164135424823, Final residual = 0.00022365208047409233, No Iterations 1, Solve time = 50.259 ms
[mem] after-turb: DEVICE_POOL current=22752 MB  actual(reserved)=38146 MB  highWater=28040 MB
ExecutionTime = 117.9 s  ClockTime = 118 s

Time = 6
[mem] step-start: DEVICE_POOL current=22752 MB  actual(reserved)=38146 MB  highWater=28040 MB
Schwarz(Jacobi)+Bicgstab:  Solving for Ux, Initial residual = 0.0004357480500546187, Final residual = 2.6395742254433688e-05, No Iterations 5, Solve time = 344.907 ms
Schwarz(Jacobi)+Bicgstab:  Solving for Uy, Initial residual = 0.017971845995164083, Final residual = 0.001588959185131519, No Iterations 5, Solve time = 344.907 ms
Schwarz(Jacobi)+Bicgstab:  Solving for Uz, Initial residual = 0.0067369676261769835, Final residual = 0.000512095921074821, No Iterations 5, Solve time = 344.907 ms
[mem] after-UEqn: DEVICE_POOL current=22752 MB  actual(reserved)=38146 MB  highWater=28040 MB
[GinkgoSolver] p-cache: reuse(update_matrix_value) solve=6 rebuildInterval=100
config(Cg+Schwarz(Multigrid)):  Solving for p, Initial residual = 0.011145613839930861, Final residual = 0.00010949099736405149, No Iterations 111, Solve time = 3494.781 ms
time step continuity errors : sum local = 3.0362395338089378e-05, global = -4.272957897791933e-07, cumulative = 7.164951072533128e-06
[mem] after-pEqn: DEVICE_POOL current=22752 MB  actual(reserved)=38146 MB  highWater=28040 MB
[GinkgoSolver] p-cache: reuse(update_matrix_value) solve=6 rebuildInterval=0
Schwarz(Jacobi)+Bicgstab:  Solving for omega, Initial residual = 0.0006247426259421842, Final residual = 2.430573689376383e-05, No Iterations 2, Solve time = 74.707 ms
[GinkgoSolver] p-cache: reuse(update_matrix_value) solve=6 rebuildInterval=0
Schwarz(Jacobi)+Bicgstab:  Solving for k, Initial residual = 0.001624282003966048, Final residual = 0.000154887100368486, No Iterations 1, Solve time = 50.733 ms
[mem] after-turb: DEVICE_POOL current=22752 MB  actual(reserved)=38146 MB  highWater=28040 MB
ExecutionTime = 123.13 s  ClockTime = 123 s

Time = 7
[mem] step-start: DEVICE_POOL current=22752 MB  actual(reserved)=38146 MB  highWater=28040 MB
Schwarz(Jacobi)+Bicgstab:  Solving for Ux, Initial residual = 0.0003762234796280087, Final residual = 2.341354644323787e-05, No Iterations 5, Solve time = 349.448 ms
Schwarz(Jacobi)+Bicgstab:  Solving for Uy, Initial residual = 0.01525340647924363, Final residual = 0.001160265275421946, No Iterations 5, Solve time = 349.448 ms
Schwarz(Jacobi)+Bicgstab:  Solving for Uz, Initial residual = 0.005139696095861671, Final residual = 0.0002779177054458638, No Iterations 5, Solve time = 349.448 ms
[mem] after-UEqn: DEVICE_POOL current=22752 MB  actual(reserved)=38146 MB  highWater=28040 MB
[GinkgoSolver] p-cache: reuse(update_matrix_value) solve=7 rebuildInterval=100
config(Cg+Schwarz(Multigrid)):  Solving for p, Initial residual = 0.012114462703347303, Final residual = 0.00011816399897732571, No Iterations 105, Solve time = 3304.975 ms
time step continuity errors : sum local = 2.958788996995953e-05, global = -1.816284066005037e-06, cumulative = 5.348667006528091e-06
[mem] after-pEqn: DEVICE_POOL current=22752 MB  actual(reserved)=38146 MB  highWater=28040 MB
[GinkgoSolver] p-cache: reuse(update_matrix_value) solve=7 rebuildInterval=0
Schwarz(Jacobi)+Bicgstab:  Solving for omega, Initial residual = 0.0004898355607365294, Final residual = 1.5228836113855022e-05, No Iterations 2, Solve time = 77.183 ms
[GinkgoSolver] p-cache: reuse(update_matrix_value) solve=7 rebuildInterval=0
Schwarz(Jacobi)+Bicgstab:  Solving for k, Initial residual = 0.0011596986169137235, Final residual = 2.4108635116687185e-05, No Iterations 3, Solve time = 97.349 ms
[mem] after-turb: DEVICE_POOL current=22752 MB  actual(reserved)=38146 MB  highWater=28040 MB
ExecutionTime = 128.22 s  ClockTime = 128 s

Time = 8
[mem] step-start: DEVICE_POOL current=22752 MB  actual(reserved)=38146 MB  highWater=28040 MB
Schwarz(Jacobi)+Bicgstab:  Solving for Ux, Initial residual = 0.0003167739074126481, Final residual = 2.4906567758046715e-05, No Iterations 5, Solve time = 342.828 ms
Schwarz(Jacobi)+Bicgstab:  Solving for Uy, Initial residual = 0.011377643578349764, Final residual = 0.00028998340854375677, No Iterations 5, Solve time = 342.828 ms
Schwarz(Jacobi)+Bicgstab:  Solving for Uz, Initial residual = 0.003611061662000961, Final residual = 0.00019646512641359145, No Iterations 5, Solve time = 342.828 ms
[mem] after-UEqn: DEVICE_POOL current=22752 MB  actual(reserved)=38146 MB  highWater=28040 MB
[GinkgoSolver] p-cache: reuse(update_matrix_value) solve=8 rebuildInterval=100
config(Cg+Schwarz(Multigrid)):  Solving for p, Initial residual = 0.01307878023767542, Final residual = 0.00012129533095334185, No Iterations 99, Solve time = 3121.588 ms
time step continuity errors : sum local = 2.6331466740502553e-05, global = 9.0344170867705e-07, cumulative = 6.252108715205141e-06
[mem] after-pEqn: DEVICE_POOL current=22752 MB  actual(reserved)=38146 MB  highWater=28040 MB
[GinkgoSolver] p-cache: reuse(update_matrix_value) solve=8 rebuildInterval=0
Schwarz(Jacobi)+Bicgstab:  Solving for omega, Initial residual = 0.000359622008078768, Final residual = 1.2434129631300479e-05, No Iterations 2, Solve time = 86.629 ms
[GinkgoSolver] p-cache: reuse(update_matrix_value) solve=8 rebuildInterval=0
Schwarz(Jacobi)+Bicgstab:  Solving for k, Initial residual = 0.0008654494484211888, Final residual = 5.2455613854943295e-05, No Iterations 2, Solve time = 72.708 ms
[mem] after-turb: DEVICE_POOL current=22752 MB  actual(reserved)=38146 MB  highWater=28040 MB
ExecutionTime = 133.08 s  ClockTime = 133 s

Time = 9
[mem] step-start: DEVICE_POOL current=22752 MB  actual(reserved)=38146 MB  highWater=28040 MB
Schwarz(Jacobi)+Bicgstab:  Solving for Ux, Initial residual = 0.00027332127251008284, Final residual = 7.287690246474654e-06, No Iterations 5, Solve time = 335.974 ms
Schwarz(Jacobi)+Bicgstab:  Solving for Uy, Initial residual = 0.009187002382901793, Final residual = 0.0004438077798739883, No Iterations 5, Solve time = 335.974 ms
Schwarz(Jacobi)+Bicgstab:  Solving for Uz, Initial residual = 0.002627468957889042, Final residual = 0.00015399405754714797, No Iterations 5, Solve time = 335.974 ms
[mem] after-UEqn: DEVICE_POOL current=22752 MB  actual(reserved)=38146 MB  highWater=28040 MB
[GinkgoSolver] p-cache: reuse(update_matrix_value) solve=9 rebuildInterval=100
config(Cg+Schwarz(Multigrid)):  Solving for p, Initial residual = 0.013757000694062228, Final residual = 0.00013561977359322902, No Iterations 112, Solve time = 3524.719 ms
time step continuity errors : sum local = 2.5636441829731608e-05, global = -4.927628465284538e-07, cumulative = 5.759345868676688e-06
[mem] after-pEqn: DEVICE_POOL current=22752 MB  actual(reserved)=38146 MB  highWater=28040 MB
[GinkgoSolver] p-cache: reuse(update_matrix_value) solve=9 rebuildInterval=0
Schwarz(Jacobi)+Bicgstab:  Solving for omega, Initial residual = 0.00027805367796651144, Final residual = 1.0631769663459717e-05, No Iterations 2, Solve time = 87.533 ms
[GinkgoSolver] p-cache: reuse(update_matrix_value) solve=9 rebuildInterval=0
Schwarz(Jacobi)+Bicgstab:  Solving for k, Initial residual = 0.0006654612412212018, Final residual = 3.8855533732002733e-05, No Iterations 2, Solve time = 73.662 ms
[mem] after-turb: DEVICE_POOL current=22752 MB  actual(reserved)=38146 MB  highWater=28040 MB
ExecutionTime = 138.33 s  ClockTime = 138 s

Time = 10
[mem] step-start: DEVICE_POOL current=22752 MB  actual(reserved)=38146 MB  highWater=28040 MB
Schwarz(Jacobi)+Bicgstab:  Solving for Ux, Initial residual = 0.0002518039758801024, Final residual = 3.2067643782966353e-06, No Iterations 6, Solve time = 402.325 ms
Schwarz(Jacobi)+Bicgstab:  Solving for Uy, Initial residual = 0.01008086956953414, Final residual = 0.00040452038194086794, No Iterations 6, Solve time = 402.325 ms
Schwarz(Jacobi)+Bicgstab:  Solving for Uz, Initial residual = 0.0024953626108136216, Final residual = 4.163883324322204e-05, No Iterations 6, Solve time = 402.325 ms
[mem] after-UEqn: DEVICE_POOL current=22752 MB  actual(reserved)=38146 MB  highWater=28040 MB
[GinkgoSolver] p-cache: reuse(update_matrix_value) solve=10 rebuildInterval=100
config(Cg+Schwarz(Multigrid)):  Solving for p, Initial residual = 0.013833763518625603, Final residual = 0.00013325218490257442, No Iterations 118, Solve time = 3707.291 ms
time step continuity errors : sum local = 2.3209184304813318e-05, global = -2.3313830280519427e-06, cumulative = 3.427962840624745e-06
[mem] after-pEqn: DEVICE_POOL current=22752 MB  actual(reserved)=38146 MB  highWater=28040 MB
[GinkgoSolver] p-cache: reuse(update_matrix_value) solve=10 rebuildInterval=0
Schwarz(Jacobi)+Bicgstab:  Solving for omega, Initial residual = 0.00022456122666108806, Final residual = 9.223353111302023e-06, No Iterations 2, Solve time = 76.994 ms
[GinkgoSolver] p-cache: reuse(update_matrix_value) solve=10 rebuildInterval=0
Schwarz(Jacobi)+Bicgstab:  Solving for k, Initial residual = 0.0005268277891774391, Final residual = 3.27602820446302e-05, No Iterations 2, Solve time = 73.168 ms
[mem] after-turb: DEVICE_POOL current=22752 MB  actual(reserved)=38146 MB  highWater=28040 MB
ExecutionTime = 143.84 s  ClockTime = 144 s

Time = 11
[mem] step-start: DEVICE_POOL current=22752 MB  actual(reserved)=38146 MB  highWater=28040 MB
Schwarz(Jacobi)+Bicgstab:  Solving for Ux, Initial residual = 0.0002405220962450237, Final residual = 1.126847210439277e-05, No Iterations 5, Solve time = 347.318 ms
Schwarz(Jacobi)+Bicgstab:  Solving for Uy, Initial residual = 0.011087038866933631, Final residual = 0.00032337239216077347, No Iterations 5, Solve time = 347.318 ms
Schwarz(Jacobi)+Bicgstab:  Solving for Uz, Initial residual = 0.0025490401532426354, Final residual = 7.271489849133475e-05, No Iterations 5, Solve time = 347.318 ms
[mem] after-UEqn: DEVICE_POOL current=22752 MB  actual(reserved)=38146 MB  highWater=28040 MB
[GinkgoSolver] p-cache: reuse(update_matrix_value) solve=11 rebuildInterval=100
config(Cg+Schwarz(Multigrid)):  Solving for p, Initial residual = 0.013466781493627046, Final residual = 0.00012945724129225043, No Iterations 116, Solve time = 3649.193 ms
time step continuity errors : sum local = 2.3051596316108044e-05, global = -1.764707162565234e-06, cumulative = 1.6632556780595112e-06
[mem] after-pEqn: DEVICE_POOL current=22752 MB  actual(reserved)=38146 MB  highWater=28040 MB
[GinkgoSolver] p-cache: reuse(update_matrix_value) solve=11 rebuildInterval=0
Schwarz(Jacobi)+Bicgstab:  Solving for omega, Initial residual = 0.00018510198482268045, Final residual = 8.098345155527053e-06, No Iterations 2, Solve time = 87.624 ms
[GinkgoSolver] p-cache: reuse(update_matrix_value) solve=11 rebuildInterval=0
Schwarz(Jacobi)+Bicgstab:  Solving for k, Initial residual = 0.0004395216885546711, Final residual = 2.829035976523024e-05, No Iterations 2, Solve time = 75.334 ms
[mem] after-turb: DEVICE_POOL current=22752 MB  actual(reserved)=38146 MB  highWater=28040 MB
ExecutionTime = 149.25 s  ClockTime = 149 s

Time = 12
[mem] step-start: DEVICE_POOL current=22752 MB  actual(reserved)=38146 MB  highWater=28040 MB
Schwarz(Jacobi)+Bicgstab:  Solving for Ux, Initial residual = 0.0002285593304659756, Final residual = 1.512141889357297e-05, No Iterations 4, Solve time = 284.043 ms
Schwarz(Jacobi)+Bicgstab:  Solving for Uy, Initial residual = 0.011042926581677107, Final residual = 0.0007970986594597008, No Iterations 4, Solve time = 284.043 ms
Schwarz(Jacobi)+Bicgstab:  Solving for Uz, Initial residual = 0.0024803362139900823, Final residual = 0.00012089080547353209, No Iterations 4, Solve time = 284.043 ms
[mem] after-UEqn: DEVICE_POOL current=22752 MB  actual(reserved)=38146 MB  highWater=28040 MB
[GinkgoSolver] p-cache: reuse(update_matrix_value) solve=12 rebuildInterval=100
config(Cg+Schwarz(Multigrid)):  Solving for p, Initial residual = 0.012315998173068856, Final residual = 0.0001160856992957895, No Iterations 108, Solve time = 3399.784 ms
time step continuity errors : sum local = 2.279695220607101e-05, global = 4.4285186410658174e-07, cumulative = 2.106107542166093e-06
[mem] after-pEqn: DEVICE_POOL current=22752 MB  actual(reserved)=38146 MB  highWater=28040 MB
[GinkgoSolver] p-cache: reuse(update_matrix_value) solve=12 rebuildInterval=0
Schwarz(Jacobi)+Bicgstab:  Solving for omega, Initial residual = 0.0001560609367566135, Final residual = 7.1403146700486384e-06, No Iterations 2, Solve time = 86.797 ms
[GinkgoSolver] p-cache: reuse(update_matrix_value) solve=12 rebuildInterval=0
Schwarz(Jacobi)+Bicgstab:  Solving for k, Initial residual = 0.0003876208194162812, Final residual = 2.573432319923716e-05, No Iterations 2, Solve time = 72.749 ms
[mem] after-turb: DEVICE_POOL current=22752 MB  actual(reserved)=38146 MB  highWater=28040 MB
ExecutionTime = 154.35 s  ClockTime = 155 s

Time = 13
[mem] step-start: DEVICE_POOL current=22752 MB  actual(reserved)=38146 MB  highWater=28040 MB
Schwarz(Jacobi)+Bicgstab:  Solving for Ux, Initial residual = 0.00021580604970901184, Final residual = 9.447462667700453e-06, No Iterations 4, Solve time = 287.36 ms
Schwarz(Jacobi)+Bicgstab:  Solving for Uy, Initial residual = 0.01026805777020414, Final residual = 0.000580751657915155, No Iterations 4, Solve time = 287.36 ms
Schwarz(Jacobi)+Bicgstab:  Solving for Uz, Initial residual = 0.0022939087353331844, Final residual = 0.00010858787887395363, No Iterations 4, Solve time = 287.36 ms
[mem] after-UEqn: DEVICE_POOL current=22752 MB  actual(reserved)=38146 MB  highWater=28040 MB
[GinkgoSolver] p-cache: reuse(update_matrix_value) solve=13 rebuildInterval=100
config(Cg+Schwarz(Multigrid)):  Solving for p, Initial residual = 0.01071786723745857, Final residual = 0.00010633568202059812, No Iterations 103, Solve time = 3243.932 ms
time step continuity errors : sum local = 2.359208733372133e-05, global = 1.5790716059614765e-06, cumulative = 3.6851791481275696e-06
[mem] after-pEqn: DEVICE_POOL current=22752 MB  actual(reserved)=38146 MB  highWater=28040 MB
[GinkgoSolver] p-cache: reuse(update_matrix_value) solve=13 rebuildInterval=0
Schwarz(Jacobi)+Bicgstab:  Solving for omega, Initial residual = 0.00013495669087910294, Final residual = 6.422015999368673e-06, No Iterations 2, Solve time = 85.065 ms
[GinkgoSolver] p-cache: reuse(update_matrix_value) solve=13 rebuildInterval=0
Schwarz(Jacobi)+Bicgstab:  Solving for k, Initial residual = 0.00036773796403290334, Final residual = 2.589612550614363e-05, No Iterations 2, Solve time = 73.709 ms
[mem] after-turb: DEVICE_POOL current=22752 MB  actual(reserved)=38146 MB  highWater=28040 MB
ExecutionTime = 159.29 s  ClockTime = 160 s

Time = 14
[mem] step-start: DEVICE_POOL current=22752 MB  actual(reserved)=38146 MB  highWater=28040 MB
Schwarz(Jacobi)+Bicgstab:  Solving for Ux, Initial residual = 0.0002056439328778215, Final residual = 1.3523019153696057e-05, No Iterations 4, Solve time = 289.738 ms
Schwarz(Jacobi)+Bicgstab:  Solving for Uy, Initial residual = 0.009277714800861763, Final residual = 0.0012719610819764077, No Iterations 4, Solve time = 289.738 ms
Schwarz(Jacobi)+Bicgstab:  Solving for Uz, Initial residual = 0.002090855555298626, Final residual = 0.00023316324020541707, No Iterations 4, Solve time = 289.738 ms
[mem] after-UEqn: DEVICE_POOL current=22752 MB  actual(reserved)=38146 MB  highWater=28040 MB
[GinkgoSolver] p-cache: reuse(update_matrix_value) solve=14 rebuildInterval=100
config(Cg+Schwarz(Multigrid)):  Solving for p, Initial residual = 0.009244828088846994, Final residual = 9.009473806463914e-05, No Iterations 100, Solve time = 3153.228 ms
time step continuity errors : sum local = 2.2395769616475243e-05, global = 6.480633424788918e-07, cumulative = 4.333242490606461e-06
[mem] after-pEqn: DEVICE_POOL current=22752 MB  actual(reserved)=38146 MB  highWater=28040 MB
[GinkgoSolver] p-cache: reuse(update_matrix_value) solve=14 rebuildInterval=0
Schwarz(Jacobi)+Bicgstab:  Solving for omega, Initial residual = 0.00012045763368091331, Final residual = 5.876378547529236e-06, No Iterations 2, Solve time = 79.315 ms
[GinkgoSolver] p-cache: reuse(update_matrix_value) solve=14 rebuildInterval=0
Schwarz(Jacobi)+Bicgstab:  Solving for k, Initial residual = 0.00036023278998759443, Final residual = 2.912755186094621e-05, No Iterations 2, Solve time = 72.792 ms
[mem] after-turb: DEVICE_POOL current=22752 MB  actual(reserved)=38146 MB  highWater=28040 MB
ExecutionTime = 164.15 s  ClockTime = 164 s

Time = 15
[mem] step-start: DEVICE_POOL current=22752 MB  actual(reserved)=38146 MB  highWater=28040 MB
Schwarz(Jacobi)+Bicgstab:  Solving for Ux, Initial residual = 0.0001977077194977289, Final residual = 1.5137050510837843e-05, No Iterations 4, Solve time = 286.306 ms
Schwarz(Jacobi)+Bicgstab:  Solving for Uy, Initial residual = 0.008564927668723249, Final residual = 0.0005113927462629171, No Iterations 4, Solve time = 286.306 ms
Schwarz(Jacobi)+Bicgstab:  Solving for Uz, Initial residual = 0.0019430984268675486, Final residual = 0.00010416105488650438, No Iterations 4, Solve time = 286.306 ms
[mem] after-UEqn: DEVICE_POOL current=22752 MB  actual(reserved)=38146 MB  highWater=28040 MB
[GinkgoSolver] p-cache: reuse(update_matrix_value) solve=15 rebuildInterval=100
config(Cg+Schwarz(Multigrid)):  Solving for p, Initial residual = 0.008211956294958949, Final residual = 8.078301628325051e-05, No Iterations 78, Solve time = 2468.96 ms
time step continuity errors : sum local = 2.1889393636484966e-05, global = -7.123729514297833e-07, cumulative = 3.620869539176678e-06
[mem] after-pEqn: DEVICE_POOL current=22752 MB  actual(reserved)=38146 MB  highWater=28040 MB
[GinkgoSolver] p-cache: reuse(update_matrix_value) solve=15 rebuildInterval=0
Schwarz(Jacobi)+Bicgstab:  Solving for omega, Initial residual = 0.00010975765240893273, Final residual = 5.423010893017414e-06, No Iterations 2, Solve time = 87.228 ms
[GinkgoSolver] p-cache: reuse(update_matrix_value) solve=15 rebuildInterval=0
Schwarz(Jacobi)+Bicgstab:  Solving for k, Initial residual = 0.00035466568573572075, Final residual = 9.502911524069378e-06, No Iterations 3, Solve time = 96.751 ms
[mem] after-turb: DEVICE_POOL current=22752 MB  actual(reserved)=38146 MB  highWater=28040 MB
ExecutionTime = 168.33 s  ClockTime = 169 s

Time = 16
[mem] step-start: DEVICE_POOL current=22752 MB  actual(reserved)=38146 MB  highWater=28040 MB
Schwarz(Jacobi)+Bicgstab:  Solving for Ux, Initial residual = 0.0001900812142681605, Final residual = 7.775797602378007e-06, No Iterations 4, Solve time = 287.127 ms
Schwarz(Jacobi)+Bicgstab:  Solving for Uy, Initial residual = 0.008148805117146921, Final residual = 0.00042874952714606294, No Iterations 4, Solve time = 287.127 ms
Schwarz(Jacobi)+Bicgstab:  Solving for Uz, Initial residual = 0.001883316034326873, Final residual = 9.110573362724861e-05, No Iterations 4, Solve time = 287.127 ms
[mem] after-UEqn: DEVICE_POOL current=22752 MB  actual(reserved)=38146 MB  highWater=28040 MB
[GinkgoSolver] p-cache: reuse(update_matrix_value) solve=16 rebuildInterval=100
config(Cg+Schwarz(Multigrid)):  Solving for p, Initial residual = 0.007651579032552017, Final residual = 7.400302583303809e-05, No Iterations 69, Solve time = 2187.588 ms
time step continuity errors : sum local = 2.1050352054930876e-05, global = -9.923215092582809e-07, cumulative = 2.628548029918397e-06
[mem] after-pEqn: DEVICE_POOL current=22752 MB  actual(reserved)=38146 MB  highWater=28040 MB
[GinkgoSolver] p-cache: reuse(update_matrix_value) solve=16 rebuildInterval=0
Schwarz(Jacobi)+Bicgstab:  Solving for omega, Initial residual = 0.00010123829813679589, Final residual = 5.115134112713892e-06, No Iterations 2, Solve time = 87.39 ms
[GinkgoSolver] p-cache: reuse(update_matrix_value) solve=16 rebuildInterval=0
Schwarz(Jacobi)+Bicgstab:  Solving for k, Initial residual = 0.0003519650686035789, Final residual = 2.73414418222518e-05, No Iterations 2, Solve time = 72.448 ms
[mem] after-turb: DEVICE_POOL current=22752 MB  actual(reserved)=38146 MB  highWater=28040 MB
ExecutionTime = 172.21 s  ClockTime = 172 s

Time = 17
[mem] step-start: DEVICE_POOL current=22752 MB  actual(reserved)=38146 MB  highWater=28040 MB
Schwarz(Jacobi)+Bicgstab:  Solving for Ux, Initial residual = 0.00018349249610237345, Final residual = 6.754385674827472e-06, No Iterations 4, Solve time = 285.444 ms
Schwarz(Jacobi)+Bicgstab:  Solving for Uy, Initial residual = 0.007886559978147308, Final residual = 0.0005986933128543895, No Iterations 4, Solve time = 285.444 ms
Schwarz(Jacobi)+Bicgstab:  Solving for Uz, Initial residual = 0.001815904031660786, Final residual = 9.028267850086498e-05, No Iterations 4, Solve time = 285.444 ms
[mem] after-UEqn: DEVICE_POOL current=22752 MB  actual(reserved)=38146 MB  highWater=28040 MB
[GinkgoSolver] p-cache: reuse(update_matrix_value) solve=17 rebuildInterval=100
config(Cg+Schwarz(Multigrid)):  Solving for p, Initial residual = 0.007269173262239107, Final residual = 7.090182149342171e-05, No Iterations 68, Solve time = 2154.5 ms
time step continuity errors : sum local = 2.0806452019812734e-05, global = -7.321385049648078e-07, cumulative = 1.8964095249535893e-06
[mem] after-pEqn: DEVICE_POOL current=22752 MB  actual(reserved)=38146 MB  highWater=28040 MB
[GinkgoSolver] p-cache: reuse(update_matrix_value) solve=17 rebuildInterval=0
Schwarz(Jacobi)+Bicgstab:  Solving for omega, Initial residual = 9.428078678784719e-05, Final residual = 4.80355299985685e-06, No Iterations 2, Solve time = 88.131 ms
[GinkgoSolver] p-cache: reuse(update_matrix_value) solve=17 rebuildInterval=0
Schwarz(Jacobi)+Bicgstab:  Solving for k, Initial residual = 0.00035014336036818156, Final residual = 8.383735916714131e-06, No Iterations 3, Solve time = 96.312 ms
[mem] after-turb: DEVICE_POOL current=22752 MB  actual(reserved)=38146 MB  highWater=28040 MB
ExecutionTime = 176.07 s  ClockTime = 176 s

Time = 18
[mem] step-start: DEVICE_POOL current=22752 MB  actual(reserved)=38146 MB  highWater=28040 MB
Schwarz(Jacobi)+Bicgstab:  Solving for Ux, Initial residual = 0.00017582259592528022, Final residual = 6.558049049256295e-06, No Iterations 4, Solve time = 287.563 ms
Schwarz(Jacobi)+Bicgstab:  Solving for Uy, Initial residual = 0.00759672867287681, Final residual = 0.00031667852212464433, No Iterations 4, Solve time = 287.563 ms
Schwarz(Jacobi)+Bicgstab:  Solving for Uz, Initial residual = 0.0017456270571389856, Final residual = 7.236849482552591e-05, No Iterations 4, Solve time = 287.563 ms
[mem] after-UEqn: DEVICE_POOL current=22752 MB  actual(reserved)=38146 MB  highWater=28040 MB
[GinkgoSolver] p-cache: reuse(update_matrix_value) solve=18 rebuildInterval=100
config(Cg+Schwarz(Multigrid)):  Solving for p, Initial residual = 0.006991489758953818, Final residual = 6.707784379174087e-05, No Iterations 71, Solve time = 2251.842 ms
time step continuity errors : sum local = 2.007963467994297e-05, global = 2.622159236757155e-07, cumulative = 2.1586254486293048e-06
[mem] after-pEqn: DEVICE_POOL current=22752 MB  actual(reserved)=38146 MB  highWater=28040 MB
[GinkgoSolver] p-cache: reuse(update_matrix_value) solve=18 rebuildInterval=0
Schwarz(Jacobi)+Bicgstab:  Solving for omega, Initial residual = 8.816842989548316e-05, Final residual = 4.597232480767254e-06, No Iterations 2, Solve time = 85.639 ms
[GinkgoSolver] p-cache: reuse(update_matrix_value) solve=18 rebuildInterval=0
Schwarz(Jacobi)+Bicgstab:  Solving for k, Initial residual = 0.00035015408563820566, Final residual = 3.182784246874261e-05, No Iterations 2, Solve time = 73.416 ms
[mem] after-turb: DEVICE_POOL current=22752 MB  actual(reserved)=38146 MB  highWater=28040 MB
ExecutionTime = 180.02 s  ClockTime = 180 s

Time = 19
[mem] step-start: DEVICE_POOL current=22752 MB  actual(reserved)=38146 MB  highWater=28040 MB
Schwarz(Jacobi)+Bicgstab:  Solving for Ux, Initial residual = 0.00016831713936526707, Final residual = 1.281500569238824e-05, No Iterations 3, Solve time = 233.604 ms
Schwarz(Jacobi)+Bicgstab:  Solving for Uy, Initial residual = 0.007364209037011749, Final residual = 0.0006448636238492562, No Iterations 3, Solve time = 233.604 ms
Schwarz(Jacobi)+Bicgstab:  Solving for Uz, Initial residual = 0.001703059943357082, Final residual = 0.00016141854117864674, No Iterations 3, Solve time = 233.604 ms
[mem] after-UEqn: DEVICE_POOL current=22752 MB  actual(reserved)=38146 MB  highWater=28040 MB
[GinkgoSolver] p-cache: reuse(update_matrix_value) solve=19 rebuildInterval=100
config(Cg+Schwarz(Multigrid)):  Solving for p, Initial residual = 0.0067398042383923955, Final residual = 6.527113884589055e-05, No Iterations 71, Solve time = 2253.385 ms
time step continuity errors : sum local = 1.9847385836476882e-05, global = 1.2301622485527347e-06, cumulative = 3.3887876971820395e-06
[mem] after-pEqn: DEVICE_POOL current=22752 MB  actual(reserved)=38146 MB  highWater=28040 MB
[GinkgoSolver] p-cache: reuse(update_matrix_value) solve=19 rebuildInterval=0
Schwarz(Jacobi)+Bicgstab:  Solving for omega, Initial residual = 8.313420841634879e-05, Final residual = 4.39543535068805e-06, No Iterations 2, Solve time = 76.46 ms
[GinkgoSolver] p-cache: reuse(update_matrix_value) solve=19 rebuildInterval=0
Schwarz(Jacobi)+Bicgstab:  Solving for k, Initial residual = 0.0003502514144338642, Final residual = 8.606688051579889e-06, No Iterations 3, Solve time = 97.775 ms
[mem] after-turb: DEVICE_POOL current=22752 MB  actual(reserved)=38146 MB  highWater=28040 MB
ExecutionTime = 183.93 s  ClockTime = 184 s

Time = 20
[mem] step-start: DEVICE_POOL current=22752 MB  actual(reserved)=38146 MB  highWater=28040 MB
Schwarz(Jacobi)+Bicgstab:  Solving for Ux, Initial residual = 0.00016260831480876842, Final residual = 6.815002046341782e-06, No Iterations 4, Solve time = 292.343 ms
Schwarz(Jacobi)+Bicgstab:  Solving for Uy, Initial residual = 0.007268533799805397, Final residual = 0.00043185653628338813, No Iterations 4, Solve time = 292.343 ms
Schwarz(Jacobi)+Bicgstab:  Solving for Uz, Initial residual = 0.0017021265231441209, Final residual = 0.00020178273521628682, No Iterations 4, Solve time = 292.343 ms
[mem] after-UEqn: DEVICE_POOL current=22752 MB  actual(reserved)=38146 MB  highWater=28040 MB
[GinkgoSolver] p-cache: reuse(update_matrix_value) solve=20 rebuildInterval=100
config(Cg+Schwarz(Multigrid)):  Solving for p, Initial residual = 0.006514322333903112, Final residual = 6.490928554366326e-05, No Iterations 70, Solve time = 2220.732 ms
time step continuity errors : sum local = 1.9981867943554932e-05, global = 1.6779689608632908e-06, cumulative = 5.06675665804533e-06
[mem] after-pEqn: DEVICE_POOL current=22752 MB  actual(reserved)=38146 MB  highWater=28040 MB
[GinkgoSolver] p-cache: reuse(update_matrix_value) solve=20 rebuildInterval=0
Schwarz(Jacobi)+Bicgstab:  Solving for omega, Initial residual = 7.80378765763559e-05, Final residual = 4.195329491096051e-06, No Iterations 2, Solve time = 77.731 ms
[GinkgoSolver] p-cache: reuse(update_matrix_value) solve=20 rebuildInterval=0
Schwarz(Jacobi)+Bicgstab:  Solving for k, Initial residual = 0.0003505189018169408, Final residual = 8.268738778926645e-06, No Iterations 3, Solve time = 96.697 ms
[mem] after-turb: DEVICE_POOL current=22752 MB  actual(reserved)=38146 MB  highWater=28040 MB
ExecutionTime = 187.9 s  ClockTime = 188 s

Time = 21
[mem] step-start: DEVICE_POOL current=22752 MB  actual(reserved)=38146 MB  highWater=28040 MB
Schwarz(Jacobi)+Bicgstab:  Solving for Ux, Initial residual = 0.0001583529015527473, Final residual = 3.3554325940310187e-06, No Iterations 5, Solve time = 358.296 ms
Schwarz(Jacobi)+Bicgstab:  Solving for Uy, Initial residual = 0.00724834097285375, Final residual = 0.0001595183099309163, No Iterations 5, Solve time = 358.296 ms
Schwarz(Jacobi)+Bicgstab:  Solving for Uz, Initial residual = 0.0017256364534375505, Final residual = 5.953793595417553e-05, No Iterations 5, Solve time = 358.296 ms
[mem] after-UEqn: DEVICE_POOL current=22752 MB  actual(reserved)=38146 MB  highWater=28040 MB
[GinkgoSolver] p-cache: reuse(update_matrix_value) solve=21 rebuildInterval=100
config(Cg+Schwarz(Multigrid)):  Solving for p, Initial residual = 0.0063040007505146805, Final residual = 6.052706179377086e-05, No Iterations 68, Solve time = 2156.731 ms
time step continuity errors : sum local = 1.883985098322431e-05, global = 1.6652865668538873e-06, cumulative = 6.732043224899218e-06
[mem] after-pEqn: DEVICE_POOL current=22752 MB  actual(reserved)=38146 MB  highWater=28040 MB
[GinkgoSolver] p-cache: reuse(update_matrix_value) solve=21 rebuildInterval=0
Schwarz(Jacobi)+Bicgstab:  Solving for omega, Initial residual = 7.371356782531128e-05, Final residual = 4.0297294829547355e-06, No Iterations 2, Solve time = 85.625 ms
[GinkgoSolver] p-cache: reuse(update_matrix_value) solve=21 rebuildInterval=0
Schwarz(Jacobi)+Bicgstab:  Solving for k, Initial residual = 0.0003523414816556513, Final residual = 8.4018827768833e-06, No Iterations 3, Solve time = 97.487 ms
[mem] after-turb: DEVICE_POOL current=22752 MB  actual(reserved)=38146 MB  highWater=28040 MB
ExecutionTime = 191.84 s  ClockTime = 192 s

Time = 22
[mem] step-start: DEVICE_POOL current=22752 MB  actual(reserved)=38146 MB  highWater=28040 MB
Schwarz(Jacobi)+Bicgstab:  Solving for Ux, Initial residual = 0.00015572665031327048, Final residual = 1.098555644214991e-05, No Iterations 3, Solve time = 233.115 ms
Schwarz(Jacobi)+Bicgstab:  Solving for Uy, Initial residual = 0.007194782738476488, Final residual = 0.0006016030555125, No Iterations 3, Solve time = 233.115 ms
Schwarz(Jacobi)+Bicgstab:  Solving for Uz, Initial residual = 0.0017454026101946137, Final residual = 0.00015161129941692014, No Iterations 3, Solve time = 233.115 ms
[mem] after-UEqn: DEVICE_POOL current=22752 MB  actual(reserved)=38146 MB  highWater=28040 MB
[GinkgoSolver] p-cache: reuse(update_matrix_value) solve=22 rebuildInterval=100
config(Cg+Schwarz(Multigrid)):  Solving for p, Initial residual = 0.006122864214870652, Final residual = 5.8035266323541964e-05, No Iterations 63, Solve time = 2004.672 ms
time step continuity errors : sum local = 1.8265133922973082e-05, global = 1.2805333525585218e-06, cumulative = 8.01257657745774e-06
[mem] after-pEqn: DEVICE_POOL current=22752 MB  actual(reserved)=38146 MB  highWater=28040 MB
[GinkgoSolver] p-cache: reuse(update_matrix_value) solve=22 rebuildInterval=0
Schwarz(Jacobi)+Bicgstab:  Solving for omega, Initial residual = 6.974628830148641e-05, Final residual = 3.867984286290993e-06, No Iterations 2, Solve time = 87.676 ms
[GinkgoSolver] p-cache: reuse(update_matrix_value) solve=22 rebuildInterval=0
Schwarz(Jacobi)+Bicgstab:  Solving for k, Initial residual = 0.0003543688197799006, Final residual = 8.582407436080864e-06, No Iterations 3, Solve time = 96.716 ms
[mem] after-turb: DEVICE_POOL current=22752 MB  actual(reserved)=38146 MB  highWater=28040 MB
ExecutionTime = 195.51 s  ClockTime = 196 s

Time = 23
[mem] step-start: DEVICE_POOL current=22752 MB  actual(reserved)=38146 MB  highWater=28040 MB
Schwarz(Jacobi)+Bicgstab:  Solving for Ux, Initial residual = 0.00015348410927631007, Final residual = 9.083094562364306e-06, No Iterations 3, Solve time = 230.732 ms
Schwarz(Jacobi)+Bicgstab:  Solving for Uy, Initial residual = 0.00710192930530847, Final residual = 0.0005644319409228679, No Iterations 3, Solve time = 230.732 ms
Schwarz(Jacobi)+Bicgstab:  Solving for Uz, Initial residual = 0.001758539624987762, Final residual = 0.0001445103908433653, No Iterations 3, Solve time = 230.732 ms
[mem] after-UEqn: DEVICE_POOL current=22752 MB  actual(reserved)=38146 MB  highWater=28040 MB
[GinkgoSolver] p-cache: reuse(update_matrix_value) solve=23 rebuildInterval=100
config(Cg+Schwarz(Multigrid)):  Solving for p, Initial residual = 0.005989609915924051, Final residual = 5.8679134044743396e-05, No Iterations 36, Solve time = 1166.793 ms
time step continuity errors : sum local = 1.861797743717299e-05, global = 7.701917433642914e-07, cumulative = 8.782768320822032e-06
[mem] after-pEqn: DEVICE_POOL current=22752 MB  actual(reserved)=38146 MB  highWater=28040 MB
[GinkgoSolver] p-cache: reuse(update_matrix_value) solve=23 rebuildInterval=0
Schwarz(Jacobi)+Bicgstab:  Solving for omega, Initial residual = 6.62322570505098e-05, Final residual = 3.7279161995721398e-06, No Iterations 2, Solve time = 87.615 ms
[GinkgoSolver] p-cache: reuse(update_matrix_value) solve=23 rebuildInterval=0
Schwarz(Jacobi)+Bicgstab:  Solving for k, Initial residual = 0.00035677679856043333, Final residual = 8.759954245107511e-06, No Iterations 3, Solve time = 98.056 ms
[mem] after-turb: DEVICE_POOL current=22752 MB  actual(reserved)=38146 MB  highWater=28040 MB
ExecutionTime = 198.33 s  ClockTime = 199 s

Time = 24
[mem] step-start: DEVICE_POOL current=22752 MB  actual(reserved)=38146 MB  highWater=28040 MB
Schwarz(Jacobi)+Bicgstab:  Solving for Ux, Initial residual = 0.0001513530652331991, Final residual = 1.2397783528023875e-05, No Iterations 3, Solve time = 236.528 ms
Schwarz(Jacobi)+Bicgstab:  Solving for Uy, Initial residual = 0.006951559219444337, Final residual = 0.0005346603940778722, No Iterations 3, Solve time = 236.528 ms
Schwarz(Jacobi)+Bicgstab:  Solving for Uz, Initial residual = 0.0017557867981994424, Final residual = 0.00013974193317810814, No Iterations 3, Solve time = 236.528 ms
[mem] after-UEqn: DEVICE_POOL current=22752 MB  actual(reserved)=38146 MB  highWater=28040 MB
[GinkgoSolver] p-cache: reuse(update_matrix_value) solve=24 rebuildInterval=100
config(Cg+Schwarz(Multigrid)):  Solving for p, Initial residual = 0.00594033514709271, Final residual = 5.741674462977905e-05, No Iterations 35, Solve time = 1134.186 ms
time step continuity errors : sum local = 1.8140515660282218e-05, global = 8.244142788417814e-07, cumulative = 9.607182599663813e-06
[mem] after-pEqn: DEVICE_POOL current=22752 MB  actual(reserved)=38146 MB  highWater=28040 MB
[GinkgoSolver] p-cache: reuse(update_matrix_value) solve=24 rebuildInterval=0
Schwarz(Jacobi)+Bicgstab:  Solving for omega, Initial residual = 6.304069140372542e-05, Final residual = 3.5901896531648546e-06, No Iterations 2, Solve time = 70.36 ms
[GinkgoSolver] p-cache: reuse(update_matrix_value) solve=24 rebuildInterval=0
Schwarz(Jacobi)+Bicgstab:  Solving for k, Initial residual = 0.0003604525915821449, Final residual = 8.888047174320133e-06, No Iterations 3, Solve time = 96.887 ms
[mem] after-turb: DEVICE_POOL current=22752 MB  actual(reserved)=38146 MB  highWater=28040 MB
ExecutionTime = 201.14 s  ClockTime = 202 s

Time = 25
[mem] step-start: DEVICE_POOL current=22752 MB  actual(reserved)=38146 MB  highWater=28040 MB
Schwarz(Jacobi)+Bicgstab:  Solving for Ux, Initial residual = 0.0001497298745850311, Final residual = 9.732290719202915e-06, No Iterations 3, Solve time = 222.947 ms
Schwarz(Jacobi)+Bicgstab:  Solving for Uy, Initial residual = 0.006778417701171723, Final residual = 0.0005041938944313489, No Iterations 3, Solve time = 222.947 ms
Schwarz(Jacobi)+Bicgstab:  Solving for Uz, Initial residual = 0.0017482436737975553, Final residual = 0.0001371798503283189, No Iterations 3, Solve time = 222.947 ms
[mem] after-UEqn: DEVICE_POOL current=22752 MB  actual(reserved)=38146 MB  highWater=28040 MB
[GinkgoSolver] p-cache: reuse(update_matrix_value) solve=25 rebuildInterval=100
config(Cg+Schwarz(Multigrid)):  Solving for p, Initial residual = 0.005871383898953774, Final residual = 5.779717806939885e-05, No Iterations 36, Solve time = 1164.904 ms
time step continuity errors : sum local = 1.821901235774343e-05, global = 9.728147373244939e-07, cumulative = 1.0579997336988306e-05
[mem] after-pEqn: DEVICE_POOL current=22752 MB  actual(reserved)=38146 MB  highWater=28040 MB
[GinkgoSolver] p-cache: reuse(update_matrix_value) solve=25 rebuildInterval=0
Schwarz(Jacobi)+Bicgstab:  Solving for omega, Initial residual = 6.0169401402923825e-05, Final residual = 3.4451254192927395e-06, No Iterations 2, Solve time = 86.598 ms
[GinkgoSolver] p-cache: reuse(update_matrix_value) solve=25 rebuildInterval=0
Schwarz(Jacobi)+Bicgstab:  Solving for k, Initial residual = 0.00036350731317835727, Final residual = 9.031722145917973e-06, No Iterations 3, Solve time = 97.441 ms
[mem] after-turb: DEVICE_POOL current=22752 MB  actual(reserved)=38146 MB  highWater=28040 MB
ExecutionTime = 203.95 s  ClockTime = 204 s

Time = 26
[mem] step-start: DEVICE_POOL current=22752 MB  actual(reserved)=38146 MB  highWater=28040 MB
Schwarz(Jacobi)+Bicgstab:  Solving for Ux, Initial residual = 0.0001469345908851107, Final residual = 8.420020455328767e-06, No Iterations 3, Solve time = 239.471 ms
Schwarz(Jacobi)+Bicgstab:  Solving for Uy, Initial residual = 0.006620313149152221, Final residual = 0.00048123726000936026, No Iterations 3, Solve time = 239.471 ms
Schwarz(Jacobi)+Bicgstab:  Solving for Uz, Initial residual = 0.0017456107192074404, Final residual = 0.000136975247577293, No Iterations 3, Solve time = 239.471 ms
[mem] after-UEqn: DEVICE_POOL current=22752 MB  actual(reserved)=38146 MB  highWater=28040 MB
[GinkgoSolver] p-cache: reuse(update_matrix_value) solve=26 rebuildInterval=100
config(Cg+Schwarz(Multigrid)):  Solving for p, Initial residual = 0.005787308527670217, Final residual = 5.769580325681445e-05, No Iterations 37, Solve time = 1197.318 ms
time step continuity errors : sum local = 1.817538011581012e-05, global = 1.1569241071166987e-06, cumulative = 1.1736921444105005e-05
[mem] after-pEqn: DEVICE_POOL current=22752 MB  actual(reserved)=38146 MB  highWater=28040 MB
[GinkgoSolver] p-cache: reuse(update_matrix_value) solve=26 rebuildInterval=0
Schwarz(Jacobi)+Bicgstab:  Solving for omega, Initial residual = 5.7656857338977e-05, Final residual = 3.3402644991873955e-06, No Iterations 2, Solve time = 73.785 ms
bounding omega, min: -51406.912561494595 max: 45356130.95090553 average: 7144.4997721641785
[GinkgoSolver] p-cache: reuse(update_matrix_value) solve=26 rebuildInterval=0
Schwarz(Jacobi)+Bicgstab:  Solving for k, Initial residual = 0.00036751582904885914, Final residual = 9.285650665178348e-06, No Iterations 3, Solve time = 97.422 ms
[mem] after-turb: DEVICE_POOL current=22752 MB  actual(reserved)=38146 MB  highWater=28040 MB
ExecutionTime = 206.82 s  ClockTime = 207 s

Time = 27
[mem] step-start: DEVICE_POOL current=22752 MB  actual(reserved)=38146 MB  highWater=28040 MB
Schwarz(Jacobi)+Bicgstab:  Solving for Ux, Initial residual = 0.0001442729788444375, Final residual = 1.2514340835416093e-05, No Iterations 3, Solve time = 234.734 ms
Schwarz(Jacobi)+Bicgstab:  Solving for Uy, Initial residual = 0.00648118100364132, Final residual = 0.00046493859295149945, No Iterations 3, Solve time = 234.734 ms
Schwarz(Jacobi)+Bicgstab:  Solving for Uz, Initial residual = 0.0017474332716875607, Final residual = 0.00013881595234493266, No Iterations 3, Solve time = 234.734 ms
[mem] after-UEqn: DEVICE_POOL current=22752 MB  actual(reserved)=38146 MB  highWater=28040 MB
[GinkgoSolver] p-cache: reuse(update_matrix_value) solve=27 rebuildInterval=100
config(Cg+Schwarz(Multigrid)):  Solving for p, Initial residual = 0.00570398286421951, Final residual = 5.3575666647796374e-05, No Iterations 39, Solve time = 1258.48 ms
time step continuity errors : sum local = 1.6866517075350823e-05, global = 1.2921763616106275e-06, cumulative = 1.3029097805715633e-05
[mem] after-pEqn: DEVICE_POOL current=22752 MB  actual(reserved)=38146 MB  highWater=28040 MB
[GinkgoSolver] p-cache: reuse(update_matrix_value) solve=27 rebuildInterval=0
Schwarz(Jacobi)+Bicgstab:  Solving for omega, Initial residual = 5.543167390317036e-05, Final residual = 3.248645795361132e-06, No Iterations 2, Solve time = 75.271 ms
[GinkgoSolver] p-cache: reuse(update_matrix_value) solve=27 rebuildInterval=0
Schwarz(Jacobi)+Bicgstab:  Solving for k, Initial residual = 0.0003725198142142269, Final residual = 9.832238352608186e-06, No Iterations 3, Solve time = 96.823 ms
[mem] after-turb: DEVICE_POOL current=22752 MB  actual(reserved)=38146 MB  highWater=28040 MB
ExecutionTime = 209.74 s  ClockTime = 210 s

Time = 28
[mem] step-start: DEVICE_POOL current=22752 MB  actual(reserved)=38146 MB  highWater=28040 MB
Schwarz(Jacobi)+Bicgstab:  Solving for Ux, Initial residual = 0.00014165531321931376, Final residual = 6.5869905443255895e-06, No Iterations 4, Solve time = 295.315 ms
Schwarz(Jacobi)+Bicgstab:  Solving for Uy, Initial residual = 0.006352365075197543, Final residual = 0.0012061187497525289, No Iterations 4, Solve time = 295.315 ms
Schwarz(Jacobi)+Bicgstab:  Solving for Uz, Initial residual = 0.0017514587668662953, Final residual = 0.00017217104705247809, No Iterations 4, Solve time = 295.315 ms
[mem] after-UEqn: DEVICE_POOL current=22752 MB  actual(reserved)=38146 MB  highWater=28040 MB
[GinkgoSolver] p-cache: reuse(update_matrix_value) solve=28 rebuildInterval=100
config(Cg+Schwarz(Multigrid)):  Solving for p, Initial residual = 0.005645745049911666, Final residual = 5.5027964356299026e-05, No Iterations 41, Solve time = 1322.518 ms
time step continuity errors : sum local = 1.728679252348044e-05, global = 1.1721347584573525e-06, cumulative = 1.4201232564172986e-05
[mem] after-pEqn: DEVICE_POOL current=22752 MB  actual(reserved)=38146 MB  highWater=28040 MB
[GinkgoSolver] p-cache: reuse(update_matrix_value) solve=28 rebuildInterval=0
Schwarz(Jacobi)+Bicgstab:  Solving for omega, Initial residual = 5.35029815996408e-05, Final residual = 3.1731054304627177e-06, No Iterations 2, Solve time = 76.685 ms
bounding omega, min: -83.29881435130349 max: 45356031.32989903 average: 7191.702836149007
[GinkgoSolver] p-cache: reuse(update_matrix_value) solve=28 rebuildInterval=0
Schwarz(Jacobi)+Bicgstab:  Solving for k, Initial residual = 0.0003774085792635727, Final residual = 9.722658522876485e-06, No Iterations 3, Solve time = 95.698 ms
[mem] after-turb: DEVICE_POOL current=22752 MB  actual(reserved)=38146 MB  highWater=28040 MB
ExecutionTime = 212.79 s  ClockTime = 213 s

Time = 29
[mem] step-start: DEVICE_POOL current=22752 MB  actual(reserved)=38146 MB  highWater=28040 MB
Schwarz(Jacobi)+Bicgstab:  Solving for Ux, Initial residual = 0.00013919307003038014, Final residual = 8.275516259286796e-06, No Iterations 3, Solve time = 225.63 ms
Schwarz(Jacobi)+Bicgstab:  Solving for Uy, Initial residual = 0.006185161242608346, Final residual = 0.0007605319885887555, No Iterations 3, Solve time = 225.63 ms
Schwarz(Jacobi)+Bicgstab:  Solving for Uz, Initial residual = 0.001759487693380923, Final residual = 0.00013897708717882892, No Iterations 3, Solve time = 225.63 ms
[mem] after-UEqn: DEVICE_POOL current=22752 MB  actual(reserved)=38146 MB  highWater=28040 MB
[GinkgoSolver] p-cache: reuse(update_matrix_value) solve=29 rebuildInterval=100
config(Cg+Schwarz(Multigrid)):  Solving for p, Initial residual = 0.005557209344370828, Final residual = 5.2778918211114126e-05, No Iterations 57, Solve time = 1816.928 ms
time step continuity errors : sum local = 1.6497692753737446e-05, global = -5.237836558078557e-07, cumulative = 1.367744890836513e-05
[mem] after-pEqn: DEVICE_POOL current=22752 MB  actual(reserved)=38146 MB  highWater=28040 MB
[GinkgoSolver] p-cache: reuse(update_matrix_value) solve=29 rebuildInterval=0
Schwarz(Jacobi)+Bicgstab:  Solving for omega, Initial residual = 5.191941453753616e-05, Final residual = 3.1111452872676978e-06, No Iterations 2, Solve time = 77.22 ms
bounding omega, min: -598.567410122329 max: 45356040.26614976 average: 7213.012294556705
[GinkgoSolver] p-cache: reuse(update_matrix_value) solve=29 rebuildInterval=0
Schwarz(Jacobi)+Bicgstab:  Solving for k, Initial residual = 0.00038383239567120063, Final residual = 9.889935437916294e-06, No Iterations 3, Solve time = 96.35 ms
[mem] after-turb: DEVICE_POOL current=22752 MB  actual(reserved)=38146 MB  highWater=28040 MB
ExecutionTime = 216.28 s  ClockTime = 217 s

Time = 30
[mem] step-start: DEVICE_POOL current=22752 MB  actual(reserved)=38146 MB  highWater=28040 MB
Schwarz(Jacobi)+Bicgstab:  Solving for Ux, Initial residual = 0.00013659450829288836, Final residual = 8.09719372239181e-06, No Iterations 3, Solve time = 234.923 ms
Schwarz(Jacobi)+Bicgstab:  Solving for Uy, Initial residual = 0.006103481178925553, Final residual = 0.000485779514873208, No Iterations 3, Solve time = 234.923 ms
Schwarz(Jacobi)+Bicgstab:  Solving for Uz, Initial residual = 0.0017608619574702106, Final residual = 0.00013690920316120463, No Iterations 3, Solve time = 234.923 ms
[mem] after-UEqn: DEVICE_POOL current=22752 MB  actual(reserved)=38146 MB  highWater=28040 MB
[GinkgoSolver] p-cache: reuse(update_matrix_value) solve=30 rebuildInterval=100
config(Cg+Schwarz(Multigrid)):  Solving for p, Initial residual = 0.005555573998022804, Final residual = 5.194036689754746e-05, No Iterations 61, Solve time = 1938.994 ms
time step continuity errors : sum local = 1.5948683310064425e-05, global = -1.3037944916186332e-06, cumulative = 1.2373654416746496e-05
[mem] after-pEqn: DEVICE_POOL current=22752 MB  actual(reserved)=38146 MB  highWater=28040 MB
[GinkgoSolver] p-cache: reuse(update_matrix_value) solve=30 rebuildInterval=0
Schwarz(Jacobi)+Bicgstab:  Solving for omega, Initial residual = 5.081152512363721e-05, Final residual = 3.0502859249246157e-06, No Iterations 2, Solve time = 87.007 ms
[GinkgoSolver] p-cache: reuse(update_matrix_value) solve=30 rebuildInterval=0
Schwarz(Jacobi)+Bicgstab:  Solving for k, Initial residual = 0.0003912260115115122, Final residual = 1.0255723423494698e-05, No Iterations 3, Solve time = 96.582 ms
[mem] after-turb: DEVICE_POOL current=22752 MB  actual(reserved)=38146 MB  highWater=28040 MB
Writing p
Writing U
Writing turbulence variables
ExecutionTime = 220.68 s  ClockTime = 223 s

Finalizing NeoN
Finalising parallel run
