/*---------------------------------------------------------------------------*\
| =========                 |                                                 |
| \\      /  F ield         | OpenFOAM: The Open Source CFD Toolbox           |
|  \\    /   O peration     | Version:  2506                                  |
|   \\  /    A nd           | Website:  www.openfoam.com                      |
|    \\/     M anipulation  |                                                 |
\*---------------------------------------------------------------------------*/
Build  : b050cd9480-20250814 OPENFOAM=2506 version=v2506
Arch   : "LSB;label=32;scalar=64"
Exec   : /storage/home/greole/code/NeoFOAM/build/profilingnvidia_h200/bin/neoSimpleFoam -parallel
Date   : Jul 01 2026
Time   : 19:48:41
Host   : gpu-nvidia-h200-3.int.coma-cluster.de
PID    : 2176279
I/O    : uncollated
Case   : /storage/home/greole/code/NeoFOAM/occDrivAerStaticMesh
nProcs : 4
Hosts  :
(
    (gpu-nvidia-h200-3.int.coma-cluster.de 4)
)
Pstream initialized with:
    node communication : off [type=host] (4 ranks, 1 nodes)
    topology controls  : none
    consensus exchange : 0 (tuning: 0)
    exchange algorithm : 0
    commsType          : nonBlocking
    polling iterations : 0
trapFpe: Floating point exception trapping enabled (FOAM_SIGFPE).
fileModificationChecking : Monitoring run-time modified files using timeStampMaster (fileModificationSkew 5, maxFileModificationPolls 20)
allowSystemOperations : Allowing user-supplied system call operations

// * * * * * * * * * * * * * * * * * * * * * * * * * * * * * * * * * * * * * //
Create time

Initializing NeoN
Creating Executor GPU
Creating NeoFOAM runTime

SIMPLE: no convergence criteria found. Calculations will run for 30 steps.

Reading field p

Reading field U

Reading/calculating face flux field phi

Selecting incompressible transport model Newtonian
NeoFOAM solver config (from fvSolution configFile) for 'config(Cg+Schwarz(Multigrid))':
{
    cacheSolver: true
    configFile: <NeoN::TokenList>
    l1ScaledResidual: true
    preconditionerRebuildInterval: 100
    relTol: 0.010000
    reportName: config(Cg+Schwarz(Multigrid))
    solver: Ginkgo
    tolerance: 0.000000
}
    effective optimize: false
    effective checkFrequency: 1
Mapping OpenFOAM solver settings to NeoN settings.
Currently, it is advisable to specify a configFile
for fine grained Ginkgo solver control

Replacing solver PBiCGStab by solver::Bicgstab
Replacing preconditioner diagonal by preconditioner::Schwarz (Schwarz-wrapped for distributed run)
NeoFOAM solver config (mapped from fvSolution) for 'Schwarz(Jacobi)+Bicgstab':
{
    cacheSolver: true
    criteria: {
        absolute_residual_norm: 0.000000
        initial_residual_norm: 0.100000
        iteration: 1000
    }
    l1ScaledResidual: true
    optimize: true
    preconditioner: {
        local_solver: {
            max_block_size: 1
            type: preconditioner::Jacobi
        }
        type: preconditioner::Schwarz
    }
    reportName: Schwarz(Jacobi)+Bicgstab
    solver: Ginkgo
    type: solver::Bicgstab
}
    effective optimize: true
    effective checkFrequency: 1
Creating phi

[NF][/storage/home/greole/code/NeoFOAM/include/NeoFOAM/auxiliary/readers.hpp::434]: Internal: 49333487, Boundary: 1754396

[NF][/storage/home/greole/code/NeoFOAM/include/NeoFOAM/auxiliary/readers.hpp::434]: Internal: 49320882, Boundary: 1762558

[NF][/storage/home/greole/code/NeoFOAM/include/NeoFOAM/auxiliary/readers.hpp::434]: Internal: 49261542, Boundary: 1427829

[NF][/storage/home/greole/code/NeoFOAM/include/NeoFOAM/auxiliary/readers.hpp::434]: Internal: 49243125, Boundary: 1362247
Selecting patchDistMethod meshWave
Mapping OpenFOAM solver settings to NeoN settings.
Currently, it is advisable to specify a configFile
for fine grained Ginkgo solver control

Replacing solver PBiCGStab by solver::Bicgstab
Replacing preconditioner diagonal by preconditioner::Schwarz (Schwarz-wrapped for distributed run)
NeoFOAM solver config (mapped from fvSolution) for 'Schwarz(Jacobi)+Bicgstab':
{
    cacheSolver: true
    criteria: {
        absolute_residual_norm: 0.000000
        initial_residual_norm: 0.100000
        iteration: 1000
    }
    l1ScaledResidual: true
    optimize: true
    preconditioner: {
        local_solver: {
            max_block_size: 1
            type: preconditioner::Jacobi
        }
        type: preconditioner::Schwarz
    }
    reportName: Schwarz(Jacobi)+Bicgstab
    solver: Ginkgo
    type: solver::Bicgstab
}
    effective optimize: true
    effective checkFrequency: 1
Mapping OpenFOAM solver settings to NeoN settings.
Currently, it is advisable to specify a configFile
for fine grained Ginkgo solver control

Replacing solver PBiCGStab by solver::Bicgstab
Replacing preconditioner diagonal by preconditioner::Schwarz (Schwarz-wrapped for distributed run)
NeoFOAM solver config (mapped from fvSolution) for 'Schwarz(Jacobi)+Bicgstab':
{
    cacheSolver: true
    criteria: {
        absolute_residual_norm: 0.000000
        initial_residual_norm: 0.100000
        iteration: 1000
    }
    l1ScaledResidual: true
    optimize: true
    preconditioner: {
        local_solver: {
            max_block_size: 1
            type: preconditioner::Jacobi
        }
        type: preconditioner::Schwarz
    }
    reportName: Schwarz(Jacobi)+Bicgstab
    solver: Ginkgo
    type: solver::Bicgstab
}
    effective optimize: true
    effective checkFrequency: 1
Starting time loop
Time = 1
[mem] step-start: DEVICE_POOL current=16605 MB  actual(reserved)=38146 MB  highWater=19132 MB
Schwarz(Jacobi)+Bicgstab:  Solving for Ux, Initial residual = 0.0019488956619707573, Final residual = 0.00023894144922256423, No Iterations 3, Solve time = 253.616 ms
Schwarz(Jacobi)+Bicgstab:  Solving for Uy, Initial residual = 0.16486889729307716, Final residual = 0.008211417725346407, No Iterations 3, Solve time = 253.616 ms
Schwarz(Jacobi)+Bicgstab:  Solving for Uz, Initial residual = 0.10478399420301418, Final residual = 0.004988130416337738, No Iterations 3, Solve time = 253.616 ms
[mem] after-UEqn: DEVICE_POOL current=19099 MB  actual(reserved)=38146 MB  highWater=24387 MB
[GinkgoSolver] p-cache: rebuild(generate) solve=1 rebuildInterval=100
config(Cg+Schwarz(Multigrid)):  Solving for p, Initial residual = 1, Final residual = 0.009856600013764446, No Iterations 116, Solve time = 4179.188 ms
time step continuity errors : sum local = 6.582362421219931e-05, global = 3.938920495034624e-06, cumulative = 3.938920495034624e-06
[mem] after-pEqn: DEVICE_POOL current=20567 MB  actual(reserved)=38146 MB  highWater=24387 MB
[GinkgoSolver] p-cache: rebuild(generate) solve=1 rebuildInterval=0
Schwarz(Jacobi)+Bicgstab:  Solving for omega, Initial residual = 1, Final residual = 0.030747812513050053, No Iterations 1, Solve time = 50.257 ms
bounding omega, min: -52.86860141443242 max: 46109483.7992414 average: 2443.232111454007
[GinkgoSolver] p-cache: rebuild(generate) solve=1 rebuildInterval=0
Schwarz(Jacobi)+Bicgstab:  Solving for k, Initial residual = 0.9999999999999735, Final residual = 0.04385987255104843, No Iterations 1, Solve time = 52.279 ms
[mem] after-turb: DEVICE_POOL current=22752 MB  actual(reserved)=38146 MB  highWater=24811 MB
ExecutionTime = 93.69 s  ClockTime = 94 s

Time = 2
[mem] step-start: DEVICE_POOL current=22752 MB  actual(reserved)=38146 MB  highWater=24811 MB
Schwarz(Jacobi)+Bicgstab:  Solving for Ux, Initial residual = 0.0012928110054114706, Final residual = 5.9217801509190946e-05, No Iterations 5, Solve time = 352 ms
Schwarz(Jacobi)+Bicgstab:  Solving for Uy, Initial residual = 0.06544830241934141, Final residual = 0.0029795684895702183, No Iterations 5, Solve time = 352 ms
Schwarz(Jacobi)+Bicgstab:  Solving for Uz, Initial residual = 0.04083157321091478, Final residual = 0.0009085696602341809, No Iterations 5, Solve time = 352 ms
[mem] after-UEqn: DEVICE_POOL current=22752 MB  actual(reserved)=38146 MB  highWater=28040 MB
[GinkgoSolver] p-cache: reuse(update_matrix_value) solve=2 rebuildInterval=100
config(Cg+Schwarz(Multigrid)):  Solving for p, Initial residual = 0.04030181467701768, Final residual = 0.0003896212655664411, No Iterations 126, Solve time = 3875.241 ms
time step continuity errors : sum local = 4.1317743295155756e-05, global = 1.9530019733351405e-06, cumulative = 5.891922468369765e-06
[mem] after-pEqn: DEVICE_POOL current=22752 MB  actual(reserved)=38146 MB  highWater=28040 MB
[GinkgoSolver] p-cache: reuse(update_matrix_value) solve=2 rebuildInterval=0
Schwarz(Jacobi)+Bicgstab:  Solving for omega, Initial residual = 0.008194491287864784, Final residual = 0.0004779911088112656, No Iterations 1, Solve time = 62.76 ms
bounding omega, min: -1618.5731004268455 max: 45305779.36919198 average: 2705.6259299322232
[GinkgoSolver] p-cache: reuse(update_matrix_value) solve=2 rebuildInterval=0
Schwarz(Jacobi)+Bicgstab:  Solving for k, Initial residual = 0.07500401327696597, Final residual = 0.004455114195570592, No Iterations 1, Solve time = 49.258 ms
[mem] after-turb: DEVICE_POOL current=22752 MB  actual(reserved)=38146 MB  highWater=28040 MB
ExecutionTime = 99.26000000000001 s  ClockTime = 99 s

Time = 3
[mem] step-start: DEVICE_POOL current=22752 MB  actual(reserved)=38146 MB  highWater=28040 MB
Schwarz(Jacobi)+Bicgstab:  Solving for Ux, Initial residual = 0.0008105723408591936, Final residual = 4.7854940751310416e-05, No Iterations 6, Solve time = 397.784 ms
Schwarz(Jacobi)+Bicgstab:  Solving for Uy, Initial residual = 0.032500829357464484, Final residual = 0.0006366335713152949, No Iterations 6, Solve time = 397.784 ms
Schwarz(Jacobi)+Bicgstab:  Solving for Uz, Initial residual = 0.01819014925335301, Final residual = 0.0002674522198296848, No Iterations 6, Solve time = 397.784 ms
[mem] after-UEqn: DEVICE_POOL current=22752 MB  actual(reserved)=38146 MB  highWater=28040 MB
[GinkgoSolver] p-cache: reuse(update_matrix_value) solve=3 rebuildInterval=100
config(Cg+Schwarz(Multigrid)):  Solving for p, Initial residual = 0.01789858189153725, Final residual = 0.00017875103550445338, No Iterations 112, Solve time = 3450.07 ms
time step continuity errors : sum local = 3.4736250101343404e-05, global = -3.0240126430607035e-06, cumulative = 2.867909825309061e-06
[mem] after-pEqn: DEVICE_POOL current=22752 MB  actual(reserved)=38146 MB  highWater=28040 MB
[GinkgoSolver] p-cache: reuse(update_matrix_value) solve=3 rebuildInterval=0
Schwarz(Jacobi)+Bicgstab:  Solving for omega, Initial residual = 0.003520759187897976, Final residual = 0.00028993842139122476, No Iterations 1, Solve time = 61.894 ms
bounding omega, min: -11.965255802837856 max: 45385833.84942277 average: 3322.200925612522
[GinkgoSolver] p-cache: reuse(update_matrix_value) solve=3 rebuildInterval=0
Schwarz(Jacobi)+Bicgstab:  Solving for k, Initial residual = 0.013997276167404989, Final residual = 0.0010053425218706463, No Iterations 1, Solve time = 50.237 ms
[mem] after-turb: DEVICE_POOL current=22752 MB  actual(reserved)=38146 MB  highWater=28040 MB
ExecutionTime = 104.44 s  ClockTime = 105 s

Time = 4
[mem] step-start: DEVICE_POOL current=22752 MB  actual(reserved)=38146 MB  highWater=28040 MB
Schwarz(Jacobi)+Bicgstab:  Solving for Ux, Initial residual = 0.0005573086019612178, Final residual = 4.7003571420061784e-05, No Iterations 4, Solve time = 303.747 ms
Schwarz(Jacobi)+Bicgstab:  Solving for Uy, Initial residual = 0.02022251893245484, Final residual = 0.0026666590574046683, No Iterations 4, Solve time = 303.747 ms
Schwarz(Jacobi)+Bicgstab:  Solving for Uz, Initial residual = 0.010484440996009065, Final residual = 0.0007739793134995464, No Iterations 4, Solve time = 303.747 ms
[mem] after-UEqn: DEVICE_POOL current=22752 MB  actual(reserved)=38146 MB  highWater=28040 MB
[GinkgoSolver] p-cache: reuse(update_matrix_value) solve=4 rebuildInterval=100
config(Cg+Schwarz(Multigrid)):  Solving for p, Initial residual = 0.012473419388413745, Final residual = 0.00012262121958649775, No Iterations 129, Solve time = 3965.16 ms
time step continuity errors : sum local = 3.1538347360317825e-05, global = 1.618138336861707e-06, cumulative = 4.4860481621707685e-06
[mem] after-pEqn: DEVICE_POOL current=22752 MB  actual(reserved)=38146 MB  highWater=28040 MB
[GinkgoSolver] p-cache: reuse(update_matrix_value) solve=4 rebuildInterval=0
Schwarz(Jacobi)+Bicgstab:  Solving for omega, Initial residual = 0.0017242656351620516, Final residual = 4.8311318181896404e-05, No Iterations 2, Solve time = 84.368 ms
[GinkgoSolver] p-cache: reuse(update_matrix_value) solve=4 rebuildInterval=0
Schwarz(Jacobi)+Bicgstab:  Solving for k, Initial residual = 0.0046407995162425905, Final residual = 0.00039335816128383244, No Iterations 1, Solve time = 51.355 ms
[mem] after-turb: DEVICE_POOL current=22752 MB  actual(reserved)=38146 MB  highWater=28040 MB
ExecutionTime = 110.08 s  ClockTime = 110 s

Time = 5
[mem] step-start: DEVICE_POOL current=22752 MB  actual(reserved)=38146 MB  highWater=28040 MB
Schwarz(Jacobi)+Bicgstab:  Solving for Ux, Initial residual = 0.0004822608613028614, Final residual = 3.736051109351966e-05, No Iterations 4, Solve time = 294.046 ms
Schwarz(Jacobi)+Bicgstab:  Solving for Uy, Initial residual = 0.018526901600864606, Final residual = 0.0011836060213127107, No Iterations 4, Solve time = 294.046 ms
Schwarz(Jacobi)+Bicgstab:  Solving for Uz, Initial residual = 0.008321683336320907, Final residual = 0.0008104857222942281, No Iterations 4, Solve time = 294.046 ms
[mem] after-UEqn: DEVICE_POOL current=22752 MB  actual(reserved)=38146 MB  highWater=28040 MB
[GinkgoSolver] p-cache: reuse(update_matrix_value) solve=5 rebuildInterval=100
config(Cg+Schwarz(Multigrid)):  Solving for p, Initial residual = 0.010580615336686826, Final residual = 0.00010275109592956226, No Iterations 125, Solve time = 3847.562 ms
time step continuity errors : sum local = 2.9144814195681244e-05, global = 2.08175076625469e-06, cumulative = 6.567798928425459e-06
[mem] after-pEqn: DEVICE_POOL current=22752 MB  actual(reserved)=38146 MB  highWater=28040 MB
[GinkgoSolver] p-cache: reuse(update_matrix_value) solve=5 rebuildInterval=0
Schwarz(Jacobi)+Bicgstab:  Solving for omega, Initial residual = 0.0009944348966692497, Final residual = 9.814165383870672e-05, No Iterations 1, Solve time = 57.92 ms
[GinkgoSolver] p-cache: reuse(update_matrix_value) solve=5 rebuildInterval=0
Schwarz(Jacobi)+Bicgstab:  Solving for k, Initial residual = 0.0023564859514949685, Final residual = 0.00022364950979566586, No Iterations 1, Solve time = 50.449 ms
[mem] after-turb: DEVICE_POOL current=22752 MB  actual(reserved)=38146 MB  highWater=28040 MB
ExecutionTime = 115.56 s  ClockTime = 116 s

Time = 6
[mem] step-start: DEVICE_POOL current=22752 MB  actual(reserved)=38146 MB  highWater=28040 MB
Schwarz(Jacobi)+Bicgstab:  Solving for Ux, Initial residual = 0.00043587242129828545, Final residual = 2.6367643470058118e-05, No Iterations 5, Solve time = 356.685 ms
Schwarz(Jacobi)+Bicgstab:  Solving for Uy, Initial residual = 0.017967827288722964, Final residual = 0.001576786059783909, No Iterations 5, Solve time = 356.685 ms
Schwarz(Jacobi)+Bicgstab:  Solving for Uz, Initial residual = 0.006736139527212955, Final residual = 0.0005120691506116897, No Iterations 5, Solve time = 356.685 ms
[mem] after-UEqn: DEVICE_POOL current=22752 MB  actual(reserved)=38146 MB  highWater=28040 MB
[GinkgoSolver] p-cache: reuse(update_matrix_value) solve=6 rebuildInterval=100
config(Cg+Schwarz(Multigrid)):  Solving for p, Initial residual = 0.011136336679651795, Final residual = 0.00010791327200316493, No Iterations 117, Solve time = 3596.894 ms
time step continuity errors : sum local = 2.9951553952251605e-05, global = 1.1169646230996593e-07, cumulative = 6.679495390735425e-06
[mem] after-pEqn: DEVICE_POOL current=22752 MB  actual(reserved)=38146 MB  highWater=28040 MB
[GinkgoSolver] p-cache: reuse(update_matrix_value) solve=6 rebuildInterval=0
Schwarz(Jacobi)+Bicgstab:  Solving for omega, Initial residual = 0.000624732010238394, Final residual = 2.4309423970756567e-05, No Iterations 2, Solve time = 86.998 ms
[GinkgoSolver] p-cache: reuse(update_matrix_value) solve=6 rebuildInterval=0
Schwarz(Jacobi)+Bicgstab:  Solving for k, Initial residual = 0.001624269626038209, Final residual = 0.00015488706739656447, No Iterations 1, Solve time = 48.585 ms
[mem] after-turb: DEVICE_POOL current=22752 MB  actual(reserved)=38146 MB  highWater=28040 MB
ExecutionTime = 120.88 s  ClockTime = 121 s

Time = 7
[mem] step-start: DEVICE_POOL current=22752 MB  actual(reserved)=38146 MB  highWater=28040 MB
Schwarz(Jacobi)+Bicgstab:  Solving for Ux, Initial residual = 0.00037595636597838376, Final residual = 2.3406301318494897e-05, No Iterations 5, Solve time = 366.316 ms
Schwarz(Jacobi)+Bicgstab:  Solving for Uy, Initial residual = 0.015247536036888732, Final residual = 0.0011632682446226156, No Iterations 5, Solve time = 366.316 ms
Schwarz(Jacobi)+Bicgstab:  Solving for Uz, Initial residual = 0.005137923980338468, Final residual = 0.00027764501788683614, No Iterations 5, Solve time = 366.316 ms
[mem] after-UEqn: DEVICE_POOL current=22752 MB  actual(reserved)=38146 MB  highWater=28040 MB
[GinkgoSolver] p-cache: reuse(update_matrix_value) solve=7 rebuildInterval=100
config(Cg+Schwarz(Multigrid)):  Solving for p, Initial residual = 0.012101476845277818, Final residual = 0.00012038263052792523, No Iterations 110, Solve time = 3389.019 ms
time step continuity errors : sum local = 3.01773290714218e-05, global = -1.8159571426131255e-06, cumulative = 4.8635382481223e-06
[mem] after-pEqn: DEVICE_POOL current=22752 MB  actual(reserved)=38146 MB  highWater=28040 MB
[GinkgoSolver] p-cache: reuse(update_matrix_value) solve=7 rebuildInterval=0
Schwarz(Jacobi)+Bicgstab:  Solving for omega, Initial residual = 0.0004898355535112737, Final residual = 1.5229008885457673e-05, No Iterations 2, Solve time = 74.666 ms
bounding omega, min: -902.6494153705609 max: 45358160.05284515 average: 5415.553633505534
[GinkgoSolver] p-cache: reuse(update_matrix_value) solve=7 rebuildInterval=0
Schwarz(Jacobi)+Bicgstab:  Solving for k, Initial residual = 0.0011596777469906124, Final residual = 2.4108310811945036e-05, No Iterations 3, Solve time = 94.282 ms
[mem] after-turb: DEVICE_POOL current=22752 MB  actual(reserved)=38146 MB  highWater=28040 MB
ExecutionTime = 126.06 s  ClockTime = 126 s

Time = 8
[mem] step-start: DEVICE_POOL current=22752 MB  actual(reserved)=38146 MB  highWater=28040 MB
Schwarz(Jacobi)+Bicgstab:  Solving for Ux, Initial residual = 0.00031647483784084696, Final residual = 2.4909913755444758e-05, No Iterations 5, Solve time = 349.346 ms
Schwarz(Jacobi)+Bicgstab:  Solving for Uy, Initial residual = 0.011364555443789103, Final residual = 0.0002895031665559347, No Iterations 5, Solve time = 349.346 ms
Schwarz(Jacobi)+Bicgstab:  Solving for Uz, Initial residual = 0.003608703693856945, Final residual = 0.00019638132334757368, No Iterations 5, Solve time = 349.346 ms
[mem] after-UEqn: DEVICE_POOL current=22752 MB  actual(reserved)=38146 MB  highWater=28040 MB
[GinkgoSolver] p-cache: reuse(update_matrix_value) solve=8 rebuildInterval=100
config(Cg+Schwarz(Multigrid)):  Solving for p, Initial residual = 0.01306043320234499, Final residual = 0.0001273735897135631, No Iterations 102, Solve time = 3141.337 ms
time step continuity errors : sum local = 2.7685044655409863e-05, global = 1.1842523810723281e-06, cumulative = 6.0477906291946276e-06
[mem] after-pEqn: DEVICE_POOL current=22752 MB  actual(reserved)=38146 MB  highWater=28040 MB
[GinkgoSolver] p-cache: reuse(update_matrix_value) solve=8 rebuildInterval=0
Schwarz(Jacobi)+Bicgstab:  Solving for omega, Initial residual = 0.0003596217111836826, Final residual = 1.2434535636529436e-05, No Iterations 2, Solve time = 81.686 ms
[GinkgoSolver] p-cache: reuse(update_matrix_value) solve=8 rebuildInterval=0
Schwarz(Jacobi)+Bicgstab:  Solving for k, Initial residual = 0.0008654530164378874, Final residual = 5.245462108125769e-05, No Iterations 2, Solve time = 74.068 ms
[mem] after-turb: DEVICE_POOL current=22752 MB  actual(reserved)=38146 MB  highWater=28040 MB
ExecutionTime = 130.95 s  ClockTime = 131 s

Time = 9
[mem] step-start: DEVICE_POOL current=22752 MB  actual(reserved)=38146 MB  highWater=28040 MB
Schwarz(Jacobi)+Bicgstab:  Solving for Ux, Initial residual = 0.00027316902810578823, Final residual = 7.28320352620255e-06, No Iterations 5, Solve time = 338.61 ms
Schwarz(Jacobi)+Bicgstab:  Solving for Uy, Initial residual = 0.009179285953183316, Final residual = 0.00044135308636250386, No Iterations 5, Solve time = 338.61 ms
Schwarz(Jacobi)+Bicgstab:  Solving for Uz, Initial residual = 0.0026266265840042594, Final residual = 0.00015401106368916623, No Iterations 5, Solve time = 338.61 ms
[mem] after-UEqn: DEVICE_POOL current=22752 MB  actual(reserved)=38146 MB  highWater=28040 MB
[GinkgoSolver] p-cache: reuse(update_matrix_value) solve=9 rebuildInterval=100
config(Cg+Schwarz(Multigrid)):  Solving for p, Initial residual = 0.013749884331718873, Final residual = 0.00013394747429422896, No Iterations 106, Solve time = 3264.082 ms
time step continuity errors : sum local = 2.532750625503047e-05, global = 1.8171636766149676e-06, cumulative = 7.864954305809595e-06
[mem] after-pEqn: DEVICE_POOL current=22752 MB  actual(reserved)=38146 MB  highWater=28040 MB
[GinkgoSolver] p-cache: reuse(update_matrix_value) solve=9 rebuildInterval=0
Schwarz(Jacobi)+Bicgstab:  Solving for omega, Initial residual = 0.00027805512036178546, Final residual = 1.0632013364876684e-05, No Iterations 2, Solve time = 86.655 ms
[GinkgoSolver] p-cache: reuse(update_matrix_value) solve=9 rebuildInterval=0
Schwarz(Jacobi)+Bicgstab:  Solving for k, Initial residual = 0.0006654558114234142, Final residual = 3.8854168237542154e-05, No Iterations 2, Solve time = 70.715 ms
[mem] after-turb: DEVICE_POOL current=22752 MB  actual(reserved)=38146 MB  highWater=28040 MB
ExecutionTime = 135.94 s  ClockTime = 136 s

Time = 10
[mem] step-start: DEVICE_POOL current=22752 MB  actual(reserved)=38146 MB  highWater=28040 MB
Schwarz(Jacobi)+Bicgstab:  Solving for Ux, Initial residual = 0.0002510373292163965, Final residual = 3.1996022113153596e-06, No Iterations 6, Solve time = 423.823 ms
Schwarz(Jacobi)+Bicgstab:  Solving for Uy, Initial residual = 0.010085615154863472, Final residual = 0.0004118975144910869, No Iterations 6, Solve time = 423.823 ms
Schwarz(Jacobi)+Bicgstab:  Solving for Uz, Initial residual = 0.0024965793266286188, Final residual = 4.165577457275202e-05, No Iterations 6, Solve time = 423.823 ms
[mem] after-UEqn: DEVICE_POOL current=22752 MB  actual(reserved)=38146 MB  highWater=28040 MB
[GinkgoSolver] p-cache: reuse(update_matrix_value) solve=10 rebuildInterval=100
config(Cg+Schwarz(Multigrid)):  Solving for p, Initial residual = 0.01395119685889653, Final residual = 0.00013460063471646376, No Iterations 124, Solve time = 3816.163 ms
time step continuity errors : sum local = 2.3237176123833204e-05, global = -2.652113180457978e-06, cumulative = 5.212841125351617e-06
[mem] after-pEqn: DEVICE_POOL current=22752 MB  actual(reserved)=38146 MB  highWater=28040 MB
[GinkgoSolver] p-cache: reuse(update_matrix_value) solve=10 rebuildInterval=0
Schwarz(Jacobi)+Bicgstab:  Solving for omega, Initial residual = 0.00022456223585139688, Final residual = 9.223592628026916e-06, No Iterations 2, Solve time = 82.034 ms
[GinkgoSolver] p-cache: reuse(update_matrix_value) solve=10 rebuildInterval=0
Schwarz(Jacobi)+Bicgstab:  Solving for k, Initial residual = 0.0005268266563760384, Final residual = 3.2759299334715885e-05, No Iterations 2, Solve time = 70.964 ms
[mem] after-turb: DEVICE_POOL current=22752 MB  actual(reserved)=38146 MB  highWater=28040 MB
ExecutionTime = 141.56 s  ClockTime = 142 s

Time = 11
[mem] step-start: DEVICE_POOL current=22752 MB  actual(reserved)=38146 MB  highWater=28040 MB
Schwarz(Jacobi)+Bicgstab:  Solving for Ux, Initial residual = 0.00024059380175511224, Final residual = 1.1074718528235187e-05, No Iterations 5, Solve time = 355.232 ms
Schwarz(Jacobi)+Bicgstab:  Solving for Uy, Initial residual = 0.011091936504762097, Final residual = 0.0003237408741204912, No Iterations 5, Solve time = 355.232 ms
Schwarz(Jacobi)+Bicgstab:  Solving for Uz, Initial residual = 0.0025492556569137776, Final residual = 7.27588551366764e-05, No Iterations 5, Solve time = 355.232 ms
[mem] after-UEqn: DEVICE_POOL current=22752 MB  actual(reserved)=38146 MB  highWater=28040 MB
[GinkgoSolver] p-cache: reuse(update_matrix_value) solve=11 rebuildInterval=100
config(Cg+Schwarz(Multigrid)):  Solving for p, Initial residual = 0.013529608711800593, Final residual = 0.00013434898315294164, No Iterations 121, Solve time = 3727.022 ms
time step continuity errors : sum local = 2.3803546542997843e-05, global = -2.0683713659786993e-06, cumulative = 3.144469759372918e-06
[mem] after-pEqn: DEVICE_POOL current=22752 MB  actual(reserved)=38146 MB  highWater=28040 MB
[GinkgoSolver] p-cache: reuse(update_matrix_value) solve=11 rebuildInterval=0
Schwarz(Jacobi)+Bicgstab:  Solving for omega, Initial residual = 0.00018510140136056174, Final residual = 8.098432551232999e-06, No Iterations 2, Solve time = 75.741 ms
[GinkgoSolver] p-cache: reuse(update_matrix_value) solve=11 rebuildInterval=0
Schwarz(Jacobi)+Bicgstab:  Solving for k, Initial residual = 0.000439516029653131, Final residual = 2.8288861403181787e-05, No Iterations 2, Solve time = 71.834 ms
[mem] after-turb: DEVICE_POOL current=22752 MB  actual(reserved)=38146 MB  highWater=28040 MB
ExecutionTime = 147.03 s  ClockTime = 147 s

Time = 12
[mem] step-start: DEVICE_POOL current=22752 MB  actual(reserved)=38146 MB  highWater=28040 MB
Schwarz(Jacobi)+Bicgstab:  Solving for Ux, Initial residual = 0.00022897253214613787, Final residual = 1.4886303980943821e-05, No Iterations 4, Solve time = 296.452 ms
Schwarz(Jacobi)+Bicgstab:  Solving for Uy, Initial residual = 0.011043867709361057, Final residual = 0.0008043831075690793, No Iterations 4, Solve time = 296.452 ms
Schwarz(Jacobi)+Bicgstab:  Solving for Uz, Initial residual = 0.0024795212147252456, Final residual = 0.0001209512289288913, No Iterations 4, Solve time = 296.452 ms
[mem] after-UEqn: DEVICE_POOL current=22752 MB  actual(reserved)=38146 MB  highWater=28040 MB
[GinkgoSolver] p-cache: reuse(update_matrix_value) solve=12 rebuildInterval=100
config(Cg+Schwarz(Multigrid)):  Solving for p, Initial residual = 0.012327375629499236, Final residual = 0.00011851106782377729, No Iterations 113, Solve time = 3478.954 ms
time step continuity errors : sum local = 2.3246243670190522e-05, global = 2.8582552561134357e-07, cumulative = 3.4302952849842614e-06
[mem] after-pEqn: DEVICE_POOL current=22752 MB  actual(reserved)=38146 MB  highWater=28040 MB
[GinkgoSolver] p-cache: reuse(update_matrix_value) solve=12 rebuildInterval=0
Schwarz(Jacobi)+Bicgstab:  Solving for omega, Initial residual = 0.00015606158454340796, Final residual = 7.140539479109448e-06, No Iterations 2, Solve time = 83.881 ms
[GinkgoSolver] p-cache: reuse(update_matrix_value) solve=12 rebuildInterval=0
Schwarz(Jacobi)+Bicgstab:  Solving for k, Initial residual = 0.00038762011662466997, Final residual = 2.5733550824868304e-05, No Iterations 2, Solve time = 75.725 ms
[mem] after-turb: DEVICE_POOL current=22752 MB  actual(reserved)=38146 MB  highWater=28040 MB
ExecutionTime = 152.2 s  ClockTime = 153 s

Time = 13
[mem] step-start: DEVICE_POOL current=22752 MB  actual(reserved)=38146 MB  highWater=28040 MB
Schwarz(Jacobi)+Bicgstab:  Solving for Ux, Initial residual = 0.00021607054649525718, Final residual = 9.458035409342867e-06, No Iterations 4, Solve time = 295.05 ms
Schwarz(Jacobi)+Bicgstab:  Solving for Uy, Initial residual = 0.010263829230856574, Final residual = 0.000581390678073517, No Iterations 4, Solve time = 295.05 ms
Schwarz(Jacobi)+Bicgstab:  Solving for Uz, Initial residual = 0.0022922335046048478, Final residual = 0.00010849953560076284, No Iterations 4, Solve time = 295.05 ms
[mem] after-UEqn: DEVICE_POOL current=22752 MB  actual(reserved)=38146 MB  highWater=28040 MB
[GinkgoSolver] p-cache: reuse(update_matrix_value) solve=13 rebuildInterval=100
config(Cg+Schwarz(Multigrid)):  Solving for p, Initial residual = 0.010702615540404546, Final residual = 0.00010284706000956599, No Iterations 108, Solve time = 3328.927 ms
time step continuity errors : sum local = 2.284850127428685e-05, global = 1.6459414721441742e-06, cumulative = 5.076236757128436e-06
[mem] after-pEqn: DEVICE_POOL current=22752 MB  actual(reserved)=38146 MB  highWater=28040 MB
[GinkgoSolver] p-cache: reuse(update_matrix_value) solve=13 rebuildInterval=0
Schwarz(Jacobi)+Bicgstab:  Solving for omega, Initial residual = 0.00013495568110762698, Final residual = 6.422061636150923e-06, No Iterations 2, Solve time = 81.814 ms
[GinkgoSolver] p-cache: reuse(update_matrix_value) solve=13 rebuildInterval=0
Schwarz(Jacobi)+Bicgstab:  Solving for k, Initial residual = 0.000367737431210431, Final residual = 2.5896625256773505e-05, No Iterations 2, Solve time = 72.445 ms
[mem] after-turb: DEVICE_POOL current=22752 MB  actual(reserved)=38146 MB  highWater=28040 MB
ExecutionTime = 157.21 s  ClockTime = 158 s

Time = 14
[mem] step-start: DEVICE_POOL current=22752 MB  actual(reserved)=38146 MB  highWater=28040 MB
Schwarz(Jacobi)+Bicgstab:  Solving for Ux, Initial residual = 0.0002055830029659109, Final residual = 1.3315972588996362e-05, No Iterations 4, Solve time = 287.802 ms
Schwarz(Jacobi)+Bicgstab:  Solving for Uy, Initial residual = 0.009265192820407667, Final residual = 0.001260360053559706, No Iterations 4, Solve time = 287.802 ms
Schwarz(Jacobi)+Bicgstab:  Solving for Uz, Initial residual = 0.002088460384169065, Final residual = 0.00022603107919769034, No Iterations 4, Solve time = 287.802 ms
[mem] after-UEqn: DEVICE_POOL current=22752 MB  actual(reserved)=38146 MB  highWater=28040 MB
[GinkgoSolver] p-cache: reuse(update_matrix_value) solve=14 rebuildInterval=100
config(Cg+Schwarz(Multigrid)):  Solving for p, Initial residual = 0.009218922231830094, Final residual = 9.218356909443712e-05, No Iterations 95, Solve time = 2934.494 ms
time step continuity errors : sum local = 2.297219217872984e-05, global = 7.45226526643794e-07, cumulative = 5.82146328377223e-06
[mem] after-pEqn: DEVICE_POOL current=22752 MB  actual(reserved)=38146 MB  highWater=28040 MB
[GinkgoSolver] p-cache: reuse(update_matrix_value) solve=14 rebuildInterval=0
Schwarz(Jacobi)+Bicgstab:  Solving for omega, Initial residual = 0.00012045528234944069, Final residual = 5.876313283625953e-06, No Iterations 2, Solve time = 82.607 ms
[GinkgoSolver] p-cache: reuse(update_matrix_value) solve=14 rebuildInterval=0
Schwarz(Jacobi)+Bicgstab:  Solving for k, Initial residual = 0.0003602366590687749, Final residual = 2.912642985936624e-05, No Iterations 2, Solve time = 72.125 ms
[mem] after-turb: DEVICE_POOL current=22752 MB  actual(reserved)=38146 MB  highWater=28040 MB
ExecutionTime = 161.83 s  ClockTime = 162 s

Time = 15
[mem] step-start: DEVICE_POOL current=22752 MB  actual(reserved)=38146 MB  highWater=28040 MB
Schwarz(Jacobi)+Bicgstab:  Solving for Ux, Initial residual = 0.00019767529285750663, Final residual = 1.5327487038753414e-05, No Iterations 4, Solve time = 293.821 ms
Schwarz(Jacobi)+Bicgstab:  Solving for Uy, Initial residual = 0.008533956331462927, Final residual = 0.0005079477890898197, No Iterations 4, Solve time = 293.821 ms
Schwarz(Jacobi)+Bicgstab:  Solving for Uz, Initial residual = 0.001939407407734537, Final residual = 0.00010376497603902637, No Iterations 4, Solve time = 293.821 ms
[mem] after-UEqn: DEVICE_POOL current=22752 MB  actual(reserved)=38146 MB  highWater=28040 MB
[GinkgoSolver] p-cache: reuse(update_matrix_value) solve=15 rebuildInterval=100
config(Cg+Schwarz(Multigrid)):  Solving for p, Initial residual = 0.008225162110793827, Final residual = 7.987005683656445e-05, No Iterations 83, Solve time = 2571.405 ms
time step continuity errors : sum local = 2.1599590743108884e-05, global = -8.141720485381682e-07, cumulative = 5.0072912352340614e-06
[mem] after-pEqn: DEVICE_POOL current=22752 MB  actual(reserved)=38146 MB  highWater=28040 MB
[GinkgoSolver] p-cache: reuse(update_matrix_value) solve=15 rebuildInterval=0
Schwarz(Jacobi)+Bicgstab:  Solving for omega, Initial residual = 0.0001097507922544306, Final residual = 5.422395502578838e-06, No Iterations 2, Solve time = 86.273 ms
[GinkgoSolver] p-cache: reuse(update_matrix_value) solve=15 rebuildInterval=0
Schwarz(Jacobi)+Bicgstab:  Solving for k, Initial residual = 0.0003546614309288694, Final residual = 9.50228748640778e-06, No Iterations 3, Solve time = 92.696 ms
[mem] after-turb: DEVICE_POOL current=22752 MB  actual(reserved)=38146 MB  highWater=28040 MB
ExecutionTime = 166.12 s  ClockTime = 167 s

Time = 16
[mem] step-start: DEVICE_POOL current=22752 MB  actual(reserved)=38146 MB  highWater=28040 MB
Schwarz(Jacobi)+Bicgstab:  Solving for Ux, Initial residual = 0.00019006627443277622, Final residual = 7.828353176227574e-06, No Iterations 4, Solve time = 300.294 ms
Schwarz(Jacobi)+Bicgstab:  Solving for Uy, Initial residual = 0.008134593365674233, Final residual = 0.00042708084148523814, No Iterations 4, Solve time = 300.294 ms
Schwarz(Jacobi)+Bicgstab:  Solving for Uz, Initial residual = 0.0018820927306669036, Final residual = 0.0003140250042590205, No Iterations 4, Solve time = 300.294 ms
[mem] after-UEqn: DEVICE_POOL current=22752 MB  actual(reserved)=38146 MB  highWater=28040 MB
[GinkgoSolver] p-cache: reuse(update_matrix_value) solve=16 rebuildInterval=100
config(Cg+Schwarz(Multigrid)):  Solving for p, Initial residual = 0.007658602394979026, Final residual = 7.558112657409904e-05, No Iterations 74, Solve time = 2297.284 ms
time step continuity errors : sum local = 2.151432673087158e-05, global = -1.1210674523301394e-06, cumulative = 3.886223782903922e-06
[mem] after-pEqn: DEVICE_POOL current=22752 MB  actual(reserved)=38146 MB  highWater=28040 MB
[GinkgoSolver] p-cache: reuse(update_matrix_value) solve=16 rebuildInterval=0
Schwarz(Jacobi)+Bicgstab:  Solving for omega, Initial residual = 0.00010128948921111175, Final residual = 5.1235118263260845e-06, No Iterations 2, Solve time = 82.965 ms
[GinkgoSolver] p-cache: reuse(update_matrix_value) solve=16 rebuildInterval=0
Schwarz(Jacobi)+Bicgstab:  Solving for k, Initial residual = 0.0003521204554042742, Final residual = 2.745478025994995e-05, No Iterations 2, Solve time = 71.268 ms
[mem] after-turb: DEVICE_POOL current=22752 MB  actual(reserved)=38146 MB  highWater=28040 MB
ExecutionTime = 170.11 s  ClockTime = 171 s

Time = 17
[mem] step-start: DEVICE_POOL current=22752 MB  actual(reserved)=38146 MB  highWater=28040 MB
Schwarz(Jacobi)+Bicgstab:  Solving for Ux, Initial residual = 0.00018359788330524283, Final residual = 6.878179611381556e-06, No Iterations 4, Solve time = 300.459 ms
Schwarz(Jacobi)+Bicgstab:  Solving for Uy, Initial residual = 0.007895551142288603, Final residual = 0.000600445550298861, No Iterations 4, Solve time = 300.459 ms
Schwarz(Jacobi)+Bicgstab:  Solving for Uz, Initial residual = 0.0018136328273602046, Final residual = 9.713772415603821e-05, No Iterations 4, Solve time = 300.459 ms
[mem] after-UEqn: DEVICE_POOL current=22752 MB  actual(reserved)=38146 MB  highWater=28040 MB
[GinkgoSolver] p-cache: reuse(update_matrix_value) solve=17 rebuildInterval=100
config(Cg+Schwarz(Multigrid)):  Solving for p, Initial residual = 0.007249051262414489, Final residual = 7.182681972239127e-05, No Iterations 72, Solve time = 2233.474 ms
time step continuity errors : sum local = 2.1125812276887667e-05, global = -8.006889884946628e-07, cumulative = 3.085534794409259e-06
[mem] after-pEqn: DEVICE_POOL current=22752 MB  actual(reserved)=38146 MB  highWater=28040 MB
[GinkgoSolver] p-cache: reuse(update_matrix_value) solve=17 rebuildInterval=0
Schwarz(Jacobi)+Bicgstab:  Solving for omega, Initial residual = 9.433592631540797e-05, Final residual = 4.808905771832577e-06, No Iterations 2, Solve time = 74.915 ms
[GinkgoSolver] p-cache: reuse(update_matrix_value) solve=17 rebuildInterval=0
Schwarz(Jacobi)+Bicgstab:  Solving for k, Initial residual = 0.00035026484606410786, Final residual = 8.392897178962538e-06, No Iterations 3, Solve time = 94.996 ms
[mem] after-turb: DEVICE_POOL current=22752 MB  actual(reserved)=38146 MB  highWater=28040 MB
ExecutionTime = 174.05 s  ClockTime = 175 s

Time = 18
[mem] step-start: DEVICE_POOL current=22752 MB  actual(reserved)=38146 MB  highWater=28040 MB
Schwarz(Jacobi)+Bicgstab:  Solving for Ux, Initial residual = 0.000175982134052581, Final residual = 6.585327764239756e-06, No Iterations 4, Solve time = 303.888 ms
Schwarz(Jacobi)+Bicgstab:  Solving for Uy, Initial residual = 0.007621997445924826, Final residual = 0.0003181441565575974, No Iterations 4, Solve time = 303.888 ms
Schwarz(Jacobi)+Bicgstab:  Solving for Uz, Initial residual = 0.0017376836603531628, Final residual = 7.912973174785683e-05, No Iterations 4, Solve time = 303.888 ms
[mem] after-UEqn: DEVICE_POOL current=22752 MB  actual(reserved)=38146 MB  highWater=28040 MB
[GinkgoSolver] p-cache: reuse(update_matrix_value) solve=18 rebuildInterval=100
config(Cg+Schwarz(Multigrid)):  Solving for p, Initial residual = 0.006966934186757173, Final residual = 6.770574514814633e-05, No Iterations 75, Solve time = 2326.031 ms
time step continuity errors : sum local = 2.0325640513259255e-05, global = 3.2739453297192314e-07, cumulative = 3.412929327381182e-06
[mem] after-pEqn: DEVICE_POOL current=22752 MB  actual(reserved)=38146 MB  highWater=28040 MB
[GinkgoSolver] p-cache: reuse(update_matrix_value) solve=18 rebuildInterval=0
Schwarz(Jacobi)+Bicgstab:  Solving for omega, Initial residual = 8.823207301184155e-05, Final residual = 4.602391192843836e-06, No Iterations 2, Solve time = 75.457 ms
[GinkgoSolver] p-cache: reuse(update_matrix_value) solve=18 rebuildInterval=0
Schwarz(Jacobi)+Bicgstab:  Solving for k, Initial residual = 0.0003502869494456425, Final residual = 3.2334537757662414e-05, No Iterations 2, Solve time = 71.115 ms
[mem] after-turb: DEVICE_POOL current=22752 MB  actual(reserved)=38146 MB  highWater=28040 MB
ExecutionTime = 178.07 s  ClockTime = 179 s

Time = 19
[mem] step-start: DEVICE_POOL current=22752 MB  actual(reserved)=38146 MB  highWater=28040 MB
Schwarz(Jacobi)+Bicgstab:  Solving for Ux, Initial residual = 0.0001685517696636558, Final residual = 1.3339167419378986e-05, No Iterations 3, Solve time = 246.153 ms
Schwarz(Jacobi)+Bicgstab:  Solving for Uy, Initial residual = 0.007395996810328864, Final residual = 0.0006458241466023411, No Iterations 3, Solve time = 246.153 ms
Schwarz(Jacobi)+Bicgstab:  Solving for Uz, Initial residual = 0.0016953831659540306, Final residual = 0.00016211300882100369, No Iterations 3, Solve time = 246.153 ms
[mem] after-UEqn: DEVICE_POOL current=22752 MB  actual(reserved)=38146 MB  highWater=28040 MB
[GinkgoSolver] p-cache: reuse(update_matrix_value) solve=19 rebuildInterval=100
config(Cg+Schwarz(Multigrid)):  Solving for p, Initial residual = 0.006718971083008412, Final residual = 6.675393098235148e-05, No Iterations 74, Solve time = 2296.605 ms
time step continuity errors : sum local = 2.035018898455676e-05, global = 1.2251962614246492e-06, cumulative = 4.638125588805831e-06
[mem] after-pEqn: DEVICE_POOL current=22752 MB  actual(reserved)=38146 MB  highWater=28040 MB
[GinkgoSolver] p-cache: reuse(update_matrix_value) solve=19 rebuildInterval=0
Schwarz(Jacobi)+Bicgstab:  Solving for omega, Initial residual = 8.320662848166457e-05, Final residual = 4.400944295704602e-06, No Iterations 2, Solve time = 81.207 ms
[GinkgoSolver] p-cache: reuse(update_matrix_value) solve=19 rebuildInterval=0
Schwarz(Jacobi)+Bicgstab:  Solving for k, Initial residual = 0.0003504517131348931, Final residual = 8.626445580208516e-06, No Iterations 3, Solve time = 94.107 ms
[mem] after-turb: DEVICE_POOL current=22752 MB  actual(reserved)=38146 MB  highWater=28040 MB
ExecutionTime = 182.02 s  ClockTime = 182 s

Time = 20
[mem] step-start: DEVICE_POOL current=22752 MB  actual(reserved)=38146 MB  highWater=28040 MB
Schwarz(Jacobi)+Bicgstab:  Solving for Ux, Initial residual = 0.00016292024440730938, Final residual = 6.6435649475712045e-06, No Iterations 4, Solve time = 300.39 ms
Schwarz(Jacobi)+Bicgstab:  Solving for Uy, Initial residual = 0.007293316500076062, Final residual = 0.0004370018568780596, No Iterations 4, Solve time = 300.39 ms
Schwarz(Jacobi)+Bicgstab:  Solving for Uz, Initial residual = 0.00169618927329516, Final residual = 0.00015997215729270534, No Iterations 4, Solve time = 300.39 ms
[mem] after-UEqn: DEVICE_POOL current=22752 MB  actual(reserved)=38146 MB  highWater=28040 MB
[GinkgoSolver] p-cache: reuse(update_matrix_value) solve=20 rebuildInterval=100
config(Cg+Schwarz(Multigrid)):  Solving for p, Initial residual = 0.006504813855409159, Final residual = 6.309081108953928e-05, No Iterations 73, Solve time = 2266.899 ms
time step continuity errors : sum local = 1.94516724539656e-05, global = 1.6501084510520567e-06, cumulative = 6.288234039857888e-06
[mem] after-pEqn: DEVICE_POOL current=22752 MB  actual(reserved)=38146 MB  highWater=28040 MB
[GinkgoSolver] p-cache: reuse(update_matrix_value) solve=20 rebuildInterval=0
Schwarz(Jacobi)+Bicgstab:  Solving for omega, Initial residual = 7.809982951927604e-05, Final residual = 4.200905796235712e-06, No Iterations 2, Solve time = 85.392 ms
[GinkgoSolver] p-cache: reuse(update_matrix_value) solve=20 rebuildInterval=0
Schwarz(Jacobi)+Bicgstab:  Solving for k, Initial residual = 0.00035067547576355784, Final residual = 8.27365543659019e-06, No Iterations 3, Solve time = 96.617 ms
[mem] after-turb: DEVICE_POOL current=22752 MB  actual(reserved)=38146 MB  highWater=28040 MB
ExecutionTime = 186 s  ClockTime = 187 s

Time = 21
[mem] step-start: DEVICE_POOL current=22752 MB  actual(reserved)=38146 MB  highWater=28040 MB
Schwarz(Jacobi)+Bicgstab:  Solving for Ux, Initial residual = 0.00015860149653884085, Final residual = 1.5440493752018063e-05, No Iterations 4, Solve time = 304.259 ms
Schwarz(Jacobi)+Bicgstab:  Solving for Uy, Initial residual = 0.0072625345791094064, Final residual = 0.00031225836149376514, No Iterations 4, Solve time = 304.259 ms
Schwarz(Jacobi)+Bicgstab:  Solving for Uz, Initial residual = 0.0017188249288799036, Final residual = 7.607129000525733e-05, No Iterations 4, Solve time = 304.259 ms
[mem] after-UEqn: DEVICE_POOL current=22752 MB  actual(reserved)=38146 MB  highWater=28040 MB
[GinkgoSolver] p-cache: reuse(update_matrix_value) solve=21 rebuildInterval=100
config(Cg+Schwarz(Multigrid)):  Solving for p, Initial residual = 0.006301871847309857, Final residual = 6.29951141234341e-05, No Iterations 70, Solve time = 2172.458 ms
time step continuity errors : sum local = 1.9618491930749832e-05, global = 1.6114201930032202e-06, cumulative = 7.899654232861108e-06
[mem] after-pEqn: DEVICE_POOL current=22752 MB  actual(reserved)=38146 MB  highWater=28040 MB
[GinkgoSolver] p-cache: reuse(update_matrix_value) solve=21 rebuildInterval=0
Schwarz(Jacobi)+Bicgstab:  Solving for omega, Initial residual = 7.36374762092792e-05, Final residual = 4.016423916800877e-06, No Iterations 2, Solve time = 73.723 ms
[GinkgoSolver] p-cache: reuse(update_matrix_value) solve=21 rebuildInterval=0
Schwarz(Jacobi)+Bicgstab:  Solving for k, Initial residual = 0.00035151142341256395, Final residual = 8.372194180198698e-06, No Iterations 3, Solve time = 93.78 ms
[mem] after-turb: DEVICE_POOL current=22752 MB  actual(reserved)=38146 MB  highWater=28040 MB
ExecutionTime = 189.89 s  ClockTime = 190 s

Time = 22
[mem] step-start: DEVICE_POOL current=22752 MB  actual(reserved)=38146 MB  highWater=28040 MB
Schwarz(Jacobi)+Bicgstab:  Solving for Ux, Initial residual = 0.0001559991001815428, Final residual = 1.2232676454922595e-05, No Iterations 5, Solve time = 352.588 ms
Schwarz(Jacobi)+Bicgstab:  Solving for Uy, Initial residual = 0.007208551892199455, Final residual = 0.00017955980197276346, No Iterations 5, Solve time = 352.588 ms
Schwarz(Jacobi)+Bicgstab:  Solving for Uz, Initial residual = 0.0017420700898953204, Final residual = 4.1128032301373534e-05, No Iterations 5, Solve time = 352.588 ms
[mem] after-UEqn: DEVICE_POOL current=22752 MB  actual(reserved)=38146 MB  highWater=28040 MB
[GinkgoSolver] p-cache: reuse(update_matrix_value) solve=22 rebuildInterval=100
config(Cg+Schwarz(Multigrid)):  Solving for p, Initial residual = 0.0061305922553956, Final residual = 6.077412896692369e-05, No Iterations 65, Solve time = 2019.777 ms
time step continuity errors : sum local = 1.911201847665117e-05, global = 1.3213321820469578e-06, cumulative = 9.220986414908066e-06
[mem] after-pEqn: DEVICE_POOL current=22752 MB  actual(reserved)=38146 MB  highWater=28040 MB
[GinkgoSolver] p-cache: reuse(update_matrix_value) solve=22 rebuildInterval=0
Schwarz(Jacobi)+Bicgstab:  Solving for omega, Initial residual = 6.981435155509925e-05, Final residual = 3.878667976071941e-06, No Iterations 2, Solve time = 84.877 ms
[GinkgoSolver] p-cache: reuse(update_matrix_value) solve=22 rebuildInterval=0
Schwarz(Jacobi)+Bicgstab:  Solving for k, Initial residual = 0.00035444532152181064, Final residual = 8.585145135657185e-06, No Iterations 3, Solve time = 96.94 ms
[mem] after-turb: DEVICE_POOL current=22752 MB  actual(reserved)=38146 MB  highWater=28040 MB
ExecutionTime = 193.67 s  ClockTime = 194 s

Time = 23
[mem] step-start: DEVICE_POOL current=22752 MB  actual(reserved)=38146 MB  highWater=28040 MB
Schwarz(Jacobi)+Bicgstab:  Solving for Ux, Initial residual = 0.0001542999583031424, Final residual = 1.4765543935318746e-05, No Iterations 4, Solve time = 291.961 ms
Schwarz(Jacobi)+Bicgstab:  Solving for Uy, Initial residual = 0.0070827806341298705, Final residual = 0.0003516439347902574, No Iterations 4, Solve time = 291.961 ms
Schwarz(Jacobi)+Bicgstab:  Solving for Uz, Initial residual = 0.0017521454640272958, Final residual = 6.838029536629694e-05, No Iterations 4, Solve time = 291.961 ms
[mem] after-UEqn: DEVICE_POOL current=22752 MB  actual(reserved)=38146 MB  highWater=28040 MB
[GinkgoSolver] p-cache: reuse(update_matrix_value) solve=23 rebuildInterval=100
config(Cg+Schwarz(Multigrid)):  Solving for p, Initial residual = 0.005983402311408343, Final residual = 5.975212009570916e-05, No Iterations 38, Solve time = 1202.326 ms
time step continuity errors : sum local = 1.8951472393040594e-05, global = 8.672033891797464e-07, cumulative = 1.0088189804087812e-05
[mem] after-pEqn: DEVICE_POOL current=22752 MB  actual(reserved)=38146 MB  highWater=28040 MB
[GinkgoSolver] p-cache: reuse(update_matrix_value) solve=23 rebuildInterval=0
Schwarz(Jacobi)+Bicgstab:  Solving for omega, Initial residual = 6.625036858418612e-05, Final residual = 3.728175354424444e-06, No Iterations 2, Solve time = 83.14 ms
[GinkgoSolver] p-cache: reuse(update_matrix_value) solve=23 rebuildInterval=0
Schwarz(Jacobi)+Bicgstab:  Solving for k, Initial residual = 0.00035642755932979085, Final residual = 8.742779083737316e-06, No Iterations 3, Solve time = 98.359 ms
[mem] after-turb: DEVICE_POOL current=22752 MB  actual(reserved)=38146 MB  highWater=28040 MB
ExecutionTime = 196.61 s  ClockTime = 197 s

Time = 24
[mem] step-start: DEVICE_POOL current=22752 MB  actual(reserved)=38146 MB  highWater=28040 MB
Schwarz(Jacobi)+Bicgstab:  Solving for Ux, Initial residual = 0.00015197616739022707, Final residual = 9.860073891074619e-06, No Iterations 3, Solve time = 235.247 ms
Schwarz(Jacobi)+Bicgstab:  Solving for Uy, Initial residual = 0.006908966329880178, Final residual = 0.000541557415478457, No Iterations 3, Solve time = 235.247 ms
Schwarz(Jacobi)+Bicgstab:  Solving for Uz, Initial residual = 0.0017475281361795658, Final residual = 0.00014515490299555272, No Iterations 3, Solve time = 235.247 ms
[mem] after-UEqn: DEVICE_POOL current=22752 MB  actual(reserved)=38146 MB  highWater=28040 MB
[GinkgoSolver] p-cache: reuse(update_matrix_value) solve=24 rebuildInterval=100
config(Cg+Schwarz(Multigrid)):  Solving for p, Initial residual = 0.005922710925552255, Final residual = 5.664017480875261e-05, No Iterations 40, Solve time = 1260.981 ms
time step continuity errors : sum local = 1.7898106775052166e-05, global = 9.767701623111096e-07, cumulative = 1.1064959966398922e-05
[mem] after-pEqn: DEVICE_POOL current=22752 MB  actual(reserved)=38146 MB  highWater=28040 MB
[GinkgoSolver] p-cache: reuse(update_matrix_value) solve=24 rebuildInterval=0
Schwarz(Jacobi)+Bicgstab:  Solving for omega, Initial residual = 6.305852031363462e-05, Final residual = 3.587972385209316e-06, No Iterations 2, Solve time = 74.212 ms
[GinkgoSolver] p-cache: reuse(update_matrix_value) solve=24 rebuildInterval=0
Schwarz(Jacobi)+Bicgstab:  Solving for k, Initial residual = 0.00035994698200243866, Final residual = 8.858181168241346e-06, No Iterations 3, Solve time = 93.359 ms
[mem] after-turb: DEVICE_POOL current=22752 MB  actual(reserved)=38146 MB  highWater=28040 MB
ExecutionTime = 199.52 s  ClockTime = 200 s

Time = 25
[mem] step-start: DEVICE_POOL current=22752 MB  actual(reserved)=38146 MB  highWater=28040 MB
Schwarz(Jacobi)+Bicgstab:  Solving for Ux, Initial residual = 0.00014973798390705294, Final residual = 1.0374271299070306e-05, No Iterations 3, Solve time = 238.085 ms
Schwarz(Jacobi)+Bicgstab:  Solving for Uy, Initial residual = 0.006737298506159511, Final residual = 0.0005000143218382517, No Iterations 3, Solve time = 238.085 ms
Schwarz(Jacobi)+Bicgstab:  Solving for Uz, Initial residual = 0.0017419923241093417, Final residual = 0.0001370743679159084, No Iterations 3, Solve time = 238.085 ms
[mem] after-UEqn: DEVICE_POOL current=22752 MB  actual(reserved)=38146 MB  highWater=28040 MB
[GinkgoSolver] p-cache: reuse(update_matrix_value) solve=25 rebuildInterval=100
config(Cg+Schwarz(Multigrid)):  Solving for p, Initial residual = 0.0058582879326068114, Final residual = 5.833488239078972e-05, No Iterations 38, Solve time = 1195.896 ms
time step continuity errors : sum local = 1.8416255962005786e-05, global = 1.1149625784159509e-06, cumulative = 1.2179922544814873e-05
[mem] after-pEqn: DEVICE_POOL current=22752 MB  actual(reserved)=38146 MB  highWater=28040 MB
[GinkgoSolver] p-cache: reuse(update_matrix_value) solve=25 rebuildInterval=0
Schwarz(Jacobi)+Bicgstab:  Solving for omega, Initial residual = 6.021490260628522e-05, Final residual = 3.4492904717127045e-06, No Iterations 2, Solve time = 83.676 ms
[GinkgoSolver] p-cache: reuse(update_matrix_value) solve=25 rebuildInterval=0
Schwarz(Jacobi)+Bicgstab:  Solving for k, Initial residual = 0.00036335415301361093, Final residual = 9.003270453515782e-06, No Iterations 3, Solve time = 96.653 ms
[mem] after-turb: DEVICE_POOL current=22752 MB  actual(reserved)=38146 MB  highWater=28040 MB
ExecutionTime = 202.38 s  ClockTime = 203 s

Time = 26
[mem] step-start: DEVICE_POOL current=22752 MB  actual(reserved)=38146 MB  highWater=28040 MB
Schwarz(Jacobi)+Bicgstab:  Solving for Ux, Initial residual = 0.00014726705337803845, Final residual = 1.444950280227563e-05, No Iterations 3, Solve time = 235.945 ms
Schwarz(Jacobi)+Bicgstab:  Solving for Uy, Initial residual = 0.006590242777916142, Final residual = 0.0004783628400629864, No Iterations 3, Solve time = 235.945 ms
Schwarz(Jacobi)+Bicgstab:  Solving for Uz, Initial residual = 0.0017404860108513629, Final residual = 0.0001364658435003568, No Iterations 3, Solve time = 235.945 ms
[mem] after-UEqn: DEVICE_POOL current=22752 MB  actual(reserved)=38146 MB  highWater=28040 MB
[GinkgoSolver] p-cache: reuse(update_matrix_value) solve=26 rebuildInterval=100
config(Cg+Schwarz(Multigrid)):  Solving for p, Initial residual = 0.005787176252443299, Final residual = 5.660807398923754e-05, No Iterations 38, Solve time = 1202.796 ms
time step continuity errors : sum local = 1.786004929549705e-05, global = 1.276005820319663e-06, cumulative = 1.3455928365134536e-05
[mem] after-pEqn: DEVICE_POOL current=22752 MB  actual(reserved)=38146 MB  highWater=28040 MB
[GinkgoSolver] p-cache: reuse(update_matrix_value) solve=26 rebuildInterval=0
Schwarz(Jacobi)+Bicgstab:  Solving for omega, Initial residual = 5.77133268248697e-05, Final residual = 3.3454246374451875e-06, No Iterations 2, Solve time = 83.927 ms
bounding omega, min: -45214.77381773815 max: 45356130.19902456 average: 7145.1844361292315
[GinkgoSolver] p-cache: reuse(update_matrix_value) solve=26 rebuildInterval=0
Schwarz(Jacobi)+Bicgstab:  Solving for k, Initial residual = 0.00036738249148489843, Final residual = 9.261870574703711e-06, No Iterations 3, Solve time = 97.116 ms
[mem] after-turb: DEVICE_POOL current=22752 MB  actual(reserved)=38146 MB  highWater=28040 MB
ExecutionTime = 205.23 s  ClockTime = 206 s

Time = 27
[mem] step-start: DEVICE_POOL current=22752 MB  actual(reserved)=38146 MB  highWater=28040 MB
Schwarz(Jacobi)+Bicgstab:  Solving for Ux, Initial residual = 0.00014464189047828604, Final residual = 8.738955086832658e-06, No Iterations 3, Solve time = 248.775 ms
Schwarz(Jacobi)+Bicgstab:  Solving for Uy, Initial residual = 0.00646249771986757, Final residual = 0.00046667280564901615, No Iterations 3, Solve time = 248.775 ms
Schwarz(Jacobi)+Bicgstab:  Solving for Uz, Initial residual = 0.00174396943777827, Final residual = 0.0001394899600213868, No Iterations 3, Solve time = 248.775 ms
[mem] after-UEqn: DEVICE_POOL current=22752 MB  actual(reserved)=38146 MB  highWater=28040 MB
[GinkgoSolver] p-cache: reuse(update_matrix_value) solve=27 rebuildInterval=100
config(Cg+Schwarz(Multigrid)):  Solving for p, Initial residual = 0.005695626726443891, Final residual = 5.5019501955907174e-05, No Iterations 40, Solve time = 1261.874 ms
time step continuity errors : sum local = 1.7343575090324815e-05, global = 1.3983557325568212e-06, cumulative = 1.4854284097691356e-05
[mem] after-pEqn: DEVICE_POOL current=22752 MB  actual(reserved)=38146 MB  highWater=28040 MB
[GinkgoSolver] p-cache: reuse(update_matrix_value) solve=27 rebuildInterval=0
Schwarz(Jacobi)+Bicgstab:  Solving for omega, Initial residual = 5.545274646125089e-05, Final residual = 3.2495737935050763e-06, No Iterations 2, Solve time = 81.318 ms
[GinkgoSolver] p-cache: reuse(update_matrix_value) solve=27 rebuildInterval=0
Schwarz(Jacobi)+Bicgstab:  Solving for k, Initial residual = 0.00037224577496512527, Final residual = 9.81480098709095e-06, No Iterations 3, Solve time = 94.512 ms
[mem] after-turb: DEVICE_POOL current=22752 MB  actual(reserved)=38146 MB  highWater=28040 MB
ExecutionTime = 208.17 s  ClockTime = 209 s

Time = 28
[mem] step-start: DEVICE_POOL current=22752 MB  actual(reserved)=38146 MB  highWater=28040 MB
Schwarz(Jacobi)+Bicgstab:  Solving for Ux, Initial residual = 0.00014220817630085226, Final residual = 1.2626152290133845e-05, No Iterations 3, Solve time = 243.133 ms
Schwarz(Jacobi)+Bicgstab:  Solving for Uy, Initial residual = 0.006342495472638785, Final residual = 0.00045938185592561394, No Iterations 3, Solve time = 243.133 ms
Schwarz(Jacobi)+Bicgstab:  Solving for Uz, Initial residual = 0.001749829301761704, Final residual = 0.0001406736491675617, No Iterations 3, Solve time = 243.133 ms
[mem] after-UEqn: DEVICE_POOL current=22752 MB  actual(reserved)=38146 MB  highWater=28040 MB
[GinkgoSolver] p-cache: reuse(update_matrix_value) solve=28 rebuildInterval=100
config(Cg+Schwarz(Multigrid)):  Solving for p, Initial residual = 0.005617936548776138, Final residual = 5.514307448088636e-05, No Iterations 43, Solve time = 1353.229 ms
time step continuity errors : sum local = 1.7342232461678122e-05, global = 1.2712428902067126e-06, cumulative = 1.6125526987898068e-05
[mem] after-pEqn: DEVICE_POOL current=22752 MB  actual(reserved)=38146 MB  highWater=28040 MB
[GinkgoSolver] p-cache: reuse(update_matrix_value) solve=28 rebuildInterval=0
Schwarz(Jacobi)+Bicgstab:  Solving for omega, Initial residual = 5.3477363848630807e-05, Final residual = 3.17097310472753e-06, No Iterations 2, Solve time = 84.161 ms
bounding omega, min: -63.334477836102685 max: 45356031.22229343 average: 7192.664512298963
[GinkgoSolver] p-cache: reuse(update_matrix_value) solve=28 rebuildInterval=0
Schwarz(Jacobi)+Bicgstab:  Solving for k, Initial residual = 0.00037696369573319714, Final residual = 9.685507015564447e-06, No Iterations 3, Solve time = 93.545 ms
[mem] after-turb: DEVICE_POOL current=22752 MB  actual(reserved)=38146 MB  highWater=28040 MB
ExecutionTime = 211.17 s  ClockTime = 212 s

Time = 29
[mem] step-start: DEVICE_POOL current=22752 MB  actual(reserved)=38146 MB  highWater=28040 MB
Schwarz(Jacobi)+Bicgstab:  Solving for Ux, Initial residual = 0.00013950114394078723, Final residual = 1.102753266079742e-05, No Iterations 3, Solve time = 245.888 ms
Schwarz(Jacobi)+Bicgstab:  Solving for Uy, Initial residual = 0.006233726591309706, Final residual = 0.00044906162318510834, No Iterations 3, Solve time = 245.888 ms
Schwarz(Jacobi)+Bicgstab:  Solving for Uz, Initial residual = 0.0017553099927245814, Final residual = 0.00013934055646850022, No Iterations 3, Solve time = 245.888 ms
[mem] after-UEqn: DEVICE_POOL current=22752 MB  actual(reserved)=38146 MB  highWater=28040 MB
[GinkgoSolver] p-cache: reuse(update_matrix_value) solve=29 rebuildInterval=100
config(Cg+Schwarz(Multigrid)):  Solving for p, Initial residual = 0.005553563712059835, Final residual = 5.532832193785594e-05, No Iterations 59, Solve time = 1838.871 ms
time step continuity errors : sum local = 1.730621303094393e-05, global = -5.212930612309617e-07, cumulative = 1.5604233926667108e-05
[mem] after-pEqn: DEVICE_POOL current=22752 MB  actual(reserved)=38146 MB  highWater=28040 MB
[GinkgoSolver] p-cache: reuse(update_matrix_value) solve=29 rebuildInterval=0
Schwarz(Jacobi)+Bicgstab:  Solving for omega, Initial residual = 5.1894496814432396e-05, Final residual = 3.1067905681775416e-06, No Iterations 2, Solve time = 82.603 ms
[GinkgoSolver] p-cache: reuse(update_matrix_value) solve=29 rebuildInterval=0
Schwarz(Jacobi)+Bicgstab:  Solving for k, Initial residual = 0.0003833022041504863, Final residual = 9.885582897771506e-06, No Iterations 3, Solve time = 98.096 ms
[mem] after-turb: DEVICE_POOL current=22752 MB  actual(reserved)=38146 MB  highWater=28040 MB
ExecutionTime = 214.67 s  ClockTime = 215 s

Time = 30
[mem] step-start: DEVICE_POOL current=22752 MB  actual(reserved)=38146 MB  highWater=28040 MB
Schwarz(Jacobi)+Bicgstab:  Solving for Ux, Initial residual = 0.00013678625025293693, Final residual = 5.357329681021497e-06, No Iterations 4, Solve time = 299.892 ms
Schwarz(Jacobi)+Bicgstab:  Solving for Uy, Initial residual = 0.006150414247609641, Final residual = 0.0007949596190195111, No Iterations 4, Solve time = 299.892 ms
Schwarz(Jacobi)+Bicgstab:  Solving for Uz, Initial residual = 0.0017587421502173375, Final residual = 7.30609783877091e-05, No Iterations 4, Solve time = 299.892 ms
[mem] after-UEqn: DEVICE_POOL current=22752 MB  actual(reserved)=38146 MB  highWater=28040 MB
[GinkgoSolver] p-cache: reuse(update_matrix_value) solve=30 rebuildInterval=100
config(Cg+Schwarz(Multigrid)):  Solving for p, Initial residual = 0.0055528947349034906, Final residual = 5.259888250506118e-05, No Iterations 65, Solve time = 2022.6 ms
time step continuity errors : sum local = 1.6171233666523398e-05, global = -1.449252293246415e-06, cumulative = 1.4154981633420693e-05
[mem] after-pEqn: DEVICE_POOL current=22752 MB  actual(reserved)=38146 MB  highWater=28040 MB
[GinkgoSolver] p-cache: reuse(update_matrix_value) solve=30 rebuildInterval=0
Schwarz(Jacobi)+Bicgstab:  Solving for omega, Initial residual = 5.0848310401435795e-05, Final residual = 3.0642615812112694e-06, No Iterations 2, Solve time = 84.046 ms
bounding omega, min: -106.1091792608234 max: 45356087.7835777 average: 7233.9255851015105
[GinkgoSolver] p-cache: reuse(update_matrix_value) solve=30 rebuildInterval=0
Schwarz(Jacobi)+Bicgstab:  Solving for k, Initial residual = 0.00039106685195962993, Final residual = 1.0223290405878712e-05, No Iterations 3, Solve time = 96.692 ms
[mem] after-turb: DEVICE_POOL current=22752 MB  actual(reserved)=38146 MB  highWater=28040 MB
Writing p
Writing U
Writing turbulence variables
ExecutionTime = 219.25 s  ClockTime = 221 s

Finalizing NeoN
Finalising parallel run
