/*---------------------------------------------------------------------------*\
| =========                 |                                                 |
| \\      /  F ield         | OpenFOAM: The Open Source CFD Toolbox           |
|  \\    /   O peration     | Version:  2506                                  |
|   \\  /    A nd           | Website:  www.openfoam.com                      |
|    \\/     M anipulation  |                                                 |
\*---------------------------------------------------------------------------*/
Build  : b050cd9480-20250814 OPENFOAM=2506 version=v2506
Arch   : "LSB;label=32;scalar=64"
Exec   : /storage/home/greole/code/NeoFOAM/build/profilingnvidia_h200/bin/neoSimpleFoam -parallel
Date   : Jul 01 2026
Time   : 11:25:25
Host   : gpu-nvidia-h200-1.int.coma-cluster.de
PID    : 2445126
I/O    : uncollated
Case   : /storage/home/greole/code/NeoFOAM/occDrivAerStaticMesh
nProcs : 4
Hosts  :
(
    (gpu-nvidia-h200-1.int.coma-cluster.de 4)
)
Pstream initialized with:
    node communication : off [type=host] (4 ranks, 1 nodes)
    topology controls  : none
    consensus exchange : 0 (tuning: 0)
    exchange algorithm : 0
    commsType          : nonBlocking
    polling iterations : 0
trapFpe: Floating point exception trapping enabled (FOAM_SIGFPE).
fileModificationChecking : Monitoring run-time modified files using timeStampMaster (fileModificationSkew 5, maxFileModificationPolls 20)
allowSystemOperations : Allowing user-supplied system call operations

// * * * * * * * * * * * * * * * * * * * * * * * * * * * * * * * * * * * * * //
Create time

Initializing NeoN
Creating Executor GPU
Creating NeoFOAM runTime

SIMPLE: no convergence criteria found. Calculations will run for 30 steps.

Reading field p

Reading field U

Reading/calculating face flux field phi

Selecting incompressible transport model Newtonian
NeoFOAM solver config (from fvSolution configFile) for 'config(Cg+Schwarz(Multigrid))':
{
    cacheSolver: true
    configFile: <NeoN::TokenList>
    l1ScaledResidual: true
    preconditionerRebuildInterval: 100
    relTol: 0.010000
    reportName: config(Cg+Schwarz(Multigrid))
    solver: Ginkgo
    tolerance: 0.000000
}
    effective optimize: false
    effective checkFrequency: 1
Mapping OpenFOAM solver settings to NeoN settings.
Currently, it is advisable to specify a configFile
for fine grained Ginkgo solver control

Replacing solver PBiCGStab by solver::Bicgstab
Replacing preconditioner diagonal by preconditioner::Schwarz (Schwarz-wrapped for distributed run)
NeoFOAM solver config (mapped from fvSolution) for 'Schwarz(Jacobi)+Bicgstab':
{
    cacheSolver: true
    criteria: {
        absolute_residual_norm: 0.000000
        initial_residual_norm: 0.100000
        iteration: 1000
    }
    l1ScaledResidual: true
    optimize: true
    preconditioner: {
        local_solver: {
            max_block_size: 1
            type: preconditioner::Jacobi
        }
        type: preconditioner::Schwarz
    }
    reportName: Schwarz(Jacobi)+Bicgstab
    solver: Ginkgo
    type: solver::Bicgstab
}
    effective optimize: true
    effective checkFrequency: 1
Creating phi

[NF][/storage/home/greole/code/NeoFOAM/include/NeoFOAM/auxiliary/readers.hpp::434]: Internal: 49333487, Boundary: 1754396

[NF][/storage/home/greole/code/NeoFOAM/include/NeoFOAM/auxiliary/readers.hpp::434]: Internal: 49320882, Boundary: 1762558

[NF][/storage/home/greole/code/NeoFOAM/include/NeoFOAM/auxiliary/readers.hpp::434]: Internal: 49261542, Boundary: 1427829

[NF][/storage/home/greole/code/NeoFOAM/include/NeoFOAM/auxiliary/readers.hpp::434]: Internal: 49243125, Boundary: 1362247
Selecting patchDistMethod meshWave
Mapping OpenFOAM solver settings to NeoN settings.
Currently, it is advisable to specify a configFile
for fine grained Ginkgo solver control

Replacing solver PBiCGStab by solver::Bicgstab
Replacing preconditioner diagonal by preconditioner::Schwarz (Schwarz-wrapped for distributed run)
NeoFOAM solver config (mapped from fvSolution) for 'Schwarz(Jacobi)+Bicgstab':
{
    cacheSolver: true
    criteria: {
        absolute_residual_norm: 0.000000
        initial_residual_norm: 0.100000
        iteration: 1000
    }
    l1ScaledResidual: true
    optimize: true
    preconditioner: {
        local_solver: {
            max_block_size: 1
            type: preconditioner::Jacobi
        }
        type: preconditioner::Schwarz
    }
    reportName: Schwarz(Jacobi)+Bicgstab
    solver: Ginkgo
    type: solver::Bicgstab
}
    effective optimize: true
    effective checkFrequency: 1
Mapping OpenFOAM solver settings to NeoN settings.
Currently, it is advisable to specify a configFile
for fine grained Ginkgo solver control

Replacing solver PBiCGStab by solver::Bicgstab
Replacing preconditioner diagonal by preconditioner::Schwarz (Schwarz-wrapped for distributed run)
NeoFOAM solver config (mapped from fvSolution) for 'Schwarz(Jacobi)+Bicgstab':
{
    cacheSolver: true
    criteria: {
        absolute_residual_norm: 0.000000
        initial_residual_norm: 0.100000
        iteration: 1000
    }
    l1ScaledResidual: true
    optimize: true
    preconditioner: {
        local_solver: {
            max_block_size: 1
            type: preconditioner::Jacobi
        }
        type: preconditioner::Schwarz
    }
    reportName: Schwarz(Jacobi)+Bicgstab
    solver: Ginkgo
    type: solver::Bicgstab
}
    effective optimize: true
    effective checkFrequency: 1
Starting time loop
Time = 1
[mem] step-start: DEVICE_POOL current=16605 MB  actual(reserved)=38146 MB  highWater=19132 MB
Schwarz(Jacobi)+Bicgstab:  Solving for Ux, Initial residual = 0.0019488956619707573, Final residual = 0.0002389414492225639, No Iterations 3, Solve time = 247.629 ms
Schwarz(Jacobi)+Bicgstab:  Solving for Uy, Initial residual = 0.16486889729307713, Final residual = 0.008211417725346403, No Iterations 3, Solve time = 247.629 ms
Schwarz(Jacobi)+Bicgstab:  Solving for Uz, Initial residual = 0.1047839942030142, Final residual = 0.00498813041633774, No Iterations 3, Solve time = 247.629 ms
[mem] after-UEqn: DEVICE_POOL current=19099 MB  actual(reserved)=38146 MB  highWater=24387 MB
[GinkgoSolver] p-cache: rebuild(generate) solve=1 rebuildInterval=100
config(Cg+Schwarz(Multigrid)):  Solving for p, Initial residual = 1, Final residual = 0.009770090196842569, No Iterations 116, Solve time = 3958.76 ms
time step continuity errors : sum local = 6.524590068972387e-05, global = 3.942543658135801e-06, cumulative = 3.942543658135801e-06
[mem] after-pEqn: DEVICE_POOL current=20567 MB  actual(reserved)=38146 MB  highWater=24387 MB
[GinkgoSolver] p-cache: rebuild(generate) solve=1 rebuildInterval=0
Schwarz(Jacobi)+Bicgstab:  Solving for omega, Initial residual = 0.9999999999999999, Final residual = 0.030747817295767036, No Iterations 1, Solve time = 52.993 ms
bounding omega, min: -52.868565607910455 max: 46109483.72974186 average: 2443.2337508693477
[GinkgoSolver] p-cache: rebuild(generate) solve=1 rebuildInterval=0
Schwarz(Jacobi)+Bicgstab:  Solving for k, Initial residual = 0.999999999999973, Final residual = 0.043859872406472204, No Iterations 1, Solve time = 53.142 ms
[mem] after-turb: DEVICE_POOL current=22752 MB  actual(reserved)=38146 MB  highWater=24811 MB
ExecutionTime = 93.06999999999999 s  ClockTime = 93 s

Time = 2
[mem] step-start: DEVICE_POOL current=22752 MB  actual(reserved)=38146 MB  highWater=24811 MB
Schwarz(Jacobi)+Bicgstab:  Solving for Ux, Initial residual = 0.001292812701171899, Final residual = 5.921793797011391e-05, No Iterations 5, Solve time = 341.868 ms
Schwarz(Jacobi)+Bicgstab:  Solving for Uy, Initial residual = 0.0654484831153576, Final residual = 0.002979541573672029, No Iterations 5, Solve time = 341.868 ms
Schwarz(Jacobi)+Bicgstab:  Solving for Uz, Initial residual = 0.040831620814329596, Final residual = 0.0009085715280344385, No Iterations 5, Solve time = 341.868 ms
[mem] after-UEqn: DEVICE_POOL current=22752 MB  actual(reserved)=38146 MB  highWater=28040 MB
[GinkgoSolver] p-cache: reuse(update_matrix_value) solve=2 rebuildInterval=100
config(Cg+Schwarz(Multigrid)):  Solving for p, Initial residual = 0.04030327526710163, Final residual = 0.0003950390093714204, No Iterations 125, Solve time = 3862.695 ms
time step continuity errors : sum local = 4.189118415059085e-05, global = 2.00514845132875e-06, cumulative = 5.947692109464552e-06
[mem] after-pEqn: DEVICE_POOL current=22752 MB  actual(reserved)=38146 MB  highWater=28040 MB
[GinkgoSolver] p-cache: reuse(update_matrix_value) solve=2 rebuildInterval=0
Schwarz(Jacobi)+Bicgstab:  Solving for omega, Initial residual = 0.008194489220367817, Final residual = 0.0004779964725888816, No Iterations 1, Solve time = 64.51 ms
bounding omega, min: -1219.4419994462535 max: 45305778.86111303 average: 2705.6310937227604
[GinkgoSolver] p-cache: reuse(update_matrix_value) solve=2 rebuildInterval=0
Schwarz(Jacobi)+Bicgstab:  Solving for k, Initial residual = 0.07500401971106865, Final residual = 0.004455112811489229, No Iterations 1, Solve time = 51.339 ms
[mem] after-turb: DEVICE_POOL current=22752 MB  actual(reserved)=38146 MB  highWater=28040 MB
ExecutionTime = 98.66 s  ClockTime = 99 s

Time = 3
[mem] step-start: DEVICE_POOL current=22752 MB  actual(reserved)=38146 MB  highWater=28040 MB
Schwarz(Jacobi)+Bicgstab:  Solving for Ux, Initial residual = 0.0008105361641708475, Final residual = 4.7841779228666935e-05, No Iterations 6, Solve time = 402.543 ms
Schwarz(Jacobi)+Bicgstab:  Solving for Uy, Initial residual = 0.032498491316753524, Final residual = 0.0006353024463955175, No Iterations 6, Solve time = 402.543 ms
Schwarz(Jacobi)+Bicgstab:  Solving for Uz, Initial residual = 0.018190681426989916, Final residual = 0.0002674507265697351, No Iterations 6, Solve time = 402.543 ms
[mem] after-UEqn: DEVICE_POOL current=22752 MB  actual(reserved)=38146 MB  highWater=28040 MB
[GinkgoSolver] p-cache: reuse(update_matrix_value) solve=3 rebuildInterval=100
config(Cg+Schwarz(Multigrid)):  Solving for p, Initial residual = 0.017907873669387314, Final residual = 0.00017805104137323468, No Iterations 112, Solve time = 3460.499 ms
time step continuity errors : sum local = 3.457704432574427e-05, global = -3.004481776954622e-06, cumulative = 2.9432103325099298e-06
[mem] after-pEqn: DEVICE_POOL current=22752 MB  actual(reserved)=38146 MB  highWater=28040 MB
[GinkgoSolver] p-cache: reuse(update_matrix_value) solve=3 rebuildInterval=0
Schwarz(Jacobi)+Bicgstab:  Solving for omega, Initial residual = 0.0035207633192181043, Final residual = 0.0002899446184047777, No Iterations 1, Solve time = 54.828 ms
bounding omega, min: -11.965254522498697 max: 45385831.45374902 average: 3322.243722367806
[GinkgoSolver] p-cache: reuse(update_matrix_value) solve=3 rebuildInterval=0
Schwarz(Jacobi)+Bicgstab:  Solving for k, Initial residual = 0.01399725449806956, Final residual = 0.0010053431756360004, No Iterations 1, Solve time = 51.488 ms
[mem] after-turb: DEVICE_POOL current=22752 MB  actual(reserved)=38146 MB  highWater=28040 MB
ExecutionTime = 103.87 s  ClockTime = 104 s

Time = 4
[mem] step-start: DEVICE_POOL current=22752 MB  actual(reserved)=38146 MB  highWater=28040 MB
Schwarz(Jacobi)+Bicgstab:  Solving for Ux, Initial residual = 0.0005573006820170867, Final residual = 4.700216720306629e-05, No Iterations 4, Solve time = 290.107 ms
Schwarz(Jacobi)+Bicgstab:  Solving for Uy, Initial residual = 0.020220891184207567, Final residual = 0.002663859911982087, No Iterations 4, Solve time = 290.107 ms
Schwarz(Jacobi)+Bicgstab:  Solving for Uz, Initial residual = 0.010484938653239812, Final residual = 0.0007740138218744648, No Iterations 4, Solve time = 290.107 ms
[mem] after-UEqn: DEVICE_POOL current=22752 MB  actual(reserved)=38146 MB  highWater=28040 MB
[GinkgoSolver] p-cache: reuse(update_matrix_value) solve=4 rebuildInterval=100
config(Cg+Schwarz(Multigrid)):  Solving for p, Initial residual = 0.012476683837760367, Final residual = 0.00012425114748455902, No Iterations 128, Solve time = 3952.602 ms
time step continuity errors : sum local = 3.194787950530181e-05, global = 1.580039921094811e-06, cumulative = 4.52325025360474e-06
[mem] after-pEqn: DEVICE_POOL current=22752 MB  actual(reserved)=38146 MB  highWater=28040 MB
[GinkgoSolver] p-cache: reuse(update_matrix_value) solve=4 rebuildInterval=0
Schwarz(Jacobi)+Bicgstab:  Solving for omega, Initial residual = 0.0017242590870082746, Final residual = 4.831296741166371e-05, No Iterations 2, Solve time = 86.244 ms
[GinkgoSolver] p-cache: reuse(update_matrix_value) solve=4 rebuildInterval=0
Schwarz(Jacobi)+Bicgstab:  Solving for k, Initial residual = 0.004640784058384537, Final residual = 0.00039335826471966954, No Iterations 1, Solve time = 49.869 ms
[mem] after-turb: DEVICE_POOL current=22752 MB  actual(reserved)=38146 MB  highWater=28040 MB
ExecutionTime = 109.51 s  ClockTime = 110 s

Time = 5
[mem] step-start: DEVICE_POOL current=22752 MB  actual(reserved)=38146 MB  highWater=28040 MB
Schwarz(Jacobi)+Bicgstab:  Solving for Ux, Initial residual = 0.0004822390347702895, Final residual = 3.735926026714139e-05, No Iterations 4, Solve time = 293.554 ms
Schwarz(Jacobi)+Bicgstab:  Solving for Uy, Initial residual = 0.01852688098685162, Final residual = 0.0011835449198945517, No Iterations 4, Solve time = 293.554 ms
Schwarz(Jacobi)+Bicgstab:  Solving for Uz, Initial residual = 0.00832216986101888, Final residual = 0.0008107077497062295, No Iterations 4, Solve time = 293.554 ms
[mem] after-UEqn: DEVICE_POOL current=22752 MB  actual(reserved)=38146 MB  highWater=28040 MB
[GinkgoSolver] p-cache: reuse(update_matrix_value) solve=5 rebuildInterval=100
config(Cg+Schwarz(Multigrid)):  Solving for p, Initial residual = 0.010577757996354367, Final residual = 0.00010127968872002978, No Iterations 125, Solve time = 3857.483 ms
time step continuity errors : sum local = 2.873375858846973e-05, global = 2.076376589819215e-06, cumulative = 6.599626843423955e-06
[mem] after-pEqn: DEVICE_POOL current=22752 MB  actual(reserved)=38146 MB  highWater=28040 MB
[GinkgoSolver] p-cache: reuse(update_matrix_value) solve=5 rebuildInterval=0
Schwarz(Jacobi)+Bicgstab:  Solving for omega, Initial residual = 0.000994429278192757, Final residual = 9.814523368746891e-05, No Iterations 1, Solve time = 64.494 ms
bounding omega, min: -46263.58056674915 max: 45363173.52369857 average: 4560.805733871044
[GinkgoSolver] p-cache: reuse(update_matrix_value) solve=5 rebuildInterval=0
Schwarz(Jacobi)+Bicgstab:  Solving for k, Initial residual = 0.002356477128590365, Final residual = 0.00022364972086872468, No Iterations 1, Solve time = 49.995 ms
[mem] after-turb: DEVICE_POOL current=22752 MB  actual(reserved)=38146 MB  highWater=28040 MB
ExecutionTime = 115.01 s  ClockTime = 115 s

Time = 6
[mem] step-start: DEVICE_POOL current=22752 MB  actual(reserved)=38146 MB  highWater=28040 MB
Schwarz(Jacobi)+Bicgstab:  Solving for Ux, Initial residual = 0.0004358657759827834, Final residual = 2.6369225920382456e-05, No Iterations 5, Solve time = 353.977 ms
Schwarz(Jacobi)+Bicgstab:  Solving for Uy, Initial residual = 0.01796733401713314, Final residual = 0.0015881968131491854, No Iterations 5, Solve time = 353.977 ms
Schwarz(Jacobi)+Bicgstab:  Solving for Uz, Initial residual = 0.006736189507336439, Final residual = 0.0005119566151701181, No Iterations 5, Solve time = 353.977 ms
[mem] after-UEqn: DEVICE_POOL current=22752 MB  actual(reserved)=38146 MB  highWater=28040 MB
[GinkgoSolver] p-cache: reuse(update_matrix_value) solve=6 rebuildInterval=100
config(Cg+Schwarz(Multigrid)):  Solving for p, Initial residual = 0.011132059709817005, Final residual = 0.00010351366343356634, No Iterations 117, Solve time = 3611.531 ms
time step continuity errors : sum local = 2.8740426078397048e-05, global = 1.4426689626787533e-07, cumulative = 6.7438937396918304e-06
[mem] after-pEqn: DEVICE_POOL current=22752 MB  actual(reserved)=38146 MB  highWater=28040 MB
[GinkgoSolver] p-cache: reuse(update_matrix_value) solve=6 rebuildInterval=0
Schwarz(Jacobi)+Bicgstab:  Solving for omega, Initial residual = 0.0006247311692426873, Final residual = 2.430949130565193e-05, No Iterations 2, Solve time = 87.525 ms
[GinkgoSolver] p-cache: reuse(update_matrix_value) solve=6 rebuildInterval=0
Schwarz(Jacobi)+Bicgstab:  Solving for k, Initial residual = 0.0016242623019957008, Final residual = 0.00015488717609027147, No Iterations 1, Solve time = 51.18 ms
[mem] after-turb: DEVICE_POOL current=22752 MB  actual(reserved)=38146 MB  highWater=28040 MB
ExecutionTime = 120.37 s  ClockTime = 120 s

Time = 7
[mem] step-start: DEVICE_POOL current=22752 MB  actual(reserved)=38146 MB  highWater=28040 MB
Schwarz(Jacobi)+Bicgstab:  Solving for Ux, Initial residual = 0.00037593369559853174, Final residual = 2.341288559551697e-05, No Iterations 5, Solve time = 351.018 ms
Schwarz(Jacobi)+Bicgstab:  Solving for Uy, Initial residual = 0.01524441557869126, Final residual = 0.001167797890989709, No Iterations 5, Solve time = 351.018 ms
Schwarz(Jacobi)+Bicgstab:  Solving for Uz, Initial residual = 0.0051376502186425135, Final residual = 0.0002775791221027185, No Iterations 5, Solve time = 351.018 ms
[mem] after-UEqn: DEVICE_POOL current=22752 MB  actual(reserved)=38146 MB  highWater=28040 MB
[GinkgoSolver] p-cache: reuse(update_matrix_value) solve=7 rebuildInterval=100
config(Cg+Schwarz(Multigrid)):  Solving for p, Initial residual = 0.01209743084164683, Final residual = 0.00011930511944866874, No Iterations 110, Solve time = 3402.895 ms
time step continuity errors : sum local = 2.9914209953924873e-05, global = -1.8129256102013901e-06, cumulative = 4.93096812949044e-06
[mem] after-pEqn: DEVICE_POOL current=22752 MB  actual(reserved)=38146 MB  highWater=28040 MB
[GinkgoSolver] p-cache: reuse(update_matrix_value) solve=7 rebuildInterval=0
Schwarz(Jacobi)+Bicgstab:  Solving for omega, Initial residual = 0.0004898339478268404, Final residual = 1.5229151953364048e-05, No Iterations 2, Solve time = 87.544 ms
bounding omega, min: -140.0505558158403 max: 45358168.42460796 average: 5415.557698156109
[GinkgoSolver] p-cache: reuse(update_matrix_value) solve=7 rebuildInterval=0
Schwarz(Jacobi)+Bicgstab:  Solving for k, Initial residual = 0.0011596781257382218, Final residual = 2.4108398282784523e-05, No Iterations 3, Solve time = 97.569 ms
[mem] after-turb: DEVICE_POOL current=22752 MB  actual(reserved)=38146 MB  highWater=28040 MB
ExecutionTime = 125.56 s  ClockTime = 126 s

Time = 8
[mem] step-start: DEVICE_POOL current=22752 MB  actual(reserved)=38146 MB  highWater=28040 MB
Schwarz(Jacobi)+Bicgstab:  Solving for Ux, Initial residual = 0.0003164533810212434, Final residual = 2.4923633651459392e-05, No Iterations 5, Solve time = 338.073 ms
Schwarz(Jacobi)+Bicgstab:  Solving for Uy, Initial residual = 0.011361063639299326, Final residual = 0.0002875620249693451, No Iterations 5, Solve time = 338.073 ms
Schwarz(Jacobi)+Bicgstab:  Solving for Uz, Initial residual = 0.0036082578780470406, Final residual = 0.00019632615157172506, No Iterations 5, Solve time = 338.073 ms
[mem] after-UEqn: DEVICE_POOL current=22752 MB  actual(reserved)=38146 MB  highWater=28040 MB
[GinkgoSolver] p-cache: reuse(update_matrix_value) solve=8 rebuildInterval=100
config(Cg+Schwarz(Multigrid)):  Solving for p, Initial residual = 0.013057681525259747, Final residual = 0.0001274059890782533, No Iterations 102, Solve time = 3154.649 ms
time step continuity errors : sum local = 2.769685922369161e-05, global = 1.1766965315137584e-06, cumulative = 6.107664661004199e-06
[mem] after-pEqn: DEVICE_POOL current=22752 MB  actual(reserved)=38146 MB  highWater=28040 MB
[GinkgoSolver] p-cache: reuse(update_matrix_value) solve=8 rebuildInterval=0
Schwarz(Jacobi)+Bicgstab:  Solving for omega, Initial residual = 0.00035962130350339274, Final residual = 1.2434384999414392e-05, No Iterations 2, Solve time = 87.339 ms
[GinkgoSolver] p-cache: reuse(update_matrix_value) solve=8 rebuildInterval=0
Schwarz(Jacobi)+Bicgstab:  Solving for k, Initial residual = 0.0008654522149855293, Final residual = 5.246342055599494e-05, No Iterations 2, Solve time = 74.956 ms
[mem] after-turb: DEVICE_POOL current=22752 MB  actual(reserved)=38146 MB  highWater=28040 MB
ExecutionTime = 130.46 s  ClockTime = 131 s

Time = 9
[mem] step-start: DEVICE_POOL current=22752 MB  actual(reserved)=38146 MB  highWater=28040 MB
Schwarz(Jacobi)+Bicgstab:  Solving for Ux, Initial residual = 0.00027315394829854423, Final residual = 7.285898836694788e-06, No Iterations 5, Solve time = 351.276 ms
Schwarz(Jacobi)+Bicgstab:  Solving for Uy, Initial residual = 0.009177640445917441, Final residual = 0.00044061614352557365, No Iterations 5, Solve time = 351.276 ms
Schwarz(Jacobi)+Bicgstab:  Solving for Uz, Initial residual = 0.0026264100153051777, Final residual = 0.00015399381113366867, No Iterations 5, Solve time = 351.276 ms
[mem] after-UEqn: DEVICE_POOL current=22752 MB  actual(reserved)=38146 MB  highWater=28040 MB
[GinkgoSolver] p-cache: reuse(update_matrix_value) solve=9 rebuildInterval=100
config(Cg+Schwarz(Multigrid)):  Solving for p, Initial residual = 0.013749441780243723, Final residual = 0.00013416304020493028, No Iterations 106, Solve time = 3279.55 ms
time step continuity errors : sum local = 2.5368916433263442e-05, global = 1.8637798453904025e-06, cumulative = 7.971444506394602e-06
[mem] after-pEqn: DEVICE_POOL current=22752 MB  actual(reserved)=38146 MB  highWater=28040 MB
[GinkgoSolver] p-cache: reuse(update_matrix_value) solve=9 rebuildInterval=0
Schwarz(Jacobi)+Bicgstab:  Solving for omega, Initial residual = 0.00027805499282994095, Final residual = 1.0631902589797153e-05, No Iterations 2, Solve time = 74.264 ms
[GinkgoSolver] p-cache: reuse(update_matrix_value) solve=9 rebuildInterval=0
Schwarz(Jacobi)+Bicgstab:  Solving for k, Initial residual = 0.0006654563468474815, Final residual = 3.8859738310387865e-05, No Iterations 2, Solve time = 73.762 ms
[mem] after-turb: DEVICE_POOL current=22752 MB  actual(reserved)=38146 MB  highWater=28040 MB
ExecutionTime = 135.48 s  ClockTime = 136 s

Time = 10
[mem] step-start: DEVICE_POOL current=22752 MB  actual(reserved)=38146 MB  highWater=28040 MB
Schwarz(Jacobi)+Bicgstab:  Solving for Ux, Initial residual = 0.00025102623815477493, Final residual = 3.2008222716914473e-06, No Iterations 6, Solve time = 387.049 ms
Schwarz(Jacobi)+Bicgstab:  Solving for Uy, Initial residual = 0.010085758690195385, Final residual = 0.00041113663125113544, No Iterations 6, Solve time = 387.049 ms
Schwarz(Jacobi)+Bicgstab:  Solving for Uz, Initial residual = 0.002496579983862618, Final residual = 4.1658933194813145e-05, No Iterations 6, Solve time = 387.049 ms
[mem] after-UEqn: DEVICE_POOL current=22752 MB  actual(reserved)=38146 MB  highWater=28040 MB
[GinkgoSolver] p-cache: reuse(update_matrix_value) solve=10 rebuildInterval=100
config(Cg+Schwarz(Multigrid)):  Solving for p, Initial residual = 0.013953758076445106, Final residual = 0.00013825777710955813, No Iterations 123, Solve time = 3799.915 ms
time step continuity errors : sum local = 2.3863529932139977e-05, global = -2.6178853693109057e-06, cumulative = 5.353559137083696e-06
[mem] after-pEqn: DEVICE_POOL current=22752 MB  actual(reserved)=38146 MB  highWater=28040 MB
[GinkgoSolver] p-cache: reuse(update_matrix_value) solve=10 rebuildInterval=0
Schwarz(Jacobi)+Bicgstab:  Solving for omega, Initial residual = 0.00022456262496296718, Final residual = 9.223494762592874e-06, No Iterations 2, Solve time = 88.038 ms
[GinkgoSolver] p-cache: reuse(update_matrix_value) solve=10 rebuildInterval=0
Schwarz(Jacobi)+Bicgstab:  Solving for k, Initial residual = 0.000526828977876876, Final residual = 3.276377604305538e-05, No Iterations 2, Solve time = 73.92 ms
[mem] after-turb: DEVICE_POOL current=22752 MB  actual(reserved)=38146 MB  highWater=28040 MB
ExecutionTime = 141.08 s  ClockTime = 141 s

Time = 11
[mem] step-start: DEVICE_POOL current=22752 MB  actual(reserved)=38146 MB  highWater=28040 MB
Schwarz(Jacobi)+Bicgstab:  Solving for Ux, Initial residual = 0.0002405669707251932, Final residual = 1.1119554632349142e-05, No Iterations 5, Solve time = 344.293 ms
Schwarz(Jacobi)+Bicgstab:  Solving for Uy, Initial residual = 0.011091848207477361, Final residual = 0.00032353002864901143, No Iterations 5, Solve time = 344.293 ms
Schwarz(Jacobi)+Bicgstab:  Solving for Uz, Initial residual = 0.00254910906591652, Final residual = 7.275651654872287e-05, No Iterations 5, Solve time = 344.293 ms
[mem] after-UEqn: DEVICE_POOL current=22752 MB  actual(reserved)=38146 MB  highWater=28040 MB
[GinkgoSolver] p-cache: reuse(update_matrix_value) solve=11 rebuildInterval=100
config(Cg+Schwarz(Multigrid)):  Solving for p, Initial residual = 0.013535766844290708, Final residual = 0.00013060413845592252, No Iterations 122, Solve time = 3772.626 ms
time step continuity errors : sum local = 2.3129480324198406e-05, global = -2.170243657298356e-06, cumulative = 3.18331547978534e-06
[mem] after-pEqn: DEVICE_POOL current=22752 MB  actual(reserved)=38146 MB  highWater=28040 MB
[GinkgoSolver] p-cache: reuse(update_matrix_value) solve=11 rebuildInterval=0
Schwarz(Jacobi)+Bicgstab:  Solving for omega, Initial residual = 0.0001851003446689224, Final residual = 8.098276286551483e-06, No Iterations 2, Solve time = 87.529 ms
[GinkgoSolver] p-cache: reuse(update_matrix_value) solve=11 rebuildInterval=0
Schwarz(Jacobi)+Bicgstab:  Solving for k, Initial residual = 0.0004395172354916352, Final residual = 2.829255829248391e-05, No Iterations 2, Solve time = 73.306 ms
[mem] after-turb: DEVICE_POOL current=22752 MB  actual(reserved)=38146 MB  highWater=28040 MB
ExecutionTime = 146.6 s  ClockTime = 147 s

Time = 12
[mem] step-start: DEVICE_POOL current=22752 MB  actual(reserved)=38146 MB  highWater=28040 MB
Schwarz(Jacobi)+Bicgstab:  Solving for Ux, Initial residual = 0.00022899897008050305, Final residual = 1.4968229559584627e-05, No Iterations 4, Solve time = 284.736 ms
Schwarz(Jacobi)+Bicgstab:  Solving for Uy, Initial residual = 0.011044227157093127, Final residual = 0.0008021873290636046, No Iterations 4, Solve time = 284.736 ms
Schwarz(Jacobi)+Bicgstab:  Solving for Uz, Initial residual = 0.0024793158517862793, Final residual = 0.0001209182281493937, No Iterations 4, Solve time = 284.736 ms
[mem] after-UEqn: DEVICE_POOL current=22752 MB  actual(reserved)=38146 MB  highWater=28040 MB
[GinkgoSolver] p-cache: reuse(update_matrix_value) solve=12 rebuildInterval=100
config(Cg+Schwarz(Multigrid)):  Solving for p, Initial residual = 0.012325543520859444, Final residual = 0.00012318862960293672, No Iterations 111, Solve time = 3435.829 ms
time step continuity errors : sum local = 2.4167791833842894e-05, global = 5.90818999568755e-07, cumulative = 3.774134479354095e-06
[mem] after-pEqn: DEVICE_POOL current=22752 MB  actual(reserved)=38146 MB  highWater=28040 MB
[GinkgoSolver] p-cache: reuse(update_matrix_value) solve=12 rebuildInterval=0
Schwarz(Jacobi)+Bicgstab:  Solving for omega, Initial residual = 0.00015606127905670562, Final residual = 7.140369630991855e-06, No Iterations 2, Solve time = 87.929 ms
[GinkgoSolver] p-cache: reuse(update_matrix_value) solve=12 rebuildInterval=0
Schwarz(Jacobi)+Bicgstab:  Solving for k, Initial residual = 0.00038761722310697505, Final residual = 2.5737677118323367e-05, No Iterations 2, Solve time = 74.372 ms
[mem] after-turb: DEVICE_POOL current=22752 MB  actual(reserved)=38146 MB  highWater=28040 MB
ExecutionTime = 151.72 s  ClockTime = 152 s

Time = 13
[mem] step-start: DEVICE_POOL current=22752 MB  actual(reserved)=38146 MB  highWater=28040 MB
Schwarz(Jacobi)+Bicgstab:  Solving for Ux, Initial residual = 0.00021605341753364355, Final residual = 9.44595605712244e-06, No Iterations 4, Solve time = 292.708 ms
Schwarz(Jacobi)+Bicgstab:  Solving for Uy, Initial residual = 0.010264217074271066, Final residual = 0.0005816999723927665, No Iterations 4, Solve time = 292.708 ms
Schwarz(Jacobi)+Bicgstab:  Solving for Uz, Initial residual = 0.0022922730928443655, Final residual = 0.00010851767131597593, No Iterations 4, Solve time = 292.708 ms
[mem] after-UEqn: DEVICE_POOL current=22752 MB  actual(reserved)=38146 MB  highWater=28040 MB
[GinkgoSolver] p-cache: reuse(update_matrix_value) solve=13 rebuildInterval=100
config(Cg+Schwarz(Multigrid)):  Solving for p, Initial residual = 0.010708592019718306, Final residual = 0.00010551652466156212, No Iterations 108, Solve time = 3337.003 ms
time step continuity errors : sum local = 2.3429149603803628e-05, global = 1.634510022853257e-06, cumulative = 5.408644502207352e-06
[mem] after-pEqn: DEVICE_POOL current=22752 MB  actual(reserved)=38146 MB  highWater=28040 MB
[GinkgoSolver] p-cache: reuse(update_matrix_value) solve=13 rebuildInterval=0
Schwarz(Jacobi)+Bicgstab:  Solving for omega, Initial residual = 0.00013495805453024262, Final residual = 6.4223876645538925e-06, No Iterations 2, Solve time = 85.081 ms
[GinkgoSolver] p-cache: reuse(update_matrix_value) solve=13 rebuildInterval=0
Schwarz(Jacobi)+Bicgstab:  Solving for k, Initial residual = 0.0003677355152418482, Final residual = 2.5902783322298593e-05, No Iterations 2, Solve time = 73.559 ms
[mem] after-turb: DEVICE_POOL current=22752 MB  actual(reserved)=38146 MB  highWater=28040 MB
ExecutionTime = 156.75 s  ClockTime = 157 s

Time = 14
[mem] step-start: DEVICE_POOL current=22752 MB  actual(reserved)=38146 MB  highWater=28040 MB
Schwarz(Jacobi)+Bicgstab:  Solving for Ux, Initial residual = 0.000205589020350521, Final residual = 1.3167636779607994e-05, No Iterations 4, Solve time = 279.236 ms
Schwarz(Jacobi)+Bicgstab:  Solving for Uy, Initial residual = 0.009265280952095936, Final residual = 0.0012606059622059856, No Iterations 4, Solve time = 279.236 ms
Schwarz(Jacobi)+Bicgstab:  Solving for Uz, Initial residual = 0.002088503905761542, Final residual = 0.00022687310600411916, No Iterations 4, Solve time = 279.236 ms
[mem] after-UEqn: DEVICE_POOL current=22752 MB  actual(reserved)=38146 MB  highWater=28040 MB
[GinkgoSolver] p-cache: reuse(update_matrix_value) solve=14 rebuildInterval=100
config(Cg+Schwarz(Multigrid)):  Solving for p, Initial residual = 0.009220798909399348, Final residual = 9.217360967696135e-05, No Iterations 95, Solve time = 2942.777 ms
time step continuity errors : sum local = 2.2967269324987448e-05, global = 7.270467715102508e-07, cumulative = 6.1356912737176025e-06
[mem] after-pEqn: DEVICE_POOL current=22752 MB  actual(reserved)=38146 MB  highWater=28040 MB
[GinkgoSolver] p-cache: reuse(update_matrix_value) solve=14 rebuildInterval=0
Schwarz(Jacobi)+Bicgstab:  Solving for omega, Initial residual = 0.00012045453046071682, Final residual = 5.876125531534806e-06, No Iterations 2, Solve time = 87.004 ms
[GinkgoSolver] p-cache: reuse(update_matrix_value) solve=14 rebuildInterval=0
Schwarz(Jacobi)+Bicgstab:  Solving for k, Initial residual = 0.0003602303583762716, Final residual = 2.914138835067444e-05, No Iterations 2, Solve time = 73.337 ms
[mem] after-turb: DEVICE_POOL current=22752 MB  actual(reserved)=38146 MB  highWater=28040 MB
ExecutionTime = 161.36 s  ClockTime = 162 s

Time = 15
[mem] step-start: DEVICE_POOL current=22752 MB  actual(reserved)=38146 MB  highWater=28040 MB
Schwarz(Jacobi)+Bicgstab:  Solving for Ux, Initial residual = 0.0001976578944515426, Final residual = 1.5241438820892127e-05, No Iterations 4, Solve time = 290.093 ms
Schwarz(Jacobi)+Bicgstab:  Solving for Uy, Initial residual = 0.008533637663284676, Final residual = 0.0005076904140645871, No Iterations 4, Solve time = 290.093 ms
Schwarz(Jacobi)+Bicgstab:  Solving for Uz, Initial residual = 0.0019394274324793465, Final residual = 0.00010379691282512338, No Iterations 4, Solve time = 290.093 ms
[mem] after-UEqn: DEVICE_POOL current=22752 MB  actual(reserved)=38146 MB  highWater=28040 MB
[GinkgoSolver] p-cache: reuse(update_matrix_value) solve=15 rebuildInterval=100
config(Cg+Schwarz(Multigrid)):  Solving for p, Initial residual = 0.008224330539036245, Final residual = 7.999665117521351e-05, No Iterations 83, Solve time = 2568.658 ms
time step continuity errors : sum local = 2.1636799008916326e-05, global = -8.212369713468205e-07, cumulative = 5.314454302370782e-06
[mem] after-pEqn: DEVICE_POOL current=22752 MB  actual(reserved)=38146 MB  highWater=28040 MB
[GinkgoSolver] p-cache: reuse(update_matrix_value) solve=15 rebuildInterval=0
Schwarz(Jacobi)+Bicgstab:  Solving for omega, Initial residual = 0.00010975091722572365, Final residual = 5.4223928917256325e-06, No Iterations 2, Solve time = 77.891 ms
[GinkgoSolver] p-cache: reuse(update_matrix_value) solve=15 rebuildInterval=0
Schwarz(Jacobi)+Bicgstab:  Solving for k, Initial residual = 0.0003546581812404996, Final residual = 9.505062718251057e-06, No Iterations 3, Solve time = 98.33 ms
[mem] after-turb: DEVICE_POOL current=22752 MB  actual(reserved)=38146 MB  highWater=28040 MB
ExecutionTime = 165.66 s  ClockTime = 166 s

Time = 16
[mem] step-start: DEVICE_POOL current=22752 MB  actual(reserved)=38146 MB  highWater=28040 MB
Schwarz(Jacobi)+Bicgstab:  Solving for Ux, Initial residual = 0.00019007948997912073, Final residual = 7.838384860802268e-06, No Iterations 4, Solve time = 287.684 ms
Schwarz(Jacobi)+Bicgstab:  Solving for Uy, Initial residual = 0.008134300971898547, Final residual = 0.0004266422407872165, No Iterations 4, Solve time = 287.684 ms
Schwarz(Jacobi)+Bicgstab:  Solving for Uz, Initial residual = 0.0018820811244029461, Final residual = 0.0002282796974368878, No Iterations 4, Solve time = 287.684 ms
[mem] after-UEqn: DEVICE_POOL current=22752 MB  actual(reserved)=38146 MB  highWater=28040 MB
[GinkgoSolver] p-cache: reuse(update_matrix_value) solve=16 rebuildInterval=100
config(Cg+Schwarz(Multigrid)):  Solving for p, Initial residual = 0.0076506649225599925, Final residual = 7.570772678259152e-05, No Iterations 74, Solve time = 2306.34 ms
time step continuity errors : sum local = 2.1554304895611007e-05, global = -1.107281296220043e-06, cumulative = 4.207173006150739e-06
[mem] after-pEqn: DEVICE_POOL current=22752 MB  actual(reserved)=38146 MB  highWater=28040 MB
[GinkgoSolver] p-cache: reuse(update_matrix_value) solve=16 rebuildInterval=0
Schwarz(Jacobi)+Bicgstab:  Solving for omega, Initial residual = 0.00010127051667708863, Final residual = 5.120496354444362e-06, No Iterations 2, Solve time = 88.696 ms
[GinkgoSolver] p-cache: reuse(update_matrix_value) solve=16 rebuildInterval=0
Schwarz(Jacobi)+Bicgstab:  Solving for k, Initial residual = 0.0003520622610963568, Final residual = 2.7408715131407138e-05, No Iterations 2, Solve time = 74.253 ms
[mem] after-turb: DEVICE_POOL current=22752 MB  actual(reserved)=38146 MB  highWater=28040 MB
ExecutionTime = 169.67 s  ClockTime = 170 s

Time = 17
[mem] step-start: DEVICE_POOL current=22752 MB  actual(reserved)=38146 MB  highWater=28040 MB
Schwarz(Jacobi)+Bicgstab:  Solving for Ux, Initial residual = 0.00018353794848042742, Final residual = 6.8437779854072734e-06, No Iterations 4, Solve time = 281.29 ms
Schwarz(Jacobi)+Bicgstab:  Solving for Uy, Initial residual = 0.007892452670542076, Final residual = 0.0006026365119540487, No Iterations 4, Solve time = 281.29 ms
Schwarz(Jacobi)+Bicgstab:  Solving for Uz, Initial residual = 0.0018135405558499936, Final residual = 9.40742704859247e-05, No Iterations 4, Solve time = 281.29 ms
[mem] after-UEqn: DEVICE_POOL current=22752 MB  actual(reserved)=38146 MB  highWater=28040 MB
[GinkgoSolver] p-cache: reuse(update_matrix_value) solve=17 rebuildInterval=100
config(Cg+Schwarz(Multigrid)):  Solving for p, Initial residual = 0.007248216007488784, Final residual = 6.981623467764756e-05, No Iterations 72, Solve time = 2243.889 ms
time step continuity errors : sum local = 2.0536566430274996e-05, global = -7.808795095613917e-07, cumulative = 3.4262934965893467e-06
[mem] after-pEqn: DEVICE_POOL current=22752 MB  actual(reserved)=38146 MB  highWater=28040 MB
[GinkgoSolver] p-cache: reuse(update_matrix_value) solve=17 rebuildInterval=0
Schwarz(Jacobi)+Bicgstab:  Solving for omega, Initial residual = 9.431344340670499e-05, Final residual = 4.806522760523825e-06, No Iterations 2, Solve time = 88.008 ms
[GinkgoSolver] p-cache: reuse(update_matrix_value) solve=17 rebuildInterval=0
Schwarz(Jacobi)+Bicgstab:  Solving for k, Initial residual = 0.0003502074171558593, Final residual = 8.389060721570852e-06, No Iterations 3, Solve time = 97.674 ms
[mem] after-turb: DEVICE_POOL current=22752 MB  actual(reserved)=38146 MB  highWater=28040 MB
ExecutionTime = 173.61 s  ClockTime = 174 s

Time = 18
[mem] step-start: DEVICE_POOL current=22752 MB  actual(reserved)=38146 MB  highWater=28040 MB
Schwarz(Jacobi)+Bicgstab:  Solving for Ux, Initial residual = 0.00017586438525766198, Final residual = 6.558397449099442e-06, No Iterations 4, Solve time = 294.715 ms
Schwarz(Jacobi)+Bicgstab:  Solving for Uy, Initial residual = 0.007615759459030431, Final residual = 0.00031835437142753686, No Iterations 4, Solve time = 294.715 ms
Schwarz(Jacobi)+Bicgstab:  Solving for Uz, Initial residual = 0.001740485703195724, Final residual = 7.436687183902434e-05, No Iterations 4, Solve time = 294.715 ms
[mem] after-UEqn: DEVICE_POOL current=22752 MB  actual(reserved)=38146 MB  highWater=28040 MB
[GinkgoSolver] p-cache: reuse(update_matrix_value) solve=18 rebuildInterval=100
config(Cg+Schwarz(Multigrid)):  Solving for p, Initial residual = 0.006967354012518876, Final residual = 6.596560594854322e-05, No Iterations 75, Solve time = 2335.152 ms
time step continuity errors : sum local = 1.980344047269617e-05, global = 3.323832527321809e-07, cumulative = 3.7586767493215277e-06
[mem] after-pEqn: DEVICE_POOL current=22752 MB  actual(reserved)=38146 MB  highWater=28040 MB
[GinkgoSolver] p-cache: reuse(update_matrix_value) solve=18 rebuildInterval=0
Schwarz(Jacobi)+Bicgstab:  Solving for omega, Initial residual = 8.820702571673545e-05, Final residual = 4.6001675236649095e-06, No Iterations 2, Solve time = 88.191 ms
[GinkgoSolver] p-cache: reuse(update_matrix_value) solve=18 rebuildInterval=0
Schwarz(Jacobi)+Bicgstab:  Solving for k, Initial residual = 0.0003502355204598898, Final residual = 3.213859980217094e-05, No Iterations 2, Solve time = 74.023 ms
[mem] after-turb: DEVICE_POOL current=22752 MB  actual(reserved)=38146 MB  highWater=28040 MB
ExecutionTime = 177.65 s  ClockTime = 178 s

Time = 19
[mem] step-start: DEVICE_POOL current=22752 MB  actual(reserved)=38146 MB  highWater=28040 MB
Schwarz(Jacobi)+Bicgstab:  Solving for Ux, Initial residual = 0.000168410531886125, Final residual = 1.316577627587794e-05, No Iterations 3, Solve time = 242.007 ms
Schwarz(Jacobi)+Bicgstab:  Solving for Uy, Initial residual = 0.0073892167911589, Final residual = 0.0006456432087745239, No Iterations 3, Solve time = 242.007 ms
Schwarz(Jacobi)+Bicgstab:  Solving for Uz, Initial residual = 0.001698375685962792, Final residual = 0.00016162832160513933, No Iterations 3, Solve time = 242.007 ms
[mem] after-UEqn: DEVICE_POOL current=22752 MB  actual(reserved)=38146 MB  highWater=28040 MB
[GinkgoSolver] p-cache: reuse(update_matrix_value) solve=19 rebuildInterval=100
config(Cg+Schwarz(Multigrid)):  Solving for p, Initial residual = 0.006720234217802056, Final residual = 6.250884473176859e-05, No Iterations 75, Solve time = 2333.675 ms
time step continuity errors : sum local = 1.905338856936089e-05, global = 1.225335113581011e-06, cumulative = 4.984011862902538e-06
[mem] after-pEqn: DEVICE_POOL current=22752 MB  actual(reserved)=38146 MB  highWater=28040 MB
[GinkgoSolver] p-cache: reuse(update_matrix_value) solve=19 rebuildInterval=0
Schwarz(Jacobi)+Bicgstab:  Solving for omega, Initial residual = 8.317934892665645e-05, Final residual = 4.398577468052444e-06, No Iterations 2, Solve time = 78.803 ms
[GinkgoSolver] p-cache: reuse(update_matrix_value) solve=19 rebuildInterval=0
Schwarz(Jacobi)+Bicgstab:  Solving for k, Initial residual = 0.0003503807120586756, Final residual = 8.619142573335165e-06, No Iterations 3, Solve time = 97.212 ms
[mem] after-turb: DEVICE_POOL current=22752 MB  actual(reserved)=38146 MB  highWater=28040 MB
ExecutionTime = 181.65 s  ClockTime = 182 s

Time = 20
[mem] step-start: DEVICE_POOL current=22752 MB  actual(reserved)=38146 MB  highWater=28040 MB
Schwarz(Jacobi)+Bicgstab:  Solving for Ux, Initial residual = 0.00016277165639832857, Final residual = 6.68433146328624e-06, No Iterations 4, Solve time = 280.417 ms
Schwarz(Jacobi)+Bicgstab:  Solving for Uy, Initial residual = 0.007288587383360839, Final residual = 0.00043396786889868613, No Iterations 4, Solve time = 280.417 ms
Schwarz(Jacobi)+Bicgstab:  Solving for Uz, Initial residual = 0.0016985585668530504, Final residual = 0.00017150998543024817, No Iterations 4, Solve time = 280.417 ms
[mem] after-UEqn: DEVICE_POOL current=22752 MB  actual(reserved)=38146 MB  highWater=28040 MB
[GinkgoSolver] p-cache: reuse(update_matrix_value) solve=20 rebuildInterval=100
config(Cg+Schwarz(Multigrid)):  Solving for p, Initial residual = 0.006503014716697291, Final residual = 6.378011884838222e-05, No Iterations 73, Solve time = 2274.496 ms
time step continuity errors : sum local = 1.9665291432543112e-05, global = 1.6383694560608447e-06, cumulative = 6.622381318963383e-06
[mem] after-pEqn: DEVICE_POOL current=22752 MB  actual(reserved)=38146 MB  highWater=28040 MB
[GinkgoSolver] p-cache: reuse(update_matrix_value) solve=20 rebuildInterval=0
Schwarz(Jacobi)+Bicgstab:  Solving for omega, Initial residual = 7.807956028343793e-05, Final residual = 4.1991683551158665e-06, No Iterations 2, Solve time = 87.757 ms
[GinkgoSolver] p-cache: reuse(update_matrix_value) solve=20 rebuildInterval=0
Schwarz(Jacobi)+Bicgstab:  Solving for k, Initial residual = 0.00035062268538927504, Final residual = 8.272085093350785e-06, No Iterations 3, Solve time = 97.341 ms
[mem] after-turb: DEVICE_POOL current=22752 MB  actual(reserved)=38146 MB  highWater=28040 MB
ExecutionTime = 185.64 s  ClockTime = 186 s

Time = 21
[mem] step-start: DEVICE_POOL current=22752 MB  actual(reserved)=38146 MB  highWater=28040 MB
Schwarz(Jacobi)+Bicgstab:  Solving for Ux, Initial residual = 0.00015850794519348113, Final residual = 1.9338965208368875e-05, No Iterations 4, Solve time = 287.205 ms
Schwarz(Jacobi)+Bicgstab:  Solving for Uy, Initial residual = 0.007259677292824777, Final residual = 0.0003117097796272057, No Iterations 4, Solve time = 287.205 ms
Schwarz(Jacobi)+Bicgstab:  Solving for Uz, Initial residual = 0.0017210956454964616, Final residual = 7.710151555395266e-05, No Iterations 4, Solve time = 287.205 ms
[mem] after-UEqn: DEVICE_POOL current=22752 MB  actual(reserved)=38146 MB  highWater=28040 MB
[GinkgoSolver] p-cache: reuse(update_matrix_value) solve=21 rebuildInterval=100
config(Cg+Schwarz(Multigrid)):  Solving for p, Initial residual = 0.0063057106448436, Final residual = 6.0479102981853725e-05, No Iterations 71, Solve time = 2210.887 ms
time step continuity errors : sum local = 1.8828382866560782e-05, global = 1.6447259307040404e-06, cumulative = 8.267107249667423e-06
[mem] after-pEqn: DEVICE_POOL current=22752 MB  actual(reserved)=38146 MB  highWater=28040 MB
[GinkgoSolver] p-cache: reuse(update_matrix_value) solve=21 rebuildInterval=0
Schwarz(Jacobi)+Bicgstab:  Solving for omega, Initial residual = 7.35795875657912e-05, Final residual = 4.0096106495781784e-06, No Iterations 2, Solve time = 88.18 ms
[GinkgoSolver] p-cache: reuse(update_matrix_value) solve=21 rebuildInterval=0
Schwarz(Jacobi)+Bicgstab:  Solving for k, Initial residual = 0.00035117004659336533, Final residual = 8.361303350937406e-06, No Iterations 3, Solve time = 97.981 ms
[mem] after-turb: DEVICE_POOL current=22752 MB  actual(reserved)=38146 MB  highWater=28040 MB
ExecutionTime = 189.58 s  ClockTime = 190 s

Time = 22
[mem] step-start: DEVICE_POOL current=22752 MB  actual(reserved)=38146 MB  highWater=28040 MB
Schwarz(Jacobi)+Bicgstab:  Solving for Ux, Initial residual = 0.0001560746241195433, Final residual = 1.135384352336523e-05, No Iterations 3, Solve time = 228.014 ms
Schwarz(Jacobi)+Bicgstab:  Solving for Uy, Initial residual = 0.007207931748855787, Final residual = 0.0006083847351050435, No Iterations 3, Solve time = 228.014 ms
Schwarz(Jacobi)+Bicgstab:  Solving for Uz, Initial residual = 0.00174330337760816, Final residual = 0.0001524100167152944, No Iterations 3, Solve time = 228.014 ms
[mem] after-UEqn: DEVICE_POOL current=22752 MB  actual(reserved)=38146 MB  highWater=28040 MB
[GinkgoSolver] p-cache: reuse(update_matrix_value) solve=22 rebuildInterval=100
config(Cg+Schwarz(Multigrid)):  Solving for p, Initial residual = 0.006122581078627252, Final residual = 5.992396306079543e-05, No Iterations 65, Solve time = 2030.741 ms
time step continuity errors : sum local = 1.884530168069258e-05, global = 1.268326043094805e-06, cumulative = 9.535433292762227e-06
[mem] after-pEqn: DEVICE_POOL current=22752 MB  actual(reserved)=38146 MB  highWater=28040 MB
[GinkgoSolver] p-cache: reuse(update_matrix_value) solve=22 rebuildInterval=0
Schwarz(Jacobi)+Bicgstab:  Solving for omega, Initial residual = 6.97303324558205e-05, Final residual = 3.8680995622844576e-06, No Iterations 2, Solve time = 88.441 ms
[GinkgoSolver] p-cache: reuse(update_matrix_value) solve=22 rebuildInterval=0
Schwarz(Jacobi)+Bicgstab:  Solving for k, Initial residual = 0.00035410673911455615, Final residual = 8.567973690927161e-06, No Iterations 3, Solve time = 97.518 ms
[mem] after-turb: DEVICE_POOL current=22752 MB  actual(reserved)=38146 MB  highWater=28040 MB
ExecutionTime = 193.26 s  ClockTime = 194 s

Time = 23
[mem] step-start: DEVICE_POOL current=22752 MB  actual(reserved)=38146 MB  highWater=28040 MB
Schwarz(Jacobi)+Bicgstab:  Solving for Ux, Initial residual = 0.00015396202862623035, Final residual = 1.414566902862839e-05, No Iterations 3, Solve time = 221.679 ms
Schwarz(Jacobi)+Bicgstab:  Solving for Uy, Initial residual = 0.007105896181031542, Final residual = 0.0005667365356309689, No Iterations 3, Solve time = 221.679 ms
Schwarz(Jacobi)+Bicgstab:  Solving for Uz, Initial residual = 0.0017567337742010183, Final residual = 0.0001445739708754732, No Iterations 3, Solve time = 221.679 ms
[mem] after-UEqn: DEVICE_POOL current=22752 MB  actual(reserved)=38146 MB  highWater=28040 MB
[GinkgoSolver] p-cache: reuse(update_matrix_value) solve=23 rebuildInterval=100
config(Cg+Schwarz(Multigrid)):  Solving for p, Initial residual = 0.0059970501567981355, Final residual = 5.9517975463308265e-05, No Iterations 37, Solve time = 1175.663 ms
time step continuity errors : sum local = 1.8854101412884556e-05, global = 8.380844196170875e-07, cumulative = 1.0373517712379315e-05
[mem] after-pEqn: DEVICE_POOL current=22752 MB  actual(reserved)=38146 MB  highWater=28040 MB
[GinkgoSolver] p-cache: reuse(update_matrix_value) solve=23 rebuildInterval=0
Schwarz(Jacobi)+Bicgstab:  Solving for omega, Initial residual = 6.620333134797032e-05, Final residual = 3.725583544847465e-06, No Iterations 2, Solve time = 87.753 ms
[GinkgoSolver] p-cache: reuse(update_matrix_value) solve=23 rebuildInterval=0
Schwarz(Jacobi)+Bicgstab:  Solving for k, Initial residual = 0.00035641331963700944, Final residual = 8.740643717912758e-06, No Iterations 3, Solve time = 97.3 ms
[mem] after-turb: DEVICE_POOL current=22752 MB  actual(reserved)=38146 MB  highWater=28040 MB
ExecutionTime = 196.1 s  ClockTime = 196 s

Time = 24
[mem] step-start: DEVICE_POOL current=22752 MB  actual(reserved)=38146 MB  highWater=28040 MB
Schwarz(Jacobi)+Bicgstab:  Solving for Ux, Initial residual = 0.00015158675436378636, Final residual = 1.0236414305445325e-05, No Iterations 3, Solve time = 239.875 ms
Schwarz(Jacobi)+Bicgstab:  Solving for Uy, Initial residual = 0.006946630357492917, Final residual = 0.0005345680707230723, No Iterations 3, Solve time = 239.875 ms
Schwarz(Jacobi)+Bicgstab:  Solving for Uz, Initial residual = 0.0017544990666478692, Final residual = 0.00013976329799238746, No Iterations 3, Solve time = 239.875 ms
[mem] after-UEqn: DEVICE_POOL current=22752 MB  actual(reserved)=38146 MB  highWater=28040 MB
[GinkgoSolver] p-cache: reuse(update_matrix_value) solve=24 rebuildInterval=100
config(Cg+Schwarz(Multigrid)):  Solving for p, Initial residual = 0.005945789652329671, Final residual = 5.941322234273508e-05, No Iterations 38, Solve time = 1207.491 ms
time step continuity errors : sum local = 1.8741948521605778e-05, global = 9.444988651719778e-07, cumulative = 1.1318016577551292e-05
[mem] after-pEqn: DEVICE_POOL current=22752 MB  actual(reserved)=38146 MB  highWater=28040 MB
[GinkgoSolver] p-cache: reuse(update_matrix_value) solve=24 rebuildInterval=0
Schwarz(Jacobi)+Bicgstab:  Solving for omega, Initial residual = 6.301071302737749e-05, Final residual = 3.5859433886194133e-06, No Iterations 2, Solve time = 87.356 ms
[GinkgoSolver] p-cache: reuse(update_matrix_value) solve=24 rebuildInterval=0
Schwarz(Jacobi)+Bicgstab:  Solving for k, Initial residual = 0.00035986518998600405, Final residual = 8.850948960926757e-06, No Iterations 3, Solve time = 97.025 ms
[mem] after-turb: DEVICE_POOL current=22752 MB  actual(reserved)=38146 MB  highWater=28040 MB
ExecutionTime = 198.98 s  ClockTime = 199 s

Time = 25
[mem] step-start: DEVICE_POOL current=22752 MB  actual(reserved)=38146 MB  highWater=28040 MB
Schwarz(Jacobi)+Bicgstab:  Solving for Ux, Initial residual = 0.00014944659228565844, Final residual = 9.806976275241305e-06, No Iterations 3, Solve time = 234.615 ms
Schwarz(Jacobi)+Bicgstab:  Solving for Uy, Initial residual = 0.006775204897435126, Final residual = 0.0005057019715607873, No Iterations 3, Solve time = 234.615 ms
Schwarz(Jacobi)+Bicgstab:  Solving for Uz, Initial residual = 0.0017482176064769726, Final residual = 0.00013785397071773155, No Iterations 3, Solve time = 234.615 ms
[mem] after-UEqn: DEVICE_POOL current=22752 MB  actual(reserved)=38146 MB  highWater=28040 MB
[GinkgoSolver] p-cache: reuse(update_matrix_value) solve=25 rebuildInterval=100
config(Cg+Schwarz(Multigrid)):  Solving for p, Initial residual = 0.005874190777136608, Final residual = 5.846607155038948e-05, No Iterations 38, Solve time = 1206.698 ms
time step continuity errors : sum local = 1.8413770948120127e-05, global = 1.0976485510905274e-06, cumulative = 1.2415665128641819e-05
[mem] after-pEqn: DEVICE_POOL current=22752 MB  actual(reserved)=38146 MB  highWater=28040 MB
[GinkgoSolver] p-cache: reuse(update_matrix_value) solve=25 rebuildInterval=0
Schwarz(Jacobi)+Bicgstab:  Solving for omega, Initial residual = 6.0160464146782186e-05, Final residual = 3.445992275007663e-06, No Iterations 2, Solve time = 77.515 ms
[GinkgoSolver] p-cache: reuse(update_matrix_value) solve=25 rebuildInterval=0
Schwarz(Jacobi)+Bicgstab:  Solving for k, Initial residual = 0.00036316700850607715, Final residual = 8.990492788542415e-06, No Iterations 3, Solve time = 97.619 ms
[mem] after-turb: DEVICE_POOL current=22752 MB  actual(reserved)=38146 MB  highWater=28040 MB
ExecutionTime = 201.85 s  ClockTime = 202 s

Time = 26
[mem] step-start: DEVICE_POOL current=22752 MB  actual(reserved)=38146 MB  highWater=28040 MB
Schwarz(Jacobi)+Bicgstab:  Solving for Ux, Initial residual = 0.0001471006778716995, Final residual = 1.4306412670576837e-05, No Iterations 3, Solve time = 219.713 ms
Schwarz(Jacobi)+Bicgstab:  Solving for Uy, Initial residual = 0.006621573535757445, Final residual = 0.00048436354263211006, No Iterations 3, Solve time = 219.713 ms
Schwarz(Jacobi)+Bicgstab:  Solving for Uz, Initial residual = 0.0017460770454079024, Final residual = 0.00013802513670375547, No Iterations 3, Solve time = 219.713 ms
[mem] after-UEqn: DEVICE_POOL current=22752 MB  actual(reserved)=38146 MB  highWater=28040 MB
[GinkgoSolver] p-cache: reuse(update_matrix_value) solve=26 rebuildInterval=100
config(Cg+Schwarz(Multigrid)):  Solving for p, Initial residual = 0.0057932986026552865, Final residual = 5.767634615925777e-05, No Iterations 40, Solve time = 1264.466 ms
time step continuity errors : sum local = 1.8160216484940365e-05, global = 1.2756886580347708e-06, cumulative = 1.369135378667659e-05
[mem] after-pEqn: DEVICE_POOL current=22752 MB  actual(reserved)=38146 MB  highWater=28040 MB
[GinkgoSolver] p-cache: reuse(update_matrix_value) solve=26 rebuildInterval=0
Schwarz(Jacobi)+Bicgstab:  Solving for omega, Initial residual = 5.766264691155226e-05, Final residual = 3.3417982746257424e-06, No Iterations 2, Solve time = 78.337 ms
bounding omega, min: -53000.26045361581 max: 45356131.96210446 average: 7144.654990963832
[GinkgoSolver] p-cache: reuse(update_matrix_value) solve=26 rebuildInterval=0
Schwarz(Jacobi)+Bicgstab:  Solving for k, Initial residual = 0.00036717017435685474, Final residual = 9.253752047363768e-06, No Iterations 3, Solve time = 96.547 ms
[mem] after-turb: DEVICE_POOL current=22752 MB  actual(reserved)=38146 MB  highWater=28040 MB
ExecutionTime = 204.78 s  ClockTime = 205 s

Time = 27
[mem] step-start: DEVICE_POOL current=22752 MB  actual(reserved)=38146 MB  highWater=28040 MB
Schwarz(Jacobi)+Bicgstab:  Solving for Ux, Initial residual = 0.00014457615015387508, Final residual = 9.425677409675393e-06, No Iterations 3, Solve time = 231.013 ms
Schwarz(Jacobi)+Bicgstab:  Solving for Uy, Initial residual = 0.006485121391170471, Final residual = 0.0004669598236742713, No Iterations 3, Solve time = 231.013 ms
Schwarz(Jacobi)+Bicgstab:  Solving for Uz, Initial residual = 0.0017484672034556643, Final residual = 0.00013978706831187072, No Iterations 3, Solve time = 231.013 ms
[mem] after-UEqn: DEVICE_POOL current=22752 MB  actual(reserved)=38146 MB  highWater=28040 MB
[GinkgoSolver] p-cache: reuse(update_matrix_value) solve=27 rebuildInterval=100
config(Cg+Schwarz(Multigrid)):  Solving for p, Initial residual = 0.005700669156875995, Final residual = 5.6639697706723204e-05, No Iterations 40, Solve time = 1266.173 ms
time step continuity errors : sum local = 1.7833528354718602e-05, global = 1.377103425496674e-06, cumulative = 1.5068457212173265e-05
[mem] after-pEqn: DEVICE_POOL current=22752 MB  actual(reserved)=38146 MB  highWater=28040 MB
[GinkgoSolver] p-cache: reuse(update_matrix_value) solve=27 rebuildInterval=0
Schwarz(Jacobi)+Bicgstab:  Solving for omega, Initial residual = 5.541523757657102e-05, Final residual = 3.246989002767072e-06, No Iterations 2, Solve time = 86.761 ms
[GinkgoSolver] p-cache: reuse(update_matrix_value) solve=27 rebuildInterval=0
Schwarz(Jacobi)+Bicgstab:  Solving for k, Initial residual = 0.00037210378665241144, Final residual = 9.797469949827682e-06, No Iterations 3, Solve time = 97.99 ms
[mem] after-turb: DEVICE_POOL current=22752 MB  actual(reserved)=38146 MB  highWater=28040 MB
ExecutionTime = 207.7 s  ClockTime = 208 s

Time = 28
[mem] step-start: DEVICE_POOL current=22752 MB  actual(reserved)=38146 MB  highWater=28040 MB
Schwarz(Jacobi)+Bicgstab:  Solving for Ux, Initial residual = 0.00014225304453227114, Final residual = 1.2046678232279501e-05, No Iterations 3, Solve time = 236.813 ms
Schwarz(Jacobi)+Bicgstab:  Solving for Uy, Initial residual = 0.006359664134141534, Final residual = 0.0004568103901806049, No Iterations 3, Solve time = 236.813 ms
Schwarz(Jacobi)+Bicgstab:  Solving for Uz, Initial residual = 0.0017527387914926344, Final residual = 0.0001402392677396312, No Iterations 3, Solve time = 236.813 ms
[mem] after-UEqn: DEVICE_POOL current=22752 MB  actual(reserved)=38146 MB  highWater=28040 MB
[GinkgoSolver] p-cache: reuse(update_matrix_value) solve=28 rebuildInterval=100
config(Cg+Schwarz(Multigrid)):  Solving for p, Initial residual = 0.005627607099636631, Final residual = 5.55652286081942e-05, No Iterations 43, Solve time = 1359.917 ms
time step continuity errors : sum local = 1.74579380515302e-05, global = 1.2577318001403426e-06, cumulative = 1.632618901231361e-05
[mem] after-pEqn: DEVICE_POOL current=22752 MB  actual(reserved)=38146 MB  highWater=28040 MB
[GinkgoSolver] p-cache: reuse(update_matrix_value) solve=28 rebuildInterval=0
Schwarz(Jacobi)+Bicgstab:  Solving for omega, Initial residual = 5.34439182232104e-05, Final residual = 3.165150761108006e-06, No Iterations 2, Solve time = 88.122 ms
[GinkgoSolver] p-cache: reuse(update_matrix_value) solve=28 rebuildInterval=0
Schwarz(Jacobi)+Bicgstab:  Solving for k, Initial residual = 0.00037684008003372946, Final residual = 9.675627247064445e-06, No Iterations 3, Solve time = 97.568 ms
[mem] after-turb: DEVICE_POOL current=22752 MB  actual(reserved)=38146 MB  highWater=28040 MB
ExecutionTime = 210.72 s  ClockTime = 211 s

Time = 29
[mem] step-start: DEVICE_POOL current=22752 MB  actual(reserved)=38146 MB  highWater=28040 MB
Schwarz(Jacobi)+Bicgstab:  Solving for Ux, Initial residual = 0.00013962685124774702, Final residual = 1.0600288690397558e-05, No Iterations 3, Solve time = 229.038 ms
Schwarz(Jacobi)+Bicgstab:  Solving for Uy, Initial residual = 0.006245577803464413, Final residual = 0.0004469605904801085, No Iterations 3, Solve time = 229.038 ms
Schwarz(Jacobi)+Bicgstab:  Solving for Uz, Initial residual = 0.0017562252415140648, Final residual = 0.00013884302163549617, No Iterations 3, Solve time = 229.038 ms
[mem] after-UEqn: DEVICE_POOL current=22752 MB  actual(reserved)=38146 MB  highWater=28040 MB
[GinkgoSolver] p-cache: reuse(update_matrix_value) solve=29 rebuildInterval=100
config(Cg+Schwarz(Multigrid)):  Solving for p, Initial residual = 0.005564891922420333, Final residual = 5.380098533526945e-05, No Iterations 59, Solve time = 1850.481 ms
time step continuity errors : sum local = 1.6815056406069083e-05, global = -4.632450640509357e-07, cumulative = 1.5862943948262672e-05
[mem] after-pEqn: DEVICE_POOL current=22752 MB  actual(reserved)=38146 MB  highWater=28040 MB
[GinkgoSolver] p-cache: reuse(update_matrix_value) solve=29 rebuildInterval=0
Schwarz(Jacobi)+Bicgstab:  Solving for omega, Initial residual = 5.186241256966025e-05, Final residual = 3.1076138791554045e-06, No Iterations 2, Solve time = 87.352 ms
bounding omega, min: -539.5092207501136 max: 45356042.45619895 average: 7213.472967352565
[GinkgoSolver] p-cache: reuse(update_matrix_value) solve=29 rebuildInterval=0
Schwarz(Jacobi)+Bicgstab:  Solving for k, Initial residual = 0.0003831634250106073, Final residual = 9.874987208269166e-06, No Iterations 3, Solve time = 100.559 ms
[mem] after-turb: DEVICE_POOL current=22752 MB  actual(reserved)=38146 MB  highWater=28040 MB
ExecutionTime = 214.23 s  ClockTime = 215 s

Time = 30
[mem] step-start: DEVICE_POOL current=22752 MB  actual(reserved)=38146 MB  highWater=28040 MB
Schwarz(Jacobi)+Bicgstab:  Solving for Ux, Initial residual = 0.0001369465579970063, Final residual = 5.373289755722604e-06, No Iterations 4, Solve time = 294.336 ms
Schwarz(Jacobi)+Bicgstab:  Solving for Uy, Initial residual = 0.006160807712867488, Final residual = 0.0005969620664615303, No Iterations 4, Solve time = 294.336 ms
Schwarz(Jacobi)+Bicgstab:  Solving for Uz, Initial residual = 0.001758616245006633, Final residual = 6.553342672863451e-05, No Iterations 4, Solve time = 294.336 ms
[mem] after-UEqn: DEVICE_POOL current=22752 MB  actual(reserved)=38146 MB  highWater=28040 MB
[GinkgoSolver] p-cache: reuse(update_matrix_value) solve=30 rebuildInterval=100
config(Cg+Schwarz(Multigrid)):  Solving for p, Initial residual = 0.005556545950196695, Final residual = 5.340242085318957e-05, No Iterations 64, Solve time = 1999.725 ms
time step continuity errors : sum local = 1.641526283996543e-05, global = -1.3668733131320531e-06, cumulative = 1.449607063513062e-05
[mem] after-pEqn: DEVICE_POOL current=22752 MB  actual(reserved)=38146 MB  highWater=28040 MB
[GinkgoSolver] p-cache: reuse(update_matrix_value) solve=30 rebuildInterval=0
Schwarz(Jacobi)+Bicgstab:  Solving for omega, Initial residual = 5.081517949301171e-05, Final residual = 3.0567400020932714e-06, No Iterations 2, Solve time = 87.473 ms
bounding omega, min: -54.39772461207059 max: 45356086.782184884 average: 7233.356964047106
[GinkgoSolver] p-cache: reuse(update_matrix_value) solve=30 rebuildInterval=0
Schwarz(Jacobi)+Bicgstab:  Solving for k, Initial residual = 0.00039083769482447264, Final residual = 1.0211734969382275e-05, No Iterations 3, Solve time = 97.238 ms
[mem] after-turb: DEVICE_POOL current=22752 MB  actual(reserved)=38146 MB  highWater=28040 MB
Writing p
Writing U
Writing turbulence variables
ExecutionTime = 218.76 s  ClockTime = 220 s

Finalizing NeoN
Finalising parallel run
