/*---------------------------------------------------------------------------*\
| =========                 |                                                 |
| \\      /  F ield         | OpenFOAM: The Open Source CFD Toolbox           |
|  \\    /   O peration     | Version:  2506                                  |
|   \\  /    A nd           | Website:  www.openfoam.com                      |
|    \\/     M anipulation  |                                                 |
\*---------------------------------------------------------------------------*/
Build  : b050cd9480-20250814 OPENFOAM=2506 version=v2506
Arch   : "LSB;label=32;scalar=64"
Exec   : /storage/home/greole/code/NeoFOAM/build/profilingnvidia_h200/bin/neoSimpleFoam -parallel
Date   : Jul 01 2026
Time   : 11:55:21
Host   : gpu-nvidia-h200-1.int.coma-cluster.de
PID    : 2470797
I/O    : uncollated
Case   : /storage/home/greole/code/NeoFOAM/occDrivAerStaticMesh
nProcs : 4
Hosts  :
(
    (gpu-nvidia-h200-1.int.coma-cluster.de 4)
)
Pstream initialized with:
    node communication : off [type=host] (4 ranks, 1 nodes)
    topology controls  : none
    consensus exchange : 0 (tuning: 0)
    exchange algorithm : 0
    commsType          : nonBlocking
    polling iterations : 0
trapFpe: Floating point exception trapping enabled (FOAM_SIGFPE).
fileModificationChecking : Monitoring run-time modified files using timeStampMaster (fileModificationSkew 5, maxFileModificationPolls 20)
allowSystemOperations : Allowing user-supplied system call operations

// * * * * * * * * * * * * * * * * * * * * * * * * * * * * * * * * * * * * * //
Create time

Initializing NeoN
Creating Executor GPU
Creating NeoFOAM runTime

SIMPLE: no convergence criteria found. Calculations will run for 30 steps.

Reading field p

Reading field U

Reading/calculating face flux field phi

Selecting incompressible transport model Newtonian
NeoFOAM solver config (from fvSolution configFile) for 'config(Cg+Schwarz(Multigrid))':
{
    cacheSolver: true
    configFile: <NeoN::TokenList>
    l1ScaledResidual: true
    preconditionerRebuildInterval: 100
    relTol: 0.010000
    reportName: config(Cg+Schwarz(Multigrid))
    solver: Ginkgo
    tolerance: 0.000000
}
    effective optimize: false
    effective checkFrequency: 1
Mapping OpenFOAM solver settings to NeoN settings.
Currently, it is advisable to specify a configFile
for fine grained Ginkgo solver control

Replacing solver PBiCGStab by solver::Bicgstab
Replacing preconditioner diagonal by preconditioner::Schwarz (Schwarz-wrapped for distributed run)
NeoFOAM solver config (mapped from fvSolution) for 'Schwarz(Jacobi)+Bicgstab':
{
    cacheSolver: true
    criteria: {
        absolute_residual_norm: 0.000000
        initial_residual_norm: 0.100000
        iteration: 1000
    }
    l1ScaledResidual: true
    optimize: true
    preconditioner: {
        local_solver: {
            max_block_size: 1
            type: preconditioner::Jacobi
        }
        type: preconditioner::Schwarz
    }
    reportName: Schwarz(Jacobi)+Bicgstab
    solver: Ginkgo
    type: solver::Bicgstab
}
    effective optimize: true
    effective checkFrequency: 1
Creating phi

[NF][/storage/home/greole/code/NeoFOAM/include/NeoFOAM/auxiliary/readers.hpp::434]: Internal: 49333487, Boundary: 1754396

[NF][/storage/home/greole/code/NeoFOAM/include/NeoFOAM/auxiliary/readers.hpp::434]: Internal: 49320882, Boundary: 1762558

[NF][/storage/home/greole/code/NeoFOAM/include/NeoFOAM/auxiliary/readers.hpp::434]: Internal: 49261542, Boundary: 1427829

[NF][/storage/home/greole/code/NeoFOAM/include/NeoFOAM/auxiliary/readers.hpp::434]: Internal: 49243125, Boundary: 1362247
Selecting patchDistMethod meshWave
Mapping OpenFOAM solver settings to NeoN settings.
Currently, it is advisable to specify a configFile
for fine grained Ginkgo solver control

Replacing solver PBiCGStab by solver::Bicgstab
Replacing preconditioner diagonal by preconditioner::Schwarz (Schwarz-wrapped for distributed run)
NeoFOAM solver config (mapped from fvSolution) for 'Schwarz(Jacobi)+Bicgstab':
{
    cacheSolver: true
    criteria: {
        absolute_residual_norm: 0.000000
        initial_residual_norm: 0.100000
        iteration: 1000
    }
    l1ScaledResidual: true
    optimize: true
    preconditioner: {
        local_solver: {
            max_block_size: 1
            type: preconditioner::Jacobi
        }
        type: preconditioner::Schwarz
    }
    reportName: Schwarz(Jacobi)+Bicgstab
    solver: Ginkgo
    type: solver::Bicgstab
}
    effective optimize: true
    effective checkFrequency: 1
Mapping OpenFOAM solver settings to NeoN settings.
Currently, it is advisable to specify a configFile
for fine grained Ginkgo solver control

Replacing solver PBiCGStab by solver::Bicgstab
Replacing preconditioner diagonal by preconditioner::Schwarz (Schwarz-wrapped for distributed run)
NeoFOAM solver config (mapped from fvSolution) for 'Schwarz(Jacobi)+Bicgstab':
{
    cacheSolver: true
    criteria: {
        absolute_residual_norm: 0.000000
        initial_residual_norm: 0.100000
        iteration: 1000
    }
    l1ScaledResidual: true
    optimize: true
    preconditioner: {
        local_solver: {
            max_block_size: 1
            type: preconditioner::Jacobi
        }
        type: preconditioner::Schwarz
    }
    reportName: Schwarz(Jacobi)+Bicgstab
    solver: Ginkgo
    type: solver::Bicgstab
}
    effective optimize: true
    effective checkFrequency: 1
Starting time loop
Time = 1
[mem] step-start: DEVICE_POOL current=16605 MB  actual(reserved)=38146 MB  highWater=19132 MB
Schwarz(Jacobi)+Bicgstab:  Solving for Ux, Initial residual = 0.0019488956619707627, Final residual = 0.00023894144922256553, No Iterations 3, Solve time = 245.804 ms
Schwarz(Jacobi)+Bicgstab:  Solving for Uy, Initial residual = 0.16486889729307713, Final residual = 0.008211417725346403, No Iterations 3, Solve time = 245.804 ms
Schwarz(Jacobi)+Bicgstab:  Solving for Uz, Initial residual = 0.1047839942030142, Final residual = 0.004988130416337743, No Iterations 3, Solve time = 245.804 ms
[mem] after-UEqn: DEVICE_POOL current=19099 MB  actual(reserved)=38146 MB  highWater=24387 MB
[GinkgoSolver] p-cache: rebuild(generate) solve=1 rebuildInterval=100
config(Cg+Schwarz(Multigrid)):  Solving for p, Initial residual = 1, Final residual = 0.009999112388668501, No Iterations 122, Solve time = 3955.618 ms
time step continuity errors : sum local = 6.677533991523898e-05, global = 3.2596447266052283e-06, cumulative = 3.2596447266052283e-06
[mem] after-pEqn: DEVICE_POOL current=20567 MB  actual(reserved)=38146 MB  highWater=24387 MB
[GinkgoSolver] p-cache: rebuild(generate) solve=1 rebuildInterval=0
Schwarz(Jacobi)+Bicgstab:  Solving for omega, Initial residual = 0.9999999999999999, Final residual = 0.03074778581365062, No Iterations 1, Solve time = 52.887 ms
bounding omega, min: -52.86743426219505 max: 46109485.04185853 average: 2443.1834308846464
[GinkgoSolver] p-cache: rebuild(generate) solve=1 rebuildInterval=0
Schwarz(Jacobi)+Bicgstab:  Solving for k, Initial residual = 0.999999999999973, Final residual = 0.04385988652570469, No Iterations 1, Solve time = 53.428 ms
[mem] after-turb: DEVICE_POOL current=22752 MB  actual(reserved)=38146 MB  highWater=24811 MB
ExecutionTime = 90.76000000000001 s  ClockTime = 91 s

Time = 2
[mem] step-start: DEVICE_POOL current=22752 MB  actual(reserved)=38146 MB  highWater=24811 MB
Schwarz(Jacobi)+Bicgstab:  Solving for Ux, Initial residual = 0.001292524853616917, Final residual = 5.920141362141384e-05, No Iterations 5, Solve time = 343.528 ms
Schwarz(Jacobi)+Bicgstab:  Solving for Uy, Initial residual = 0.06545505519957202, Final residual = 0.002983202842448613, No Iterations 5, Solve time = 343.528 ms
Schwarz(Jacobi)+Bicgstab:  Solving for Uz, Initial residual = 0.040838587636482085, Final residual = 0.0009088122828927926, No Iterations 5, Solve time = 343.528 ms
[mem] after-UEqn: DEVICE_POOL current=22752 MB  actual(reserved)=38146 MB  highWater=28040 MB
[GinkgoSolver] p-cache: reuse(update_matrix_value) solve=2 rebuildInterval=100
config(Cg+Schwarz(Multigrid)):  Solving for p, Initial residual = 0.04021881599222277, Final residual = 0.00040080536948404493, No Iterations 132, Solve time = 4007.286 ms
time step continuity errors : sum local = 4.259668905914785e-05, global = 2.230244655250258e-06, cumulative = 5.489889381855486e-06
[mem] after-pEqn: DEVICE_POOL current=22752 MB  actual(reserved)=38146 MB  highWater=28040 MB
[GinkgoSolver] p-cache: reuse(update_matrix_value) solve=2 rebuildInterval=0
Schwarz(Jacobi)+Bicgstab:  Solving for omega, Initial residual = 0.008194653406520916, Final residual = 0.0004780008623562442, No Iterations 1, Solve time = 55.082 ms
bounding omega, min: -1318.8678708307102 max: 45305779.482804455 average: 2705.6211577019008
[GinkgoSolver] p-cache: reuse(update_matrix_value) solve=2 rebuildInterval=0
Schwarz(Jacobi)+Bicgstab:  Solving for k, Initial residual = 0.07500400542238018, Final residual = 0.004455115870624536, No Iterations 1, Solve time = 50.396 ms
[mem] after-turb: DEVICE_POOL current=22752 MB  actual(reserved)=38146 MB  highWater=28040 MB
ExecutionTime = 96.47 s  ClockTime = 96 s

Time = 3
[mem] step-start: DEVICE_POOL current=22752 MB  actual(reserved)=38146 MB  highWater=28040 MB
Schwarz(Jacobi)+Bicgstab:  Solving for Ux, Initial residual = 0.0008105835821253612, Final residual = 4.785439110190668e-05, No Iterations 6, Solve time = 401.187 ms
Schwarz(Jacobi)+Bicgstab:  Solving for Uy, Initial residual = 0.032512675784313945, Final residual = 0.0006349749360525477, No Iterations 6, Solve time = 401.187 ms
Schwarz(Jacobi)+Bicgstab:  Solving for Uz, Initial residual = 0.018196371181489653, Final residual = 0.00026755722959790376, No Iterations 6, Solve time = 401.187 ms
[mem] after-UEqn: DEVICE_POOL current=22752 MB  actual(reserved)=38146 MB  highWater=28040 MB
[GinkgoSolver] p-cache: reuse(update_matrix_value) solve=3 rebuildInterval=100
config(Cg+Schwarz(Multigrid)):  Solving for p, Initial residual = 0.01786590710438067, Final residual = 0.00017438387565708584, No Iterations 121, Solve time = 3680.088 ms
time step continuity errors : sum local = 3.395308955989342e-05, global = -1.46018149580296e-06, cumulative = 4.029707886052527e-06
[mem] after-pEqn: DEVICE_POOL current=22752 MB  actual(reserved)=38146 MB  highWater=28040 MB
[GinkgoSolver] p-cache: reuse(update_matrix_value) solve=3 rebuildInterval=0
Schwarz(Jacobi)+Bicgstab:  Solving for omega, Initial residual = 0.003520759232854075, Final residual = 0.00028993795423791556, No Iterations 1, Solve time = 55.19 ms
bounding omega, min: -11.965317443457359 max: 45385838.87340752 average: 3322.169424496489
[GinkgoSolver] p-cache: reuse(update_matrix_value) solve=3 rebuildInterval=0
Schwarz(Jacobi)+Bicgstab:  Solving for k, Initial residual = 0.013997287477707352, Final residual = 0.0010053417912360776, No Iterations 1, Solve time = 50.99 ms
[mem] after-turb: DEVICE_POOL current=22752 MB  actual(reserved)=38146 MB  highWater=28040 MB
ExecutionTime = 101.88 s  ClockTime = 102 s

Time = 4
[mem] step-start: DEVICE_POOL current=22752 MB  actual(reserved)=38146 MB  highWater=28040 MB
Schwarz(Jacobi)+Bicgstab:  Solving for Ux, Initial residual = 0.0005582141891689921, Final residual = 4.702890739106077e-05, No Iterations 4, Solve time = 288.109 ms
Schwarz(Jacobi)+Bicgstab:  Solving for Uy, Initial residual = 0.020224285347045276, Final residual = 0.0026682987121437437, No Iterations 4, Solve time = 288.109 ms
Schwarz(Jacobi)+Bicgstab:  Solving for Uz, Initial residual = 0.010487353219477944, Final residual = 0.0007743230442232563, No Iterations 4, Solve time = 288.109 ms
[mem] after-UEqn: DEVICE_POOL current=22752 MB  actual(reserved)=38146 MB  highWater=28040 MB
[GinkgoSolver] p-cache: reuse(update_matrix_value) solve=4 rebuildInterval=100
config(Cg+Schwarz(Multigrid)):  Solving for p, Initial residual = 0.012476407095474205, Final residual = 0.00012017669448035748, No Iterations 134, Solve time = 4062.136 ms
time step continuity errors : sum local = 3.0909286991818824e-05, global = 2.0055828514788854e-06, cumulative = 6.035290737531412e-06
[mem] after-pEqn: DEVICE_POOL current=22752 MB  actual(reserved)=38146 MB  highWater=28040 MB
[GinkgoSolver] p-cache: reuse(update_matrix_value) solve=4 rebuildInterval=0
Schwarz(Jacobi)+Bicgstab:  Solving for omega, Initial residual = 0.0017242770495343714, Final residual = 4.8310868927653114e-05, No Iterations 2, Solve time = 86.868 ms
[GinkgoSolver] p-cache: reuse(update_matrix_value) solve=4 rebuildInterval=0
Schwarz(Jacobi)+Bicgstab:  Solving for k, Initial residual = 0.00464082309953112, Final residual = 0.0003933606838226784, No Iterations 1, Solve time = 50.645 ms
[mem] after-turb: DEVICE_POOL current=22752 MB  actual(reserved)=38146 MB  highWater=28040 MB
ExecutionTime = 107.59 s  ClockTime = 108 s

Time = 5
[mem] step-start: DEVICE_POOL current=22752 MB  actual(reserved)=38146 MB  highWater=28040 MB
Schwarz(Jacobi)+Bicgstab:  Solving for Ux, Initial residual = 0.00048277447923156296, Final residual = 3.7420715756795824e-05, No Iterations 4, Solve time = 282.913 ms
Schwarz(Jacobi)+Bicgstab:  Solving for Uy, Initial residual = 0.01852622238612105, Final residual = 0.0011837004730025438, No Iterations 4, Solve time = 282.913 ms
Schwarz(Jacobi)+Bicgstab:  Solving for Uz, Initial residual = 0.008323248586927871, Final residual = 0.0008095176089523966, No Iterations 4, Solve time = 282.913 ms
[mem] after-UEqn: DEVICE_POOL current=22752 MB  actual(reserved)=38146 MB  highWater=28040 MB
[GinkgoSolver] p-cache: reuse(update_matrix_value) solve=5 rebuildInterval=100
config(Cg+Schwarz(Multigrid)):  Solving for p, Initial residual = 0.010584586156649064, Final residual = 0.00010399655621046398, No Iterations 130, Solve time = 3944.024 ms
time step continuity errors : sum local = 2.9494506806210916e-05, global = 2.4919981478204037e-06, cumulative = 8.527288885351816e-06
[mem] after-pEqn: DEVICE_POOL current=22752 MB  actual(reserved)=38146 MB  highWater=28040 MB
[GinkgoSolver] p-cache: reuse(update_matrix_value) solve=5 rebuildInterval=0
Schwarz(Jacobi)+Bicgstab:  Solving for omega, Initial residual = 0.0009944417294384877, Final residual = 9.813414486418776e-05, No Iterations 1, Solve time = 64.24 ms
[GinkgoSolver] p-cache: reuse(update_matrix_value) solve=5 rebuildInterval=0
Schwarz(Jacobi)+Bicgstab:  Solving for k, Initial residual = 0.002356497123239585, Final residual = 0.00022365092611421357, No Iterations 1, Solve time = 50.603 ms
[mem] after-turb: DEVICE_POOL current=22752 MB  actual(reserved)=38146 MB  highWater=28040 MB
ExecutionTime = 113.16 s  ClockTime = 113 s

Time = 6
[mem] step-start: DEVICE_POOL current=22752 MB  actual(reserved)=38146 MB  highWater=28040 MB
Schwarz(Jacobi)+Bicgstab:  Solving for Ux, Initial residual = 0.00043591924595324686, Final residual = 2.63464431324957e-05, No Iterations 5, Solve time = 343.737 ms
Schwarz(Jacobi)+Bicgstab:  Solving for Uy, Initial residual = 0.017969910369121312, Final residual = 0.0015823775908989704, No Iterations 5, Solve time = 343.737 ms
Schwarz(Jacobi)+Bicgstab:  Solving for Uz, Initial residual = 0.006737715392683555, Final residual = 0.0005121595783337231, No Iterations 5, Solve time = 343.737 ms
[mem] after-UEqn: DEVICE_POOL current=22752 MB  actual(reserved)=38146 MB  highWater=28040 MB
[GinkgoSolver] p-cache: reuse(update_matrix_value) solve=6 rebuildInterval=100
config(Cg+Schwarz(Multigrid)):  Solving for p, Initial residual = 0.011140966564505148, Final residual = 0.0001041666331121017, No Iterations 123, Solve time = 3733.011 ms
time step continuity errors : sum local = 2.8902847703288355e-05, global = 6.553145005826494e-07, cumulative = 9.182603385934466e-06
[mem] after-pEqn: DEVICE_POOL current=22752 MB  actual(reserved)=38146 MB  highWater=28040 MB
[GinkgoSolver] p-cache: reuse(update_matrix_value) solve=6 rebuildInterval=0
Schwarz(Jacobi)+Bicgstab:  Solving for omega, Initial residual = 0.0006247373839713095, Final residual = 2.430721292371545e-05, No Iterations 2, Solve time = 74.792 ms
[GinkgoSolver] p-cache: reuse(update_matrix_value) solve=6 rebuildInterval=0
Schwarz(Jacobi)+Bicgstab:  Solving for k, Initial residual = 0.0016242707254859046, Final residual = 0.00015488750438442258, No Iterations 1, Solve time = 50.823 ms
[mem] after-turb: DEVICE_POOL current=22752 MB  actual(reserved)=38146 MB  highWater=28040 MB
ExecutionTime = 118.61 s  ClockTime = 119 s

Time = 7
[mem] step-start: DEVICE_POOL current=22752 MB  actual(reserved)=38146 MB  highWater=28040 MB
Schwarz(Jacobi)+Bicgstab:  Solving for Ux, Initial residual = 0.00037585882846301994, Final residual = 2.3458347070681e-05, No Iterations 5, Solve time = 334.66 ms
Schwarz(Jacobi)+Bicgstab:  Solving for Uy, Initial residual = 0.01525114263060531, Final residual = 0.0011648271286225282, No Iterations 5, Solve time = 334.66 ms
Schwarz(Jacobi)+Bicgstab:  Solving for Uz, Initial residual = 0.005139856990687024, Final residual = 0.0002779900008163773, No Iterations 5, Solve time = 334.66 ms
[mem] after-UEqn: DEVICE_POOL current=22752 MB  actual(reserved)=38146 MB  highWater=28040 MB
[GinkgoSolver] p-cache: reuse(update_matrix_value) solve=7 rebuildInterval=100
config(Cg+Schwarz(Multigrid)):  Solving for p, Initial residual = 0.01211372135553811, Final residual = 0.00011412744099387339, No Iterations 116, Solve time = 3522.784 ms
time step continuity errors : sum local = 2.8583220141004754e-05, global = -1.4222422481999238e-06, cumulative = 7.760361137734543e-06
[mem] after-pEqn: DEVICE_POOL current=22752 MB  actual(reserved)=38146 MB  highWater=28040 MB
[GinkgoSolver] p-cache: reuse(update_matrix_value) solve=7 rebuildInterval=0
Schwarz(Jacobi)+Bicgstab:  Solving for omega, Initial residual = 0.000489838117978679, Final residual = 1.5228897477721267e-05, No Iterations 2, Solve time = 78.272 ms
[GinkgoSolver] p-cache: reuse(update_matrix_value) solve=7 rebuildInterval=0
Schwarz(Jacobi)+Bicgstab:  Solving for k, Initial residual = 0.0011596826942121459, Final residual = 2.4108402152839912e-05, No Iterations 3, Solve time = 97.059 ms
[mem] after-turb: DEVICE_POOL current=22752 MB  actual(reserved)=38146 MB  highWater=28040 MB
ExecutionTime = 123.9 s  ClockTime = 124 s

Time = 8
[mem] step-start: DEVICE_POOL current=22752 MB  actual(reserved)=38146 MB  highWater=28040 MB
Schwarz(Jacobi)+Bicgstab:  Solving for Ux, Initial residual = 0.0003166168573762905, Final residual = 2.49187858677291e-05, No Iterations 5, Solve time = 345.943 ms
Schwarz(Jacobi)+Bicgstab:  Solving for Uy, Initial residual = 0.011373759582587026, Final residual = 0.00029559510603273387, No Iterations 5, Solve time = 345.943 ms
Schwarz(Jacobi)+Bicgstab:  Solving for Uz, Initial residual = 0.003610596167327965, Final residual = 0.0001967035984357853, No Iterations 5, Solve time = 345.943 ms
[mem] after-UEqn: DEVICE_POOL current=22752 MB  actual(reserved)=38146 MB  highWater=28040 MB
[GinkgoSolver] p-cache: reuse(update_matrix_value) solve=8 rebuildInterval=100
config(Cg+Schwarz(Multigrid)):  Solving for p, Initial residual = 0.013081828965825888, Final residual = 0.00012842155914919245, No Iterations 108, Solve time = 3284.813 ms
time step continuity errors : sum local = 2.787280754045824e-05, global = 8.277989735077355e-07, cumulative = 8.588160111242278e-06
[mem] after-pEqn: DEVICE_POOL current=22752 MB  actual(reserved)=38146 MB  highWater=28040 MB
[GinkgoSolver] p-cache: reuse(update_matrix_value) solve=8 rebuildInterval=0
Schwarz(Jacobi)+Bicgstab:  Solving for omega, Initial residual = 0.00035962485328183723, Final residual = 1.243451800472969e-05, No Iterations 2, Solve time = 87.242 ms
[GinkgoSolver] p-cache: reuse(update_matrix_value) solve=8 rebuildInterval=0
Schwarz(Jacobi)+Bicgstab:  Solving for k, Initial residual = 0.0008654543972646826, Final residual = 5.2454440521451595e-05, No Iterations 2, Solve time = 73.834 ms
[mem] after-turb: DEVICE_POOL current=22752 MB  actual(reserved)=38146 MB  highWater=28040 MB
ExecutionTime = 128.91 s  ClockTime = 129 s

Time = 9
[mem] step-start: DEVICE_POOL current=22752 MB  actual(reserved)=38146 MB  highWater=28040 MB
Schwarz(Jacobi)+Bicgstab:  Solving for Ux, Initial residual = 0.00027363501175101644, Final residual = 7.3075735670743285e-06, No Iterations 5, Solve time = 346.862 ms
Schwarz(Jacobi)+Bicgstab:  Solving for Uy, Initial residual = 0.009186084548629217, Final residual = 0.00044441126669498426, No Iterations 5, Solve time = 346.862 ms
Schwarz(Jacobi)+Bicgstab:  Solving for Uz, Initial residual = 0.0026274438808658123, Final residual = 0.00015414125314181187, No Iterations 5, Solve time = 346.862 ms
[mem] after-UEqn: DEVICE_POOL current=22752 MB  actual(reserved)=38146 MB  highWater=28040 MB
[GinkgoSolver] p-cache: reuse(update_matrix_value) solve=9 rebuildInterval=100
config(Cg+Schwarz(Multigrid)):  Solving for p, Initial residual = 0.013770256333598553, Final residual = 0.0001332552076422523, No Iterations 113, Solve time = 3436.603 ms
time step continuity errors : sum local = 2.5164802581211625e-05, global = 1.0658186393042415e-06, cumulative = 9.653978750546519e-06
[mem] after-pEqn: DEVICE_POOL current=22752 MB  actual(reserved)=38146 MB  highWater=28040 MB
[GinkgoSolver] p-cache: reuse(update_matrix_value) solve=9 rebuildInterval=0
Schwarz(Jacobi)+Bicgstab:  Solving for omega, Initial residual = 0.0002780549707084592, Final residual = 1.063167843767076e-05, No Iterations 2, Solve time = 88.275 ms
[GinkgoSolver] p-cache: reuse(update_matrix_value) solve=9 rebuildInterval=0
Schwarz(Jacobi)+Bicgstab:  Solving for k, Initial residual = 0.0006654485577645701, Final residual = 3.8854162506734514e-05, No Iterations 2, Solve time = 74.013 ms
[mem] after-turb: DEVICE_POOL current=22752 MB  actual(reserved)=38146 MB  highWater=28040 MB
ExecutionTime = 134.08 s  ClockTime = 134 s

Time = 10
[mem] step-start: DEVICE_POOL current=22752 MB  actual(reserved)=38146 MB  highWater=28040 MB
Schwarz(Jacobi)+Bicgstab:  Solving for Ux, Initial residual = 0.0002517614785111196, Final residual = 3.2033458353147734e-06, No Iterations 6, Solve time = 400.157 ms
Schwarz(Jacobi)+Bicgstab:  Solving for Uy, Initial residual = 0.010089481584478628, Final residual = 0.0004167044228844713, No Iterations 6, Solve time = 400.157 ms
Schwarz(Jacobi)+Bicgstab:  Solving for Uz, Initial residual = 0.0024961190439642404, Final residual = 4.164536113027074e-05, No Iterations 6, Solve time = 400.157 ms
[mem] after-UEqn: DEVICE_POOL current=22752 MB  actual(reserved)=38146 MB  highWater=28040 MB
[GinkgoSolver] p-cache: reuse(update_matrix_value) solve=10 rebuildInterval=100
config(Cg+Schwarz(Multigrid)):  Solving for p, Initial residual = 0.013944132046136263, Final residual = 0.0001374242513005011, No Iterations 128, Solve time = 3882.293 ms
time step continuity errors : sum local = 2.3743522784750704e-05, global = -2.8097461137998895e-06, cumulative = 6.844232636746629e-06
[mem] after-pEqn: DEVICE_POOL current=22752 MB  actual(reserved)=38146 MB  highWater=28040 MB
[GinkgoSolver] p-cache: reuse(update_matrix_value) solve=10 rebuildInterval=0
Schwarz(Jacobi)+Bicgstab:  Solving for omega, Initial residual = 0.00022456396345590997, Final residual = 9.223594831585529e-06, No Iterations 2, Solve time = 87.79 ms
[GinkgoSolver] p-cache: reuse(update_matrix_value) solve=10 rebuildInterval=0
Schwarz(Jacobi)+Bicgstab:  Solving for k, Initial residual = 0.0005268220038442452, Final residual = 3.275974148041544e-05, No Iterations 2, Solve time = 74.347 ms
[mem] after-turb: DEVICE_POOL current=22752 MB  actual(reserved)=38146 MB  highWater=28040 MB
ExecutionTime = 139.75 s  ClockTime = 140 s

Time = 11
[mem] step-start: DEVICE_POOL current=22752 MB  actual(reserved)=38146 MB  highWater=28040 MB
Schwarz(Jacobi)+Bicgstab:  Solving for Ux, Initial residual = 0.00024103982823198665, Final residual = 1.07916972147063e-05, No Iterations 5, Solve time = 337.213 ms
Schwarz(Jacobi)+Bicgstab:  Solving for Uy, Initial residual = 0.011096138217715502, Final residual = 0.000324452235440974, No Iterations 5, Solve time = 337.213 ms
Schwarz(Jacobi)+Bicgstab:  Solving for Uz, Initial residual = 0.002549336908568005, Final residual = 7.275569412665083e-05, No Iterations 5, Solve time = 337.213 ms
[mem] after-UEqn: DEVICE_POOL current=22752 MB  actual(reserved)=38146 MB  highWater=28040 MB
[GinkgoSolver] p-cache: reuse(update_matrix_value) solve=11 rebuildInterval=100
config(Cg+Schwarz(Multigrid)):  Solving for p, Initial residual = 0.013538832081628151, Final residual = 0.00013016242578939847, No Iterations 126, Solve time = 3823.421 ms
time step continuity errors : sum local = 2.305454873909096e-05, global = -2.3896207114567365e-06, cumulative = 4.454611925289892e-06
[mem] after-pEqn: DEVICE_POOL current=22752 MB  actual(reserved)=38146 MB  highWater=28040 MB
[GinkgoSolver] p-cache: reuse(update_matrix_value) solve=11 rebuildInterval=0
Schwarz(Jacobi)+Bicgstab:  Solving for omega, Initial residual = 0.00018509960362122764, Final residual = 8.098081357033763e-06, No Iterations 2, Solve time = 88.418 ms
[GinkgoSolver] p-cache: reuse(update_matrix_value) solve=11 rebuildInterval=0
Schwarz(Jacobi)+Bicgstab:  Solving for k, Initial residual = 0.00043951504130331653, Final residual = 2.8289117999480246e-05, No Iterations 2, Solve time = 74.104 ms
[mem] after-turb: DEVICE_POOL current=22752 MB  actual(reserved)=38146 MB  highWater=28040 MB
ExecutionTime = 145.3 s  ClockTime = 145 s

Time = 12
[mem] step-start: DEVICE_POOL current=22752 MB  actual(reserved)=38146 MB  highWater=28040 MB
Schwarz(Jacobi)+Bicgstab:  Solving for Ux, Initial residual = 0.00022915177114771212, Final residual = 1.4583355726252541e-05, No Iterations 4, Solve time = 288.598 ms
Schwarz(Jacobi)+Bicgstab:  Solving for Uy, Initial residual = 0.011045606277670265, Final residual = 0.0007994127097606704, No Iterations 4, Solve time = 288.598 ms
Schwarz(Jacobi)+Bicgstab:  Solving for Uz, Initial residual = 0.0024793193859690065, Final residual = 0.00012082777416160943, No Iterations 4, Solve time = 288.598 ms
[mem] after-UEqn: DEVICE_POOL current=22752 MB  actual(reserved)=38146 MB  highWater=28040 MB
[GinkgoSolver] p-cache: reuse(update_matrix_value) solve=12 rebuildInterval=100
config(Cg+Schwarz(Multigrid)):  Solving for p, Initial residual = 0.012331944126973853, Final residual = 0.0001172526120704454, No Iterations 117, Solve time = 3554.353 ms
time step continuity errors : sum local = 2.2997382796882652e-05, global = -5.647386881446258e-08, cumulative = 4.39813805647543e-06
[mem] after-pEqn: DEVICE_POOL current=22752 MB  actual(reserved)=38146 MB  highWater=28040 MB
[GinkgoSolver] p-cache: reuse(update_matrix_value) solve=12 rebuildInterval=0
Schwarz(Jacobi)+Bicgstab:  Solving for omega, Initial residual = 0.00015606533043389532, Final residual = 7.14078689194626e-06, No Iterations 2, Solve time = 87.778 ms
[GinkgoSolver] p-cache: reuse(update_matrix_value) solve=12 rebuildInterval=0
Schwarz(Jacobi)+Bicgstab:  Solving for k, Initial residual = 0.0003876264079398213, Final residual = 2.5733676428736658e-05, No Iterations 2, Solve time = 74.696 ms
[mem] after-turb: DEVICE_POOL current=22752 MB  actual(reserved)=38146 MB  highWater=28040 MB
ExecutionTime = 150.52 s  ClockTime = 151 s

Time = 13
[mem] step-start: DEVICE_POOL current=22752 MB  actual(reserved)=38146 MB  highWater=28040 MB
Schwarz(Jacobi)+Bicgstab:  Solving for Ux, Initial residual = 0.0002160804607705365, Final residual = 9.425952595093773e-06, No Iterations 4, Solve time = 284.189 ms
Schwarz(Jacobi)+Bicgstab:  Solving for Uy, Initial residual = 0.010265446478478468, Final residual = 0.0005809125483773538, No Iterations 4, Solve time = 284.189 ms
Schwarz(Jacobi)+Bicgstab:  Solving for Uz, Initial residual = 0.00229240510830008, Final residual = 0.00010825844865631672, No Iterations 4, Solve time = 284.189 ms
[mem] after-UEqn: DEVICE_POOL current=22752 MB  actual(reserved)=38146 MB  highWater=28040 MB
[GinkgoSolver] p-cache: reuse(update_matrix_value) solve=13 rebuildInterval=100
config(Cg+Schwarz(Multigrid)):  Solving for p, Initial residual = 0.010704054696068473, Final residual = 0.0001067368330423682, No Iterations 112, Solve time = 3410.009 ms
time step continuity errors : sum local = 2.371621734630544e-05, global = 1.6947725164376025e-06, cumulative = 6.0929105729130324e-06
[mem] after-pEqn: DEVICE_POOL current=22752 MB  actual(reserved)=38146 MB  highWater=28040 MB
[GinkgoSolver] p-cache: reuse(update_matrix_value) solve=13 rebuildInterval=0
Schwarz(Jacobi)+Bicgstab:  Solving for omega, Initial residual = 0.00013495667542446206, Final residual = 6.4221952405372525e-06, No Iterations 2, Solve time = 88.169 ms
[GinkgoSolver] p-cache: reuse(update_matrix_value) solve=13 rebuildInterval=0
Schwarz(Jacobi)+Bicgstab:  Solving for k, Initial residual = 0.0003677428340939261, Final residual = 2.5896185126643677e-05, No Iterations 2, Solve time = 73.292 ms
[mem] after-turb: DEVICE_POOL current=22752 MB  actual(reserved)=38146 MB  highWater=28040 MB
ExecutionTime = 155.6 s  ClockTime = 156 s

Time = 14
[mem] step-start: DEVICE_POOL current=22752 MB  actual(reserved)=38146 MB  highWater=28040 MB
Schwarz(Jacobi)+Bicgstab:  Solving for Ux, Initial residual = 0.00020563527818726065, Final residual = 1.3117783458656777e-05, No Iterations 4, Solve time = 291.437 ms
Schwarz(Jacobi)+Bicgstab:  Solving for Uy, Initial residual = 0.009262956481406357, Final residual = 0.001250468861158949, No Iterations 4, Solve time = 291.437 ms
Schwarz(Jacobi)+Bicgstab:  Solving for Uz, Initial residual = 0.002088468815954888, Final residual = 0.0002203286337991231, No Iterations 4, Solve time = 291.437 ms
[mem] after-UEqn: DEVICE_POOL current=22752 MB  actual(reserved)=38146 MB  highWater=28040 MB
[GinkgoSolver] p-cache: reuse(update_matrix_value) solve=14 rebuildInterval=100
config(Cg+Schwarz(Multigrid)):  Solving for p, Initial residual = 0.00921778735093671, Final residual = 9.112568644911036e-05, No Iterations 95, Solve time = 2894.12 ms
time step continuity errors : sum local = 2.271234867778493e-05, global = 1.0116667029668592e-06, cumulative = 7.1045772758798914e-06
[mem] after-pEqn: DEVICE_POOL current=22752 MB  actual(reserved)=38146 MB  highWater=28040 MB
[GinkgoSolver] p-cache: reuse(update_matrix_value) solve=14 rebuildInterval=0
Schwarz(Jacobi)+Bicgstab:  Solving for omega, Initial residual = 0.00012045660031855142, Final residual = 5.876260400693363e-06, No Iterations 2, Solve time = 87.992 ms
[GinkgoSolver] p-cache: reuse(update_matrix_value) solve=14 rebuildInterval=0
Schwarz(Jacobi)+Bicgstab:  Solving for k, Initial residual = 0.00036023574349515133, Final residual = 2.9127389930558244e-05, No Iterations 2, Solve time = 74.405 ms
[mem] after-turb: DEVICE_POOL current=22752 MB  actual(reserved)=38146 MB  highWater=28040 MB
ExecutionTime = 160.17 s  ClockTime = 160 s

Time = 15
[mem] step-start: DEVICE_POOL current=22752 MB  actual(reserved)=38146 MB  highWater=28040 MB
Schwarz(Jacobi)+Bicgstab:  Solving for Ux, Initial residual = 0.00019770380270225593, Final residual = 1.517334922631836e-05, No Iterations 4, Solve time = 286.758 ms
Schwarz(Jacobi)+Bicgstab:  Solving for Uy, Initial residual = 0.008524697583573014, Final residual = 0.0005041564033284769, No Iterations 4, Solve time = 286.758 ms
Schwarz(Jacobi)+Bicgstab:  Solving for Uz, Initial residual = 0.0019389501789568615, Final residual = 0.00010376018188489375, No Iterations 4, Solve time = 286.758 ms
[mem] after-UEqn: DEVICE_POOL current=22752 MB  actual(reserved)=38146 MB  highWater=28040 MB
[GinkgoSolver] p-cache: reuse(update_matrix_value) solve=15 rebuildInterval=100
config(Cg+Schwarz(Multigrid)):  Solving for p, Initial residual = 0.008236679278595008, Final residual = 8.173964448013733e-05, No Iterations 86, Solve time = 2627.854 ms
time step continuity errors : sum local = 2.2075744862678245e-05, global = -8.159780457060802e-07, cumulative = 6.288599230173811e-06
[mem] after-pEqn: DEVICE_POOL current=22752 MB  actual(reserved)=38146 MB  highWater=28040 MB
[GinkgoSolver] p-cache: reuse(update_matrix_value) solve=15 rebuildInterval=0
Schwarz(Jacobi)+Bicgstab:  Solving for omega, Initial residual = 0.00010975454303850143, Final residual = 5.422851885278176e-06, No Iterations 2, Solve time = 82.58 ms
[GinkgoSolver] p-cache: reuse(update_matrix_value) solve=15 rebuildInterval=0
Schwarz(Jacobi)+Bicgstab:  Solving for k, Initial residual = 0.00035465661998848255, Final residual = 9.502417218109644e-06, No Iterations 3, Solve time = 97.865 ms
[mem] after-turb: DEVICE_POOL current=22752 MB  actual(reserved)=38146 MB  highWater=28040 MB
ExecutionTime = 164.5 s  ClockTime = 165 s

Time = 16
[mem] step-start: DEVICE_POOL current=22752 MB  actual(reserved)=38146 MB  highWater=28040 MB
Schwarz(Jacobi)+Bicgstab:  Solving for Ux, Initial residual = 0.00018991336390127212, Final residual = 5.907442700089429e-06, No Iterations 5, Solve time = 342.135 ms
Schwarz(Jacobi)+Bicgstab:  Solving for Uy, Initial residual = 0.008129125514194362, Final residual = 0.00021181240813855526, No Iterations 5, Solve time = 342.135 ms
Schwarz(Jacobi)+Bicgstab:  Solving for Uz, Initial residual = 0.0018818882199323525, Final residual = 7.426568962032538e-05, No Iterations 5, Solve time = 342.135 ms
[mem] after-UEqn: DEVICE_POOL current=22752 MB  actual(reserved)=38146 MB  highWater=28040 MB
[GinkgoSolver] p-cache: reuse(update_matrix_value) solve=16 rebuildInterval=100
config(Cg+Schwarz(Multigrid)):  Solving for p, Initial residual = 0.007649154830622796, Final residual = 7.4704080645796e-05, No Iterations 77, Solve time = 2356.641 ms
time step continuity errors : sum local = 2.124347888488726e-05, global = -1.1499641391174969e-06, cumulative = 5.138635091056315e-06
[mem] after-pEqn: DEVICE_POOL current=22752 MB  actual(reserved)=38146 MB  highWater=28040 MB
[GinkgoSolver] p-cache: reuse(update_matrix_value) solve=16 rebuildInterval=0
Schwarz(Jacobi)+Bicgstab:  Solving for omega, Initial residual = 0.00010123753987651237, Final residual = 5.11496475884616e-06, No Iterations 2, Solve time = 87.362 ms
[GinkgoSolver] p-cache: reuse(update_matrix_value) solve=16 rebuildInterval=0
Schwarz(Jacobi)+Bicgstab:  Solving for k, Initial residual = 0.00035201207847954796, Final residual = 2.733004829151141e-05, No Iterations 2, Solve time = 74.131 ms
[mem] after-turb: DEVICE_POOL current=22752 MB  actual(reserved)=38146 MB  highWater=28040 MB
ExecutionTime = 168.59 s  ClockTime = 169 s

Time = 17
[mem] step-start: DEVICE_POOL current=22752 MB  actual(reserved)=38146 MB  highWater=28040 MB
Schwarz(Jacobi)+Bicgstab:  Solving for Ux, Initial residual = 0.00018317524244898157, Final residual = 3.4450083485842794e-06, No Iterations 5, Solve time = 348.726 ms
Schwarz(Jacobi)+Bicgstab:  Solving for Uy, Initial residual = 0.00786020965453795, Final residual = 0.00027764577242741974, No Iterations 5, Solve time = 348.726 ms
Schwarz(Jacobi)+Bicgstab:  Solving for Uz, Initial residual = 0.0018191923272676581, Final residual = 4.5628609158643765e-05, No Iterations 5, Solve time = 348.726 ms
[mem] after-UEqn: DEVICE_POOL current=22752 MB  actual(reserved)=38146 MB  highWater=28040 MB
[GinkgoSolver] p-cache: reuse(update_matrix_value) solve=17 rebuildInterval=100
config(Cg+Schwarz(Multigrid)):  Solving for p, Initial residual = 0.007257183671186236, Final residual = 7.248024855372599e-05, No Iterations 75, Solve time = 2295.729 ms
time step continuity errors : sum local = 2.1301943310542747e-05, global = -8.091123770196787e-07, cumulative = 4.329522714036636e-06
[mem] after-pEqn: DEVICE_POOL current=22752 MB  actual(reserved)=38146 MB  highWater=28040 MB
[GinkgoSolver] p-cache: reuse(update_matrix_value) solve=17 rebuildInterval=0
Schwarz(Jacobi)+Bicgstab:  Solving for omega, Initial residual = 9.435183628898021e-05, Final residual = 4.813846682538771e-06, No Iterations 2, Solve time = 87.895 ms
[GinkgoSolver] p-cache: reuse(update_matrix_value) solve=17 rebuildInterval=0
Schwarz(Jacobi)+Bicgstab:  Solving for k, Initial residual = 0.0003504976530749002, Final residual = 8.388195867491646e-06, No Iterations 3, Solve time = 98.403 ms
[mem] after-turb: DEVICE_POOL current=22752 MB  actual(reserved)=38146 MB  highWater=28040 MB
ExecutionTime = 172.64 s  ClockTime = 173 s

Time = 18
[mem] step-start: DEVICE_POOL current=22752 MB  actual(reserved)=38146 MB  highWater=28040 MB
Schwarz(Jacobi)+Bicgstab:  Solving for Ux, Initial residual = 0.0001753060562436158, Final residual = 3.382217466714015e-06, No Iterations 5, Solve time = 338.018 ms
Schwarz(Jacobi)+Bicgstab:  Solving for Uy, Initial residual = 0.0075701515166495745, Final residual = 0.0001799875876408537, No Iterations 5, Solve time = 338.018 ms
Schwarz(Jacobi)+Bicgstab:  Solving for Uz, Initial residual = 0.0017488003599707594, Final residual = 3.7997936758582436e-05, No Iterations 5, Solve time = 338.018 ms
[mem] after-UEqn: DEVICE_POOL current=22752 MB  actual(reserved)=38146 MB  highWater=28040 MB
[GinkgoSolver] p-cache: reuse(update_matrix_value) solve=18 rebuildInterval=100
config(Cg+Schwarz(Multigrid)):  Solving for p, Initial residual = 0.006969095812735992, Final residual = 6.801625541875091e-05, No Iterations 79, Solve time = 2418.098 ms
time step continuity errors : sum local = 2.041929987586147e-05, global = 3.031750467832979e-07, cumulative = 4.632697760819934e-06
[mem] after-pEqn: DEVICE_POOL current=22752 MB  actual(reserved)=38146 MB  highWater=28040 MB
[GinkgoSolver] p-cache: reuse(update_matrix_value) solve=18 rebuildInterval=0
Schwarz(Jacobi)+Bicgstab:  Solving for omega, Initial residual = 8.825641452656119e-05, Final residual = 4.606673447192562e-06, No Iterations 2, Solve time = 76.749 ms
[GinkgoSolver] p-cache: reuse(update_matrix_value) solve=18 rebuildInterval=0
Schwarz(Jacobi)+Bicgstab:  Solving for k, Initial residual = 0.0003505964081525979, Final residual = 3.2046143693809595e-05, No Iterations 2, Solve time = 74.1 ms
[mem] after-turb: DEVICE_POOL current=22752 MB  actual(reserved)=38146 MB  highWater=28040 MB
ExecutionTime = 176.78 s  ClockTime = 177 s

Time = 19
[mem] step-start: DEVICE_POOL current=22752 MB  actual(reserved)=38146 MB  highWater=28040 MB
Schwarz(Jacobi)+Bicgstab:  Solving for Ux, Initial residual = 0.00016777764925920524, Final residual = 1.368314654850841e-05, No Iterations 3, Solve time = 230.221 ms
Schwarz(Jacobi)+Bicgstab:  Solving for Uy, Initial residual = 0.0073425381349799005, Final residual = 0.0006433297422856146, No Iterations 3, Solve time = 230.221 ms
Schwarz(Jacobi)+Bicgstab:  Solving for Uz, Initial residual = 0.0017068242281375035, Final residual = 0.00016145853524636333, No Iterations 3, Solve time = 230.221 ms
[mem] after-UEqn: DEVICE_POOL current=22752 MB  actual(reserved)=38146 MB  highWater=28040 MB
[GinkgoSolver] p-cache: reuse(update_matrix_value) solve=19 rebuildInterval=100
config(Cg+Schwarz(Multigrid)):  Solving for p, Initial residual = 0.00670896333601179, Final residual = 6.703985673056685e-05, No Iterations 78, Solve time = 2385.86 ms
time step continuity errors : sum local = 2.0465939508984476e-05, global = 1.1955968471116442e-06, cumulative = 5.828294607931578e-06
[mem] after-pEqn: DEVICE_POOL current=22752 MB  actual(reserved)=38146 MB  highWater=28040 MB
[GinkgoSolver] p-cache: reuse(update_matrix_value) solve=19 rebuildInterval=0
Schwarz(Jacobi)+Bicgstab:  Solving for omega, Initial residual = 8.307770956372057e-05, Final residual = 4.382721815715665e-06, No Iterations 2, Solve time = 87.26 ms
[GinkgoSolver] p-cache: reuse(update_matrix_value) solve=19 rebuildInterval=0
Schwarz(Jacobi)+Bicgstab:  Solving for k, Initial residual = 0.0003497506137751543, Final residual = 8.591834750549456e-06, No Iterations 3, Solve time = 97.624 ms
[mem] after-turb: DEVICE_POOL current=22752 MB  actual(reserved)=38146 MB  highWater=28040 MB
ExecutionTime = 180.81 s  ClockTime = 181 s

Time = 20
[mem] step-start: DEVICE_POOL current=22752 MB  actual(reserved)=38146 MB  highWater=28040 MB
Schwarz(Jacobi)+Bicgstab:  Solving for Ux, Initial residual = 0.00016205906270332093, Final residual = 7.211806631854365e-06, No Iterations 4, Solve time = 283.646 ms
Schwarz(Jacobi)+Bicgstab:  Solving for Uy, Initial residual = 0.007258007999794323, Final residual = 0.0005306584897146748, No Iterations 4, Solve time = 283.646 ms
Schwarz(Jacobi)+Bicgstab:  Solving for Uz, Initial residual = 0.001705554142520889, Final residual = 0.0001663249879363269, No Iterations 4, Solve time = 283.646 ms
[mem] after-UEqn: DEVICE_POOL current=22752 MB  actual(reserved)=38146 MB  highWater=28040 MB
[GinkgoSolver] p-cache: reuse(update_matrix_value) solve=20 rebuildInterval=100
config(Cg+Schwarz(Multigrid)):  Solving for p, Initial residual = 0.006487955555366876, Final residual = 6.292003357534354e-05, No Iterations 77, Solve time = 2356.205 ms
time step continuity errors : sum local = 1.9433904322977025e-05, global = 1.6383689307108322e-06, cumulative = 7.46666353864241e-06
[mem] after-pEqn: DEVICE_POOL current=22752 MB  actual(reserved)=38146 MB  highWater=28040 MB
[GinkgoSolver] p-cache: reuse(update_matrix_value) solve=20 rebuildInterval=0
Schwarz(Jacobi)+Bicgstab:  Solving for omega, Initial residual = 7.803637741133044e-05, Final residual = 4.1929497322753125e-06, No Iterations 2, Solve time = 78.333 ms
[GinkgoSolver] p-cache: reuse(update_matrix_value) solve=20 rebuildInterval=0
Schwarz(Jacobi)+Bicgstab:  Solving for k, Initial residual = 0.0003502492067489909, Final residual = 8.265642535360668e-06, No Iterations 3, Solve time = 98.051 ms
[mem] after-turb: DEVICE_POOL current=22752 MB  actual(reserved)=38146 MB  highWater=28040 MB
ExecutionTime = 184.87 s  ClockTime = 185 s

Time = 21
[mem] step-start: DEVICE_POOL current=22752 MB  actual(reserved)=38146 MB  highWater=28040 MB
Schwarz(Jacobi)+Bicgstab:  Solving for Ux, Initial residual = 0.00015821762360349726, Final residual = 1.0764077840441994e-05, No Iterations 3, Solve time = 230.618 ms
Schwarz(Jacobi)+Bicgstab:  Solving for Uy, Initial residual = 0.007245577878676136, Final residual = 0.0006026959964162263, No Iterations 3, Solve time = 230.618 ms
Schwarz(Jacobi)+Bicgstab:  Solving for Uz, Initial residual = 0.0017251533514746871, Final residual = 0.00014830254709852434, No Iterations 3, Solve time = 230.618 ms
[mem] after-UEqn: DEVICE_POOL current=22752 MB  actual(reserved)=38146 MB  highWater=28040 MB
[GinkgoSolver] p-cache: reuse(update_matrix_value) solve=21 rebuildInterval=100
config(Cg+Schwarz(Multigrid)):  Solving for p, Initial residual = 0.00629385888698734, Final residual = 6.107799405782134e-05, No Iterations 73, Solve time = 2238.713 ms
time step continuity errors : sum local = 1.9048528121645673e-05, global = 1.638500858233592e-06, cumulative = 9.105164396876002e-06
[mem] after-pEqn: DEVICE_POOL current=22752 MB  actual(reserved)=38146 MB  highWater=28040 MB
[GinkgoSolver] p-cache: reuse(update_matrix_value) solve=21 rebuildInterval=0
Schwarz(Jacobi)+Bicgstab:  Solving for omega, Initial residual = 7.373205081989135e-05, Final residual = 4.031232424031807e-06, No Iterations 2, Solve time = 88.253 ms
[GinkgoSolver] p-cache: reuse(update_matrix_value) solve=21 rebuildInterval=0
Schwarz(Jacobi)+Bicgstab:  Solving for k, Initial residual = 0.00035232981376293786, Final residual = 8.401540325020191e-06, No Iterations 3, Solve time = 97.337 ms
[mem] after-turb: DEVICE_POOL current=22752 MB  actual(reserved)=38146 MB  highWater=28040 MB
ExecutionTime = 188.75 s  ClockTime = 189 s

Time = 22
[mem] step-start: DEVICE_POOL current=22752 MB  actual(reserved)=38146 MB  highWater=28040 MB
Schwarz(Jacobi)+Bicgstab:  Solving for Ux, Initial residual = 0.0001557382196774216, Final residual = 1.8080061520072914e-05, No Iterations 3, Solve time = 229.955 ms
Schwarz(Jacobi)+Bicgstab:  Solving for Uy, Initial residual = 0.007212639406621987, Final residual = 0.0005904891899506559, No Iterations 3, Solve time = 229.955 ms
Schwarz(Jacobi)+Bicgstab:  Solving for Uz, Initial residual = 0.0017466235106845703, Final residual = 0.00014678174452259035, No Iterations 3, Solve time = 229.955 ms
[mem] after-UEqn: DEVICE_POOL current=22752 MB  actual(reserved)=38146 MB  highWater=28040 MB
[GinkgoSolver] p-cache: reuse(update_matrix_value) solve=22 rebuildInterval=100
config(Cg+Schwarz(Multigrid)):  Solving for p, Initial residual = 0.006137096564064155, Final residual = 5.954864035223883e-05, No Iterations 66, Solve time = 2027.75 ms
time step continuity errors : sum local = 1.872561009674152e-05, global = 1.2193310189435682e-06, cumulative = 1.032449541581957e-05
[mem] after-pEqn: DEVICE_POOL current=22752 MB  actual(reserved)=38146 MB  highWater=28040 MB
[GinkgoSolver] p-cache: reuse(update_matrix_value) solve=22 rebuildInterval=0
Schwarz(Jacobi)+Bicgstab:  Solving for omega, Initial residual = 6.96344980352605e-05, Final residual = 3.853127082900337e-06, No Iterations 2, Solve time = 87.784 ms
[GinkgoSolver] p-cache: reuse(update_matrix_value) solve=22 rebuildInterval=0
Schwarz(Jacobi)+Bicgstab:  Solving for k, Initial residual = 0.00035342810511720507, Final residual = 8.535403193864535e-06, No Iterations 3, Solve time = 97.206 ms
[mem] after-turb: DEVICE_POOL current=22752 MB  actual(reserved)=38146 MB  highWater=28040 MB
ExecutionTime = 192.42 s  ClockTime = 193 s

Time = 23
[mem] step-start: DEVICE_POOL current=22752 MB  actual(reserved)=38146 MB  highWater=28040 MB
Schwarz(Jacobi)+Bicgstab:  Solving for Ux, Initial residual = 0.0001533718592813525, Final residual = 7.712035952883198e-06, No Iterations 4, Solve time = 291.951 ms
Schwarz(Jacobi)+Bicgstab:  Solving for Uy, Initial residual = 0.00711913132666418, Final residual = 0.00029350660775381984, No Iterations 4, Solve time = 291.951 ms
Schwarz(Jacobi)+Bicgstab:  Solving for Uz, Initial residual = 0.0017578631919012244, Final residual = 6.569707507828437e-05, No Iterations 4, Solve time = 291.951 ms
[mem] after-UEqn: DEVICE_POOL current=22752 MB  actual(reserved)=38146 MB  highWater=28040 MB
[GinkgoSolver] p-cache: reuse(update_matrix_value) solve=23 rebuildInterval=100
config(Cg+Schwarz(Multigrid)):  Solving for p, Initial residual = 0.006008643010958761, Final residual = 5.930265292845689e-05, No Iterations 40, Solve time = 1244.879 ms
time step continuity errors : sum local = 1.875190337442563e-05, global = 7.608222965380705e-07, cumulative = 1.1085317712357641e-05
[mem] after-pEqn: DEVICE_POOL current=22752 MB  actual(reserved)=38146 MB  highWater=28040 MB
[GinkgoSolver] p-cache: reuse(update_matrix_value) solve=23 rebuildInterval=0
Schwarz(Jacobi)+Bicgstab:  Solving for omega, Initial residual = 6.619081823331766e-05, Final residual = 3.7252087549236277e-06, No Iterations 2, Solve time = 85.933 ms
[GinkgoSolver] p-cache: reuse(update_matrix_value) solve=23 rebuildInterval=0
Schwarz(Jacobi)+Bicgstab:  Solving for k, Initial residual = 0.00035635094794302357, Final residual = 8.73549515429016e-06, No Iterations 3, Solve time = 98.129 ms
[mem] after-turb: DEVICE_POOL current=22752 MB  actual(reserved)=38146 MB  highWater=28040 MB
ExecutionTime = 195.37 s  ClockTime = 196 s

Time = 24
[mem] step-start: DEVICE_POOL current=22752 MB  actual(reserved)=38146 MB  highWater=28040 MB
Schwarz(Jacobi)+Bicgstab:  Solving for Ux, Initial residual = 0.00015145386924341232, Final residual = 6.695230229807133e-06, No Iterations 4, Solve time = 290.877 ms
Schwarz(Jacobi)+Bicgstab:  Solving for Uy, Initial residual = 0.006948239614782687, Final residual = 0.000856462188745275, No Iterations 4, Solve time = 290.877 ms
Schwarz(Jacobi)+Bicgstab:  Solving for Uz, Initial residual = 0.0017514021299312923, Final residual = 9.026586985281198e-05, No Iterations 4, Solve time = 290.877 ms
[mem] after-UEqn: DEVICE_POOL current=22752 MB  actual(reserved)=38146 MB  highWater=28040 MB
[GinkgoSolver] p-cache: reuse(update_matrix_value) solve=24 rebuildInterval=100
config(Cg+Schwarz(Multigrid)):  Solving for p, Initial residual = 0.005937509758318614, Final residual = 5.718375189990319e-05, No Iterations 42, Solve time = 1307.033 ms
time step continuity errors : sum local = 1.8021698385457222e-05, global = 8.952556023672082e-07, cumulative = 1.1980573314724849e-05
[mem] after-pEqn: DEVICE_POOL current=22752 MB  actual(reserved)=38146 MB  highWater=28040 MB
[GinkgoSolver] p-cache: reuse(update_matrix_value) solve=24 rebuildInterval=0
Schwarz(Jacobi)+Bicgstab:  Solving for omega, Initial residual = 6.298564646702513e-05, Final residual = 3.581438036990371e-06, No Iterations 2, Solve time = 87.174 ms
[GinkgoSolver] p-cache: reuse(update_matrix_value) solve=24 rebuildInterval=0
Schwarz(Jacobi)+Bicgstab:  Solving for k, Initial residual = 0.00035980997473071573, Final residual = 8.852333460579561e-06, No Iterations 3, Solve time = 97.235 ms
[mem] after-turb: DEVICE_POOL current=22752 MB  actual(reserved)=38146 MB  highWater=28040 MB
ExecutionTime = 198.39 s  ClockTime = 199 s

Time = 25
[mem] step-start: DEVICE_POOL current=22752 MB  actual(reserved)=38146 MB  highWater=28040 MB
Schwarz(Jacobi)+Bicgstab:  Solving for Ux, Initial residual = 0.0001492405510631527, Final residual = 1.0954018182942492e-05, No Iterations 3, Solve time = 227.859 ms
Schwarz(Jacobi)+Bicgstab:  Solving for Uy, Initial residual = 0.006793553174052583, Final residual = 0.0005062306190586002, No Iterations 3, Solve time = 227.859 ms
Schwarz(Jacobi)+Bicgstab:  Solving for Uz, Initial residual = 0.001740904494684161, Final residual = 0.0001415094108732371, No Iterations 3, Solve time = 227.859 ms
[mem] after-UEqn: DEVICE_POOL current=22752 MB  actual(reserved)=38146 MB  highWater=28040 MB
[GinkgoSolver] p-cache: reuse(update_matrix_value) solve=25 rebuildInterval=100
config(Cg+Schwarz(Multigrid)):  Solving for p, Initial residual = 0.005862924056474884, Final residual = 5.708164534689457e-05, No Iterations 40, Solve time = 1245.769 ms
time step continuity errors : sum local = 1.7979307545162997e-05, global = 1.0621667328387172e-06, cumulative = 1.3042740047563566e-05
[mem] after-pEqn: DEVICE_POOL current=22752 MB  actual(reserved)=38146 MB  highWater=28040 MB
[GinkgoSolver] p-cache: reuse(update_matrix_value) solve=25 rebuildInterval=0
Schwarz(Jacobi)+Bicgstab:  Solving for omega, Initial residual = 6.015066556474753e-05, Final residual = 3.4417675890855976e-06, No Iterations 2, Solve time = 87.948 ms
[GinkgoSolver] p-cache: reuse(update_matrix_value) solve=25 rebuildInterval=0
Schwarz(Jacobi)+Bicgstab:  Solving for k, Initial residual = 0.0003631297031778315, Final residual = 9.002689517523449e-06, No Iterations 3, Solve time = 97.255 ms
[mem] after-turb: DEVICE_POOL current=22752 MB  actual(reserved)=38146 MB  highWater=28040 MB
ExecutionTime = 201.28 s  ClockTime = 202 s

Time = 26
[mem] step-start: DEVICE_POOL current=22752 MB  actual(reserved)=38146 MB  highWater=28040 MB
Schwarz(Jacobi)+Bicgstab:  Solving for Ux, Initial residual = 0.0001467395587847788, Final residual = 1.219679083612512e-05, No Iterations 3, Solve time = 236.086 ms
Schwarz(Jacobi)+Bicgstab:  Solving for Uy, Initial residual = 0.00663584854726752, Final residual = 0.0004842841055963533, No Iterations 3, Solve time = 236.086 ms
Schwarz(Jacobi)+Bicgstab:  Solving for Uz, Initial residual = 0.0017395554892361326, Final residual = 0.00013667398562522182, No Iterations 3, Solve time = 236.086 ms
[mem] after-UEqn: DEVICE_POOL current=22752 MB  actual(reserved)=38146 MB  highWater=28040 MB
[GinkgoSolver] p-cache: reuse(update_matrix_value) solve=26 rebuildInterval=100
config(Cg+Schwarz(Multigrid)):  Solving for p, Initial residual = 0.005788053705249105, Final residual = 5.733517318940682e-05, No Iterations 41, Solve time = 1277.342 ms
time step continuity errors : sum local = 1.8057849509542054e-05, global = 1.2486331153655205e-06, cumulative = 1.4291373162929086e-05
[mem] after-pEqn: DEVICE_POOL current=22752 MB  actual(reserved)=38146 MB  highWater=28040 MB
[GinkgoSolver] p-cache: reuse(update_matrix_value) solve=26 rebuildInterval=0
Schwarz(Jacobi)+Bicgstab:  Solving for omega, Initial residual = 5.765538933305168e-05, Final residual = 3.3395810997150855e-06, No Iterations 2, Solve time = 87.705 ms
bounding omega, min: -51115.494260551684 max: 45356131.19288349 average: 7144.322672252139
[GinkgoSolver] p-cache: reuse(update_matrix_value) solve=26 rebuildInterval=0
Schwarz(Jacobi)+Bicgstab:  Solving for k, Initial residual = 0.0003672235277645704, Final residual = 9.259940903883554e-06, No Iterations 3, Solve time = 97.38 ms
[mem] after-turb: DEVICE_POOL current=22752 MB  actual(reserved)=38146 MB  highWater=28040 MB
ExecutionTime = 204.22 s  ClockTime = 205 s

Time = 27
[mem] step-start: DEVICE_POOL current=22752 MB  actual(reserved)=38146 MB  highWater=28040 MB
Schwarz(Jacobi)+Bicgstab:  Solving for Ux, Initial residual = 0.00014425027448790317, Final residual = 7.68026969436402e-06, No Iterations 3, Solve time = 232.479 ms
Schwarz(Jacobi)+Bicgstab:  Solving for Uy, Initial residual = 0.0064931223385619125, Final residual = 0.00046870397409851626, No Iterations 3, Solve time = 232.479 ms
Schwarz(Jacobi)+Bicgstab:  Solving for Uz, Initial residual = 0.0017426751011612846, Final residual = 0.00013747707814291347, No Iterations 3, Solve time = 232.479 ms
[mem] after-UEqn: DEVICE_POOL current=22752 MB  actual(reserved)=38146 MB  highWater=28040 MB
[GinkgoSolver] p-cache: reuse(update_matrix_value) solve=27 rebuildInterval=100
config(Cg+Schwarz(Multigrid)):  Solving for p, Initial residual = 0.005699675401381464, Final residual = 5.505884580703223e-05, No Iterations 42, Solve time = 1307.658 ms
time step continuity errors : sum local = 1.7337754127363627e-05, global = 1.3634896519371863e-06, cumulative = 1.5654862814866272e-05
[mem] after-pEqn: DEVICE_POOL current=22752 MB  actual(reserved)=38146 MB  highWater=28040 MB
[GinkgoSolver] p-cache: reuse(update_matrix_value) solve=27 rebuildInterval=0
Schwarz(Jacobi)+Bicgstab:  Solving for omega, Initial residual = 5.5411353166856045e-05, Final residual = 3.2449950808609325e-06, No Iterations 2, Solve time = 87.479 ms
[GinkgoSolver] p-cache: reuse(update_matrix_value) solve=27 rebuildInterval=0
Schwarz(Jacobi)+Bicgstab:  Solving for k, Initial residual = 0.00037222017070373157, Final residual = 9.789786235187145e-06, No Iterations 3, Solve time = 98.497 ms
[mem] after-turb: DEVICE_POOL current=22752 MB  actual(reserved)=38146 MB  highWater=28040 MB
ExecutionTime = 207.18 s  ClockTime = 208 s

Time = 28
[mem] step-start: DEVICE_POOL current=22752 MB  actual(reserved)=38146 MB  highWater=28040 MB
Schwarz(Jacobi)+Bicgstab:  Solving for Ux, Initial residual = 0.00014192024851308573, Final residual = 1.3615067784592578e-05, No Iterations 3, Solve time = 230.397 ms
Schwarz(Jacobi)+Bicgstab:  Solving for Uy, Initial residual = 0.0063614272626759, Final residual = 0.0004568700803084361, No Iterations 3, Solve time = 230.397 ms
Schwarz(Jacobi)+Bicgstab:  Solving for Uz, Initial residual = 0.0017478280982493122, Final residual = 0.00013873398460664767, No Iterations 3, Solve time = 230.397 ms
[mem] after-UEqn: DEVICE_POOL current=22752 MB  actual(reserved)=38146 MB  highWater=28040 MB
[GinkgoSolver] p-cache: reuse(update_matrix_value) solve=28 rebuildInterval=100
config(Cg+Schwarz(Multigrid)):  Solving for p, Initial residual = 0.005625611660968518, Final residual = 5.609476834556562e-05, No Iterations 44, Solve time = 1365.968 ms
time step continuity errors : sum local = 1.7628753555062735e-05, global = 1.249872143144578e-06, cumulative = 1.690473495801085e-05
[mem] after-pEqn: DEVICE_POOL current=22752 MB  actual(reserved)=38146 MB  highWater=28040 MB
[GinkgoSolver] p-cache: reuse(update_matrix_value) solve=28 rebuildInterval=0
Schwarz(Jacobi)+Bicgstab:  Solving for omega, Initial residual = 5.344302983893236e-05, Final residual = 3.1637910231261345e-06, No Iterations 2, Solve time = 87.589 ms
bounding omega, min: -54.06162885638911 max: 45356031.38412993 average: 7191.66906362094
[GinkgoSolver] p-cache: reuse(update_matrix_value) solve=28 rebuildInterval=0
Schwarz(Jacobi)+Bicgstab:  Solving for k, Initial residual = 0.00037695612373467264, Final residual = 9.695584289784303e-06, No Iterations 3, Solve time = 96.684 ms
[mem] after-turb: DEVICE_POOL current=22752 MB  actual(reserved)=38146 MB  highWater=28040 MB
ExecutionTime = 210.19 s  ClockTime = 211 s

Time = 29
[mem] step-start: DEVICE_POOL current=22752 MB  actual(reserved)=38146 MB  highWater=28040 MB
Schwarz(Jacobi)+Bicgstab:  Solving for Ux, Initial residual = 0.00013920114547325227, Final residual = 1.7104130559992756e-05, No Iterations 3, Solve time = 231.658 ms
Schwarz(Jacobi)+Bicgstab:  Solving for Uy, Initial residual = 0.006242486397878788, Final residual = 0.00044544509065823064, No Iterations 3, Solve time = 231.658 ms
Schwarz(Jacobi)+Bicgstab:  Solving for Uz, Initial residual = 0.0017536087540379454, Final residual = 0.00013876987472575275, No Iterations 3, Solve time = 231.658 ms
[mem] after-UEqn: DEVICE_POOL current=22752 MB  actual(reserved)=38146 MB  highWater=28040 MB
[GinkgoSolver] p-cache: reuse(update_matrix_value) solve=29 rebuildInterval=100
config(Cg+Schwarz(Multigrid)):  Solving for p, Initial residual = 0.005566084079796766, Final residual = 5.4928790585640885e-05, No Iterations 61, Solve time = 1879.162 ms
time step continuity errors : sum local = 1.7174769081043945e-05, global = -5.590517277714631e-07, cumulative = 1.6345683230239386e-05
[mem] after-pEqn: DEVICE_POOL current=22752 MB  actual(reserved)=38146 MB  highWater=28040 MB
[GinkgoSolver] p-cache: reuse(update_matrix_value) solve=29 rebuildInterval=0
Schwarz(Jacobi)+Bicgstab:  Solving for omega, Initial residual = 5.187475076944295e-05, Final residual = 3.1088039486780746e-06, No Iterations 2, Solve time = 85.817 ms
bounding omega, min: -596.2770001845365 max: 45356042.225311466 average: 7212.916912364207
[GinkgoSolver] p-cache: reuse(update_matrix_value) solve=29 rebuildInterval=0
Schwarz(Jacobi)+Bicgstab:  Solving for k, Initial residual = 0.0003832592000926337, Final residual = 9.898062432567871e-06, No Iterations 3, Solve time = 97.559 ms
[mem] after-turb: DEVICE_POOL current=22752 MB  actual(reserved)=38146 MB  highWater=28040 MB
ExecutionTime = 213.72 s  ClockTime = 214 s

Time = 30
[mem] step-start: DEVICE_POOL current=22752 MB  actual(reserved)=38146 MB  highWater=28040 MB
Schwarz(Jacobi)+Bicgstab:  Solving for Ux, Initial residual = 0.00013661200403439146, Final residual = 1.2328713378152476e-05, No Iterations 3, Solve time = 213.746 ms
Schwarz(Jacobi)+Bicgstab:  Solving for Uy, Initial residual = 0.006156087758162802, Final residual = 0.00044717342167922245, No Iterations 3, Solve time = 213.746 ms
Schwarz(Jacobi)+Bicgstab:  Solving for Uz, Initial residual = 0.0017586564251286052, Final residual = 0.00013827328503821833, No Iterations 3, Solve time = 213.746 ms
[mem] after-UEqn: DEVICE_POOL current=22752 MB  actual(reserved)=38146 MB  highWater=28040 MB
[GinkgoSolver] p-cache: reuse(update_matrix_value) solve=30 rebuildInterval=100
config(Cg+Schwarz(Multigrid)):  Solving for p, Initial residual = 0.005551147222610449, Final residual = 5.228422099170905e-05, No Iterations 66, Solve time = 2029.591 ms
time step continuity errors : sum local = 1.608037778613192e-05, global = -1.4351486974406496e-06, cumulative = 1.4910534532798737e-05
[mem] after-pEqn: DEVICE_POOL current=22752 MB  actual(reserved)=38146 MB  highWater=28040 MB
[GinkgoSolver] p-cache: reuse(update_matrix_value) solve=30 rebuildInterval=0
Schwarz(Jacobi)+Bicgstab:  Solving for omega, Initial residual = 5.081533998086003e-05, Final residual = 3.0567310199406846e-06, No Iterations 2, Solve time = 88.214 ms
bounding omega, min: -10.291278520452408 max: 45356086.16860628 average: 7232.77115452316
[GinkgoSolver] p-cache: reuse(update_matrix_value) solve=30 rebuildInterval=0
Schwarz(Jacobi)+Bicgstab:  Solving for k, Initial residual = 0.00039111182390414427, Final residual = 1.0293138934129412e-05, No Iterations 3, Solve time = 97.056 ms
[mem] after-turb: DEVICE_POOL current=22752 MB  actual(reserved)=38146 MB  highWater=28040 MB
Writing p
Writing U
Writing turbulence variables
ExecutionTime = 218.16 s  ClockTime = 220 s

Finalizing NeoN
Finalising parallel run
