/*---------------------------------------------------------------------------*\
| =========                 |                                                 |
| \\      /  F ield         | OpenFOAM: The Open Source CFD Toolbox           |
|  \\    /   O peration     | Version:  2506                                  |
|   \\  /    A nd           | Website:  www.openfoam.com                      |
|    \\/     M anipulation  |                                                 |
\*---------------------------------------------------------------------------*/
Build  : b050cd9480-20250814 OPENFOAM=2506 version=v2506
Arch   : "LSB;label=32;scalar=64"
Exec   : /storage/home/greole/code/NeoFOAM/build/profilingnvidia_h200/bin/neoSimpleFoam -parallel
Date   : Jun 30 2026
Time   : 00:11:24
Host   : gpu-nvidia-h200-2.int.coma-cluster.de
PID    : 1414407
I/O    : uncollated
Case   : /storage/home/greole/code/NeoFOAM/occDrivAerStaticMesh
nProcs : 4
Hosts  :
(
    (gpu-nvidia-h200-2.int.coma-cluster.de 4)
)
Pstream initialized with:
    node communication : off [type=host] (4 ranks, 1 nodes)
    topology controls  : none
    consensus exchange : 0 (tuning: 0)
    exchange algorithm : 0
    commsType          : nonBlocking
    polling iterations : 0
trapFpe: Floating point exception trapping enabled (FOAM_SIGFPE).
fileModificationChecking : Monitoring run-time modified files using timeStampMaster (fileModificationSkew 5, maxFileModificationPolls 20)
allowSystemOperations : Allowing user-supplied system call operations

// * * * * * * * * * * * * * * * * * * * * * * * * * * * * * * * * * * * * * //
Create time

Initializing NeoN
Creating Executor GPU
Creating NeoFOAM runTime

SIMPLE: no convergence criteria found. Calculations will run for 30 steps.

Reading field p

Reading field U

Reading/calculating face flux field phi

Selecting incompressible transport model Newtonian
NeoFOAM solver config (from fvSolution configFile) for 'config(Cg+Schwarz(Multigrid))':
{
    cacheSolver: true
    configFile: <NeoN::TokenList>
    l1ScaledResidual: true
    preconditionerRebuildInterval: 100
    relTol: 0.010000
    reportName: config(Cg+Schwarz(Multigrid))
    solver: Ginkgo
    tolerance: 0.000000
}
    effective optimize: false
    effective checkFrequency: 1
Mapping OpenFOAM solver settings to NeoN settings.
Currently, it is advisable to specify a configFile
for fine grained Ginkgo solver control

Replacing solver PBiCGStab by solver::Bicgstab
Replacing preconditioner diagonal by preconditioner::Schwarz (Schwarz-wrapped for distributed run)
NeoFOAM solver config (mapped from fvSolution) for 'Schwarz(Jacobi)+Bicgstab':
{
    cacheSolver: true
    criteria: {
        absolute_residual_norm: 0.000000
        initial_residual_norm: 0.100000
        iteration: 1000
    }
    l1ScaledResidual: true
    optimize: true
    preconditioner: {
        local_solver: {
            max_block_size: 1
            type: preconditioner::Jacobi
        }
        type: preconditioner::Schwarz
    }
    reportName: Schwarz(Jacobi)+Bicgstab
    solver: Ginkgo
    type: solver::Bicgstab
}
    effective optimize: true
    effective checkFrequency: 1
Creating phi

[NF][/storage/home/greole/code/NeoFOAM/include/NeoFOAM/auxiliary/readers.hpp::434]: Internal: 49333487, Boundary: 1754396

[NF][/storage/home/greole/code/NeoFOAM/include/NeoFOAM/auxiliary/readers.hpp::434]: Internal: 49320882, Boundary: 1762558

[NF][/storage/home/greole/code/NeoFOAM/include/NeoFOAM/auxiliary/readers.hpp::434]: Internal: 49243125, Boundary: 1362247

[NF][/storage/home/greole/code/NeoFOAM/include/NeoFOAM/auxiliary/readers.hpp::434]: Internal: 49261542, Boundary: 1427829
Selecting patchDistMethod meshWave
Mapping OpenFOAM solver settings to NeoN settings.
Currently, it is advisable to specify a configFile
for fine grained Ginkgo solver control

Replacing solver PBiCGStab by solver::Bicgstab
Replacing preconditioner diagonal by preconditioner::Schwarz (Schwarz-wrapped for distributed run)
NeoFOAM solver config (mapped from fvSolution) for 'Schwarz(Jacobi)+Bicgstab':
{
    cacheSolver: true
    criteria: {
        absolute_residual_norm: 0.000000
        initial_residual_norm: 0.100000
        iteration: 1000
    }
    l1ScaledResidual: true
    optimize: true
    preconditioner: {
        local_solver: {
            max_block_size: 1
            type: preconditioner::Jacobi
        }
        type: preconditioner::Schwarz
    }
    reportName: Schwarz(Jacobi)+Bicgstab
    solver: Ginkgo
    type: solver::Bicgstab
}
    effective optimize: true
    effective checkFrequency: 1
Mapping OpenFOAM solver settings to NeoN settings.
Currently, it is advisable to specify a configFile
for fine grained Ginkgo solver control

Replacing solver PBiCGStab by solver::Bicgstab
Replacing preconditioner diagonal by preconditioner::Schwarz (Schwarz-wrapped for distributed run)
NeoFOAM solver config (mapped from fvSolution) for 'Schwarz(Jacobi)+Bicgstab':
{
    cacheSolver: true
    criteria: {
        absolute_residual_norm: 0.000000
        initial_residual_norm: 0.100000
        iteration: 1000
    }
    l1ScaledResidual: true
    optimize: true
    preconditioner: {
        local_solver: {
            max_block_size: 1
            type: preconditioner::Jacobi
        }
        type: preconditioner::Schwarz
    }
    reportName: Schwarz(Jacobi)+Bicgstab
    solver: Ginkgo
    type: solver::Bicgstab
}
    effective optimize: true
    effective checkFrequency: 1
Starting time loop
Time = 1
[mem] step-start: DEVICE_POOL current=16605 MB  actual(reserved)=38146 MB  highWater=19132 MB
Schwarz(Jacobi)+Bicgstab:  Solving for Ux, Initial residual = 0.0019488955966077462, Final residual = 0.00023894144179944507, No Iterations 3, Solve time = 142.671 ms
Schwarz(Jacobi)+Bicgstab:  Solving for Uy, Initial residual = 0.16486889485444556, Final residual = 0.008211417173385839, No Iterations 3, Solve time = 142.671 ms
Schwarz(Jacobi)+Bicgstab:  Solving for Uz, Initial residual = 0.10478399166434318, Final residual = 0.004988129972801335, No Iterations 3, Solve time = 142.671 ms
[mem] after-UEqn: DEVICE_POOL current=19099 MB  actual(reserved)=38146 MB  highWater=24387 MB
[GinkgoSolver] p-cache: rebuild(generate) solve=1 rebuildInterval=100
config(Cg+Schwarz(Multigrid)):  Solving for p, Initial residual = 1, Final residual = 0.009642037098982986, No Iterations 115, Solve time = 3835.679 ms
time step continuity errors : sum local = 6.439074570217491e-05, global = 3.1459134352341283e-06, cumulative = 3.1459134352341283e-06
[mem] after-pEqn: DEVICE_POOL current=20567 MB  actual(reserved)=38146 MB  highWater=24387 MB
[GinkgoSolver] p-cache: rebuild(generate) solve=1 rebuildInterval=0
Schwarz(Jacobi)+Bicgstab:  Solving for omega, Initial residual = 0.9999999999999997, Final residual = 0.030747781755243564, No Iterations 1, Solve time = 35.29 ms
bounding omega, min: -52.867160417680566 max: 46109484.5242679 average: 2443.124717569999
[GinkgoSolver] p-cache: rebuild(generate) solve=1 rebuildInterval=0
Schwarz(Jacobi)+Bicgstab:  Solving for k, Initial residual = 0.9999999999999729, Final residual = 0.043859900434261544, No Iterations 1, Solve time = 34.975 ms
[mem] after-turb: DEVICE_POOL current=22752 MB  actual(reserved)=38146 MB  highWater=24811 MB
ExecutionTime = 87.06999999999999 s  ClockTime = 87 s

Time = 2
[mem] step-start: DEVICE_POOL current=22752 MB  actual(reserved)=38146 MB  highWater=24811 MB
Schwarz(Jacobi)+Bicgstab:  Solving for Ux, Initial residual = 0.001292365035006538, Final residual = 5.9189796729473484e-05, No Iterations 5, Solve time = 184.343 ms
Schwarz(Jacobi)+Bicgstab:  Solving for Uy, Initial residual = 0.06545965750172479, Final residual = 0.002985235653570075, No Iterations 5, Solve time = 184.343 ms
Schwarz(Jacobi)+Bicgstab:  Solving for Uz, Initial residual = 0.0408445031875381, Final residual = 0.0009090414613280231, No Iterations 5, Solve time = 184.343 ms
[mem] after-UEqn: DEVICE_POOL current=22752 MB  actual(reserved)=38146 MB  highWater=28040 MB
Terminate called after throwing an instance of gko::NotSupported: /storage/home/greole/code/NeoFOAM/build/profilingnvidia_h200/_deps/ginkgo-src/include/ginkgo/core/base/utils_helper.hpp:426: Operation as does not support parameters of type gko::multigrid::Pmis<double, int>
Terminate called after throwing an instance of gko::NotSupported: /storage/home/greole/code/NeoFOAM/build/profilingnvidia_h200/_deps/ginkgo-src/include/ginkgo/core/base/utils_helper.hpp:426: Operation as does not support parameters of type gko::multigrid::Pmis<double, int>
Terminate called after throwing an instance of gko::NotSupported: /storage/home/greole/code/NeoFOAM/build/profilingnvidia_h200/_deps/ginkgo-src/include/ginkgo/core/base/utils_helper.hpp:426: Operation as does not support parameters of type gko::multigrid::Pmis<double, int>
Terminate called after throwing an instance of gko::NotSupported: /storage/home/greole/code/NeoFOAM/build/profilingnvidia_h200/_deps/ginkgo-src/include/ginkgo/core/base/utils_helper.hpp:426: Operation as does not support parameters of type gko::multigrid::Pmis<double, int>
Stack trace to reach terminate handler (most recent call first):
#0  0x000000000053bb39 in cpptrace::terminate_handler() at /storage/home/greole/code/NeoFOAM/build/profilingnvidia_h200/_deps/cpptrace-src/src/utils.cpp:65:34
#1  0x00007f56df328f39 in __cxxabiv1::__terminate(void (*)()) at /scratch/software/tmp/spack-stage/spack-stage-gcc-13.3.0-pc5contataet2iuufjrcsndtp6ub6hpk/spack-src/libstdc++-v3/libsupc++/eh_terminate.cc:48:15
#2  0x00007f56df328fa4 in std::terminate() at /scratch/software/tmp/spack-stage/spack-stage-gcc-13.3.0-pc5contataet2iuufjrcsndtp6ub6hpk/spack-src/libstdc++-v3/libsupc++/eh_terminate.cc:58:27
#3  0x00007f56df3291f6 in __cxa_throw at /scratch/software/tmp/spack-stage/spack-stage-gcc-13.3.0-pc5contataet2iuufjrcsndtp6ub6hpk/spack-src/libstdc++-v3/libsupc++/eh_throw.cc:98:18
#4  0x00007f573e8f95d5 in std::shared_ptr<std::decay<gko::UpdateMatrixValue>::type> gko::as<gko::UpdateMatrixValue, gko::multigrid::MultigridLevel>(std::shared_ptr<gko::multigrid::MultigridLevel>) at /storage/home/greole/code/NeoFOAM/build/profilingnvidia_h200/_deps/ginkgo-src/include/ginkgo/core/base/utils_helper.hpp:426:9
#5  0x00007f573e8de14d in gko::solver::Multigrid::update_matrix_value(std::shared_ptr<gko::LinOp const>) at /storage/home/greole/code/NeoFOAM/build/profilingnvidia_h200/_deps/ginkgo-src/core/solver/multigrid.cpp:1104:30
#6  0x00007f573ea5b66c in gko::experimental::distributed::preconditioner::Schwarz<double, int, long>::update_matrix_value(std::shared_ptr<gko::LinOp const>) at /storage/home/greole/code/NeoFOAM/build/profilingnvidia_h200/_deps/ginkgo-src/core/distributed/preconditioner/schwarz.cpp:346:39
#7  0x00007f573d9bc498 in NeoN::la::ginkgo::(anonymous namespace)::cacheOrUpdateSolver(std::shared_ptr<gko::LinOp>&, std::unique_ptr<gko::solver::Workspace, std::default_delete<gko::solver::Workspace> >&, std::array<unsigned long, 3ul>&, int&, bool, int, std::shared_ptr<gko::LinOpFactory const> const&, std::shared_ptr<gko::LinOp const> const&, std::array<unsigned long, 3ul> const&) at /storage/home/greole/code/NeoN/src/linearAlgebra/ginkgo/ginkgoDistributed.cpp:665:25
#8  0x00007f573d9be34a in NeoN::la::ginkgo::GinkgoSolver::solveDist(NeoN::la::LinearSystem<double, double, NeoN::la::Matrix<double, NeoN::la::CsrSparsityPattern<int> >, NeoN::la::Matrix<double, NeoN::la::CooSparsityPattern<int> > > const&, NeoN::Vector<double>&) const at /storage/home/greole/code/NeoN/src/linearAlgebra/ginkgo/ginkgoDistributed.cpp:845:217
#9  (inlined)          in NeoN::la::Solver::solve(NeoN::la::LinearSystem<double, double, NeoN::la::Matrix<double, NeoN::la::CsrSparsityPattern<int> >, NeoN::la::Matrix<double, NeoN::la::CooSparsityPattern<int> > > const&, NeoN::Vector<double>&) const at /storage/home/greole/code/NeoN/include/NeoN/linearAlgebra/solver.hpp:121:92
#10 0x0000000000604696 in NeoFOAM::PDE<double, double, int>::solveImpl(NeoN::dsl::Expression<double, int>&, NeoN::la::LinearSystem<double, double, NeoN::la::Matrix<double, NeoN::la::CsrSparsityPattern<int> >, NeoN::la::Matrix<double, NeoN::la::CooSparsityPattern<int> > >&) at /storage/home/greole/code/NeoFOAM/include/NeoFOAM/datastructures/pde.hpp:436:6
#11 (inlined)          in NeoFOAM::PDE<double, double, int>::solve() at /storage/home/greole/code/NeoFOAM/include/NeoFOAM/datastructures/pde.hpp:222:31
#12 0x000000000053fd7b in main at /storage/home/greole/code/NeoFOAM/examples/neoSimpleFoam/neoSimpleFoam.cpp:244:11
#13 0x00007f56def8a60f at /lib64/libc.so.6
#14 0x00007f56def8a6bf at /lib64/libc.so.6
#15 0x00000000005405e4 at /storage/home/greole/code/NeoFOAM/build/profilingnvidia_h200/bin/neoSimpleFoam
[gpu-nvidia-h200-2:1414408] *** Process received signal ***
[gpu-nvidia-h200-2:1414408] Signal: Aborted (6)
[gpu-nvidia-h200-2:1414408] Signal code:  (-6)
[gpu-nvidia-h200-2:1414408] [ 0] /lib64/libc.so.6(+0x3fc30)[0x7f56def9fc30]
[gpu-nvidia-h200-2:1414408] [ 1] /lib64/libc.so.6(+0x8d02c)[0x7f56defed02c]
[gpu-nvidia-h200-2:1414408] [ 2] /lib64/libc.so.6(raise+0x16)[0x7f56def9fb86]
[gpu-nvidia-h200-2:1414408] [ 3] /lib64/libc.so.6(abort+0xd3)[0x7f56def89873]
[gpu-nvidia-h200-2:1414408] [ 4] /storage/home/greole/code/NeoFOAM/build/profilingnvidia_h200/bin/neoSimpleFoam[0x628e24]
[gpu-nvidia-h200-2:1414408] [ 5] /storage/apps/opt/spack/opt/spack/__spack_path_placeholder__/__spack_path_placeholder__/__spack_path_placeholder__/__spack_path_placeholder__/__spack_path_placeholder__/__spack_path_placeholder__/__spack_path_placeholder__/__spack_path_placeholder__/__spac/linux-x86_64_v3/gcc-13.3.0-pc5contataet2iuufjrcsndtp6ub6hpk/lib64/libstdc++.so.6(+0xbdf3a)[0x7f56df328f3a]
[gpu-nvidia-h200-2:1414408] [ 6] /storage/apps/opt/spack/opt/spack/__spack_path_placeholder__/__spack_path_placeholder__/__spack_path_placeholder__/__spack_path_placeholder__/__spack_path_placeholder__/__spack_path_placeholder__/__spack_path_placeholder__/__spack_path_placeholder__/__spac/linux-x86_64_v3/gcc-13.3.0-pc5contataet2iuufjrcsndtp6ub6hpk/lib64/libstdc++.so.6(+0xbdfa5)[0x7f56df328fa5]
[gpu-nvidia-h200-2:1414408] [ 7] /storage/apps/opt/spack/opt/spack/__spack_path_placeholder__/__spack_path_placeholder__/__spack_path_placeholder__/__spack_path_placeholder__/__spack_path_placeholder__/__spack_path_placeholder__/__spack_path_placeholder__/__spack_path_placeholder__/__spac/linux-x86_64_v3/gcc-13.3.0-pc5contataet2iuufjrcsndtp6ub6hpk/lib64/libstdc++.so.6(+0xbe1f7)[0x7f56df3291f7]
[gpu-nvidia-h200-2:1414408] [ 8] /storage/home/greole/code/NeoFOAM/build/profilingnvidia_h200/lib/libNeoN.so(_ZN3gko2asINS_17UpdateMatrixValueENS_9multigrid14MultigridLevelEEESt10shared_ptrINSt5decayIT_E4typeEES4_IT0_E+0x116)[0x7f573e8f95d6]
[gpu-nvidia-h200-2:1414408] [ 9] /storage/home/greole/code/NeoFOAM/build/profilingnvidia_h200/lib/libNeoN.so(_ZN3gko6solver9Multigrid19update_matrix_valueESt10shared_ptrIKNS_5LinOpEE+0x1ce)[0x7f573e8de14e]
[gpu-nvidia-h200-2:1414408] [10] /storage/home/greole/code/NeoFOAM/build/profilingnvidia_h200/lib/libNeoN.so(_ZN3gko12experimental11distributed14preconditioner7SchwarzIdilE19update_matrix_valueESt10shared_ptrIKNS_5LinOpEE+0x17d)[0x7f573ea5b66d]
[gpu-nvidia-h200-2:1414408] [11] /storage/home/greole/code/NeoFOAM/build/profilingnvidia_h200/lib/libNeoN.so(+0x21fa499)[0x7f573d9bc499]
[gpu-nvidia-h200-2:1414408] [12] /storage/home/greole/code/NeoFOAM/build/profilingnvidia_h200/lib/libNeoN.so(_ZNK4NeoN2la6ginkgo12GinkgoSolver9solveDistERKNS0_12LinearSystemIddNS0_6MatrixIdNS0_18CsrSparsityPatternIiEEEENS4_IdNS0_18CooSparsityPatternIiEEEEEERNS_6VectorIdEE+0x23b)[0x7f573d9be34b]
[gpu-nvidia-h200-2:1414408] [13] /storage/home/greole/code/NeoFOAM/build/profilingnvidia_h200/bin/neoSimpleFoam(_ZN7NeoFOAM3PDEIddiE9solveImplERN4NeoN3dsl10ExpressionIdiEERNS2_2la12LinearSystemIddNS7_6MatrixIdNS7_18CsrSparsityPatternIiEEEENS9_IdNS7_18CooSparsityPatternIiEEEEEE+0x387)[0x604697]
[gpu-nvidia-h200-2:1414408] [14] /storage/home/greole/code/NeoFOAM/build/profilingnvidia_h200/bin/neoSimpleFoam(main+0x184c)[0x53fd7c]
[gpu-nvidia-h200-2:1414408] [15] /lib64/libc.so.6(+0x2a610)[0x7f56def8a610]
[gpu-nvidia-h200-2:1414408] [16] /lib64/libc.so.6(__libc_start_main+0x80)[0x7f56def8a6c0]
[gpu-nvidia-h200-2:1414408] [17] /storage/home/greole/code/NeoFOAM/build/profilingnvidia_h200/bin/neoSimpleFoam(_start+0x25)[0x5405e5]
[gpu-nvidia-h200-2:1414408] *** End of error message ***
Stack trace to reach terminate handler (most recent call first):
#0  0x000000000053bb39 in cpptrace::terminate_handler() at /storage/home/greole/code/NeoFOAM/build/profilingnvidia_h200/_deps/cpptrace-src/src/utils.cpp:65:34
#1  0x00007ff005855f39 in __cxxabiv1::__terminate(void (*)()) at /scratch/software/tmp/spack-stage/spack-stage-gcc-13.3.0-pc5contataet2iuufjrcsndtp6ub6hpk/spack-src/libstdc++-v3/libsupc++/eh_terminate.cc:48:15
#2  0x00007ff005855fa4 in std::terminate() at /scratch/software/tmp/spack-stage/spack-stage-gcc-13.3.0-pc5contataet2iuufjrcsndtp6ub6hpk/spack-src/libstdc++-v3/libsupc++/eh_terminate.cc:58:27
#3  0x00007ff0058561f6 in __cxa_throw at /scratch/software/tmp/spack-stage/spack-stage-gcc-13.3.0-pc5contataet2iuufjrcsndtp6ub6hpk/spack-src/libstdc++-v3/libsupc++/eh_throw.cc:98:18
#4  0x00007ff064e265d5 in std::shared_ptr<std::decay<gko::UpdateMatrixValue>::type> gko::as<gko::UpdateMatrixValue, gko::multigrid::MultigridLevel>(std::shared_ptr<gko::multigrid::MultigridLevel>) at /storage/home/greole/code/NeoFOAM/build/profilingnvidia_h200/_deps/ginkgo-src/include/ginkgo/core/base/utils_helper.hpp:426:9
#5  0x00007ff064e0b14d in gko::solver::Multigrid::update_matrix_value(std::shared_ptr<gko::LinOp const>) at /storage/home/greole/code/NeoFOAM/build/profilingnvidia_h200/_deps/ginkgo-src/core/solver/multigrid.cpp:1104:30
#6  0x00007ff064f8866c in gko::experimental::distributed::preconditioner::Schwarz<double, int, long>::update_matrix_value(std::shared_ptr<gko::LinOp const>) at /storage/home/greole/code/NeoFOAM/build/profilingnvidia_h200/_deps/ginkgo-src/core/distributed/preconditioner/schwarz.cpp:346:39
#7  0x00007ff063ee9498 in NeoN::la::ginkgo::(anonymous namespace)::cacheOrUpdateSolver(std::shared_ptr<gko::LinOp>&, std::unique_ptr<gko::solver::Workspace, std::default_delete<gko::solver::Workspace> >&, std::array<unsigned long, 3ul>&, int&, bool, int, std::shared_ptr<gko::LinOpFactory const> const&, std::shared_ptr<gko::LinOp const> const&, std::array<unsigned long, 3ul> const&) at /storage/home/greole/code/NeoN/src/linearAlgebra/ginkgo/ginkgoDistributed.cpp:665:25
#8  0x00007ff063eeb34a in NeoN::la::ginkgo::GinkgoSolver::solveDist(NeoN::la::LinearSystem<double, double, NeoN::la::Matrix<double, NeoN::la::CsrSparsityPattern<int> >, NeoN::la::Matrix<double, NeoN::la::CooSparsityPattern<int> > > const&, NeoN::Vector<double>&) const at /storage/home/greole/code/NeoN/src/linearAlgebra/ginkgo/ginkgoDistributed.cpp:845:217
#9  (inlined)          in NeoN::la::Solver::solve(NeoN::la::LinearSystem<double, double, NeoN::la::Matrix<double, NeoN::la::CsrSparsityPattern<int> >, NeoN::la::Matrix<double, NeoN::la::CooSparsityPattern<int> > > const&, NeoN::Vector<double>&) const at /storage/home/greole/code/NeoN/include/NeoN/linearAlgebra/solver.hpp:121:92
#10 0x0000000000604696 in NeoFOAM::PDE<double, double, int>::solveImpl(NeoN::dsl::Expression<double, int>&, NeoN::la::LinearSystem<double, double, NeoN::la::Matrix<double, NeoN::la::CsrSparsityPattern<int> >, NeoN::la::Matrix<double, NeoN::la::CooSparsityPattern<int> > >&) at /storage/home/greole/code/NeoFOAM/include/NeoFOAM/datastructures/pde.hpp:436:6
#11 (inlined)          in NeoFOAM::PDE<double, double, int>::solve() at /storage/home/greole/code/NeoFOAM/include/NeoFOAM/datastructures/pde.hpp:222:31
#12 0x000000000053fd7b in main at /storage/home/greole/code/NeoFOAM/examples/neoSimpleFoam/neoSimpleFoam.cpp:244:11
#13 0x00007ff0054b760f at /lib64/libc.so.6
#14 0x00007ff0054b76bf at /lib64/libc.so.6
#15 0x00000000005405e4 at /storage/home/greole/code/NeoFOAM/build/profilingnvidia_h200/bin/neoSimpleFoam
[gpu-nvidia-h200-2:1414409] *** Process received signal ***
[gpu-nvidia-h200-2:1414409] Signal: Aborted (6)
[gpu-nvidia-h200-2:1414409] Signal code:  (-6)
[gpu-nvidia-h200-2:1414409] [ 0] /lib64/libc.so.6(+0x3fc30)[0x7ff0054ccc30]
[gpu-nvidia-h200-2:1414409] [ 1] /lib64/libc.so.6(+0x8d02c)[0x7ff00551a02c]
[gpu-nvidia-h200-2:1414409] [ 2] /lib64/libc.so.6(raise+0x16)[0x7ff0054ccb86]
[gpu-nvidia-h200-2:1414409] [ 3] /lib64/libc.so.6(abort+0xd3)[0x7ff0054b6873]
[gpu-nvidia-h200-2:1414409] [ 4] /storage/home/greole/code/NeoFOAM/build/profilingnvidia_h200/bin/neoSimpleFoam[0x628e24]
[gpu-nvidia-h200-2:1414409] [ 5] /storage/apps/opt/spack/opt/spack/__spack_path_placeholder__/__spack_path_placeholder__/__spack_path_placeholder__/__spack_path_placeholder__/__spack_path_placeholder__/__spack_path_placeholder__/__spack_path_placeholder__/__spack_path_placeholder__/__spac/linux-x86_64_v3/gcc-13.3.0-pc5contataet2iuufjrcsndtp6ub6hpk/lib64/libstdc++.so.6(+0xbdf3a)[0x7ff005855f3a]
[gpu-nvidia-h200-2:1414409] [ 6] /storage/apps/opt/spack/opt/spack/__spack_path_placeholder__/__spack_path_placeholder__/__spack_path_placeholder__/__spack_path_placeholder__/__spack_path_placeholder__/__spack_path_placeholder__/__spack_path_placeholder__/__spack_path_placeholder__/__spac/linux-x86_64_v3/gcc-13.3.0-pc5contataet2iuufjrcsndtp6ub6hpk/lib64/libstdc++.so.6(+0xbdfa5)[0x7ff005855fa5]
[gpu-nvidia-h200-2:1414409] [ 7] /storage/apps/opt/spack/opt/spack/__spack_path_placeholder__/__spack_path_placeholder__/__spack_path_placeholder__/__spack_path_placeholder__/__spack_path_placeholder__/__spack_path_placeholder__/__spack_path_placeholder__/__spack_path_placeholder__/__spac/linux-x86_64_v3/gcc-13.3.0-pc5contataet2iuufjrcsndtp6ub6hpk/lib64/libstdc++.so.6(+0xbe1f7)[0x7ff0058561f7]
[gpu-nvidia-h200-2:1414409] [ 8] /storage/home/greole/code/NeoFOAM/build/profilingnvidia_h200/lib/libNeoN.so(_ZN3gko2asINS_17UpdateMatrixValueENS_9multigrid14MultigridLevelEEESt10shared_ptrINSt5decayIT_E4typeEES4_IT0_E+0x116)[0x7ff064e265d6]
[gpu-nvidia-h200-2:1414409] [ 9] /storage/home/greole/code/NeoFOAM/build/profilingnvidia_h200/lib/libNeoN.so(_ZN3gko6solver9Multigrid19update_matrix_valueESt10shared_ptrIKNS_5LinOpEE+0x1ce)[0x7ff064e0b14e]
[gpu-nvidia-h200-2:1414409] [10] /storage/home/greole/code/NeoFOAM/build/profilingnvidia_h200/lib/libNeoN.so(_ZN3gko12experimental11distributed14preconditioner7SchwarzIdilE19update_matrix_valueESt10shared_ptrIKNS_5LinOpEE+0x17d)[0x7ff064f8866d]
[gpu-nvidia-h200-2:1414409] [11] /storage/home/greole/code/NeoFOAM/build/profilingnvidia_h200/lib/libNeoN.so(+0x21fa499)[0x7ff063ee9499]
[gpu-nvidia-h200-2:1414409] [12] /storage/home/greole/code/NeoFOAM/build/profilingnvidia_h200/lib/libNeoN.so(_ZNK4NeoN2la6ginkgo12GinkgoSolver9solveDistERKNS0_12LinearSystemIddNS0_6MatrixIdNS0_18CsrSparsityPatternIiEEEENS4_IdNS0_18CooSparsityPatternIiEEEEEERNS_6VectorIdEE+0x23b)[0x7ff063eeb34b]
[gpu-nvidia-h200-2:1414409] [13] /storage/home/greole/code/NeoFOAM/build/profilingnvidia_h200/bin/neoSimpleFoam(_ZN7NeoFOAM3PDEIddiE9solveImplERN4NeoN3dsl10ExpressionIdiEERNS2_2la12LinearSystemIddNS7_6MatrixIdNS7_18CsrSparsityPatternIiEEEENS9_IdNS7_18CooSparsityPatternIiEEEEEE+0x387)[0x604697]
[gpu-nvidia-h200-2:1414409] [14] /storage/home/greole/code/NeoFOAM/build/profilingnvidia_h200/bin/neoSimpleFoam(main+0x184c)[0x53fd7c]
[gpu-nvidia-h200-2:1414409] [15] /lib64/libc.so.6(+0x2a610)[0x7ff0054b7610]
[gpu-nvidia-h200-2:1414409] [16] /lib64/libc.so.6(__libc_start_main+0x80)[0x7ff0054b76c0]
[gpu-nvidia-h200-2:1414409] [17] /storage/home/greole/code/NeoFOAM/build/profilingnvidia_h200/bin/neoSimpleFoam(_start+0x25)[0x5405e5]
[gpu-nvidia-h200-2:1414409] *** End of error message ***
Stack trace to reach terminate handler (most recent call first):
#0  0x000000000053bb39 in cpptrace::terminate_handler() at /storage/home/greole/code/NeoFOAM/build/profilingnvidia_h200/_deps/cpptrace-src/src/utils.cpp:65:34
#1  0x00007f0bbbafdf39 in __cxxabiv1::__terminate(void (*)()) at /scratch/software/tmp/spack-stage/spack-stage-gcc-13.3.0-pc5contataet2iuufjrcsndtp6ub6hpk/spack-src/libstdc++-v3/libsupc++/eh_terminate.cc:48:15
#2  0x00007f0bbbafdfa4 in std::terminate() at /scratch/software/tmp/spack-stage/spack-stage-gcc-13.3.0-pc5contataet2iuufjrcsndtp6ub6hpk/spack-src/libstdc++-v3/libsupc++/eh_terminate.cc:58:27
#3  0x00007f0bbbafe1f6 in __cxa_throw at /scratch/software/tmp/spack-stage/spack-stage-gcc-13.3.0-pc5contataet2iuufjrcsndtp6ub6hpk/spack-src/libstdc++-v3/libsupc++/eh_throw.cc:98:18
#4  0x00007f0c1b0ce5d5 in std::shared_ptr<std::decay<gko::UpdateMatrixValue>::type> gko::as<gko::UpdateMatrixValue, gko::multigrid::MultigridLevel>(std::shared_ptr<gko::multigrid::MultigridLevel>) at /storage/home/greole/code/NeoFOAM/build/profilingnvidia_h200/_deps/ginkgo-src/include/ginkgo/core/base/utils_helper.hpp:426:9
#5  0x00007f0c1b0b314d in gko::solver::Multigrid::update_matrix_value(std::shared_ptr<gko::LinOp const>) at /storage/home/greole/code/NeoFOAM/build/profilingnvidia_h200/_deps/ginkgo-src/core/solver/multigrid.cpp:1104:30
#6  0x00007f0c1b23066c in gko::experimental::distributed::preconditioner::Schwarz<double, int, long>::update_matrix_value(std::shared_ptr<gko::LinOp const>) at /storage/home/greole/code/NeoFOAM/build/profilingnvidia_h200/_deps/ginkgo-src/core/distributed/preconditioner/schwarz.cpp:346:39
#7  0x00007f0c1a191498 in NeoN::la::ginkgo::(anonymous namespace)::cacheOrUpdateSolver(std::shared_ptr<gko::LinOp>&, std::unique_ptr<gko::solver::Workspace, std::default_delete<gko::solver::Workspace> >&, std::array<unsigned long, 3ul>&, int&, bool, int, std::shared_ptr<gko::LinOpFactory const> const&, std::shared_ptr<gko::LinOp const> const&, std::array<unsigned long, 3ul> const&) at /storage/home/greole/code/NeoN/src/linearAlgebra/ginkgo/ginkgoDistributed.cpp:665:25
#8  0x00007f0c1a19334a in NeoN::la::ginkgo::GinkgoSolver::solveDist(NeoN::la::LinearSystem<double, double, NeoN::la::Matrix<double, NeoN::la::CsrSparsityPattern<int> >, NeoN::la::Matrix<double, NeoN::la::CooSparsityPattern<int> > > const&, NeoN::Vector<double>&) const at /storage/home/greole/code/NeoN/src/linearAlgebra/ginkgo/ginkgoDistributed.cpp:845:217
#9  (inlined)          in NeoN::la::Solver::solve(NeoN::la::LinearSystem<double, double, NeoN::la::Matrix<double, NeoN::la::CsrSparsityPattern<int> >, NeoN::la::Matrix<double, NeoN::la::CooSparsityPattern<int> > > const&, NeoN::Vector<double>&) const at /storage/home/greole/code/NeoN/include/NeoN/linearAlgebra/solver.hpp:121:92
#10 0x0000000000604696 in NeoFOAM::PDE<double, double, int>::solveImpl(NeoN::dsl::Expression<double, int>&, NeoN::la::LinearSystem<double, double, NeoN::la::Matrix<double, NeoN::la::CsrSparsityPattern<int> >, NeoN::la::Matrix<double, NeoN::la::CooSparsityPattern<int> > >&) at /storage/home/greole/code/NeoFOAM/include/NeoFOAM/datastructures/pde.hpp:436:6
#11 (inlined)          in NeoFOAM::PDE<double, double, int>::solve() at /storage/home/greole/code/NeoFOAM/include/NeoFOAM/datastructures/pde.hpp:222:31
#12 0x000000000053fd7b in main at /storage/home/greole/code/NeoFOAM/examples/neoSimpleFoam/neoSimpleFoam.cpp:244:11
#13 0x00007f0bbb75f60f at /lib64/libc.so.6
#14 0x00007f0bbb75f6bf at /lib64/libc.so.6
#15 0x00000000005405e4 at /storage/home/greole/code/NeoFOAM/build/profilingnvidia_h200/bin/neoSimpleFoam
[gpu-nvidia-h200-2:1414410] *** Process received signal ***
[gpu-nvidia-h200-2:1414410] Signal: Aborted (6)
[gpu-nvidia-h200-2:1414410] Signal code:  (-6)
[gpu-nvidia-h200-2:1414410] [ 0] /lib64/libc.so.6(+0x3fc30)[0x7f0bbb774c30]
[gpu-nvidia-h200-2:1414410] [ 1] /lib64/libc.so.6(+0x8d02c)[0x7f0bbb7c202c]
[gpu-nvidia-h200-2:1414410] [ 2] /lib64/libc.so.6(raise+0x16)[0x7f0bbb774b86]
[gpu-nvidia-h200-2:1414410] [ 3] /lib64/libc.so.6(abort+0xd3)[0x7f0bbb75e873]
[gpu-nvidia-h200-2:1414410] [ 4] /storage/home/greole/code/NeoFOAM/build/profilingnvidia_h200/bin/neoSimpleFoam[0x628e24]
[gpu-nvidia-h200-2:1414410] [ 5] /storage/apps/opt/spack/opt/spack/__spack_path_placeholder__/__spack_path_placeholder__/__spack_path_placeholder__/__spack_path_placeholder__/__spack_path_placeholder__/__spack_path_placeholder__/__spack_path_placeholder__/__spack_path_placeholder__/__spac/linux-x86_64_v3/gcc-13.3.0-pc5contataet2iuufjrcsndtp6ub6hpk/lib64/libstdc++.so.6(+0xbdf3a)[0x7f0bbbafdf3a]
[gpu-nvidia-h200-2:1414410] [ 6] /storage/apps/opt/spack/opt/spack/__spack_path_placeholder__/__spack_path_placeholder__/__spack_path_placeholder__/__spack_path_placeholder__/__spack_path_placeholder__/__spack_path_placeholder__/__spack_path_placeholder__/__spack_path_placeholder__/__spac/linux-x86_64_v3/gcc-13.3.0-pc5contataet2iuufjrcsndtp6ub6hpk/lib64/libstdc++.so.6(+0xbdfa5)[0x7f0bbbafdfa5]
[gpu-nvidia-h200-2:1414410] [ 7] /storage/apps/opt/spack/opt/spack/__spack_path_placeholder__/__spack_path_placeholder__/__spack_path_placeholder__/__spack_path_placeholder__/__spack_path_placeholder__/__spack_path_placeholder__/__spack_path_placeholder__/__spack_path_placeholder__/__spac/linux-x86_64_v3/gcc-13.3.0-pc5contataet2iuufjrcsndtp6ub6hpk/lib64/libstdc++.so.6(+0xbe1f7)[0x7f0bbbafe1f7]
[gpu-nvidia-h200-2:1414410] [ 8] /storage/home/greole/code/NeoFOAM/build/profilingnvidia_h200/lib/libNeoN.so(_ZN3gko2asINS_17UpdateMatrixValueENS_9multigrid14MultigridLevelEEESt10shared_ptrINSt5decayIT_E4typeEES4_IT0_E+0x116)[0x7f0c1b0ce5d6]
[gpu-nvidia-h200-2:1414410] [ 9] /storage/home/greole/code/NeoFOAM/build/profilingnvidia_h200/lib/libNeoN.so(_ZN3gko6solver9Multigrid19update_matrix_valueESt10shared_ptrIKNS_5LinOpEE+0x1ce)[0x7f0c1b0b314e]
[gpu-nvidia-h200-2:1414410] [10] /storage/home/greole/code/NeoFOAM/build/profilingnvidia_h200/lib/libNeoN.so(_ZN3gko12experimental11distributed14preconditioner7SchwarzIdilE19update_matrix_valueESt10shared_ptrIKNS_5LinOpEE+0x17d)[0x7f0c1b23066d]
[gpu-nvidia-h200-2:1414410] [11] /storage/home/greole/code/NeoFOAM/build/profilingnvidia_h200/lib/libNeoN.so(+0x21fa499)[0x7f0c1a191499]
[gpu-nvidia-h200-2:1414410] [12] /storage/home/greole/code/NeoFOAM/build/profilingnvidia_h200/lib/libNeoN.so(_ZNK4NeoN2la6ginkgo12GinkgoSolver9solveDistERKNS0_12LinearSystemIddNS0_6MatrixIdNS0_18CsrSparsityPatternIiEEEENS4_IdNS0_18CooSparsityPatternIiEEEEEERNS_6VectorIdEE+0x23b)[0x7f0c1a19334b]
[gpu-nvidia-h200-2:1414410] [13] /storage/home/greole/code/NeoFOAM/build/profilingnvidia_h200/bin/neoSimpleFoam(_ZN7NeoFOAM3PDEIddiE9solveImplERN4NeoN3dsl10ExpressionIdiEERNS2_2la12LinearSystemIddNS7_6MatrixIdNS7_18CsrSparsityPatternIiEEEENS9_IdNS7_18CooSparsityPatternIiEEEEEE+0x387)[0x604697]
[gpu-nvidia-h200-2:1414410] [14] /storage/home/greole/code/NeoFOAM/build/profilingnvidia_h200/bin/neoSimpleFoam(main+0x184c)[0x53fd7c]
[gpu-nvidia-h200-2:1414410] [15] /lib64/libc.so.6(+0x2a610)[0x7f0bbb75f610]
[gpu-nvidia-h200-2:1414410] [16] /lib64/libc.so.6(__libc_start_main+0x80)[0x7f0bbb75f6c0]
[gpu-nvidia-h200-2:1414410] [17] /storage/home/greole/code/NeoFOAM/build/profilingnvidia_h200/bin/neoSimpleFoam(_start+0x25)[0x5405e5]
[gpu-nvidia-h200-2:1414410] *** End of error message ***
Stack trace to reach terminate handler (most recent call first):
#0  0x000000000053bb39 in cpptrace::terminate_handler() at /storage/home/greole/code/NeoFOAM/build/profilingnvidia_h200/_deps/cpptrace-src/src/utils.cpp:65:34
#1  0x00007fc8583baf39 in __cxxabiv1::__terminate(void (*)()) at /scratch/software/tmp/spack-stage/spack-stage-gcc-13.3.0-pc5contataet2iuufjrcsndtp6ub6hpk/spack-src/libstdc++-v3/libsupc++/eh_terminate.cc:48:15
#2  0x00007fc8583bafa4 in std::terminate() at /scratch/software/tmp/spack-stage/spack-stage-gcc-13.3.0-pc5contataet2iuufjrcsndtp6ub6hpk/spack-src/libstdc++-v3/libsupc++/eh_terminate.cc:58:27
#3  0x00007fc8583bb1f6 in __cxa_throw at /scratch/software/tmp/spack-stage/spack-stage-gcc-13.3.0-pc5contataet2iuufjrcsndtp6ub6hpk/spack-src/libstdc++-v3/libsupc++/eh_throw.cc:98:18
#4  0x00007fc8b798b5d5 in std::shared_ptr<std::decay<gko::UpdateMatrixValue>::type> gko::as<gko::UpdateMatrixValue, gko::multigrid::MultigridLevel>(std::shared_ptr<gko::multigrid::MultigridLevel>) at /storage/home/greole/code/NeoFOAM/build/profilingnvidia_h200/_deps/ginkgo-src/include/ginkgo/core/base/utils_helper.hpp:426:9
#5  0x00007fc8b797014d in gko::solver::Multigrid::update_matrix_value(std::shared_ptr<gko::LinOp const>) at /storage/home/greole/code/NeoFOAM/build/profilingnvidia_h200/_deps/ginkgo-src/core/solver/multigrid.cpp:1104:30
#6  0x00007fc8b7aed66c in gko::experimental::distributed::preconditioner::Schwarz<double, int, long>::update_matrix_value(std::shared_ptr<gko::LinOp const>) at /storage/home/greole/code/NeoFOAM/build/profilingnvidia_h200/_deps/ginkgo-src/core/distributed/preconditioner/schwarz.cpp:346:39
#7  0x00007fc8b6a4e498 in NeoN::la::ginkgo::(anonymous namespace)::cacheOrUpdateSolver(std::shared_ptr<gko::LinOp>&, std::unique_ptr<gko::solver::Workspace, std::default_delete<gko::solver::Workspace> >&, std::array<unsigned long, 3ul>&, int&, bool, int, std::shared_ptr<gko::LinOpFactory const> const&, std::shared_ptr<gko::LinOp const> const&, std::array<unsigned long, 3ul> const&) at /storage/home/greole/code/NeoN/src/linearAlgebra/ginkgo/ginkgoDistributed.cpp:665:25
#8  0x00007fc8b6a5034a in NeoN::la::ginkgo::GinkgoSolver::solveDist(NeoN::la::LinearSystem<double, double, NeoN::la::Matrix<double, NeoN::la::CsrSparsityPattern<int> >, NeoN::la::Matrix<double, NeoN::la::CooSparsityPattern<int> > > const&, NeoN::Vector<double>&) const at /storage/home/greole/code/NeoN/src/linearAlgebra/ginkgo/ginkgoDistributed.cpp:845:217
#9  (inlined)          in NeoN::la::Solver::solve(NeoN::la::LinearSystem<double, double, NeoN::la::Matrix<double, NeoN::la::CsrSparsityPattern<int> >, NeoN::la::Matrix<double, NeoN::la::CooSparsityPattern<int> > > const&, NeoN::Vector<double>&) const at /storage/home/greole/code/NeoN/include/NeoN/linearAlgebra/solver.hpp:121:92
#10 0x0000000000604696 in NeoFOAM::PDE<double, double, int>::solveImpl(NeoN::dsl::Expression<double, int>&, NeoN::la::LinearSystem<double, double, NeoN::la::Matrix<double, NeoN::la::CsrSparsityPattern<int> >, NeoN::la::Matrix<double, NeoN::la::CooSparsityPattern<int> > >&) at /storage/home/greole/code/NeoFOAM/include/NeoFOAM/datastructures/pde.hpp:436:6
#11 (inlined)          in NeoFOAM::PDE<double, double, int>::solve() at /storage/home/greole/code/NeoFOAM/include/NeoFOAM/datastructures/pde.hpp:222:31
#12 0x000000000053fd7b in main at /storage/home/greole/code/NeoFOAM/examples/neoSimpleFoam/neoSimpleFoam.cpp:244:11
#13 0x00007fc85801c60f at /lib64/libc.so.6
#14 0x00007fc85801c6bf at /lib64/libc.so.6
#15 0x00000000005405e4 at /storage/home/greole/code/NeoFOAM/build/profilingnvidia_h200/bin/neoSimpleFoam
[gpu-nvidia-h200-2:1414407] *** Process received signal ***
[gpu-nvidia-h200-2:1414407] Signal: Aborted (6)
[gpu-nvidia-h200-2:1414407] Signal code:  (-6)
[gpu-nvidia-h200-2:1414407] [ 0] /lib64/libc.so.6(+0x3fc30)[0x7fc858031c30]
[gpu-nvidia-h200-2:1414407] [ 1] /lib64/libc.so.6(+0x8d02c)[0x7fc85807f02c]
[gpu-nvidia-h200-2:1414407] [ 2] /lib64/libc.so.6(raise+0x16)[0x7fc858031b86]
[gpu-nvidia-h200-2:1414407] [ 3] /lib64/libc.so.6(abort+0xd3)[0x7fc85801b873]
[gpu-nvidia-h200-2:1414407] [ 4] /storage/home/greole/code/NeoFOAM/build/profilingnvidia_h200/bin/neoSimpleFoam[0x628e24]
[gpu-nvidia-h200-2:1414407] [ 5] /storage/apps/opt/spack/opt/spack/__spack_path_placeholder__/__spack_path_placeholder__/__spack_path_placeholder__/__spack_path_placeholder__/__spack_path_placeholder__/__spack_path_placeholder__/__spack_path_placeholder__/__spack_path_placeholder__/__spac/linux-x86_64_v3/gcc-13.3.0-pc5contataet2iuufjrcsndtp6ub6hpk/lib64/libstdc++.so.6(+0xbdf3a)[0x7fc8583baf3a]
[gpu-nvidia-h200-2:1414407] [ 6] /storage/apps/opt/spack/opt/spack/__spack_path_placeholder__/__spack_path_placeholder__/__spack_path_placeholder__/__spack_path_placeholder__/__spack_path_placeholder__/__spack_path_placeholder__/__spack_path_placeholder__/__spack_path_placeholder__/__spac/linux-x86_64_v3/gcc-13.3.0-pc5contataet2iuufjrcsndtp6ub6hpk/lib64/libstdc++.so.6(+0xbdfa5)[0x7fc8583bafa5]
[gpu-nvidia-h200-2:1414407] [ 7] /storage/apps/opt/spack/opt/spack/__spack_path_placeholder__/__spack_path_placeholder__/__spack_path_placeholder__/__spack_path_placeholder__/__spack_path_placeholder__/__spack_path_placeholder__/__spack_path_placeholder__/__spack_path_placeholder__/__spac/linux-x86_64_v3/gcc-13.3.0-pc5contataet2iuufjrcsndtp6ub6hpk/lib64/libstdc++.so.6(+0xbe1f7)[0x7fc8583bb1f7]
[gpu-nvidia-h200-2:1414407] [ 8] /storage/home/greole/code/NeoFOAM/build/profilingnvidia_h200/lib/libNeoN.so(_ZN3gko2asINS_17UpdateMatrixValueENS_9multigrid14MultigridLevelEEESt10shared_ptrINSt5decayIT_E4typeEES4_IT0_E+0x116)[0x7fc8b798b5d6]
[gpu-nvidia-h200-2:1414407] [ 9] /storage/home/greole/code/NeoFOAM/build/profilingnvidia_h200/lib/libNeoN.so(_ZN3gko6solver9Multigrid19update_matrix_valueESt10shared_ptrIKNS_5LinOpEE+0x1ce)[0x7fc8b797014e]
[gpu-nvidia-h200-2:1414407] [10] /storage/home/greole/code/NeoFOAM/build/profilingnvidia_h200/lib/libNeoN.so(_ZN3gko12experimental11distributed14preconditioner7SchwarzIdilE19update_matrix_valueESt10shared_ptrIKNS_5LinOpEE+0x17d)[0x7fc8b7aed66d]
[gpu-nvidia-h200-2:1414407] [11] /storage/home/greole/code/NeoFOAM/build/profilingnvidia_h200/lib/libNeoN.so(+0x21fa499)[0x7fc8b6a4e499]
[gpu-nvidia-h200-2:1414407] [12] /storage/home/greole/code/NeoFOAM/build/profilingnvidia_h200/lib/libNeoN.so(_ZNK4NeoN2la6ginkgo12GinkgoSolver9solveDistERKNS0_12LinearSystemIddNS0_6MatrixIdNS0_18CsrSparsityPatternIiEEEENS4_IdNS0_18CooSparsityPatternIiEEEEEERNS_6VectorIdEE+0x23b)[0x7fc8b6a5034b]
[gpu-nvidia-h200-2:1414407] [13] /storage/home/greole/code/NeoFOAM/build/profilingnvidia_h200/bin/neoSimpleFoam(_ZN7NeoFOAM3PDEIddiE9solveImplERN4NeoN3dsl10ExpressionIdiEERNS2_2la12LinearSystemIddNS7_6MatrixIdNS7_18CsrSparsityPatternIiEEEENS9_IdNS7_18CooSparsityPatternIiEEEEEE+0x387)[0x604697]
[gpu-nvidia-h200-2:1414407] [14] /storage/home/greole/code/NeoFOAM/build/profilingnvidia_h200/bin/neoSimpleFoam(main+0x184c)[0x53fd7c]
[gpu-nvidia-h200-2:1414407] [15] /lib64/libc.so.6(+0x2a610)[0x7fc85801c610]
[gpu-nvidia-h200-2:1414407] [16] /lib64/libc.so.6(__libc_start_main+0x80)[0x7fc85801c6c0]
[gpu-nvidia-h200-2:1414407] [17] /storage/home/greole/code/NeoFOAM/build/profilingnvidia_h200/bin/neoSimpleFoam(_start+0x25)[0x5405e5]
[gpu-nvidia-h200-2:1414407] *** End of error message ***
--------------------------------------------------------------------------

prterun noticed that process rank 2 with PID 1414409 on node gpu-nvidia-h200-2 exited on
signal 6 (Aborted).
--------------------------------------------------------------------------
