/*---------------------------------------------------------------------------*\
| =========                 |                                                 |
| \\      /  F ield         | OpenFOAM: The Open Source CFD Toolbox           |
|  \\    /   O peration     | Version:  2506                                  |
|   \\  /    A nd           | Website:  www.openfoam.com                      |
|    \\/     M anipulation  |                                                 |
\*---------------------------------------------------------------------------*/
Build  : b050cd9480-20250814 OPENFOAM=2506 version=v2506
Arch   : "LSB;label=32;scalar=64"
Exec   : /storage/home/greole/code/NeoFOAM/build/profilingnvidia_h200/bin/neoSimpleFoam -parallel
Date   : Jul 01 2026
Time   : 12:21:42
Host   : gpu-nvidia-h200-1.int.coma-cluster.de
PID    : 2493406
I/O    : uncollated
Case   : /storage/home/greole/code/NeoFOAM/occDrivAerStaticMesh
nProcs : 4
Hosts  :
(
    (gpu-nvidia-h200-1.int.coma-cluster.de 4)
)
Pstream initialized with:
    node communication : off [type=host] (4 ranks, 1 nodes)
    topology controls  : none
    consensus exchange : 0 (tuning: 0)
    exchange algorithm : 0
    commsType          : nonBlocking
    polling iterations : 0
trapFpe: Floating point exception trapping enabled (FOAM_SIGFPE).
fileModificationChecking : Monitoring run-time modified files using timeStampMaster (fileModificationSkew 5, maxFileModificationPolls 20)
allowSystemOperations : Allowing user-supplied system call operations

// * * * * * * * * * * * * * * * * * * * * * * * * * * * * * * * * * * * * * //
Create time

Initializing NeoN
Creating Executor GPU
Creating NeoFOAM runTime

SIMPLE: no convergence criteria found. Calculations will run for 30 steps.

Reading field p

Reading field U

Reading/calculating face flux field phi

Selecting incompressible transport model Newtonian
NeoFOAM solver config (from fvSolution configFile) for 'config(Cg+Schwarz(Multigrid))':
{
    cacheSolver: true
    configFile: <NeoN::TokenList>
    l1ScaledResidual: true
    preconditionerRebuildInterval: 100
    relTol: 0.010000
    reportName: config(Cg+Schwarz(Multigrid))
    solver: Ginkgo
    tolerance: 0.000000
}
    effective optimize: false
    effective checkFrequency: 1
Mapping OpenFOAM solver settings to NeoN settings.
Currently, it is advisable to specify a configFile
for fine grained Ginkgo solver control

Replacing solver PBiCGStab by solver::Bicgstab
Replacing preconditioner diagonal by preconditioner::Schwarz (Schwarz-wrapped for distributed run)
NeoFOAM solver config (mapped from fvSolution) for 'Schwarz(Jacobi)+Bicgstab':
{
    cacheSolver: true
    criteria: {
        absolute_residual_norm: 0.000000
        initial_residual_norm: 0.100000
        iteration: 1000
    }
    l1ScaledResidual: true
    optimize: true
    preconditioner: {
        local_solver: {
            max_block_size: 1
            type: preconditioner::Jacobi
        }
        type: preconditioner::Schwarz
    }
    reportName: Schwarz(Jacobi)+Bicgstab
    solver: Ginkgo
    type: solver::Bicgstab
}
    effective optimize: true
    effective checkFrequency: 1
Creating phi

[NF][/storage/home/greole/code/NeoFOAM/include/NeoFOAM/auxiliary/readers.hpp::434]: Internal: 49320882, Boundary: 1762558

[NF][/storage/home/greole/code/NeoFOAM/include/NeoFOAM/auxiliary/readers.hpp::434]: Internal: 49333487, Boundary: 1754396

[NF][/storage/home/greole/code/NeoFOAM/include/NeoFOAM/auxiliary/readers.hpp::434]: Internal: 49261542, Boundary: 1427829

[NF][/storage/home/greole/code/NeoFOAM/include/NeoFOAM/auxiliary/readers.hpp::434]: Internal: 49243125, Boundary: 1362247
Selecting patchDistMethod meshWave
Mapping OpenFOAM solver settings to NeoN settings.
Currently, it is advisable to specify a configFile
for fine grained Ginkgo solver control

Replacing solver PBiCGStab by solver::Bicgstab
Replacing preconditioner diagonal by preconditioner::Schwarz (Schwarz-wrapped for distributed run)
NeoFOAM solver config (mapped from fvSolution) for 'Schwarz(Jacobi)+Bicgstab':
{
    cacheSolver: true
    criteria: {
        absolute_residual_norm: 0.000000
        initial_residual_norm: 0.100000
        iteration: 1000
    }
    l1ScaledResidual: true
    optimize: true
    preconditioner: {
        local_solver: {
            max_block_size: 1
            type: preconditioner::Jacobi
        }
        type: preconditioner::Schwarz
    }
    reportName: Schwarz(Jacobi)+Bicgstab
    solver: Ginkgo
    type: solver::Bicgstab
}
    effective optimize: true
    effective checkFrequency: 1
Mapping OpenFOAM solver settings to NeoN settings.
Currently, it is advisable to specify a configFile
for fine grained Ginkgo solver control

Replacing solver PBiCGStab by solver::Bicgstab
Replacing preconditioner diagonal by preconditioner::Schwarz (Schwarz-wrapped for distributed run)
NeoFOAM solver config (mapped from fvSolution) for 'Schwarz(Jacobi)+Bicgstab':
{
    cacheSolver: true
    criteria: {
        absolute_residual_norm: 0.000000
        initial_residual_norm: 0.100000
        iteration: 1000
    }
    l1ScaledResidual: true
    optimize: true
    preconditioner: {
        local_solver: {
            max_block_size: 1
            type: preconditioner::Jacobi
        }
        type: preconditioner::Schwarz
    }
    reportName: Schwarz(Jacobi)+Bicgstab
    solver: Ginkgo
    type: solver::Bicgstab
}
    effective optimize: true
    effective checkFrequency: 1
Starting time loop
Time = 1
[mem] step-start: DEVICE_POOL current=16605 MB  actual(reserved)=38146 MB  highWater=19132 MB
Schwarz(Jacobi)+Bicgstab:  Solving for Ux, Initial residual = 0.0019488956619707577, Final residual = 0.00023894144922256393, No Iterations 3, Solve time = 244.151 ms
Schwarz(Jacobi)+Bicgstab:  Solving for Uy, Initial residual = 0.16486889729307713, Final residual = 0.008211417725346403, No Iterations 3, Solve time = 244.151 ms
Schwarz(Jacobi)+Bicgstab:  Solving for Uz, Initial residual = 0.1047839942030142, Final residual = 0.00498813041633774, No Iterations 3, Solve time = 244.151 ms
[mem] after-UEqn: DEVICE_POOL current=19099 MB  actual(reserved)=38146 MB  highWater=24387 MB
[GinkgoSolver] p-cache: rebuild(generate) solve=1 rebuildInterval=100
config(Cg+Schwarz(Multigrid)):  Solving for p, Initial residual = 1, Final residual = 0.009929415161130047, No Iterations 85, Solve time = 3744.943 ms
time step continuity errors : sum local = 6.630989299561886e-05, global = 1.955536618874631e-06, cumulative = 1.955536618874631e-06
[mem] after-pEqn: DEVICE_POOL current=20567 MB  actual(reserved)=38146 MB  highWater=24387 MB
[GinkgoSolver] p-cache: rebuild(generate) solve=1 rebuildInterval=0
Schwarz(Jacobi)+Bicgstab:  Solving for omega, Initial residual = 0.9999999999999999, Final residual = 0.03074775102558257, No Iterations 1, Solve time = 53.336 ms
bounding omega, min: -52.867212695157775 max: 46109486.30954502 average: 2443.011500405538
[GinkgoSolver] p-cache: rebuild(generate) solve=1 rebuildInterval=0
Schwarz(Jacobi)+Bicgstab:  Solving for k, Initial residual = 0.9999999999999732, Final residual = 0.04385989512455129, No Iterations 1, Solve time = 53.827 ms
[mem] after-turb: DEVICE_POOL current=22752 MB  actual(reserved)=38146 MB  highWater=24811 MB
ExecutionTime = 100.44 s  ClockTime = 100 s

Time = 2
[mem] step-start: DEVICE_POOL current=22752 MB  actual(reserved)=38146 MB  highWater=24811 MB
Schwarz(Jacobi)+Bicgstab:  Solving for Ux, Initial residual = 0.001291791601341575, Final residual = 5.914942656834266e-05, No Iterations 5, Solve time = 354.523 ms
Schwarz(Jacobi)+Bicgstab:  Solving for Uy, Initial residual = 0.06538467811881896, Final residual = 0.002981945013020475, No Iterations 5, Solve time = 354.523 ms
Schwarz(Jacobi)+Bicgstab:  Solving for Uz, Initial residual = 0.04083549113938476, Final residual = 0.0009083420644834439, No Iterations 5, Solve time = 354.523 ms
[mem] after-UEqn: DEVICE_POOL current=22752 MB  actual(reserved)=38146 MB  highWater=28040 MB
[GinkgoSolver] p-cache: reuse(update_matrix_value) solve=2 rebuildInterval=100
config(Cg+Schwarz(Multigrid)):  Solving for p, Initial residual = 0.038801263614141344, Final residual = 0.00038633063696241917, No Iterations 107, Solve time = 3497.271 ms
time step continuity errors : sum local = 4.254673416578826e-05, global = -1.110782458159636e-06, cumulative = 8.447541607149952e-07
[mem] after-pEqn: DEVICE_POOL current=22752 MB  actual(reserved)=38146 MB  highWater=28040 MB
[GinkgoSolver] p-cache: reuse(update_matrix_value) solve=2 rebuildInterval=0
Schwarz(Jacobi)+Bicgstab:  Solving for omega, Initial residual = 0.008195254721166657, Final residual = 0.00047803617747195064, No Iterations 1, Solve time = 62.143 ms
bounding omega, min: -3302.207295668115 max: 45305779.429757155 average: 2705.6005869025266
[GinkgoSolver] p-cache: reuse(update_matrix_value) solve=2 rebuildInterval=0
Schwarz(Jacobi)+Bicgstab:  Solving for k, Initial residual = 0.07500533645348688, Final residual = 0.00445520097008181, No Iterations 1, Solve time = 49.924 ms
[mem] after-turb: DEVICE_POOL current=22752 MB  actual(reserved)=38146 MB  highWater=28040 MB
ExecutionTime = 105.69 s  ClockTime = 106 s

Time = 3
[mem] step-start: DEVICE_POOL current=22752 MB  actual(reserved)=38146 MB  highWater=28040 MB
Schwarz(Jacobi)+Bicgstab:  Solving for Ux, Initial residual = 0.0008091134401958078, Final residual = 4.762837477717595e-05, No Iterations 6, Solve time = 411.644 ms
Schwarz(Jacobi)+Bicgstab:  Solving for Uy, Initial residual = 0.03252242917143521, Final residual = 0.0006353537242514356, No Iterations 6, Solve time = 411.644 ms
Schwarz(Jacobi)+Bicgstab:  Solving for Uz, Initial residual = 0.018197924453409918, Final residual = 0.0002675962992477075, No Iterations 6, Solve time = 411.644 ms
[mem] after-UEqn: DEVICE_POOL current=22752 MB  actual(reserved)=38146 MB  highWater=28040 MB
[GinkgoSolver] p-cache: reuse(update_matrix_value) solve=3 rebuildInterval=100
config(Cg+Schwarz(Multigrid)):  Solving for p, Initial residual = 0.017368237926507758, Final residual = 0.0001666772473262191, No Iterations 111, Solve time = 3623.099 ms
time step continuity errors : sum local = 3.337794058252597e-05, global = 8.559758354496412e-07, cumulative = 1.7007299961646366e-06
[mem] after-pEqn: DEVICE_POOL current=22752 MB  actual(reserved)=38146 MB  highWater=28040 MB
[GinkgoSolver] p-cache: reuse(update_matrix_value) solve=3 rebuildInterval=0
Schwarz(Jacobi)+Bicgstab:  Solving for omega, Initial residual = 0.0035207608425972398, Final residual = 0.00028993979378539366, No Iterations 1, Solve time = 56.888 ms
bounding omega, min: -11.965425507417958 max: 45385805.65620224 average: 3322.2729046849176
[GinkgoSolver] p-cache: reuse(update_matrix_value) solve=3 rebuildInterval=0
Schwarz(Jacobi)+Bicgstab:  Solving for k, Initial residual = 0.013997677289288218, Final residual = 0.0010053662064977075, No Iterations 1, Solve time = 49.624 ms
[mem] after-turb: DEVICE_POOL current=22752 MB  actual(reserved)=38146 MB  highWater=28040 MB
ExecutionTime = 111.13 s  ClockTime = 111 s

Time = 4
[mem] step-start: DEVICE_POOL current=22752 MB  actual(reserved)=38146 MB  highWater=28040 MB
Schwarz(Jacobi)+Bicgstab:  Solving for Ux, Initial residual = 0.000559161766188414, Final residual = 4.705876521464463e-05, No Iterations 4, Solve time = 283.97 ms
Schwarz(Jacobi)+Bicgstab:  Solving for Uy, Initial residual = 0.020258427597175943, Final residual = 0.0027022848290639656, No Iterations 4, Solve time = 283.97 ms
Schwarz(Jacobi)+Bicgstab:  Solving for Uz, Initial residual = 0.010484589545445597, Final residual = 0.0007746811211665597, No Iterations 4, Solve time = 283.97 ms
[mem] after-UEqn: DEVICE_POOL current=22752 MB  actual(reserved)=38146 MB  highWater=28040 MB
[GinkgoSolver] p-cache: reuse(update_matrix_value) solve=4 rebuildInterval=100
config(Cg+Schwarz(Multigrid)):  Solving for p, Initial residual = 0.01257323864222737, Final residual = 0.00012500986342993487, No Iterations 89, Solve time = 2916.893 ms
time step continuity errors : sum local = 3.191096732228901e-05, global = -3.3269803450060057e-07, cumulative = 1.368031961664036e-06
[mem] after-pEqn: DEVICE_POOL current=22752 MB  actual(reserved)=38146 MB  highWater=28040 MB
[GinkgoSolver] p-cache: reuse(update_matrix_value) solve=4 rebuildInterval=0
Schwarz(Jacobi)+Bicgstab:  Solving for omega, Initial residual = 0.001724237400579421, Final residual = 4.830987155137066e-05, No Iterations 2, Solve time = 85.426 ms
[GinkgoSolver] p-cache: reuse(update_matrix_value) solve=4 rebuildInterval=0
Schwarz(Jacobi)+Bicgstab:  Solving for k, Initial residual = 0.004640923195425251, Final residual = 0.000393367167658748, No Iterations 1, Solve time = 51.222 ms
[mem] after-turb: DEVICE_POOL current=22752 MB  actual(reserved)=38146 MB  highWater=28040 MB
ExecutionTime = 115.73 s  ClockTime = 116 s

Time = 5
[mem] step-start: DEVICE_POOL current=22752 MB  actual(reserved)=38146 MB  highWater=28040 MB
Schwarz(Jacobi)+Bicgstab:  Solving for Ux, Initial residual = 0.0004823789066210184, Final residual = 3.736195667215544e-05, No Iterations 4, Solve time = 292.004 ms
Schwarz(Jacobi)+Bicgstab:  Solving for Uy, Initial residual = 0.01851055181532464, Final residual = 0.0011823542965913097, No Iterations 4, Solve time = 292.004 ms
Schwarz(Jacobi)+Bicgstab:  Solving for Uz, Initial residual = 0.008309253013202405, Final residual = 0.0008059839692894253, No Iterations 4, Solve time = 292.004 ms
[mem] after-UEqn: DEVICE_POOL current=22752 MB  actual(reserved)=38146 MB  highWater=28040 MB
[GinkgoSolver] p-cache: reuse(update_matrix_value) solve=5 rebuildInterval=100
config(Cg+Schwarz(Multigrid)):  Solving for p, Initial residual = 0.010726661030798324, Final residual = 0.00010695200716962171, No Iterations 85, Solve time = 2788 ms
time step continuity errors : sum local = 2.992676596841493e-05, global = -7.987058627539534e-07, cumulative = 5.693260989100826e-07
[mem] after-pEqn: DEVICE_POOL current=22752 MB  actual(reserved)=38146 MB  highWater=28040 MB
[GinkgoSolver] p-cache: reuse(update_matrix_value) solve=5 rebuildInterval=0
Schwarz(Jacobi)+Bicgstab:  Solving for omega, Initial residual = 0.0009944371205843892, Final residual = 9.813431042793838e-05, No Iterations 1, Solve time = 65.161 ms
bounding omega, min: -119.16503085447948 max: 45363118.58323652 average: 4560.738894505612
[GinkgoSolver] p-cache: reuse(update_matrix_value) solve=5 rebuildInterval=0
Schwarz(Jacobi)+Bicgstab:  Solving for k, Initial residual = 0.0023565236075378314, Final residual = 0.00022365483732930276, No Iterations 1, Solve time = 50.369 ms
[mem] after-turb: DEVICE_POOL current=22752 MB  actual(reserved)=38146 MB  highWater=28040 MB
ExecutionTime = 120.21 s  ClockTime = 120 s

Time = 6
[mem] step-start: DEVICE_POOL current=22752 MB  actual(reserved)=38146 MB  highWater=28040 MB
Schwarz(Jacobi)+Bicgstab:  Solving for Ux, Initial residual = 0.00043536416424364276, Final residual = 2.6380244474701413e-05, No Iterations 5, Solve time = 352.581 ms
Schwarz(Jacobi)+Bicgstab:  Solving for Uy, Initial residual = 0.017912016747483692, Final residual = 0.0016846868342992847, No Iterations 5, Solve time = 352.581 ms
Schwarz(Jacobi)+Bicgstab:  Solving for Uz, Initial residual = 0.006719663890971783, Final residual = 0.0005111048317857404, No Iterations 5, Solve time = 352.581 ms
[mem] after-UEqn: DEVICE_POOL current=22752 MB  actual(reserved)=38146 MB  highWater=28040 MB
[GinkgoSolver] p-cache: reuse(update_matrix_value) solve=6 rebuildInterval=100
config(Cg+Schwarz(Multigrid)):  Solving for p, Initial residual = 0.011317232150087692, Final residual = 0.00011125701279743948, No Iterations 79, Solve time = 2594.416 ms
time step continuity errors : sum local = 3.037847646998792e-05, global = -1.4236482970629741e-06, cumulative = -8.543221981528915e-07
[mem] after-pEqn: DEVICE_POOL current=22752 MB  actual(reserved)=38146 MB  highWater=28040 MB
[GinkgoSolver] p-cache: reuse(update_matrix_value) solve=6 rebuildInterval=0
Schwarz(Jacobi)+Bicgstab:  Solving for omega, Initial residual = 0.0006247457050916856, Final residual = 2.4308411888782137e-05, No Iterations 2, Solve time = 78.622 ms
[GinkgoSolver] p-cache: reuse(update_matrix_value) solve=6 rebuildInterval=0
Schwarz(Jacobi)+Bicgstab:  Solving for k, Initial residual = 0.001624274517619321, Final residual = 0.0001548906650695876, No Iterations 1, Solve time = 49.812 ms
[mem] after-turb: DEVICE_POOL current=22752 MB  actual(reserved)=38146 MB  highWater=28040 MB
ExecutionTime = 124.58 s  ClockTime = 125 s

Time = 7
[mem] step-start: DEVICE_POOL current=22752 MB  actual(reserved)=38146 MB  highWater=28040 MB
Schwarz(Jacobi)+Bicgstab:  Solving for Ux, Initial residual = 0.0003763476007678686, Final residual = 2.3446735609306218e-05, No Iterations 5, Solve time = 352.799 ms
Schwarz(Jacobi)+Bicgstab:  Solving for Uy, Initial residual = 0.015200360624266591, Final residual = 0.0012044020393680013, No Iterations 5, Solve time = 352.799 ms
Schwarz(Jacobi)+Bicgstab:  Solving for Uz, Initial residual = 0.0051277727814982126, Final residual = 0.0002776022414541979, No Iterations 5, Solve time = 352.799 ms
[mem] after-UEqn: DEVICE_POOL current=22752 MB  actual(reserved)=38146 MB  highWater=28040 MB
[GinkgoSolver] p-cache: reuse(update_matrix_value) solve=7 rebuildInterval=100
config(Cg+Schwarz(Multigrid)):  Solving for p, Initial residual = 0.012319922995838728, Final residual = 0.00012116042584699132, No Iterations 85, Solve time = 2789.958 ms
time step continuity errors : sum local = 2.9825085054117158e-05, global = -6.975316253512182e-07, cumulative = -1.5518538235041098e-06
[mem] after-pEqn: DEVICE_POOL current=22752 MB  actual(reserved)=38146 MB  highWater=28040 MB
[GinkgoSolver] p-cache: reuse(update_matrix_value) solve=7 rebuildInterval=0
Schwarz(Jacobi)+Bicgstab:  Solving for omega, Initial residual = 0.0004898433353766244, Final residual = 1.5230748465263198e-05, No Iterations 2, Solve time = 85.483 ms
bounding omega, min: -105.85551160605723 max: 45358162.6539337 average: 5415.6325692422115
[GinkgoSolver] p-cache: reuse(update_matrix_value) solve=7 rebuildInterval=0
Schwarz(Jacobi)+Bicgstab:  Solving for k, Initial residual = 0.0011596807811591846, Final residual = 2.4108859369647198e-05, No Iterations 3, Solve time = 94.66 ms
[mem] after-turb: DEVICE_POOL current=22752 MB  actual(reserved)=38146 MB  highWater=28040 MB
ExecutionTime = 129.18 s  ClockTime = 129 s

Time = 8
[mem] step-start: DEVICE_POOL current=22752 MB  actual(reserved)=38146 MB  highWater=28040 MB
Schwarz(Jacobi)+Bicgstab:  Solving for Ux, Initial residual = 0.0003160098078140428, Final residual = 2.503642045793308e-05, No Iterations 5, Solve time = 348.238 ms
Schwarz(Jacobi)+Bicgstab:  Solving for Uy, Initial residual = 0.011355885543299115, Final residual = 0.00028363157479418215, No Iterations 5, Solve time = 348.238 ms
Schwarz(Jacobi)+Bicgstab:  Solving for Uz, Initial residual = 0.003609265437223232, Final residual = 0.00019609093282645294, No Iterations 5, Solve time = 348.238 ms
[mem] after-UEqn: DEVICE_POOL current=22752 MB  actual(reserved)=38146 MB  highWater=28040 MB
[GinkgoSolver] p-cache: reuse(update_matrix_value) solve=8 rebuildInterval=100
config(Cg+Schwarz(Multigrid)):  Solving for p, Initial residual = 0.01332968186383995, Final residual = 0.0001299702233568027, No Iterations 97, Solve time = 3173.729 ms
time step continuity errors : sum local = 2.7675890394948115e-05, global = -8.733933927587237e-07, cumulative = -2.4252472162628333e-06
[mem] after-pEqn: DEVICE_POOL current=22752 MB  actual(reserved)=38146 MB  highWater=28040 MB
[GinkgoSolver] p-cache: reuse(update_matrix_value) solve=8 rebuildInterval=0
Schwarz(Jacobi)+Bicgstab:  Solving for omega, Initial residual = 0.0003596220579615611, Final residual = 1.2434640031702123e-05, No Iterations 2, Solve time = 87.654 ms
[GinkgoSolver] p-cache: reuse(update_matrix_value) solve=8 rebuildInterval=0
Schwarz(Jacobi)+Bicgstab:  Solving for k, Initial residual = 0.0008654347038987145, Final residual = 5.244514843446316e-05, No Iterations 2, Solve time = 73.023 ms
bounding k, min: -1.0560579536475164e-05 max: 585.1768768140026 average: 0.4568405498437852
[mem] after-turb: DEVICE_POOL current=22752 MB  actual(reserved)=38146 MB  highWater=28040 MB
ExecutionTime = 134.14 s  ClockTime = 134 s

Time = 9
[mem] step-start: DEVICE_POOL current=22752 MB  actual(reserved)=38146 MB  highWater=28040 MB
Schwarz(Jacobi)+Bicgstab:  Solving for Ux, Initial residual = 0.00027326251186135514, Final residual = 7.301551276589659e-06, No Iterations 5, Solve time = 344.825 ms
Schwarz(Jacobi)+Bicgstab:  Solving for Uy, Initial residual = 0.009233698391450431, Final residual = 0.00043782993747103606, No Iterations 5, Solve time = 344.825 ms
Schwarz(Jacobi)+Bicgstab:  Solving for Uz, Initial residual = 0.0026381561305400814, Final residual = 0.00015502711617792936, No Iterations 5, Solve time = 344.825 ms
[mem] after-UEqn: DEVICE_POOL current=22752 MB  actual(reserved)=38146 MB  highWater=28040 MB
[GinkgoSolver] p-cache: reuse(update_matrix_value) solve=9 rebuildInterval=100
config(Cg+Schwarz(Multigrid)):  Solving for p, Initial residual = 0.013782076280943027, Final residual = 0.00013537319644666074, No Iterations 95, Solve time = 3106.224 ms
time step continuity errors : sum local = 2.55480198962988e-05, global = -1.0753678030362055e-06, cumulative = -3.5006150192990386e-06
[mem] after-pEqn: DEVICE_POOL current=22752 MB  actual(reserved)=38146 MB  highWater=28040 MB
[GinkgoSolver] p-cache: reuse(update_matrix_value) solve=9 rebuildInterval=0
Schwarz(Jacobi)+Bicgstab:  Solving for omega, Initial residual = 0.0002780501223441936, Final residual = 1.06309223543051e-05, No Iterations 2, Solve time = 87.126 ms
[GinkgoSolver] p-cache: reuse(update_matrix_value) solve=9 rebuildInterval=0
Schwarz(Jacobi)+Bicgstab:  Solving for k, Initial residual = 0.000665425297846295, Final residual = 3.8847088042392695e-05, No Iterations 2, Solve time = 74.234 ms
[mem] after-turb: DEVICE_POOL current=22752 MB  actual(reserved)=38146 MB  highWater=28040 MB
ExecutionTime = 139.03 s  ClockTime = 139 s

Time = 10
[mem] step-start: DEVICE_POOL current=22752 MB  actual(reserved)=38146 MB  highWater=28040 MB
Schwarz(Jacobi)+Bicgstab:  Solving for Ux, Initial residual = 0.0002515820877551503, Final residual = 3.2096078582273683e-06, No Iterations 6, Solve time = 398.528 ms
Schwarz(Jacobi)+Bicgstab:  Solving for Uy, Initial residual = 0.010025795170415928, Final residual = 0.0003905896158892233, No Iterations 6, Solve time = 398.528 ms
Schwarz(Jacobi)+Bicgstab:  Solving for Uz, Initial residual = 0.002492248707443917, Final residual = 4.161885835301305e-05, No Iterations 6, Solve time = 398.528 ms
[mem] after-UEqn: DEVICE_POOL current=22752 MB  actual(reserved)=38146 MB  highWater=28040 MB
[GinkgoSolver] p-cache: reuse(update_matrix_value) solve=10 rebuildInterval=100
config(Cg+Schwarz(Multigrid)):  Solving for p, Initial residual = 0.01346159386769034, Final residual = 0.0001311324650526319, No Iterations 82, Solve time = 2691.731 ms
time step continuity errors : sum local = 2.348010902126711e-05, global = 6.582549409876191e-08, cumulative = -3.434789525200277e-06
[mem] after-pEqn: DEVICE_POOL current=22752 MB  actual(reserved)=38146 MB  highWater=28040 MB
[GinkgoSolver] p-cache: reuse(update_matrix_value) solve=10 rebuildInterval=0
Schwarz(Jacobi)+Bicgstab:  Solving for omega, Initial residual = 0.00022455584784736914, Final residual = 9.22320014504965e-06, No Iterations 2, Solve time = 87.284 ms
[GinkgoSolver] p-cache: reuse(update_matrix_value) solve=10 rebuildInterval=0
Schwarz(Jacobi)+Bicgstab:  Solving for k, Initial residual = 0.000526821757632768, Final residual = 3.275377459680511e-05, No Iterations 2, Solve time = 73.526 ms
[mem] after-turb: DEVICE_POOL current=22752 MB  actual(reserved)=38146 MB  highWater=28040 MB
ExecutionTime = 143.57 s  ClockTime = 144 s

Time = 11
[mem] step-start: DEVICE_POOL current=22752 MB  actual(reserved)=38146 MB  highWater=28040 MB
Schwarz(Jacobi)+Bicgstab:  Solving for Ux, Initial residual = 0.00023898648094732405, Final residual = 1.0978291324557237e-05, No Iterations 5, Solve time = 331.173 ms
Schwarz(Jacobi)+Bicgstab:  Solving for Uy, Initial residual = 0.011016258115088247, Final residual = 0.00032001340605862446, No Iterations 5, Solve time = 331.173 ms
Schwarz(Jacobi)+Bicgstab:  Solving for Uz, Initial residual = 0.0025434666874254016, Final residual = 7.259046322055625e-05, No Iterations 5, Solve time = 331.173 ms
[mem] after-UEqn: DEVICE_POOL current=22752 MB  actual(reserved)=38146 MB  highWater=28040 MB
[GinkgoSolver] p-cache: reuse(update_matrix_value) solve=11 rebuildInterval=100
config(Cg+Schwarz(Multigrid)):  Solving for p, Initial residual = 0.013140506242224534, Final residual = 0.00012594616051206758, No Iterations 96, Solve time = 3143.602 ms
time step continuity errors : sum local = 2.2981930357636e-05, global = -1.0034266054606966e-06, cumulative = -4.438216130660974e-06
[mem] after-pEqn: DEVICE_POOL current=22752 MB  actual(reserved)=38146 MB  highWater=28040 MB
[GinkgoSolver] p-cache: reuse(update_matrix_value) solve=11 rebuildInterval=0
Schwarz(Jacobi)+Bicgstab:  Solving for omega, Initial residual = 0.00018509395848501594, Final residual = 8.09768410847662e-06, No Iterations 2, Solve time = 87.824 ms
[GinkgoSolver] p-cache: reuse(update_matrix_value) solve=11 rebuildInterval=0
Schwarz(Jacobi)+Bicgstab:  Solving for k, Initial residual = 0.00043952651467514515, Final residual = 2.8284602832505718e-05, No Iterations 2, Solve time = 74.397 ms
[mem] after-turb: DEVICE_POOL current=22752 MB  actual(reserved)=38146 MB  highWater=28040 MB
ExecutionTime = 148.48 s  ClockTime = 149 s

Time = 12
[mem] step-start: DEVICE_POOL current=22752 MB  actual(reserved)=38146 MB  highWater=28040 MB
Schwarz(Jacobi)+Bicgstab:  Solving for Ux, Initial residual = 0.00022767002343515995, Final residual = 1.470092289793928e-05, No Iterations 4, Solve time = 299.911 ms
Schwarz(Jacobi)+Bicgstab:  Solving for Uy, Initial residual = 0.010991583738787223, Final residual = 0.0007922019312635726, No Iterations 4, Solve time = 299.911 ms
Schwarz(Jacobi)+Bicgstab:  Solving for Uz, Initial residual = 0.0024768246128632912, Final residual = 0.00012082903569840081, No Iterations 4, Solve time = 299.911 ms
[mem] after-UEqn: DEVICE_POOL current=22752 MB  actual(reserved)=38146 MB  highWater=28040 MB
[GinkgoSolver] p-cache: reuse(update_matrix_value) solve=12 rebuildInterval=100
config(Cg+Schwarz(Multigrid)):  Solving for p, Initial residual = 0.012071971173669116, Final residual = 0.00011947713535642998, No Iterations 78, Solve time = 2563.936 ms
time step continuity errors : sum local = 2.3928152215292832e-05, global = 4.701914020212293e-07, cumulative = -3.968024728639744e-06
[mem] after-pEqn: DEVICE_POOL current=22752 MB  actual(reserved)=38146 MB  highWater=28040 MB
[GinkgoSolver] p-cache: reuse(update_matrix_value) solve=12 rebuildInterval=0
Schwarz(Jacobi)+Bicgstab:  Solving for omega, Initial residual = 0.00015606140117945883, Final residual = 7.140678887711355e-06, No Iterations 2, Solve time = 77.968 ms
[GinkgoSolver] p-cache: reuse(update_matrix_value) solve=12 rebuildInterval=0
Schwarz(Jacobi)+Bicgstab:  Solving for k, Initial residual = 0.00038763756210299867, Final residual = 2.5729912077024648e-05, No Iterations 2, Solve time = 72.192 ms
[mem] after-turb: DEVICE_POOL current=22752 MB  actual(reserved)=38146 MB  highWater=28040 MB
ExecutionTime = 152.77 s  ClockTime = 153 s

Time = 13
[mem] step-start: DEVICE_POOL current=22752 MB  actual(reserved)=38146 MB  highWater=28040 MB
Schwarz(Jacobi)+Bicgstab:  Solving for Ux, Initial residual = 0.00021560087806737349, Final residual = 9.416148767004986e-06, No Iterations 4, Solve time = 294.577 ms
Schwarz(Jacobi)+Bicgstab:  Solving for Uy, Initial residual = 0.010249242129211316, Final residual = 0.0005789329093729755, No Iterations 4, Solve time = 294.577 ms
Schwarz(Jacobi)+Bicgstab:  Solving for Uz, Initial residual = 0.0022936970377666426, Final residual = 0.00010866187529504063, No Iterations 4, Solve time = 294.577 ms
[mem] after-UEqn: DEVICE_POOL current=22752 MB  actual(reserved)=38146 MB  highWater=28040 MB
[GinkgoSolver] p-cache: reuse(update_matrix_value) solve=13 rebuildInterval=100
config(Cg+Schwarz(Multigrid)):  Solving for p, Initial residual = 0.010635322305845784, Final residual = 0.00010583951546839708, No Iterations 80, Solve time = 2629.177 ms
time step continuity errors : sum local = 2.3658470985994054e-05, global = -1.3145454244150724e-09, cumulative = -3.9693392740641596e-06
[mem] after-pEqn: DEVICE_POOL current=22752 MB  actual(reserved)=38146 MB  highWater=28040 MB
[GinkgoSolver] p-cache: reuse(update_matrix_value) solve=13 rebuildInterval=0
Schwarz(Jacobi)+Bicgstab:  Solving for omega, Initial residual = 0.00013495859774509983, Final residual = 6.422621683581662e-06, No Iterations 2, Solve time = 77.087 ms
[GinkgoSolver] p-cache: reuse(update_matrix_value) solve=13 rebuildInterval=0
Schwarz(Jacobi)+Bicgstab:  Solving for k, Initial residual = 0.00036773803512400916, Final residual = 2.5888416449091188e-05, No Iterations 2, Solve time = 73.853 ms
[mem] after-turb: DEVICE_POOL current=22752 MB  actual(reserved)=38146 MB  highWater=28040 MB
ExecutionTime = 157.12 s  ClockTime = 157 s

Time = 14
[mem] step-start: DEVICE_POOL current=22752 MB  actual(reserved)=38146 MB  highWater=28040 MB
Schwarz(Jacobi)+Bicgstab:  Solving for Ux, Initial residual = 0.0002053780253881338, Final residual = 1.3203957991435815e-05, No Iterations 4, Solve time = 284.672 ms
Schwarz(Jacobi)+Bicgstab:  Solving for Uy, Initial residual = 0.009290115361147109, Final residual = 0.0013571656860199483, No Iterations 4, Solve time = 284.672 ms
Schwarz(Jacobi)+Bicgstab:  Solving for Uz, Initial residual = 0.0020943461889054577, Final residual = 0.00022147761868590715, No Iterations 4, Solve time = 284.672 ms
[mem] after-UEqn: DEVICE_POOL current=22752 MB  actual(reserved)=38146 MB  highWater=28040 MB
[GinkgoSolver] p-cache: reuse(update_matrix_value) solve=14 rebuildInterval=100
config(Cg+Schwarz(Multigrid)):  Solving for p, Initial residual = 0.009238159272419513, Final residual = 9.138663012268973e-05, No Iterations 73, Solve time = 2402.443 ms
time step continuity errors : sum local = 2.2728798873472057e-05, global = 7.119095698782146e-07, cumulative = -3.257429704185945e-06
[mem] after-pEqn: DEVICE_POOL current=22752 MB  actual(reserved)=38146 MB  highWater=28040 MB
[GinkgoSolver] p-cache: reuse(update_matrix_value) solve=14 rebuildInterval=0
Schwarz(Jacobi)+Bicgstab:  Solving for omega, Initial residual = 0.00012044717379430082, Final residual = 5.875253209286563e-06, No Iterations 2, Solve time = 86.873 ms
[GinkgoSolver] p-cache: reuse(update_matrix_value) solve=14 rebuildInterval=0
Schwarz(Jacobi)+Bicgstab:  Solving for k, Initial residual = 0.0003602147856507573, Final residual = 2.9098099051778703e-05, No Iterations 2, Solve time = 74.061 ms
[mem] after-turb: DEVICE_POOL current=22752 MB  actual(reserved)=38146 MB  highWater=28040 MB
ExecutionTime = 161.26 s  ClockTime = 161 s

Time = 15
[mem] step-start: DEVICE_POOL current=22752 MB  actual(reserved)=38146 MB  highWater=28040 MB
Schwarz(Jacobi)+Bicgstab:  Solving for Ux, Initial residual = 0.00019749956205206764, Final residual = 1.5275614998849615e-05, No Iterations 4, Solve time = 285.698 ms
Schwarz(Jacobi)+Bicgstab:  Solving for Uy, Initial residual = 0.008610943611682959, Final residual = 0.00054074067709997, No Iterations 4, Solve time = 285.698 ms
Schwarz(Jacobi)+Bicgstab:  Solving for Uz, Initial residual = 0.0019499196832998113, Final residual = 0.00010423343516733822, No Iterations 4, Solve time = 285.698 ms
[mem] after-UEqn: DEVICE_POOL current=22752 MB  actual(reserved)=38146 MB  highWater=28040 MB
[GinkgoSolver] p-cache: reuse(update_matrix_value) solve=15 rebuildInterval=100
config(Cg+Schwarz(Multigrid)):  Solving for p, Initial residual = 0.008238054574875964, Final residual = 8.11740823979424e-05, No Iterations 68, Solve time = 2242.23 ms
time step continuity errors : sum local = 2.1923852244113392e-05, global = 1.170035394422265e-07, cumulative = -3.1404261647437187e-06
[mem] after-pEqn: DEVICE_POOL current=22752 MB  actual(reserved)=38146 MB  highWater=28040 MB
[GinkgoSolver] p-cache: reuse(update_matrix_value) solve=15 rebuildInterval=0
Schwarz(Jacobi)+Bicgstab:  Solving for omega, Initial residual = 0.00010974323798080654, Final residual = 5.421444111094988e-06, No Iterations 2, Solve time = 85.269 ms
[GinkgoSolver] p-cache: reuse(update_matrix_value) solve=15 rebuildInterval=0
Schwarz(Jacobi)+Bicgstab:  Solving for k, Initial residual = 0.0003546382193270738, Final residual = 9.497354676686689e-06, No Iterations 3, Solve time = 97.097 ms
[mem] after-turb: DEVICE_POOL current=22752 MB  actual(reserved)=38146 MB  highWater=28040 MB
ExecutionTime = 165.25 s  ClockTime = 166 s

Time = 16
[mem] step-start: DEVICE_POOL current=22752 MB  actual(reserved)=38146 MB  highWater=28040 MB
Schwarz(Jacobi)+Bicgstab:  Solving for Ux, Initial residual = 0.00019011004693625724, Final residual = 5.38783672601709e-06, No Iterations 5, Solve time = 351.834 ms
Schwarz(Jacobi)+Bicgstab:  Solving for Uy, Initial residual = 0.008200927687925295, Final residual = 0.0002137397239040083, No Iterations 5, Solve time = 351.834 ms
Schwarz(Jacobi)+Bicgstab:  Solving for Uz, Initial residual = 0.001888802187122487, Final residual = 7.50521175686358e-05, No Iterations 5, Solve time = 351.834 ms
[mem] after-UEqn: DEVICE_POOL current=22752 MB  actual(reserved)=38146 MB  highWater=28040 MB
[GinkgoSolver] p-cache: reuse(update_matrix_value) solve=16 rebuildInterval=100
config(Cg+Schwarz(Multigrid)):  Solving for p, Initial residual = 0.007631718323771882, Final residual = 7.476036854622548e-05, No Iterations 62, Solve time = 2047.684 ms
time step continuity errors : sum local = 2.1306860300559167e-05, global = -4.179015945385652e-08, cumulative = -3.1822163241975752e-06
[mem] after-pEqn: DEVICE_POOL current=22752 MB  actual(reserved)=38146 MB  highWater=28040 MB
[GinkgoSolver] p-cache: reuse(update_matrix_value) solve=16 rebuildInterval=0
Schwarz(Jacobi)+Bicgstab:  Solving for omega, Initial residual = 0.00010123534795233177, Final residual = 5.115386406054468e-06, No Iterations 2, Solve time = 87.146 ms
[GinkgoSolver] p-cache: reuse(update_matrix_value) solve=16 rebuildInterval=0
Schwarz(Jacobi)+Bicgstab:  Solving for k, Initial residual = 0.0003520162253690237, Final residual = 2.7337611958889415e-05, No Iterations 2, Solve time = 73.271 ms
[mem] after-turb: DEVICE_POOL current=22752 MB  actual(reserved)=38146 MB  highWater=28040 MB
ExecutionTime = 169.07 s  ClockTime = 169 s

Time = 17
[mem] step-start: DEVICE_POOL current=22752 MB  actual(reserved)=38146 MB  highWater=28040 MB
Schwarz(Jacobi)+Bicgstab:  Solving for Ux, Initial residual = 0.00018329736716899987, Final residual = 6.462732961307519e-06, No Iterations 4, Solve time = 297.647 ms
Schwarz(Jacobi)+Bicgstab:  Solving for Uy, Initial residual = 0.007901519713834713, Final residual = 0.00135513095390826, No Iterations 4, Solve time = 297.647 ms
Schwarz(Jacobi)+Bicgstab:  Solving for Uz, Initial residual = 0.0018212408421400927, Final residual = 8.249242189962314e-05, No Iterations 4, Solve time = 297.647 ms
[mem] after-UEqn: DEVICE_POOL current=22752 MB  actual(reserved)=38146 MB  highWater=28040 MB
[GinkgoSolver] p-cache: reuse(update_matrix_value) solve=17 rebuildInterval=100
config(Cg+Schwarz(Multigrid)):  Solving for p, Initial residual = 0.0072350560430727495, Final residual = 7.214354815533275e-05, No Iterations 49, Solve time = 1626.538 ms
time step continuity errors : sum local = 2.1247281798719144e-05, global = -3.3949988646153676e-07, cumulative = -3.521716210659112e-06
[mem] after-pEqn: DEVICE_POOL current=22752 MB  actual(reserved)=38146 MB  highWater=28040 MB
[GinkgoSolver] p-cache: reuse(update_matrix_value) solve=17 rebuildInterval=0
Schwarz(Jacobi)+Bicgstab:  Solving for omega, Initial residual = 9.423760237353755e-05, Final residual = 4.796987785343157e-06, No Iterations 2, Solve time = 84.894 ms
[GinkgoSolver] p-cache: reuse(update_matrix_value) solve=17 rebuildInterval=0
Schwarz(Jacobi)+Bicgstab:  Solving for k, Initial residual = 0.00035005234320321607, Final residual = 8.377144850283211e-06, No Iterations 3, Solve time = 97.444 ms
[mem] after-turb: DEVICE_POOL current=22752 MB  actual(reserved)=38146 MB  highWater=28040 MB
ExecutionTime = 172.46 s  ClockTime = 173 s

Time = 18
[mem] step-start: DEVICE_POOL current=22752 MB  actual(reserved)=38146 MB  highWater=28040 MB
Schwarz(Jacobi)+Bicgstab:  Solving for Ux, Initial residual = 0.00017541879951763577, Final residual = 6.126622063105216e-06, No Iterations 4, Solve time = 288.258 ms
Schwarz(Jacobi)+Bicgstab:  Solving for Uy, Initial residual = 0.007650724455967037, Final residual = 0.00035123236808238644, No Iterations 4, Solve time = 288.258 ms
Schwarz(Jacobi)+Bicgstab:  Solving for Uz, Initial residual = 0.0017478367382648058, Final residual = 7.498193470689646e-05, No Iterations 4, Solve time = 288.258 ms
[mem] after-UEqn: DEVICE_POOL current=22752 MB  actual(reserved)=38146 MB  highWater=28040 MB
[GinkgoSolver] p-cache: reuse(update_matrix_value) solve=18 rebuildInterval=100
config(Cg+Schwarz(Multigrid)):  Solving for p, Initial residual = 0.0070057981570648626, Final residual = 6.681982525824233e-05, No Iterations 53, Solve time = 1757.039 ms
time step continuity errors : sum local = 1.9949290780229727e-05, global = 1.9822574702330296e-07, cumulative = -3.323490463635809e-06
[mem] after-pEqn: DEVICE_POOL current=22752 MB  actual(reserved)=38146 MB  highWater=28040 MB
[GinkgoSolver] p-cache: reuse(update_matrix_value) solve=18 rebuildInterval=0
Schwarz(Jacobi)+Bicgstab:  Solving for omega, Initial residual = 8.814874006579758e-05, Final residual = 4.594478351805769e-06, No Iterations 2, Solve time = 77.64 ms
[GinkgoSolver] p-cache: reuse(update_matrix_value) solve=18 rebuildInterval=0
Schwarz(Jacobi)+Bicgstab:  Solving for k, Initial residual = 0.0003502005471137586, Final residual = 3.171205302501833e-05, No Iterations 2, Solve time = 74.79 ms
[mem] after-turb: DEVICE_POOL current=22752 MB  actual(reserved)=38146 MB  highWater=28040 MB
ExecutionTime = 175.95 s  ClockTime = 176 s

Time = 19
[mem] step-start: DEVICE_POOL current=22752 MB  actual(reserved)=38146 MB  highWater=28040 MB
Schwarz(Jacobi)+Bicgstab:  Solving for Ux, Initial residual = 0.0001679958150611315, Final residual = 1.3321209462009193e-05, No Iterations 3, Solve time = 235.28 ms
Schwarz(Jacobi)+Bicgstab:  Solving for Uy, Initial residual = 0.007379325338254887, Final residual = 0.0006453198031875372, No Iterations 3, Solve time = 235.28 ms
Schwarz(Jacobi)+Bicgstab:  Solving for Uz, Initial residual = 0.0017014848774089522, Final residual = 0.00016133753351577594, No Iterations 3, Solve time = 235.28 ms
[mem] after-UEqn: DEVICE_POOL current=22752 MB  actual(reserved)=38146 MB  highWater=28040 MB
[GinkgoSolver] p-cache: reuse(update_matrix_value) solve=19 rebuildInterval=100
config(Cg+Schwarz(Multigrid)):  Solving for p, Initial residual = 0.006764280860227794, Final residual = 6.61755696674285e-05, No Iterations 53, Solve time = 1756.985 ms
time step continuity errors : sum local = 2.0029898529132874e-05, global = 1.0209770280286004e-06, cumulative = -2.3025134356072084e-06
[mem] after-pEqn: DEVICE_POOL current=22752 MB  actual(reserved)=38146 MB  highWater=28040 MB
[GinkgoSolver] p-cache: reuse(update_matrix_value) solve=19 rebuildInterval=0
Schwarz(Jacobi)+Bicgstab:  Solving for omega, Initial residual = 8.300019782964184e-05, Final residual = 4.377158105526908e-06, No Iterations 2, Solve time = 85.144 ms
[GinkgoSolver] p-cache: reuse(update_matrix_value) solve=19 rebuildInterval=0
Schwarz(Jacobi)+Bicgstab:  Solving for k, Initial residual = 0.0003496328257864539, Final residual = 8.585794185856617e-06, No Iterations 3, Solve time = 96.4 ms
[mem] after-turb: DEVICE_POOL current=22752 MB  actual(reserved)=38146 MB  highWater=28040 MB
ExecutionTime = 179.4 s  ClockTime = 180 s

Time = 20
[mem] step-start: DEVICE_POOL current=22752 MB  actual(reserved)=38146 MB  highWater=28040 MB
Schwarz(Jacobi)+Bicgstab:  Solving for Ux, Initial residual = 0.0001620443294358494, Final residual = 6.754763064764593e-06, No Iterations 4, Solve time = 282.27 ms
Schwarz(Jacobi)+Bicgstab:  Solving for Uy, Initial residual = 0.007259722273077127, Final residual = 0.00030894018539300353, No Iterations 4, Solve time = 282.27 ms
Schwarz(Jacobi)+Bicgstab:  Solving for Uz, Initial residual = 0.001696746845428888, Final residual = 0.0002210303222239291, No Iterations 4, Solve time = 282.27 ms
[mem] after-UEqn: DEVICE_POOL current=22752 MB  actual(reserved)=38146 MB  highWater=28040 MB
[GinkgoSolver] p-cache: reuse(update_matrix_value) solve=20 rebuildInterval=100
config(Cg+Schwarz(Multigrid)):  Solving for p, Initial residual = 0.0065404766695698864, Final residual = 6.066909853352874e-05, No Iterations 53, Solve time = 1755.526 ms
time step continuity errors : sum local = 1.8585716827496106e-05, global = 1.4753746092846941e-06, cumulative = -8.271388263225143e-07
[mem] after-pEqn: DEVICE_POOL current=22752 MB  actual(reserved)=38146 MB  highWater=28040 MB
[GinkgoSolver] p-cache: reuse(update_matrix_value) solve=20 rebuildInterval=0
Schwarz(Jacobi)+Bicgstab:  Solving for omega, Initial residual = 7.798145739284772e-05, Final residual = 4.190138302954896e-06, No Iterations 2, Solve time = 82.027 ms
[GinkgoSolver] p-cache: reuse(update_matrix_value) solve=20 rebuildInterval=0
Schwarz(Jacobi)+Bicgstab:  Solving for k, Initial residual = 0.0003502778859560347, Final residual = 8.2681565742152e-06, No Iterations 3, Solve time = 97.798 ms
[mem] after-turb: DEVICE_POOL current=22752 MB  actual(reserved)=38146 MB  highWater=28040 MB
ExecutionTime = 182.9 s  ClockTime = 183 s

Time = 21
[mem] step-start: DEVICE_POOL current=22752 MB  actual(reserved)=38146 MB  highWater=28040 MB
Schwarz(Jacobi)+Bicgstab:  Solving for Ux, Initial residual = 0.00015806579337643813, Final residual = 1.1859233858846956e-05, No Iterations 3, Solve time = 231.878 ms
Schwarz(Jacobi)+Bicgstab:  Solving for Uy, Initial residual = 0.007227112242821674, Final residual = 0.0006112114291398204, No Iterations 3, Solve time = 231.878 ms
Schwarz(Jacobi)+Bicgstab:  Solving for Uz, Initial residual = 0.0017202719512548412, Final residual = 0.00014693968124592752, No Iterations 3, Solve time = 231.878 ms
[mem] after-UEqn: DEVICE_POOL current=22752 MB  actual(reserved)=38146 MB  highWater=28040 MB
[GinkgoSolver] p-cache: reuse(update_matrix_value) solve=21 rebuildInterval=100
config(Cg+Schwarz(Multigrid)):  Solving for p, Initial residual = 0.00632758813417131, Final residual = 6.064790054598107e-05, No Iterations 49, Solve time = 1626.609 ms
time step continuity errors : sum local = 1.8812752746118837e-05, global = 1.4820100700353925e-06, cumulative = 6.548712437128782e-07
[mem] after-pEqn: DEVICE_POOL current=22752 MB  actual(reserved)=38146 MB  highWater=28040 MB
[GinkgoSolver] p-cache: reuse(update_matrix_value) solve=21 rebuildInterval=0
Schwarz(Jacobi)+Bicgstab:  Solving for omega, Initial residual = 7.370255744801512e-05, Final residual = 4.030872328517782e-06, No Iterations 2, Solve time = 74.754 ms
[GinkgoSolver] p-cache: reuse(update_matrix_value) solve=21 rebuildInterval=0
Schwarz(Jacobi)+Bicgstab:  Solving for k, Initial residual = 0.0003524704913452294, Final residual = 8.409123778573663e-06, No Iterations 3, Solve time = 95.676 ms
[mem] after-turb: DEVICE_POOL current=22752 MB  actual(reserved)=38146 MB  highWater=28040 MB
ExecutionTime = 186.21 s  ClockTime = 187 s

Time = 22
[mem] step-start: DEVICE_POOL current=22752 MB  actual(reserved)=38146 MB  highWater=28040 MB
Schwarz(Jacobi)+Bicgstab:  Solving for Ux, Initial residual = 0.00015572891197130766, Final residual = 1.6760460260729257e-05, No Iterations 3, Solve time = 235.773 ms
Schwarz(Jacobi)+Bicgstab:  Solving for Uy, Initial residual = 0.007203432453658974, Final residual = 0.0005879551169809387, No Iterations 3, Solve time = 235.773 ms
Schwarz(Jacobi)+Bicgstab:  Solving for Uz, Initial residual = 0.0017447082163748817, Final residual = 0.00014668711863983567, No Iterations 3, Solve time = 235.773 ms
[mem] after-UEqn: DEVICE_POOL current=22752 MB  actual(reserved)=38146 MB  highWater=28040 MB
[GinkgoSolver] p-cache: reuse(update_matrix_value) solve=22 rebuildInterval=100
config(Cg+Schwarz(Multigrid)):  Solving for p, Initial residual = 0.006156563752645649, Final residual = 5.939534941535299e-05, No Iterations 47, Solve time = 1564.746 ms
time step continuity errors : sum local = 1.860902045820261e-05, global = 1.2366789817475742e-06, cumulative = 1.8915502254604524e-06
[mem] after-pEqn: DEVICE_POOL current=22752 MB  actual(reserved)=38146 MB  highWater=28040 MB
[GinkgoSolver] p-cache: reuse(update_matrix_value) solve=22 rebuildInterval=0
Schwarz(Jacobi)+Bicgstab:  Solving for omega, Initial residual = 6.959633071680442e-05, Final residual = 3.851288657824084e-06, No Iterations 2, Solve time = 86.483 ms
[GinkgoSolver] p-cache: reuse(update_matrix_value) solve=22 rebuildInterval=0
Schwarz(Jacobi)+Bicgstab:  Solving for k, Initial residual = 0.00035351751324265164, Final residual = 8.538605627025374e-06, No Iterations 3, Solve time = 97.065 ms
[mem] after-turb: DEVICE_POOL current=22752 MB  actual(reserved)=38146 MB  highWater=28040 MB
ExecutionTime = 189.47 s  ClockTime = 190 s

Time = 23
[mem] step-start: DEVICE_POOL current=22752 MB  actual(reserved)=38146 MB  highWater=28040 MB
Schwarz(Jacobi)+Bicgstab:  Solving for Ux, Initial residual = 0.00015343045219622282, Final residual = 1.629352540416695e-05, No Iterations 3, Solve time = 237.939 ms
Schwarz(Jacobi)+Bicgstab:  Solving for Uy, Initial residual = 0.007119781265294049, Final residual = 0.0005653803164201105, No Iterations 3, Solve time = 237.939 ms
Schwarz(Jacobi)+Bicgstab:  Solving for Uz, Initial residual = 0.0017593899462994475, Final residual = 0.00014415253393708087, No Iterations 3, Solve time = 237.939 ms
[mem] after-UEqn: DEVICE_POOL current=22752 MB  actual(reserved)=38146 MB  highWater=28040 MB
[GinkgoSolver] p-cache: reuse(update_matrix_value) solve=23 rebuildInterval=100
config(Cg+Schwarz(Multigrid)):  Solving for p, Initial residual = 0.006008760878565139, Final residual = 5.90775378043605e-05, No Iterations 38, Solve time = 1273.272 ms
time step continuity errors : sum local = 1.8691568518098146e-05, global = 6.686859495822541e-07, cumulative = 2.5602361750427067e-06
[mem] after-pEqn: DEVICE_POOL current=22752 MB  actual(reserved)=38146 MB  highWater=28040 MB
[GinkgoSolver] p-cache: reuse(update_matrix_value) solve=23 rebuildInterval=0
Schwarz(Jacobi)+Bicgstab:  Solving for omega, Initial residual = 6.613075397607886e-05, Final residual = 3.718766919685345e-06, No Iterations 2, Solve time = 85.682 ms
bounding omega, min: -72.38191817439316 max: 45356381.237505324 average: 7061.2510849356295
[GinkgoSolver] p-cache: reuse(update_matrix_value) solve=23 rebuildInterval=0
Schwarz(Jacobi)+Bicgstab:  Solving for k, Initial residual = 0.00035610018776921785, Final residual = 8.729931000838697e-06, No Iterations 3, Solve time = 97.147 ms
[mem] after-turb: DEVICE_POOL current=22752 MB  actual(reserved)=38146 MB  highWater=28040 MB
ExecutionTime = 192.43 s  ClockTime = 193 s

Time = 24
[mem] step-start: DEVICE_POOL current=22752 MB  actual(reserved)=38146 MB  highWater=28040 MB
Schwarz(Jacobi)+Bicgstab:  Solving for Ux, Initial residual = 0.00015146696254135112, Final residual = 1.5334709073609906e-05, No Iterations 3, Solve time = 221.606 ms
Schwarz(Jacobi)+Bicgstab:  Solving for Uy, Initial residual = 0.006978205073264743, Final residual = 0.0005408708491966355, No Iterations 3, Solve time = 221.606 ms
Schwarz(Jacobi)+Bicgstab:  Solving for Uz, Initial residual = 0.0017582793576645134, Final residual = 0.00014101108972600516, No Iterations 3, Solve time = 221.606 ms
[mem] after-UEqn: DEVICE_POOL current=22752 MB  actual(reserved)=38146 MB  highWater=28040 MB
[GinkgoSolver] p-cache: reuse(update_matrix_value) solve=24 rebuildInterval=100
config(Cg+Schwarz(Multigrid)):  Solving for p, Initial residual = 0.0059217033102087055, Final residual = 5.479023144384648e-05, No Iterations 25, Solve time = 855.142 ms
time step continuity errors : sum local = 1.7373574310480775e-05, global = 5.680892172922597e-07, cumulative = 3.1283253923349663e-06
[mem] after-pEqn: DEVICE_POOL current=22752 MB  actual(reserved)=38146 MB  highWater=28040 MB
[GinkgoSolver] p-cache: reuse(update_matrix_value) solve=24 rebuildInterval=0
Schwarz(Jacobi)+Bicgstab:  Solving for omega, Initial residual = 6.297858831358735e-05, Final residual = 3.5848960695893153e-06, No Iterations 2, Solve time = 87.551 ms
[GinkgoSolver] p-cache: reuse(update_matrix_value) solve=24 rebuildInterval=0
Schwarz(Jacobi)+Bicgstab:  Solving for k, Initial residual = 0.0003597704395544081, Final residual = 8.855201516686095e-06, No Iterations 3, Solve time = 96.986 ms
[mem] after-turb: DEVICE_POOL current=22752 MB  actual(reserved)=38146 MB  highWater=28040 MB
ExecutionTime = 194.96 s  ClockTime = 195 s

Time = 25
[mem] step-start: DEVICE_POOL current=22752 MB  actual(reserved)=38146 MB  highWater=28040 MB
Schwarz(Jacobi)+Bicgstab:  Solving for Ux, Initial residual = 0.00014937625564455766, Final residual = 9.67670691335592e-06, No Iterations 3, Solve time = 238.813 ms
Schwarz(Jacobi)+Bicgstab:  Solving for Uy, Initial residual = 0.006810432608884094, Final residual = 0.0005115984823438485, No Iterations 3, Solve time = 238.813 ms
Schwarz(Jacobi)+Bicgstab:  Solving for Uz, Initial residual = 0.0017522838851013803, Final residual = 0.000139003914604353, No Iterations 3, Solve time = 238.813 ms
[mem] after-UEqn: DEVICE_POOL current=22752 MB  actual(reserved)=38146 MB  highWater=28040 MB
[GinkgoSolver] p-cache: reuse(update_matrix_value) solve=25 rebuildInterval=100
config(Cg+Schwarz(Multigrid)):  Solving for p, Initial residual = 0.005858630122937305, Final residual = 5.6607447305541994e-05, No Iterations 24, Solve time = 822.973 ms
time step continuity errors : sum local = 1.7896795466357456e-05, global = 7.017223208800884e-07, cumulative = 3.830047713215054e-06
[mem] after-pEqn: DEVICE_POOL current=22752 MB  actual(reserved)=38146 MB  highWater=28040 MB
[GinkgoSolver] p-cache: reuse(update_matrix_value) solve=25 rebuildInterval=0
Schwarz(Jacobi)+Bicgstab:  Solving for omega, Initial residual = 6.013457479028984e-05, Final residual = 3.4453883212153102e-06, No Iterations 2, Solve time = 87.733 ms
[GinkgoSolver] p-cache: reuse(update_matrix_value) solve=25 rebuildInterval=0
Schwarz(Jacobi)+Bicgstab:  Solving for k, Initial residual = 0.0003630845088595478, Final residual = 8.994496535359442e-06, No Iterations 3, Solve time = 96.893 ms
[mem] after-turb: DEVICE_POOL current=22752 MB  actual(reserved)=38146 MB  highWater=28040 MB
ExecutionTime = 197.48 s  ClockTime = 198 s

Time = 26
[mem] step-start: DEVICE_POOL current=22752 MB  actual(reserved)=38146 MB  highWater=28040 MB
Schwarz(Jacobi)+Bicgstab:  Solving for Ux, Initial residual = 0.00014712986682531746, Final residual = 7.201376076390153e-06, No Iterations 4, Solve time = 293.571 ms
Schwarz(Jacobi)+Bicgstab:  Solving for Uy, Initial residual = 0.006655610384612248, Final residual = 0.0006315107916325533, No Iterations 4, Solve time = 293.571 ms
Schwarz(Jacobi)+Bicgstab:  Solving for Uz, Initial residual = 0.0017497095522673784, Final residual = 0.0001279005744020663, No Iterations 4, Solve time = 293.571 ms
[mem] after-UEqn: DEVICE_POOL current=22752 MB  actual(reserved)=38146 MB  highWater=28040 MB
[GinkgoSolver] p-cache: reuse(update_matrix_value) solve=26 rebuildInterval=100
config(Cg+Schwarz(Multigrid)):  Solving for p, Initial residual = 0.005785772451179995, Final residual = 5.685131505918509e-05, No Iterations 27, Solve time = 919.486 ms
time step continuity errors : sum local = 1.7946519324149257e-05, global = 8.721056566077918e-07, cumulative = 4.702153369822846e-06
[mem] after-pEqn: DEVICE_POOL current=22752 MB  actual(reserved)=38146 MB  highWater=28040 MB
[GinkgoSolver] p-cache: reuse(update_matrix_value) solve=26 rebuildInterval=0
Schwarz(Jacobi)+Bicgstab:  Solving for omega, Initial residual = 5.767934522955414e-05, Final residual = 3.346948501098741e-06, No Iterations 2, Solve time = 85.574 ms
bounding omega, min: -60667.43860536496 max: 45356133.13129321 average: 7144.003241697476
[GinkgoSolver] p-cache: reuse(update_matrix_value) solve=26 rebuildInterval=0
Schwarz(Jacobi)+Bicgstab:  Solving for k, Initial residual = 0.0003671437187729565, Final residual = 9.251441989858741e-06, No Iterations 3, Solve time = 96.169 ms
[mem] after-turb: DEVICE_POOL current=22752 MB  actual(reserved)=38146 MB  highWater=28040 MB
ExecutionTime = 200.17 s  ClockTime = 201 s

Time = 27
[mem] step-start: DEVICE_POOL current=22752 MB  actual(reserved)=38146 MB  highWater=28040 MB
Schwarz(Jacobi)+Bicgstab:  Solving for Ux, Initial residual = 0.00014492340720039198, Final residual = 9.56208566141747e-06, No Iterations 4, Solve time = 284.818 ms
Schwarz(Jacobi)+Bicgstab:  Solving for Uy, Initial residual = 0.006482621874191411, Final residual = 0.0002672415928408715, No Iterations 4, Solve time = 284.818 ms
Schwarz(Jacobi)+Bicgstab:  Solving for Uz, Initial residual = 0.0017478959274526387, Final residual = 7.273645267012692e-05, No Iterations 4, Solve time = 284.818 ms
[mem] after-UEqn: DEVICE_POOL current=22752 MB  actual(reserved)=38146 MB  highWater=28040 MB
[GinkgoSolver] p-cache: reuse(update_matrix_value) solve=27 rebuildInterval=100
config(Cg+Schwarz(Multigrid)):  Solving for p, Initial residual = 0.005681618250651445, Final residual = 5.584770195379061e-05, No Iterations 29, Solve time = 983.372 ms
time step continuity errors : sum local = 1.7626599690886356e-05, global = 1.0070088125422322e-06, cumulative = 5.7091621823650786e-06
[mem] after-pEqn: DEVICE_POOL current=22752 MB  actual(reserved)=38146 MB  highWater=28040 MB
[GinkgoSolver] p-cache: reuse(update_matrix_value) solve=27 rebuildInterval=0
Schwarz(Jacobi)+Bicgstab:  Solving for omega, Initial residual = 5.545439984503732e-05, Final residual = 3.248453851772581e-06, No Iterations 2, Solve time = 76.664 ms
[GinkgoSolver] p-cache: reuse(update_matrix_value) solve=27 rebuildInterval=0
Schwarz(Jacobi)+Bicgstab:  Solving for k, Initial residual = 0.00037205517532337614, Final residual = 9.758551095787948e-06, No Iterations 3, Solve time = 96.999 ms
[mem] after-turb: DEVICE_POOL current=22752 MB  actual(reserved)=38146 MB  highWater=28040 MB
ExecutionTime = 202.91 s  ClockTime = 203 s

Time = 28
[mem] step-start: DEVICE_POOL current=22752 MB  actual(reserved)=38146 MB  highWater=28040 MB
Schwarz(Jacobi)+Bicgstab:  Solving for Ux, Initial residual = 0.00014255596834502007, Final residual = 1.223669532827662e-05, No Iterations 3, Solve time = 236.465 ms
Schwarz(Jacobi)+Bicgstab:  Solving for Uy, Initial residual = 0.006328336795698201, Final residual = 0.0004769046992416501, No Iterations 3, Solve time = 236.465 ms
Schwarz(Jacobi)+Bicgstab:  Solving for Uz, Initial residual = 0.0017478330591186812, Final residual = 0.0001476704093378611, No Iterations 3, Solve time = 236.465 ms
[mem] after-UEqn: DEVICE_POOL current=22752 MB  actual(reserved)=38146 MB  highWater=28040 MB
[GinkgoSolver] p-cache: reuse(update_matrix_value) solve=28 rebuildInterval=100
config(Cg+Schwarz(Multigrid)):  Solving for p, Initial residual = 0.005609988734036068, Final residual = 5.530495245525523e-05, No Iterations 33, Solve time = 1113.804 ms
time step continuity errors : sum local = 1.7415832878420452e-05, global = 8.156577150093421e-07, cumulative = 6.524819897374421e-06
[mem] after-pEqn: DEVICE_POOL current=22752 MB  actual(reserved)=38146 MB  highWater=28040 MB
[GinkgoSolver] p-cache: reuse(update_matrix_value) solve=28 rebuildInterval=0
Schwarz(Jacobi)+Bicgstab:  Solving for omega, Initial residual = 5.348289839993727e-05, Final residual = 3.1646570072898512e-06, No Iterations 2, Solve time = 85.346 ms
bounding omega, min: -39.959141133215795 max: 45356031.65158929 average: 7191.686632135642
[GinkgoSolver] p-cache: reuse(update_matrix_value) solve=28 rebuildInterval=0
Schwarz(Jacobi)+Bicgstab:  Solving for k, Initial residual = 0.0003767490940085812, Final residual = 9.659807833961358e-06, No Iterations 3, Solve time = 96.051 ms
[mem] after-turb: DEVICE_POOL current=22752 MB  actual(reserved)=38146 MB  highWater=28040 MB
ExecutionTime = 205.72 s  ClockTime = 206 s

Time = 29
[mem] step-start: DEVICE_POOL current=22752 MB  actual(reserved)=38146 MB  highWater=28040 MB
Schwarz(Jacobi)+Bicgstab:  Solving for Ux, Initial residual = 0.0001398406276490606, Final residual = 1.0451932453280083e-05, No Iterations 3, Solve time = 240.534 ms
Schwarz(Jacobi)+Bicgstab:  Solving for Uy, Initial residual = 0.00621124684218239, Final residual = 0.00044108161853632157, No Iterations 3, Solve time = 240.534 ms
Schwarz(Jacobi)+Bicgstab:  Solving for Uz, Initial residual = 0.0017498914362267034, Final residual = 0.0001374323995301547, No Iterations 3, Solve time = 240.534 ms
[mem] after-UEqn: DEVICE_POOL current=22752 MB  actual(reserved)=38146 MB  highWater=28040 MB
[GinkgoSolver] p-cache: reuse(update_matrix_value) solve=29 rebuildInterval=100
config(Cg+Schwarz(Multigrid)):  Solving for p, Initial residual = 0.005566487076675509, Final residual = 5.5450921218558575e-05, No Iterations 42, Solve time = 1402.656 ms
time step continuity errors : sum local = 1.7327328237853613e-05, global = -5.86209434432857e-07, cumulative = 5.938610462941564e-06
[mem] after-pEqn: DEVICE_POOL current=22752 MB  actual(reserved)=38146 MB  highWater=28040 MB
[GinkgoSolver] p-cache: reuse(update_matrix_value) solve=29 rebuildInterval=0
Schwarz(Jacobi)+Bicgstab:  Solving for omega, Initial residual = 5.1904997460301844e-05, Final residual = 3.107954289086772e-06, No Iterations 2, Solve time = 79.093 ms
bounding omega, min: -279.370572247367 max: 45356042.25328891 average: 7213.125329800528
[GinkgoSolver] p-cache: reuse(update_matrix_value) solve=29 rebuildInterval=0
Schwarz(Jacobi)+Bicgstab:  Solving for k, Initial residual = 0.0003832935801310209, Final residual = 9.848474892050183e-06, No Iterations 3, Solve time = 95.189 ms
[mem] after-turb: DEVICE_POOL current=22752 MB  actual(reserved)=38146 MB  highWater=28040 MB
ExecutionTime = 208.81 s  ClockTime = 209 s

Time = 30
[mem] step-start: DEVICE_POOL current=22752 MB  actual(reserved)=38146 MB  highWater=28040 MB
Schwarz(Jacobi)+Bicgstab:  Solving for Ux, Initial residual = 0.00013760433409220794, Final residual = 8.753217160716447e-06, No Iterations 3, Solve time = 225.639 ms
Schwarz(Jacobi)+Bicgstab:  Solving for Uy, Initial residual = 0.0061330186959557605, Final residual = 0.00043842780498496716, No Iterations 3, Solve time = 225.639 ms
Schwarz(Jacobi)+Bicgstab:  Solving for Uz, Initial residual = 0.0017521588312925836, Final residual = 0.00013473150259852556, No Iterations 3, Solve time = 225.639 ms
[mem] after-UEqn: DEVICE_POOL current=22752 MB  actual(reserved)=38146 MB  highWater=28040 MB
[GinkgoSolver] p-cache: reuse(update_matrix_value) solve=30 rebuildInterval=100
config(Cg+Schwarz(Multigrid)):  Solving for p, Initial residual = 0.005590755603495647, Final residual = 5.111599820151522e-05, No Iterations 44, Solve time = 1465.388 ms
time step continuity errors : sum local = 1.5614670346920493e-05, global = -1.1160578172566886e-06, cumulative = 4.822552645684875e-06
[mem] after-pEqn: DEVICE_POOL current=22752 MB  actual(reserved)=38146 MB  highWater=28040 MB
[GinkgoSolver] p-cache: reuse(update_matrix_value) solve=30 rebuildInterval=0
Schwarz(Jacobi)+Bicgstab:  Solving for omega, Initial residual = 5.0800908879797475e-05, Final residual = 3.0486811832775292e-06, No Iterations 2, Solve time = 87.246 ms
bounding omega, min: -82.09868733134311 max: 45356086.31201054 average: 7233.008307035927
[GinkgoSolver] p-cache: reuse(update_matrix_value) solve=30 rebuildInterval=0
Schwarz(Jacobi)+Bicgstab:  Solving for k, Initial residual = 0.0003907572628101058, Final residual = 1.0168506098270686e-05, No Iterations 3, Solve time = 96.583 ms
[mem] after-turb: DEVICE_POOL current=22752 MB  actual(reserved)=38146 MB  highWater=28040 MB
Writing p
Writing U
Writing turbulence variables
ExecutionTime = 212.79 s  ClockTime = 215 s

Finalizing NeoN
Finalising parallel run
