/*---------------------------------------------------------------------------*\
| =========                 |                                                 |
| \\      /  F ield         | OpenFOAM: The Open Source CFD Toolbox           |
|  \\    /   O peration     | Version:  2506                                  |
|   \\  /    A nd           | Website:  www.openfoam.com                      |
|    \\/     M anipulation  |                                                 |
\*---------------------------------------------------------------------------*/
Build  : b050cd9480-20250814 OPENFOAM=2506 version=v2506
Arch   : "LSB;label=32;scalar=64"
Exec   : /storage/home/greole/code/NeoFOAM/build/profilingnvidia_h200/bin/neoSimpleFoam -parallel
Date   : Jul 02 2026
Time   : 09:50:45
Host   : gpu-nvidia-h200-1.int.coma-cluster.de
PID    : 2665191
I/O    : uncollated
Case   : /storage/home/greole/code/NeoFOAM/occDrivAerStaticMesh
nProcs : 4
Hosts  :
(
    (gpu-nvidia-h200-1.int.coma-cluster.de 4)
)
Pstream initialized with:
    node communication : off [type=host] (4 ranks, 1 nodes)
    topology controls  : none
    consensus exchange : 0 (tuning: 0)
    exchange algorithm : 0
    commsType          : nonBlocking
    polling iterations : 0
trapFpe: Floating point exception trapping enabled (FOAM_SIGFPE).
fileModificationChecking : Monitoring run-time modified files using timeStampMaster (fileModificationSkew 5, maxFileModificationPolls 20)
allowSystemOperations : Allowing user-supplied system call operations

// * * * * * * * * * * * * * * * * * * * * * * * * * * * * * * * * * * * * * //
Create time

Initializing NeoN
Creating Executor GPU
Creating NeoFOAM runTime

SIMPLE: no convergence criteria found. Calculations will run for 30 steps.

Reading field p

Reading field U

Reading/calculating face flux field phi

Selecting incompressible transport model Newtonian
NeoFOAM solver config (from fvSolution configFile) for 'config(Cg+Schwarz(Multigrid))':
{
    cacheSolver: true
    configFile: <NeoN::TokenList>
    l1ScaledResidual: true
    preconditionerRebuildInterval: 100
    relTol: 0.010000
    reportName: config(Cg+Schwarz(Multigrid))
    solver: Ginkgo
    tolerance: 0.000000
}
    effective optimize: false
    effective checkFrequency: 1
Mapping OpenFOAM solver settings to NeoN settings.
Currently, it is advisable to specify a configFile
for fine grained Ginkgo solver control

Replacing solver PBiCGStab by solver::Bicgstab
Replacing preconditioner diagonal by preconditioner::Schwarz (Schwarz-wrapped for distributed run)
NeoFOAM solver config (mapped from fvSolution) for 'Schwarz(Jacobi)+Bicgstab':
{
    cacheSolver: true
    criteria: {
        absolute_residual_norm: 0.000000
        initial_residual_norm: 0.100000
        iteration: 1000
    }
    l1ScaledResidual: true
    optimize: true
    preconditioner: {
        local_solver: {
            max_block_size: 1
            type: preconditioner::Jacobi
        }
        type: preconditioner::Schwarz
    }
    reportName: Schwarz(Jacobi)+Bicgstab
    solver: Ginkgo
    type: solver::Bicgstab
}
    effective optimize: true
    effective checkFrequency: 1
Creating phi

[NF][/storage/home/greole/code/NeoFOAM/include/NeoFOAM/auxiliary/readers.hpp::434]: Internal: 49333487, Boundary: 1754396

[NF][/storage/home/greole/code/NeoFOAM/include/NeoFOAM/auxiliary/readers.hpp::434]: Internal: 49320882, Boundary: 1762558

[NF][/storage/home/greole/code/NeoFOAM/include/NeoFOAM/auxiliary/readers.hpp::434]: Internal: 49261542, Boundary: 1427829

[NF][/storage/home/greole/code/NeoFOAM/include/NeoFOAM/auxiliary/readers.hpp::434]: Internal: 49243125, Boundary: 1362247
Selecting patchDistMethod meshWave
Mapping OpenFOAM solver settings to NeoN settings.
Currently, it is advisable to specify a configFile
for fine grained Ginkgo solver control

Replacing solver PBiCGStab by solver::Bicgstab
Replacing preconditioner diagonal by preconditioner::Schwarz (Schwarz-wrapped for distributed run)
NeoFOAM solver config (mapped from fvSolution) for 'Schwarz(Jacobi)+Bicgstab':
{
    cacheSolver: true
    criteria: {
        absolute_residual_norm: 0.000000
        initial_residual_norm: 0.100000
        iteration: 1000
    }
    l1ScaledResidual: true
    optimize: true
    preconditioner: {
        local_solver: {
            max_block_size: 1
            type: preconditioner::Jacobi
        }
        type: preconditioner::Schwarz
    }
    reportName: Schwarz(Jacobi)+Bicgstab
    solver: Ginkgo
    type: solver::Bicgstab
}
    effective optimize: true
    effective checkFrequency: 1
Mapping OpenFOAM solver settings to NeoN settings.
Currently, it is advisable to specify a configFile
for fine grained Ginkgo solver control

Replacing solver PBiCGStab by solver::Bicgstab
Replacing preconditioner diagonal by preconditioner::Schwarz (Schwarz-wrapped for distributed run)
NeoFOAM solver config (mapped from fvSolution) for 'Schwarz(Jacobi)+Bicgstab':
{
    cacheSolver: true
    criteria: {
        absolute_residual_norm: 0.000000
        initial_residual_norm: 0.100000
        iteration: 1000
    }
    l1ScaledResidual: true
    optimize: true
    preconditioner: {
        local_solver: {
            max_block_size: 1
            type: preconditioner::Jacobi
        }
        type: preconditioner::Schwarz
    }
    reportName: Schwarz(Jacobi)+Bicgstab
    solver: Ginkgo
    type: solver::Bicgstab
}
    effective optimize: true
    effective checkFrequency: 1
Starting time loop
Time = 1
[mem] step-start: DEVICE_POOL current=16605 MB  actual(reserved)=38146 MB  highWater=19132 MB
Schwarz(Jacobi)+Bicgstab:  Solving for Ux, Initial residual = 0.0019488956619707622, Final residual = 0.00023894144922256608, No Iterations 3, Solve time = 233.071 ms
Schwarz(Jacobi)+Bicgstab:  Solving for Uy, Initial residual = 0.16486889729307713, Final residual = 0.008211417725346405, No Iterations 3, Solve time = 233.071 ms
Schwarz(Jacobi)+Bicgstab:  Solving for Uz, Initial residual = 0.1047839942030142, Final residual = 0.004988130416337742, No Iterations 3, Solve time = 233.071 ms
[mem] after-UEqn: DEVICE_POOL current=19099 MB  actual(reserved)=38146 MB  highWater=24387 MB
[GinkgoSolver] p-cache: rebuild(generate) solve=1 rebuildInterval=100
config(Cg+Schwarz(Multigrid)):  Solving for p, Initial residual = 1, Final residual = 0.009896341607045896, No Iterations 102, Solve time = 3583.035 ms
time step continuity errors : sum local = 6.608902360936403e-05, global = 4.643823734021187e-06, cumulative = 4.643823734021187e-06
[mem] after-pEqn: DEVICE_POOL current=20567 MB  actual(reserved)=38146 MB  highWater=24387 MB
[GinkgoSolver] p-cache: rebuild(generate) solve=1 rebuildInterval=0
Schwarz(Jacobi)+Bicgstab:  Solving for omega, Initial residual = 0.9999999999999997, Final residual = 0.03074785904466041, No Iterations 1, Solve time = 52.106 ms
bounding omega, min: -52.868582233716154 max: 46109483.00629177 average: 2443.124209573525
[GinkgoSolver] p-cache: rebuild(generate) solve=1 rebuildInterval=0
Schwarz(Jacobi)+Bicgstab:  Solving for k, Initial residual = 0.9999999999999734, Final residual = 0.043859874203339436, No Iterations 1, Solve time = 55.913 ms
[mem] after-turb: DEVICE_POOL current=22752 MB  actual(reserved)=38146 MB  highWater=24811 MB
ExecutionTime = 99.25 s  ClockTime = 100 s

Time = 2
[mem] step-start: DEVICE_POOL current=22752 MB  actual(reserved)=38146 MB  highWater=24811 MB
Schwarz(Jacobi)+Bicgstab:  Solving for Ux, Initial residual = 0.00129307120477885, Final residual = 5.9233830735145435e-05, No Iterations 5, Solve time = 330.616 ms
Schwarz(Jacobi)+Bicgstab:  Solving for Uy, Initial residual = 0.0654515168084724, Final residual = 0.0029795693965943447, No Iterations 5, Solve time = 330.616 ms
Schwarz(Jacobi)+Bicgstab:  Solving for Uz, Initial residual = 0.04084155645693395, Final residual = 0.0009088998761750146, No Iterations 5, Solve time = 330.616 ms
[mem] after-UEqn: DEVICE_POOL current=22752 MB  actual(reserved)=38146 MB  highWater=28040 MB
[GinkgoSolver] p-cache: reuse(update_matrix_value) solve=2 rebuildInterval=100
config(Cg+Schwarz(Multigrid)):  Solving for p, Initial residual = 0.04017283108289119, Final residual = 0.00039277413069028035, No Iterations 116, Solve time = 3693.018 ms
time step continuity errors : sum local = 4.1788965092009333e-05, global = 2.1807671266463606e-06, cumulative = 6.824590860667548e-06
[mem] after-pEqn: DEVICE_POOL current=22752 MB  actual(reserved)=38146 MB  highWater=28040 MB
[GinkgoSolver] p-cache: reuse(update_matrix_value) solve=2 rebuildInterval=0
Schwarz(Jacobi)+Bicgstab:  Solving for omega, Initial residual = 0.00819486636221747, Final residual = 0.0004780135922120649, No Iterations 1, Solve time = 59.93 ms
bounding omega, min: -3290.0014182916857 max: 45305779.465938814 average: 2705.6070733754786
[GinkgoSolver] p-cache: reuse(update_matrix_value) solve=2 rebuildInterval=0
Schwarz(Jacobi)+Bicgstab:  Solving for k, Initial residual = 0.07500375737841795, Final residual = 0.00445510936011289, No Iterations 1, Solve time = 48.531 ms
[mem] after-turb: DEVICE_POOL current=22752 MB  actual(reserved)=38146 MB  highWater=28040 MB
ExecutionTime = 104.66 s  ClockTime = 105 s

Time = 3
[mem] step-start: DEVICE_POOL current=22752 MB  actual(reserved)=38146 MB  highWater=28040 MB
Schwarz(Jacobi)+Bicgstab:  Solving for Ux, Initial residual = 0.0008109114463697788, Final residual = 4.7912130430869106e-05, No Iterations 6, Solve time = 391.698 ms
Schwarz(Jacobi)+Bicgstab:  Solving for Uy, Initial residual = 0.03251622474229678, Final residual = 0.0006360493748746884, No Iterations 6, Solve time = 391.698 ms
Schwarz(Jacobi)+Bicgstab:  Solving for Uz, Initial residual = 0.01819706326949595, Final residual = 0.00026756870659171204, No Iterations 6, Solve time = 391.698 ms
[mem] after-UEqn: DEVICE_POOL current=22752 MB  actual(reserved)=38146 MB  highWater=28040 MB
[GinkgoSolver] p-cache: reuse(update_matrix_value) solve=3 rebuildInterval=100
config(Cg+Schwarz(Multigrid)):  Solving for p, Initial residual = 0.01779492453389089, Final residual = 0.00017667105452516253, No Iterations 104, Solve time = 3320.473 ms
time step continuity errors : sum local = 3.453584655658315e-05, global = -9.619070942745667e-07, cumulative = 5.8626837663929805e-06
[mem] after-pEqn: DEVICE_POOL current=22752 MB  actual(reserved)=38146 MB  highWater=28040 MB
[GinkgoSolver] p-cache: reuse(update_matrix_value) solve=3 rebuildInterval=0
Schwarz(Jacobi)+Bicgstab:  Solving for omega, Initial residual = 0.0035207720136395115, Final residual = 0.0002899362882841568, No Iterations 1, Solve time = 63.716 ms
bounding omega, min: -11.965309546032792 max: 45385834.21299626 average: 3322.1706296712127
[GinkgoSolver] p-cache: reuse(update_matrix_value) solve=3 rebuildInterval=0
Schwarz(Jacobi)+Bicgstab:  Solving for k, Initial residual = 0.013997179938526404, Final residual = 0.0010053258866991605, No Iterations 1, Solve time = 49.605 ms
[mem] after-turb: DEVICE_POOL current=22752 MB  actual(reserved)=38146 MB  highWater=28040 MB
ExecutionTime = 109.73 s  ClockTime = 110 s

Time = 4
[mem] step-start: DEVICE_POOL current=22752 MB  actual(reserved)=38146 MB  highWater=28040 MB
Schwarz(Jacobi)+Bicgstab:  Solving for Ux, Initial residual = 0.0005583430994690321, Final residual = 4.7039112376936595e-05, No Iterations 4, Solve time = 281.548 ms
Schwarz(Jacobi)+Bicgstab:  Solving for Uy, Initial residual = 0.02022719081793379, Final residual = 0.0026684238949167406, No Iterations 4, Solve time = 281.548 ms
Schwarz(Jacobi)+Bicgstab:  Solving for Uz, Initial residual = 0.010485416305827321, Final residual = 0.000774205431781586, No Iterations 4, Solve time = 281.548 ms
[mem] after-UEqn: DEVICE_POOL current=22752 MB  actual(reserved)=38146 MB  highWater=28040 MB
[GinkgoSolver] p-cache: reuse(update_matrix_value) solve=4 rebuildInterval=100
config(Cg+Schwarz(Multigrid)):  Solving for p, Initial residual = 0.012494059896536664, Final residual = 0.00012107073011949942, No Iterations 113, Solve time = 3602.65 ms
time step continuity errors : sum local = 3.109537445358983e-05, global = 1.265293839984753e-06, cumulative = 7.127977606377733e-06
[mem] after-pEqn: DEVICE_POOL current=22752 MB  actual(reserved)=38146 MB  highWater=28040 MB
[GinkgoSolver] p-cache: reuse(update_matrix_value) solve=4 rebuildInterval=0
Schwarz(Jacobi)+Bicgstab:  Solving for omega, Initial residual = 0.0017242811705554771, Final residual = 4.8310572823675026e-05, No Iterations 2, Solve time = 85.733 ms
[GinkgoSolver] p-cache: reuse(update_matrix_value) solve=4 rebuildInterval=0
Schwarz(Jacobi)+Bicgstab:  Solving for k, Initial residual = 0.004640850978467542, Final residual = 0.00039336300903884864, No Iterations 1, Solve time = 49.014 ms
[mem] after-turb: DEVICE_POOL current=22752 MB  actual(reserved)=38146 MB  highWater=28040 MB
ExecutionTime = 114.99 s  ClockTime = 115 s

Time = 5
[mem] step-start: DEVICE_POOL current=22752 MB  actual(reserved)=38146 MB  highWater=28040 MB
Schwarz(Jacobi)+Bicgstab:  Solving for Ux, Initial residual = 0.000482267953844111, Final residual = 3.7330913537379536e-05, No Iterations 4, Solve time = 279.647 ms
Schwarz(Jacobi)+Bicgstab:  Solving for Uy, Initial residual = 0.018522927573535318, Final residual = 0.0011828205691010215, No Iterations 4, Solve time = 279.647 ms
Schwarz(Jacobi)+Bicgstab:  Solving for Uz, Initial residual = 0.008321048362866328, Final residual = 0.0008067409975371663, No Iterations 4, Solve time = 279.647 ms
[mem] after-UEqn: DEVICE_POOL current=22752 MB  actual(reserved)=38146 MB  highWater=28040 MB
[GinkgoSolver] p-cache: reuse(update_matrix_value) solve=5 rebuildInterval=100
config(Cg+Schwarz(Multigrid)):  Solving for p, Initial residual = 0.010605574708051, Final residual = 0.00010541366605961587, No Iterations 109, Solve time = 3480.611 ms
time step continuity errors : sum local = 2.9830688138363153e-05, global = 1.3207468323055472e-06, cumulative = 8.448724438683281e-06
[mem] after-pEqn: DEVICE_POOL current=22752 MB  actual(reserved)=38146 MB  highWater=28040 MB
[GinkgoSolver] p-cache: reuse(update_matrix_value) solve=5 rebuildInterval=0
Schwarz(Jacobi)+Bicgstab:  Solving for omega, Initial residual = 0.0009944406513488436, Final residual = 9.814039596177813e-05, No Iterations 1, Solve time = 62.474 ms
[GinkgoSolver] p-cache: reuse(update_matrix_value) solve=5 rebuildInterval=0
Schwarz(Jacobi)+Bicgstab:  Solving for k, Initial residual = 0.0023565233920922204, Final residual = 0.0002236532562410473, No Iterations 1, Solve time = 49.161 ms
[mem] after-turb: DEVICE_POOL current=22752 MB  actual(reserved)=38146 MB  highWater=28040 MB
ExecutionTime = 120.13 s  ClockTime = 121 s

Time = 6
[mem] step-start: DEVICE_POOL current=22752 MB  actual(reserved)=38146 MB  highWater=28040 MB
Schwarz(Jacobi)+Bicgstab:  Solving for Ux, Initial residual = 0.0004356476918758223, Final residual = 2.6398927871773895e-05, No Iterations 5, Solve time = 334.804 ms
Schwarz(Jacobi)+Bicgstab:  Solving for Uy, Initial residual = 0.017969195448565994, Final residual = 0.001621947606698993, No Iterations 5, Solve time = 334.804 ms
Schwarz(Jacobi)+Bicgstab:  Solving for Uz, Initial residual = 0.006737501354574202, Final residual = 0.0005124376257905825, No Iterations 5, Solve time = 334.804 ms
[mem] after-UEqn: DEVICE_POOL current=22752 MB  actual(reserved)=38146 MB  highWater=28040 MB
[GinkgoSolver] p-cache: reuse(update_matrix_value) solve=6 rebuildInterval=100
config(Cg+Schwarz(Multigrid)):  Solving for p, Initial residual = 0.011159282518190093, Final residual = 0.00010557114643661648, No Iterations 104, Solve time = 3327.342 ms
time step continuity errors : sum local = 2.92376648967771e-05, global = -4.249299628605696e-07, cumulative = 8.023794475822711e-06
[mem] after-pEqn: DEVICE_POOL current=22752 MB  actual(reserved)=38146 MB  highWater=28040 MB
[GinkgoSolver] p-cache: reuse(update_matrix_value) solve=6 rebuildInterval=0
Schwarz(Jacobi)+Bicgstab:  Solving for omega, Initial residual = 0.0006247299897139268, Final residual = 2.430948775003071e-05, No Iterations 2, Solve time = 87.368 ms
[GinkgoSolver] p-cache: reuse(update_matrix_value) solve=6 rebuildInterval=0
Schwarz(Jacobi)+Bicgstab:  Solving for k, Initial residual = 0.0016242837276288632, Final residual = 0.00015488779658601732, No Iterations 1, Solve time = 49.832 ms
[mem] after-turb: DEVICE_POOL current=22752 MB  actual(reserved)=38146 MB  highWater=28040 MB
ExecutionTime = 125.19 s  ClockTime = 126 s

Time = 7
[mem] step-start: DEVICE_POOL current=22752 MB  actual(reserved)=38146 MB  highWater=28040 MB
Schwarz(Jacobi)+Bicgstab:  Solving for Ux, Initial residual = 0.00037631776697862, Final residual = 2.3447515661440286e-05, No Iterations 5, Solve time = 334.276 ms
Schwarz(Jacobi)+Bicgstab:  Solving for Uy, Initial residual = 0.015249199783461386, Final residual = 0.0011702002074293802, No Iterations 5, Solve time = 334.276 ms
Schwarz(Jacobi)+Bicgstab:  Solving for Uz, Initial residual = 0.0051399110263302475, Final residual = 0.00027818413299199644, No Iterations 5, Solve time = 334.276 ms
[mem] after-UEqn: DEVICE_POOL current=22752 MB  actual(reserved)=38146 MB  highWater=28040 MB
[GinkgoSolver] p-cache: reuse(update_matrix_value) solve=7 rebuildInterval=100
config(Cg+Schwarz(Multigrid)):  Solving for p, Initial residual = 0.012132188765163993, Final residual = 0.00012044992206623688, No Iterations 98, Solve time = 3138.612 ms
time step continuity errors : sum local = 3.0114813680195765e-05, global = -1.817883967677759e-06, cumulative = 6.205910508144952e-06
[mem] after-pEqn: DEVICE_POOL current=22752 MB  actual(reserved)=38146 MB  highWater=28040 MB
[GinkgoSolver] p-cache: reuse(update_matrix_value) solve=7 rebuildInterval=0
Schwarz(Jacobi)+Bicgstab:  Solving for omega, Initial residual = 0.0004898370449720871, Final residual = 1.5229267036505483e-05, No Iterations 2, Solve time = 85.462 ms
[GinkgoSolver] p-cache: reuse(update_matrix_value) solve=7 rebuildInterval=0
Schwarz(Jacobi)+Bicgstab:  Solving for k, Initial residual = 0.001159694263330124, Final residual = 2.410873805659974e-05, No Iterations 3, Solve time = 94.06 ms
[mem] after-turb: DEVICE_POOL current=22752 MB  actual(reserved)=38146 MB  highWater=28040 MB
ExecutionTime = 130.09 s  ClockTime = 131 s

Time = 8
[mem] step-start: DEVICE_POOL current=22752 MB  actual(reserved)=38146 MB  highWater=28040 MB
Schwarz(Jacobi)+Bicgstab:  Solving for Ux, Initial residual = 0.0003169630943975819, Final residual = 2.4884277059062878e-05, No Iterations 5, Solve time = 331.535 ms
Schwarz(Jacobi)+Bicgstab:  Solving for Uy, Initial residual = 0.011384477930076587, Final residual = 0.00028972453408577587, No Iterations 5, Solve time = 331.535 ms
Schwarz(Jacobi)+Bicgstab:  Solving for Uz, Initial residual = 0.0036133108706455238, Final residual = 0.00019683236170187296, No Iterations 5, Solve time = 331.535 ms
[mem] after-UEqn: DEVICE_POOL current=22752 MB  actual(reserved)=38146 MB  highWater=28040 MB
[GinkgoSolver] p-cache: reuse(update_matrix_value) solve=8 rebuildInterval=100
config(Cg+Schwarz(Multigrid)):  Solving for p, Initial residual = 0.013090469255297011, Final residual = 0.0001281046290188034, No Iterations 93, Solve time = 2978.108 ms
time step continuity errors : sum local = 2.778737653374393e-05, global = 5.749204347522769e-07, cumulative = 6.780830942897228e-06
[mem] after-pEqn: DEVICE_POOL current=22752 MB  actual(reserved)=38146 MB  highWater=28040 MB
[GinkgoSolver] p-cache: reuse(update_matrix_value) solve=8 rebuildInterval=0
Schwarz(Jacobi)+Bicgstab:  Solving for omega, Initial residual = 0.0003596253917750821, Final residual = 1.2434495737398716e-05, No Iterations 2, Solve time = 86.299 ms
bounding omega, min: -967.8364187095383 max: 45357656.46259967 average: 5745.28756534959
[GinkgoSolver] p-cache: reuse(update_matrix_value) solve=8 rebuildInterval=0
Schwarz(Jacobi)+Bicgstab:  Solving for k, Initial residual = 0.0008654517694741952, Final residual = 5.2454672979195994e-05, No Iterations 2, Solve time = 72.455 ms
[mem] after-turb: DEVICE_POOL current=22752 MB  actual(reserved)=38146 MB  highWater=28040 MB
ExecutionTime = 134.82 s  ClockTime = 135 s

Time = 9
[mem] step-start: DEVICE_POOL current=22752 MB  actual(reserved)=38146 MB  highWater=28040 MB
Schwarz(Jacobi)+Bicgstab:  Solving for Ux, Initial residual = 0.00027361991208756786, Final residual = 7.298551718462377e-06, No Iterations 5, Solve time = 334.43 ms
Schwarz(Jacobi)+Bicgstab:  Solving for Uy, Initial residual = 0.009193381409975235, Final residual = 0.0004447211734113725, No Iterations 5, Solve time = 334.43 ms
Schwarz(Jacobi)+Bicgstab:  Solving for Uz, Initial residual = 0.002629361012372194, Final residual = 0.00015426854317866914, No Iterations 5, Solve time = 334.43 ms
[mem] after-UEqn: DEVICE_POOL current=22752 MB  actual(reserved)=38146 MB  highWater=28040 MB
[GinkgoSolver] p-cache: reuse(update_matrix_value) solve=9 rebuildInterval=100
config(Cg+Schwarz(Multigrid)):  Solving for p, Initial residual = 0.013746326107863128, Final residual = 0.000134137878696259, No Iterations 106, Solve time = 3381.575 ms
time step continuity errors : sum local = 2.5380214453312727e-05, global = -1.0885048545081184e-06, cumulative = 5.69232608838911e-06
[mem] after-pEqn: DEVICE_POOL current=22752 MB  actual(reserved)=38146 MB  highWater=28040 MB
[GinkgoSolver] p-cache: reuse(update_matrix_value) solve=9 rebuildInterval=0
Schwarz(Jacobi)+Bicgstab:  Solving for omega, Initial residual = 0.0002780527238923286, Final residual = 1.0631455224485683e-05, No Iterations 2, Solve time = 86.612 ms
[GinkgoSolver] p-cache: reuse(update_matrix_value) solve=9 rebuildInterval=0
Schwarz(Jacobi)+Bicgstab:  Solving for k, Initial residual = 0.0006654497760110103, Final residual = 3.885549758715686e-05, No Iterations 2, Solve time = 74.228 ms
[mem] after-turb: DEVICE_POOL current=22752 MB  actual(reserved)=38146 MB  highWater=28040 MB
ExecutionTime = 139.95 s  ClockTime = 140 s

Time = 10
[mem] step-start: DEVICE_POOL current=22752 MB  actual(reserved)=38146 MB  highWater=28040 MB
Schwarz(Jacobi)+Bicgstab:  Solving for Ux, Initial residual = 0.0002520700211004419, Final residual = 3.2074072959894e-06, No Iterations 6, Solve time = 394.978 ms
Schwarz(Jacobi)+Bicgstab:  Solving for Uy, Initial residual = 0.010076507471012948, Final residual = 0.00040115981223282955, No Iterations 6, Solve time = 394.978 ms
Schwarz(Jacobi)+Bicgstab:  Solving for Uz, Initial residual = 0.0024944249292357754, Final residual = 4.164103150379156e-05, No Iterations 6, Solve time = 394.978 ms
[mem] after-UEqn: DEVICE_POOL current=22752 MB  actual(reserved)=38146 MB  highWater=28040 MB
[GinkgoSolver] p-cache: reuse(update_matrix_value) solve=10 rebuildInterval=100
config(Cg+Schwarz(Multigrid)):  Solving for p, Initial residual = 0.013783537249420571, Final residual = 0.0001370972661587192, No Iterations 110, Solve time = 3509.747 ms
time step continuity errors : sum local = 2.3969590037430363e-05, global = -2.20342224833659e-06, cumulative = 3.4889038400525204e-06
[mem] after-pEqn: DEVICE_POOL current=22752 MB  actual(reserved)=38146 MB  highWater=28040 MB
[GinkgoSolver] p-cache: reuse(update_matrix_value) solve=10 rebuildInterval=0
Schwarz(Jacobi)+Bicgstab:  Solving for omega, Initial residual = 0.00022456250865953323, Final residual = 9.223759646975226e-06, No Iterations 2, Solve time = 86.534 ms
[GinkgoSolver] p-cache: reuse(update_matrix_value) solve=10 rebuildInterval=0
Schwarz(Jacobi)+Bicgstab:  Solving for k, Initial residual = 0.000526833072164879, Final residual = 3.276072690031289e-05, No Iterations 2, Solve time = 73.551 ms
[mem] after-turb: DEVICE_POOL current=22752 MB  actual(reserved)=38146 MB  highWater=28040 MB
ExecutionTime = 145.28 s  ClockTime = 146 s

Time = 11
[mem] step-start: DEVICE_POOL current=22752 MB  actual(reserved)=38146 MB  highWater=28040 MB
Schwarz(Jacobi)+Bicgstab:  Solving for Ux, Initial residual = 0.00024047309686430447, Final residual = 1.1001375475275004e-05, No Iterations 5, Solve time = 321.311 ms
Schwarz(Jacobi)+Bicgstab:  Solving for Uy, Initial residual = 0.011083452885470748, Final residual = 0.0003229233675712937, No Iterations 5, Solve time = 321.311 ms
Schwarz(Jacobi)+Bicgstab:  Solving for Uz, Initial residual = 0.0025488952335131223, Final residual = 7.269497491338119e-05, No Iterations 5, Solve time = 321.311 ms
[mem] after-UEqn: DEVICE_POOL current=22752 MB  actual(reserved)=38146 MB  highWater=28040 MB
[GinkgoSolver] p-cache: reuse(update_matrix_value) solve=11 rebuildInterval=100
config(Cg+Schwarz(Multigrid)):  Solving for p, Initial residual = 0.013425086240367918, Final residual = 0.000130015835473981, No Iterations 107, Solve time = 3413.452 ms
time step continuity errors : sum local = 2.3224431422487724e-05, global = -1.704980871148759e-06, cumulative = 1.7839229689037614e-06
[mem] after-pEqn: DEVICE_POOL current=22752 MB  actual(reserved)=38146 MB  highWater=28040 MB
[GinkgoSolver] p-cache: reuse(update_matrix_value) solve=11 rebuildInterval=0
Schwarz(Jacobi)+Bicgstab:  Solving for omega, Initial residual = 0.00018510108297793828, Final residual = 8.098293668507878e-06, No Iterations 2, Solve time = 86.029 ms
[GinkgoSolver] p-cache: reuse(update_matrix_value) solve=11 rebuildInterval=0
Schwarz(Jacobi)+Bicgstab:  Solving for k, Initial residual = 0.0004395292737695718, Final residual = 2.8289524545546528e-05, No Iterations 2, Solve time = 72.306 ms
[mem] after-turb: DEVICE_POOL current=22752 MB  actual(reserved)=38146 MB  highWater=28040 MB
ExecutionTime = 150.44 s  ClockTime = 151 s

Time = 12
[mem] step-start: DEVICE_POOL current=22752 MB  actual(reserved)=38146 MB  highWater=28040 MB
Schwarz(Jacobi)+Bicgstab:  Solving for Ux, Initial residual = 0.00022839817591886204, Final residual = 1.4744986518080764e-05, No Iterations 4, Solve time = 276.809 ms
Schwarz(Jacobi)+Bicgstab:  Solving for Uy, Initial residual = 0.011038951041918491, Final residual = 0.0007972021699176006, No Iterations 4, Solve time = 276.809 ms
Schwarz(Jacobi)+Bicgstab:  Solving for Uz, Initial residual = 0.002480697100997939, Final residual = 0.00012092583780061295, No Iterations 4, Solve time = 276.809 ms
[mem] after-UEqn: DEVICE_POOL current=22752 MB  actual(reserved)=38146 MB  highWater=28040 MB
[GinkgoSolver] p-cache: reuse(update_matrix_value) solve=12 rebuildInterval=100
config(Cg+Schwarz(Multigrid)):  Solving for p, Initial residual = 0.012295913431291458, Final residual = 0.00011850415302028762, No Iterations 102, Solve time = 3258.314 ms
time step continuity errors : sum local = 2.330958675700968e-05, global = -1.6628665608310948e-07, cumulative = 1.6176363128206519e-06
[mem] after-pEqn: DEVICE_POOL current=22752 MB  actual(reserved)=38146 MB  highWater=28040 MB
[GinkgoSolver] p-cache: reuse(update_matrix_value) solve=12 rebuildInterval=0
Schwarz(Jacobi)+Bicgstab:  Solving for omega, Initial residual = 0.00015606341786511852, Final residual = 7.140630120937435e-06, No Iterations 2, Solve time = 85.398 ms
[GinkgoSolver] p-cache: reuse(update_matrix_value) solve=12 rebuildInterval=0
Schwarz(Jacobi)+Bicgstab:  Solving for k, Initial residual = 0.0003876380326109006, Final residual = 2.5733335871103854e-05, No Iterations 2, Solve time = 72.661 ms
[mem] after-turb: DEVICE_POOL current=22752 MB  actual(reserved)=38146 MB  highWater=28040 MB
ExecutionTime = 155.39 s  ClockTime = 156 s

Time = 13
[mem] step-start: DEVICE_POOL current=22752 MB  actual(reserved)=38146 MB  highWater=28040 MB
Schwarz(Jacobi)+Bicgstab:  Solving for Ux, Initial residual = 0.00021572080074301421, Final residual = 9.425210756492364e-06, No Iterations 4, Solve time = 281.897 ms
Schwarz(Jacobi)+Bicgstab:  Solving for Uy, Initial residual = 0.010265917669672775, Final residual = 0.0005810015570887807, No Iterations 4, Solve time = 281.897 ms
Schwarz(Jacobi)+Bicgstab:  Solving for Uz, Initial residual = 0.0022945945634808575, Final residual = 0.00010851912247725862, No Iterations 4, Solve time = 281.897 ms
[mem] after-UEqn: DEVICE_POOL current=22752 MB  actual(reserved)=38146 MB  highWater=28040 MB
[GinkgoSolver] p-cache: reuse(update_matrix_value) solve=13 rebuildInterval=100
config(Cg+Schwarz(Multigrid)):  Solving for p, Initial residual = 0.01070638260691181, Final residual = 0.00010229850049840294, No Iterations 98, Solve time = 3129.726 ms
time step continuity errors : sum local = 2.2722571443527233e-05, global = 1.068521040194107e-06, cumulative = 2.686157353014759e-06
[mem] after-pEqn: DEVICE_POOL current=22752 MB  actual(reserved)=38146 MB  highWater=28040 MB
[GinkgoSolver] p-cache: reuse(update_matrix_value) solve=13 rebuildInterval=0
Schwarz(Jacobi)+Bicgstab:  Solving for omega, Initial residual = 0.00013496004225756637, Final residual = 6.422446608990694e-06, No Iterations 2, Solve time = 86.414 ms
[GinkgoSolver] p-cache: reuse(update_matrix_value) solve=13 rebuildInterval=0
Schwarz(Jacobi)+Bicgstab:  Solving for k, Initial residual = 0.0003677480249614322, Final residual = 2.5893816580551852e-05, No Iterations 2, Solve time = 73.762 ms
[mem] after-turb: DEVICE_POOL current=22752 MB  actual(reserved)=38146 MB  highWater=28040 MB
ExecutionTime = 160.21 s  ClockTime = 161 s

Time = 14
[mem] step-start: DEVICE_POOL current=22752 MB  actual(reserved)=38146 MB  highWater=28040 MB
Schwarz(Jacobi)+Bicgstab:  Solving for Ux, Initial residual = 0.0002055457775157318, Final residual = 1.3344616201879932e-05, No Iterations 4, Solve time = 282.273 ms
Schwarz(Jacobi)+Bicgstab:  Solving for Uy, Initial residual = 0.009282596994030525, Final residual = 0.0012390051081118613, No Iterations 4, Solve time = 282.273 ms
Schwarz(Jacobi)+Bicgstab:  Solving for Uz, Initial residual = 0.002092584481428563, Final residual = 0.0002265713402694942, No Iterations 4, Solve time = 282.273 ms
[mem] after-UEqn: DEVICE_POOL current=22752 MB  actual(reserved)=38146 MB  highWater=28040 MB
[GinkgoSolver] p-cache: reuse(update_matrix_value) solve=14 rebuildInterval=100
config(Cg+Schwarz(Multigrid)):  Solving for p, Initial residual = 0.009242779917974609, Final residual = 8.744613919958341e-05, No Iterations 95, Solve time = 3031.506 ms
time step continuity errors : sum local = 2.17418360387928e-05, global = 7.299395587479477e-07, cumulative = 3.4160969117627067e-06
[mem] after-pEqn: DEVICE_POOL current=22752 MB  actual(reserved)=38146 MB  highWater=28040 MB
[GinkgoSolver] p-cache: reuse(update_matrix_value) solve=14 rebuildInterval=0
Schwarz(Jacobi)+Bicgstab:  Solving for omega, Initial residual = 0.00012045699155929886, Final residual = 5.876397418254765e-06, No Iterations 2, Solve time = 85.603 ms
[GinkgoSolver] p-cache: reuse(update_matrix_value) solve=14 rebuildInterval=0
Schwarz(Jacobi)+Bicgstab:  Solving for k, Initial residual = 0.00036023783527639185, Final residual = 2.911758456377875e-05, No Iterations 2, Solve time = 73.101 ms
[mem] after-turb: DEVICE_POOL current=22752 MB  actual(reserved)=38146 MB  highWater=28040 MB
ExecutionTime = 164.94 s  ClockTime = 166 s

Time = 15
[mem] step-start: DEVICE_POOL current=22752 MB  actual(reserved)=38146 MB  highWater=28040 MB
Schwarz(Jacobi)+Bicgstab:  Solving for Ux, Initial residual = 0.00019770638190097438, Final residual = 1.501438125601971e-05, No Iterations 4, Solve time = 296.579 ms
Schwarz(Jacobi)+Bicgstab:  Solving for Uy, Initial residual = 0.008574789040176594, Final residual = 0.0005043184701721859, No Iterations 4, Solve time = 296.579 ms
Schwarz(Jacobi)+Bicgstab:  Solving for Uz, Initial residual = 0.0019460760452691185, Final residual = 0.00010416884873738183, No Iterations 4, Solve time = 296.579 ms
[mem] after-UEqn: DEVICE_POOL current=22752 MB  actual(reserved)=38146 MB  highWater=28040 MB
[GinkgoSolver] p-cache: reuse(update_matrix_value) solve=15 rebuildInterval=100
config(Cg+Schwarz(Multigrid)):  Solving for p, Initial residual = 0.008214894011737852, Final residual = 8.151946699169296e-05, No Iterations 71, Solve time = 2279.036 ms
time step continuity errors : sum local = 2.2083293060298446e-05, global = -6.341900318150317e-07, cumulative = 2.781906879947675e-06
[mem] after-pEqn: DEVICE_POOL current=22752 MB  actual(reserved)=38146 MB  highWater=28040 MB
[GinkgoSolver] p-cache: reuse(update_matrix_value) solve=15 rebuildInterval=0
Schwarz(Jacobi)+Bicgstab:  Solving for omega, Initial residual = 0.00010975638983050652, Final residual = 5.423143538984106e-06, No Iterations 2, Solve time = 86.999 ms
[GinkgoSolver] p-cache: reuse(update_matrix_value) solve=15 rebuildInterval=0
Schwarz(Jacobi)+Bicgstab:  Solving for k, Initial residual = 0.0003546688682025462, Final residual = 9.501229502646541e-06, No Iterations 3, Solve time = 96.259 ms
[mem] after-turb: DEVICE_POOL current=22752 MB  actual(reserved)=38146 MB  highWater=28040 MB
ExecutionTime = 168.95 s  ClockTime = 170 s

Time = 16
[mem] step-start: DEVICE_POOL current=22752 MB  actual(reserved)=38146 MB  highWater=28040 MB
Schwarz(Jacobi)+Bicgstab:  Solving for Ux, Initial residual = 0.0001900480374720317, Final residual = 7.794196836017563e-06, No Iterations 4, Solve time = 275.751 ms
Schwarz(Jacobi)+Bicgstab:  Solving for Uy, Initial residual = 0.008156455658221394, Final residual = 0.00042202015708507287, No Iterations 4, Solve time = 275.751 ms
Schwarz(Jacobi)+Bicgstab:  Solving for Uz, Initial residual = 0.00188507857461749, Final residual = 0.00018644055617984565, No Iterations 4, Solve time = 275.751 ms
[mem] after-UEqn: DEVICE_POOL current=22752 MB  actual(reserved)=38146 MB  highWater=28040 MB
[GinkgoSolver] p-cache: reuse(update_matrix_value) solve=16 rebuildInterval=100
config(Cg+Schwarz(Multigrid)):  Solving for p, Initial residual = 0.007670623988698024, Final residual = 7.627711538930673e-05, No Iterations 64, Solve time = 2061.171 ms
time step continuity errors : sum local = 2.1659625589635915e-05, global = -8.891242400449044e-07, cumulative = 1.8927826399027704e-06
[mem] after-pEqn: DEVICE_POOL current=22752 MB  actual(reserved)=38146 MB  highWater=28040 MB
[GinkgoSolver] p-cache: reuse(update_matrix_value) solve=16 rebuildInterval=0
Schwarz(Jacobi)+Bicgstab:  Solving for omega, Initial residual = 0.00010126175404552354, Final residual = 5.1191361146246285e-06, No Iterations 2, Solve time = 85.52 ms
[GinkgoSolver] p-cache: reuse(update_matrix_value) solve=16 rebuildInterval=0
Schwarz(Jacobi)+Bicgstab:  Solving for k, Initial residual = 0.0003520399585997853, Final residual = 2.738761508416488e-05, No Iterations 2, Solve time = 73.278 ms
[mem] after-turb: DEVICE_POOL current=22752 MB  actual(reserved)=38146 MB  highWater=28040 MB
ExecutionTime = 172.71 s  ClockTime = 173 s

Time = 17
[mem] step-start: DEVICE_POOL current=22752 MB  actual(reserved)=38146 MB  highWater=28040 MB
Schwarz(Jacobi)+Bicgstab:  Solving for Ux, Initial residual = 0.00018360612774223642, Final residual = 6.801267084261946e-06, No Iterations 4, Solve time = 273.896 ms
Schwarz(Jacobi)+Bicgstab:  Solving for Uy, Initial residual = 0.00789444203554338, Final residual = 0.000620457302749161, No Iterations 4, Solve time = 273.896 ms
Schwarz(Jacobi)+Bicgstab:  Solving for Uz, Initial residual = 0.0018150212924593423, Final residual = 9.320824976754006e-05, No Iterations 4, Solve time = 273.896 ms
[mem] after-UEqn: DEVICE_POOL current=22752 MB  actual(reserved)=38146 MB  highWater=28040 MB
[GinkgoSolver] p-cache: reuse(update_matrix_value) solve=17 rebuildInterval=100
config(Cg+Schwarz(Multigrid)):  Solving for p, Initial residual = 0.007277713686662107, Final residual = 7.232641959629778e-05, No Iterations 63, Solve time = 2029.995 ms
time step continuity errors : sum local = 2.1191339149037166e-05, global = -7.481709193707966e-07, cumulative = 1.1446117205319737e-06
[mem] after-pEqn: DEVICE_POOL current=22752 MB  actual(reserved)=38146 MB  highWater=28040 MB
[GinkgoSolver] p-cache: reuse(update_matrix_value) solve=17 rebuildInterval=0
Schwarz(Jacobi)+Bicgstab:  Solving for omega, Initial residual = 9.430238019874589e-05, Final residual = 4.8055952601720616e-06, No Iterations 2, Solve time = 82.369 ms
[GinkgoSolver] p-cache: reuse(update_matrix_value) solve=17 rebuildInterval=0
Schwarz(Jacobi)+Bicgstab:  Solving for k, Initial residual = 0.0003501898516221719, Final residual = 8.387441093083223e-06, No Iterations 3, Solve time = 96.311 ms
[mem] after-turb: DEVICE_POOL current=22752 MB  actual(reserved)=38146 MB  highWater=28040 MB
ExecutionTime = 176.45 s  ClockTime = 177 s

Time = 18
[mem] step-start: DEVICE_POOL current=22752 MB  actual(reserved)=38146 MB  highWater=28040 MB
Schwarz(Jacobi)+Bicgstab:  Solving for Ux, Initial residual = 0.00017606565273555868, Final residual = 6.5298121230715715e-06, No Iterations 4, Solve time = 291.168 ms
Schwarz(Jacobi)+Bicgstab:  Solving for Uy, Initial residual = 0.007605314602794873, Final residual = 0.00032008786790933374, No Iterations 4, Solve time = 291.168 ms
Schwarz(Jacobi)+Bicgstab:  Solving for Uz, Initial residual = 0.0017419391161095762, Final residual = 7.276982181562832e-05, No Iterations 4, Solve time = 291.168 ms
[mem] after-UEqn: DEVICE_POOL current=22752 MB  actual(reserved)=38146 MB  highWater=28040 MB
[GinkgoSolver] p-cache: reuse(update_matrix_value) solve=18 rebuildInterval=100
config(Cg+Schwarz(Multigrid)):  Solving for p, Initial residual = 0.006995429121393833, Final residual = 6.92030540571256e-05, No Iterations 67, Solve time = 2159.39 ms
time step continuity errors : sum local = 2.0699477605270595e-05, global = 2.0645734071253555e-07, cumulative = 1.3510690612445092e-06
[mem] after-pEqn: DEVICE_POOL current=22752 MB  actual(reserved)=38146 MB  highWater=28040 MB
[GinkgoSolver] p-cache: reuse(update_matrix_value) solve=18 rebuildInterval=0
Schwarz(Jacobi)+Bicgstab:  Solving for omega, Initial residual = 8.819516749436649e-05, Final residual = 4.598917740066463e-06, No Iterations 2, Solve time = 86.291 ms
[GinkgoSolver] p-cache: reuse(update_matrix_value) solve=18 rebuildInterval=0
Schwarz(Jacobi)+Bicgstab:  Solving for k, Initial residual = 0.00035022096952967577, Final residual = 3.208289917617662e-05, No Iterations 2, Solve time = 73.286 ms
[mem] after-turb: DEVICE_POOL current=22752 MB  actual(reserved)=38146 MB  highWater=28040 MB
ExecutionTime = 180.32 s  ClockTime = 181 s

Time = 19
[mem] step-start: DEVICE_POOL current=22752 MB  actual(reserved)=38146 MB  highWater=28040 MB
Schwarz(Jacobi)+Bicgstab:  Solving for Ux, Initial residual = 0.00016854972618170663, Final residual = 1.2888871975919998e-05, No Iterations 3, Solve time = 222.674 ms
Schwarz(Jacobi)+Bicgstab:  Solving for Uy, Initial residual = 0.007366483219166575, Final residual = 0.0006432362570118054, No Iterations 3, Solve time = 222.674 ms
Schwarz(Jacobi)+Bicgstab:  Solving for Uz, Initial residual = 0.0016983758903772372, Final residual = 0.0001612241063299498, No Iterations 3, Solve time = 222.674 ms
[mem] after-UEqn: DEVICE_POOL current=22752 MB  actual(reserved)=38146 MB  highWater=28040 MB
[GinkgoSolver] p-cache: reuse(update_matrix_value) solve=19 rebuildInterval=100
config(Cg+Schwarz(Multigrid)):  Solving for p, Initial residual = 0.006733930225167096, Final residual = 6.433832669148926e-05, No Iterations 68, Solve time = 2190.873 ms
time step continuity errors : sum local = 1.9577492515099324e-05, global = 1.179788160456818e-06, cumulative = 2.530857221701327e-06
[mem] after-pEqn: DEVICE_POOL current=22752 MB  actual(reserved)=38146 MB  highWater=28040 MB
[GinkgoSolver] p-cache: reuse(update_matrix_value) solve=19 rebuildInterval=0
Schwarz(Jacobi)+Bicgstab:  Solving for omega, Initial residual = 8.31600220816062e-05, Final residual = 4.396431893912743e-06, No Iterations 2, Solve time = 86.638 ms
[GinkgoSolver] p-cache: reuse(update_matrix_value) solve=19 rebuildInterval=0
Schwarz(Jacobi)+Bicgstab:  Solving for k, Initial residual = 0.00035031104001436, Final residual = 8.615126483420891e-06, No Iterations 3, Solve time = 93.576 ms
[mem] after-turb: DEVICE_POOL current=22752 MB  actual(reserved)=38146 MB  highWater=28040 MB
ExecutionTime = 184.17 s  ClockTime = 185 s

Time = 20
[mem] step-start: DEVICE_POOL current=22752 MB  actual(reserved)=38146 MB  highWater=28040 MB
Schwarz(Jacobi)+Bicgstab:  Solving for Ux, Initial residual = 0.00016277980218120397, Final residual = 6.7519921082435004e-06, No Iterations 4, Solve time = 286.658 ms
Schwarz(Jacobi)+Bicgstab:  Solving for Uy, Initial residual = 0.007268658438131712, Final residual = 0.00042292958351306594, No Iterations 4, Solve time = 286.658 ms
Schwarz(Jacobi)+Bicgstab:  Solving for Uz, Initial residual = 0.0016980324643895886, Final residual = 0.0001772079324871964, No Iterations 4, Solve time = 286.658 ms
[mem] after-UEqn: DEVICE_POOL current=22752 MB  actual(reserved)=38146 MB  highWater=28040 MB
[GinkgoSolver] p-cache: reuse(update_matrix_value) solve=20 rebuildInterval=100
config(Cg+Schwarz(Multigrid)):  Solving for p, Initial residual = 0.006500103591891012, Final residual = 6.359155864085128e-05, No Iterations 66, Solve time = 2125.747 ms
time step continuity errors : sum local = 1.9618572119250142e-05, global = 1.6230253112306341e-06, cumulative = 4.1538825329319614e-06
[mem] after-pEqn: DEVICE_POOL current=22752 MB  actual(reserved)=38146 MB  highWater=28040 MB
[GinkgoSolver] p-cache: reuse(update_matrix_value) solve=20 rebuildInterval=0
Schwarz(Jacobi)+Bicgstab:  Solving for omega, Initial residual = 7.806422850679881e-05, Final residual = 4.197676455388074e-06, No Iterations 2, Solve time = 81.851 ms
[GinkgoSolver] p-cache: reuse(update_matrix_value) solve=20 rebuildInterval=0
Schwarz(Jacobi)+Bicgstab:  Solving for k, Initial residual = 0.0003505804528171396, Final residual = 8.270844554647173e-06, No Iterations 3, Solve time = 95.178 ms
[mem] after-turb: DEVICE_POOL current=22752 MB  actual(reserved)=38146 MB  highWater=28040 MB
ExecutionTime = 188.02 s  ClockTime = 189 s

Time = 21
[mem] step-start: DEVICE_POOL current=22752 MB  actual(reserved)=38146 MB  highWater=28040 MB
Schwarz(Jacobi)+Bicgstab:  Solving for Ux, Initial residual = 0.00015848811848173777, Final residual = 3.341265185921502e-06, No Iterations 5, Solve time = 329.942 ms
Schwarz(Jacobi)+Bicgstab:  Solving for Uy, Initial residual = 0.007247893782147304, Final residual = 0.00015824267784320898, No Iterations 5, Solve time = 329.942 ms
Schwarz(Jacobi)+Bicgstab:  Solving for Uz, Initial residual = 0.001721795623382072, Final residual = 5.9820082344302173e-05, No Iterations 5, Solve time = 329.942 ms
[mem] after-UEqn: DEVICE_POOL current=22752 MB  actual(reserved)=38146 MB  highWater=28040 MB
[GinkgoSolver] p-cache: reuse(update_matrix_value) solve=21 rebuildInterval=100
config(Cg+Schwarz(Multigrid)):  Solving for p, Initial residual = 0.00628794105249125, Final residual = 6.277595477173485e-05, No Iterations 61, Solve time = 1970.373 ms
time step continuity errors : sum local = 1.9584335326974983e-05, global = 1.5152098233192006e-06, cumulative = 5.6690923562511625e-06
[mem] after-pEqn: DEVICE_POOL current=22752 MB  actual(reserved)=38146 MB  highWater=28040 MB
[GinkgoSolver] p-cache: reuse(update_matrix_value) solve=21 rebuildInterval=0
Schwarz(Jacobi)+Bicgstab:  Solving for omega, Initial residual = 7.373717393813647e-05, Final residual = 4.031548992342834e-06, No Iterations 2, Solve time = 76.141 ms
[GinkgoSolver] p-cache: reuse(update_matrix_value) solve=21 rebuildInterval=0
Schwarz(Jacobi)+Bicgstab:  Solving for k, Initial residual = 0.0003524067414157136, Final residual = 8.403231167237151e-06, No Iterations 3, Solve time = 95.876 ms
[mem] after-turb: DEVICE_POOL current=22752 MB  actual(reserved)=38146 MB  highWater=28040 MB
ExecutionTime = 191.76 s  ClockTime = 192 s

Time = 22
[mem] step-start: DEVICE_POOL current=22752 MB  actual(reserved)=38146 MB  highWater=28040 MB
Schwarz(Jacobi)+Bicgstab:  Solving for Ux, Initial residual = 0.00015581933647427923, Final residual = 1.1097508136527718e-05, No Iterations 3, Solve time = 229.562 ms
Schwarz(Jacobi)+Bicgstab:  Solving for Uy, Initial residual = 0.007193639588880537, Final residual = 0.0006019371636355766, No Iterations 3, Solve time = 229.562 ms
Schwarz(Jacobi)+Bicgstab:  Solving for Uz, Initial residual = 0.0017437468130514495, Final residual = 0.00015200547573808524, No Iterations 3, Solve time = 229.562 ms
[mem] after-UEqn: DEVICE_POOL current=22752 MB  actual(reserved)=38146 MB  highWater=28040 MB
[GinkgoSolver] p-cache: reuse(update_matrix_value) solve=22 rebuildInterval=100
config(Cg+Schwarz(Multigrid)):  Solving for p, Initial residual = 0.006120662804699352, Final residual = 6.113041067847898e-05, No Iterations 57, Solve time = 1845.31 ms
time step continuity errors : sum local = 1.9235580787882337e-05, global = 1.202442499630349e-06, cumulative = 6.8715348558815115e-06
[mem] after-pEqn: DEVICE_POOL current=22752 MB  actual(reserved)=38146 MB  highWater=28040 MB
[GinkgoSolver] p-cache: reuse(update_matrix_value) solve=22 rebuildInterval=0
Schwarz(Jacobi)+Bicgstab:  Solving for omega, Initial residual = 6.97673701396603e-05, Final residual = 3.8698510726989135e-06, No Iterations 2, Solve time = 86.695 ms
[GinkgoSolver] p-cache: reuse(update_matrix_value) solve=22 rebuildInterval=0
Schwarz(Jacobi)+Bicgstab:  Solving for k, Initial residual = 0.00035442630858912726, Final residual = 8.585450867977908e-06, No Iterations 3, Solve time = 94.989 ms
[mem] after-turb: DEVICE_POOL current=22752 MB  actual(reserved)=38146 MB  highWater=28040 MB
ExecutionTime = 195.29 s  ClockTime = 196 s

Time = 23
[mem] step-start: DEVICE_POOL current=22752 MB  actual(reserved)=38146 MB  highWater=28040 MB
Schwarz(Jacobi)+Bicgstab:  Solving for Ux, Initial residual = 0.0001535020715536005, Final residual = 9.072387906184247e-06, No Iterations 3, Solve time = 225.693 ms
Schwarz(Jacobi)+Bicgstab:  Solving for Uy, Initial residual = 0.007098541880467798, Final residual = 0.0005645979458504569, No Iterations 3, Solve time = 225.693 ms
Schwarz(Jacobi)+Bicgstab:  Solving for Uz, Initial residual = 0.0017579716367813823, Final residual = 0.00014438343910352756, No Iterations 3, Solve time = 225.693 ms
[mem] after-UEqn: DEVICE_POOL current=22752 MB  actual(reserved)=38146 MB  highWater=28040 MB
[GinkgoSolver] p-cache: reuse(update_matrix_value) solve=23 rebuildInterval=100
config(Cg+Schwarz(Multigrid)):  Solving for p, Initial residual = 0.0059945366911139, Final residual = 5.7884602232563694e-05, No Iterations 33, Solve time = 1087.815 ms
time step continuity errors : sum local = 1.833965307951228e-05, global = 6.295740885787325e-07, cumulative = 7.501108944460244e-06
[mem] after-pEqn: DEVICE_POOL current=22752 MB  actual(reserved)=38146 MB  highWater=28040 MB
[GinkgoSolver] p-cache: reuse(update_matrix_value) solve=23 rebuildInterval=0
Schwarz(Jacobi)+Bicgstab:  Solving for omega, Initial residual = 6.625120103816544e-05, Final residual = 3.7296609312220703e-06, No Iterations 2, Solve time = 86.759 ms
[GinkgoSolver] p-cache: reuse(update_matrix_value) solve=23 rebuildInterval=0
Schwarz(Jacobi)+Bicgstab:  Solving for k, Initial residual = 0.0003568468437882172, Final residual = 8.761771093405901e-06, No Iterations 3, Solve time = 95.942 ms
[mem] after-turb: DEVICE_POOL current=22752 MB  actual(reserved)=38146 MB  highWater=28040 MB
ExecutionTime = 198.04 s  ClockTime = 199 s

Time = 24
[mem] step-start: DEVICE_POOL current=22752 MB  actual(reserved)=38146 MB  highWater=28040 MB
Schwarz(Jacobi)+Bicgstab:  Solving for Ux, Initial residual = 0.00015136190246068951, Final residual = 1.4177954652153102e-05, No Iterations 3, Solve time = 221.942 ms
Schwarz(Jacobi)+Bicgstab:  Solving for Uy, Initial residual = 0.006949442931113582, Final residual = 0.0005347603030709233, No Iterations 3, Solve time = 221.942 ms
Schwarz(Jacobi)+Bicgstab:  Solving for Uz, Initial residual = 0.001755971830426575, Final residual = 0.00013978770277493378, No Iterations 3, Solve time = 221.942 ms
[mem] after-UEqn: DEVICE_POOL current=22752 MB  actual(reserved)=38146 MB  highWater=28040 MB
[GinkgoSolver] p-cache: reuse(update_matrix_value) solve=24 rebuildInterval=100
config(Cg+Schwarz(Multigrid)):  Solving for p, Initial residual = 0.005945590544967045, Final residual = 5.815647011343011e-05, No Iterations 33, Solve time = 1088.054 ms
time step continuity errors : sum local = 1.8350084112678108e-05, global = 7.262651624523991e-07, cumulative = 8.227374106912643e-06
[mem] after-pEqn: DEVICE_POOL current=22752 MB  actual(reserved)=38146 MB  highWater=28040 MB
[GinkgoSolver] p-cache: reuse(update_matrix_value) solve=24 rebuildInterval=0
Schwarz(Jacobi)+Bicgstab:  Solving for omega, Initial residual = 6.306114758416864e-05, Final residual = 3.593841921948005e-06, No Iterations 2, Solve time = 85.446 ms
[GinkgoSolver] p-cache: reuse(update_matrix_value) solve=24 rebuildInterval=0
Schwarz(Jacobi)+Bicgstab:  Solving for k, Initial residual = 0.00036061515700002166, Final residual = 8.895187731703239e-06, No Iterations 3, Solve time = 95.658 ms
[mem] after-turb: DEVICE_POOL current=22752 MB  actual(reserved)=38146 MB  highWater=28040 MB
ExecutionTime = 200.78 s  ClockTime = 202 s

Time = 25
[mem] step-start: DEVICE_POOL current=22752 MB  actual(reserved)=38146 MB  highWater=28040 MB
Schwarz(Jacobi)+Bicgstab:  Solving for Ux, Initial residual = 0.00014996211011608074, Final residual = 1.0180347992990624e-05, No Iterations 3, Solve time = 225.912 ms
Schwarz(Jacobi)+Bicgstab:  Solving for Uy, Initial residual = 0.006776882060799458, Final residual = 0.0005037672292761863, No Iterations 3, Solve time = 225.912 ms
Schwarz(Jacobi)+Bicgstab:  Solving for Uz, Initial residual = 0.0017483620212346968, Final residual = 0.00013715033699337537, No Iterations 3, Solve time = 225.912 ms
[mem] after-UEqn: DEVICE_POOL current=22752 MB  actual(reserved)=38146 MB  highWater=28040 MB
[GinkgoSolver] p-cache: reuse(update_matrix_value) solve=25 rebuildInterval=100
config(Cg+Schwarz(Multigrid)):  Solving for p, Initial residual = 0.00587147770222756, Final residual = 5.604190448954085e-05, No Iterations 35, Solve time = 1150.525 ms
time step continuity errors : sum local = 1.7653305339571588e-05, global = 9.336796553172825e-07, cumulative = 9.161053762229925e-06
[mem] after-pEqn: DEVICE_POOL current=22752 MB  actual(reserved)=38146 MB  highWater=28040 MB
[GinkgoSolver] p-cache: reuse(update_matrix_value) solve=25 rebuildInterval=0
Schwarz(Jacobi)+Bicgstab:  Solving for omega, Initial residual = 6.017598623470479e-05, Final residual = 3.447892508938448e-06, No Iterations 2, Solve time = 85.899 ms
[GinkgoSolver] p-cache: reuse(update_matrix_value) solve=25 rebuildInterval=0
Schwarz(Jacobi)+Bicgstab:  Solving for k, Initial residual = 0.0003635454137585497, Final residual = 9.033557210467542e-06, No Iterations 3, Solve time = 94.985 ms
[mem] after-turb: DEVICE_POOL current=22752 MB  actual(reserved)=38146 MB  highWater=28040 MB
ExecutionTime = 203.6 s  ClockTime = 204 s

Time = 26
[mem] step-start: DEVICE_POOL current=22752 MB  actual(reserved)=38146 MB  highWater=28040 MB
Schwarz(Jacobi)+Bicgstab:  Solving for Ux, Initial residual = 0.00014701385316232698, Final residual = 8.56513651769895e-06, No Iterations 3, Solve time = 220.617 ms
Schwarz(Jacobi)+Bicgstab:  Solving for Uy, Initial residual = 0.006618009863052116, Final residual = 0.00048113622048075454, No Iterations 3, Solve time = 220.617 ms
Schwarz(Jacobi)+Bicgstab:  Solving for Uz, Initial residual = 0.0017454755935354556, Final residual = 0.0001370318044848109, No Iterations 3, Solve time = 220.617 ms
[mem] after-UEqn: DEVICE_POOL current=22752 MB  actual(reserved)=38146 MB  highWater=28040 MB
[GinkgoSolver] p-cache: reuse(update_matrix_value) solve=26 rebuildInterval=100
config(Cg+Schwarz(Multigrid)):  Solving for p, Initial residual = 0.005781639264236794, Final residual = 5.4480554599714955e-05, No Iterations 35, Solve time = 1151.245 ms
time step continuity errors : sum local = 1.71685271829862e-05, global = 1.1041530281705726e-06, cumulative = 1.0265206790400498e-05
[mem] after-pEqn: DEVICE_POOL current=22752 MB  actual(reserved)=38146 MB  highWater=28040 MB
[GinkgoSolver] p-cache: reuse(update_matrix_value) solve=26 rebuildInterval=0
Schwarz(Jacobi)+Bicgstab:  Solving for omega, Initial residual = 5.766286076949903e-05, Final residual = 3.3401553140859227e-06, No Iterations 2, Solve time = 92.402 ms
bounding omega, min: -56508.682452195775 max: 45356131.924452774 average: 7144.747762247124
[GinkgoSolver] p-cache: reuse(update_matrix_value) solve=26 rebuildInterval=0
Schwarz(Jacobi)+Bicgstab:  Solving for k, Initial residual = 0.00036759245849665864, Final residual = 9.287887816691379e-06, No Iterations 3, Solve time = 96.327 ms
[mem] after-turb: DEVICE_POOL current=22752 MB  actual(reserved)=38146 MB  highWater=28040 MB
ExecutionTime = 206.43 s  ClockTime = 207 s

Time = 27
[mem] step-start: DEVICE_POOL current=22752 MB  actual(reserved)=38146 MB  highWater=28040 MB
Schwarz(Jacobi)+Bicgstab:  Solving for Ux, Initial residual = 0.00014429465007777107, Final residual = 1.4744768852026417e-05, No Iterations 3, Solve time = 226.979 ms
Schwarz(Jacobi)+Bicgstab:  Solving for Uy, Initial residual = 0.006478758419101218, Final residual = 0.0004653895217488411, No Iterations 3, Solve time = 226.979 ms
Schwarz(Jacobi)+Bicgstab:  Solving for Uz, Initial residual = 0.0017469738571558719, Final residual = 0.00013912500933673105, No Iterations 3, Solve time = 226.979 ms
[mem] after-UEqn: DEVICE_POOL current=22752 MB  actual(reserved)=38146 MB  highWater=28040 MB
[GinkgoSolver] p-cache: reuse(update_matrix_value) solve=27 rebuildInterval=100
config(Cg+Schwarz(Multigrid)):  Solving for p, Initial residual = 0.005698701700804083, Final residual = 5.470064491078339e-05, No Iterations 35, Solve time = 1151.761 ms
time step continuity errors : sum local = 1.723645187096533e-05, global = 1.2197174667214025e-06, cumulative = 1.1484924257121901e-05
[mem] after-pEqn: DEVICE_POOL current=22752 MB  actual(reserved)=38146 MB  highWater=28040 MB
[GinkgoSolver] p-cache: reuse(update_matrix_value) solve=27 rebuildInterval=0
Schwarz(Jacobi)+Bicgstab:  Solving for omega, Initial residual = 5.5446060148077685e-05, Final residual = 3.2500377908564052e-06, No Iterations 2, Solve time = 85.655 ms
[GinkgoSolver] p-cache: reuse(update_matrix_value) solve=27 rebuildInterval=0
Schwarz(Jacobi)+Bicgstab:  Solving for k, Initial residual = 0.00037267450373640093, Final residual = 9.849200936638278e-06, No Iterations 3, Solve time = 96.597 ms
[mem] after-turb: DEVICE_POOL current=22752 MB  actual(reserved)=38146 MB  highWater=28040 MB
ExecutionTime = 209.22 s  ClockTime = 210 s

Time = 28
[mem] step-start: DEVICE_POOL current=22752 MB  actual(reserved)=38146 MB  highWater=28040 MB
Schwarz(Jacobi)+Bicgstab:  Solving for Ux, Initial residual = 0.00014166462177571325, Final residual = 7.481774924744309e-06, No Iterations 4, Solve time = 277.799 ms
Schwarz(Jacobi)+Bicgstab:  Solving for Uy, Initial residual = 0.006351876576340735, Final residual = 0.001191099943344972, No Iterations 4, Solve time = 277.799 ms
Schwarz(Jacobi)+Bicgstab:  Solving for Uz, Initial residual = 0.0017508227469326873, Final residual = 0.00016578399540271977, No Iterations 4, Solve time = 277.799 ms
[mem] after-UEqn: DEVICE_POOL current=22752 MB  actual(reserved)=38146 MB  highWater=28040 MB
[GinkgoSolver] p-cache: reuse(update_matrix_value) solve=28 rebuildInterval=100
config(Cg+Schwarz(Multigrid)):  Solving for p, Initial residual = 0.005641595257278203, Final residual = 5.213172475191159e-05, No Iterations 39, Solve time = 1275.828 ms
time step continuity errors : sum local = 1.639296941730697e-05, global = 1.1006659968383617e-06, cumulative = 1.2585590253960262e-05
[mem] after-pEqn: DEVICE_POOL current=22752 MB  actual(reserved)=38146 MB  highWater=28040 MB
[GinkgoSolver] p-cache: reuse(update_matrix_value) solve=28 rebuildInterval=0
Schwarz(Jacobi)+Bicgstab:  Solving for omega, Initial residual = 5.3520925947593464e-05, Final residual = 3.1761010503715008e-06, No Iterations 2, Solve time = 86.373 ms
bounding omega, min: -29.14738046655699 max: 45356031.567032084 average: 7191.936177447608
[GinkgoSolver] p-cache: reuse(update_matrix_value) solve=28 rebuildInterval=0
Schwarz(Jacobi)+Bicgstab:  Solving for k, Initial residual = 0.00037752831515230244, Final residual = 9.732881482163267e-06, No Iterations 3, Solve time = 96.29 ms
[mem] after-turb: DEVICE_POOL current=22752 MB  actual(reserved)=38146 MB  highWater=28040 MB
ExecutionTime = 212.23 s  ClockTime = 213 s

Time = 29
[mem] step-start: DEVICE_POOL current=22752 MB  actual(reserved)=38146 MB  highWater=28040 MB
Schwarz(Jacobi)+Bicgstab:  Solving for Ux, Initial residual = 0.0001392472907106982, Final residual = 8.770858274451439e-06, No Iterations 3, Solve time = 224.347 ms
Schwarz(Jacobi)+Bicgstab:  Solving for Uy, Initial residual = 0.006186131238175499, Final residual = 0.0007585954574776997, No Iterations 3, Solve time = 224.347 ms
Schwarz(Jacobi)+Bicgstab:  Solving for Uz, Initial residual = 0.001758457964594335, Final residual = 0.00013948282195172147, No Iterations 3, Solve time = 224.347 ms
[mem] after-UEqn: DEVICE_POOL current=22752 MB  actual(reserved)=38146 MB  highWater=28040 MB
[GinkgoSolver] p-cache: reuse(update_matrix_value) solve=29 rebuildInterval=100
config(Cg+Schwarz(Multigrid)):  Solving for p, Initial residual = 0.005550453633902061, Final residual = 5.399664448653032e-05, No Iterations 54, Solve time = 1748.717 ms
time step continuity errors : sum local = 1.689603338168656e-05, global = -6.823770700436917e-07, cumulative = 1.190321318391657e-05
[mem] after-pEqn: DEVICE_POOL current=22752 MB  actual(reserved)=38146 MB  highWater=28040 MB
[GinkgoSolver] p-cache: reuse(update_matrix_value) solve=29 rebuildInterval=0
Schwarz(Jacobi)+Bicgstab:  Solving for omega, Initial residual = 5.1927007503597555e-05, Final residual = 3.1126338404372913e-06, No Iterations 2, Solve time = 85.859 ms
bounding omega, min: -397.0703742144697 max: 45356041.00185766 average: 7213.260066043214
[GinkgoSolver] p-cache: reuse(update_matrix_value) solve=29 rebuildInterval=0
Schwarz(Jacobi)+Bicgstab:  Solving for k, Initial residual = 0.0003838791945531672, Final residual = 9.89686800177368e-06, No Iterations 3, Solve time = 95.198 ms
[mem] after-turb: DEVICE_POOL current=22752 MB  actual(reserved)=38146 MB  highWater=28040 MB
ExecutionTime = 215.64 s  ClockTime = 216 s

Time = 30
[mem] step-start: DEVICE_POOL current=22752 MB  actual(reserved)=38146 MB  highWater=28040 MB
Schwarz(Jacobi)+Bicgstab:  Solving for Ux, Initial residual = 0.00013671844175714996, Final residual = 8.183334313202426e-06, No Iterations 3, Solve time = 224.259 ms
Schwarz(Jacobi)+Bicgstab:  Solving for Uy, Initial residual = 0.006104935718287826, Final residual = 0.00048674405068015083, No Iterations 3, Solve time = 224.259 ms
Schwarz(Jacobi)+Bicgstab:  Solving for Uz, Initial residual = 0.0017601996348893037, Final residual = 0.0001367042093960896, No Iterations 3, Solve time = 224.259 ms
[mem] after-UEqn: DEVICE_POOL current=22752 MB  actual(reserved)=38146 MB  highWater=28040 MB
[GinkgoSolver] p-cache: reuse(update_matrix_value) solve=30 rebuildInterval=100
config(Cg+Schwarz(Multigrid)):  Solving for p, Initial residual = 0.0055559548267135874, Final residual = 5.281128194869422e-05, No Iterations 57, Solve time = 1842.919 ms
time step continuity errors : sum local = 1.621210970245711e-05, global = -1.3524798361331132e-06, cumulative = 1.0550733347783458e-05
[mem] after-pEqn: DEVICE_POOL current=22752 MB  actual(reserved)=38146 MB  highWater=28040 MB
[GinkgoSolver] p-cache: reuse(update_matrix_value) solve=30 rebuildInterval=0
Schwarz(Jacobi)+Bicgstab:  Solving for omega, Initial residual = 5.0821217369460925e-05, Final residual = 3.051999816398572e-06, No Iterations 2, Solve time = 72.271 ms
[GinkgoSolver] p-cache: reuse(update_matrix_value) solve=30 rebuildInterval=0
Schwarz(Jacobi)+Bicgstab:  Solving for k, Initial residual = 0.0003912956040633168, Final residual = 1.0258463525768874e-05, No Iterations 3, Solve time = 95.804 ms
[mem] after-turb: DEVICE_POOL current=22752 MB  actual(reserved)=38146 MB  highWater=28040 MB
Writing p
Writing U
Writing turbulence variables
ExecutionTime = 219.97 s  ClockTime = 222 s

Finalizing NeoN
Finalising parallel run
