/*---------------------------------------------------------------------------*\
| =========                 |                                                 |
| \\      /  F ield         | OpenFOAM: The Open Source CFD Toolbox           |
|  \\    /   O peration     | Version:  2506                                  |
|   \\  /    A nd           | Website:  www.openfoam.com                      |
|    \\/     M anipulation  |                                                 |
\*---------------------------------------------------------------------------*/
Build  : b050cd9480-20250814 OPENFOAM=2506 version=v2506
Arch   : "LSB;label=32;scalar=64"
Exec   : /storage/home/greole/code/NeoFOAM/build/profilingnvidia_h200/bin/neoSimpleFoam -parallel
Date   : Jul 01 2026
Time   : 12:14:12
Host   : gpu-nvidia-h200-1.int.coma-cluster.de
PID    : 2487005
I/O    : uncollated
Case   : /storage/home/greole/code/NeoFOAM/occDrivAerStaticMesh
nProcs : 4
Hosts  :
(
    (gpu-nvidia-h200-1.int.coma-cluster.de 4)
)
Pstream initialized with:
    node communication : off [type=host] (4 ranks, 1 nodes)
    topology controls  : none
    consensus exchange : 0 (tuning: 0)
    exchange algorithm : 0
    commsType          : nonBlocking
    polling iterations : 0
trapFpe: Floating point exception trapping enabled (FOAM_SIGFPE).
fileModificationChecking : Monitoring run-time modified files using timeStampMaster (fileModificationSkew 5, maxFileModificationPolls 20)
allowSystemOperations : Allowing user-supplied system call operations

// * * * * * * * * * * * * * * * * * * * * * * * * * * * * * * * * * * * * * //
Create time

Initializing NeoN
Creating Executor GPU
Creating NeoFOAM runTime

SIMPLE: no convergence criteria found. Calculations will run for 30 steps.

Reading field p

Reading field U

Reading/calculating face flux field phi

Selecting incompressible transport model Newtonian
NeoFOAM solver config (from fvSolution configFile) for 'config(Cg+Schwarz(Multigrid))':
{
    cacheSolver: true
    configFile: <NeoN::TokenList>
    l1ScaledResidual: true
    preconditionerRebuildInterval: 100
    relTol: 0.010000
    reportName: config(Cg+Schwarz(Multigrid))
    solver: Ginkgo
    tolerance: 0.000000
}
    effective optimize: false
    effective checkFrequency: 1
Mapping OpenFOAM solver settings to NeoN settings.
Currently, it is advisable to specify a configFile
for fine grained Ginkgo solver control

Replacing solver PBiCGStab by solver::Bicgstab
Replacing preconditioner diagonal by preconditioner::Schwarz (Schwarz-wrapped for distributed run)
NeoFOAM solver config (mapped from fvSolution) for 'Schwarz(Jacobi)+Bicgstab':
{
    cacheSolver: true
    criteria: {
        absolute_residual_norm: 0.000000
        initial_residual_norm: 0.100000
        iteration: 1000
    }
    l1ScaledResidual: true
    optimize: true
    preconditioner: {
        local_solver: {
            max_block_size: 1
            type: preconditioner::Jacobi
        }
        type: preconditioner::Schwarz
    }
    reportName: Schwarz(Jacobi)+Bicgstab
    solver: Ginkgo
    type: solver::Bicgstab
}
    effective optimize: true
    effective checkFrequency: 1
Creating phi

[NF][/storage/home/greole/code/NeoFOAM/include/NeoFOAM/auxiliary/readers.hpp::434]: Internal: 49333487, Boundary: 1754396

[NF][/storage/home/greole/code/NeoFOAM/include/NeoFOAM/auxiliary/readers.hpp::434]: Internal: 49320882, Boundary: 1762558

[NF][/storage/home/greole/code/NeoFOAM/include/NeoFOAM/auxiliary/readers.hpp::434]: Internal: 49261542, Boundary: 1427829

[NF][/storage/home/greole/code/NeoFOAM/include/NeoFOAM/auxiliary/readers.hpp::434]: Internal: 49243125, Boundary: 1362247
Selecting patchDistMethod meshWave
Mapping OpenFOAM solver settings to NeoN settings.
Currently, it is advisable to specify a configFile
for fine grained Ginkgo solver control

Replacing solver PBiCGStab by solver::Bicgstab
Replacing preconditioner diagonal by preconditioner::Schwarz (Schwarz-wrapped for distributed run)
NeoFOAM solver config (mapped from fvSolution) for 'Schwarz(Jacobi)+Bicgstab':
{
    cacheSolver: true
    criteria: {
        absolute_residual_norm: 0.000000
        initial_residual_norm: 0.100000
        iteration: 1000
    }
    l1ScaledResidual: true
    optimize: true
    preconditioner: {
        local_solver: {
            max_block_size: 1
            type: preconditioner::Jacobi
        }
        type: preconditioner::Schwarz
    }
    reportName: Schwarz(Jacobi)+Bicgstab
    solver: Ginkgo
    type: solver::Bicgstab
}
    effective optimize: true
    effective checkFrequency: 1
Mapping OpenFOAM solver settings to NeoN settings.
Currently, it is advisable to specify a configFile
for fine grained Ginkgo solver control

Replacing solver PBiCGStab by solver::Bicgstab
Replacing preconditioner diagonal by preconditioner::Schwarz (Schwarz-wrapped for distributed run)
NeoFOAM solver config (mapped from fvSolution) for 'Schwarz(Jacobi)+Bicgstab':
{
    cacheSolver: true
    criteria: {
        absolute_residual_norm: 0.000000
        initial_residual_norm: 0.100000
        iteration: 1000
    }
    l1ScaledResidual: true
    optimize: true
    preconditioner: {
        local_solver: {
            max_block_size: 1
            type: preconditioner::Jacobi
        }
        type: preconditioner::Schwarz
    }
    reportName: Schwarz(Jacobi)+Bicgstab
    solver: Ginkgo
    type: solver::Bicgstab
}
    effective optimize: true
    effective checkFrequency: 1
Starting time loop
Time = 1
[mem] step-start: DEVICE_POOL current=16605 MB  actual(reserved)=38146 MB  highWater=19132 MB
Schwarz(Jacobi)+Bicgstab:  Solving for Ux, Initial residual = 0.0019488956619707592, Final residual = 0.00023894144922256567, No Iterations 3, Solve time = 247.486 ms
Schwarz(Jacobi)+Bicgstab:  Solving for Uy, Initial residual = 0.16486889729307713, Final residual = 0.008211417725346401, No Iterations 3, Solve time = 247.486 ms
Schwarz(Jacobi)+Bicgstab:  Solving for Uz, Initial residual = 0.1047839942030142, Final residual = 0.0049881304163377415, No Iterations 3, Solve time = 247.486 ms
[mem] after-UEqn: DEVICE_POOL current=19099 MB  actual(reserved)=38146 MB  highWater=24387 MB
[GinkgoSolver] p-cache: rebuild(generate) solve=1 rebuildInterval=100
config(Cg+Schwarz(Multigrid)):  Solving for p, Initial residual = 1, Final residual = 0.009896363365781764, No Iterations 102, Solve time = 3594.019 ms
time step continuity errors : sum local = 6.608916891696811e-05, global = 4.6438223017916e-06, cumulative = 4.6438223017916e-06
[mem] after-pEqn: DEVICE_POOL current=20567 MB  actual(reserved)=38146 MB  highWater=24387 MB
[GinkgoSolver] p-cache: rebuild(generate) solve=1 rebuildInterval=0
Schwarz(Jacobi)+Bicgstab:  Solving for omega, Initial residual = 1, Final residual = 0.030747859038622642, No Iterations 1, Solve time = 53.547 ms
bounding omega, min: -52.86858224448275 max: 46109483.00625535 average: 2443.124200343543
[GinkgoSolver] p-cache: rebuild(generate) solve=1 rebuildInterval=0
Schwarz(Jacobi)+Bicgstab:  Solving for k, Initial residual = 0.9999999999999734, Final residual = 0.04385987420322804, No Iterations 1, Solve time = 52.889 ms
[mem] after-turb: DEVICE_POOL current=22752 MB  actual(reserved)=38146 MB  highWater=24811 MB
ExecutionTime = 97.63 s  ClockTime = 98 s

Time = 2
[mem] step-start: DEVICE_POOL current=22752 MB  actual(reserved)=38146 MB  highWater=24811 MB
Schwarz(Jacobi)+Bicgstab:  Solving for Ux, Initial residual = 0.0012930712040607713, Final residual = 5.92338306478291e-05, No Iterations 5, Solve time = 341.899 ms
Schwarz(Jacobi)+Bicgstab:  Solving for Uy, Initial residual = 0.06545151641797438, Final residual = 0.002979569378876127, No Iterations 5, Solve time = 341.899 ms
Schwarz(Jacobi)+Bicgstab:  Solving for Uz, Initial residual = 0.040841556328384494, Final residual = 0.0009088998741878038, No Iterations 5, Solve time = 341.899 ms
[mem] after-UEqn: DEVICE_POOL current=22752 MB  actual(reserved)=38146 MB  highWater=28040 MB
[GinkgoSolver] p-cache: reuse(update_matrix_value) solve=2 rebuildInterval=100
config(Cg+Schwarz(Multigrid)):  Solving for p, Initial residual = 0.04017283072061133, Final residual = 0.0003927638035246933, No Iterations 116, Solve time = 3701.036 ms
time step continuity errors : sum local = 4.178786670447236e-05, global = 2.180760501284719e-06, cumulative = 6.82458280307632e-06
[mem] after-pEqn: DEVICE_POOL current=22752 MB  actual(reserved)=38146 MB  highWater=28040 MB
[GinkgoSolver] p-cache: reuse(update_matrix_value) solve=2 rebuildInterval=0
Schwarz(Jacobi)+Bicgstab:  Solving for omega, Initial residual = 0.008194866403119037, Final residual = 0.00047801358365301286, No Iterations 1, Solve time = 54.769 ms
bounding omega, min: -3289.9648406855486 max: 45305779.46595095 average: 2705.6065825342043
[GinkgoSolver] p-cache: reuse(update_matrix_value) solve=2 rebuildInterval=0
Schwarz(Jacobi)+Bicgstab:  Solving for k, Initial residual = 0.0750037573525528, Final residual = 0.004455109358039982, No Iterations 1, Solve time = 49.464 ms
[mem] after-turb: DEVICE_POOL current=22752 MB  actual(reserved)=38146 MB  highWater=28040 MB
ExecutionTime = 103.05 s  ClockTime = 103 s

Time = 3
[mem] step-start: DEVICE_POOL current=22752 MB  actual(reserved)=38146 MB  highWater=28040 MB
Schwarz(Jacobi)+Bicgstab:  Solving for Ux, Initial residual = 0.0008109114491748307, Final residual = 4.79121303831529e-05, No Iterations 6, Solve time = 403.949 ms
Schwarz(Jacobi)+Bicgstab:  Solving for Uy, Initial residual = 0.032516227781396026, Final residual = 0.000636049419893695, No Iterations 6, Solve time = 403.949 ms
Schwarz(Jacobi)+Bicgstab:  Solving for Uz, Initial residual = 0.01819706302521851, Final residual = 0.0002675687038068355, No Iterations 6, Solve time = 403.949 ms
[mem] after-UEqn: DEVICE_POOL current=22752 MB  actual(reserved)=38146 MB  highWater=28040 MB
[GinkgoSolver] p-cache: reuse(update_matrix_value) solve=3 rebuildInterval=100
config(Cg+Schwarz(Multigrid)):  Solving for p, Initial residual = 0.017794923914560563, Final residual = 0.00017658226660097412, No Iterations 104, Solve time = 3325.819 ms
time step continuity errors : sum local = 3.4518492774202245e-05, global = -9.661491375800062e-07, cumulative = 5.858433665496313e-06
[mem] after-pEqn: DEVICE_POOL current=22752 MB  actual(reserved)=38146 MB  highWater=28040 MB
[GinkgoSolver] p-cache: reuse(update_matrix_value) solve=3 rebuildInterval=0
Schwarz(Jacobi)+Bicgstab:  Solving for omega, Initial residual = 0.00352077283406535, Final residual = 0.00028993637901852834, No Iterations 1, Solve time = 64.243 ms
bounding omega, min: -11.965308964387006 max: 45385834.21294837 average: 3322.1708380253717
[GinkgoSolver] p-cache: reuse(update_matrix_value) solve=3 rebuildInterval=0
Schwarz(Jacobi)+Bicgstab:  Solving for k, Initial residual = 0.013997179858294781, Final residual = 0.0010053256712419102, No Iterations 1, Solve time = 51.18 ms
[mem] after-turb: DEVICE_POOL current=22752 MB  actual(reserved)=38146 MB  highWater=28040 MB
ExecutionTime = 108.16 s  ClockTime = 108 s

Time = 4
[mem] step-start: DEVICE_POOL current=22752 MB  actual(reserved)=38146 MB  highWater=28040 MB
Schwarz(Jacobi)+Bicgstab:  Solving for Ux, Initial residual = 0.000558340169548637, Final residual = 4.703910595387959e-05, No Iterations 4, Solve time = 286.687 ms
Schwarz(Jacobi)+Bicgstab:  Solving for Uy, Initial residual = 0.020227147405852807, Final residual = 0.0026685181429954266, No Iterations 4, Solve time = 286.687 ms
Schwarz(Jacobi)+Bicgstab:  Solving for Uz, Initial residual = 0.010485405909822046, Final residual = 0.0007742039455892602, No Iterations 4, Solve time = 286.687 ms
[mem] after-UEqn: DEVICE_POOL current=22752 MB  actual(reserved)=38146 MB  highWater=28040 MB
[GinkgoSolver] p-cache: reuse(update_matrix_value) solve=4 rebuildInterval=100
config(Cg+Schwarz(Multigrid)):  Solving for p, Initial residual = 0.01249405849330845, Final residual = 0.0001197198064913889, No Iterations 113, Solve time = 3604.263 ms
time step continuity errors : sum local = 3.074846044569037e-05, global = 1.2447168137266205e-06, cumulative = 7.103150479222934e-06
[mem] after-pEqn: DEVICE_POOL current=22752 MB  actual(reserved)=38146 MB  highWater=28040 MB
[GinkgoSolver] p-cache: reuse(update_matrix_value) solve=4 rebuildInterval=0
Schwarz(Jacobi)+Bicgstab:  Solving for omega, Initial residual = 0.0017242810571456092, Final residual = 4.8310552145169216e-05, No Iterations 2, Solve time = 87.534 ms
[GinkgoSolver] p-cache: reuse(update_matrix_value) solve=4 rebuildInterval=0
Schwarz(Jacobi)+Bicgstab:  Solving for k, Initial residual = 0.004640853201717261, Final residual = 0.00039336381906203936, No Iterations 1, Solve time = 50.512 ms
[mem] after-turb: DEVICE_POOL current=22752 MB  actual(reserved)=38146 MB  highWater=28040 MB
ExecutionTime = 113.46 s  ClockTime = 114 s

Time = 5
[mem] step-start: DEVICE_POOL current=22752 MB  actual(reserved)=38146 MB  highWater=28040 MB
Schwarz(Jacobi)+Bicgstab:  Solving for Ux, Initial residual = 0.0004822668039581888, Final residual = 3.733188906038518e-05, No Iterations 4, Solve time = 287.52 ms
Schwarz(Jacobi)+Bicgstab:  Solving for Uy, Initial residual = 0.01852301731399276, Final residual = 0.0011828689566791614, No Iterations 4, Solve time = 287.52 ms
Schwarz(Jacobi)+Bicgstab:  Solving for Uz, Initial residual = 0.008321083828089946, Final residual = 0.0008070816362037236, No Iterations 4, Solve time = 287.52 ms
[mem] after-UEqn: DEVICE_POOL current=22752 MB  actual(reserved)=38146 MB  highWater=28040 MB
[GinkgoSolver] p-cache: reuse(update_matrix_value) solve=5 rebuildInterval=100
config(Cg+Schwarz(Multigrid)):  Solving for p, Initial residual = 0.010604769149744633, Final residual = 0.00010537656839100355, No Iterations 110, Solve time = 3509.902 ms
time step continuity errors : sum local = 2.9822087039768337e-05, global = 1.3844274040516857e-06, cumulative = 8.48757788327462e-06
[mem] after-pEqn: DEVICE_POOL current=22752 MB  actual(reserved)=38146 MB  highWater=28040 MB
[GinkgoSolver] p-cache: reuse(update_matrix_value) solve=5 rebuildInterval=0
Schwarz(Jacobi)+Bicgstab:  Solving for omega, Initial residual = 0.00099444104324784, Final residual = 9.814099212737557e-05, No Iterations 1, Solve time = 63.464 ms
[GinkgoSolver] p-cache: reuse(update_matrix_value) solve=5 rebuildInterval=0
Schwarz(Jacobi)+Bicgstab:  Solving for k, Initial residual = 0.0023565137664405796, Final residual = 0.00022365156932841783, No Iterations 1, Solve time = 50.915 ms
[mem] after-turb: DEVICE_POOL current=22752 MB  actual(reserved)=38146 MB  highWater=28040 MB
ExecutionTime = 118.64 s  ClockTime = 119 s

Time = 6
[mem] step-start: DEVICE_POOL current=22752 MB  actual(reserved)=38146 MB  highWater=28040 MB
Schwarz(Jacobi)+Bicgstab:  Solving for Ux, Initial residual = 0.0004356639971869744, Final residual = 2.6397834259812106e-05, No Iterations 5, Solve time = 340.592 ms
Schwarz(Jacobi)+Bicgstab:  Solving for Uy, Initial residual = 0.017967844036303846, Final residual = 0.001601757648303636, No Iterations 5, Solve time = 340.592 ms
Schwarz(Jacobi)+Bicgstab:  Solving for Uz, Initial residual = 0.006737272621529248, Final residual = 0.0005125301446204185, No Iterations 5, Solve time = 340.592 ms
[mem] after-UEqn: DEVICE_POOL current=22752 MB  actual(reserved)=38146 MB  highWater=28040 MB
[GinkgoSolver] p-cache: reuse(update_matrix_value) solve=6 rebuildInterval=100
config(Cg+Schwarz(Multigrid)):  Solving for p, Initial residual = 0.011161126285072468, Final residual = 0.00010546939748935204, No Iterations 104, Solve time = 3321.764 ms
time step continuity errors : sum local = 2.9204432401452267e-05, global = -4.195071079962067e-07, cumulative = 8.068070775278412e-06
[mem] after-pEqn: DEVICE_POOL current=22752 MB  actual(reserved)=38146 MB  highWater=28040 MB
[GinkgoSolver] p-cache: reuse(update_matrix_value) solve=6 rebuildInterval=0
Schwarz(Jacobi)+Bicgstab:  Solving for omega, Initial residual = 0.0006247281440938812, Final residual = 2.4309294038359976e-05, No Iterations 2, Solve time = 88.011 ms
[GinkgoSolver] p-cache: reuse(update_matrix_value) solve=6 rebuildInterval=0
Schwarz(Jacobi)+Bicgstab:  Solving for k, Initial residual = 0.0016242922232281023, Final residual = 0.00015488808020918996, No Iterations 1, Solve time = 50.02 ms
[mem] after-turb: DEVICE_POOL current=22752 MB  actual(reserved)=38146 MB  highWater=28040 MB
ExecutionTime = 123.71 s  ClockTime = 124 s

Time = 7
[mem] step-start: DEVICE_POOL current=22752 MB  actual(reserved)=38146 MB  highWater=28040 MB
Schwarz(Jacobi)+Bicgstab:  Solving for Ux, Initial residual = 0.00037631395048547405, Final residual = 2.345080184388286e-05, No Iterations 5, Solve time = 339.134 ms
Schwarz(Jacobi)+Bicgstab:  Solving for Uy, Initial residual = 0.015249069834038313, Final residual = 0.0011575019931577219, No Iterations 5, Solve time = 339.134 ms
Schwarz(Jacobi)+Bicgstab:  Solving for Uz, Initial residual = 0.005139844230667231, Final residual = 0.0002781457987143472, No Iterations 5, Solve time = 339.134 ms
[mem] after-UEqn: DEVICE_POOL current=22752 MB  actual(reserved)=38146 MB  highWater=28040 MB
[GinkgoSolver] p-cache: reuse(update_matrix_value) solve=7 rebuildInterval=100
config(Cg+Schwarz(Multigrid)):  Solving for p, Initial residual = 0.01213352263022665, Final residual = 0.00012015377547131441, No Iterations 98, Solve time = 3134.393 ms
time step continuity errors : sum local = 3.003768183816385e-05, global = -1.8162439058329692e-06, cumulative = 6.251826869445444e-06
[mem] after-pEqn: DEVICE_POOL current=22752 MB  actual(reserved)=38146 MB  highWater=28040 MB
[GinkgoSolver] p-cache: reuse(update_matrix_value) solve=7 rebuildInterval=0
Schwarz(Jacobi)+Bicgstab:  Solving for omega, Initial residual = 0.0004898366964332031, Final residual = 1.522889168855712e-05, No Iterations 2, Solve time = 77.767 ms
[GinkgoSolver] p-cache: reuse(update_matrix_value) solve=7 rebuildInterval=0
Schwarz(Jacobi)+Bicgstab:  Solving for k, Initial residual = 0.0011596963391088133, Final residual = 2.410865778909747e-05, No Iterations 3, Solve time = 96.51 ms
[mem] after-turb: DEVICE_POOL current=22752 MB  actual(reserved)=38146 MB  highWater=28040 MB
ExecutionTime = 128.64 s  ClockTime = 129 s

Time = 8
[mem] step-start: DEVICE_POOL current=22752 MB  actual(reserved)=38146 MB  highWater=28040 MB
Schwarz(Jacobi)+Bicgstab:  Solving for Ux, Initial residual = 0.000316962267270552, Final residual = 2.4910521809569604e-05, No Iterations 5, Solve time = 347.037 ms
Schwarz(Jacobi)+Bicgstab:  Solving for Uy, Initial residual = 0.011386078092128951, Final residual = 0.0002930937058509792, No Iterations 5, Solve time = 347.037 ms
Schwarz(Jacobi)+Bicgstab:  Solving for Uz, Initial residual = 0.0036133330208929994, Final residual = 0.00019679808283237993, No Iterations 5, Solve time = 347.037 ms
[mem] after-UEqn: DEVICE_POOL current=22752 MB  actual(reserved)=38146 MB  highWater=28040 MB
[GinkgoSolver] p-cache: reuse(update_matrix_value) solve=8 rebuildInterval=100
config(Cg+Schwarz(Multigrid)):  Solving for p, Initial residual = 0.01309130899937673, Final residual = 0.0001267209913360603, No Iterations 94, Solve time = 3004.034 ms
time step continuity errors : sum local = 2.748641463646829e-05, global = 5.167655538997638e-07, cumulative = 6.7685924233452075e-06
[mem] after-pEqn: DEVICE_POOL current=22752 MB  actual(reserved)=38146 MB  highWater=28040 MB
[GinkgoSolver] p-cache: reuse(update_matrix_value) solve=8 rebuildInterval=0
Schwarz(Jacobi)+Bicgstab:  Solving for omega, Initial residual = 0.00035962660745697636, Final residual = 1.2434541071285828e-05, No Iterations 2, Solve time = 83.883 ms
bounding omega, min: -1346.6249632421827 max: 45357656.072294146 average: 5745.287106896544
[GinkgoSolver] p-cache: reuse(update_matrix_value) solve=8 rebuildInterval=0
Schwarz(Jacobi)+Bicgstab:  Solving for k, Initial residual = 0.0008654539031249354, Final residual = 5.245252930025995e-05, No Iterations 2, Solve time = 73.081 ms
[mem] after-turb: DEVICE_POOL current=22752 MB  actual(reserved)=38146 MB  highWater=28040 MB
ExecutionTime = 133.41 s  ClockTime = 134 s

Time = 9
[mem] step-start: DEVICE_POOL current=22752 MB  actual(reserved)=38146 MB  highWater=28040 MB
Schwarz(Jacobi)+Bicgstab:  Solving for Ux, Initial residual = 0.0002736479502499627, Final residual = 7.297992573121444e-06, No Iterations 5, Solve time = 347.792 ms
Schwarz(Jacobi)+Bicgstab:  Solving for Uy, Initial residual = 0.00919516315049264, Final residual = 0.0004454039849178914, No Iterations 5, Solve time = 347.792 ms
Schwarz(Jacobi)+Bicgstab:  Solving for Uz, Initial residual = 0.0026293665508098016, Final residual = 0.00015430804033634947, No Iterations 5, Solve time = 347.792 ms
[mem] after-UEqn: DEVICE_POOL current=22752 MB  actual(reserved)=38146 MB  highWater=28040 MB
[GinkgoSolver] p-cache: reuse(update_matrix_value) solve=9 rebuildInterval=100
config(Cg+Schwarz(Multigrid)):  Solving for p, Initial residual = 0.01374602385085423, Final residual = 0.0001352053530849734, No Iterations 106, Solve time = 3386.022 ms
time step continuity errors : sum local = 2.5584048867363245e-05, global = -1.080241975066798e-06, cumulative = 5.688350448278409e-06
[mem] after-pEqn: DEVICE_POOL current=22752 MB  actual(reserved)=38146 MB  highWater=28040 MB
[GinkgoSolver] p-cache: reuse(update_matrix_value) solve=9 rebuildInterval=0
Schwarz(Jacobi)+Bicgstab:  Solving for omega, Initial residual = 0.0002780529517665731, Final residual = 1.0631394410536673e-05, No Iterations 2, Solve time = 87.178 ms
[GinkgoSolver] p-cache: reuse(update_matrix_value) solve=9 rebuildInterval=0
Schwarz(Jacobi)+Bicgstab:  Solving for k, Initial residual = 0.0006654499173391441, Final residual = 3.885351851825355e-05, No Iterations 2, Solve time = 73.772 ms
[mem] after-turb: DEVICE_POOL current=22752 MB  actual(reserved)=38146 MB  highWater=28040 MB
ExecutionTime = 138.56 s  ClockTime = 139 s

Time = 10
[mem] step-start: DEVICE_POOL current=22752 MB  actual(reserved)=38146 MB  highWater=28040 MB
Schwarz(Jacobi)+Bicgstab:  Solving for Ux, Initial residual = 0.0002520939488162349, Final residual = 3.20808858900171e-06, No Iterations 6, Solve time = 397.094 ms
Schwarz(Jacobi)+Bicgstab:  Solving for Uy, Initial residual = 0.0100750963864424, Final residual = 0.0004028930570765145, No Iterations 6, Solve time = 397.094 ms
Schwarz(Jacobi)+Bicgstab:  Solving for Uz, Initial residual = 0.002494265270703706, Final residual = 4.1637310623219e-05, No Iterations 6, Solve time = 397.094 ms
[mem] after-UEqn: DEVICE_POOL current=22752 MB  actual(reserved)=38146 MB  highWater=28040 MB
[GinkgoSolver] p-cache: reuse(update_matrix_value) solve=10 rebuildInterval=100
config(Cg+Schwarz(Multigrid)):  Solving for p, Initial residual = 0.013782579915074561, Final residual = 0.0001292356802280225, No Iterations 110, Solve time = 3511.185 ms
time step continuity errors : sum local = 2.2598079458444815e-05, global = -2.205531197923531e-06, cumulative = 3.482819250354878e-06
[mem] after-pEqn: DEVICE_POOL current=22752 MB  actual(reserved)=38146 MB  highWater=28040 MB
[GinkgoSolver] p-cache: reuse(update_matrix_value) solve=10 rebuildInterval=0
Schwarz(Jacobi)+Bicgstab:  Solving for omega, Initial residual = 0.00022456177170801405, Final residual = 9.22355542122079e-06, No Iterations 2, Solve time = 87.421 ms
[GinkgoSolver] p-cache: reuse(update_matrix_value) solve=10 rebuildInterval=0
Schwarz(Jacobi)+Bicgstab:  Solving for k, Initial residual = 0.0005268318959455943, Final residual = 3.275917412949096e-05, No Iterations 2, Solve time = 73.497 ms
[mem] after-turb: DEVICE_POOL current=22752 MB  actual(reserved)=38146 MB  highWater=28040 MB
ExecutionTime = 143.9 s  ClockTime = 144 s

Time = 11
[mem] step-start: DEVICE_POOL current=22752 MB  actual(reserved)=38146 MB  highWater=28040 MB
Schwarz(Jacobi)+Bicgstab:  Solving for Ux, Initial residual = 0.00024049035921609981, Final residual = 1.1143409436382195e-05, No Iterations 5, Solve time = 339.948 ms
Schwarz(Jacobi)+Bicgstab:  Solving for Uy, Initial residual = 0.01108259793392664, Final residual = 0.000323036641298511, No Iterations 5, Solve time = 339.948 ms
Schwarz(Jacobi)+Bicgstab:  Solving for Uz, Initial residual = 0.0025487412240945083, Final residual = 7.268007265018567e-05, No Iterations 5, Solve time = 339.948 ms
[mem] after-UEqn: DEVICE_POOL current=22752 MB  actual(reserved)=38146 MB  highWater=28040 MB
[GinkgoSolver] p-cache: reuse(update_matrix_value) solve=11 rebuildInterval=100
config(Cg+Schwarz(Multigrid)):  Solving for p, Initial residual = 0.013421900559444123, Final residual = 0.00013102183134828626, No Iterations 107, Solve time = 3415.462 ms
time step continuity errors : sum local = 2.340918297462806e-05, global = -1.686356705281856e-06, cumulative = 1.7964625450730221e-06
[mem] after-pEqn: DEVICE_POOL current=22752 MB  actual(reserved)=38146 MB  highWater=28040 MB
[GinkgoSolver] p-cache: reuse(update_matrix_value) solve=11 rebuildInterval=0
Schwarz(Jacobi)+Bicgstab:  Solving for omega, Initial residual = 0.0001851014755880037, Final residual = 8.098132428687504e-06, No Iterations 2, Solve time = 87.18 ms
[GinkgoSolver] p-cache: reuse(update_matrix_value) solve=11 rebuildInterval=0
Schwarz(Jacobi)+Bicgstab:  Solving for k, Initial residual = 0.0004395287539039236, Final residual = 2.8288467793240922e-05, No Iterations 2, Solve time = 73.649 ms
[mem] after-turb: DEVICE_POOL current=22752 MB  actual(reserved)=38146 MB  highWater=28040 MB
ExecutionTime = 149.1 s  ClockTime = 149 s

Time = 12
[mem] step-start: DEVICE_POOL current=22752 MB  actual(reserved)=38146 MB  highWater=28040 MB
Schwarz(Jacobi)+Bicgstab:  Solving for Ux, Initial residual = 0.00022839143002735795, Final residual = 1.4912177951060175e-05, No Iterations 4, Solve time = 284.36 ms
Schwarz(Jacobi)+Bicgstab:  Solving for Uy, Initial residual = 0.011038668898937856, Final residual = 0.000796756592622606, No Iterations 4, Solve time = 284.36 ms
Schwarz(Jacobi)+Bicgstab:  Solving for Uz, Initial residual = 0.0024808051898979064, Final residual = 0.00012093831716115582, No Iterations 4, Solve time = 284.36 ms
[mem] after-UEqn: DEVICE_POOL current=22752 MB  actual(reserved)=38146 MB  highWater=28040 MB
[GinkgoSolver] p-cache: reuse(update_matrix_value) solve=12 rebuildInterval=100
config(Cg+Schwarz(Multigrid)):  Solving for p, Initial residual = 0.012295815622893669, Final residual = 0.00012049042891955545, No Iterations 101, Solve time = 3228.893 ms
time step continuity errors : sum local = 2.3701081746894826e-05, global = -3.954392941286935e-09, cumulative = 1.7925081521317351e-06
[mem] after-pEqn: DEVICE_POOL current=22752 MB  actual(reserved)=38146 MB  highWater=28040 MB
[GinkgoSolver] p-cache: reuse(update_matrix_value) solve=12 rebuildInterval=0
Schwarz(Jacobi)+Bicgstab:  Solving for omega, Initial residual = 0.00015606257760317343, Final residual = 7.141045891828109e-06, No Iterations 2, Solve time = 87.617 ms
[GinkgoSolver] p-cache: reuse(update_matrix_value) solve=12 rebuildInterval=0
Schwarz(Jacobi)+Bicgstab:  Solving for k, Initial residual = 0.0003876385227158666, Final residual = 2.5733419055039823e-05, No Iterations 2, Solve time = 74.23 ms
[mem] after-turb: DEVICE_POOL current=22752 MB  actual(reserved)=38146 MB  highWater=28040 MB
ExecutionTime = 154.03 s  ClockTime = 154 s

Time = 13
[mem] step-start: DEVICE_POOL current=22752 MB  actual(reserved)=38146 MB  highWater=28040 MB
Schwarz(Jacobi)+Bicgstab:  Solving for Ux, Initial residual = 0.00021570066317172772, Final residual = 9.444484844735694e-06, No Iterations 4, Solve time = 276.362 ms
Schwarz(Jacobi)+Bicgstab:  Solving for Uy, Initial residual = 0.010266782987643332, Final residual = 0.0005805633513350871, No Iterations 4, Solve time = 276.362 ms
Schwarz(Jacobi)+Bicgstab:  Solving for Uz, Initial residual = 0.0022948325013081384, Final residual = 0.00010862815861810519, No Iterations 4, Solve time = 276.362 ms
[mem] after-UEqn: DEVICE_POOL current=22752 MB  actual(reserved)=38146 MB  highWater=28040 MB
[GinkgoSolver] p-cache: reuse(update_matrix_value) solve=13 rebuildInterval=100
config(Cg+Schwarz(Multigrid)):  Solving for p, Initial residual = 0.010711685487769773, Final residual = 0.00010375634876879653, No Iterations 98, Solve time = 3131.36 ms
time step continuity errors : sum local = 2.303569310328008e-05, global = 1.1077368558598928e-06, cumulative = 2.900245007991628e-06
[mem] after-pEqn: DEVICE_POOL current=22752 MB  actual(reserved)=38146 MB  highWater=28040 MB
[GinkgoSolver] p-cache: reuse(update_matrix_value) solve=13 rebuildInterval=0
Schwarz(Jacobi)+Bicgstab:  Solving for omega, Initial residual = 0.00013496060481516087, Final residual = 6.422731910661947e-06, No Iterations 2, Solve time = 87.561 ms
[GinkgoSolver] p-cache: reuse(update_matrix_value) solve=13 rebuildInterval=0
Schwarz(Jacobi)+Bicgstab:  Solving for k, Initial residual = 0.00036774654307920754, Final residual = 2.5894803728418763e-05, No Iterations 2, Solve time = 73.163 ms
[mem] after-turb: DEVICE_POOL current=22752 MB  actual(reserved)=38146 MB  highWater=28040 MB
ExecutionTime = 158.88 s  ClockTime = 159 s

Time = 14
[mem] step-start: DEVICE_POOL current=22752 MB  actual(reserved)=38146 MB  highWater=28040 MB
Schwarz(Jacobi)+Bicgstab:  Solving for Ux, Initial residual = 0.00020555728905406165, Final residual = 1.377837145282779e-05, No Iterations 4, Solve time = 296.738 ms
Schwarz(Jacobi)+Bicgstab:  Solving for Uy, Initial residual = 0.009283886240775897, Final residual = 0.0012636900355419635, No Iterations 4, Solve time = 296.738 ms
Schwarz(Jacobi)+Bicgstab:  Solving for Uz, Initial residual = 0.0020928102666428637, Final residual = 0.00022894428244753953, No Iterations 4, Solve time = 296.738 ms
[mem] after-UEqn: DEVICE_POOL current=22752 MB  actual(reserved)=38146 MB  highWater=28040 MB
[GinkgoSolver] p-cache: reuse(update_matrix_value) solve=14 rebuildInterval=100
config(Cg+Schwarz(Multigrid)):  Solving for p, Initial residual = 0.00924557517507436, Final residual = 8.81341515922576e-05, No Iterations 95, Solve time = 3036.331 ms
time step continuity errors : sum local = 2.1907442123842855e-05, global = 7.22283162063668e-07, cumulative = 3.622528170055296e-06
[mem] after-pEqn: DEVICE_POOL current=22752 MB  actual(reserved)=38146 MB  highWater=28040 MB
[GinkgoSolver] p-cache: reuse(update_matrix_value) solve=14 rebuildInterval=0
Schwarz(Jacobi)+Bicgstab:  Solving for omega, Initial residual = 0.00012046002371011511, Final residual = 5.87697984663664e-06, No Iterations 2, Solve time = 77.229 ms
[GinkgoSolver] p-cache: reuse(update_matrix_value) solve=14 rebuildInterval=0
Schwarz(Jacobi)+Bicgstab:  Solving for k, Initial residual = 0.000360247533376068, Final residual = 2.9124988384552142e-05, No Iterations 2, Solve time = 74.274 ms
[mem] after-turb: DEVICE_POOL current=22752 MB  actual(reserved)=38146 MB  highWater=28040 MB
ExecutionTime = 163.64 s  ClockTime = 164 s

Time = 15
[mem] step-start: DEVICE_POOL current=22752 MB  actual(reserved)=38146 MB  highWater=28040 MB
Schwarz(Jacobi)+Bicgstab:  Solving for Ux, Initial residual = 0.000197734494274486, Final residual = 1.5069885571160812e-05, No Iterations 4, Solve time = 294.397 ms
Schwarz(Jacobi)+Bicgstab:  Solving for Uy, Initial residual = 0.008578347657070287, Final residual = 0.0005101902140000335, No Iterations 4, Solve time = 294.397 ms
Schwarz(Jacobi)+Bicgstab:  Solving for Uz, Initial residual = 0.0019459020204433415, Final residual = 0.00010420490689444061, No Iterations 4, Solve time = 294.397 ms
[mem] after-UEqn: DEVICE_POOL current=22752 MB  actual(reserved)=38146 MB  highWater=28040 MB
[GinkgoSolver] p-cache: reuse(update_matrix_value) solve=15 rebuildInterval=100
config(Cg+Schwarz(Multigrid)):  Solving for p, Initial residual = 0.008214867663695925, Final residual = 8.025674008863838e-05, No Iterations 71, Solve time = 2284.251 ms
time step continuity errors : sum local = 2.1742271947089406e-05, global = -6.454310548548801e-07, cumulative = 2.977097115200416e-06
[mem] after-pEqn: DEVICE_POOL current=22752 MB  actual(reserved)=38146 MB  highWater=28040 MB
[GinkgoSolver] p-cache: reuse(update_matrix_value) solve=15 rebuildInterval=0
Schwarz(Jacobi)+Bicgstab:  Solving for omega, Initial residual = 0.00010975674535268234, Final residual = 5.423142259053352e-06, No Iterations 2, Solve time = 86.866 ms
[GinkgoSolver] p-cache: reuse(update_matrix_value) solve=15 rebuildInterval=0
Schwarz(Jacobi)+Bicgstab:  Solving for k, Initial residual = 0.00035467746732643023, Final residual = 9.50200575047323e-06, No Iterations 3, Solve time = 95.537 ms
[mem] after-turb: DEVICE_POOL current=22752 MB  actual(reserved)=38146 MB  highWater=28040 MB
ExecutionTime = 167.67 s  ClockTime = 168 s

Time = 16
[mem] step-start: DEVICE_POOL current=22752 MB  actual(reserved)=38146 MB  highWater=28040 MB
Schwarz(Jacobi)+Bicgstab:  Solving for Ux, Initial residual = 0.00019005625137967703, Final residual = 7.735647450842359e-06, No Iterations 4, Solve time = 299.551 ms
Schwarz(Jacobi)+Bicgstab:  Solving for Uy, Initial residual = 0.008159005489409095, Final residual = 0.0004278881491749289, No Iterations 4, Solve time = 299.551 ms
Schwarz(Jacobi)+Bicgstab:  Solving for Uz, Initial residual = 0.0018847736159597658, Final residual = 0.00015318516174922167, No Iterations 4, Solve time = 299.551 ms
[mem] after-UEqn: DEVICE_POOL current=22752 MB  actual(reserved)=38146 MB  highWater=28040 MB
[GinkgoSolver] p-cache: reuse(update_matrix_value) solve=16 rebuildInterval=100
config(Cg+Schwarz(Multigrid)):  Solving for p, Initial residual = 0.007668014916917385, Final residual = 7.543345267001006e-05, No Iterations 64, Solve time = 2061.839 ms
time step continuity errors : sum local = 2.1423124936342015e-05, global = -8.979083723071507e-07, cumulative = 2.0791887428932652e-06
[mem] after-pEqn: DEVICE_POOL current=22752 MB  actual(reserved)=38146 MB  highWater=28040 MB
[GinkgoSolver] p-cache: reuse(update_matrix_value) solve=16 rebuildInterval=0
Schwarz(Jacobi)+Bicgstab:  Solving for omega, Initial residual = 0.00010125413447201126, Final residual = 5.117865143770355e-06, No Iterations 2, Solve time = 86.639 ms
[GinkgoSolver] p-cache: reuse(update_matrix_value) solve=16 rebuildInterval=0
Schwarz(Jacobi)+Bicgstab:  Solving for k, Initial residual = 0.00035202097766591874, Final residual = 2.7372804941260413e-05, No Iterations 2, Solve time = 72.61 ms
[mem] after-turb: DEVICE_POOL current=22752 MB  actual(reserved)=38146 MB  highWater=28040 MB
ExecutionTime = 171.45 s  ClockTime = 172 s

Time = 17
[mem] step-start: DEVICE_POOL current=22752 MB  actual(reserved)=38146 MB  highWater=28040 MB
Schwarz(Jacobi)+Bicgstab:  Solving for Ux, Initial residual = 0.00018358762493173047, Final residual = 6.776799059882403e-06, No Iterations 4, Solve time = 285.893 ms
Schwarz(Jacobi)+Bicgstab:  Solving for Uy, Initial residual = 0.007895001787504168, Final residual = 0.0006092905789447956, No Iterations 4, Solve time = 285.893 ms
Schwarz(Jacobi)+Bicgstab:  Solving for Uz, Initial residual = 0.0018151824837340702, Final residual = 9.250434668934494e-05, No Iterations 4, Solve time = 285.893 ms
[mem] after-UEqn: DEVICE_POOL current=22752 MB  actual(reserved)=38146 MB  highWater=28040 MB
[GinkgoSolver] p-cache: reuse(update_matrix_value) solve=17 rebuildInterval=100
config(Cg+Schwarz(Multigrid)):  Solving for p, Initial residual = 0.007277827343085421, Final residual = 7.08989107470884e-05, No Iterations 63, Solve time = 2031.038 ms
time step continuity errors : sum local = 2.077494589377758e-05, global = -7.417294717287163e-07, cumulative = 1.337459271164549e-06
[mem] after-pEqn: DEVICE_POOL current=22752 MB  actual(reserved)=38146 MB  highWater=28040 MB
[GinkgoSolver] p-cache: reuse(update_matrix_value) solve=17 rebuildInterval=0
Schwarz(Jacobi)+Bicgstab:  Solving for omega, Initial residual = 9.4295558481217e-05, Final residual = 4.804962321865252e-06, No Iterations 2, Solve time = 87.387 ms
[GinkgoSolver] p-cache: reuse(update_matrix_value) solve=17 rebuildInterval=0
Schwarz(Jacobi)+Bicgstab:  Solving for k, Initial residual = 0.00035017746426955305, Final residual = 8.386319271045354e-06, No Iterations 3, Solve time = 96.749 ms
[mem] after-turb: DEVICE_POOL current=22752 MB  actual(reserved)=38146 MB  highWater=28040 MB
ExecutionTime = 175.22 s  ClockTime = 176 s

Time = 18
[mem] step-start: DEVICE_POOL current=22752 MB  actual(reserved)=38146 MB  highWater=28040 MB
Schwarz(Jacobi)+Bicgstab:  Solving for Ux, Initial residual = 0.00017603261659975938, Final residual = 6.50834235132368e-06, No Iterations 4, Solve time = 291.25 ms
Schwarz(Jacobi)+Bicgstab:  Solving for Uy, Initial residual = 0.007603155624677595, Final residual = 0.0003185719545220916, No Iterations 4, Solve time = 291.25 ms
Schwarz(Jacobi)+Bicgstab:  Solving for Uz, Initial residual = 0.0017430825985613576, Final residual = 7.213246126120552e-05, No Iterations 4, Solve time = 291.25 ms
[mem] after-UEqn: DEVICE_POOL current=22752 MB  actual(reserved)=38146 MB  highWater=28040 MB
[GinkgoSolver] p-cache: reuse(update_matrix_value) solve=18 rebuildInterval=100
config(Cg+Schwarz(Multigrid)):  Solving for p, Initial residual = 0.006995899680465702, Final residual = 6.88352945921737e-05, No Iterations 67, Solve time = 2158.432 ms
time step continuity errors : sum local = 2.058993239875347e-05, global = 2.1466259459327713e-07, cumulative = 1.5521218657578261e-06
[mem] after-pEqn: DEVICE_POOL current=22752 MB  actual(reserved)=38146 MB  highWater=28040 MB
[GinkgoSolver] p-cache: reuse(update_matrix_value) solve=18 rebuildInterval=0
Schwarz(Jacobi)+Bicgstab:  Solving for omega, Initial residual = 8.81874274569631e-05, Final residual = 4.598380771650058e-06, No Iterations 2, Solve time = 77.467 ms
[GinkgoSolver] p-cache: reuse(update_matrix_value) solve=18 rebuildInterval=0
Schwarz(Jacobi)+Bicgstab:  Solving for k, Initial residual = 0.0003502072777025006, Final residual = 3.201513531816e-05, No Iterations 2, Solve time = 73.659 ms
[mem] after-turb: DEVICE_POOL current=22752 MB  actual(reserved)=38146 MB  highWater=28040 MB
ExecutionTime = 179.09 s  ClockTime = 180 s

Time = 19
[mem] step-start: DEVICE_POOL current=22752 MB  actual(reserved)=38146 MB  highWater=28040 MB
Schwarz(Jacobi)+Bicgstab:  Solving for Ux, Initial residual = 0.0001685081030997715, Final residual = 1.2756842608597255e-05, No Iterations 3, Solve time = 229.366 ms
Schwarz(Jacobi)+Bicgstab:  Solving for Uy, Initial residual = 0.00736413205433596, Final residual = 0.000643698689243379, No Iterations 3, Solve time = 229.366 ms
Schwarz(Jacobi)+Bicgstab:  Solving for Uz, Initial residual = 0.0016995783897321042, Final residual = 0.0001611587787525461, No Iterations 3, Solve time = 229.366 ms
[mem] after-UEqn: DEVICE_POOL current=22752 MB  actual(reserved)=38146 MB  highWater=28040 MB
[GinkgoSolver] p-cache: reuse(update_matrix_value) solve=19 rebuildInterval=100
config(Cg+Schwarz(Multigrid)):  Solving for p, Initial residual = 0.006735019249519518, Final residual = 6.695340760332937e-05, No Iterations 67, Solve time = 2157.252 ms
time step continuity errors : sum local = 2.0371449791074996e-05, global = 1.1686085713047565e-06, cumulative = 2.7207304370625824e-06
[mem] after-pEqn: DEVICE_POOL current=22752 MB  actual(reserved)=38146 MB  highWater=28040 MB
[GinkgoSolver] p-cache: reuse(update_matrix_value) solve=19 rebuildInterval=0
Schwarz(Jacobi)+Bicgstab:  Solving for omega, Initial residual = 8.314763252707889e-05, Final residual = 4.39526843239132e-06, No Iterations 2, Solve time = 86.09 ms
[GinkgoSolver] p-cache: reuse(update_matrix_value) solve=19 rebuildInterval=0
Schwarz(Jacobi)+Bicgstab:  Solving for k, Initial residual = 0.0003502705177751791, Final residual = 8.61203147922712e-06, No Iterations 3, Solve time = 97.631 ms
[mem] after-turb: DEVICE_POOL current=22752 MB  actual(reserved)=38146 MB  highWater=28040 MB
ExecutionTime = 182.95 s  ClockTime = 183 s

Time = 20
[mem] step-start: DEVICE_POOL current=22752 MB  actual(reserved)=38146 MB  highWater=28040 MB
Schwarz(Jacobi)+Bicgstab:  Solving for Ux, Initial residual = 0.00016272308039969486, Final residual = 6.80977558939634e-06, No Iterations 4, Solve time = 286.712 ms
Schwarz(Jacobi)+Bicgstab:  Solving for Uy, Initial residual = 0.007266982918197167, Final residual = 0.000426548042936346, No Iterations 4, Solve time = 286.712 ms
Schwarz(Jacobi)+Bicgstab:  Solving for Uz, Initial residual = 0.0016990671231229982, Final residual = 0.0001818077513251607, No Iterations 4, Solve time = 286.712 ms
[mem] after-UEqn: DEVICE_POOL current=22752 MB  actual(reserved)=38146 MB  highWater=28040 MB
[GinkgoSolver] p-cache: reuse(update_matrix_value) solve=20 rebuildInterval=100
config(Cg+Schwarz(Multigrid)):  Solving for p, Initial residual = 0.006505117698921722, Final residual = 6.296596627147663e-05, No Iterations 66, Solve time = 2127.705 ms
time step continuity errors : sum local = 1.9412059406621488e-05, global = 1.6277477811339952e-06, cumulative = 4.348478218196577e-06
[mem] after-pEqn: DEVICE_POOL current=22752 MB  actual(reserved)=38146 MB  highWater=28040 MB
[GinkgoSolver] p-cache: reuse(update_matrix_value) solve=20 rebuildInterval=0
Schwarz(Jacobi)+Bicgstab:  Solving for omega, Initial residual = 7.805279365790978e-05, Final residual = 4.196454203684144e-06, No Iterations 2, Solve time = 85.318 ms
[GinkgoSolver] p-cache: reuse(update_matrix_value) solve=20 rebuildInterval=0
Schwarz(Jacobi)+Bicgstab:  Solving for k, Initial residual = 0.0003505461175153018, Final residual = 8.27005807081062e-06, No Iterations 3, Solve time = 96.506 ms
[mem] after-turb: DEVICE_POOL current=22752 MB  actual(reserved)=38146 MB  highWater=28040 MB
ExecutionTime = 186.81 s  ClockTime = 187 s

Time = 21
[mem] step-start: DEVICE_POOL current=22752 MB  actual(reserved)=38146 MB  highWater=28040 MB
Schwarz(Jacobi)+Bicgstab:  Solving for Ux, Initial residual = 0.00015844189175517653, Final residual = 3.355828610784932e-06, No Iterations 5, Solve time = 359.151 ms
Schwarz(Jacobi)+Bicgstab:  Solving for Uy, Initial residual = 0.0072469842301623325, Final residual = 0.0001588425295035962, No Iterations 5, Solve time = 359.151 ms
Schwarz(Jacobi)+Bicgstab:  Solving for Uz, Initial residual = 0.0017227866734997172, Final residual = 5.989407074449417e-05, No Iterations 5, Solve time = 359.151 ms
[mem] after-UEqn: DEVICE_POOL current=22752 MB  actual(reserved)=38146 MB  highWater=28040 MB
[GinkgoSolver] p-cache: reuse(update_matrix_value) solve=21 rebuildInterval=100
config(Cg+Schwarz(Multigrid)):  Solving for p, Initial residual = 0.0062922570784777945, Final residual = 6.126057103779022e-05, No Iterations 62, Solve time = 2003.771 ms
time step continuity errors : sum local = 1.9100527887153478e-05, global = 1.5704061698805302e-06, cumulative = 5.918884388077108e-06
[mem] after-pEqn: DEVICE_POOL current=22752 MB  actual(reserved)=38146 MB  highWater=28040 MB
[GinkgoSolver] p-cache: reuse(update_matrix_value) solve=21 rebuildInterval=0
Schwarz(Jacobi)+Bicgstab:  Solving for omega, Initial residual = 7.372950075301204e-05, Final residual = 4.031107465366704e-06, No Iterations 2, Solve time = 78.45 ms
[GinkgoSolver] p-cache: reuse(update_matrix_value) solve=21 rebuildInterval=0
Schwarz(Jacobi)+Bicgstab:  Solving for k, Initial residual = 0.0003523778546173774, Final residual = 8.402756452286825e-06, No Iterations 3, Solve time = 96.949 ms
[mem] after-turb: DEVICE_POOL current=22752 MB  actual(reserved)=38146 MB  highWater=28040 MB
ExecutionTime = 190.64 s  ClockTime = 191 s

Time = 22
[mem] step-start: DEVICE_POOL current=22752 MB  actual(reserved)=38146 MB  highWater=28040 MB
Schwarz(Jacobi)+Bicgstab:  Solving for Ux, Initial residual = 0.0001557934810515854, Final residual = 1.0974537061437742e-05, No Iterations 3, Solve time = 236.136 ms
Schwarz(Jacobi)+Bicgstab:  Solving for Uy, Initial residual = 0.007193679540111726, Final residual = 0.0006015168173588599, No Iterations 3, Solve time = 236.136 ms
Schwarz(Jacobi)+Bicgstab:  Solving for Uz, Initial residual = 0.0017442810352523088, Final residual = 0.0001519215554778659, No Iterations 3, Solve time = 236.136 ms
[mem] after-UEqn: DEVICE_POOL current=22752 MB  actual(reserved)=38146 MB  highWater=28040 MB
[GinkgoSolver] p-cache: reuse(update_matrix_value) solve=22 rebuildInterval=100
config(Cg+Schwarz(Multigrid)):  Solving for p, Initial residual = 0.00611892959395236, Final residual = 6.013631516392627e-05, No Iterations 58, Solve time = 1876.493 ms
time step continuity errors : sum local = 1.893076372576838e-05, global = 1.2328170361348128e-06, cumulative = 7.151701424211921e-06
[mem] after-pEqn: DEVICE_POOL current=22752 MB  actual(reserved)=38146 MB  highWater=28040 MB
[GinkgoSolver] p-cache: reuse(update_matrix_value) solve=22 rebuildInterval=0
Schwarz(Jacobi)+Bicgstab:  Solving for omega, Initial residual = 6.976213431453761e-05, Final residual = 3.869442149473162e-06, No Iterations 2, Solve time = 86.873 ms
[GinkgoSolver] p-cache: reuse(update_matrix_value) solve=22 rebuildInterval=0
Schwarz(Jacobi)+Bicgstab:  Solving for k, Initial residual = 0.00035441519398723693, Final residual = 8.584525580970636e-06, No Iterations 3, Solve time = 95.908 ms
[mem] after-turb: DEVICE_POOL current=22752 MB  actual(reserved)=38146 MB  highWater=28040 MB
ExecutionTime = 194.19 s  ClockTime = 195 s

Time = 23
[mem] step-start: DEVICE_POOL current=22752 MB  actual(reserved)=38146 MB  highWater=28040 MB
Schwarz(Jacobi)+Bicgstab:  Solving for Ux, Initial residual = 0.0001535062351198075, Final residual = 9.089763966722864e-06, No Iterations 3, Solve time = 239.777 ms
Schwarz(Jacobi)+Bicgstab:  Solving for Uy, Initial residual = 0.007099505421846769, Final residual = 0.0005645256132879139, No Iterations 3, Solve time = 239.777 ms
Schwarz(Jacobi)+Bicgstab:  Solving for Uz, Initial residual = 0.001758284451621687, Final residual = 0.00014437756041989886, No Iterations 3, Solve time = 239.777 ms
[mem] after-UEqn: DEVICE_POOL current=22752 MB  actual(reserved)=38146 MB  highWater=28040 MB
[GinkgoSolver] p-cache: reuse(update_matrix_value) solve=23 rebuildInterval=100
config(Cg+Schwarz(Multigrid)):  Solving for p, Initial residual = 0.005989626147398682, Final residual = 5.769910054263298e-05, No Iterations 33, Solve time = 1089.948 ms
time step continuity errors : sum local = 1.8299439577164418e-05, global = 6.306462982899819e-07, cumulative = 7.782347722501903e-06
[mem] after-pEqn: DEVICE_POOL current=22752 MB  actual(reserved)=38146 MB  highWater=28040 MB
[GinkgoSolver] p-cache: reuse(update_matrix_value) solve=23 rebuildInterval=0
Schwarz(Jacobi)+Bicgstab:  Solving for omega, Initial residual = 6.624505228614029e-05, Final residual = 3.7290814766241254e-06, No Iterations 2, Solve time = 87.294 ms
[GinkgoSolver] p-cache: reuse(update_matrix_value) solve=23 rebuildInterval=0
Schwarz(Jacobi)+Bicgstab:  Solving for k, Initial residual = 0.0003568266419452399, Final residual = 8.761211336552506e-06, No Iterations 3, Solve time = 97.448 ms
[mem] after-turb: DEVICE_POOL current=22752 MB  actual(reserved)=38146 MB  highWater=28040 MB
ExecutionTime = 196.98 s  ClockTime = 198 s

Time = 24
[mem] step-start: DEVICE_POOL current=22752 MB  actual(reserved)=38146 MB  highWater=28040 MB
Schwarz(Jacobi)+Bicgstab:  Solving for Ux, Initial residual = 0.00015136312016595732, Final residual = 1.0470314764373733e-05, No Iterations 4, Solve time = 283.577 ms
Schwarz(Jacobi)+Bicgstab:  Solving for Uy, Initial residual = 0.006950987197815541, Final residual = 0.0002740756950446148, No Iterations 4, Solve time = 283.577 ms
Schwarz(Jacobi)+Bicgstab:  Solving for Uz, Initial residual = 0.0017560423841811168, Final residual = 7.01488744775408e-05, No Iterations 4, Solve time = 283.577 ms
[mem] after-UEqn: DEVICE_POOL current=22752 MB  actual(reserved)=38146 MB  highWater=28040 MB
[GinkgoSolver] p-cache: reuse(update_matrix_value) solve=24 rebuildInterval=100
config(Cg+Schwarz(Multigrid)):  Solving for p, Initial residual = 0.005943192431352978, Final residual = 5.851298100284298e-05, No Iterations 34, Solve time = 1117.814 ms
time step continuity errors : sum local = 1.8478496203355648e-05, global = 7.339630182908916e-07, cumulative = 8.516310740792794e-06
[mem] after-pEqn: DEVICE_POOL current=22752 MB  actual(reserved)=38146 MB  highWater=28040 MB
[GinkgoSolver] p-cache: reuse(update_matrix_value) solve=24 rebuildInterval=0
Schwarz(Jacobi)+Bicgstab:  Solving for omega, Initial residual = 6.304512078675469e-05, Final residual = 3.588472452286352e-06, No Iterations 2, Solve time = 86.813 ms
[GinkgoSolver] p-cache: reuse(update_matrix_value) solve=24 rebuildInterval=0
Schwarz(Jacobi)+Bicgstab:  Solving for k, Initial residual = 0.00036009831199442817, Final residual = 8.872607101201585e-06, No Iterations 3, Solve time = 96.823 ms
[mem] after-turb: DEVICE_POOL current=22752 MB  actual(reserved)=38146 MB  highWater=28040 MB
ExecutionTime = 199.84 s  ClockTime = 200 s

Time = 25
[mem] step-start: DEVICE_POOL current=22752 MB  actual(reserved)=38146 MB  highWater=28040 MB
Schwarz(Jacobi)+Bicgstab:  Solving for Ux, Initial residual = 0.00014921985326415567, Final residual = 1.3141824161495733e-05, No Iterations 3, Solve time = 235.479 ms
Schwarz(Jacobi)+Bicgstab:  Solving for Uy, Initial residual = 0.0067628530303635035, Final residual = 0.0005125055779460416, No Iterations 3, Solve time = 235.479 ms
Schwarz(Jacobi)+Bicgstab:  Solving for Uz, Initial residual = 0.0017457425078842815, Final residual = 0.000140225057870918, No Iterations 3, Solve time = 235.479 ms
[mem] after-UEqn: DEVICE_POOL current=22752 MB  actual(reserved)=38146 MB  highWater=28040 MB
[GinkgoSolver] p-cache: reuse(update_matrix_value) solve=25 rebuildInterval=100
config(Cg+Schwarz(Multigrid)):  Solving for p, Initial residual = 0.00586632486846561, Final residual = 5.836144050077225e-05, No Iterations 33, Solve time = 1087.196 ms
time step continuity errors : sum local = 1.8406818417284355e-05, global = 8.454890042484119e-07, cumulative = 9.361799745041205e-06
[mem] after-pEqn: DEVICE_POOL current=22752 MB  actual(reserved)=38146 MB  highWater=28040 MB
[GinkgoSolver] p-cache: reuse(update_matrix_value) solve=25 rebuildInterval=0
Schwarz(Jacobi)+Bicgstab:  Solving for omega, Initial residual = 6.019948167099514e-05, Final residual = 3.4492765949958462e-06, No Iterations 2, Solve time = 78.3 ms
[GinkgoSolver] p-cache: reuse(update_matrix_value) solve=25 rebuildInterval=0
Schwarz(Jacobi)+Bicgstab:  Solving for k, Initial residual = 0.0003633541540686895, Final residual = 9.02170122250324e-06, No Iterations 3, Solve time = 96.614 ms
[mem] after-turb: DEVICE_POOL current=22752 MB  actual(reserved)=38146 MB  highWater=28040 MB
ExecutionTime = 202.62 s  ClockTime = 203 s

Time = 26
[mem] step-start: DEVICE_POOL current=22752 MB  actual(reserved)=38146 MB  highWater=28040 MB
Schwarz(Jacobi)+Bicgstab:  Solving for Ux, Initial residual = 0.00014689981064317287, Final residual = 7.172681683063327e-06, No Iterations 4, Solve time = 306.36 ms
Schwarz(Jacobi)+Bicgstab:  Solving for Uy, Initial residual = 0.006607373059333323, Final residual = 0.0002328387357797715, No Iterations 4, Solve time = 306.36 ms
Schwarz(Jacobi)+Bicgstab:  Solving for Uz, Initial residual = 0.0017438287592095281, Final residual = 6.112980438808444e-05, No Iterations 4, Solve time = 306.36 ms
[mem] after-UEqn: DEVICE_POOL current=22752 MB  actual(reserved)=38146 MB  highWater=28040 MB
[GinkgoSolver] p-cache: reuse(update_matrix_value) solve=26 rebuildInterval=100
config(Cg+Schwarz(Multigrid)):  Solving for p, Initial residual = 0.005784577592927339, Final residual = 5.5762681838107506e-05, No Iterations 35, Solve time = 1153.076 ms
time step continuity errors : sum local = 1.758284772504901e-05, global = 1.073351500418315e-06, cumulative = 1.043515124545952e-05
[mem] after-pEqn: DEVICE_POOL current=22752 MB  actual(reserved)=38146 MB  highWater=28040 MB
[GinkgoSolver] p-cache: reuse(update_matrix_value) solve=26 rebuildInterval=0
Schwarz(Jacobi)+Bicgstab:  Solving for omega, Initial residual = 5.771231849494006e-05, Final residual = 3.3473352769862104e-06, No Iterations 2, Solve time = 77.236 ms
bounding omega, min: -52846.0299646375 max: 45356130.51453673 average: 7144.694968041401
[GinkgoSolver] p-cache: reuse(update_matrix_value) solve=26 rebuildInterval=0
Schwarz(Jacobi)+Bicgstab:  Solving for k, Initial residual = 0.0003674027965908722, Final residual = 9.269626250854204e-06, No Iterations 3, Solve time = 95.048 ms
[mem] after-turb: DEVICE_POOL current=22752 MB  actual(reserved)=38146 MB  highWater=28040 MB
ExecutionTime = 205.51 s  ClockTime = 206 s

Time = 27
[mem] step-start: DEVICE_POOL current=22752 MB  actual(reserved)=38146 MB  highWater=28040 MB
Schwarz(Jacobi)+Bicgstab:  Solving for Ux, Initial residual = 0.00014467704757771272, Final residual = 1.1257427086855203e-05, No Iterations 4, Solve time = 286.932 ms
Schwarz(Jacobi)+Bicgstab:  Solving for Uy, Initial residual = 0.006448655571865505, Final residual = 0.0003199118499375184, No Iterations 4, Solve time = 286.932 ms
Schwarz(Jacobi)+Bicgstab:  Solving for Uz, Initial residual = 0.001742603300032162, Final residual = 7.299295580116176e-05, No Iterations 4, Solve time = 286.932 ms
[mem] after-UEqn: DEVICE_POOL current=22752 MB  actual(reserved)=38146 MB  highWater=28040 MB
[GinkgoSolver] p-cache: reuse(update_matrix_value) solve=27 rebuildInterval=100
config(Cg+Schwarz(Multigrid)):  Solving for p, Initial residual = 0.005687101026066229, Final residual = 5.6248806771605645e-05, No Iterations 36, Solve time = 1180.601 ms
time step continuity errors : sum local = 1.7738447979908345e-05, global = 1.2019832333022507e-06, cumulative = 1.163713447876177e-05
[mem] after-pEqn: DEVICE_POOL current=22752 MB  actual(reserved)=38146 MB  highWater=28040 MB
[GinkgoSolver] p-cache: reuse(update_matrix_value) solve=27 rebuildInterval=0
Schwarz(Jacobi)+Bicgstab:  Solving for omega, Initial residual = 5.547553288969831e-05, Final residual = 3.250409581289805e-06, No Iterations 2, Solve time = 86.931 ms
[GinkgoSolver] p-cache: reuse(update_matrix_value) solve=27 rebuildInterval=0
Schwarz(Jacobi)+Bicgstab:  Solving for k, Initial residual = 0.0003722941933256828, Final residual = 9.792779972333206e-06, No Iterations 3, Solve time = 94.444 ms
[mem] after-turb: DEVICE_POOL current=22752 MB  actual(reserved)=38146 MB  highWater=28040 MB
ExecutionTime = 208.44 s  ClockTime = 209 s

Time = 28
[mem] step-start: DEVICE_POOL current=22752 MB  actual(reserved)=38146 MB  highWater=28040 MB
Schwarz(Jacobi)+Bicgstab:  Solving for Ux, Initial residual = 0.00014229022659438366, Final residual = 9.605846438655434e-06, No Iterations 3, Solve time = 229.628 ms
Schwarz(Jacobi)+Bicgstab:  Solving for Uy, Initial residual = 0.006311860967913254, Final residual = 0.00046493705859737035, No Iterations 3, Solve time = 229.628 ms
Schwarz(Jacobi)+Bicgstab:  Solving for Uz, Initial residual = 0.0017441600467471416, Final residual = 0.00014638440284499936, No Iterations 3, Solve time = 229.628 ms
[mem] after-UEqn: DEVICE_POOL current=22752 MB  actual(reserved)=38146 MB  highWater=28040 MB
[GinkgoSolver] p-cache: reuse(update_matrix_value) solve=28 rebuildInterval=100
config(Cg+Schwarz(Multigrid)):  Solving for p, Initial residual = 0.005609299644063413, Final residual = 5.359763034319535e-05, No Iterations 39, Solve time = 1277.764 ms
time step continuity errors : sum local = 1.6869412167528044e-05, global = 1.1120490897848527e-06, cumulative = 1.2749183568546624e-05
[mem] after-pEqn: DEVICE_POOL current=22752 MB  actual(reserved)=38146 MB  highWater=28040 MB
[GinkgoSolver] p-cache: reuse(update_matrix_value) solve=28 rebuildInterval=0
Schwarz(Jacobi)+Bicgstab:  Solving for omega, Initial residual = 5.3490579246362536e-05, Final residual = 3.165230368307886e-06, No Iterations 2, Solve time = 86.842 ms
bounding omega, min: -179.41119750595195 max: 45356030.97346075 average: 7192.218754037716
[GinkgoSolver] p-cache: reuse(update_matrix_value) solve=28 rebuildInterval=0
Schwarz(Jacobi)+Bicgstab:  Solving for k, Initial residual = 0.0003769514250380441, Final residual = 9.67220056956514e-06, No Iterations 3, Solve time = 97.585 ms
[mem] after-turb: DEVICE_POOL current=22752 MB  actual(reserved)=38146 MB  highWater=28040 MB
ExecutionTime = 211.41 s  ClockTime = 212 s

Time = 29
[mem] step-start: DEVICE_POOL current=22752 MB  actual(reserved)=38146 MB  highWater=28040 MB
Schwarz(Jacobi)+Bicgstab:  Solving for Ux, Initial residual = 0.00013961888356554285, Final residual = 1.7148869084449232e-05, No Iterations 3, Solve time = 233.404 ms
Schwarz(Jacobi)+Bicgstab:  Solving for Uy, Initial residual = 0.006201388450730318, Final residual = 0.00044165249572938875, No Iterations 3, Solve time = 233.404 ms
Schwarz(Jacobi)+Bicgstab:  Solving for Uz, Initial residual = 0.0017481180388446882, Final residual = 0.0001376964398064019, No Iterations 3, Solve time = 233.404 ms
[mem] after-UEqn: DEVICE_POOL current=22752 MB  actual(reserved)=38146 MB  highWater=28040 MB
[GinkgoSolver] p-cache: reuse(update_matrix_value) solve=29 rebuildInterval=100
config(Cg+Schwarz(Multigrid)):  Solving for p, Initial residual = 0.005561772321147405, Final residual = 5.5082686790035045e-05, No Iterations 53, Solve time = 1719.563 ms
time step continuity errors : sum local = 1.723749353395383e-05, global = -5.871884233063533e-07, cumulative = 1.2161995145240271e-05
[mem] after-pEqn: DEVICE_POOL current=22752 MB  actual(reserved)=38146 MB  highWater=28040 MB
[GinkgoSolver] p-cache: reuse(update_matrix_value) solve=29 rebuildInterval=0
Schwarz(Jacobi)+Bicgstab:  Solving for omega, Initial residual = 5.1913550562255985e-05, Final residual = 3.109725972105252e-06, No Iterations 2, Solve time = 86.853 ms
[GinkgoSolver] p-cache: reuse(update_matrix_value) solve=29 rebuildInterval=0
Schwarz(Jacobi)+Bicgstab:  Solving for k, Initial residual = 0.00038323999667492375, Final residual = 9.875299949868062e-06, No Iterations 3, Solve time = 94.208 ms
[mem] after-turb: DEVICE_POOL current=22752 MB  actual(reserved)=38146 MB  highWater=28040 MB
ExecutionTime = 214.81 s  ClockTime = 215 s

Time = 30
[mem] step-start: DEVICE_POOL current=22752 MB  actual(reserved)=38146 MB  highWater=28040 MB
Schwarz(Jacobi)+Bicgstab:  Solving for Ux, Initial residual = 0.0001369391360531739, Final residual = 8.937230465467434e-06, No Iterations 3, Solve time = 230.983 ms
Schwarz(Jacobi)+Bicgstab:  Solving for Uy, Initial residual = 0.006124716834743849, Final residual = 0.0004422043043461443, No Iterations 3, Solve time = 230.983 ms
Schwarz(Jacobi)+Bicgstab:  Solving for Uz, Initial residual = 0.0017513486338170284, Final residual = 0.00013592933362958876, No Iterations 3, Solve time = 230.983 ms
[mem] after-UEqn: DEVICE_POOL current=22752 MB  actual(reserved)=38146 MB  highWater=28040 MB
[GinkgoSolver] p-cache: reuse(update_matrix_value) solve=30 rebuildInterval=100
config(Cg+Schwarz(Multigrid)):  Solving for p, Initial residual = 0.005560063660037329, Final residual = 5.3985666621759216e-05, No Iterations 57, Solve time = 1843.509 ms
time step continuity errors : sum local = 1.657823118072986e-05, global = -1.3753570075216287e-06, cumulative = 1.0786638137718643e-05
[mem] after-pEqn: DEVICE_POOL current=22752 MB  actual(reserved)=38146 MB  highWater=28040 MB
[GinkgoSolver] p-cache: reuse(update_matrix_value) solve=30 rebuildInterval=0
Schwarz(Jacobi)+Bicgstab:  Solving for omega, Initial residual = 5.082938319732446e-05, Final residual = 3.0545188084379713e-06, No Iterations 2, Solve time = 78.165 ms
bounding omega, min: -166.54818660708517 max: 45356089.273854576 average: 7233.409261821074
[GinkgoSolver] p-cache: reuse(update_matrix_value) solve=30 rebuildInterval=0
Schwarz(Jacobi)+Bicgstab:  Solving for k, Initial residual = 0.00039092258803907163, Final residual = 1.0250830158431535e-05, No Iterations 3, Solve time = 96.698 ms
[mem] after-turb: DEVICE_POOL current=22752 MB  actual(reserved)=38146 MB  highWater=28040 MB
Writing p
Writing U
Writing turbulence variables
ExecutionTime = 219.14 s  ClockTime = 221 s

Finalizing NeoN
Finalising parallel run
