/*---------------------------------------------------------------------------*\
| =========                 |                                                 |
| \\      /  F ield         | OpenFOAM: The Open Source CFD Toolbox           |
|  \\    /   O peration     | Version:  2506                                  |
|   \\  /    A nd           | Website:  www.openfoam.com                      |
|    \\/     M anipulation  |                                                 |
\*---------------------------------------------------------------------------*/
Build  : b050cd9480-20250814 OPENFOAM=2506 version=v2506
Arch   : "LSB;label=32;scalar=64"
Exec   : /storage/home/greole/code/NeoFOAM/build/profilingnvidia_h200/bin/neoSimpleFoam -parallel
Date   : Jul 02 2026
Time   : 10:14:27
Host   : gpu-nvidia-h200-1.int.coma-cluster.de
PID    : 2684104
I/O    : uncollated
Case   : /storage/home/greole/code/NeoFOAM/occDrivAerStaticMesh
nProcs : 4
Hosts  :
(
    (gpu-nvidia-h200-1.int.coma-cluster.de 4)
)
Pstream initialized with:
    node communication : off [type=host] (4 ranks, 1 nodes)
    topology controls  : none
    consensus exchange : 0 (tuning: 0)
    exchange algorithm : 0
    commsType          : nonBlocking
    polling iterations : 0
trapFpe: Floating point exception trapping enabled (FOAM_SIGFPE).
fileModificationChecking : Monitoring run-time modified files using timeStampMaster (fileModificationSkew 5, maxFileModificationPolls 20)
allowSystemOperations : Allowing user-supplied system call operations

// * * * * * * * * * * * * * * * * * * * * * * * * * * * * * * * * * * * * * //
Create time

Initializing NeoN
Creating Executor GPU
Creating NeoFOAM runTime

SIMPLE: no convergence criteria found. Calculations will run for 30 steps.

Reading field p

Reading field U

Reading/calculating face flux field phi

Selecting incompressible transport model Newtonian
NeoFOAM solver config (from fvSolution configFile) for 'config(Cg+Schwarz(Multigrid))':
{
    cacheSolver: true
    configFile: <NeoN::TokenList>
    l1ScaledResidual: true
    preconditionerRebuildInterval: 100
    relTol: 0.010000
    reportName: config(Cg+Schwarz(Multigrid))
    solver: Ginkgo
    tolerance: 0.000000
}
    effective optimize: false
    effective checkFrequency: 1
Mapping OpenFOAM solver settings to NeoN settings.
Currently, it is advisable to specify a configFile
for fine grained Ginkgo solver control

Replacing solver PBiCGStab by solver::Bicgstab
Replacing preconditioner diagonal by preconditioner::Schwarz (Schwarz-wrapped for distributed run)
NeoFOAM solver config (mapped from fvSolution) for 'Schwarz(Jacobi)+Bicgstab':
{
    cacheSolver: true
    criteria: {
        absolute_residual_norm: 0.000000
        initial_residual_norm: 0.100000
        iteration: 1000
    }
    l1ScaledResidual: true
    optimize: true
    preconditioner: {
        local_solver: {
            max_block_size: 1
            type: preconditioner::Jacobi
        }
        type: preconditioner::Schwarz
    }
    reportName: Schwarz(Jacobi)+Bicgstab
    solver: Ginkgo
    type: solver::Bicgstab
}
    effective optimize: true
    effective checkFrequency: 1
Creating phi

[NF][/storage/home/greole/code/NeoFOAM/include/NeoFOAM/auxiliary/readers.hpp::434]: Internal: 49333487, Boundary: 1754396

[NF][/storage/home/greole/code/NeoFOAM/include/NeoFOAM/auxiliary/readers.hpp::434]: Internal: 49320882, Boundary: 1762558

[NF][/storage/home/greole/code/NeoFOAM/include/NeoFOAM/auxiliary/readers.hpp::434]: Internal: 49261542, Boundary: 1427829

[NF][/storage/home/greole/code/NeoFOAM/include/NeoFOAM/auxiliary/readers.hpp::434]: Internal: 49243125, Boundary: 1362247
Selecting patchDistMethod meshWave
Mapping OpenFOAM solver settings to NeoN settings.
Currently, it is advisable to specify a configFile
for fine grained Ginkgo solver control

Replacing solver PBiCGStab by solver::Bicgstab
Replacing preconditioner diagonal by preconditioner::Schwarz (Schwarz-wrapped for distributed run)
NeoFOAM solver config (mapped from fvSolution) for 'Schwarz(Jacobi)+Bicgstab':
{
    cacheSolver: true
    criteria: {
        absolute_residual_norm: 0.000000
        initial_residual_norm: 0.100000
        iteration: 1000
    }
    l1ScaledResidual: true
    optimize: true
    preconditioner: {
        local_solver: {
            max_block_size: 1
            type: preconditioner::Jacobi
        }
        type: preconditioner::Schwarz
    }
    reportName: Schwarz(Jacobi)+Bicgstab
    solver: Ginkgo
    type: solver::Bicgstab
}
    effective optimize: true
    effective checkFrequency: 1
Mapping OpenFOAM solver settings to NeoN settings.
Currently, it is advisable to specify a configFile
for fine grained Ginkgo solver control

Replacing solver PBiCGStab by solver::Bicgstab
Replacing preconditioner diagonal by preconditioner::Schwarz (Schwarz-wrapped for distributed run)
NeoFOAM solver config (mapped from fvSolution) for 'Schwarz(Jacobi)+Bicgstab':
{
    cacheSolver: true
    criteria: {
        absolute_residual_norm: 0.000000
        initial_residual_norm: 0.100000
        iteration: 1000
    }
    l1ScaledResidual: true
    optimize: true
    preconditioner: {
        local_solver: {
            max_block_size: 1
            type: preconditioner::Jacobi
        }
        type: preconditioner::Schwarz
    }
    reportName: Schwarz(Jacobi)+Bicgstab
    solver: Ginkgo
    type: solver::Bicgstab
}
    effective optimize: true
    effective checkFrequency: 1
Starting time loop
Time = 1
[mem] step-start: DEVICE_POOL current=16605 MB  actual(reserved)=38146 MB  highWater=19132 MB
Schwarz(Jacobi)+Bicgstab:  Solving for Ux, Initial residual = 0.0019488956619707581, Final residual = 0.0002389414492225631, No Iterations 3, Solve time = 249.874 ms
Schwarz(Jacobi)+Bicgstab:  Solving for Uy, Initial residual = 0.16486889729307716, Final residual = 0.008211417725346405, No Iterations 3, Solve time = 249.874 ms
Schwarz(Jacobi)+Bicgstab:  Solving for Uz, Initial residual = 0.1047839942030142, Final residual = 0.004988130416337742, No Iterations 3, Solve time = 249.874 ms
[mem] after-UEqn: DEVICE_POOL current=19099 MB  actual(reserved)=38146 MB  highWater=24387 MB
[GinkgoSolver] p-cache: rebuild(generate) solve=1 rebuildInterval=100
config(Cg+Schwarz(Multigrid)):  Solving for p, Initial residual = 1, Final residual = 0.009933309598865459, No Iterations 115, Solve time = 3802.989 ms
time step continuity errors : sum local = 6.633590054443969e-05, global = 4.088159487063521e-06, cumulative = 4.088159487063521e-06
[mem] after-pEqn: DEVICE_POOL current=20567 MB  actual(reserved)=38146 MB  highWater=24387 MB
[GinkgoSolver] p-cache: rebuild(generate) solve=1 rebuildInterval=0
Schwarz(Jacobi)+Bicgstab:  Solving for omega, Initial residual = 0.9999999999999997, Final residual = 0.030747812373553847, No Iterations 1, Solve time = 51.533 ms
bounding omega, min: -52.867413139978 max: 46109482.50009281 average: 2443.241287600011
[GinkgoSolver] p-cache: rebuild(generate) solve=1 rebuildInterval=0
Schwarz(Jacobi)+Bicgstab:  Solving for k, Initial residual = 0.9999999999999731, Final residual = 0.04385986015916559, No Iterations 1, Solve time = 52.205 ms
[mem] after-turb: DEVICE_POOL current=22752 MB  actual(reserved)=38146 MB  highWater=24811 MB
ExecutionTime = 93.02 s  ClockTime = 93 s

Time = 2
[mem] step-start: DEVICE_POOL current=22752 MB  actual(reserved)=38146 MB  highWater=24811 MB
Schwarz(Jacobi)+Bicgstab:  Solving for Ux, Initial residual = 0.0012928580906073498, Final residual = 5.922116700437932e-05, No Iterations 5, Solve time = 344.117 ms
Schwarz(Jacobi)+Bicgstab:  Solving for Uy, Initial residual = 0.06544648362428901, Final residual = 0.0029792127281328597, No Iterations 5, Solve time = 344.117 ms
Schwarz(Jacobi)+Bicgstab:  Solving for Uz, Initial residual = 0.040830727693102725, Final residual = 0.0009085467433783313, No Iterations 5, Solve time = 344.117 ms
[mem] after-UEqn: DEVICE_POOL current=22752 MB  actual(reserved)=38146 MB  highWater=28040 MB
[GinkgoSolver] p-cache: reuse(update_matrix_value) solve=2 rebuildInterval=100
config(Cg+Schwarz(Multigrid)):  Solving for p, Initial residual = 0.04032141814086142, Final residual = 0.000397487450672634, No Iterations 125, Solve time = 3862.948 ms
time step continuity errors : sum local = 4.213635249223638e-05, global = 1.986544006495456e-06, cumulative = 6.074703493558977e-06
[mem] after-pEqn: DEVICE_POOL current=22752 MB  actual(reserved)=38146 MB  highWater=28040 MB
[GinkgoSolver] p-cache: reuse(update_matrix_value) solve=2 rebuildInterval=0
Schwarz(Jacobi)+Bicgstab:  Solving for omega, Initial residual = 0.008194464405583836, Final residual = 0.0004779896663287607, No Iterations 1, Solve time = 60.873 ms
bounding omega, min: -1305.3889742795348 max: 45305779.54667765 average: 2705.601889724459
[GinkgoSolver] p-cache: reuse(update_matrix_value) solve=2 rebuildInterval=0
Schwarz(Jacobi)+Bicgstab:  Solving for k, Initial residual = 0.07500415637583971, Final residual = 0.0044551210427358524, No Iterations 1, Solve time = 50.06 ms
[mem] after-turb: DEVICE_POOL current=22752 MB  actual(reserved)=38146 MB  highWater=28040 MB
ExecutionTime = 98.56999999999999 s  ClockTime = 99 s

Time = 3
[mem] step-start: DEVICE_POOL current=22752 MB  actual(reserved)=38146 MB  highWater=28040 MB
Schwarz(Jacobi)+Bicgstab:  Solving for Ux, Initial residual = 0.0008105678151568128, Final residual = 4.7844184919179956e-05, No Iterations 6, Solve time = 381.549 ms
Schwarz(Jacobi)+Bicgstab:  Solving for Uy, Initial residual = 0.03249860364500027, Final residual = 0.0006347891202351147, No Iterations 6, Solve time = 381.549 ms
Schwarz(Jacobi)+Bicgstab:  Solving for Uz, Initial residual = 0.018190249656116413, Final residual = 0.0002674478314156907, No Iterations 6, Solve time = 381.549 ms
[mem] after-UEqn: DEVICE_POOL current=22752 MB  actual(reserved)=38146 MB  highWater=28040 MB
[GinkgoSolver] p-cache: reuse(update_matrix_value) solve=3 rebuildInterval=100
config(Cg+Schwarz(Multigrid)):  Solving for p, Initial residual = 0.017895963440836066, Final residual = 0.0001746602155472758, No Iterations 113, Solve time = 3503.553 ms
time step continuity errors : sum local = 3.394455436117247e-05, global = -2.94806229847179e-06, cumulative = 3.1266411950871867e-06
[mem] after-pEqn: DEVICE_POOL current=22752 MB  actual(reserved)=38146 MB  highWater=28040 MB
[GinkgoSolver] p-cache: reuse(update_matrix_value) solve=3 rebuildInterval=0
Schwarz(Jacobi)+Bicgstab:  Solving for omega, Initial residual = 0.0035207897037911424, Final residual = 0.0002899408412124905, No Iterations 1, Solve time = 55.9 ms
bounding omega, min: -11.965233955308825 max: 45385820.92722883 average: 3322.210354647833
[GinkgoSolver] p-cache: reuse(update_matrix_value) solve=3 rebuildInterval=0
Schwarz(Jacobi)+Bicgstab:  Solving for k, Initial residual = 0.013997265038771451, Final residual = 0.0010053425223204647, No Iterations 1, Solve time = 49.68 ms
[mem] after-turb: DEVICE_POOL current=22752 MB  actual(reserved)=38146 MB  highWater=28040 MB
ExecutionTime = 103.77 s  ClockTime = 104 s

Time = 4
[mem] step-start: DEVICE_POOL current=22752 MB  actual(reserved)=38146 MB  highWater=28040 MB
Schwarz(Jacobi)+Bicgstab:  Solving for Ux, Initial residual = 0.0005573346466763847, Final residual = 4.700317567427481e-05, No Iterations 4, Solve time = 280.745 ms
Schwarz(Jacobi)+Bicgstab:  Solving for Uy, Initial residual = 0.020221296640064605, Final residual = 0.002661747258009357, No Iterations 4, Solve time = 280.745 ms
Schwarz(Jacobi)+Bicgstab:  Solving for Uz, Initial residual = 0.010484786270544652, Final residual = 0.0007740557373092183, No Iterations 4, Solve time = 280.745 ms
[mem] after-UEqn: DEVICE_POOL current=22752 MB  actual(reserved)=38146 MB  highWater=28040 MB
[GinkgoSolver] p-cache: reuse(update_matrix_value) solve=4 rebuildInterval=100
config(Cg+Schwarz(Multigrid)):  Solving for p, Initial residual = 0.012479261546771009, Final residual = 0.00012018878445226364, No Iterations 128, Solve time = 3953.985 ms
time step continuity errors : sum local = 3.089918209111277e-05, global = 1.4991694247072448e-06, cumulative = 4.625810619794432e-06
[mem] after-pEqn: DEVICE_POOL current=22752 MB  actual(reserved)=38146 MB  highWater=28040 MB
[GinkgoSolver] p-cache: reuse(update_matrix_value) solve=4 rebuildInterval=0
Schwarz(Jacobi)+Bicgstab:  Solving for omega, Initial residual = 0.0017242603311151637, Final residual = 4.8310732768131766e-05, No Iterations 2, Solve time = 75.786 ms
[GinkgoSolver] p-cache: reuse(update_matrix_value) solve=4 rebuildInterval=0
Schwarz(Jacobi)+Bicgstab:  Solving for k, Initial residual = 0.0046407915096061975, Final residual = 0.00039335868279948374, No Iterations 1, Solve time = 48.767 ms
[mem] after-turb: DEVICE_POOL current=22752 MB  actual(reserved)=38146 MB  highWater=28040 MB
ExecutionTime = 109.36 s  ClockTime = 109 s

Time = 5
[mem] step-start: DEVICE_POOL current=22752 MB  actual(reserved)=38146 MB  highWater=28040 MB
Schwarz(Jacobi)+Bicgstab:  Solving for Ux, Initial residual = 0.0004821777247260352, Final residual = 3.734730823305579e-05, No Iterations 4, Solve time = 271.961 ms
Schwarz(Jacobi)+Bicgstab:  Solving for Uy, Initial residual = 0.01852624626089932, Final residual = 0.001183433749192511, No Iterations 4, Solve time = 271.961 ms
Schwarz(Jacobi)+Bicgstab:  Solving for Uz, Initial residual = 0.008321356612963984, Final residual = 0.0008099149963382222, No Iterations 4, Solve time = 271.961 ms
[mem] after-UEqn: DEVICE_POOL current=22752 MB  actual(reserved)=38146 MB  highWater=28040 MB
[GinkgoSolver] p-cache: reuse(update_matrix_value) solve=5 rebuildInterval=100
config(Cg+Schwarz(Multigrid)):  Solving for p, Initial residual = 0.010582313112175275, Final residual = 0.00010222462418994703, No Iterations 124, Solve time = 3825.282 ms
time step continuity errors : sum local = 2.8995108275181077e-05, global = 1.9794418508313696e-06, cumulative = 6.605252470625801e-06
[mem] after-pEqn: DEVICE_POOL current=22752 MB  actual(reserved)=38146 MB  highWater=28040 MB
[GinkgoSolver] p-cache: reuse(update_matrix_value) solve=5 rebuildInterval=0
Schwarz(Jacobi)+Bicgstab:  Solving for omega, Initial residual = 0.0009944343176755122, Final residual = 9.813918292438806e-05, No Iterations 1, Solve time = 49.74 ms
[GinkgoSolver] p-cache: reuse(update_matrix_value) solve=5 rebuildInterval=0
Schwarz(Jacobi)+Bicgstab:  Solving for k, Initial residual = 0.002356480147666453, Final residual = 0.00022365003290605122, No Iterations 1, Solve time = 48.738 ms
[mem] after-turb: DEVICE_POOL current=22752 MB  actual(reserved)=38146 MB  highWater=28040 MB
ExecutionTime = 114.77 s  ClockTime = 115 s

Time = 6
[mem] step-start: DEVICE_POOL current=22752 MB  actual(reserved)=38146 MB  highWater=28040 MB
Schwarz(Jacobi)+Bicgstab:  Solving for Ux, Initial residual = 0.0004358338081433476, Final residual = 2.637844366581233e-05, No Iterations 5, Solve time = 341.596 ms
Schwarz(Jacobi)+Bicgstab:  Solving for Uy, Initial residual = 0.01796599547379339, Final residual = 0.0015763006321852847, No Iterations 5, Solve time = 341.596 ms
Schwarz(Jacobi)+Bicgstab:  Solving for Uz, Initial residual = 0.006736032490357287, Final residual = 0.0005122384348349066, No Iterations 5, Solve time = 341.596 ms
[mem] after-UEqn: DEVICE_POOL current=22752 MB  actual(reserved)=38146 MB  highWater=28040 MB
[GinkgoSolver] p-cache: reuse(update_matrix_value) solve=6 rebuildInterval=100
config(Cg+Schwarz(Multigrid)):  Solving for p, Initial residual = 0.011135578292220723, Final residual = 0.0001078036916427227, No Iterations 116, Solve time = 3592.435 ms
time step continuity errors : sum local = 2.9925802058315714e-05, global = -1.3949379801798732e-08, cumulative = 6.591303090824003e-06
[mem] after-pEqn: DEVICE_POOL current=22752 MB  actual(reserved)=38146 MB  highWater=28040 MB
[GinkgoSolver] p-cache: reuse(update_matrix_value) solve=6 rebuildInterval=0
Schwarz(Jacobi)+Bicgstab:  Solving for omega, Initial residual = 0.0006247349457032433, Final residual = 2.4309431519392105e-05, No Iterations 2, Solve time = 86.032 ms
[GinkgoSolver] p-cache: reuse(update_matrix_value) solve=6 rebuildInterval=0
Schwarz(Jacobi)+Bicgstab:  Solving for k, Initial residual = 0.001624258127188914, Final residual = 0.00015488594233606717, No Iterations 1, Solve time = 49.079 ms
[mem] after-turb: DEVICE_POOL current=22752 MB  actual(reserved)=38146 MB  highWater=28040 MB
ExecutionTime = 120.01 s  ClockTime = 120 s

Time = 7
[mem] step-start: DEVICE_POOL current=22752 MB  actual(reserved)=38146 MB  highWater=28040 MB
Schwarz(Jacobi)+Bicgstab:  Solving for Ux, Initial residual = 0.0003760130641266482, Final residual = 2.3410356749243605e-05, No Iterations 5, Solve time = 342.975 ms
Schwarz(Jacobi)+Bicgstab:  Solving for Uy, Initial residual = 0.015245110053267567, Final residual = 0.0011623933938583986, No Iterations 5, Solve time = 342.975 ms
Schwarz(Jacobi)+Bicgstab:  Solving for Uz, Initial residual = 0.005137843688250072, Final residual = 0.0002778215093522732, No Iterations 5, Solve time = 342.975 ms
[mem] after-UEqn: DEVICE_POOL current=22752 MB  actual(reserved)=38146 MB  highWater=28040 MB
[GinkgoSolver] p-cache: reuse(update_matrix_value) solve=7 rebuildInterval=100
config(Cg+Schwarz(Multigrid)):  Solving for p, Initial residual = 0.01209923729057644, Final residual = 0.00012017315720352131, No Iterations 110, Solve time = 3407.699 ms
time step continuity errors : sum local = 3.013115763031004e-05, global = -1.8049738803812211e-06, cumulative = 4.7863292104427815e-06
[mem] after-pEqn: DEVICE_POOL current=22752 MB  actual(reserved)=38146 MB  highWater=28040 MB
[GinkgoSolver] p-cache: reuse(update_matrix_value) solve=7 rebuildInterval=0
Schwarz(Jacobi)+Bicgstab:  Solving for omega, Initial residual = 0.0004898341118871938, Final residual = 1.522870033118543e-05, No Iterations 2, Solve time = 86.892 ms
bounding omega, min: -106.68619110085592 max: 45358188.08709168 average: 5415.536194697687
[GinkgoSolver] p-cache: reuse(update_matrix_value) solve=7 rebuildInterval=0
Schwarz(Jacobi)+Bicgstab:  Solving for k, Initial residual = 0.0011596700871231455, Final residual = 2.410818126159424e-05, No Iterations 3, Solve time = 95.738 ms
[mem] after-turb: DEVICE_POOL current=22752 MB  actual(reserved)=38146 MB  highWater=28040 MB
ExecutionTime = 125.15 s  ClockTime = 125 s

Time = 8
[mem] step-start: DEVICE_POOL current=22752 MB  actual(reserved)=38146 MB  highWater=28040 MB
Schwarz(Jacobi)+Bicgstab:  Solving for Ux, Initial residual = 0.00031648596864889723, Final residual = 2.493201064803183e-05, No Iterations 5, Solve time = 328.942 ms
Schwarz(Jacobi)+Bicgstab:  Solving for Uy, Initial residual = 0.011363266354636088, Final residual = 0.00028828538604006276, No Iterations 5, Solve time = 328.942 ms
Schwarz(Jacobi)+Bicgstab:  Solving for Uz, Initial residual = 0.003608513822001287, Final residual = 0.0001962896618762349, No Iterations 5, Solve time = 328.942 ms
[mem] after-UEqn: DEVICE_POOL current=22752 MB  actual(reserved)=38146 MB  highWater=28040 MB
[GinkgoSolver] p-cache: reuse(update_matrix_value) solve=8 rebuildInterval=100
config(Cg+Schwarz(Multigrid)):  Solving for p, Initial residual = 0.013062322142069012, Final residual = 0.0001257029163605607, No Iterations 102, Solve time = 3155.563 ms
time step continuity errors : sum local = 2.7320632258059245e-05, global = 1.1278200791784668e-06, cumulative = 5.914149289621248e-06
[mem] after-pEqn: DEVICE_POOL current=22752 MB  actual(reserved)=38146 MB  highWater=28040 MB
[GinkgoSolver] p-cache: reuse(update_matrix_value) solve=8 rebuildInterval=0
Schwarz(Jacobi)+Bicgstab:  Solving for omega, Initial residual = 0.0003596211051322775, Final residual = 1.2434226300363568e-05, No Iterations 2, Solve time = 86.077 ms
[GinkgoSolver] p-cache: reuse(update_matrix_value) solve=8 rebuildInterval=0
Schwarz(Jacobi)+Bicgstab:  Solving for k, Initial residual = 0.0008654458638488251, Final residual = 5.245898672713103e-05, No Iterations 2, Solve time = 70.963 ms
[mem] after-turb: DEVICE_POOL current=22752 MB  actual(reserved)=38146 MB  highWater=28040 MB
ExecutionTime = 130.03 s  ClockTime = 130 s

Time = 9
[mem] step-start: DEVICE_POOL current=22752 MB  actual(reserved)=38146 MB  highWater=28040 MB
Schwarz(Jacobi)+Bicgstab:  Solving for Ux, Initial residual = 0.0002731239897617432, Final residual = 7.28859849606116e-06, No Iterations 5, Solve time = 347.377 ms
Schwarz(Jacobi)+Bicgstab:  Solving for Uy, Initial residual = 0.009178585894863346, Final residual = 0.0004408721899342829, No Iterations 5, Solve time = 347.377 ms
Schwarz(Jacobi)+Bicgstab:  Solving for Uz, Initial residual = 0.0026265019935951613, Final residual = 0.00015397793965583035, No Iterations 5, Solve time = 347.377 ms
[mem] after-UEqn: DEVICE_POOL current=22752 MB  actual(reserved)=38146 MB  highWater=28040 MB
[GinkgoSolver] p-cache: reuse(update_matrix_value) solve=9 rebuildInterval=100
config(Cg+Schwarz(Multigrid)):  Solving for p, Initial residual = 0.01374927511985251, Final residual = 0.00013721328269505648, No Iterations 104, Solve time = 3219.961 ms
time step continuity errors : sum local = 2.594776023333443e-05, global = 2.226938358985935e-06, cumulative = 8.141087648607184e-06
[mem] after-pEqn: DEVICE_POOL current=22752 MB  actual(reserved)=38146 MB  highWater=28040 MB
[GinkgoSolver] p-cache: reuse(update_matrix_value) solve=9 rebuildInterval=0
Schwarz(Jacobi)+Bicgstab:  Solving for omega, Initial residual = 0.00027805389203853717, Final residual = 1.0631785127069124e-05, No Iterations 2, Solve time = 83.014 ms
[GinkgoSolver] p-cache: reuse(update_matrix_value) solve=9 rebuildInterval=0
Schwarz(Jacobi)+Bicgstab:  Solving for k, Initial residual = 0.0006654557615436666, Final residual = 3.8858369563802866e-05, No Iterations 2, Solve time = 73.181 ms
[mem] after-turb: DEVICE_POOL current=22752 MB  actual(reserved)=38146 MB  highWater=28040 MB
ExecutionTime = 134.95 s  ClockTime = 135 s

Time = 10
[mem] step-start: DEVICE_POOL current=22752 MB  actual(reserved)=38146 MB  highWater=28040 MB
Schwarz(Jacobi)+Bicgstab:  Solving for Ux, Initial residual = 0.0002508590855722437, Final residual = 3.2002616610687607e-06, No Iterations 6, Solve time = 393.689 ms
Schwarz(Jacobi)+Bicgstab:  Solving for Uy, Initial residual = 0.010085184158057457, Final residual = 0.0004057089661260415, No Iterations 6, Solve time = 393.689 ms
Schwarz(Jacobi)+Bicgstab:  Solving for Uz, Initial residual = 0.002496760994397087, Final residual = 4.1628139989277645e-05, No Iterations 6, Solve time = 393.689 ms
[mem] after-UEqn: DEVICE_POOL current=22752 MB  actual(reserved)=38146 MB  highWater=28040 MB
[GinkgoSolver] p-cache: reuse(update_matrix_value) solve=10 rebuildInterval=100
config(Cg+Schwarz(Multigrid)):  Solving for p, Initial residual = 0.013962232727527613, Final residual = 0.0001384634440210195, No Iterations 123, Solve time = 3797.469 ms
time step continuity errors : sum local = 2.3886942099376546e-05, global = -2.586061338748914e-06, cumulative = 5.5550263098582695e-06
[mem] after-pEqn: DEVICE_POOL current=22752 MB  actual(reserved)=38146 MB  highWater=28040 MB
[GinkgoSolver] p-cache: reuse(update_matrix_value) solve=10 rebuildInterval=0
Schwarz(Jacobi)+Bicgstab:  Solving for omega, Initial residual = 0.0002245609472642882, Final residual = 9.223357690921015e-06, No Iterations 2, Solve time = 86.173 ms
[GinkgoSolver] p-cache: reuse(update_matrix_value) solve=10 rebuildInterval=0
Schwarz(Jacobi)+Bicgstab:  Solving for k, Initial residual = 0.0005268231382804307, Final residual = 3.2762264613450105e-05, No Iterations 2, Solve time = 71.056 ms
[mem] after-turb: DEVICE_POOL current=22752 MB  actual(reserved)=38146 MB  highWater=28040 MB
ExecutionTime = 140.52 s  ClockTime = 141 s

Time = 11
[mem] step-start: DEVICE_POOL current=22752 MB  actual(reserved)=38146 MB  highWater=28040 MB
Schwarz(Jacobi)+Bicgstab:  Solving for Ux, Initial residual = 0.0002404458741605805, Final residual = 1.0910602792049087e-05, No Iterations 5, Solve time = 332.172 ms
Schwarz(Jacobi)+Bicgstab:  Solving for Uy, Initial residual = 0.01109117969421825, Final residual = 0.0003231952210178421, No Iterations 5, Solve time = 332.172 ms
Schwarz(Jacobi)+Bicgstab:  Solving for Uz, Initial residual = 0.0025492895874643555, Final residual = 7.275672741566639e-05, No Iterations 5, Solve time = 332.172 ms
[mem] after-UEqn: DEVICE_POOL current=22752 MB  actual(reserved)=38146 MB  highWater=28040 MB
[GinkgoSolver] p-cache: reuse(update_matrix_value) solve=11 rebuildInterval=100
config(Cg+Schwarz(Multigrid)):  Solving for p, Initial residual = 0.013536519920548782, Final residual = 0.0001306865289089645, No Iterations 121, Solve time = 3743.966 ms
time step continuity errors : sum local = 2.3146117666012244e-05, global = -2.053894794056315e-06, cumulative = 3.5011315158019546e-06
[mem] after-pEqn: DEVICE_POOL current=22752 MB  actual(reserved)=38146 MB  highWater=28040 MB
[GinkgoSolver] p-cache: reuse(update_matrix_value) solve=11 rebuildInterval=0
Schwarz(Jacobi)+Bicgstab:  Solving for omega, Initial residual = 0.00018509987256034354, Final residual = 8.09821587788505e-06, No Iterations 2, Solve time = 85.245 ms
[GinkgoSolver] p-cache: reuse(update_matrix_value) solve=11 rebuildInterval=0
Schwarz(Jacobi)+Bicgstab:  Solving for k, Initial residual = 0.0004395118486244994, Final residual = 2.829119224267916e-05, No Iterations 2, Solve time = 71.096 ms
[mem] after-turb: DEVICE_POOL current=22752 MB  actual(reserved)=38146 MB  highWater=28040 MB
ExecutionTime = 145.98 s  ClockTime = 146 s

Time = 12
[mem] step-start: DEVICE_POOL current=22752 MB  actual(reserved)=38146 MB  highWater=28040 MB
Schwarz(Jacobi)+Bicgstab:  Solving for Ux, Initial residual = 0.0002289235488382057, Final residual = 1.4724375028541206e-05, No Iterations 4, Solve time = 278.727 ms
Schwarz(Jacobi)+Bicgstab:  Solving for Uy, Initial residual = 0.011043390081993867, Final residual = 0.0008012694164306694, No Iterations 4, Solve time = 278.727 ms
Schwarz(Jacobi)+Bicgstab:  Solving for Uz, Initial residual = 0.002479533049812124, Final residual = 0.00012092607439094318, No Iterations 4, Solve time = 278.727 ms
[mem] after-UEqn: DEVICE_POOL current=22752 MB  actual(reserved)=38146 MB  highWater=28040 MB
[GinkgoSolver] p-cache: reuse(update_matrix_value) solve=12 rebuildInterval=100
config(Cg+Schwarz(Multigrid)):  Solving for p, Initial residual = 0.012326079510725257, Final residual = 0.00011535166891237119, No Iterations 112, Solve time = 3465.793 ms
time step continuity errors : sum local = 2.2632127377937916e-05, global = 4.5803148695873507e-07, cumulative = 3.959163002760689e-06
[mem] after-pEqn: DEVICE_POOL current=22752 MB  actual(reserved)=38146 MB  highWater=28040 MB
[GinkgoSolver] p-cache: reuse(update_matrix_value) solve=12 rebuildInterval=0
Schwarz(Jacobi)+Bicgstab:  Solving for omega, Initial residual = 0.00015606237308597715, Final residual = 7.140650738944158e-06, No Iterations 2, Solve time = 86.49 ms
[GinkgoSolver] p-cache: reuse(update_matrix_value) solve=12 rebuildInterval=0
Schwarz(Jacobi)+Bicgstab:  Solving for k, Initial residual = 0.0003876188049089426, Final residual = 2.5736386228254557e-05, No Iterations 2, Solve time = 71.634 ms
[mem] after-turb: DEVICE_POOL current=22752 MB  actual(reserved)=38146 MB  highWater=28040 MB
ExecutionTime = 151.1 s  ClockTime = 151 s

Time = 13
[mem] step-start: DEVICE_POOL current=22752 MB  actual(reserved)=38146 MB  highWater=28040 MB
Schwarz(Jacobi)+Bicgstab:  Solving for Ux, Initial residual = 0.00021606354373715012, Final residual = 9.425558808364123e-06, No Iterations 4, Solve time = 276.455 ms
Schwarz(Jacobi)+Bicgstab:  Solving for Uy, Initial residual = 0.010263876540947688, Final residual = 0.0005813905260367789, No Iterations 4, Solve time = 276.455 ms
Schwarz(Jacobi)+Bicgstab:  Solving for Uz, Initial residual = 0.002292339540004666, Final residual = 0.00010854637902708676, No Iterations 4, Solve time = 276.455 ms
[mem] after-UEqn: DEVICE_POOL current=22752 MB  actual(reserved)=38146 MB  highWater=28040 MB
[GinkgoSolver] p-cache: reuse(update_matrix_value) solve=13 rebuildInterval=100
config(Cg+Schwarz(Multigrid)):  Solving for p, Initial residual = 0.01070261055259567, Final residual = 0.00010045258043925961, No Iterations 109, Solve time = 3371.774 ms
time step continuity errors : sum local = 2.2320375348344548e-05, global = 1.5059437548383159e-06, cumulative = 5.465106757599005e-06
[mem] after-pEqn: DEVICE_POOL current=22752 MB  actual(reserved)=38146 MB  highWater=28040 MB
[GinkgoSolver] p-cache: reuse(update_matrix_value) solve=13 rebuildInterval=0
Schwarz(Jacobi)+Bicgstab:  Solving for omega, Initial residual = 0.00013495761411508818, Final residual = 6.422292066520354e-06, No Iterations 2, Solve time = 86.082 ms
[GinkgoSolver] p-cache: reuse(update_matrix_value) solve=13 rebuildInterval=0
Schwarz(Jacobi)+Bicgstab:  Solving for k, Initial residual = 0.0003677331968676005, Final residual = 2.589887654830495e-05, No Iterations 2, Solve time = 72.322 ms
[mem] after-turb: DEVICE_POOL current=22752 MB  actual(reserved)=38146 MB  highWater=28040 MB
ExecutionTime = 156.12 s  ClockTime = 156 s

Time = 14
[mem] step-start: DEVICE_POOL current=22752 MB  actual(reserved)=38146 MB  highWater=28040 MB
Schwarz(Jacobi)+Bicgstab:  Solving for Ux, Initial residual = 0.0002055695084575674, Final residual = 1.305827938935678e-05, No Iterations 4, Solve time = 265.709 ms
Schwarz(Jacobi)+Bicgstab:  Solving for Uy, Initial residual = 0.009265811002152274, Final residual = 0.0012298933379236085, No Iterations 4, Solve time = 265.709 ms
Schwarz(Jacobi)+Bicgstab:  Solving for Uz, Initial residual = 0.0020886679980450353, Final residual = 0.0002294583939266057, No Iterations 4, Solve time = 265.709 ms
[mem] after-UEqn: DEVICE_POOL current=22752 MB  actual(reserved)=38146 MB  highWater=28040 MB
[GinkgoSolver] p-cache: reuse(update_matrix_value) solve=14 rebuildInterval=100
config(Cg+Schwarz(Multigrid)):  Solving for p, Initial residual = 0.009214833381609328, Final residual = 9.162262346435631e-05, No Iterations 95, Solve time = 2944.782 ms
time step continuity errors : sum local = 2.2847854151900085e-05, global = 7.178847824267212e-07, cumulative = 6.182991540025726e-06
[mem] after-pEqn: DEVICE_POOL current=22752 MB  actual(reserved)=38146 MB  highWater=28040 MB
[GinkgoSolver] p-cache: reuse(update_matrix_value) solve=14 rebuildInterval=0
Schwarz(Jacobi)+Bicgstab:  Solving for omega, Initial residual = 0.00012045384593878456, Final residual = 5.8759898554586254e-06, No Iterations 2, Solve time = 81.761 ms
[GinkgoSolver] p-cache: reuse(update_matrix_value) solve=14 rebuildInterval=0
Schwarz(Jacobi)+Bicgstab:  Solving for k, Initial residual = 0.00036022309587044245, Final residual = 2.9131843844324623e-05, No Iterations 2, Solve time = 72.32 ms
[mem] after-turb: DEVICE_POOL current=22752 MB  actual(reserved)=38146 MB  highWater=28040 MB
ExecutionTime = 160.71 s  ClockTime = 161 s

Time = 15
[mem] step-start: DEVICE_POOL current=22752 MB  actual(reserved)=38146 MB  highWater=28040 MB
Schwarz(Jacobi)+Bicgstab:  Solving for Ux, Initial residual = 0.00019765006183600879, Final residual = 1.5230684307617014e-05, No Iterations 4, Solve time = 295.731 ms
Schwarz(Jacobi)+Bicgstab:  Solving for Uy, Initial residual = 0.008531901894359038, Final residual = 0.0005001363205987367, No Iterations 4, Solve time = 295.731 ms
Schwarz(Jacobi)+Bicgstab:  Solving for Uz, Initial residual = 0.0019397105590511121, Final residual = 0.00010396859071871696, No Iterations 4, Solve time = 295.731 ms
[mem] after-UEqn: DEVICE_POOL current=22752 MB  actual(reserved)=38146 MB  highWater=28040 MB
[GinkgoSolver] p-cache: reuse(update_matrix_value) solve=15 rebuildInterval=100
config(Cg+Schwarz(Multigrid)):  Solving for p, Initial residual = 0.00822071250412693, Final residual = 8.08750289332511e-05, No Iterations 82, Solve time = 2551.847 ms
time step continuity errors : sum local = 2.188470764583076e-05, global = -7.820942987867577e-07, cumulative = 5.400897241238968e-06
[mem] after-pEqn: DEVICE_POOL current=22752 MB  actual(reserved)=38146 MB  highWater=28040 MB
[GinkgoSolver] p-cache: reuse(update_matrix_value) solve=15 rebuildInterval=0
Schwarz(Jacobi)+Bicgstab:  Solving for omega, Initial residual = 0.00010975199759843241, Final residual = 5.422614037883218e-06, No Iterations 2, Solve time = 84.794 ms
[GinkgoSolver] p-cache: reuse(update_matrix_value) solve=15 rebuildInterval=0
Schwarz(Jacobi)+Bicgstab:  Solving for k, Initial residual = 0.00035465674340553636, Final residual = 9.503683991102818e-06, No Iterations 3, Solve time = 96.735 ms
[mem] after-turb: DEVICE_POOL current=22752 MB  actual(reserved)=38146 MB  highWater=28040 MB
ExecutionTime = 164.95 s  ClockTime = 165 s

Time = 16
[mem] step-start: DEVICE_POOL current=22752 MB  actual(reserved)=38146 MB  highWater=28040 MB
Schwarz(Jacobi)+Bicgstab:  Solving for Ux, Initial residual = 0.00019012289075962278, Final residual = 7.852909757527982e-06, No Iterations 4, Solve time = 275.921 ms
Schwarz(Jacobi)+Bicgstab:  Solving for Uy, Initial residual = 0.008133047729634697, Final residual = 0.00041926352206021067, No Iterations 4, Solve time = 275.921 ms
Schwarz(Jacobi)+Bicgstab:  Solving for Uz, Initial residual = 0.001882261456372562, Final residual = 0.00011454273402781951, No Iterations 4, Solve time = 275.921 ms
[mem] after-UEqn: DEVICE_POOL current=22752 MB  actual(reserved)=38146 MB  highWater=28040 MB
[GinkgoSolver] p-cache: reuse(update_matrix_value) solve=16 rebuildInterval=100
config(Cg+Schwarz(Multigrid)):  Solving for p, Initial residual = 0.007644305673547202, Final residual = 7.590759296530178e-05, No Iterations 72, Solve time = 2247.121 ms
time step continuity errors : sum local = 2.161191190627089e-05, global = -1.0466662363399389e-06, cumulative = 4.35423100489903e-06
[mem] after-pEqn: DEVICE_POOL current=22752 MB  actual(reserved)=38146 MB  highWater=28040 MB
[GinkgoSolver] p-cache: reuse(update_matrix_value) solve=16 rebuildInterval=0
Schwarz(Jacobi)+Bicgstab:  Solving for omega, Initial residual = 0.00010124491426668613, Final residual = 5.116348090176351e-06, No Iterations 2, Solve time = 85.521 ms
[GinkgoSolver] p-cache: reuse(update_matrix_value) solve=16 rebuildInterval=0
Schwarz(Jacobi)+Bicgstab:  Solving for k, Initial residual = 0.00035198038047971794, Final residual = 2.7352880979942e-05, No Iterations 2, Solve time = 73.168 ms
[mem] after-turb: DEVICE_POOL current=22752 MB  actual(reserved)=38146 MB  highWater=28040 MB
ExecutionTime = 168.86 s  ClockTime = 169 s

Time = 17
[mem] step-start: DEVICE_POOL current=22752 MB  actual(reserved)=38146 MB  highWater=28040 MB
Schwarz(Jacobi)+Bicgstab:  Solving for Ux, Initial residual = 0.0001834159847647638, Final residual = 6.821859713652643e-06, No Iterations 4, Solve time = 274.985 ms
Schwarz(Jacobi)+Bicgstab:  Solving for Uy, Initial residual = 0.007884549689151485, Final residual = 0.0006238844370549573, No Iterations 4, Solve time = 274.985 ms
Schwarz(Jacobi)+Bicgstab:  Solving for Uz, Initial residual = 0.0018148518343234427, Final residual = 9.145652573331096e-05, No Iterations 4, Solve time = 274.985 ms
[mem] after-UEqn: DEVICE_POOL current=22752 MB  actual(reserved)=38146 MB  highWater=28040 MB
[GinkgoSolver] p-cache: reuse(update_matrix_value) solve=17 rebuildInterval=100
config(Cg+Schwarz(Multigrid)):  Solving for p, Initial residual = 0.007254222998553607, Final residual = 7.030469157302087e-05, No Iterations 71, Solve time = 2213.043 ms
time step continuity errors : sum local = 2.066697716540456e-05, global = -7.712652655869071e-07, cumulative = 3.5829657393121225e-06
[mem] after-pEqn: DEVICE_POOL current=22752 MB  actual(reserved)=38146 MB  highWater=28040 MB
[GinkgoSolver] p-cache: reuse(update_matrix_value) solve=17 rebuildInterval=0
Schwarz(Jacobi)+Bicgstab:  Solving for omega, Initial residual = 9.428413316435395e-05, Final residual = 4.8035617959697075e-06, No Iterations 2, Solve time = 86.131 ms
[GinkgoSolver] p-cache: reuse(update_matrix_value) solve=17 rebuildInterval=0
Schwarz(Jacobi)+Bicgstab:  Solving for k, Initial residual = 0.00035014044066044594, Final residual = 8.384240263907698e-06, No Iterations 3, Solve time = 94.754 ms
[mem] after-turb: DEVICE_POOL current=22752 MB  actual(reserved)=38146 MB  highWater=28040 MB
ExecutionTime = 172.75 s  ClockTime = 173 s

Time = 18
[mem] step-start: DEVICE_POOL current=22752 MB  actual(reserved)=38146 MB  highWater=28040 MB
Schwarz(Jacobi)+Bicgstab:  Solving for Ux, Initial residual = 0.00017566241646145323, Final residual = 6.613327038558678e-06, No Iterations 4, Solve time = 276.413 ms
Schwarz(Jacobi)+Bicgstab:  Solving for Uy, Initial residual = 0.007606266721418155, Final residual = 0.00032132952274915643, No Iterations 4, Solve time = 276.413 ms
Schwarz(Jacobi)+Bicgstab:  Solving for Uz, Initial residual = 0.0017446560625619318, Final residual = 7.202657577979223e-05, No Iterations 4, Solve time = 276.413 ms
[mem] after-UEqn: DEVICE_POOL current=22752 MB  actual(reserved)=38146 MB  highWater=28040 MB
[GinkgoSolver] p-cache: reuse(update_matrix_value) solve=18 rebuildInterval=100
config(Cg+Schwarz(Multigrid)):  Solving for p, Initial residual = 0.006975391628152032, Final residual = 6.855337220692928e-05, No Iterations 74, Solve time = 2298.168 ms
time step continuity errors : sum local = 2.0561806257593023e-05, global = 3.0736036006145886e-07, cumulative = 3.890326099373581e-06
[mem] after-pEqn: DEVICE_POOL current=22752 MB  actual(reserved)=38146 MB  highWater=28040 MB
[GinkgoSolver] p-cache: reuse(update_matrix_value) solve=18 rebuildInterval=0
Schwarz(Jacobi)+Bicgstab:  Solving for omega, Initial residual = 8.817288016311783e-05, Final residual = 4.597001407620889e-06, No Iterations 2, Solve time = 86.107 ms
[GinkgoSolver] p-cache: reuse(update_matrix_value) solve=18 rebuildInterval=0
Schwarz(Jacobi)+Bicgstab:  Solving for k, Initial residual = 0.0003501578228429804, Final residual = 3.188878983158936e-05, No Iterations 2, Solve time = 72.444 ms
[mem] after-turb: DEVICE_POOL current=22752 MB  actual(reserved)=38146 MB  highWater=28040 MB
ExecutionTime = 176.69 s  ClockTime = 177 s

Time = 19
[mem] step-start: DEVICE_POOL current=22752 MB  actual(reserved)=38146 MB  highWater=28040 MB
Schwarz(Jacobi)+Bicgstab:  Solving for Ux, Initial residual = 0.0001682071769203249, Final residual = 1.3302829693636763e-05, No Iterations 3, Solve time = 227.159 ms
Schwarz(Jacobi)+Bicgstab:  Solving for Uy, Initial residual = 0.007378440114193463, Final residual = 0.0006446937130685401, No Iterations 3, Solve time = 227.159 ms
Schwarz(Jacobi)+Bicgstab:  Solving for Uz, Initial residual = 0.0017026381121920788, Final residual = 0.00016144535615336128, No Iterations 3, Solve time = 227.159 ms
[mem] after-UEqn: DEVICE_POOL current=22752 MB  actual(reserved)=38146 MB  highWater=28040 MB
[GinkgoSolver] p-cache: reuse(update_matrix_value) solve=19 rebuildInterval=100
config(Cg+Schwarz(Multigrid)):  Solving for p, Initial residual = 0.006729363264931304, Final residual = 6.618955197515006e-05, No Iterations 74, Solve time = 2306.246 ms
time step continuity errors : sum local = 2.0152582509867798e-05, global = 1.2185836769141401e-06, cumulative = 5.108909776287721e-06
[mem] after-pEqn: DEVICE_POOL current=22752 MB  actual(reserved)=38146 MB  highWater=28040 MB
[GinkgoSolver] p-cache: reuse(update_matrix_value) solve=19 rebuildInterval=0
Schwarz(Jacobi)+Bicgstab:  Solving for omega, Initial residual = 8.315191948333175e-05, Final residual = 4.396855425301969e-06, No Iterations 2, Solve time = 75.901 ms
[GinkgoSolver] p-cache: reuse(update_matrix_value) solve=19 rebuildInterval=0
Schwarz(Jacobi)+Bicgstab:  Solving for k, Initial residual = 0.000350349440223525, Final residual = 8.611782690395976e-06, No Iterations 3, Solve time = 93.009 ms
[mem] after-turb: DEVICE_POOL current=22752 MB  actual(reserved)=38146 MB  highWater=28040 MB
ExecutionTime = 180.64 s  ClockTime = 181 s

Time = 20
[mem] step-start: DEVICE_POOL current=22752 MB  actual(reserved)=38146 MB  highWater=28040 MB
Schwarz(Jacobi)+Bicgstab:  Solving for Ux, Initial residual = 0.00016265621448251623, Final residual = 6.661047469004596e-06, No Iterations 4, Solve time = 273.021 ms
Schwarz(Jacobi)+Bicgstab:  Solving for Uy, Initial residual = 0.007281433715318037, Final residual = 0.000418008575706072, No Iterations 4, Solve time = 273.021 ms
Schwarz(Jacobi)+Bicgstab:  Solving for Uz, Initial residual = 0.0017018316637548772, Final residual = 0.00019170400962449955, No Iterations 4, Solve time = 273.021 ms
[mem] after-UEqn: DEVICE_POOL current=22752 MB  actual(reserved)=38146 MB  highWater=28040 MB
[GinkgoSolver] p-cache: reuse(update_matrix_value) solve=20 rebuildInterval=100
config(Cg+Schwarz(Multigrid)):  Solving for p, Initial residual = 0.0065106535692776996, Final residual = 6.418238179690405e-05, No Iterations 73, Solve time = 2274.917 ms
time step continuity errors : sum local = 1.9767698267886707e-05, global = 1.643651948123521e-06, cumulative = 6.752561724411242e-06
[mem] after-pEqn: DEVICE_POOL current=22752 MB  actual(reserved)=38146 MB  highWater=28040 MB
[GinkgoSolver] p-cache: reuse(update_matrix_value) solve=20 rebuildInterval=0
Schwarz(Jacobi)+Bicgstab:  Solving for omega, Initial residual = 7.805344679613348e-05, Final residual = 4.196960377261549e-06, No Iterations 2, Solve time = 87.282 ms
[GinkgoSolver] p-cache: reuse(update_matrix_value) solve=20 rebuildInterval=0
Schwarz(Jacobi)+Bicgstab:  Solving for k, Initial residual = 0.00035058950064076767, Final residual = 8.270586146139608e-06, No Iterations 3, Solve time = 96.256 ms
[mem] after-turb: DEVICE_POOL current=22752 MB  actual(reserved)=38146 MB  highWater=28040 MB
ExecutionTime = 184.57 s  ClockTime = 185 s

Time = 21
[mem] step-start: DEVICE_POOL current=22752 MB  actual(reserved)=38146 MB  highWater=28040 MB
Schwarz(Jacobi)+Bicgstab:  Solving for Ux, Initial residual = 0.00015840337373509503, Final residual = 1.6371595766410414e-05, No Iterations 4, Solve time = 285.332 ms
Schwarz(Jacobi)+Bicgstab:  Solving for Uy, Initial residual = 0.007255303072615375, Final residual = 0.0003091230859959907, No Iterations 4, Solve time = 285.332 ms
Schwarz(Jacobi)+Bicgstab:  Solving for Uz, Initial residual = 0.0017245284775854754, Final residual = 7.843046185947609e-05, No Iterations 4, Solve time = 285.332 ms
[mem] after-UEqn: DEVICE_POOL current=22752 MB  actual(reserved)=38146 MB  highWater=28040 MB
[GinkgoSolver] p-cache: reuse(update_matrix_value) solve=21 rebuildInterval=100
config(Cg+Schwarz(Multigrid)):  Solving for p, Initial residual = 0.006308783692406433, Final residual = 6.240183068582513e-05, No Iterations 70, Solve time = 2180.972 ms
time step continuity errors : sum local = 1.9418755672874447e-05, global = 1.6154131445373732e-06, cumulative = 8.367974868948616e-06
[mem] after-pEqn: DEVICE_POOL current=22752 MB  actual(reserved)=38146 MB  highWater=28040 MB
[GinkgoSolver] p-cache: reuse(update_matrix_value) solve=21 rebuildInterval=0
Schwarz(Jacobi)+Bicgstab:  Solving for omega, Initial residual = 7.358489232261779e-05, Final residual = 4.011530920968592e-06, No Iterations 2, Solve time = 85.69 ms
[GinkgoSolver] p-cache: reuse(update_matrix_value) solve=21 rebuildInterval=0
Schwarz(Jacobi)+Bicgstab:  Solving for k, Initial residual = 0.00035133608868616827, Final residual = 8.367746910327044e-06, No Iterations 3, Solve time = 94.961 ms
[mem] after-turb: DEVICE_POOL current=22752 MB  actual(reserved)=38146 MB  highWater=28040 MB
ExecutionTime = 188.44 s  ClockTime = 189 s

Time = 22
[mem] step-start: DEVICE_POOL current=22752 MB  actual(reserved)=38146 MB  highWater=28040 MB
Schwarz(Jacobi)+Bicgstab:  Solving for Ux, Initial residual = 0.00015589728626137696, Final residual = 1.5195533430677088e-05, No Iterations 3, Solve time = 221.362 ms
Schwarz(Jacobi)+Bicgstab:  Solving for Uy, Initial residual = 0.00720661726921048, Final residual = 0.0006078199128939582, No Iterations 3, Solve time = 221.362 ms
Schwarz(Jacobi)+Bicgstab:  Solving for Uz, Initial residual = 0.001745220528230749, Final residual = 0.00015190112997331027, No Iterations 3, Solve time = 221.362 ms
[mem] after-UEqn: DEVICE_POOL current=22752 MB  actual(reserved)=38146 MB  highWater=28040 MB
[GinkgoSolver] p-cache: reuse(update_matrix_value) solve=22 rebuildInterval=100
config(Cg+Schwarz(Multigrid)):  Solving for p, Initial residual = 0.006131244988942364, Final residual = 6.0789887801819924e-05, No Iterations 65, Solve time = 2033.771 ms
time step continuity errors : sum local = 1.9108914180362938e-05, global = 1.2985620661607863e-06, cumulative = 9.666536935109403e-06
[mem] after-pEqn: DEVICE_POOL current=22752 MB  actual(reserved)=38146 MB  highWater=28040 MB
[GinkgoSolver] p-cache: reuse(update_matrix_value) solve=22 rebuildInterval=0
Schwarz(Jacobi)+Bicgstab:  Solving for omega, Initial residual = 6.97035389555823e-05, Final residual = 3.864446856993315e-06, No Iterations 2, Solve time = 76.139 ms
[GinkgoSolver] p-cache: reuse(update_matrix_value) solve=22 rebuildInterval=0
Schwarz(Jacobi)+Bicgstab:  Solving for k, Initial residual = 0.00035392733120484944, Final residual = 8.560923571742956e-06, No Iterations 3, Solve time = 94.435 ms
[mem] after-turb: DEVICE_POOL current=22752 MB  actual(reserved)=38146 MB  highWater=28040 MB
ExecutionTime = 192.11 s  ClockTime = 192 s

Time = 23
[mem] step-start: DEVICE_POOL current=22752 MB  actual(reserved)=38146 MB  highWater=28040 MB
Schwarz(Jacobi)+Bicgstab:  Solving for Ux, Initial residual = 0.00015383996207249092, Final residual = 1.4997821643227525e-05, No Iterations 3, Solve time = 230.601 ms
Schwarz(Jacobi)+Bicgstab:  Solving for Uy, Initial residual = 0.0071070428152778635, Final residual = 0.0005663563584087932, No Iterations 3, Solve time = 230.601 ms
Schwarz(Jacobi)+Bicgstab:  Solving for Uz, Initial residual = 0.0017578945725479883, Final residual = 0.00014482135916957036, No Iterations 3, Solve time = 230.601 ms
[mem] after-UEqn: DEVICE_POOL current=22752 MB  actual(reserved)=38146 MB  highWater=28040 MB
[GinkgoSolver] p-cache: reuse(update_matrix_value) solve=23 rebuildInterval=100
config(Cg+Schwarz(Multigrid)):  Solving for p, Initial residual = 0.005997606352417703, Final residual = 5.925936471491587e-05, No Iterations 37, Solve time = 1173.788 ms
time step continuity errors : sum local = 1.8775932747042668e-05, global = 8.66485909022594e-07, cumulative = 1.0533022844131997e-05
[mem] after-pEqn: DEVICE_POOL current=22752 MB  actual(reserved)=38146 MB  highWater=28040 MB
[GinkgoSolver] p-cache: reuse(update_matrix_value) solve=23 rebuildInterval=0
Schwarz(Jacobi)+Bicgstab:  Solving for omega, Initial residual = 6.622160530681325e-05, Final residual = 3.7323705041144013e-06, No Iterations 2, Solve time = 75.884 ms
[GinkgoSolver] p-cache: reuse(update_matrix_value) solve=23 rebuildInterval=0
Schwarz(Jacobi)+Bicgstab:  Solving for k, Initial residual = 0.0003569016415140067, Final residual = 8.759310126423128e-06, No Iterations 3, Solve time = 93.747 ms
[mem] after-turb: DEVICE_POOL current=22752 MB  actual(reserved)=38146 MB  highWater=28040 MB
ExecutionTime = 194.9 s  ClockTime = 195 s

Time = 24
[mem] step-start: DEVICE_POOL current=22752 MB  actual(reserved)=38146 MB  highWater=28040 MB
Schwarz(Jacobi)+Bicgstab:  Solving for Ux, Initial residual = 0.00015238447262175912, Final residual = 1.0810473468161392e-05, No Iterations 3, Solve time = 228.452 ms
Schwarz(Jacobi)+Bicgstab:  Solving for Uy, Initial residual = 0.0069504565284083004, Final residual = 0.0005335010193189432, No Iterations 3, Solve time = 228.452 ms
Schwarz(Jacobi)+Bicgstab:  Solving for Uz, Initial residual = 0.0017545044130000645, Final residual = 0.00013932237462490273, No Iterations 3, Solve time = 228.452 ms
[mem] after-UEqn: DEVICE_POOL current=22752 MB  actual(reserved)=38146 MB  highWater=28040 MB
[GinkgoSolver] p-cache: reuse(update_matrix_value) solve=24 rebuildInterval=100
config(Cg+Schwarz(Multigrid)):  Solving for p, Initial residual = 0.0059451269745445755, Final residual = 5.850738212556939e-05, No Iterations 37, Solve time = 1177.86 ms
time step continuity errors : sum local = 1.845982884981064e-05, global = 9.475702752457863e-07, cumulative = 1.1480593119377783e-05
[mem] after-pEqn: DEVICE_POOL current=22752 MB  actual(reserved)=38146 MB  highWater=28040 MB
[GinkgoSolver] p-cache: reuse(update_matrix_value) solve=24 rebuildInterval=0
Schwarz(Jacobi)+Bicgstab:  Solving for omega, Initial residual = 6.299682946993506e-05, Final residual = 3.5829735925918827e-06, No Iterations 2, Solve time = 86.723 ms
[GinkgoSolver] p-cache: reuse(update_matrix_value) solve=24 rebuildInterval=0
Schwarz(Jacobi)+Bicgstab:  Solving for k, Initial residual = 0.0003599716237408138, Final residual = 8.856523285886293e-06, No Iterations 3, Solve time = 96.24 ms
[mem] after-turb: DEVICE_POOL current=22752 MB  actual(reserved)=38146 MB  highWater=28040 MB
ExecutionTime = 197.72 s  ClockTime = 198 s

Time = 25
[mem] step-start: DEVICE_POOL current=22752 MB  actual(reserved)=38146 MB  highWater=28040 MB
Schwarz(Jacobi)+Bicgstab:  Solving for Ux, Initial residual = 0.0001495627187692927, Final residual = 9.266427465402341e-06, No Iterations 3, Solve time = 219.544 ms
Schwarz(Jacobi)+Bicgstab:  Solving for Uy, Initial residual = 0.006777020756209789, Final residual = 0.0005036993595274582, No Iterations 3, Solve time = 219.544 ms
Schwarz(Jacobi)+Bicgstab:  Solving for Uz, Initial residual = 0.0017476930285776741, Final residual = 0.000137142433682862, No Iterations 3, Solve time = 219.544 ms
[mem] after-UEqn: DEVICE_POOL current=22752 MB  actual(reserved)=38146 MB  highWater=28040 MB
[GinkgoSolver] p-cache: reuse(update_matrix_value) solve=25 rebuildInterval=100
config(Cg+Schwarz(Multigrid)):  Solving for p, Initial residual = 0.005875990569564027, Final residual = 5.579682261776602e-05, No Iterations 40, Solve time = 1262.636 ms
time step continuity errors : sum local = 1.7570654956761517e-05, global = 1.1266008776313428e-06, cumulative = 1.2607193997009127e-05
[mem] after-pEqn: DEVICE_POOL current=22752 MB  actual(reserved)=38146 MB  highWater=28040 MB
[GinkgoSolver] p-cache: reuse(update_matrix_value) solve=25 rebuildInterval=0
Schwarz(Jacobi)+Bicgstab:  Solving for omega, Initial residual = 6.0155978034692096e-05, Final residual = 3.4440097056936373e-06, No Iterations 2, Solve time = 76.555 ms
[GinkgoSolver] p-cache: reuse(update_matrix_value) solve=25 rebuildInterval=0
Schwarz(Jacobi)+Bicgstab:  Solving for k, Initial residual = 0.0003633287154089492, Final residual = 9.016669371709365e-06, No Iterations 3, Solve time = 95.953 ms
[mem] after-turb: DEVICE_POOL current=22752 MB  actual(reserved)=38146 MB  highWater=28040 MB
ExecutionTime = 200.61 s  ClockTime = 201 s

Time = 26
[mem] step-start: DEVICE_POOL current=22752 MB  actual(reserved)=38146 MB  highWater=28040 MB
Schwarz(Jacobi)+Bicgstab:  Solving for Ux, Initial residual = 0.00014703698610021607, Final residual = 1.1638334342543774e-05, No Iterations 3, Solve time = 230.84 ms
Schwarz(Jacobi)+Bicgstab:  Solving for Uy, Initial residual = 0.00662282918014226, Final residual = 0.00048308336091769084, No Iterations 3, Solve time = 230.84 ms
Schwarz(Jacobi)+Bicgstab:  Solving for Uz, Initial residual = 0.0017457852854132533, Final residual = 0.000137656681388829, No Iterations 3, Solve time = 230.84 ms
[mem] after-UEqn: DEVICE_POOL current=22752 MB  actual(reserved)=38146 MB  highWater=28040 MB
[GinkgoSolver] p-cache: reuse(update_matrix_value) solve=26 rebuildInterval=100
config(Cg+Schwarz(Multigrid)):  Solving for p, Initial residual = 0.005790570519802468, Final residual = 5.5327533590089106e-05, No Iterations 40, Solve time = 1269.342 ms
time step continuity errors : sum local = 1.742848211944508e-05, global = 1.272741190806342e-06, cumulative = 1.387993518781547e-05
[mem] after-pEqn: DEVICE_POOL current=22752 MB  actual(reserved)=38146 MB  highWater=28040 MB
[GinkgoSolver] p-cache: reuse(update_matrix_value) solve=26 rebuildInterval=0
Schwarz(Jacobi)+Bicgstab:  Solving for omega, Initial residual = 5.765829835459273e-05, Final residual = 3.3407983505561402e-06, No Iterations 2, Solve time = 76.991 ms
bounding omega, min: -53828.1904097669 max: 45356131.547188066 average: 7144.40612108191
[GinkgoSolver] p-cache: reuse(update_matrix_value) solve=26 rebuildInterval=0
Schwarz(Jacobi)+Bicgstab:  Solving for k, Initial residual = 0.00036741003586600985, Final residual = 9.280495823308037e-06, No Iterations 3, Solve time = 95.38 ms
[mem] after-turb: DEVICE_POOL current=22752 MB  actual(reserved)=38146 MB  highWater=28040 MB
ExecutionTime = 203.52 s  ClockTime = 204 s

Time = 27
[mem] step-start: DEVICE_POOL current=22752 MB  actual(reserved)=38146 MB  highWater=28040 MB
Schwarz(Jacobi)+Bicgstab:  Solving for Ux, Initial residual = 0.00014436815629941744, Final residual = 9.414355435365495e-06, No Iterations 3, Solve time = 229.306 ms
Schwarz(Jacobi)+Bicgstab:  Solving for Uy, Initial residual = 0.006487824512496482, Final residual = 0.00046752626532523776, No Iterations 3, Solve time = 229.306 ms
Schwarz(Jacobi)+Bicgstab:  Solving for Uz, Initial residual = 0.0017483080367965511, Final residual = 0.0001398162343803983, No Iterations 3, Solve time = 229.306 ms
[mem] after-UEqn: DEVICE_POOL current=22752 MB  actual(reserved)=38146 MB  highWater=28040 MB
[GinkgoSolver] p-cache: reuse(update_matrix_value) solve=27 rebuildInterval=100
config(Cg+Schwarz(Multigrid)):  Solving for p, Initial residual = 0.005701168374870917, Final residual = 5.6596618963131486e-05, No Iterations 38, Solve time = 1208.676 ms
time step continuity errors : sum local = 1.782392148467069e-05, global = 1.3669265671406785e-06, cumulative = 1.5246861754956147e-05
[mem] after-pEqn: DEVICE_POOL current=22752 MB  actual(reserved)=38146 MB  highWater=28040 MB
[GinkgoSolver] p-cache: reuse(update_matrix_value) solve=27 rebuildInterval=0
Schwarz(Jacobi)+Bicgstab:  Solving for omega, Initial residual = 5.542143534041166e-05, Final residual = 3.2471732282532835e-06, No Iterations 2, Solve time = 85.676 ms
[GinkgoSolver] p-cache: reuse(update_matrix_value) solve=27 rebuildInterval=0
Schwarz(Jacobi)+Bicgstab:  Solving for k, Initial residual = 0.0003723724101704464, Final residual = 9.82621973473382e-06, No Iterations 3, Solve time = 95.601 ms
[mem] after-turb: DEVICE_POOL current=22752 MB  actual(reserved)=38146 MB  highWater=28040 MB
ExecutionTime = 206.35 s  ClockTime = 207 s

Time = 28
[mem] step-start: DEVICE_POOL current=22752 MB  actual(reserved)=38146 MB  highWater=28040 MB
Schwarz(Jacobi)+Bicgstab:  Solving for Ux, Initial residual = 0.00014198715922974592, Final residual = 1.664038558633805e-05, No Iterations 3, Solve time = 220.374 ms
Schwarz(Jacobi)+Bicgstab:  Solving for Uy, Initial residual = 0.0063630127475635965, Final residual = 0.0004574321239209039, No Iterations 3, Solve time = 220.374 ms
Schwarz(Jacobi)+Bicgstab:  Solving for Uz, Initial residual = 0.0017528569585914765, Final residual = 0.00014018683368599046, No Iterations 3, Solve time = 220.374 ms
[mem] after-UEqn: DEVICE_POOL current=22752 MB  actual(reserved)=38146 MB  highWater=28040 MB
[GinkgoSolver] p-cache: reuse(update_matrix_value) solve=28 rebuildInterval=100
config(Cg+Schwarz(Multigrid)):  Solving for p, Initial residual = 0.0056364855625975745, Final residual = 5.437194463286346e-05, No Iterations 42, Solve time = 1325.724 ms
time step continuity errors : sum local = 1.7079582673420686e-05, global = 1.2607645232581109e-06, cumulative = 1.650762627821426e-05
[mem] after-pEqn: DEVICE_POOL current=22752 MB  actual(reserved)=38146 MB  highWater=28040 MB
[GinkgoSolver] p-cache: reuse(update_matrix_value) solve=28 rebuildInterval=0
Schwarz(Jacobi)+Bicgstab:  Solving for omega, Initial residual = 5.346479944438614e-05, Final residual = 3.1677897417109215e-06, No Iterations 2, Solve time = 76.475 ms
[GinkgoSolver] p-cache: reuse(update_matrix_value) solve=28 rebuildInterval=0
Schwarz(Jacobi)+Bicgstab:  Solving for k, Initial residual = 0.00037715470356018764, Final residual = 9.721991279984537e-06, No Iterations 3, Solve time = 96.455 ms
[mem] after-turb: DEVICE_POOL current=22752 MB  actual(reserved)=38146 MB  highWater=28040 MB
ExecutionTime = 209.3 s  ClockTime = 210 s

Time = 29
[mem] step-start: DEVICE_POOL current=22752 MB  actual(reserved)=38146 MB  highWater=28040 MB
Schwarz(Jacobi)+Bicgstab:  Solving for Ux, Initial residual = 0.00013939782092346997, Final residual = 9.938388601883091e-06, No Iterations 3, Solve time = 221.529 ms
Schwarz(Jacobi)+Bicgstab:  Solving for Uy, Initial residual = 0.006248016046454441, Final residual = 0.00044786392312227936, No Iterations 3, Solve time = 221.529 ms
Schwarz(Jacobi)+Bicgstab:  Solving for Uz, Initial residual = 0.0017567534455899972, Final residual = 0.0001391982417888471, No Iterations 3, Solve time = 221.529 ms
[mem] after-UEqn: DEVICE_POOL current=22752 MB  actual(reserved)=38146 MB  highWater=28040 MB
[GinkgoSolver] p-cache: reuse(update_matrix_value) solve=29 rebuildInterval=100
config(Cg+Schwarz(Multigrid)):  Solving for p, Initial residual = 0.005571222407473615, Final residual = 5.2747742614960385e-05, No Iterations 59, Solve time = 1840.29 ms
time step continuity errors : sum local = 1.6481631321417168e-05, global = -4.984464849877391e-07, cumulative = 1.600917979322652e-05
[mem] after-pEqn: DEVICE_POOL current=22752 MB  actual(reserved)=38146 MB  highWater=28040 MB
[GinkgoSolver] p-cache: reuse(update_matrix_value) solve=29 rebuildInterval=0
Schwarz(Jacobi)+Bicgstab:  Solving for omega, Initial residual = 5.188072373739134e-05, Final residual = 3.110010978522992e-06, No Iterations 2, Solve time = 75.904 ms
bounding omega, min: -507.8269473477578 max: 45356042.19073617 average: 7213.0181149005675
[GinkgoSolver] p-cache: reuse(update_matrix_value) solve=29 rebuildInterval=0
Schwarz(Jacobi)+Bicgstab:  Solving for k, Initial residual = 0.00038342975516411805, Final residual = 9.920331969068532e-06, No Iterations 3, Solve time = 94.567 ms
[mem] after-turb: DEVICE_POOL current=22752 MB  actual(reserved)=38146 MB  highWater=28040 MB
ExecutionTime = 212.78 s  ClockTime = 213 s

Time = 30
[mem] step-start: DEVICE_POOL current=22752 MB  actual(reserved)=38146 MB  highWater=28040 MB
Schwarz(Jacobi)+Bicgstab:  Solving for Ux, Initial residual = 0.00013674244392745182, Final residual = 5.709856653837851e-06, No Iterations 4, Solve time = 293.722 ms
Schwarz(Jacobi)+Bicgstab:  Solving for Uy, Initial residual = 0.0061614721230252335, Final residual = 0.0009815434086963774, No Iterations 4, Solve time = 293.722 ms
Schwarz(Jacobi)+Bicgstab:  Solving for Uz, Initial residual = 0.001758926278961379, Final residual = 7.093804443354018e-05, No Iterations 4, Solve time = 293.722 ms
[mem] after-UEqn: DEVICE_POOL current=22752 MB  actual(reserved)=38146 MB  highWater=28040 MB
[GinkgoSolver] p-cache: reuse(update_matrix_value) solve=30 rebuildInterval=100
config(Cg+Schwarz(Multigrid)):  Solving for p, Initial residual = 0.005569011767083461, Final residual = 5.3789182047638624e-05, No Iterations 63, Solve time = 1970.274 ms
time step continuity errors : sum local = 1.652196846145663e-05, global = -1.3408469298272761e-06, cumulative = 1.4668332863399244e-05
[mem] after-pEqn: DEVICE_POOL current=22752 MB  actual(reserved)=38146 MB  highWater=28040 MB
[GinkgoSolver] p-cache: reuse(update_matrix_value) solve=30 rebuildInterval=0
Schwarz(Jacobi)+Bicgstab:  Solving for omega, Initial residual = 5.084516929558043e-05, Final residual = 3.061030275147594e-06, No Iterations 2, Solve time = 85.699 ms
bounding omega, min: -27.336096513247014 max: 45356085.80772659 average: 7232.893236631435
[GinkgoSolver] p-cache: reuse(update_matrix_value) solve=30 rebuildInterval=0
Schwarz(Jacobi)+Bicgstab:  Solving for k, Initial residual = 0.0003910320400888374, Final residual = 1.0278699274529898e-05, No Iterations 3, Solve time = 94 ms
[mem] after-turb: DEVICE_POOL current=22752 MB  actual(reserved)=38146 MB  highWater=28040 MB
Writing p
Writing U
Writing turbulence variables
ExecutionTime = 217.24 s  ClockTime = 219 s

Finalizing NeoN
Finalising parallel run
