/*---------------------------------------------------------------------------*\
| =========                 |                                                 |
| \\      /  F ield         | OpenFOAM: The Open Source CFD Toolbox           |
|  \\    /   O peration     | Version:  2506                                  |
|   \\  /    A nd           | Website:  www.openfoam.com                      |
|    \\/     M anipulation  |                                                 |
\*---------------------------------------------------------------------------*/
Build  : b050cd9480-20250814 OPENFOAM=2506 version=v2506
Arch   : "LSB;label=32;scalar=64"
Exec   : /storage/home/greole/code/NeoFOAM/build/profilingnvidia_h200/bin/neoSimpleFoam -parallel
Date   : Jul 01 2026
Time   : 11:51:41
Host   : gpu-nvidia-h200-1.int.coma-cluster.de
PID    : 2467625
I/O    : uncollated
Case   : /storage/home/greole/code/NeoFOAM/occDrivAerStaticMesh
nProcs : 4
Hosts  :
(
    (gpu-nvidia-h200-1.int.coma-cluster.de 4)
)
Pstream initialized with:
    node communication : off [type=host] (4 ranks, 1 nodes)
    topology controls  : none
    consensus exchange : 0 (tuning: 0)
    exchange algorithm : 0
    commsType          : nonBlocking
    polling iterations : 0
trapFpe: Floating point exception trapping enabled (FOAM_SIGFPE).
fileModificationChecking : Monitoring run-time modified files using timeStampMaster (fileModificationSkew 5, maxFileModificationPolls 20)
allowSystemOperations : Allowing user-supplied system call operations

// * * * * * * * * * * * * * * * * * * * * * * * * * * * * * * * * * * * * * //
Create time

Initializing NeoN
Creating Executor GPU
Creating NeoFOAM runTime

SIMPLE: no convergence criteria found. Calculations will run for 30 steps.

Reading field p

Reading field U

Reading/calculating face flux field phi

Selecting incompressible transport model Newtonian
NeoFOAM solver config (from fvSolution configFile) for 'config(Cg+Schwarz(Multigrid))':
{
    cacheSolver: true
    configFile: <NeoN::TokenList>
    l1ScaledResidual: true
    preconditionerRebuildInterval: 100
    relTol: 0.010000
    reportName: config(Cg+Schwarz(Multigrid))
    solver: Ginkgo
    tolerance: 0.000000
}
    effective optimize: false
    effective checkFrequency: 1
Mapping OpenFOAM solver settings to NeoN settings.
Currently, it is advisable to specify a configFile
for fine grained Ginkgo solver control

Replacing solver PBiCGStab by solver::Bicgstab
Replacing preconditioner diagonal by preconditioner::Schwarz (Schwarz-wrapped for distributed run)
NeoFOAM solver config (mapped from fvSolution) for 'Schwarz(Jacobi)+Bicgstab':
{
    cacheSolver: true
    criteria: {
        absolute_residual_norm: 0.000000
        initial_residual_norm: 0.100000
        iteration: 1000
    }
    l1ScaledResidual: true
    optimize: true
    preconditioner: {
        local_solver: {
            max_block_size: 1
            type: preconditioner::Jacobi
        }
        type: preconditioner::Schwarz
    }
    reportName: Schwarz(Jacobi)+Bicgstab
    solver: Ginkgo
    type: solver::Bicgstab
}
    effective optimize: true
    effective checkFrequency: 1
Creating phi

[NF][/storage/home/greole/code/NeoFOAM/include/NeoFOAM/auxiliary/readers.hpp::434]: Internal: 49320882, Boundary: 1762558

[NF][/storage/home/greole/code/NeoFOAM/include/NeoFOAM/auxiliary/readers.hpp::434]: Internal: 49333487, Boundary: 1754396

[NF][/storage/home/greole/code/NeoFOAM/include/NeoFOAM/auxiliary/readers.hpp::434]: Internal: 49261542, Boundary: 1427829

[NF][/storage/home/greole/code/NeoFOAM/include/NeoFOAM/auxiliary/readers.hpp::434]: Internal: 49243125, Boundary: 1362247
Selecting patchDistMethod meshWave
Mapping OpenFOAM solver settings to NeoN settings.
Currently, it is advisable to specify a configFile
for fine grained Ginkgo solver control

Replacing solver PBiCGStab by solver::Bicgstab
Replacing preconditioner diagonal by preconditioner::Schwarz (Schwarz-wrapped for distributed run)
NeoFOAM solver config (mapped from fvSolution) for 'Schwarz(Jacobi)+Bicgstab':
{
    cacheSolver: true
    criteria: {
        absolute_residual_norm: 0.000000
        initial_residual_norm: 0.100000
        iteration: 1000
    }
    l1ScaledResidual: true
    optimize: true
    preconditioner: {
        local_solver: {
            max_block_size: 1
            type: preconditioner::Jacobi
        }
        type: preconditioner::Schwarz
    }
    reportName: Schwarz(Jacobi)+Bicgstab
    solver: Ginkgo
    type: solver::Bicgstab
}
    effective optimize: true
    effective checkFrequency: 1
Mapping OpenFOAM solver settings to NeoN settings.
Currently, it is advisable to specify a configFile
for fine grained Ginkgo solver control

Replacing solver PBiCGStab by solver::Bicgstab
Replacing preconditioner diagonal by preconditioner::Schwarz (Schwarz-wrapped for distributed run)
NeoFOAM solver config (mapped from fvSolution) for 'Schwarz(Jacobi)+Bicgstab':
{
    cacheSolver: true
    criteria: {
        absolute_residual_norm: 0.000000
        initial_residual_norm: 0.100000
        iteration: 1000
    }
    l1ScaledResidual: true
    optimize: true
    preconditioner: {
        local_solver: {
            max_block_size: 1
            type: preconditioner::Jacobi
        }
        type: preconditioner::Schwarz
    }
    reportName: Schwarz(Jacobi)+Bicgstab
    solver: Ginkgo
    type: solver::Bicgstab
}
    effective optimize: true
    effective checkFrequency: 1
Starting time loop
Time = 1
[mem] step-start: DEVICE_POOL current=16605 MB  actual(reserved)=38146 MB  highWater=19132 MB
Schwarz(Jacobi)+Bicgstab:  Solving for Ux, Initial residual = 0.00194889566197076, Final residual = 0.00023894144922256477, No Iterations 3, Solve time = 246.092 ms
Schwarz(Jacobi)+Bicgstab:  Solving for Uy, Initial residual = 0.16486889729307716, Final residual = 0.008211417725346405, No Iterations 3, Solve time = 246.092 ms
Schwarz(Jacobi)+Bicgstab:  Solving for Uz, Initial residual = 0.1047839942030142, Final residual = 0.004988130416337741, No Iterations 3, Solve time = 246.092 ms
[mem] after-UEqn: DEVICE_POOL current=19099 MB  actual(reserved)=38146 MB  highWater=24387 MB
[GinkgoSolver] p-cache: rebuild(generate) solve=1 rebuildInterval=100
config(Cg+Schwarz(Multigrid)):  Solving for p, Initial residual = 1, Final residual = 0.009803007973814481, No Iterations 87, Solve time = 4245.057 ms
time step continuity errors : sum local = 6.546572977666389e-05, global = 2.0798712559757453e-06, cumulative = 2.0798712559757453e-06
[mem] after-pEqn: DEVICE_POOL current=20567 MB  actual(reserved)=38146 MB  highWater=24387 MB
[GinkgoSolver] p-cache: rebuild(generate) solve=1 rebuildInterval=0
Schwarz(Jacobi)+Bicgstab:  Solving for omega, Initial residual = 1, Final residual = 0.030747757192181792, No Iterations 1, Solve time = 53.292 ms
bounding omega, min: -52.868543096136705 max: 46109488.34723275 average: 2443.1013054874893
[GinkgoSolver] p-cache: rebuild(generate) solve=1 rebuildInterval=0
Schwarz(Jacobi)+Bicgstab:  Solving for k, Initial residual = 0.9999999999999732, Final residual = 0.0438598869323805, No Iterations 1, Solve time = 53.204 ms
[mem] after-turb: DEVICE_POOL current=22752 MB  actual(reserved)=38146 MB  highWater=24811 MB
ExecutionTime = 99.88 s  ClockTime = 100 s

Time = 2
[mem] step-start: DEVICE_POOL current=22752 MB  actual(reserved)=38146 MB  highWater=24811 MB
Schwarz(Jacobi)+Bicgstab:  Solving for Ux, Initial residual = 0.001291808567990996, Final residual = 5.915235273437666e-05, No Iterations 5, Solve time = 342.741 ms
Schwarz(Jacobi)+Bicgstab:  Solving for Uy, Initial residual = 0.06538271695405973, Final residual = 0.002983099912539515, No Iterations 5, Solve time = 342.741 ms
Schwarz(Jacobi)+Bicgstab:  Solving for Uz, Initial residual = 0.0408396966104435, Final residual = 0.0009084936565689469, No Iterations 5, Solve time = 342.741 ms
[mem] after-UEqn: DEVICE_POOL current=22752 MB  actual(reserved)=38146 MB  highWater=28040 MB
[GinkgoSolver] p-cache: reuse(update_matrix_value) solve=2 rebuildInterval=100
config(Cg+Schwarz(Multigrid)):  Solving for p, Initial residual = 0.038941859407470636, Final residual = 0.0003671296591651812, No Iterations 112, Solve time = 3640.89 ms
time step continuity errors : sum local = 4.028857867609674e-05, global = -1.3589012241859153e-06, cumulative = 7.2097003178983e-07
[mem] after-pEqn: DEVICE_POOL current=22752 MB  actual(reserved)=38146 MB  highWater=28040 MB
[GinkgoSolver] p-cache: reuse(update_matrix_value) solve=2 rebuildInterval=0
Schwarz(Jacobi)+Bicgstab:  Solving for omega, Initial residual = 0.008194946530146284, Final residual = 0.00047801825653854445, No Iterations 1, Solve time = 60.477 ms
bounding omega, min: -1529.9614081927843 max: 45305778.84476858 average: 2705.636710836247
[GinkgoSolver] p-cache: reuse(update_matrix_value) solve=2 rebuildInterval=0
Schwarz(Jacobi)+Bicgstab:  Solving for k, Initial residual = 0.07500517260934492, Final residual = 0.004455210816363617, No Iterations 1, Solve time = 51.493 ms
[mem] after-turb: DEVICE_POOL current=22752 MB  actual(reserved)=38146 MB  highWater=28040 MB
ExecutionTime = 105.25 s  ClockTime = 106 s

Time = 3
[mem] step-start: DEVICE_POOL current=22752 MB  actual(reserved)=38146 MB  highWater=28040 MB
Schwarz(Jacobi)+Bicgstab:  Solving for Ux, Initial residual = 0.0008089662414747113, Final residual = 4.757807903696006e-05, No Iterations 6, Solve time = 408.927 ms
Schwarz(Jacobi)+Bicgstab:  Solving for Uy, Initial residual = 0.03251915709433098, Final residual = 0.0006331178254459687, No Iterations 6, Solve time = 408.927 ms
Schwarz(Jacobi)+Bicgstab:  Solving for Uz, Initial residual = 0.018200057532166945, Final residual = 0.00026763196708265094, No Iterations 6, Solve time = 408.927 ms
[mem] after-UEqn: DEVICE_POOL current=22752 MB  actual(reserved)=38146 MB  highWater=28040 MB
[GinkgoSolver] p-cache: reuse(update_matrix_value) solve=3 rebuildInterval=100
config(Cg+Schwarz(Multigrid)):  Solving for p, Initial residual = 0.01739609930695976, Final residual = 0.00016810556712072684, No Iterations 115, Solve time = 3743.972 ms
time step continuity errors : sum local = 3.3610686251016454e-05, global = 7.319206279076834e-07, cumulative = 1.4528906596975134e-06
[mem] after-pEqn: DEVICE_POOL current=22752 MB  actual(reserved)=38146 MB  highWater=28040 MB
[GinkgoSolver] p-cache: reuse(update_matrix_value) solve=3 rebuildInterval=0
Schwarz(Jacobi)+Bicgstab:  Solving for omega, Initial residual = 0.00352071402317225, Final residual = 0.0002899363113113004, No Iterations 1, Solve time = 55.755 ms
bounding omega, min: -11.965400966087632 max: 45385856.34155683 average: 3322.266722772953
[GinkgoSolver] p-cache: reuse(update_matrix_value) solve=3 rebuildInterval=0
Schwarz(Jacobi)+Bicgstab:  Solving for k, Initial residual = 0.013997523169348606, Final residual = 0.0010053614959640287, No Iterations 1, Solve time = 49.678 ms
[mem] after-turb: DEVICE_POOL current=22752 MB  actual(reserved)=38146 MB  highWater=28040 MB
ExecutionTime = 110.78 s  ClockTime = 111 s

Time = 4
[mem] step-start: DEVICE_POOL current=22752 MB  actual(reserved)=38146 MB  highWater=28040 MB
Schwarz(Jacobi)+Bicgstab:  Solving for Ux, Initial residual = 0.0005589924839505876, Final residual = 4.70476780354327e-05, No Iterations 4, Solve time = 283.433 ms
Schwarz(Jacobi)+Bicgstab:  Solving for Uy, Initial residual = 0.02025569731352099, Final residual = 0.002693178825027861, No Iterations 4, Solve time = 283.433 ms
Schwarz(Jacobi)+Bicgstab:  Solving for Uz, Initial residual = 0.010483791801679623, Final residual = 0.0007745545158736756, No Iterations 4, Solve time = 283.433 ms
[mem] after-UEqn: DEVICE_POOL current=22752 MB  actual(reserved)=38146 MB  highWater=28040 MB
[GinkgoSolver] p-cache: reuse(update_matrix_value) solve=4 rebuildInterval=100
config(Cg+Schwarz(Multigrid)):  Solving for p, Initial residual = 0.012559792269262572, Final residual = 0.00012493718694402248, No Iterations 89, Solve time = 2905.315 ms
time step continuity errors : sum local = 3.19247346722984e-05, global = -2.768835292743601e-07, cumulative = 1.1760071304231534e-06
[mem] after-pEqn: DEVICE_POOL current=22752 MB  actual(reserved)=38146 MB  highWater=28040 MB
[GinkgoSolver] p-cache: reuse(update_matrix_value) solve=4 rebuildInterval=0
Schwarz(Jacobi)+Bicgstab:  Solving for omega, Initial residual = 0.0017242372671490555, Final residual = 4.8309757747453875e-05, No Iterations 2, Solve time = 73.55 ms
[GinkgoSolver] p-cache: reuse(update_matrix_value) solve=4 rebuildInterval=0
Schwarz(Jacobi)+Bicgstab:  Solving for k, Initial residual = 0.004640888847696476, Final residual = 0.00039336639320227204, No Iterations 1, Solve time = 50.918 ms
[mem] after-turb: DEVICE_POOL current=22752 MB  actual(reserved)=38146 MB  highWater=28040 MB
ExecutionTime = 115.39 s  ClockTime = 116 s

Time = 5
[mem] step-start: DEVICE_POOL current=22752 MB  actual(reserved)=38146 MB  highWater=28040 MB
Schwarz(Jacobi)+Bicgstab:  Solving for Ux, Initial residual = 0.0004823863213281522, Final residual = 3.736193412927872e-05, No Iterations 4, Solve time = 282.806 ms
Schwarz(Jacobi)+Bicgstab:  Solving for Uy, Initial residual = 0.018513592938892424, Final residual = 0.001182658901953834, No Iterations 4, Solve time = 282.806 ms
Schwarz(Jacobi)+Bicgstab:  Solving for Uz, Initial residual = 0.00830824545676201, Final residual = 0.000806600932641906, No Iterations 4, Solve time = 282.806 ms
[mem] after-UEqn: DEVICE_POOL current=22752 MB  actual(reserved)=38146 MB  highWater=28040 MB
[GinkgoSolver] p-cache: reuse(update_matrix_value) solve=5 rebuildInterval=100
config(Cg+Schwarz(Multigrid)):  Solving for p, Initial residual = 0.010705029029767558, Final residual = 0.00010631703021386882, No Iterations 88, Solve time = 2875.388 ms
time step continuity errors : sum local = 2.9810589925028024e-05, global = -4.7632759904072826e-07, cumulative = 6.996795313824251e-07
[mem] after-pEqn: DEVICE_POOL current=22752 MB  actual(reserved)=38146 MB  highWater=28040 MB
[GinkgoSolver] p-cache: reuse(update_matrix_value) solve=5 rebuildInterval=0
Schwarz(Jacobi)+Bicgstab:  Solving for omega, Initial residual = 0.0009944333630633269, Final residual = 9.814242721220563e-05, No Iterations 1, Solve time = 64.59 ms
bounding omega, min: -120.07593832688735 max: 45363151.145856746 average: 4560.774143322813
[GinkgoSolver] p-cache: reuse(update_matrix_value) solve=5 rebuildInterval=0
Schwarz(Jacobi)+Bicgstab:  Solving for k, Initial residual = 0.0023565126445011806, Final residual = 0.00022365406204999857, No Iterations 1, Solve time = 50.678 ms
[mem] after-turb: DEVICE_POOL current=22752 MB  actual(reserved)=38146 MB  highWater=28040 MB
ExecutionTime = 119.94 s  ClockTime = 121 s

Time = 6
[mem] step-start: DEVICE_POOL current=22752 MB  actual(reserved)=38146 MB  highWater=28040 MB
Schwarz(Jacobi)+Bicgstab:  Solving for Ux, Initial residual = 0.00043544035795546984, Final residual = 2.6374505912042753e-05, No Iterations 5, Solve time = 339.769 ms
Schwarz(Jacobi)+Bicgstab:  Solving for Uy, Initial residual = 0.01791921501722667, Final residual = 0.0016553278470076962, No Iterations 5, Solve time = 339.769 ms
Schwarz(Jacobi)+Bicgstab:  Solving for Uz, Initial residual = 0.006719302707797616, Final residual = 0.0005110671260373963, No Iterations 5, Solve time = 339.769 ms
[mem] after-UEqn: DEVICE_POOL current=22752 MB  actual(reserved)=38146 MB  highWater=28040 MB
[GinkgoSolver] p-cache: reuse(update_matrix_value) solve=6 rebuildInterval=100
config(Cg+Schwarz(Multigrid)):  Solving for p, Initial residual = 0.011305980479208066, Final residual = 0.00010569813311170775, No Iterations 83, Solve time = 2710.219 ms
time step continuity errors : sum local = 2.8889544844747295e-05, global = -1.004049450225667e-06, cumulative = -3.043699188432419e-07
[mem] after-pEqn: DEVICE_POOL current=22752 MB  actual(reserved)=38146 MB  highWater=28040 MB
[GinkgoSolver] p-cache: reuse(update_matrix_value) solve=6 rebuildInterval=0
Schwarz(Jacobi)+Bicgstab:  Solving for omega, Initial residual = 0.0006247296478380714, Final residual = 2.431144833442187e-05, No Iterations 2, Solve time = 88.56 ms
[GinkgoSolver] p-cache: reuse(update_matrix_value) solve=6 rebuildInterval=0
Schwarz(Jacobi)+Bicgstab:  Solving for k, Initial residual = 0.0016242820666493422, Final residual = 0.00015489060208926267, No Iterations 1, Solve time = 51.04 ms
[mem] after-turb: DEVICE_POOL current=22752 MB  actual(reserved)=38146 MB  highWater=28040 MB
ExecutionTime = 124.41 s  ClockTime = 125 s

Time = 7
[mem] step-start: DEVICE_POOL current=22752 MB  actual(reserved)=38146 MB  highWater=28040 MB
Schwarz(Jacobi)+Bicgstab:  Solving for Ux, Initial residual = 0.00037608987779169184, Final residual = 2.3457993001498126e-05, No Iterations 5, Solve time = 339.004 ms
Schwarz(Jacobi)+Bicgstab:  Solving for Uy, Initial residual = 0.0152001147328473, Final residual = 0.0011810162506778622, No Iterations 5, Solve time = 339.004 ms
Schwarz(Jacobi)+Bicgstab:  Solving for Uz, Initial residual = 0.005127629707791028, Final residual = 0.0002774718662050626, No Iterations 5, Solve time = 339.004 ms
[mem] after-UEqn: DEVICE_POOL current=22752 MB  actual(reserved)=38146 MB  highWater=28040 MB
[GinkgoSolver] p-cache: reuse(update_matrix_value) solve=7 rebuildInterval=100
config(Cg+Schwarz(Multigrid)):  Solving for p, Initial residual = 0.012320553534182934, Final residual = 0.0001163479576301335, No Iterations 88, Solve time = 2876.999 ms
time step continuity errors : sum local = 2.8635919148034434e-05, global = -5.306401683084267e-07, cumulative = -8.350100871516686e-07
[mem] after-pEqn: DEVICE_POOL current=22752 MB  actual(reserved)=38146 MB  highWater=28040 MB
[GinkgoSolver] p-cache: reuse(update_matrix_value) solve=7 rebuildInterval=0
Schwarz(Jacobi)+Bicgstab:  Solving for omega, Initial residual = 0.0004898398483849866, Final residual = 1.5230052193388881e-05, No Iterations 2, Solve time = 87.43 ms
bounding omega, min: -98.83519490707647 max: 45358172.117558815 average: 5415.631652177829
[GinkgoSolver] p-cache: reuse(update_matrix_value) solve=7 rebuildInterval=0
Schwarz(Jacobi)+Bicgstab:  Solving for k, Initial residual = 0.0011596795612479878, Final residual = 2.41086963792473e-05, No Iterations 3, Solve time = 97.333 ms
[mem] after-turb: DEVICE_POOL current=22752 MB  actual(reserved)=38146 MB  highWater=28040 MB
ExecutionTime = 129.09 s  ClockTime = 130 s

Time = 8
[mem] step-start: DEVICE_POOL current=22752 MB  actual(reserved)=38146 MB  highWater=28040 MB
Schwarz(Jacobi)+Bicgstab:  Solving for Ux, Initial residual = 0.0003157062442184676, Final residual = 2.4942184157213777e-05, No Iterations 5, Solve time = 342.909 ms
Schwarz(Jacobi)+Bicgstab:  Solving for Uy, Initial residual = 0.011354306375429292, Final residual = 0.000283415364948037, No Iterations 5, Solve time = 342.909 ms
Schwarz(Jacobi)+Bicgstab:  Solving for Uz, Initial residual = 0.003608514452259221, Final residual = 0.00019610844735489248, No Iterations 5, Solve time = 342.909 ms
[mem] after-UEqn: DEVICE_POOL current=22752 MB  actual(reserved)=38146 MB  highWater=28040 MB
[GinkgoSolver] p-cache: reuse(update_matrix_value) solve=8 rebuildInterval=100
config(Cg+Schwarz(Multigrid)):  Solving for p, Initial residual = 0.013336295851313348, Final residual = 0.00013249783928308251, No Iterations 97, Solve time = 3167.832 ms
time step continuity errors : sum local = 2.819868455065925e-05, global = -9.044209559599427e-07, cumulative = -1.7394310431116113e-06
[mem] after-pEqn: DEVICE_POOL current=22752 MB  actual(reserved)=38146 MB  highWater=28040 MB
[GinkgoSolver] p-cache: reuse(update_matrix_value) solve=8 rebuildInterval=0
Schwarz(Jacobi)+Bicgstab:  Solving for omega, Initial residual = 0.00035962544289377333, Final residual = 1.2434862480851122e-05, No Iterations 2, Solve time = 78.314 ms
[GinkgoSolver] p-cache: reuse(update_matrix_value) solve=8 rebuildInterval=0
Schwarz(Jacobi)+Bicgstab:  Solving for k, Initial residual = 0.0008654437478178899, Final residual = 5.2449962859851677e-05, No Iterations 2, Solve time = 74.611 ms
[mem] after-turb: DEVICE_POOL current=22752 MB  actual(reserved)=38146 MB  highWater=28040 MB
ExecutionTime = 134.03 s  ClockTime = 135 s

Time = 9
[mem] step-start: DEVICE_POOL current=22752 MB  actual(reserved)=38146 MB  highWater=28040 MB
Schwarz(Jacobi)+Bicgstab:  Solving for Ux, Initial residual = 0.00027314064132156546, Final residual = 7.305157348585475e-06, No Iterations 5, Solve time = 345.88 ms
Schwarz(Jacobi)+Bicgstab:  Solving for Uy, Initial residual = 0.00923430578521286, Final residual = 0.0004396573827422824, No Iterations 5, Solve time = 345.88 ms
Schwarz(Jacobi)+Bicgstab:  Solving for Uz, Initial residual = 0.0026372612879923514, Final residual = 0.00015502598010724765, No Iterations 5, Solve time = 345.88 ms
[mem] after-UEqn: DEVICE_POOL current=22752 MB  actual(reserved)=38146 MB  highWater=28040 MB
[GinkgoSolver] p-cache: reuse(update_matrix_value) solve=9 rebuildInterval=100
config(Cg+Schwarz(Multigrid)):  Solving for p, Initial residual = 0.013825159370295888, Final residual = 0.00013771892187544268, No Iterations 97, Solve time = 3168.663 ms
time step continuity errors : sum local = 2.590904513181721e-05, global = -1.2680739118579725e-06, cumulative = -3.0075049549695838e-06
[mem] after-pEqn: DEVICE_POOL current=22752 MB  actual(reserved)=38146 MB  highWater=28040 MB
[GinkgoSolver] p-cache: reuse(update_matrix_value) solve=9 rebuildInterval=0
Schwarz(Jacobi)+Bicgstab:  Solving for omega, Initial residual = 0.00027804630469385326, Final residual = 1.0630514847877028e-05, No Iterations 2, Solve time = 77.802 ms
[GinkgoSolver] p-cache: reuse(update_matrix_value) solve=9 rebuildInterval=0
Schwarz(Jacobi)+Bicgstab:  Solving for k, Initial residual = 0.0006654369795577002, Final residual = 3.8848493936988626e-05, No Iterations 2, Solve time = 74.034 ms
[mem] after-turb: DEVICE_POOL current=22752 MB  actual(reserved)=38146 MB  highWater=28040 MB
ExecutionTime = 138.97 s  ClockTime = 140 s

Time = 10
[mem] step-start: DEVICE_POOL current=22752 MB  actual(reserved)=38146 MB  highWater=28040 MB
Schwarz(Jacobi)+Bicgstab:  Solving for Ux, Initial residual = 0.0002517931713270688, Final residual = 3.21087232220769e-06, No Iterations 6, Solve time = 382.62 ms
Schwarz(Jacobi)+Bicgstab:  Solving for Uy, Initial residual = 0.010030873992939716, Final residual = 0.0003970987487048976, No Iterations 6, Solve time = 382.62 ms
Schwarz(Jacobi)+Bicgstab:  Solving for Uz, Initial residual = 0.0024923650582024445, Final residual = 4.165252080928572e-05, No Iterations 6, Solve time = 382.62 ms
[mem] after-UEqn: DEVICE_POOL current=22752 MB  actual(reserved)=38146 MB  highWater=28040 MB
[GinkgoSolver] p-cache: reuse(update_matrix_value) solve=10 rebuildInterval=100
config(Cg+Schwarz(Multigrid)):  Solving for p, Initial residual = 0.013498147080099871, Final residual = 0.00012810049676006003, No Iterations 99, Solve time = 3228.508 ms
time step continuity errors : sum local = 2.2880027385297586e-05, global = -9.072662232650253e-07, cumulative = -3.914771178234609e-06
[mem] after-pEqn: DEVICE_POOL current=22752 MB  actual(reserved)=38146 MB  highWater=28040 MB
[GinkgoSolver] p-cache: reuse(update_matrix_value) solve=10 rebuildInterval=0
Schwarz(Jacobi)+Bicgstab:  Solving for omega, Initial residual = 0.00022455627397708106, Final residual = 9.222792193685932e-06, No Iterations 2, Solve time = 87.65 ms
[GinkgoSolver] p-cache: reuse(update_matrix_value) solve=10 rebuildInterval=0
Schwarz(Jacobi)+Bicgstab:  Solving for k, Initial residual = 0.000526814299430216, Final residual = 3.275441463054566e-05, No Iterations 2, Solve time = 73.956 ms
[mem] after-turb: DEVICE_POOL current=22752 MB  actual(reserved)=38146 MB  highWater=28040 MB
ExecutionTime = 144.02 s  ClockTime = 145 s

Time = 11
[mem] step-start: DEVICE_POOL current=22752 MB  actual(reserved)=38146 MB  highWater=28040 MB
Schwarz(Jacobi)+Bicgstab:  Solving for Ux, Initial residual = 0.00023971893394292607, Final residual = 1.1070253185621718e-05, No Iterations 5, Solve time = 342.313 ms
Schwarz(Jacobi)+Bicgstab:  Solving for Uy, Initial residual = 0.011015613252841724, Final residual = 0.0003202865537107613, No Iterations 5, Solve time = 342.313 ms
Schwarz(Jacobi)+Bicgstab:  Solving for Uz, Initial residual = 0.002544358661119378, Final residual = 7.2600621702371e-05, No Iterations 5, Solve time = 342.313 ms
[mem] after-UEqn: DEVICE_POOL current=22752 MB  actual(reserved)=38146 MB  highWater=28040 MB
[GinkgoSolver] p-cache: reuse(update_matrix_value) solve=11 rebuildInterval=100
config(Cg+Schwarz(Multigrid)):  Solving for p, Initial residual = 0.013057014980584987, Final residual = 0.00012608443361099771, No Iterations 85, Solve time = 2781.825 ms
time step continuity errors : sum local = 2.3157486937487563e-05, global = -2.0899153082339894e-07, cumulative = -4.123762709058008e-06
[mem] after-pEqn: DEVICE_POOL current=22752 MB  actual(reserved)=38146 MB  highWater=28040 MB
[GinkgoSolver] p-cache: reuse(update_matrix_value) solve=11 rebuildInterval=0
Schwarz(Jacobi)+Bicgstab:  Solving for omega, Initial residual = 0.0001850970936943352, Final residual = 8.098388386764508e-06, No Iterations 2, Solve time = 78.558 ms
[GinkgoSolver] p-cache: reuse(update_matrix_value) solve=11 rebuildInterval=0
Schwarz(Jacobi)+Bicgstab:  Solving for k, Initial residual = 0.00043953120938597704, Final residual = 2.828668789300725e-05, No Iterations 2, Solve time = 73.586 ms
[mem] after-turb: DEVICE_POOL current=22752 MB  actual(reserved)=38146 MB  highWater=28040 MB
ExecutionTime = 148.59 s  ClockTime = 149 s

Time = 12
[mem] step-start: DEVICE_POOL current=22752 MB  actual(reserved)=38146 MB  highWater=28040 MB
Schwarz(Jacobi)+Bicgstab:  Solving for Ux, Initial residual = 0.00022768884694994985, Final residual = 1.485834826980782e-05, No Iterations 4, Solve time = 287.781 ms
Schwarz(Jacobi)+Bicgstab:  Solving for Uy, Initial residual = 0.01099046940768421, Final residual = 0.0007941111080575331, No Iterations 4, Solve time = 287.781 ms
Schwarz(Jacobi)+Bicgstab:  Solving for Uz, Initial residual = 0.0024771448692520763, Final residual = 0.00012085485428350657, No Iterations 4, Solve time = 287.781 ms
[mem] after-UEqn: DEVICE_POOL current=22752 MB  actual(reserved)=38146 MB  highWater=28040 MB
[GinkgoSolver] p-cache: reuse(update_matrix_value) solve=12 rebuildInterval=100
config(Cg+Schwarz(Multigrid)):  Solving for p, Initial residual = 0.01209856953347536, Final residual = 0.0001195702781764239, No Iterations 81, Solve time = 2654.731 ms
time step continuity errors : sum local = 2.3891842680829012e-05, global = 1.6652346260130329e-07, cumulative = -3.957239246456704e-06
[mem] after-pEqn: DEVICE_POOL current=22752 MB  actual(reserved)=38146 MB  highWater=28040 MB
[GinkgoSolver] p-cache: reuse(update_matrix_value) solve=12 rebuildInterval=0
Schwarz(Jacobi)+Bicgstab:  Solving for omega, Initial residual = 0.00015606307437650556, Final residual = 7.141061270726344e-06, No Iterations 2, Solve time = 88.145 ms
[GinkgoSolver] p-cache: reuse(update_matrix_value) solve=12 rebuildInterval=0
Schwarz(Jacobi)+Bicgstab:  Solving for k, Initial residual = 0.00038763903010185434, Final residual = 2.5731341326680046e-05, No Iterations 2, Solve time = 73.914 ms
[mem] after-turb: DEVICE_POOL current=22752 MB  actual(reserved)=38146 MB  highWater=28040 MB
ExecutionTime = 152.97 s  ClockTime = 154 s

Time = 13
[mem] step-start: DEVICE_POOL current=22752 MB  actual(reserved)=38146 MB  highWater=28040 MB
Schwarz(Jacobi)+Bicgstab:  Solving for Ux, Initial residual = 0.00021557560451641424, Final residual = 9.446715280388571e-06, No Iterations 4, Solve time = 290.461 ms
Schwarz(Jacobi)+Bicgstab:  Solving for Uy, Initial residual = 0.010243047737021218, Final residual = 0.0005804291083214869, No Iterations 4, Solve time = 290.461 ms
Schwarz(Jacobi)+Bicgstab:  Solving for Uz, Initial residual = 0.002293002053915894, Final residual = 0.00010873047531608898, No Iterations 4, Solve time = 290.461 ms
[mem] after-UEqn: DEVICE_POOL current=22752 MB  actual(reserved)=38146 MB  highWater=28040 MB
[GinkgoSolver] p-cache: reuse(update_matrix_value) solve=13 rebuildInterval=100
config(Cg+Schwarz(Multigrid)):  Solving for p, Initial residual = 0.010642370858961967, Final residual = 0.00010463990388581075, No Iterations 81, Solve time = 2646.639 ms
time step continuity errors : sum local = 2.3370173922560064e-05, global = 7.3231518576219e-08, cumulative = -3.884007727880485e-06
[mem] after-pEqn: DEVICE_POOL current=22752 MB  actual(reserved)=38146 MB  highWater=28040 MB
[GinkgoSolver] p-cache: reuse(update_matrix_value) solve=13 rebuildInterval=0
Schwarz(Jacobi)+Bicgstab:  Solving for omega, Initial residual = 0.00013495666568702703, Final residual = 6.422675498705031e-06, No Iterations 2, Solve time = 85.313 ms
[GinkgoSolver] p-cache: reuse(update_matrix_value) solve=13 rebuildInterval=0
Schwarz(Jacobi)+Bicgstab:  Solving for k, Initial residual = 0.00036774428854786354, Final residual = 2.5890702286255714e-05, No Iterations 2, Solve time = 71.088 ms
[mem] after-turb: DEVICE_POOL current=22752 MB  actual(reserved)=38146 MB  highWater=28040 MB
ExecutionTime = 157.35 s  ClockTime = 158 s

Time = 14
[mem] step-start: DEVICE_POOL current=22752 MB  actual(reserved)=38146 MB  highWater=28040 MB
Schwarz(Jacobi)+Bicgstab:  Solving for Ux, Initial residual = 0.00020537371554655141, Final residual = 1.3504139860259336e-05, No Iterations 4, Solve time = 285.352 ms
Schwarz(Jacobi)+Bicgstab:  Solving for Uy, Initial residual = 0.00928650401161813, Final residual = 0.0013952052684952166, No Iterations 4, Solve time = 285.352 ms
Schwarz(Jacobi)+Bicgstab:  Solving for Uz, Initial residual = 0.0020942322909548033, Final residual = 0.00020923272706897976, No Iterations 4, Solve time = 285.352 ms
[mem] after-UEqn: DEVICE_POOL current=22752 MB  actual(reserved)=38146 MB  highWater=28040 MB
[GinkgoSolver] p-cache: reuse(update_matrix_value) solve=14 rebuildInterval=100
config(Cg+Schwarz(Multigrid)):  Solving for p, Initial residual = 0.00923667483242186, Final residual = 9.097462909001654e-05, No Iterations 78, Solve time = 2552.037 ms
time step continuity errors : sum local = 2.2624080768260158e-05, global = 4.719201731114075e-07, cumulative = -3.4120875547690774e-06
[mem] after-pEqn: DEVICE_POOL current=22752 MB  actual(reserved)=38146 MB  highWater=28040 MB
[GinkgoSolver] p-cache: reuse(update_matrix_value) solve=14 rebuildInterval=0
Schwarz(Jacobi)+Bicgstab:  Solving for omega, Initial residual = 0.00012045280804259741, Final residual = 5.876272288836418e-06, No Iterations 2, Solve time = 74.206 ms
[GinkgoSolver] p-cache: reuse(update_matrix_value) solve=14 rebuildInterval=0
Schwarz(Jacobi)+Bicgstab:  Solving for k, Initial residual = 0.00036022802213150977, Final residual = 2.9114315121422886e-05, No Iterations 2, Solve time = 74.099 ms
[mem] after-turb: DEVICE_POOL current=22752 MB  actual(reserved)=38146 MB  highWater=28040 MB
ExecutionTime = 161.61 s  ClockTime = 162 s

Time = 15
[mem] step-start: DEVICE_POOL current=22752 MB  actual(reserved)=38146 MB  highWater=28040 MB
Schwarz(Jacobi)+Bicgstab:  Solving for Ux, Initial residual = 0.00019754174401203912, Final residual = 1.5574924104610542e-05, No Iterations 4, Solve time = 293.863 ms
Schwarz(Jacobi)+Bicgstab:  Solving for Uy, Initial residual = 0.00862100747483865, Final residual = 0.0005574671682190942, No Iterations 4, Solve time = 293.863 ms
Schwarz(Jacobi)+Bicgstab:  Solving for Uz, Initial residual = 0.0019509200965899464, Final residual = 0.00010403017520030232, No Iterations 4, Solve time = 293.863 ms
[mem] after-UEqn: DEVICE_POOL current=22752 MB  actual(reserved)=38146 MB  highWater=28040 MB
[GinkgoSolver] p-cache: reuse(update_matrix_value) solve=15 rebuildInterval=100
config(Cg+Schwarz(Multigrid)):  Solving for p, Initial residual = 0.008229101908665309, Final residual = 7.679235963745627e-05, No Iterations 71, Solve time = 2327.944 ms
time step continuity errors : sum local = 2.076447712270527e-05, global = 2.0200879631561728e-07, cumulative = -3.21007875845346e-06
[mem] after-pEqn: DEVICE_POOL current=22752 MB  actual(reserved)=38146 MB  highWater=28040 MB
[GinkgoSolver] p-cache: reuse(update_matrix_value) solve=15 rebuildInterval=0
Schwarz(Jacobi)+Bicgstab:  Solving for omega, Initial residual = 0.00010973929366979314, Final residual = 5.421203684032163e-06, No Iterations 2, Solve time = 88.462 ms
[GinkgoSolver] p-cache: reuse(update_matrix_value) solve=15 rebuildInterval=0
Schwarz(Jacobi)+Bicgstab:  Solving for k, Initial residual = 0.00035463698180270936, Final residual = 9.499434647150193e-06, No Iterations 3, Solve time = 96.86 ms
[mem] after-turb: DEVICE_POOL current=22752 MB  actual(reserved)=38146 MB  highWater=28040 MB
ExecutionTime = 165.7 s  ClockTime = 166 s

Time = 16
[mem] step-start: DEVICE_POOL current=22752 MB  actual(reserved)=38146 MB  highWater=28040 MB
Schwarz(Jacobi)+Bicgstab:  Solving for Ux, Initial residual = 0.00019008719008775126, Final residual = 7.836215136688564e-06, No Iterations 4, Solve time = 295.938 ms
Schwarz(Jacobi)+Bicgstab:  Solving for Uy, Initial residual = 0.008215860058457402, Final residual = 0.00046967440826975796, No Iterations 4, Solve time = 295.938 ms
Schwarz(Jacobi)+Bicgstab:  Solving for Uz, Initial residual = 0.0018903180228182844, Final residual = 0.00025921298757013373, No Iterations 4, Solve time = 295.938 ms
[mem] after-UEqn: DEVICE_POOL current=22752 MB  actual(reserved)=38146 MB  highWater=28040 MB
[GinkgoSolver] p-cache: reuse(update_matrix_value) solve=16 rebuildInterval=100
config(Cg+Schwarz(Multigrid)):  Solving for p, Initial residual = 0.007630602306873809, Final residual = 7.381913951803312e-05, No Iterations 65, Solve time = 2137.088 ms
time step continuity errors : sum local = 2.1058039881636605e-05, global = 8.111321151248308e-09, cumulative = -3.201967437302212e-06
[mem] after-pEqn: DEVICE_POOL current=22752 MB  actual(reserved)=38146 MB  highWater=28040 MB
[GinkgoSolver] p-cache: reuse(update_matrix_value) solve=16 rebuildInterval=0
Schwarz(Jacobi)+Bicgstab:  Solving for omega, Initial residual = 0.00010116227123629372, Final residual = 5.104972597411773e-06, No Iterations 2, Solve time = 88.06 ms
[GinkgoSolver] p-cache: reuse(update_matrix_value) solve=16 rebuildInterval=0
Schwarz(Jacobi)+Bicgstab:  Solving for k, Initial residual = 0.00035176744645722634, Final residual = 2.719037485269917e-05, No Iterations 2, Solve time = 73.025 ms
[mem] after-turb: DEVICE_POOL current=22752 MB  actual(reserved)=38146 MB  highWater=28040 MB
ExecutionTime = 169.58 s  ClockTime = 170 s

Time = 17
[mem] step-start: DEVICE_POOL current=22752 MB  actual(reserved)=38146 MB  highWater=28040 MB
Schwarz(Jacobi)+Bicgstab:  Solving for Ux, Initial residual = 0.00018318280806783971, Final residual = 6.753093112490763e-06, No Iterations 4, Solve time = 299.355 ms
Schwarz(Jacobi)+Bicgstab:  Solving for Uy, Initial residual = 0.007921787263278092, Final residual = 0.0005673307429622884, No Iterations 4, Solve time = 299.355 ms
Schwarz(Jacobi)+Bicgstab:  Solving for Uz, Initial residual = 0.001834181143029307, Final residual = 9.445174242110313e-05, No Iterations 4, Solve time = 299.355 ms
[mem] after-UEqn: DEVICE_POOL current=22752 MB  actual(reserved)=38146 MB  highWater=28040 MB
[GinkgoSolver] p-cache: reuse(update_matrix_value) solve=17 rebuildInterval=100
config(Cg+Schwarz(Multigrid)):  Solving for p, Initial residual = 0.0072590746740725165, Final residual = 6.897005298404368e-05, No Iterations 49, Solve time = 1624.494 ms
time step continuity errors : sum local = 2.0300980524307316e-05, global = -3.797532698474716e-07, cumulative = -3.5817207071496836e-06
[mem] after-pEqn: DEVICE_POOL current=22752 MB  actual(reserved)=38146 MB  highWater=28040 MB
[GinkgoSolver] p-cache: reuse(update_matrix_value) solve=17 rebuildInterval=0
Schwarz(Jacobi)+Bicgstab:  Solving for omega, Initial residual = 9.421952842698094e-05, Final residual = 4.798621863712972e-06, No Iterations 2, Solve time = 87.488 ms
[GinkgoSolver] p-cache: reuse(update_matrix_value) solve=17 rebuildInterval=0
Schwarz(Jacobi)+Bicgstab:  Solving for k, Initial residual = 0.00035001402338291214, Final residual = 8.37412465936553e-06, No Iterations 3, Solve time = 97.465 ms
[mem] after-turb: DEVICE_POOL current=22752 MB  actual(reserved)=38146 MB  highWater=28040 MB
ExecutionTime = 172.95 s  ClockTime = 174 s

Time = 18
[mem] step-start: DEVICE_POOL current=22752 MB  actual(reserved)=38146 MB  highWater=28040 MB
Schwarz(Jacobi)+Bicgstab:  Solving for Ux, Initial residual = 0.00017537001645783753, Final residual = 6.748609993020165e-06, No Iterations 4, Solve time = 289.073 ms
Schwarz(Jacobi)+Bicgstab:  Solving for Uy, Initial residual = 0.0075904225758590006, Final residual = 0.0003133628577020354, No Iterations 4, Solve time = 289.073 ms
Schwarz(Jacobi)+Bicgstab:  Solving for Uz, Initial residual = 0.001759243961747005, Final residual = 9.508134315564162e-05, No Iterations 4, Solve time = 289.073 ms
[mem] after-UEqn: DEVICE_POOL current=22752 MB  actual(reserved)=38146 MB  highWater=28040 MB
[GinkgoSolver] p-cache: reuse(update_matrix_value) solve=18 rebuildInterval=100
config(Cg+Schwarz(Multigrid)):  Solving for p, Initial residual = 0.007026527211002421, Final residual = 6.987362612230246e-05, No Iterations 52, Solve time = 1722.458 ms
time step continuity errors : sum local = 2.0825036188960484e-05, global = 7.162956988802436e-08, cumulative = -3.510091137261659e-06
[mem] after-pEqn: DEVICE_POOL current=22752 MB  actual(reserved)=38146 MB  highWater=28040 MB
[GinkgoSolver] p-cache: reuse(update_matrix_value) solve=18 rebuildInterval=0
Schwarz(Jacobi)+Bicgstab:  Solving for omega, Initial residual = 8.810038687954821e-05, Final residual = 4.591737346903878e-06, No Iterations 2, Solve time = 87.809 ms
[GinkgoSolver] p-cache: reuse(update_matrix_value) solve=18 rebuildInterval=0
Schwarz(Jacobi)+Bicgstab:  Solving for k, Initial residual = 0.00035002968680091857, Final residual = 3.12601256125432e-05, No Iterations 2, Solve time = 73.738 ms
[mem] after-turb: DEVICE_POOL current=22752 MB  actual(reserved)=38146 MB  highWater=28040 MB
ExecutionTime = 176.4 s  ClockTime = 177 s

Time = 19
[mem] step-start: DEVICE_POOL current=22752 MB  actual(reserved)=38146 MB  highWater=28040 MB
Schwarz(Jacobi)+Bicgstab:  Solving for Ux, Initial residual = 0.0001678840805241696, Final residual = 1.3924368894695802e-05, No Iterations 3, Solve time = 235.813 ms
Schwarz(Jacobi)+Bicgstab:  Solving for Uy, Initial residual = 0.007326071958244232, Final residual = 0.0006436501627534298, No Iterations 3, Solve time = 235.813 ms
Schwarz(Jacobi)+Bicgstab:  Solving for Uz, Initial residual = 0.001712814500277915, Final residual = 0.00016274002758084893, No Iterations 3, Solve time = 235.813 ms
[mem] after-UEqn: DEVICE_POOL current=22752 MB  actual(reserved)=38146 MB  highWater=28040 MB
[GinkgoSolver] p-cache: reuse(update_matrix_value) solve=19 rebuildInterval=100
config(Cg+Schwarz(Multigrid)):  Solving for p, Initial residual = 0.006796955641985197, Final residual = 6.336267200278623e-05, No Iterations 54, Solve time = 1784.987 ms
time step continuity errors : sum local = 1.911608171371688e-05, global = 9.75240429859629e-07, cumulative = -2.53485070740203e-06
[mem] after-pEqn: DEVICE_POOL current=22752 MB  actual(reserved)=38146 MB  highWater=28040 MB
[GinkgoSolver] p-cache: reuse(update_matrix_value) solve=19 rebuildInterval=0
Schwarz(Jacobi)+Bicgstab:  Solving for omega, Initial residual = 8.310735462172457e-05, Final residual = 4.395957589214836e-06, No Iterations 2, Solve time = 87.754 ms
[GinkgoSolver] p-cache: reuse(update_matrix_value) solve=19 rebuildInterval=0
Schwarz(Jacobi)+Bicgstab:  Solving for k, Initial residual = 0.0003503710064413752, Final residual = 8.596511637462635e-06, No Iterations 3, Solve time = 97.279 ms
[mem] after-turb: DEVICE_POOL current=22752 MB  actual(reserved)=38146 MB  highWater=28040 MB
ExecutionTime = 179.87 s  ClockTime = 181 s

Time = 20
[mem] step-start: DEVICE_POOL current=22752 MB  actual(reserved)=38146 MB  highWater=28040 MB
Schwarz(Jacobi)+Bicgstab:  Solving for Ux, Initial residual = 0.00016238927664534607, Final residual = 3.147124974316146e-06, No Iterations 5, Solve time = 346.83 ms
Schwarz(Jacobi)+Bicgstab:  Solving for Uy, Initial residual = 0.007216594061170939, Final residual = 0.0001542892025400282, No Iterations 5, Solve time = 346.83 ms
Schwarz(Jacobi)+Bicgstab:  Solving for Uz, Initial residual = 0.0017059986439409494, Final residual = 3.3902717860827316e-05, No Iterations 5, Solve time = 346.83 ms
[mem] after-UEqn: DEVICE_POOL current=22752 MB  actual(reserved)=38146 MB  highWater=28040 MB
[GinkgoSolver] p-cache: reuse(update_matrix_value) solve=20 rebuildInterval=100
config(Cg+Schwarz(Multigrid)):  Solving for p, Initial residual = 0.006557408173109999, Final residual = 6.554067983836617e-05, No Iterations 54, Solve time = 1783.092 ms
time step continuity errors : sum local = 2.004035478376116e-05, global = 1.5557467753271541e-06, cumulative = -9.791039320748757e-07
[mem] after-pEqn: DEVICE_POOL current=22752 MB  actual(reserved)=38146 MB  highWater=28040 MB
[GinkgoSolver] p-cache: reuse(update_matrix_value) solve=20 rebuildInterval=0
Schwarz(Jacobi)+Bicgstab:  Solving for omega, Initial residual = 7.807321776500657e-05, Final residual = 4.20297492001589e-06, No Iterations 2, Solve time = 77.715 ms
[GinkgoSolver] p-cache: reuse(update_matrix_value) solve=20 rebuildInterval=0
Schwarz(Jacobi)+Bicgstab:  Solving for k, Initial residual = 0.0003508845452050543, Final residual = 8.279149019766333e-06, No Iterations 3, Solve time = 97.607 ms
[mem] after-turb: DEVICE_POOL current=22752 MB  actual(reserved)=38146 MB  highWater=28040 MB
ExecutionTime = 183.47 s  ClockTime = 184 s

Time = 21
[mem] step-start: DEVICE_POOL current=22752 MB  actual(reserved)=38146 MB  highWater=28040 MB
Schwarz(Jacobi)+Bicgstab:  Solving for Ux, Initial residual = 0.0001581772620403059, Final residual = 1.6019416698433256e-05, No Iterations 3, Solve time = 246.529 ms
Schwarz(Jacobi)+Bicgstab:  Solving for Uy, Initial residual = 0.007199808247429955, Final residual = 0.0006014295875001345, No Iterations 3, Solve time = 246.529 ms
Schwarz(Jacobi)+Bicgstab:  Solving for Uz, Initial residual = 0.0017207386822888026, Final residual = 0.00015232897149775314, No Iterations 3, Solve time = 246.529 ms
[mem] after-UEqn: DEVICE_POOL current=22752 MB  actual(reserved)=38146 MB  highWater=28040 MB
[GinkgoSolver] p-cache: reuse(update_matrix_value) solve=21 rebuildInterval=100
config(Cg+Schwarz(Multigrid)):  Solving for p, Initial residual = 0.006312722710924335, Final residual = 5.9651722466151474e-05, No Iterations 54, Solve time = 1783.638 ms
time step continuity errors : sum local = 1.8512964413308123e-05, global = 1.6294424863721068e-06, cumulative = 6.503385542972311e-07
[mem] after-pEqn: DEVICE_POOL current=22752 MB  actual(reserved)=38146 MB  highWater=28040 MB
[GinkgoSolver] p-cache: reuse(update_matrix_value) solve=21 rebuildInterval=0
Schwarz(Jacobi)+Bicgstab:  Solving for omega, Initial residual = 7.354452178180778e-05, Final residual = 4.004981274378416e-06, No Iterations 2, Solve time = 87.383 ms
[GinkgoSolver] p-cache: reuse(update_matrix_value) solve=21 rebuildInterval=0
Schwarz(Jacobi)+Bicgstab:  Solving for k, Initial residual = 0.00035127672477224214, Final residual = 8.36427244204084e-06, No Iterations 3, Solve time = 97.44 ms
[mem] after-turb: DEVICE_POOL current=22752 MB  actual(reserved)=38146 MB  highWater=28040 MB
ExecutionTime = 186.94 s  ClockTime = 188 s

Time = 22
[mem] step-start: DEVICE_POOL current=22752 MB  actual(reserved)=38146 MB  highWater=28040 MB
Schwarz(Jacobi)+Bicgstab:  Solving for Ux, Initial residual = 0.0001555903857723105, Final residual = 9.476519435256438e-06, No Iterations 3, Solve time = 227.814 ms
Schwarz(Jacobi)+Bicgstab:  Solving for Uy, Initial residual = 0.007198838175597186, Final residual = 0.0005878377250431645, No Iterations 3, Solve time = 227.814 ms
Schwarz(Jacobi)+Bicgstab:  Solving for Uz, Initial residual = 0.0017441003806179503, Final residual = 0.00014554555516776315, No Iterations 3, Solve time = 227.814 ms
[mem] after-UEqn: DEVICE_POOL current=22752 MB  actual(reserved)=38146 MB  highWater=28040 MB
[GinkgoSolver] p-cache: reuse(update_matrix_value) solve=22 rebuildInterval=100
config(Cg+Schwarz(Multigrid)):  Solving for p, Initial residual = 0.006123320145321611, Final residual = 6.0077601210084e-05, No Iterations 49, Solve time = 1626.288 ms
time step continuity errors : sum local = 1.89245819972618e-05, global = 1.2943454655015501e-06, cumulative = 1.9446840197987812e-06
[mem] after-pEqn: DEVICE_POOL current=22752 MB  actual(reserved)=38146 MB  highWater=28040 MB
[GinkgoSolver] p-cache: reuse(update_matrix_value) solve=22 rebuildInterval=0
Schwarz(Jacobi)+Bicgstab:  Solving for omega, Initial residual = 6.972115392787498e-05, Final residual = 3.867058619240347e-06, No Iterations 2, Solve time = 76.978 ms
[GinkgoSolver] p-cache: reuse(update_matrix_value) solve=22 rebuildInterval=0
Schwarz(Jacobi)+Bicgstab:  Solving for k, Initial residual = 0.0003542425065800713, Final residual = 8.575853102557243e-06, No Iterations 3, Solve time = 97.51 ms
[mem] after-turb: DEVICE_POOL current=22752 MB  actual(reserved)=38146 MB  highWater=28040 MB
ExecutionTime = 190.26 s  ClockTime = 191 s

Time = 23
[mem] step-start: DEVICE_POOL current=22752 MB  actual(reserved)=38146 MB  highWater=28040 MB
Schwarz(Jacobi)+Bicgstab:  Solving for Ux, Initial residual = 0.000153756719499704, Final residual = 1.1971942809678094e-05, No Iterations 3, Solve time = 236.536 ms
Schwarz(Jacobi)+Bicgstab:  Solving for Uy, Initial residual = 0.00712276439121601, Final residual = 0.0005660149483677579, No Iterations 3, Solve time = 236.536 ms
Schwarz(Jacobi)+Bicgstab:  Solving for Uz, Initial residual = 0.0017562745402993059, Final residual = 0.00014177168959045763, No Iterations 3, Solve time = 236.536 ms
[mem] after-UEqn: DEVICE_POOL current=22752 MB  actual(reserved)=38146 MB  highWater=28040 MB
[GinkgoSolver] p-cache: reuse(update_matrix_value) solve=23 rebuildInterval=100
config(Cg+Schwarz(Multigrid)):  Solving for p, Initial residual = 0.005991848158379911, Final residual = 5.9129276501620824e-05, No Iterations 26, Solve time = 886.684 ms
time step continuity errors : sum local = 1.8802453738661668e-05, global = 4.2123646708747444e-07, cumulative = 2.3659204868862557e-06
[mem] after-pEqn: DEVICE_POOL current=22752 MB  actual(reserved)=38146 MB  highWater=28040 MB
[GinkgoSolver] p-cache: reuse(update_matrix_value) solve=23 rebuildInterval=0
Schwarz(Jacobi)+Bicgstab:  Solving for omega, Initial residual = 6.624076776601662e-05, Final residual = 3.7327051603622408e-06, No Iterations 2, Solve time = 87.748 ms
bounding omega, min: -88.82512970806229 max: 45356378.33659844 average: 7061.586892591363
[GinkgoSolver] p-cache: reuse(update_matrix_value) solve=23 rebuildInterval=0
Schwarz(Jacobi)+Bicgstab:  Solving for k, Initial residual = 0.0003570972502130401, Final residual = 8.774942162945354e-06, No Iterations 3, Solve time = 97.158 ms
[mem] after-turb: DEVICE_POOL current=22752 MB  actual(reserved)=38146 MB  highWater=28040 MB
ExecutionTime = 192.85 s  ClockTime = 194 s

Time = 24
[mem] step-start: DEVICE_POOL current=22752 MB  actual(reserved)=38146 MB  highWater=28040 MB
Schwarz(Jacobi)+Bicgstab:  Solving for Ux, Initial residual = 0.0001520831334532344, Final residual = 1.0779534409915773e-05, No Iterations 3, Solve time = 236.942 ms
Schwarz(Jacobi)+Bicgstab:  Solving for Uy, Initial residual = 0.006978348840973681, Final residual = 0.0005383698459923574, No Iterations 3, Solve time = 236.942 ms
Schwarz(Jacobi)+Bicgstab:  Solving for Uz, Initial residual = 0.0017535405832138603, Final residual = 0.00013931671006882525, No Iterations 3, Solve time = 236.942 ms
[mem] after-UEqn: DEVICE_POOL current=22752 MB  actual(reserved)=38146 MB  highWater=28040 MB
[GinkgoSolver] p-cache: reuse(update_matrix_value) solve=24 rebuildInterval=100
config(Cg+Schwarz(Multigrid)):  Solving for p, Initial residual = 0.005945582763123875, Final residual = 5.5846406329324835e-05, No Iterations 26, Solve time = 881.059 ms
time step continuity errors : sum local = 1.765366430384684e-05, global = 4.46499078689795e-07, cumulative = 2.8124195655760507e-06
[mem] after-pEqn: DEVICE_POOL current=22752 MB  actual(reserved)=38146 MB  highWater=28040 MB
[GinkgoSolver] p-cache: reuse(update_matrix_value) solve=24 rebuildInterval=0
Schwarz(Jacobi)+Bicgstab:  Solving for omega, Initial residual = 6.298617883205794e-05, Final residual = 3.5812624075627624e-06, No Iterations 2, Solve time = 74.522 ms
[GinkgoSolver] p-cache: reuse(update_matrix_value) solve=24 rebuildInterval=0
Schwarz(Jacobi)+Bicgstab:  Solving for k, Initial residual = 0.00035993058641570024, Final residual = 8.862406342937331e-06, No Iterations 3, Solve time = 97.936 ms
[mem] after-turb: DEVICE_POOL current=22752 MB  actual(reserved)=38146 MB  highWater=28040 MB
ExecutionTime = 195.43 s  ClockTime = 196 s

Time = 25
[mem] step-start: DEVICE_POOL current=22752 MB  actual(reserved)=38146 MB  highWater=28040 MB
Schwarz(Jacobi)+Bicgstab:  Solving for Ux, Initial residual = 0.00014940380881322835, Final residual = 9.324762110157762e-06, No Iterations 3, Solve time = 235.683 ms
Schwarz(Jacobi)+Bicgstab:  Solving for Uy, Initial residual = 0.006807249147139425, Final residual = 0.0005078383779135261, No Iterations 3, Solve time = 235.683 ms
Schwarz(Jacobi)+Bicgstab:  Solving for Uz, Initial residual = 0.0017480104631839022, Final residual = 0.0001382680485884831, No Iterations 3, Solve time = 235.683 ms
[mem] after-UEqn: DEVICE_POOL current=22752 MB  actual(reserved)=38146 MB  highWater=28040 MB
[GinkgoSolver] p-cache: reuse(update_matrix_value) solve=25 rebuildInterval=100
config(Cg+Schwarz(Multigrid)):  Solving for p, Initial residual = 0.0058765886137752766, Final residual = 5.4691320996668816e-05, No Iterations 26, Solve time = 885.077 ms
time step continuity errors : sum local = 1.7236210879749825e-05, global = 5.363597488160258e-07, cumulative = 3.3487793143920765e-06
[mem] after-pEqn: DEVICE_POOL current=22752 MB  actual(reserved)=38146 MB  highWater=28040 MB
[GinkgoSolver] p-cache: reuse(update_matrix_value) solve=25 rebuildInterval=0
Schwarz(Jacobi)+Bicgstab:  Solving for omega, Initial residual = 6.0158753010176595e-05, Final residual = 3.4607495745943793e-06, No Iterations 2, Solve time = 85.834 ms
[GinkgoSolver] p-cache: reuse(update_matrix_value) solve=25 rebuildInterval=0
Schwarz(Jacobi)+Bicgstab:  Solving for k, Initial residual = 0.0003633036969601157, Final residual = 9.0303195599217e-06, No Iterations 3, Solve time = 97.287 ms
[mem] after-turb: DEVICE_POOL current=22752 MB  actual(reserved)=38146 MB  highWater=28040 MB
ExecutionTime = 198.01 s  ClockTime = 199 s

Time = 26
[mem] step-start: DEVICE_POOL current=22752 MB  actual(reserved)=38146 MB  highWater=28040 MB
Schwarz(Jacobi)+Bicgstab:  Solving for Ux, Initial residual = 0.00014692541752550243, Final residual = 8.314777781842802e-06, No Iterations 3, Solve time = 229.284 ms
Schwarz(Jacobi)+Bicgstab:  Solving for Uy, Initial residual = 0.006649224871095991, Final residual = 0.0004860575571403357, No Iterations 3, Solve time = 229.284 ms
Schwarz(Jacobi)+Bicgstab:  Solving for Uz, Initial residual = 0.0017482321993608756, Final residual = 0.0001388503173941104, No Iterations 3, Solve time = 229.284 ms
[mem] after-UEqn: DEVICE_POOL current=22752 MB  actual(reserved)=38146 MB  highWater=28040 MB
[GinkgoSolver] p-cache: reuse(update_matrix_value) solve=26 rebuildInterval=100
config(Cg+Schwarz(Multigrid)):  Solving for p, Initial residual = 0.005792658748923791, Final residual = 5.716855863052615e-05, No Iterations 27, Solve time = 914.788 ms
time step continuity errors : sum local = 1.799466890924849e-05, global = 7.002198665065603e-07, cumulative = 4.048999180898636e-06
[mem] after-pEqn: DEVICE_POOL current=22752 MB  actual(reserved)=38146 MB  highWater=28040 MB
[GinkgoSolver] p-cache: reuse(update_matrix_value) solve=26 rebuildInterval=0
Schwarz(Jacobi)+Bicgstab:  Solving for omega, Initial residual = 5.7673845260096604e-05, Final residual = 3.4779619130173254e-06, No Iterations 2, Solve time = 87.605 ms
bounding omega, min: -53093.3471495918 max: 45356132.29236189 average: 7144.060638048137
[GinkgoSolver] p-cache: reuse(update_matrix_value) solve=26 rebuildInterval=0
Schwarz(Jacobi)+Bicgstab:  Solving for k, Initial residual = 0.00036729123172313477, Final residual = 9.28242849971945e-06, No Iterations 3, Solve time = 97.026 ms
[mem] after-turb: DEVICE_POOL current=22752 MB  actual(reserved)=38146 MB  highWater=28040 MB
ExecutionTime = 200.62 s  ClockTime = 202 s

Time = 27
[mem] step-start: DEVICE_POOL current=22752 MB  actual(reserved)=38146 MB  highWater=28040 MB
Schwarz(Jacobi)+Bicgstab:  Solving for Ux, Initial residual = 0.00014441729009202387, Final residual = 7.892133079916488e-06, No Iterations 3, Solve time = 228.534 ms
Schwarz(Jacobi)+Bicgstab:  Solving for Uy, Initial residual = 0.006500952506425259, Final residual = 0.00046460336651287594, No Iterations 3, Solve time = 228.534 ms
Schwarz(Jacobi)+Bicgstab:  Solving for Uz, Initial residual = 0.0017517480971824002, Final residual = 0.00013910167760901023, No Iterations 3, Solve time = 228.534 ms
[mem] after-UEqn: DEVICE_POOL current=22752 MB  actual(reserved)=38146 MB  highWater=28040 MB
[GinkgoSolver] p-cache: reuse(update_matrix_value) solve=27 rebuildInterval=100
config(Cg+Schwarz(Multigrid)):  Solving for p, Initial residual = 0.0057052975323580194, Final residual = 5.378111966443016e-05, No Iterations 28, Solve time = 949.197 ms
time step continuity errors : sum local = 1.691460477901292e-05, global = 8.941088254583344e-07, cumulative = 4.943108006356971e-06
[mem] after-pEqn: DEVICE_POOL current=22752 MB  actual(reserved)=38146 MB  highWater=28040 MB
[GinkgoSolver] p-cache: reuse(update_matrix_value) solve=27 rebuildInterval=0
Schwarz(Jacobi)+Bicgstab:  Solving for omega, Initial residual = 5.538441318196429e-05, Final residual = 3.3592358321344368e-06, No Iterations 2, Solve time = 78.236 ms
[GinkgoSolver] p-cache: reuse(update_matrix_value) solve=27 rebuildInterval=0
Schwarz(Jacobi)+Bicgstab:  Solving for k, Initial residual = 0.0003721817254133305, Final residual = 9.81223943933229e-06, No Iterations 3, Solve time = 97.676 ms
[mem] after-turb: DEVICE_POOL current=22752 MB  actual(reserved)=38146 MB  highWater=28040 MB
ExecutionTime = 203.27 s  ClockTime = 204 s

Time = 28
[mem] step-start: DEVICE_POOL current=22752 MB  actual(reserved)=38146 MB  highWater=28040 MB
Schwarz(Jacobi)+Bicgstab:  Solving for Ux, Initial residual = 0.0001419627485481871, Final residual = 1.0055655388529425e-05, No Iterations 3, Solve time = 234.37 ms
Schwarz(Jacobi)+Bicgstab:  Solving for Uy, Initial residual = 0.006362693642164862, Final residual = 0.00045391088511469673, No Iterations 3, Solve time = 234.37 ms
Schwarz(Jacobi)+Bicgstab:  Solving for Uz, Initial residual = 0.0017557879085057689, Final residual = 0.0001389166160321402, No Iterations 3, Solve time = 234.37 ms
[mem] after-UEqn: DEVICE_POOL current=22752 MB  actual(reserved)=38146 MB  highWater=28040 MB
[GinkgoSolver] p-cache: reuse(update_matrix_value) solve=28 rebuildInterval=100
config(Cg+Schwarz(Multigrid)):  Solving for p, Initial residual = 0.005632158655333064, Final residual = 5.417842490624399e-05, No Iterations 32, Solve time = 1076.143 ms
time step continuity errors : sum local = 1.7003545091768712e-05, global = 8.763469294249648e-07, cumulative = 5.8194549357819355e-06
[mem] after-pEqn: DEVICE_POOL current=22752 MB  actual(reserved)=38146 MB  highWater=28040 MB
[GinkgoSolver] p-cache: reuse(update_matrix_value) solve=28 rebuildInterval=0
Schwarz(Jacobi)+Bicgstab:  Solving for omega, Initial residual = 5.343318155828518e-05, Final residual = 3.1686441642330304e-06, No Iterations 2, Solve time = 87.186 ms
[GinkgoSolver] p-cache: reuse(update_matrix_value) solve=28 rebuildInterval=0
Schwarz(Jacobi)+Bicgstab:  Solving for k, Initial residual = 0.00037689668178688253, Final residual = 9.694914431535595e-06, No Iterations 3, Solve time = 97.565 ms
[mem] after-turb: DEVICE_POOL current=22752 MB  actual(reserved)=38146 MB  highWater=28040 MB
ExecutionTime = 206.04 s  ClockTime = 207 s

Time = 29
[mem] step-start: DEVICE_POOL current=22752 MB  actual(reserved)=38146 MB  highWater=28040 MB
Schwarz(Jacobi)+Bicgstab:  Solving for Ux, Initial residual = 0.00013918469831455523, Final residual = 8.258446116815321e-06, No Iterations 3, Solve time = 230.193 ms
Schwarz(Jacobi)+Bicgstab:  Solving for Uy, Initial residual = 0.006239047896213802, Final residual = 0.0004440173443168314, No Iterations 3, Solve time = 230.193 ms
Schwarz(Jacobi)+Bicgstab:  Solving for Uz, Initial residual = 0.0017580437269381298, Final residual = 0.0001380651993378443, No Iterations 3, Solve time = 230.193 ms
[mem] after-UEqn: DEVICE_POOL current=22752 MB  actual(reserved)=38146 MB  highWater=28040 MB
[GinkgoSolver] p-cache: reuse(update_matrix_value) solve=29 rebuildInterval=100
config(Cg+Schwarz(Multigrid)):  Solving for p, Initial residual = 0.005569973767033267, Final residual = 5.36891332927334e-05, No Iterations 44, Solve time = 1462.61 ms
time step continuity errors : sum local = 1.6752774889587932e-05, global = -6.985694371548684e-07, cumulative = 5.120885498627067e-06
[mem] after-pEqn: DEVICE_POOL current=22752 MB  actual(reserved)=38146 MB  highWater=28040 MB
[GinkgoSolver] p-cache: reuse(update_matrix_value) solve=29 rebuildInterval=0
Schwarz(Jacobi)+Bicgstab:  Solving for omega, Initial residual = 5.190174108476069e-05, Final residual = 3.097804246847157e-06, No Iterations 2, Solve time = 87.738 ms
bounding omega, min: -307.07410250840763 max: 45356042.94073155 average: 7212.881329156377
[GinkgoSolver] p-cache: reuse(update_matrix_value) solve=29 rebuildInterval=0
Schwarz(Jacobi)+Bicgstab:  Solving for k, Initial residual = 0.00038346899849946565, Final residual = 9.876217504249476e-06, No Iterations 3, Solve time = 97.503 ms
[mem] after-turb: DEVICE_POOL current=22752 MB  actual(reserved)=38146 MB  highWater=28040 MB
ExecutionTime = 209.21 s  ClockTime = 210 s

Time = 30
[mem] step-start: DEVICE_POOL current=22752 MB  actual(reserved)=38146 MB  highWater=28040 MB
Schwarz(Jacobi)+Bicgstab:  Solving for Ux, Initial residual = 0.00013664863610961034, Final residual = 8.388748348748233e-06, No Iterations 3, Solve time = 234.886 ms
Schwarz(Jacobi)+Bicgstab:  Solving for Uy, Initial residual = 0.006149752167355579, Final residual = 0.00044322371264822474, No Iterations 3, Solve time = 234.886 ms
Schwarz(Jacobi)+Bicgstab:  Solving for Uz, Initial residual = 0.001759487160906338, Final residual = 0.0001361331993396375, No Iterations 3, Solve time = 234.886 ms
[mem] after-UEqn: DEVICE_POOL current=22752 MB  actual(reserved)=38146 MB  highWater=28040 MB
[GinkgoSolver] p-cache: reuse(update_matrix_value) solve=30 rebuildInterval=100
config(Cg+Schwarz(Multigrid)):  Solving for p, Initial residual = 0.005578438375238332, Final residual = 5.300463395260416e-05, No Iterations 45, Solve time = 1499.111 ms
time step continuity errors : sum local = 1.6205726824935627e-05, global = -1.155290637803835e-06, cumulative = 3.965594860823232e-06
[mem] after-pEqn: DEVICE_POOL current=22752 MB  actual(reserved)=38146 MB  highWater=28040 MB
[GinkgoSolver] p-cache: reuse(update_matrix_value) solve=30 rebuildInterval=0
Schwarz(Jacobi)+Bicgstab:  Solving for omega, Initial residual = 5.080710208479651e-05, Final residual = 3.0245903948408745e-06, No Iterations 2, Solve time = 75.138 ms
[GinkgoSolver] p-cache: reuse(update_matrix_value) solve=30 rebuildInterval=0
Schwarz(Jacobi)+Bicgstab:  Solving for k, Initial residual = 0.000390886077851965, Final residual = 1.0247085961083636e-05, No Iterations 3, Solve time = 97.113 ms
[mem] after-turb: DEVICE_POOL current=22752 MB  actual(reserved)=38146 MB  highWater=28040 MB
Writing p
Writing U
Writing turbulence variables
ExecutionTime = 213.2 s  ClockTime = 216 s

Finalizing NeoN
Finalising parallel run
