/*---------------------------------------------------------------------------*\
| =========                 |                                                 |
| \\      /  F ield         | OpenFOAM: The Open Source CFD Toolbox           |
|  \\    /   O peration     | Version:  2506                                  |
|   \\  /    A nd           | Website:  www.openfoam.com                      |
|    \\/     M anipulation  |                                                 |
\*---------------------------------------------------------------------------*/
Build  : b050cd9480-20250814 OPENFOAM=2506 version=v2506
Arch   : "LSB;label=32;scalar=64"
Exec   : /storage/home/greole/code/NeoFOAM/build/profilingnvidia_h200/bin/neoSimpleFoam -parallel
Date   : Jul 02 2026
Time   : 10:21:55
Host   : gpu-nvidia-h200-1.int.coma-cluster.de
PID    : 2690474
I/O    : uncollated
Case   : /storage/home/greole/code/NeoFOAM/occDrivAerStaticMesh
nProcs : 4
Hosts  :
(
    (gpu-nvidia-h200-1.int.coma-cluster.de 4)
)
Pstream initialized with:
    node communication : off [type=host] (4 ranks, 1 nodes)
    topology controls  : none
    consensus exchange : 0 (tuning: 0)
    exchange algorithm : 0
    commsType          : nonBlocking
    polling iterations : 0
trapFpe: Floating point exception trapping enabled (FOAM_SIGFPE).
fileModificationChecking : Monitoring run-time modified files using timeStampMaster (fileModificationSkew 5, maxFileModificationPolls 20)
allowSystemOperations : Allowing user-supplied system call operations

// * * * * * * * * * * * * * * * * * * * * * * * * * * * * * * * * * * * * * //
Create time

Initializing NeoN
Creating Executor GPU
Creating NeoFOAM runTime

SIMPLE: no convergence criteria found. Calculations will run for 30 steps.

Reading field p

Reading field U

Reading/calculating face flux field phi

Selecting incompressible transport model Newtonian
NeoFOAM solver config (from fvSolution configFile) for 'config(Cg+Schwarz(Multigrid))':
{
    cacheSolver: true
    configFile: <NeoN::TokenList>
    l1ScaledResidual: true
    preconditionerRebuildInterval: 100
    relTol: 0.010000
    reportName: config(Cg+Schwarz(Multigrid))
    solver: Ginkgo
    tolerance: 0.000000
}
    effective optimize: false
    effective checkFrequency: 1
Mapping OpenFOAM solver settings to NeoN settings.
Currently, it is advisable to specify a configFile
for fine grained Ginkgo solver control

Replacing solver PBiCGStab by solver::Bicgstab
Replacing preconditioner diagonal by preconditioner::Schwarz (Schwarz-wrapped for distributed run)
NeoFOAM solver config (mapped from fvSolution) for 'Schwarz(Jacobi)+Bicgstab':
{
    cacheSolver: true
    criteria: {
        absolute_residual_norm: 0.000000
        initial_residual_norm: 0.100000
        iteration: 1000
    }
    l1ScaledResidual: true
    optimize: true
    preconditioner: {
        local_solver: {
            max_block_size: 1
            type: preconditioner::Jacobi
        }
        type: preconditioner::Schwarz
    }
    reportName: Schwarz(Jacobi)+Bicgstab
    solver: Ginkgo
    type: solver::Bicgstab
}
    effective optimize: true
    effective checkFrequency: 1
Creating phi

[NF][/storage/home/greole/code/NeoFOAM/include/NeoFOAM/auxiliary/readers.hpp::434]: Internal: 49333487, Boundary: 1754396

[NF][/storage/home/greole/code/NeoFOAM/include/NeoFOAM/auxiliary/readers.hpp::434]: Internal: 49320882, Boundary: 1762558

[NF][/storage/home/greole/code/NeoFOAM/include/NeoFOAM/auxiliary/readers.hpp::434]: Internal: 49261542, Boundary: 1427829

[NF][/storage/home/greole/code/NeoFOAM/include/NeoFOAM/auxiliary/readers.hpp::434]: Internal: 49243125, Boundary: 1362247
Selecting patchDistMethod meshWave
Mapping OpenFOAM solver settings to NeoN settings.
Currently, it is advisable to specify a configFile
for fine grained Ginkgo solver control

Replacing solver PBiCGStab by solver::Bicgstab
Replacing preconditioner diagonal by preconditioner::Schwarz (Schwarz-wrapped for distributed run)
NeoFOAM solver config (mapped from fvSolution) for 'Schwarz(Jacobi)+Bicgstab':
{
    cacheSolver: true
    criteria: {
        absolute_residual_norm: 0.000000
        initial_residual_norm: 0.100000
        iteration: 1000
    }
    l1ScaledResidual: true
    optimize: true
    preconditioner: {
        local_solver: {
            max_block_size: 1
            type: preconditioner::Jacobi
        }
        type: preconditioner::Schwarz
    }
    reportName: Schwarz(Jacobi)+Bicgstab
    solver: Ginkgo
    type: solver::Bicgstab
}
    effective optimize: true
    effective checkFrequency: 1
Mapping OpenFOAM solver settings to NeoN settings.
Currently, it is advisable to specify a configFile
for fine grained Ginkgo solver control

Replacing solver PBiCGStab by solver::Bicgstab
Replacing preconditioner diagonal by preconditioner::Schwarz (Schwarz-wrapped for distributed run)
NeoFOAM solver config (mapped from fvSolution) for 'Schwarz(Jacobi)+Bicgstab':
{
    cacheSolver: true
    criteria: {
        absolute_residual_norm: 0.000000
        initial_residual_norm: 0.100000
        iteration: 1000
    }
    l1ScaledResidual: true
    optimize: true
    preconditioner: {
        local_solver: {
            max_block_size: 1
            type: preconditioner::Jacobi
        }
        type: preconditioner::Schwarz
    }
    reportName: Schwarz(Jacobi)+Bicgstab
    solver: Ginkgo
    type: solver::Bicgstab
}
    effective optimize: true
    effective checkFrequency: 1
Starting time loop
Time = 1
[mem] step-start: DEVICE_POOL current=16605 MB  actual(reserved)=38146 MB  highWater=19132 MB
Schwarz(Jacobi)+Bicgstab:  Solving for Ux, Initial residual = 0.001948895661921297, Final residual = 0.0002389414492173068, No Iterations 3, Solve time = 231.003 ms
Schwarz(Jacobi)+Bicgstab:  Solving for Uy, Initial residual = 0.1648688971966789, Final residual = 0.008211417706408444, No Iterations 3, Solve time = 231.003 ms
Schwarz(Jacobi)+Bicgstab:  Solving for Uz, Initial residual = 0.10478399420273883, Final residual = 0.004988130416290597, No Iterations 3, Solve time = 231.003 ms
[mem] after-UEqn: DEVICE_POOL current=19099 MB  actual(reserved)=38146 MB  highWater=24387 MB
[GinkgoSolver] p-cache: rebuild(generate) solve=1 rebuildInterval=100
config(Cg+Schwarz(Multigrid)):  Solving for p, Initial residual = 1, Final residual = 0.009650965516127801, No Iterations 109, Solve time = 4219.237 ms
time step continuity errors : sum local = 6.445037098294507e-05, global = 4.667182638377757e-06, cumulative = 4.667182638377757e-06
[mem] after-pEqn: DEVICE_POOL current=20567 MB  actual(reserved)=38146 MB  highWater=24387 MB
[GinkgoSolver] p-cache: rebuild(generate) solve=1 rebuildInterval=0
Schwarz(Jacobi)+Bicgstab:  Solving for omega, Initial residual = 0.9999999999999999, Final residual = 0.03074785235516557, No Iterations 1, Solve time = 52.193 ms
bounding omega, min: -52.868554221130864 max: 46109481.48065197 average: 2443.2207317983566
[GinkgoSolver] p-cache: rebuild(generate) solve=1 rebuildInterval=0
Schwarz(Jacobi)+Bicgstab:  Solving for k, Initial residual = 0.9999999999999738, Final residual = 0.04385987159081353, No Iterations 1, Solve time = 52.354 ms
[mem] after-turb: DEVICE_POOL current=22752 MB  actual(reserved)=38146 MB  highWater=24811 MB
ExecutionTime = 96.89 s  ClockTime = 97 s

Time = 2
[mem] step-start: DEVICE_POOL current=22752 MB  actual(reserved)=38146 MB  highWater=24811 MB
Schwarz(Jacobi)+Bicgstab:  Solving for Ux, Initial residual = 0.001293123809978081, Final residual = 5.923645328295033e-05, No Iterations 5, Solve time = 343.582 ms
Schwarz(Jacobi)+Bicgstab:  Solving for Uy, Initial residual = 0.06544833592637851, Final residual = 0.002978621240398457, No Iterations 5, Solve time = 343.582 ms
Schwarz(Jacobi)+Bicgstab:  Solving for Uz, Initial residual = 0.04083709137879683, Final residual = 0.0009087480427125775, No Iterations 5, Solve time = 343.582 ms
[mem] after-UEqn: DEVICE_POOL current=22752 MB  actual(reserved)=38146 MB  highWater=28040 MB
[GinkgoSolver] p-cache: reuse(update_matrix_value) solve=2 rebuildInterval=100
config(Cg+Schwarz(Multigrid)):  Solving for p, Initial residual = 0.04028316502115756, Final residual = 0.0003871081877966608, No Iterations 123, Solve time = 3895.793 ms
time step continuity errors : sum local = 4.107314180107315e-05, global = 2.0402354548406785e-06, cumulative = 6.707418093218436e-06
[mem] after-pEqn: DEVICE_POOL current=22752 MB  actual(reserved)=38146 MB  highWater=28040 MB
[GinkgoSolver] p-cache: reuse(update_matrix_value) solve=2 rebuildInterval=0
Schwarz(Jacobi)+Bicgstab:  Solving for omega, Initial residual = 0.00819452173186952, Final residual = 0.00047799292519760565, No Iterations 1, Solve time = 62.977 ms
bounding omega, min: -1255.4977574485565 max: 45305779.5186452 average: 2705.6533102854187
[GinkgoSolver] p-cache: reuse(update_matrix_value) solve=2 rebuildInterval=0
Schwarz(Jacobi)+Bicgstab:  Solving for k, Initial residual = 0.07500384570277357, Final residual = 0.0044551108262992425, No Iterations 1, Solve time = 53.329 ms
[mem] after-turb: DEVICE_POOL current=22752 MB  actual(reserved)=38146 MB  highWater=28040 MB
ExecutionTime = 102.49 s  ClockTime = 103 s

Time = 3
[mem] step-start: DEVICE_POOL current=22752 MB  actual(reserved)=38146 MB  highWater=28040 MB
Schwarz(Jacobi)+Bicgstab:  Solving for Ux, Initial residual = 0.000810883778071038, Final residual = 4.79120793143837e-05, No Iterations 6, Solve time = 372.907 ms
Schwarz(Jacobi)+Bicgstab:  Solving for Uy, Initial residual = 0.03251013793186264, Final residual = 0.000636504869708843, No Iterations 6, Solve time = 372.907 ms
Schwarz(Jacobi)+Bicgstab:  Solving for Uz, Initial residual = 0.018193921443538506, Final residual = 0.00026752390643626484, No Iterations 6, Solve time = 372.907 ms
[mem] after-UEqn: DEVICE_POOL current=22752 MB  actual(reserved)=38146 MB  highWater=28040 MB
[GinkgoSolver] p-cache: reuse(update_matrix_value) solve=3 rebuildInterval=100
config(Cg+Schwarz(Multigrid)):  Solving for p, Initial residual = 0.017828334242642806, Final residual = 0.00017647420552405064, No Iterations 107, Solve time = 3395.199 ms
time step continuity errors : sum local = 3.443447990350396e-05, global = -2.474378780166399e-06, cumulative = 4.233039313052037e-06
[mem] after-pEqn: DEVICE_POOL current=22752 MB  actual(reserved)=38146 MB  highWater=28040 MB
[GinkgoSolver] p-cache: reuse(update_matrix_value) solve=3 rebuildInterval=0
Schwarz(Jacobi)+Bicgstab:  Solving for omega, Initial residual = 0.0035207206230311676, Final residual = 0.0002899335262764518, No Iterations 1, Solve time = 53.502 ms
bounding omega, min: -11.965287006525909 max: 45385842.4434248 average: 3322.200238339799
[GinkgoSolver] p-cache: reuse(update_matrix_value) solve=3 rebuildInterval=0
Schwarz(Jacobi)+Bicgstab:  Solving for k, Initial residual = 0.013997253964422923, Final residual = 0.0010053297882384972, No Iterations 1, Solve time = 48.806 ms
[mem] after-turb: DEVICE_POOL current=22752 MB  actual(reserved)=38146 MB  highWater=28040 MB
ExecutionTime = 107.6 s  ClockTime = 108 s

Time = 4
[mem] step-start: DEVICE_POOL current=22752 MB  actual(reserved)=38146 MB  highWater=28040 MB
Schwarz(Jacobi)+Bicgstab:  Solving for Ux, Initial residual = 0.0005576542665077493, Final residual = 4.7013379491672447e-05, No Iterations 4, Solve time = 271.329 ms
Schwarz(Jacobi)+Bicgstab:  Solving for Uy, Initial residual = 0.02022307682730515, Final residual = 0.0026666499588361577, No Iterations 4, Solve time = 271.329 ms
Schwarz(Jacobi)+Bicgstab:  Solving for Uz, Initial residual = 0.01048437240275887, Final residual = 0.0007740294735619221, No Iterations 4, Solve time = 271.329 ms
[mem] after-UEqn: DEVICE_POOL current=22752 MB  actual(reserved)=38146 MB  highWater=28040 MB
[GinkgoSolver] p-cache: reuse(update_matrix_value) solve=4 rebuildInterval=100
config(Cg+Schwarz(Multigrid)):  Solving for p, Initial residual = 0.012479022742995427, Final residual = 0.00012428008538339493, No Iterations 121, Solve time = 3831.259 ms
time step continuity errors : sum local = 3.195463989693923e-05, global = 1.3698493443103851e-06, cumulative = 5.6028886573624225e-06
[mem] after-pEqn: DEVICE_POOL current=22752 MB  actual(reserved)=38146 MB  highWater=28040 MB
[GinkgoSolver] p-cache: reuse(update_matrix_value) solve=4 rebuildInterval=0
Schwarz(Jacobi)+Bicgstab:  Solving for omega, Initial residual = 0.0017242621578220916, Final residual = 4.830998818434076e-05, No Iterations 2, Solve time = 75.82 ms
[GinkgoSolver] p-cache: reuse(update_matrix_value) solve=4 rebuildInterval=0
Schwarz(Jacobi)+Bicgstab:  Solving for k, Initial residual = 0.004640876354802681, Final residual = 0.0003933637734429257, No Iterations 1, Solve time = 48.879 ms
[mem] after-turb: DEVICE_POOL current=22752 MB  actual(reserved)=38146 MB  highWater=28040 MB
ExecutionTime = 113.07 s  ClockTime = 113 s

Time = 5
[mem] step-start: DEVICE_POOL current=22752 MB  actual(reserved)=38146 MB  highWater=28040 MB
Schwarz(Jacobi)+Bicgstab:  Solving for Ux, Initial residual = 0.00048204245304838284, Final residual = 3.731616080140595e-05, No Iterations 4, Solve time = 255.142 ms
Schwarz(Jacobi)+Bicgstab:  Solving for Uy, Initial residual = 0.01852424198766903, Final residual = 0.001183218103298121, No Iterations 4, Solve time = 255.142 ms
Schwarz(Jacobi)+Bicgstab:  Solving for Uz, Initial residual = 0.008320421228309428, Final residual = 0.0008064908698674648, No Iterations 4, Solve time = 255.142 ms
[mem] after-UEqn: DEVICE_POOL current=22752 MB  actual(reserved)=38146 MB  highWater=28040 MB
[GinkgoSolver] p-cache: reuse(update_matrix_value) solve=5 rebuildInterval=100
config(Cg+Schwarz(Multigrid)):  Solving for p, Initial residual = 0.010593518096602124, Final residual = 0.00010492828172082254, No Iterations 117, Solve time = 3710.752 ms
time step continuity errors : sum local = 2.9726324675508778e-05, global = 1.4281672047542796e-06, cumulative = 7.031055862116702e-06
[mem] after-pEqn: DEVICE_POOL current=22752 MB  actual(reserved)=38146 MB  highWater=28040 MB
[GinkgoSolver] p-cache: reuse(update_matrix_value) solve=5 rebuildInterval=0
Schwarz(Jacobi)+Bicgstab:  Solving for omega, Initial residual = 0.0009944382860147482, Final residual = 9.813073151712256e-05, No Iterations 1, Solve time = 60.85 ms
[GinkgoSolver] p-cache: reuse(update_matrix_value) solve=5 rebuildInterval=0
Schwarz(Jacobi)+Bicgstab:  Solving for k, Initial residual = 0.0023565278921983583, Final residual = 0.00022365293935841293, No Iterations 1, Solve time = 49.445 ms
[mem] after-turb: DEVICE_POOL current=22752 MB  actual(reserved)=38146 MB  highWater=28040 MB
ExecutionTime = 118.36 s  ClockTime = 119 s

Time = 6
[mem] step-start: DEVICE_POOL current=22752 MB  actual(reserved)=38146 MB  highWater=28040 MB
Schwarz(Jacobi)+Bicgstab:  Solving for Ux, Initial residual = 0.0004357182511831643, Final residual = 2.6404031950451924e-05, No Iterations 5, Solve time = 310.973 ms
Schwarz(Jacobi)+Bicgstab:  Solving for Uy, Initial residual = 0.017971228609451644, Final residual = 0.0015828832296474814, No Iterations 5, Solve time = 310.973 ms
Schwarz(Jacobi)+Bicgstab:  Solving for Uz, Initial residual = 0.006737153347859329, Final residual = 0.0005132248370005864, No Iterations 5, Solve time = 310.973 ms
[mem] after-UEqn: DEVICE_POOL current=22752 MB  actual(reserved)=38146 MB  highWater=28040 MB
[GinkgoSolver] p-cache: reuse(update_matrix_value) solve=6 rebuildInterval=100
config(Cg+Schwarz(Multigrid)):  Solving for p, Initial residual = 0.011150420900614088, Final residual = 0.00010893833666322076, No Iterations 109, Solve time = 3457.484 ms
time step continuity errors : sum local = 3.0196423372898023e-05, global = -6.739066397068569e-07, cumulative = 6.357149222409845e-06
[mem] after-pEqn: DEVICE_POOL current=22752 MB  actual(reserved)=38146 MB  highWater=28040 MB
[GinkgoSolver] p-cache: reuse(update_matrix_value) solve=6 rebuildInterval=0
Schwarz(Jacobi)+Bicgstab:  Solving for omega, Initial residual = 0.0006247486549750999, Final residual = 2.4306620232897045e-05, No Iterations 2, Solve time = 85.903 ms
[GinkgoSolver] p-cache: reuse(update_matrix_value) solve=6 rebuildInterval=0
Schwarz(Jacobi)+Bicgstab:  Solving for k, Initial residual = 0.0016242843850539817, Final residual = 0.00015488715535767845, No Iterations 1, Solve time = 48.436 ms
[mem] after-turb: DEVICE_POOL current=22752 MB  actual(reserved)=38146 MB  highWater=28040 MB
ExecutionTime = 123.48 s  ClockTime = 124 s

Time = 7
[mem] step-start: DEVICE_POOL current=22752 MB  actual(reserved)=38146 MB  highWater=28040 MB
Schwarz(Jacobi)+Bicgstab:  Solving for Ux, Initial residual = 0.00037628217573543665, Final residual = 2.3425542657670034e-05, No Iterations 5, Solve time = 338.237 ms
Schwarz(Jacobi)+Bicgstab:  Solving for Uy, Initial residual = 0.015254247310695862, Final residual = 0.0011605389181730832, No Iterations 5, Solve time = 338.237 ms
Schwarz(Jacobi)+Bicgstab:  Solving for Uz, Initial residual = 0.005140159381687527, Final residual = 0.0002782563954382186, No Iterations 5, Solve time = 338.237 ms
[mem] after-UEqn: DEVICE_POOL current=22752 MB  actual(reserved)=38146 MB  highWater=28040 MB
[GinkgoSolver] p-cache: reuse(update_matrix_value) solve=7 rebuildInterval=100
config(Cg+Schwarz(Multigrid)):  Solving for p, Initial residual = 0.012116218435514366, Final residual = 0.00011555559140677731, No Iterations 104, Solve time = 3300.428 ms
time step continuity errors : sum local = 2.8930955071246226e-05, global = -1.8293394631663733e-06, cumulative = 4.527809759243472e-06
[mem] after-pEqn: DEVICE_POOL current=22752 MB  actual(reserved)=38146 MB  highWater=28040 MB
[GinkgoSolver] p-cache: reuse(update_matrix_value) solve=7 rebuildInterval=0
Schwarz(Jacobi)+Bicgstab:  Solving for omega, Initial residual = 0.0004898355763634504, Final residual = 1.5228732607489844e-05, No Iterations 2, Solve time = 76.652 ms
[GinkgoSolver] p-cache: reuse(update_matrix_value) solve=7 rebuildInterval=0
Schwarz(Jacobi)+Bicgstab:  Solving for k, Initial residual = 0.0011596795345281332, Final residual = 2.4108207012614052e-05, No Iterations 3, Solve time = 95.878 ms
[mem] after-turb: DEVICE_POOL current=22752 MB  actual(reserved)=38146 MB  highWater=28040 MB
ExecutionTime = 128.52 s  ClockTime = 129 s

Time = 8
[mem] step-start: DEVICE_POOL current=22752 MB  actual(reserved)=38146 MB  highWater=28040 MB
Schwarz(Jacobi)+Bicgstab:  Solving for Ux, Initial residual = 0.000316750648089423, Final residual = 2.4966484916950565e-05, No Iterations 5, Solve time = 340.617 ms
Schwarz(Jacobi)+Bicgstab:  Solving for Uy, Initial residual = 0.011377627300807793, Final residual = 0.0002883588411866307, No Iterations 5, Solve time = 340.617 ms
Schwarz(Jacobi)+Bicgstab:  Solving for Uz, Initial residual = 0.0036114195256648335, Final residual = 0.0001965026055851764, No Iterations 5, Solve time = 340.617 ms
[mem] after-UEqn: DEVICE_POOL current=22752 MB  actual(reserved)=38146 MB  highWater=28040 MB
[GinkgoSolver] p-cache: reuse(update_matrix_value) solve=8 rebuildInterval=100
config(Cg+Schwarz(Multigrid)):  Solving for p, Initial residual = 0.013080621679526876, Final residual = 0.0001294309526494558, No Iterations 98, Solve time = 3116.222 ms
time step continuity errors : sum local = 2.8097609859939596e-05, global = 9.193022979185393e-07, cumulative = 5.447112057162011e-06
[mem] after-pEqn: DEVICE_POOL current=22752 MB  actual(reserved)=38146 MB  highWater=28040 MB
[GinkgoSolver] p-cache: reuse(update_matrix_value) solve=8 rebuildInterval=0
Schwarz(Jacobi)+Bicgstab:  Solving for omega, Initial residual = 0.0003596219827920344, Final residual = 1.2434368899298775e-05, No Iterations 2, Solve time = 86.967 ms
[GinkgoSolver] p-cache: reuse(update_matrix_value) solve=8 rebuildInterval=0
Schwarz(Jacobi)+Bicgstab:  Solving for k, Initial residual = 0.0008654539371552134, Final residual = 5.243828605409429e-05, No Iterations 2, Solve time = 72.968 ms
[mem] after-turb: DEVICE_POOL current=22752 MB  actual(reserved)=38146 MB  highWater=28040 MB
ExecutionTime = 133.34 s  ClockTime = 134 s

Time = 9
[mem] step-start: DEVICE_POOL current=22752 MB  actual(reserved)=38146 MB  highWater=28040 MB
Schwarz(Jacobi)+Bicgstab:  Solving for Ux, Initial residual = 0.0002732048850324225, Final residual = 7.287785750116583e-06, No Iterations 5, Solve time = 330.801 ms
Schwarz(Jacobi)+Bicgstab:  Solving for Uy, Initial residual = 0.009186258008771351, Final residual = 0.00044184085892611083, No Iterations 5, Solve time = 330.801 ms
Schwarz(Jacobi)+Bicgstab:  Solving for Uz, Initial residual = 0.002627620765729052, Final residual = 0.0001541828231370656, No Iterations 5, Solve time = 330.801 ms
[mem] after-UEqn: DEVICE_POOL current=22752 MB  actual(reserved)=38146 MB  highWater=28040 MB
[GinkgoSolver] p-cache: reuse(update_matrix_value) solve=9 rebuildInterval=100
config(Cg+Schwarz(Multigrid)):  Solving for p, Initial residual = 0.013754658760810239, Final residual = 0.00013597074729640156, No Iterations 103, Solve time = 3270.005 ms
time step continuity errors : sum local = 2.5710013080677532e-05, global = 1.2751185418038676e-06, cumulative = 6.7222305989658785e-06
[mem] after-pEqn: DEVICE_POOL current=22752 MB  actual(reserved)=38146 MB  highWater=28040 MB
[GinkgoSolver] p-cache: reuse(update_matrix_value) solve=9 rebuildInterval=0
Schwarz(Jacobi)+Bicgstab:  Solving for omega, Initial residual = 0.00027805618026032316, Final residual = 1.0632108594696094e-05, No Iterations 2, Solve time = 77.356 ms
[GinkgoSolver] p-cache: reuse(update_matrix_value) solve=9 rebuildInterval=0
Schwarz(Jacobi)+Bicgstab:  Solving for k, Initial residual = 0.0006654522065343421, Final residual = 3.884608915509186e-05, No Iterations 2, Solve time = 71.797 ms
[mem] after-turb: DEVICE_POOL current=22752 MB  actual(reserved)=38146 MB  highWater=28040 MB
ExecutionTime = 138.34 s  ClockTime = 139 s

Time = 10
[mem] step-start: DEVICE_POOL current=22752 MB  actual(reserved)=38146 MB  highWater=28040 MB
Schwarz(Jacobi)+Bicgstab:  Solving for Ux, Initial residual = 0.0002510007809459461, Final residual = 3.200196956016109e-06, No Iterations 6, Solve time = 387.952 ms
Schwarz(Jacobi)+Bicgstab:  Solving for Uy, Initial residual = 0.010082229184034766, Final residual = 0.00040777758202665545, No Iterations 6, Solve time = 387.952 ms
Schwarz(Jacobi)+Bicgstab:  Solving for Uz, Initial residual = 0.002495838884103502, Final residual = 4.1617531110535385e-05, No Iterations 6, Solve time = 387.952 ms
[mem] after-UEqn: DEVICE_POOL current=22752 MB  actual(reserved)=38146 MB  highWater=28040 MB
[GinkgoSolver] p-cache: reuse(update_matrix_value) solve=10 rebuildInterval=100
config(Cg+Schwarz(Multigrid)):  Solving for p, Initial residual = 0.013898579290875462, Final residual = 0.00013393463930741977, No Iterations 118, Solve time = 3743.732 ms
time step continuity errors : sum local = 2.3215579177240104e-05, global = -2.3272438854465577e-06, cumulative = 4.394986713519321e-06
[mem] after-pEqn: DEVICE_POOL current=22752 MB  actual(reserved)=38146 MB  highWater=28040 MB
[GinkgoSolver] p-cache: reuse(update_matrix_value) solve=10 rebuildInterval=0
Schwarz(Jacobi)+Bicgstab:  Solving for omega, Initial residual = 0.00022456746257664196, Final residual = 9.224746491171637e-06, No Iterations 2, Solve time = 84.372 ms
[GinkgoSolver] p-cache: reuse(update_matrix_value) solve=10 rebuildInterval=0
Schwarz(Jacobi)+Bicgstab:  Solving for k, Initial residual = 0.0005268301399654915, Final residual = 3.275355779233335e-05, No Iterations 2, Solve time = 71.994 ms
[mem] after-turb: DEVICE_POOL current=22752 MB  actual(reserved)=38146 MB  highWater=28040 MB
ExecutionTime = 143.86 s  ClockTime = 144 s

Time = 11
[mem] step-start: DEVICE_POOL current=22752 MB  actual(reserved)=38146 MB  highWater=28040 MB
Schwarz(Jacobi)+Bicgstab:  Solving for Ux, Initial residual = 0.0002401989895982492, Final residual = 1.1084358258642371e-05, No Iterations 5, Solve time = 334.749 ms
Schwarz(Jacobi)+Bicgstab:  Solving for Uy, Initial residual = 0.011088740958269398, Final residual = 0.0003233152108281881, No Iterations 5, Solve time = 334.749 ms
Schwarz(Jacobi)+Bicgstab:  Solving for Uz, Initial residual = 0.0025490284337142, Final residual = 7.271672164137459e-05, No Iterations 5, Solve time = 334.749 ms
[mem] after-UEqn: DEVICE_POOL current=22752 MB  actual(reserved)=38146 MB  highWater=28040 MB
[GinkgoSolver] p-cache: reuse(update_matrix_value) solve=11 rebuildInterval=100
config(Cg+Schwarz(Multigrid)):  Solving for p, Initial residual = 0.013484046753589907, Final residual = 0.00012370144775177648, No Iterations 116, Solve time = 3681.393 ms
time step continuity errors : sum local = 2.199244222062461e-05, global = -1.8280602890759909e-06, cumulative = 2.56692642444333e-06
[mem] after-pEqn: DEVICE_POOL current=22752 MB  actual(reserved)=38146 MB  highWater=28040 MB
[GinkgoSolver] p-cache: reuse(update_matrix_value) solve=11 rebuildInterval=0
Schwarz(Jacobi)+Bicgstab:  Solving for omega, Initial residual = 0.00018510274139305744, Final residual = 8.09884575062702e-06, No Iterations 2, Solve time = 84.874 ms
[GinkgoSolver] p-cache: reuse(update_matrix_value) solve=11 rebuildInterval=0
Schwarz(Jacobi)+Bicgstab:  Solving for k, Initial residual = 0.00043952129344018346, Final residual = 2.8285057689456308e-05, No Iterations 2, Solve time = 71.166 ms
[mem] after-turb: DEVICE_POOL current=22752 MB  actual(reserved)=38146 MB  highWater=28040 MB
ExecutionTime = 149.25 s  ClockTime = 150 s

Time = 12
[mem] step-start: DEVICE_POOL current=22752 MB  actual(reserved)=38146 MB  highWater=28040 MB
Schwarz(Jacobi)+Bicgstab:  Solving for Ux, Initial residual = 0.00022859483224994023, Final residual = 1.4865355833965633e-05, No Iterations 4, Solve time = 261.786 ms
Schwarz(Jacobi)+Bicgstab:  Solving for Uy, Initial residual = 0.01104341800892688, Final residual = 0.0007990252483639271, No Iterations 4, Solve time = 261.786 ms
Schwarz(Jacobi)+Bicgstab:  Solving for Uz, Initial residual = 0.002480164517629212, Final residual = 0.0001209300932232744, No Iterations 4, Solve time = 261.786 ms
[mem] after-UEqn: DEVICE_POOL current=22752 MB  actual(reserved)=38146 MB  highWater=28040 MB
[GinkgoSolver] p-cache: reuse(update_matrix_value) solve=12 rebuildInterval=100
config(Cg+Schwarz(Multigrid)):  Solving for p, Initial residual = 0.012300969926490124, Final residual = 0.00012034638363665166, No Iterations 107, Solve time = 3400.418 ms
time step continuity errors : sum local = 2.3657983355587463e-05, global = 4.895640288925395e-07, cumulative = 3.056490453335869e-06
[mem] after-pEqn: DEVICE_POOL current=22752 MB  actual(reserved)=38146 MB  highWater=28040 MB
[GinkgoSolver] p-cache: reuse(update_matrix_value) solve=12 rebuildInterval=0
Schwarz(Jacobi)+Bicgstab:  Solving for omega, Initial residual = 0.00015606269164887123, Final residual = 7.140889122888301e-06, No Iterations 2, Solve time = 78.347 ms
[GinkgoSolver] p-cache: reuse(update_matrix_value) solve=12 rebuildInterval=0
Schwarz(Jacobi)+Bicgstab:  Solving for k, Initial residual = 0.00038762333047028295, Final residual = 2.5728647028062105e-05, No Iterations 2, Solve time = 71.967 ms
[mem] after-turb: DEVICE_POOL current=22752 MB  actual(reserved)=38146 MB  highWater=28040 MB
ExecutionTime = 154.32 s  ClockTime = 155 s

Time = 13
[mem] step-start: DEVICE_POOL current=22752 MB  actual(reserved)=38146 MB  highWater=28040 MB
Schwarz(Jacobi)+Bicgstab:  Solving for Ux, Initial residual = 0.00021585306194428857, Final residual = 9.423293907817598e-06, No Iterations 4, Solve time = 276.642 ms
Schwarz(Jacobi)+Bicgstab:  Solving for Uy, Initial residual = 0.010265807321221015, Final residual = 0.0005810494407234943, No Iterations 4, Solve time = 276.642 ms
Schwarz(Jacobi)+Bicgstab:  Solving for Uz, Initial residual = 0.0022931945082464806, Final residual = 0.00010868963168139208, No Iterations 4, Solve time = 276.642 ms
[mem] after-UEqn: DEVICE_POOL current=22752 MB  actual(reserved)=38146 MB  highWater=28040 MB
[GinkgoSolver] p-cache: reuse(update_matrix_value) solve=13 rebuildInterval=100
config(Cg+Schwarz(Multigrid)):  Solving for p, Initial residual = 0.01069816436329844, Final residual = 0.00010568267731635652, No Iterations 102, Solve time = 3235.507 ms
time step continuity errors : sum local = 2.349031791638202e-05, global = 1.544701219226763e-06, cumulative = 4.601191672562632e-06
[mem] after-pEqn: DEVICE_POOL current=22752 MB  actual(reserved)=38146 MB  highWater=28040 MB
[GinkgoSolver] p-cache: reuse(update_matrix_value) solve=13 rebuildInterval=0
Schwarz(Jacobi)+Bicgstab:  Solving for omega, Initial residual = 0.00013495636003869147, Final residual = 6.422223221802805e-06, No Iterations 2, Solve time = 87.46 ms
[GinkgoSolver] p-cache: reuse(update_matrix_value) solve=13 rebuildInterval=0
Schwarz(Jacobi)+Bicgstab:  Solving for k, Initial residual = 0.000367742159064276, Final residual = 2.5887482136890218e-05, No Iterations 2, Solve time = 73.544 ms
[mem] after-turb: DEVICE_POOL current=22752 MB  actual(reserved)=38146 MB  highWater=28040 MB
ExecutionTime = 159.21 s  ClockTime = 160 s

Time = 14
[mem] step-start: DEVICE_POOL current=22752 MB  actual(reserved)=38146 MB  highWater=28040 MB
Schwarz(Jacobi)+Bicgstab:  Solving for Ux, Initial residual = 0.0002055314906371117, Final residual = 1.3289813519569876e-05, No Iterations 4, Solve time = 277.04 ms
Schwarz(Jacobi)+Bicgstab:  Solving for Uy, Initial residual = 0.009274096143204092, Final residual = 0.0012366787728228257, No Iterations 4, Solve time = 277.04 ms
Schwarz(Jacobi)+Bicgstab:  Solving for Uz, Initial residual = 0.002089862734599601, Final residual = 0.00023102379115980497, No Iterations 4, Solve time = 277.04 ms
[mem] after-UEqn: DEVICE_POOL current=22752 MB  actual(reserved)=38146 MB  highWater=28040 MB
[GinkgoSolver] p-cache: reuse(update_matrix_value) solve=14 rebuildInterval=100
config(Cg+Schwarz(Multigrid)):  Solving for p, Initial residual = 0.009228266443785606, Final residual = 9.084633651207032e-05, No Iterations 99, Solve time = 3144.372 ms
time step continuity errors : sum local = 2.2621565452988925e-05, global = 6.302960709499111e-07, cumulative = 5.231487743512543e-06
[mem] after-pEqn: DEVICE_POOL current=22752 MB  actual(reserved)=38146 MB  highWater=28040 MB
[GinkgoSolver] p-cache: reuse(update_matrix_value) solve=14 rebuildInterval=0
Schwarz(Jacobi)+Bicgstab:  Solving for omega, Initial residual = 0.00012045695352240463, Final residual = 5.87653154128122e-06, No Iterations 2, Solve time = 85.348 ms
[GinkgoSolver] p-cache: reuse(update_matrix_value) solve=14 rebuildInterval=0
Schwarz(Jacobi)+Bicgstab:  Solving for k, Initial residual = 0.00036023433480332164, Final residual = 2.909756878221072e-05, No Iterations 2, Solve time = 71.437 ms
[mem] after-turb: DEVICE_POOL current=22752 MB  actual(reserved)=38146 MB  highWater=28040 MB
ExecutionTime = 164.03 s  ClockTime = 165 s

Time = 15
[mem] step-start: DEVICE_POOL current=22752 MB  actual(reserved)=38146 MB  highWater=28040 MB
Schwarz(Jacobi)+Bicgstab:  Solving for Ux, Initial residual = 0.00019762576479817408, Final residual = 1.4949996065561114e-05, No Iterations 4, Solve time = 280.817 ms
Schwarz(Jacobi)+Bicgstab:  Solving for Uy, Initial residual = 0.00855906055113707, Final residual = 0.0005037573438120319, No Iterations 4, Solve time = 280.817 ms
Schwarz(Jacobi)+Bicgstab:  Solving for Uz, Initial residual = 0.0019423180231028297, Final residual = 0.00010407581226457583, No Iterations 4, Solve time = 280.817 ms
[mem] after-UEqn: DEVICE_POOL current=22752 MB  actual(reserved)=38146 MB  highWater=28040 MB
[GinkgoSolver] p-cache: reuse(update_matrix_value) solve=15 rebuildInterval=100
config(Cg+Schwarz(Multigrid)):  Solving for p, Initial residual = 0.008203344481714324, Final residual = 7.913214732232173e-05, No Iterations 76, Solve time = 2425.943 ms
time step continuity errors : sum local = 2.1463477931080133e-05, global = -6.934170435260597e-07, cumulative = 4.538070699986484e-06
[mem] after-pEqn: DEVICE_POOL current=22752 MB  actual(reserved)=38146 MB  highWater=28040 MB
[GinkgoSolver] p-cache: reuse(update_matrix_value) solve=15 rebuildInterval=0
Schwarz(Jacobi)+Bicgstab:  Solving for omega, Initial residual = 0.0001097593653147126, Final residual = 5.423224431943337e-06, No Iterations 2, Solve time = 87.043 ms
[GinkgoSolver] p-cache: reuse(update_matrix_value) solve=15 rebuildInterval=0
Schwarz(Jacobi)+Bicgstab:  Solving for k, Initial residual = 0.00035467046718955323, Final residual = 9.497523123802572e-06, No Iterations 3, Solve time = 94.834 ms
[mem] after-turb: DEVICE_POOL current=22752 MB  actual(reserved)=38146 MB  highWater=28040 MB
ExecutionTime = 168.15 s  ClockTime = 169 s

Time = 16
[mem] step-start: DEVICE_POOL current=22752 MB  actual(reserved)=38146 MB  highWater=28040 MB
Schwarz(Jacobi)+Bicgstab:  Solving for Ux, Initial residual = 0.0001901656893833894, Final residual = 7.790490239023072e-06, No Iterations 4, Solve time = 280.016 ms
Schwarz(Jacobi)+Bicgstab:  Solving for Uy, Initial residual = 0.008144764715775275, Final residual = 0.0004216663963715712, No Iterations 4, Solve time = 280.016 ms
Schwarz(Jacobi)+Bicgstab:  Solving for Uz, Initial residual = 0.0018830016001839295, Final residual = 0.00014394266403347885, No Iterations 4, Solve time = 280.016 ms
[mem] after-UEqn: DEVICE_POOL current=22752 MB  actual(reserved)=38146 MB  highWater=28040 MB
[GinkgoSolver] p-cache: reuse(update_matrix_value) solve=16 rebuildInterval=100
config(Cg+Schwarz(Multigrid)):  Solving for p, Initial residual = 0.007649553836782491, Final residual = 7.22627997603729e-05, No Iterations 69, Solve time = 2211.245 ms
time step continuity errors : sum local = 2.0568689072676523e-05, global = -9.522979392216483e-07, cumulative = 3.5857727607648355e-06
[mem] after-pEqn: DEVICE_POOL current=22752 MB  actual(reserved)=38146 MB  highWater=28040 MB
[GinkgoSolver] p-cache: reuse(update_matrix_value) solve=16 rebuildInterval=0
Schwarz(Jacobi)+Bicgstab:  Solving for omega, Initial residual = 0.00010125229786958018, Final residual = 5.117572316569318e-06, No Iterations 2, Solve time = 87.022 ms
[GinkgoSolver] p-cache: reuse(update_matrix_value) solve=16 rebuildInterval=0
Schwarz(Jacobi)+Bicgstab:  Solving for k, Initial residual = 0.0003520177493336521, Final residual = 2.7374885596219268e-05, No Iterations 2, Solve time = 72.207 ms
[mem] after-turb: DEVICE_POOL current=22752 MB  actual(reserved)=38146 MB  highWater=28040 MB
ExecutionTime = 172.04 s  ClockTime = 173 s

Time = 17
[mem] step-start: DEVICE_POOL current=22752 MB  actual(reserved)=38146 MB  highWater=28040 MB
Schwarz(Jacobi)+Bicgstab:  Solving for Ux, Initial residual = 0.00018359827288677103, Final residual = 6.797554196045681e-06, No Iterations 4, Solve time = 277.038 ms
Schwarz(Jacobi)+Bicgstab:  Solving for Uy, Initial residual = 0.007886428395170082, Final residual = 0.0006140987373544999, No Iterations 4, Solve time = 277.038 ms
Schwarz(Jacobi)+Bicgstab:  Solving for Uz, Initial residual = 0.0018144717843050304, Final residual = 9.221482184380051e-05, No Iterations 4, Solve time = 277.038 ms
[mem] after-UEqn: DEVICE_POOL current=22752 MB  actual(reserved)=38146 MB  highWater=28040 MB
[GinkgoSolver] p-cache: reuse(update_matrix_value) solve=17 rebuildInterval=100
config(Cg+Schwarz(Multigrid)):  Solving for p, Initial residual = 0.007260119771405931, Final residual = 7.185645742403581e-05, No Iterations 66, Solve time = 2113.749 ms
time step continuity errors : sum local = 2.1105890370297224e-05, global = -6.191209759364798e-07, cumulative = 2.9666517848283558e-06
[mem] after-pEqn: DEVICE_POOL current=22752 MB  actual(reserved)=38146 MB  highWater=28040 MB
[GinkgoSolver] p-cache: reuse(update_matrix_value) solve=17 rebuildInterval=0
Schwarz(Jacobi)+Bicgstab:  Solving for omega, Initial residual = 9.4295358567696e-05, Final residual = 4.8049727266655325e-06, No Iterations 2, Solve time = 86.478 ms
[GinkgoSolver] p-cache: reuse(update_matrix_value) solve=17 rebuildInterval=0
Schwarz(Jacobi)+Bicgstab:  Solving for k, Initial residual = 0.00035017194645824487, Final residual = 8.38585491302387e-06, No Iterations 3, Solve time = 95.547 ms
[mem] after-turb: DEVICE_POOL current=22752 MB  actual(reserved)=38146 MB  highWater=28040 MB
ExecutionTime = 175.84 s  ClockTime = 176 s

Time = 18
[mem] step-start: DEVICE_POOL current=22752 MB  actual(reserved)=38146 MB  highWater=28040 MB
Schwarz(Jacobi)+Bicgstab:  Solving for Ux, Initial residual = 0.00017591096980133927, Final residual = 6.529947735861086e-06, No Iterations 4, Solve time = 293.899 ms
Schwarz(Jacobi)+Bicgstab:  Solving for Uy, Initial residual = 0.007602350779539399, Final residual = 0.0003191680517410177, No Iterations 4, Solve time = 293.899 ms
Schwarz(Jacobi)+Bicgstab:  Solving for Uz, Initial residual = 0.0017433556496374582, Final residual = 7.206962767097301e-05, No Iterations 4, Solve time = 293.899 ms
[mem] after-UEqn: DEVICE_POOL current=22752 MB  actual(reserved)=38146 MB  highWater=28040 MB
[GinkgoSolver] p-cache: reuse(update_matrix_value) solve=18 rebuildInterval=100
config(Cg+Schwarz(Multigrid)):  Solving for p, Initial residual = 0.006988389150725943, Final residual = 6.474733455112898e-05, No Iterations 71, Solve time = 2267.516 ms
time step continuity errors : sum local = 1.9384925098901203e-05, global = 3.028874280633194e-07, cumulative = 3.269539212891675e-06
[mem] after-pEqn: DEVICE_POOL current=22752 MB  actual(reserved)=38146 MB  highWater=28040 MB
[GinkgoSolver] p-cache: reuse(update_matrix_value) solve=18 rebuildInterval=0
Schwarz(Jacobi)+Bicgstab:  Solving for omega, Initial residual = 8.818422094430821e-05, Final residual = 4.597953823650921e-06, No Iterations 2, Solve time = 74.733 ms
[GinkgoSolver] p-cache: reuse(update_matrix_value) solve=18 rebuildInterval=0
Schwarz(Jacobi)+Bicgstab:  Solving for k, Initial residual = 0.0003501976907117805, Final residual = 3.199977730928806e-05, No Iterations 2, Solve time = 71.734 ms
[mem] after-turb: DEVICE_POOL current=22752 MB  actual(reserved)=38146 MB  highWater=28040 MB
ExecutionTime = 179.79 s  ClockTime = 180 s

Time = 19
[mem] step-start: DEVICE_POOL current=22752 MB  actual(reserved)=38146 MB  highWater=28040 MB
Schwarz(Jacobi)+Bicgstab:  Solving for Ux, Initial residual = 0.0001683794133818906, Final residual = 1.3003008964725259e-05, No Iterations 3, Solve time = 239.452 ms
Schwarz(Jacobi)+Bicgstab:  Solving for Uy, Initial residual = 0.007369768442916537, Final residual = 0.0006441377176654361, No Iterations 3, Solve time = 239.452 ms
Schwarz(Jacobi)+Bicgstab:  Solving for Uz, Initial residual = 0.0017005990130444218, Final residual = 0.0001613235953785163, No Iterations 3, Solve time = 239.452 ms
[mem] after-UEqn: DEVICE_POOL current=22752 MB  actual(reserved)=38146 MB  highWater=28040 MB
[GinkgoSolver] p-cache: reuse(update_matrix_value) solve=19 rebuildInterval=100
config(Cg+Schwarz(Multigrid)):  Solving for p, Initial residual = 0.006736148468206517, Final residual = 6.281263345670856e-05, No Iterations 71, Solve time = 2267.667 ms
time step continuity errors : sum local = 1.9105956302291262e-05, global = 1.22583608396647e-06, cumulative = 4.4953752968581455e-06
[mem] after-pEqn: DEVICE_POOL current=22752 MB  actual(reserved)=38146 MB  highWater=28040 MB
[GinkgoSolver] p-cache: reuse(update_matrix_value) solve=19 rebuildInterval=0
Schwarz(Jacobi)+Bicgstab:  Solving for omega, Initial residual = 8.315609885239184e-05, Final residual = 4.396640628415218e-06, No Iterations 2, Solve time = 87.148 ms
[GinkgoSolver] p-cache: reuse(update_matrix_value) solve=19 rebuildInterval=0
Schwarz(Jacobi)+Bicgstab:  Solving for k, Initial residual = 0.00035032043822921035, Final residual = 8.613238352868506e-06, No Iterations 3, Solve time = 97.185 ms
[mem] after-turb: DEVICE_POOL current=22752 MB  actual(reserved)=38146 MB  highWater=28040 MB
ExecutionTime = 183.71 s  ClockTime = 184 s

Time = 20
[mem] step-start: DEVICE_POOL current=22752 MB  actual(reserved)=38146 MB  highWater=28040 MB
Schwarz(Jacobi)+Bicgstab:  Solving for Ux, Initial residual = 0.0001626625698976316, Final residual = 6.74762886202706e-06, No Iterations 4, Solve time = 272.467 ms
Schwarz(Jacobi)+Bicgstab:  Solving for Uy, Initial residual = 0.007272020673268213, Final residual = 0.0004235285450624958, No Iterations 4, Solve time = 272.467 ms
Schwarz(Jacobi)+Bicgstab:  Solving for Uz, Initial residual = 0.0016999358258902382, Final residual = 0.00018460646315951356, No Iterations 4, Solve time = 272.467 ms
[mem] after-UEqn: DEVICE_POOL current=22752 MB  actual(reserved)=38146 MB  highWater=28040 MB
[GinkgoSolver] p-cache: reuse(update_matrix_value) solve=20 rebuildInterval=100
config(Cg+Schwarz(Multigrid)):  Solving for p, Initial residual = 0.006510003432234457, Final residual = 6.412882445708304e-05, No Iterations 69, Solve time = 2214.131 ms
time step continuity errors : sum local = 1.975220465686532e-05, global = 1.625145741789734e-06, cumulative = 6.12052103864788e-06
[mem] after-pEqn: DEVICE_POOL current=22752 MB  actual(reserved)=38146 MB  highWater=28040 MB
[GinkgoSolver] p-cache: reuse(update_matrix_value) solve=20 rebuildInterval=0
Schwarz(Jacobi)+Bicgstab:  Solving for omega, Initial residual = 7.805900736457628e-05, Final residual = 4.197533692174064e-06, No Iterations 2, Solve time = 86.722 ms
[GinkgoSolver] p-cache: reuse(update_matrix_value) solve=20 rebuildInterval=0
Schwarz(Jacobi)+Bicgstab:  Solving for k, Initial residual = 0.0003505706931144781, Final residual = 8.270408057474321e-06, No Iterations 3, Solve time = 96.404 ms
[mem] after-turb: DEVICE_POOL current=22752 MB  actual(reserved)=38146 MB  highWater=28040 MB
ExecutionTime = 187.62 s  ClockTime = 188 s

Time = 21
[mem] step-start: DEVICE_POOL current=22752 MB  actual(reserved)=38146 MB  highWater=28040 MB
Schwarz(Jacobi)+Bicgstab:  Solving for Ux, Initial residual = 0.00015839389080414873, Final residual = 3.34099482494262e-06, No Iterations 5, Solve time = 334.275 ms
Schwarz(Jacobi)+Bicgstab:  Solving for Uy, Initial residual = 0.0072493899380816325, Final residual = 0.0001587999330408362, No Iterations 5, Solve time = 334.275 ms
Schwarz(Jacobi)+Bicgstab:  Solving for Uz, Initial residual = 0.0017230380338576652, Final residual = 5.966915492183349e-05, No Iterations 5, Solve time = 334.275 ms
[mem] after-UEqn: DEVICE_POOL current=22752 MB  actual(reserved)=38146 MB  highWater=28040 MB
[GinkgoSolver] p-cache: reuse(update_matrix_value) solve=21 rebuildInterval=100
config(Cg+Schwarz(Multigrid)):  Solving for p, Initial residual = 0.006302561525275264, Final residual = 6.17471873302744e-05, No Iterations 67, Solve time = 2144.701 ms
time step continuity errors : sum local = 1.9218036524974866e-05, global = 1.6098683766440289e-06, cumulative = 7.730389415291909e-06
[mem] after-pEqn: DEVICE_POOL current=22752 MB  actual(reserved)=38146 MB  highWater=28040 MB
[GinkgoSolver] p-cache: reuse(update_matrix_value) solve=21 rebuildInterval=0
Schwarz(Jacobi)+Bicgstab:  Solving for omega, Initial residual = 7.373046312924131e-05, Final residual = 4.031396668537981e-06, No Iterations 2, Solve time = 81.411 ms
[GinkgoSolver] p-cache: reuse(update_matrix_value) solve=21 rebuildInterval=0
Schwarz(Jacobi)+Bicgstab:  Solving for k, Initial residual = 0.00035238926977752767, Final residual = 8.403332152054786e-06, No Iterations 3, Solve time = 95.531 ms
[mem] after-turb: DEVICE_POOL current=22752 MB  actual(reserved)=38146 MB  highWater=28040 MB
ExecutionTime = 191.5 s  ClockTime = 192 s

Time = 22
[mem] step-start: DEVICE_POOL current=22752 MB  actual(reserved)=38146 MB  highWater=28040 MB
Schwarz(Jacobi)+Bicgstab:  Solving for Ux, Initial residual = 0.00015576511925585233, Final residual = 1.111424020712422e-05, No Iterations 3, Solve time = 212.638 ms
Schwarz(Jacobi)+Bicgstab:  Solving for Uy, Initial residual = 0.007194662513102404, Final residual = 0.0006019010070825856, No Iterations 3, Solve time = 212.638 ms
Schwarz(Jacobi)+Bicgstab:  Solving for Uz, Initial residual = 0.0017439596762477837, Final residual = 0.00015187123079392887, No Iterations 3, Solve time = 212.638 ms
[mem] after-UEqn: DEVICE_POOL current=22752 MB  actual(reserved)=38146 MB  highWater=28040 MB
[GinkgoSolver] p-cache: reuse(update_matrix_value) solve=22 rebuildInterval=100
config(Cg+Schwarz(Multigrid)):  Solving for p, Initial residual = 0.006124511366037547, Final residual = 5.98538070008511e-05, No Iterations 62, Solve time = 1987.624 ms
time step continuity errors : sum local = 1.8823935467659274e-05, global = 1.2594057907228698e-06, cumulative = 8.989795206014779e-06
[mem] after-pEqn: DEVICE_POOL current=22752 MB  actual(reserved)=38146 MB  highWater=28040 MB
[GinkgoSolver] p-cache: reuse(update_matrix_value) solve=22 rebuildInterval=0
Schwarz(Jacobi)+Bicgstab:  Solving for omega, Initial residual = 6.975970114222985e-05, Final residual = 3.869064175101916e-06, No Iterations 2, Solve time = 86.218 ms
[GinkgoSolver] p-cache: reuse(update_matrix_value) solve=22 rebuildInterval=0
Schwarz(Jacobi)+Bicgstab:  Solving for k, Initial residual = 0.00035439848352077866, Final residual = 8.584649298436695e-06, No Iterations 3, Solve time = 95.484 ms
[mem] after-turb: DEVICE_POOL current=22752 MB  actual(reserved)=38146 MB  highWater=28040 MB
ExecutionTime = 195.12 s  ClockTime = 196 s

Time = 23
[mem] step-start: DEVICE_POOL current=22752 MB  actual(reserved)=38146 MB  highWater=28040 MB
Schwarz(Jacobi)+Bicgstab:  Solving for Ux, Initial residual = 0.0001535052048710143, Final residual = 9.084723746227913e-06, No Iterations 3, Solve time = 224.988 ms
Schwarz(Jacobi)+Bicgstab:  Solving for Uy, Initial residual = 0.007099965747436856, Final residual = 0.0005646963942474852, No Iterations 3, Solve time = 224.988 ms
Schwarz(Jacobi)+Bicgstab:  Solving for Uz, Initial residual = 0.0017578431764749035, Final residual = 0.00014440393784336745, No Iterations 3, Solve time = 224.988 ms
[mem] after-UEqn: DEVICE_POOL current=22752 MB  actual(reserved)=38146 MB  highWater=28040 MB
[GinkgoSolver] p-cache: reuse(update_matrix_value) solve=23 rebuildInterval=100
config(Cg+Schwarz(Multigrid)):  Solving for p, Initial residual = 0.005992205435398427, Final residual = 5.8941212070102436e-05, No Iterations 35, Solve time = 1143.651 ms
time step continuity errors : sum local = 1.8684887998706908e-05, global = 7.635610173935511e-07, cumulative = 9.75335622340833e-06
[mem] after-pEqn: DEVICE_POOL current=22752 MB  actual(reserved)=38146 MB  highWater=28040 MB
[GinkgoSolver] p-cache: reuse(update_matrix_value) solve=23 rebuildInterval=0
Schwarz(Jacobi)+Bicgstab:  Solving for omega, Initial residual = 6.62436853094919e-05, Final residual = 3.729147069552785e-06, No Iterations 2, Solve time = 73.327 ms
[GinkgoSolver] p-cache: reuse(update_matrix_value) solve=23 rebuildInterval=0
Schwarz(Jacobi)+Bicgstab:  Solving for k, Initial residual = 0.00035681574562773015, Final residual = 8.761386106770135e-06, No Iterations 3, Solve time = 93.984 ms
[mem] after-turb: DEVICE_POOL current=22752 MB  actual(reserved)=38146 MB  highWater=28040 MB
ExecutionTime = 197.9 s  ClockTime = 199 s

Time = 24
[mem] step-start: DEVICE_POOL current=22752 MB  actual(reserved)=38146 MB  highWater=28040 MB
Schwarz(Jacobi)+Bicgstab:  Solving for Ux, Initial residual = 0.00015136492239017894, Final residual = 1.0697607158402959e-05, No Iterations 3, Solve time = 222.948 ms
Schwarz(Jacobi)+Bicgstab:  Solving for Uy, Initial residual = 0.006948161042466545, Final residual = 0.000534890001943953, No Iterations 3, Solve time = 222.948 ms
Schwarz(Jacobi)+Bicgstab:  Solving for Uz, Initial residual = 0.0017555465682669363, Final residual = 0.0001397546535453742, No Iterations 3, Solve time = 222.948 ms
[mem] after-UEqn: DEVICE_POOL current=22752 MB  actual(reserved)=38146 MB  highWater=28040 MB
[GinkgoSolver] p-cache: reuse(update_matrix_value) solve=24 rebuildInterval=100
config(Cg+Schwarz(Multigrid)):  Solving for p, Initial residual = 0.0059426339768856975, Final residual = 5.920608068997309e-05, No Iterations 35, Solve time = 1144.682 ms
time step continuity errors : sum local = 1.868887423072562e-05, global = 8.471178571748064e-07, cumulative = 1.0600474080583137e-05
[mem] after-pEqn: DEVICE_POOL current=22752 MB  actual(reserved)=38146 MB  highWater=28040 MB
[GinkgoSolver] p-cache: reuse(update_matrix_value) solve=24 rebuildInterval=0
Schwarz(Jacobi)+Bicgstab:  Solving for omega, Initial residual = 6.304563097918728e-05, Final residual = 3.5901114495702654e-06, No Iterations 2, Solve time = 85.224 ms
[GinkgoSolver] p-cache: reuse(update_matrix_value) solve=24 rebuildInterval=0
Schwarz(Jacobi)+Bicgstab:  Solving for k, Initial residual = 0.00036040555039448504, Final residual = 8.885230568189438e-06, No Iterations 3, Solve time = 92.716 ms
[mem] after-turb: DEVICE_POOL current=22752 MB  actual(reserved)=38146 MB  highWater=28040 MB
ExecutionTime = 200.68 s  ClockTime = 201 s

Time = 25
[mem] step-start: DEVICE_POOL current=22752 MB  actual(reserved)=38146 MB  highWater=28040 MB
Schwarz(Jacobi)+Bicgstab:  Solving for Ux, Initial residual = 0.00014954969196327912, Final residual = 9.472071485903196e-06, No Iterations 3, Solve time = 230.34 ms
Schwarz(Jacobi)+Bicgstab:  Solving for Uy, Initial residual = 0.006774722952832259, Final residual = 0.0005044427555681498, No Iterations 3, Solve time = 230.34 ms
Schwarz(Jacobi)+Bicgstab:  Solving for Uz, Initial residual = 0.001748181442522919, Final residual = 0.0001373092191815953, No Iterations 3, Solve time = 230.34 ms
[mem] after-UEqn: DEVICE_POOL current=22752 MB  actual(reserved)=38146 MB  highWater=28040 MB
[GinkgoSolver] p-cache: reuse(update_matrix_value) solve=25 rebuildInterval=100
config(Cg+Schwarz(Multigrid)):  Solving for p, Initial residual = 0.005872901965082903, Final residual = 5.632020416486889e-05, No Iterations 37, Solve time = 1205.233 ms
time step continuity errors : sum local = 1.774364121190129e-05, global = 1.0417563159494267e-06, cumulative = 1.1642230396532564e-05
[mem] after-pEqn: DEVICE_POOL current=22752 MB  actual(reserved)=38146 MB  highWater=28040 MB
[GinkgoSolver] p-cache: reuse(update_matrix_value) solve=25 rebuildInterval=0
Schwarz(Jacobi)+Bicgstab:  Solving for omega, Initial residual = 6.01803959161866e-05, Final residual = 3.4469422363583795e-06, No Iterations 2, Solve time = 85.667 ms
[GinkgoSolver] p-cache: reuse(update_matrix_value) solve=25 rebuildInterval=0
Schwarz(Jacobi)+Bicgstab:  Solving for k, Initial residual = 0.0003635311358356135, Final residual = 9.030715096238444e-06, No Iterations 3, Solve time = 90.562 ms
[mem] after-turb: DEVICE_POOL current=22752 MB  actual(reserved)=38146 MB  highWater=28040 MB
ExecutionTime = 203.5 s  ClockTime = 204 s

Time = 26
[mem] step-start: DEVICE_POOL current=22752 MB  actual(reserved)=38146 MB  highWater=28040 MB
Schwarz(Jacobi)+Bicgstab:  Solving for Ux, Initial residual = 0.00014691910992868954, Final residual = 8.370529845901252e-06, No Iterations 3, Solve time = 229.535 ms
Schwarz(Jacobi)+Bicgstab:  Solving for Uy, Initial residual = 0.006616750888771059, Final residual = 0.0004814776376385548, No Iterations 3, Solve time = 229.535 ms
Schwarz(Jacobi)+Bicgstab:  Solving for Uz, Initial residual = 0.00174543380599104, Final residual = 0.00013711719712553255, No Iterations 3, Solve time = 229.535 ms
[mem] after-UEqn: DEVICE_POOL current=22752 MB  actual(reserved)=38146 MB  highWater=28040 MB
[GinkgoSolver] p-cache: reuse(update_matrix_value) solve=26 rebuildInterval=100
config(Cg+Schwarz(Multigrid)):  Solving for p, Initial residual = 0.005784439969084948, Final residual = 5.535347854938977e-05, No Iterations 37, Solve time = 1205.859 ms
time step continuity errors : sum local = 1.7439716767663865e-05, global = 1.2074805963251622e-06, cumulative = 1.2849710992857727e-05
[mem] after-pEqn: DEVICE_POOL current=22752 MB  actual(reserved)=38146 MB  highWater=28040 MB
[GinkgoSolver] p-cache: reuse(update_matrix_value) solve=26 rebuildInterval=0
Schwarz(Jacobi)+Bicgstab:  Solving for omega, Initial residual = 5.7660849139699764e-05, Final residual = 3.3408302621225357e-06, No Iterations 2, Solve time = 86.125 ms
bounding omega, min: -52701.654739929974 max: 45356131.86283525 average: 7144.621760581878
[GinkgoSolver] p-cache: reuse(update_matrix_value) solve=26 rebuildInterval=0
Schwarz(Jacobi)+Bicgstab:  Solving for k, Initial residual = 0.00036751513775254473, Final residual = 9.282439935274195e-06, No Iterations 3, Solve time = 94.947 ms
[mem] after-turb: DEVICE_POOL current=22752 MB  actual(reserved)=38146 MB  highWater=28040 MB
ExecutionTime = 206.35 s  ClockTime = 207 s

Time = 27
[mem] step-start: DEVICE_POOL current=22752 MB  actual(reserved)=38146 MB  highWater=28040 MB
Schwarz(Jacobi)+Bicgstab:  Solving for Ux, Initial residual = 0.00014430914815767175, Final residual = 9.132558018302928e-06, No Iterations 3, Solve time = 207.379 ms
Schwarz(Jacobi)+Bicgstab:  Solving for Uy, Initial residual = 0.006478337515267127, Final residual = 0.00046495930849624583, No Iterations 3, Solve time = 207.379 ms
Schwarz(Jacobi)+Bicgstab:  Solving for Uz, Initial residual = 0.0017472741953700993, Final residual = 0.00013892832805518162, No Iterations 3, Solve time = 207.379 ms
[mem] after-UEqn: DEVICE_POOL current=22752 MB  actual(reserved)=38146 MB  highWater=28040 MB
[GinkgoSolver] p-cache: reuse(update_matrix_value) solve=27 rebuildInterval=100
config(Cg+Schwarz(Multigrid)):  Solving for p, Initial residual = 0.005696006979669719, Final residual = 5.636813149380487e-05, No Iterations 37, Solve time = 1203.769 ms
time step continuity errors : sum local = 1.7751780800224687e-05, global = 1.3261764718099363e-06, cumulative = 1.4175887464667664e-05
[mem] after-pEqn: DEVICE_POOL current=22752 MB  actual(reserved)=38146 MB  highWater=28040 MB
[GinkgoSolver] p-cache: reuse(update_matrix_value) solve=27 rebuildInterval=0
Schwarz(Jacobi)+Bicgstab:  Solving for omega, Initial residual = 5.541913998276423e-05, Final residual = 3.245911441027477e-06, No Iterations 2, Solve time = 84.289 ms
[GinkgoSolver] p-cache: reuse(update_matrix_value) solve=27 rebuildInterval=0
Schwarz(Jacobi)+Bicgstab:  Solving for k, Initial residual = 0.0003724730646641152, Final residual = 9.811146928293172e-06, No Iterations 3, Solve time = 92.814 ms
[mem] after-turb: DEVICE_POOL current=22752 MB  actual(reserved)=38146 MB  highWater=28040 MB
ExecutionTime = 209.16 s  ClockTime = 210 s

Time = 28
[mem] step-start: DEVICE_POOL current=22752 MB  actual(reserved)=38146 MB  highWater=28040 MB
Schwarz(Jacobi)+Bicgstab:  Solving for Ux, Initial residual = 0.0001417644783636736, Final residual = 1.335722523745904e-05, No Iterations 3, Solve time = 216.603 ms
Schwarz(Jacobi)+Bicgstab:  Solving for Uy, Initial residual = 0.006350807355402191, Final residual = 0.00045515800288945934, No Iterations 3, Solve time = 216.603 ms
Schwarz(Jacobi)+Bicgstab:  Solving for Uz, Initial residual = 0.0017510313277091913, Final residual = 0.00013964565421358888, No Iterations 3, Solve time = 216.603 ms
[mem] after-UEqn: DEVICE_POOL current=22752 MB  actual(reserved)=38146 MB  highWater=28040 MB
[GinkgoSolver] p-cache: reuse(update_matrix_value) solve=28 rebuildInterval=100
config(Cg+Schwarz(Multigrid)):  Solving for p, Initial residual = 0.005627769361357653, Final residual = 5.4817207893729345e-05, No Iterations 41, Solve time = 1328.018 ms
time step continuity errors : sum local = 1.7221484206770887e-05, global = 1.2444561469193512e-06, cumulative = 1.5420343611587014e-05
[mem] after-pEqn: DEVICE_POOL current=22752 MB  actual(reserved)=38146 MB  highWater=28040 MB
[GinkgoSolver] p-cache: reuse(update_matrix_value) solve=28 rebuildInterval=0
Schwarz(Jacobi)+Bicgstab:  Solving for omega, Initial residual = 5.3449649283895064e-05, Final residual = 3.165006069729131e-06, No Iterations 2, Solve time = 86.694 ms
bounding omega, min: -61.33771486373799 max: 45356031.15407827 average: 7191.787784497869
[GinkgoSolver] p-cache: reuse(update_matrix_value) solve=28 rebuildInterval=0
Schwarz(Jacobi)+Bicgstab:  Solving for k, Initial residual = 0.0003771849495341248, Final residual = 9.707897007057796e-06, No Iterations 3, Solve time = 96.106 ms
[mem] after-turb: DEVICE_POOL current=22752 MB  actual(reserved)=38146 MB  highWater=28040 MB
ExecutionTime = 212.13 s  ClockTime = 213 s

Time = 29
[mem] step-start: DEVICE_POOL current=22752 MB  actual(reserved)=38146 MB  highWater=28040 MB
Schwarz(Jacobi)+Bicgstab:  Solving for Ux, Initial residual = 0.00013906568658519458, Final residual = 5.876914896953774e-06, No Iterations 4, Solve time = 279.521 ms
Schwarz(Jacobi)+Bicgstab:  Solving for Uy, Initial residual = 0.006235119607102454, Final residual = 0.00018108256299906826, No Iterations 4, Solve time = 279.521 ms
Schwarz(Jacobi)+Bicgstab:  Solving for Uz, Initial residual = 0.0017543821644356997, Final residual = 7.600285143053923e-05, No Iterations 4, Solve time = 279.521 ms
[mem] after-UEqn: DEVICE_POOL current=22752 MB  actual(reserved)=38146 MB  highWater=28040 MB
[GinkgoSolver] p-cache: reuse(update_matrix_value) solve=29 rebuildInterval=100
config(Cg+Schwarz(Multigrid)):  Solving for p, Initial residual = 0.005567790614102519, Final residual = 5.5512305686631945e-05, No Iterations 56, Solve time = 1800.251 ms
time step continuity errors : sum local = 1.734282791328181e-05, global = -4.3067418894866565e-07, cumulative = 1.4989669422638348e-05
[mem] after-pEqn: DEVICE_POOL current=22752 MB  actual(reserved)=38146 MB  highWater=28040 MB
[GinkgoSolver] p-cache: reuse(update_matrix_value) solve=29 rebuildInterval=0
Schwarz(Jacobi)+Bicgstab:  Solving for omega, Initial residual = 5.189756397259151e-05, Final residual = 3.1110276655821596e-06, No Iterations 2, Solve time = 87.051 ms
bounding omega, min: -522.3019238024009 max: 45356042.13222116 average: 7213.041438111602
[GinkgoSolver] p-cache: reuse(update_matrix_value) solve=29 rebuildInterval=0
Schwarz(Jacobi)+Bicgstab:  Solving for k, Initial residual = 0.0003835609779722392, Final residual = 9.893185091437137e-06, No Iterations 3, Solve time = 95.205 ms
[mem] after-turb: DEVICE_POOL current=22752 MB  actual(reserved)=38146 MB  highWater=28040 MB
ExecutionTime = 215.62 s  ClockTime = 216 s

Time = 30
[mem] step-start: DEVICE_POOL current=22752 MB  actual(reserved)=38146 MB  highWater=28040 MB
Schwarz(Jacobi)+Bicgstab:  Solving for Ux, Initial residual = 0.00013661365654287817, Final residual = 5.12598259011965e-06, No Iterations 4, Solve time = 271.516 ms
Schwarz(Jacobi)+Bicgstab:  Solving for Uy, Initial residual = 0.006132958768948955, Final residual = 0.00026549674639942143, No Iterations 4, Solve time = 271.516 ms
Schwarz(Jacobi)+Bicgstab:  Solving for Uz, Initial residual = 0.0017514934908129888, Final residual = 6.86443258473759e-05, No Iterations 4, Solve time = 271.516 ms
[mem] after-UEqn: DEVICE_POOL current=22752 MB  actual(reserved)=38146 MB  highWater=28040 MB
[GinkgoSolver] p-cache: reuse(update_matrix_value) solve=30 rebuildInterval=100
config(Cg+Schwarz(Multigrid)):  Solving for p, Initial residual = 0.005549038102232529, Final residual = 5.171232180432041e-05, No Iterations 61, Solve time = 1959.622 ms
time step continuity errors : sum local = 1.587230057234382e-05, global = -1.2764196566110522e-06, cumulative = 1.3713249766027295e-05
[mem] after-pEqn: DEVICE_POOL current=22752 MB  actual(reserved)=38146 MB  highWater=28040 MB
[GinkgoSolver] p-cache: reuse(update_matrix_value) solve=30 rebuildInterval=0
Schwarz(Jacobi)+Bicgstab:  Solving for omega, Initial residual = 5.081220940008623e-05, Final residual = 3.051389137079164e-06, No Iterations 2, Solve time = 76.988 ms
bounding omega, min: -109.7053796039595 max: 45356087.37116951 average: 7232.83019224649
[GinkgoSolver] p-cache: reuse(update_matrix_value) solve=30 rebuildInterval=0
Schwarz(Jacobi)+Bicgstab:  Solving for k, Initial residual = 0.0003911059341899838, Final residual = 1.026430760121286e-05, No Iterations 3, Solve time = 95.677 ms
[mem] after-turb: DEVICE_POOL current=22752 MB  actual(reserved)=38146 MB  highWater=28040 MB
Writing p
Writing U
Writing turbulence variables
ExecutionTime = 220.07 s  ClockTime = 222 s

Finalizing NeoN
Finalising parallel run
