/*---------------------------------------------------------------------------*\
| =========                 |                                                 |
| \\      /  F ield         | OpenFOAM: The Open Source CFD Toolbox           |
|  \\    /   O peration     | Version:  2506                                  |
|   \\  /    A nd           | Website:  www.openfoam.com                      |
|    \\/     M anipulation  |                                                 |
\*---------------------------------------------------------------------------*/
Build  : b050cd9480-20250814 OPENFOAM=2506 version=v2506
Arch   : "LSB;label=32;scalar=64"
Exec   : /storage/home/greole/code/NeoFOAM/build/profilingnvidia_h200/bin/neoSimpleFoam -parallel
Date   : Jul 01 2026
Time   : 19:11:06
Host   : gpu-nvidia-h200-3.int.coma-cluster.de
PID    : 2144118
I/O    : uncollated
Case   : /storage/home/greole/code/NeoFOAM/occDrivAerStaticMesh
nProcs : 4
Hosts  :
(
    (gpu-nvidia-h200-3.int.coma-cluster.de 4)
)
Pstream initialized with:
    node communication : off [type=host] (4 ranks, 1 nodes)
    topology controls  : none
    consensus exchange : 0 (tuning: 0)
    exchange algorithm : 0
    commsType          : nonBlocking
    polling iterations : 0
trapFpe: Floating point exception trapping enabled (FOAM_SIGFPE).
fileModificationChecking : Monitoring run-time modified files using timeStampMaster (fileModificationSkew 5, maxFileModificationPolls 20)
allowSystemOperations : Allowing user-supplied system call operations

// * * * * * * * * * * * * * * * * * * * * * * * * * * * * * * * * * * * * * //
Create time

Initializing NeoN
Creating Executor GPU
Creating NeoFOAM runTime

SIMPLE: no convergence criteria found. Calculations will run for 30 steps.

Reading field p

Reading field U

Reading/calculating face flux field phi

Selecting incompressible transport model Newtonian
NeoFOAM solver config (from fvSolution configFile) for 'config(Cg+Schwarz(Multigrid))':
{
    cacheSolver: true
    configFile: <NeoN::TokenList>
    l1ScaledResidual: true
    preconditionerRebuildInterval: 100
    relTol: 0.010000
    reportName: config(Cg+Schwarz(Multigrid))
    solver: Ginkgo
    tolerance: 0.000000
}
    effective optimize: false
    effective checkFrequency: 1
Mapping OpenFOAM solver settings to NeoN settings.
Currently, it is advisable to specify a configFile
for fine grained Ginkgo solver control

Replacing solver PBiCGStab by solver::Bicgstab
Replacing preconditioner diagonal by preconditioner::Schwarz (Schwarz-wrapped for distributed run)
NeoFOAM solver config (mapped from fvSolution) for 'Schwarz(Jacobi)+Bicgstab':
{
    cacheSolver: true
    criteria: {
        absolute_residual_norm: 0.000000
        initial_residual_norm: 0.100000
        iteration: 1000
    }
    l1ScaledResidual: true
    optimize: true
    preconditioner: {
        local_solver: {
            max_block_size: 1
            type: preconditioner::Jacobi
        }
        type: preconditioner::Schwarz
    }
    reportName: Schwarz(Jacobi)+Bicgstab
    solver: Ginkgo
    type: solver::Bicgstab
}
    effective optimize: true
    effective checkFrequency: 1
Creating phi

[NF][/storage/home/greole/code/NeoFOAM/include/NeoFOAM/auxiliary/readers.hpp::434]: Internal: 49320882, Boundary: 1762558

[NF][/storage/home/greole/code/NeoFOAM/include/NeoFOAM/auxiliary/readers.hpp::434]: Internal: 49333487, Boundary: 1754396

[NF][/storage/home/greole/code/NeoFOAM/include/NeoFOAM/auxiliary/readers.hpp::434]: Internal: 49243125, Boundary: 1362247

[NF][/storage/home/greole/code/NeoFOAM/include/NeoFOAM/auxiliary/readers.hpp::434]: Internal: 49261542, Boundary: 1427829
Selecting patchDistMethod meshWave
Mapping OpenFOAM solver settings to NeoN settings.
Currently, it is advisable to specify a configFile
for fine grained Ginkgo solver control

Replacing solver PBiCGStab by solver::Bicgstab
Replacing preconditioner diagonal by preconditioner::Schwarz (Schwarz-wrapped for distributed run)
NeoFOAM solver config (mapped from fvSolution) for 'Schwarz(Jacobi)+Bicgstab':
{
    cacheSolver: true
    criteria: {
        absolute_residual_norm: 0.000000
        initial_residual_norm: 0.100000
        iteration: 1000
    }
    l1ScaledResidual: true
    optimize: true
    preconditioner: {
        local_solver: {
            max_block_size: 1
            type: preconditioner::Jacobi
        }
        type: preconditioner::Schwarz
    }
    reportName: Schwarz(Jacobi)+Bicgstab
    solver: Ginkgo
    type: solver::Bicgstab
}
    effective optimize: true
    effective checkFrequency: 1
Mapping OpenFOAM solver settings to NeoN settings.
Currently, it is advisable to specify a configFile
for fine grained Ginkgo solver control

Replacing solver PBiCGStab by solver::Bicgstab
Replacing preconditioner diagonal by preconditioner::Schwarz (Schwarz-wrapped for distributed run)
NeoFOAM solver config (mapped from fvSolution) for 'Schwarz(Jacobi)+Bicgstab':
{
    cacheSolver: true
    criteria: {
        absolute_residual_norm: 0.000000
        initial_residual_norm: 0.100000
        iteration: 1000
    }
    l1ScaledResidual: true
    optimize: true
    preconditioner: {
        local_solver: {
            max_block_size: 1
            type: preconditioner::Jacobi
        }
        type: preconditioner::Schwarz
    }
    reportName: Schwarz(Jacobi)+Bicgstab
    solver: Ginkgo
    type: solver::Bicgstab
}
    effective optimize: true
    effective checkFrequency: 1
Starting time loop
Time = 1
[mem] step-start: DEVICE_POOL current=16605 MB  actual(reserved)=38146 MB  highWater=19132 MB
Schwarz(Jacobi)+Bicgstab:  Solving for Ux, Initial residual = 0.0019488956619707577, Final residual = 0.0002389414492225644, No Iterations 3, Solve time = 245.019 ms
Schwarz(Jacobi)+Bicgstab:  Solving for Uy, Initial residual = 0.16486889729307713, Final residual = 0.008211417725346401, No Iterations 3, Solve time = 245.019 ms
Schwarz(Jacobi)+Bicgstab:  Solving for Uz, Initial residual = 0.10478399420301418, Final residual = 0.0049881304163377415, No Iterations 3, Solve time = 245.019 ms
[mem] after-UEqn: DEVICE_POOL current=19099 MB  actual(reserved)=38146 MB  highWater=24387 MB
[GinkgoSolver] p-cache: rebuild(generate) solve=1 rebuildInterval=100
config(Cg+Schwarz(Multigrid)):  Solving for p, Initial residual = 1, Final residual = 0.00999911824470628, No Iterations 122, Solve time = 3948.247 ms
time step continuity errors : sum local = 6.67753790225885e-05, global = 3.259644871809093e-06, cumulative = 3.259644871809093e-06
[mem] after-pEqn: DEVICE_POOL current=20567 MB  actual(reserved)=38146 MB  highWater=24387 MB
[GinkgoSolver] p-cache: rebuild(generate) solve=1 rebuildInterval=0
Schwarz(Jacobi)+Bicgstab:  Solving for omega, Initial residual = 1, Final residual = 0.030747785815503886, No Iterations 1, Solve time = 51.604 ms
bounding omega, min: -52.86743426529017 max: 46109485.04185856 average: 2443.1834313812183
[GinkgoSolver] p-cache: rebuild(generate) solve=1 rebuildInterval=0
Schwarz(Jacobi)+Bicgstab:  Solving for k, Initial residual = 0.9999999999999732, Final residual = 0.043859886525686495, No Iterations 1, Solve time = 52.52 ms
[mem] after-turb: DEVICE_POOL current=22752 MB  actual(reserved)=38146 MB  highWater=24811 MB
ExecutionTime = 92.05 s  ClockTime = 93 s

Time = 2
[mem] step-start: DEVICE_POOL current=22752 MB  actual(reserved)=38146 MB  highWater=24811 MB
Schwarz(Jacobi)+Bicgstab:  Solving for Ux, Initial residual = 0.0012925248537343343, Final residual = 5.9201413630657406e-05, No Iterations 5, Solve time = 331.514 ms
Schwarz(Jacobi)+Bicgstab:  Solving for Uy, Initial residual = 0.06545505513735621, Final residual = 0.002983202836973406, No Iterations 5, Solve time = 331.514 ms
Schwarz(Jacobi)+Bicgstab:  Solving for Uz, Initial residual = 0.04083858762020389, Final residual = 0.0009088122825538869, No Iterations 5, Solve time = 331.514 ms
[mem] after-UEqn: DEVICE_POOL current=22752 MB  actual(reserved)=38146 MB  highWater=28040 MB
[GinkgoSolver] p-cache: reuse(update_matrix_value) solve=2 rebuildInterval=100
config(Cg+Schwarz(Multigrid)):  Solving for p, Initial residual = 0.04021881604884872, Final residual = 0.00040079566570159336, No Iterations 132, Solve time = 3997.404 ms
time step continuity errors : sum local = 4.259565772158718e-05, global = 2.2302227655375594e-06, cumulative = 5.4898676373466524e-06
[mem] after-pEqn: DEVICE_POOL current=22752 MB  actual(reserved)=38146 MB  highWater=28040 MB
[GinkgoSolver] p-cache: reuse(update_matrix_value) solve=2 rebuildInterval=0
Schwarz(Jacobi)+Bicgstab:  Solving for omega, Initial residual = 0.008194653403983329, Final residual = 0.0004780008623612541, No Iterations 1, Solve time = 59.238 ms
bounding omega, min: -1318.868758900248 max: 45305779.4828053 average: 2705.621147334591
[GinkgoSolver] p-cache: reuse(update_matrix_value) solve=2 rebuildInterval=0
Schwarz(Jacobi)+Bicgstab:  Solving for k, Initial residual = 0.07500400541848093, Final residual = 0.004455115868473523, No Iterations 1, Solve time = 50.993 ms
[mem] after-turb: DEVICE_POOL current=22752 MB  actual(reserved)=38146 MB  highWater=28040 MB
ExecutionTime = 97.72 s  ClockTime = 98 s

Time = 3
[mem] step-start: DEVICE_POOL current=22752 MB  actual(reserved)=38146 MB  highWater=28040 MB
Schwarz(Jacobi)+Bicgstab:  Solving for Ux, Initial residual = 0.0008105835756616684, Final residual = 4.785439926260404e-05, No Iterations 6, Solve time = 412.484 ms
Schwarz(Jacobi)+Bicgstab:  Solving for Uy, Initial residual = 0.03251267609041043, Final residual = 0.0006349752612740578, No Iterations 6, Solve time = 412.484 ms
Schwarz(Jacobi)+Bicgstab:  Solving for Uz, Initial residual = 0.01819637141894498, Final residual = 0.0002675572274359667, No Iterations 6, Solve time = 412.484 ms
[mem] after-UEqn: DEVICE_POOL current=22752 MB  actual(reserved)=38146 MB  highWater=28040 MB
[GinkgoSolver] p-cache: reuse(update_matrix_value) solve=3 rebuildInterval=100
config(Cg+Schwarz(Multigrid)):  Solving for p, Initial residual = 0.017865907619257094, Final residual = 0.00017434890253499973, No Iterations 121, Solve time = 3665.776 ms
time step continuity errors : sum local = 3.394628564443615e-05, global = -1.460046264004703e-06, cumulative = 4.029821373341949e-06
[mem] after-pEqn: DEVICE_POOL current=22752 MB  actual(reserved)=38146 MB  highWater=28040 MB
[GinkgoSolver] p-cache: reuse(update_matrix_value) solve=3 rebuildInterval=0
Schwarz(Jacobi)+Bicgstab:  Solving for omega, Initial residual = 0.003520759261465774, Final residual = 0.0002899379581063026, No Iterations 1, Solve time = 59.039 ms
bounding omega, min: -11.965317462663087 max: 45385838.8743219 average: 3322.1695290129906
[GinkgoSolver] p-cache: reuse(update_matrix_value) solve=3 rebuildInterval=0
Schwarz(Jacobi)+Bicgstab:  Solving for k, Initial residual = 0.013997287574281963, Final residual = 0.0010053417995862816, No Iterations 1, Solve time = 50.203 ms
[mem] after-turb: DEVICE_POOL current=22752 MB  actual(reserved)=38146 MB  highWater=28040 MB
ExecutionTime = 103.13 s  ClockTime = 104 s

Time = 4
[mem] step-start: DEVICE_POOL current=22752 MB  actual(reserved)=38146 MB  highWater=28040 MB
Schwarz(Jacobi)+Bicgstab:  Solving for Ux, Initial residual = 0.0005582142436554176, Final residual = 4.702891404010789e-05, No Iterations 4, Solve time = 300.541 ms
Schwarz(Jacobi)+Bicgstab:  Solving for Uy, Initial residual = 0.02022428732627117, Final residual = 0.0026682951282323776, No Iterations 4, Solve time = 300.541 ms
Schwarz(Jacobi)+Bicgstab:  Solving for Uz, Initial residual = 0.010487353454949966, Final residual = 0.0007743230713918386, No Iterations 4, Solve time = 300.541 ms
[mem] after-UEqn: DEVICE_POOL current=22752 MB  actual(reserved)=38146 MB  highWater=28040 MB
[GinkgoSolver] p-cache: reuse(update_matrix_value) solve=4 rebuildInterval=100
config(Cg+Schwarz(Multigrid)):  Solving for p, Initial residual = 0.012476410840506214, Final residual = 0.00012027187175875443, No Iterations 134, Solve time = 4051.448 ms
time step continuity errors : sum local = 3.093376506896701e-05, global = 2.004934501097027e-06, cumulative = 6.0347558744389766e-06
[mem] after-pEqn: DEVICE_POOL current=22752 MB  actual(reserved)=38146 MB  highWater=28040 MB
[GinkgoSolver] p-cache: reuse(update_matrix_value) solve=4 rebuildInterval=0
Schwarz(Jacobi)+Bicgstab:  Solving for omega, Initial residual = 0.0017242769934499719, Final residual = 4.8310870378343336e-05, No Iterations 2, Solve time = 85.66 ms
[GinkgoSolver] p-cache: reuse(update_matrix_value) solve=4 rebuildInterval=0
Schwarz(Jacobi)+Bicgstab:  Solving for k, Initial residual = 0.004640823177148735, Final residual = 0.00039336067388850456, No Iterations 1, Solve time = 49.25 ms
[mem] after-turb: DEVICE_POOL current=22752 MB  actual(reserved)=38146 MB  highWater=28040 MB
ExecutionTime = 108.84 s  ClockTime = 109 s

Time = 5
[mem] step-start: DEVICE_POOL current=22752 MB  actual(reserved)=38146 MB  highWater=28040 MB
Schwarz(Jacobi)+Bicgstab:  Solving for Ux, Initial residual = 0.0004827742109821187, Final residual = 3.742070737611604e-05, No Iterations 4, Solve time = 298.925 ms
Schwarz(Jacobi)+Bicgstab:  Solving for Uy, Initial residual = 0.01852621139585002, Final residual = 0.0011836980746698642, No Iterations 4, Solve time = 298.925 ms
Schwarz(Jacobi)+Bicgstab:  Solving for Uz, Initial residual = 0.00832325145780251, Final residual = 0.0008095178495763731, No Iterations 4, Solve time = 298.925 ms
[mem] after-UEqn: DEVICE_POOL current=22752 MB  actual(reserved)=38146 MB  highWater=28040 MB
[GinkgoSolver] p-cache: reuse(update_matrix_value) solve=5 rebuildInterval=100
config(Cg+Schwarz(Multigrid)):  Solving for p, Initial residual = 0.010584540725980569, Final residual = 0.00010358801211638823, No Iterations 130, Solve time = 3931.791 ms
time step continuity errors : sum local = 2.937873155762213e-05, global = 2.491944059903083e-06, cumulative = 8.526699934342059e-06
[mem] after-pEqn: DEVICE_POOL current=22752 MB  actual(reserved)=38146 MB  highWater=28040 MB
[GinkgoSolver] p-cache: reuse(update_matrix_value) solve=5 rebuildInterval=0
Schwarz(Jacobi)+Bicgstab:  Solving for omega, Initial residual = 0.000994441767317494, Final residual = 9.813421206914587e-05, No Iterations 1, Solve time = 51.477 ms
[GinkgoSolver] p-cache: reuse(update_matrix_value) solve=5 rebuildInterval=0
Schwarz(Jacobi)+Bicgstab:  Solving for k, Initial residual = 0.0023564970865319673, Final residual = 0.00022365090578618148, No Iterations 1, Solve time = 48.482 ms
[mem] after-turb: DEVICE_POOL current=22752 MB  actual(reserved)=38146 MB  highWater=28040 MB
ExecutionTime = 114.39 s  ClockTime = 115 s

Time = 6
[mem] step-start: DEVICE_POOL current=22752 MB  actual(reserved)=38146 MB  highWater=28040 MB
Schwarz(Jacobi)+Bicgstab:  Solving for Ux, Initial residual = 0.00043591931235558107, Final residual = 2.6346409800734286e-05, No Iterations 5, Solve time = 349.281 ms
Schwarz(Jacobi)+Bicgstab:  Solving for Uy, Initial residual = 0.01796988022680664, Final residual = 0.0015816273836834467, No Iterations 5, Solve time = 349.281 ms
Schwarz(Jacobi)+Bicgstab:  Solving for Uz, Initial residual = 0.006737705916313522, Final residual = 0.0005121587331908513, No Iterations 5, Solve time = 349.281 ms
[mem] after-UEqn: DEVICE_POOL current=22752 MB  actual(reserved)=38146 MB  highWater=28040 MB
[GinkgoSolver] p-cache: reuse(update_matrix_value) solve=6 rebuildInterval=100
config(Cg+Schwarz(Multigrid)):  Solving for p, Initial residual = 0.011140959942668985, Final residual = 0.00011116242309013337, No Iterations 122, Solve time = 3697.195 ms
time step continuity errors : sum local = 3.0843885423740175e-05, global = 5.777048577778962e-07, cumulative = 9.104404792119955e-06
[mem] after-pEqn: DEVICE_POOL current=22752 MB  actual(reserved)=38146 MB  highWater=28040 MB
[GinkgoSolver] p-cache: reuse(update_matrix_value) solve=6 rebuildInterval=0
Schwarz(Jacobi)+Bicgstab:  Solving for omega, Initial residual = 0.0006247387164342036, Final residual = 2.4307229916776677e-05, No Iterations 2, Solve time = 83.839 ms
[GinkgoSolver] p-cache: reuse(update_matrix_value) solve=6 rebuildInterval=0
Schwarz(Jacobi)+Bicgstab:  Solving for k, Initial residual = 0.0016242681304614217, Final residual = 0.0001548868916878455, No Iterations 1, Solve time = 48.384 ms
[mem] after-turb: DEVICE_POOL current=22752 MB  actual(reserved)=38146 MB  highWater=28040 MB
ExecutionTime = 119.79 s  ClockTime = 120 s

Time = 7
[mem] step-start: DEVICE_POOL current=22752 MB  actual(reserved)=38146 MB  highWater=28040 MB
Schwarz(Jacobi)+Bicgstab:  Solving for Ux, Initial residual = 0.00037590242447061605, Final residual = 2.3464168056043793e-05, No Iterations 5, Solve time = 351.638 ms
Schwarz(Jacobi)+Bicgstab:  Solving for Uy, Initial residual = 0.015251741265481856, Final residual = 0.001161927666160519, No Iterations 5, Solve time = 351.638 ms
Schwarz(Jacobi)+Bicgstab:  Solving for Uz, Initial residual = 0.0051401730110043784, Final residual = 0.0002779753067522678, No Iterations 5, Solve time = 351.638 ms
[mem] after-UEqn: DEVICE_POOL current=22752 MB  actual(reserved)=38146 MB  highWater=28040 MB
[GinkgoSolver] p-cache: reuse(update_matrix_value) solve=7 rebuildInterval=100
config(Cg+Schwarz(Multigrid)):  Solving for p, Initial residual = 0.012109815519628118, Final residual = 0.00011568701127890915, No Iterations 116, Solve time = 3517.525 ms
time step continuity errors : sum local = 2.8981111662272283e-05, global = -1.4122053751948512e-06, cumulative = 7.692199416925103e-06
[mem] after-pEqn: DEVICE_POOL current=22752 MB  actual(reserved)=38146 MB  highWater=28040 MB
[GinkgoSolver] p-cache: reuse(update_matrix_value) solve=7 rebuildInterval=0
Schwarz(Jacobi)+Bicgstab:  Solving for omega, Initial residual = 0.0004898355078718549, Final residual = 1.5228743079656352e-05, No Iterations 2, Solve time = 85.23 ms
[GinkgoSolver] p-cache: reuse(update_matrix_value) solve=7 rebuildInterval=0
Schwarz(Jacobi)+Bicgstab:  Solving for k, Initial residual = 0.0011596854814248517, Final residual = 2.4108418212268856e-05, No Iterations 3, Solve time = 95.858 ms
[mem] after-turb: DEVICE_POOL current=22752 MB  actual(reserved)=38146 MB  highWater=28040 MB
ExecutionTime = 125.04 s  ClockTime = 126 s

Time = 8
[mem] step-start: DEVICE_POOL current=22752 MB  actual(reserved)=38146 MB  highWater=28040 MB
Schwarz(Jacobi)+Bicgstab:  Solving for Ux, Initial residual = 0.00031664584636203075, Final residual = 2.4915997350840225e-05, No Iterations 5, Solve time = 347.501 ms
Schwarz(Jacobi)+Bicgstab:  Solving for Uy, Initial residual = 0.011374406884839663, Final residual = 0.00029575701975609206, No Iterations 5, Solve time = 347.501 ms
Schwarz(Jacobi)+Bicgstab:  Solving for Uz, Initial residual = 0.003610756027875767, Final residual = 0.00019668963125788196, No Iterations 5, Solve time = 347.501 ms
[mem] after-UEqn: DEVICE_POOL current=22752 MB  actual(reserved)=38146 MB  highWater=28040 MB
[GinkgoSolver] p-cache: reuse(update_matrix_value) solve=8 rebuildInterval=100
config(Cg+Schwarz(Multigrid)):  Solving for p, Initial residual = 0.013080326113921728, Final residual = 0.00012932598882616454, No Iterations 108, Solve time = 3275.583 ms
time step continuity errors : sum local = 2.8071266114604175e-05, global = 8.281026331208778e-07, cumulative = 8.520302050045982e-06
[mem] after-pEqn: DEVICE_POOL current=22752 MB  actual(reserved)=38146 MB  highWater=28040 MB
[GinkgoSolver] p-cache: reuse(update_matrix_value) solve=8 rebuildInterval=0
Schwarz(Jacobi)+Bicgstab:  Solving for omega, Initial residual = 0.0003596259331633897, Final residual = 1.2434509550229554e-05, No Iterations 2, Solve time = 86.805 ms
[GinkgoSolver] p-cache: reuse(update_matrix_value) solve=8 rebuildInterval=0
Schwarz(Jacobi)+Bicgstab:  Solving for k, Initial residual = 0.000865455949664781, Final residual = 5.24518995625069e-05, No Iterations 2, Solve time = 71.793 ms
[mem] after-turb: DEVICE_POOL current=22752 MB  actual(reserved)=38146 MB  highWater=28040 MB
ExecutionTime = 130.04 s  ClockTime = 131 s

Time = 9
[mem] step-start: DEVICE_POOL current=22752 MB  actual(reserved)=38146 MB  highWater=28040 MB
Schwarz(Jacobi)+Bicgstab:  Solving for Ux, Initial residual = 0.0002736259393685732, Final residual = 7.307682632830996e-06, No Iterations 5, Solve time = 344.01 ms
Schwarz(Jacobi)+Bicgstab:  Solving for Uy, Initial residual = 0.009185744754220548, Final residual = 0.0004443754916439725, No Iterations 5, Solve time = 344.01 ms
Schwarz(Jacobi)+Bicgstab:  Solving for Uz, Initial residual = 0.002627430461302765, Final residual = 0.00015414036749527308, No Iterations 5, Solve time = 344.01 ms
[mem] after-UEqn: DEVICE_POOL current=22752 MB  actual(reserved)=38146 MB  highWater=28040 MB
[GinkgoSolver] p-cache: reuse(update_matrix_value) solve=9 rebuildInterval=100
config(Cg+Schwarz(Multigrid)):  Solving for p, Initial residual = 0.013770068836456666, Final residual = 0.0001358366316634295, No Iterations 113, Solve time = 3426.505 ms
time step continuity errors : sum local = 2.5651376578165175e-05, global = 1.0953393193978153e-06, cumulative = 9.615641369443796e-06
[mem] after-pEqn: DEVICE_POOL current=22752 MB  actual(reserved)=38146 MB  highWater=28040 MB
[GinkgoSolver] p-cache: reuse(update_matrix_value) solve=9 rebuildInterval=0
Schwarz(Jacobi)+Bicgstab:  Solving for omega, Initial residual = 0.0002780556368685428, Final residual = 1.0631716821094322e-05, No Iterations 2, Solve time = 77.224 ms
[GinkgoSolver] p-cache: reuse(update_matrix_value) solve=9 rebuildInterval=0
Schwarz(Jacobi)+Bicgstab:  Solving for k, Initial residual = 0.0006654489417265795, Final residual = 3.885273170834507e-05, No Iterations 2, Solve time = 73.625 ms
[mem] after-turb: DEVICE_POOL current=22752 MB  actual(reserved)=38146 MB  highWater=28040 MB
ExecutionTime = 135.2 s  ClockTime = 136 s

Time = 10
[mem] step-start: DEVICE_POOL current=22752 MB  actual(reserved)=38146 MB  highWater=28040 MB
Schwarz(Jacobi)+Bicgstab:  Solving for Ux, Initial residual = 0.00025172724210617564, Final residual = 3.2031498439472026e-06, No Iterations 6, Solve time = 419.735 ms
Schwarz(Jacobi)+Bicgstab:  Solving for Uy, Initial residual = 0.010089957911633729, Final residual = 0.00041572181080449166, No Iterations 6, Solve time = 419.735 ms
Schwarz(Jacobi)+Bicgstab:  Solving for Uz, Initial residual = 0.0024962548992960966, Final residual = 4.163731839538848e-05, No Iterations 6, Solve time = 419.735 ms
[mem] after-UEqn: DEVICE_POOL current=22752 MB  actual(reserved)=38146 MB  highWater=28040 MB
[GinkgoSolver] p-cache: reuse(update_matrix_value) solve=10 rebuildInterval=100
config(Cg+Schwarz(Multigrid)):  Solving for p, Initial residual = 0.013946690206765554, Final residual = 0.00013613886442208727, No Iterations 129, Solve time = 3894.854 ms
time step continuity errors : sum local = 2.351550382986886e-05, global = -2.848733484895167e-06, cumulative = 6.76690788454863e-06
[mem] after-pEqn: DEVICE_POOL current=22752 MB  actual(reserved)=38146 MB  highWater=28040 MB
[GinkgoSolver] p-cache: reuse(update_matrix_value) solve=10 rebuildInterval=0
Schwarz(Jacobi)+Bicgstab:  Solving for omega, Initial residual = 0.00022456481778475925, Final residual = 9.22366512656874e-06, No Iterations 2, Solve time = 86.691 ms
[GinkgoSolver] p-cache: reuse(update_matrix_value) solve=10 rebuildInterval=0
Schwarz(Jacobi)+Bicgstab:  Solving for k, Initial residual = 0.000526820897370424, Final residual = 3.275843757287059e-05, No Iterations 2, Solve time = 73.94 ms
[mem] after-turb: DEVICE_POOL current=22752 MB  actual(reserved)=38146 MB  highWater=28040 MB
ExecutionTime = 140.88 s  ClockTime = 142 s

Time = 11
[mem] step-start: DEVICE_POOL current=22752 MB  actual(reserved)=38146 MB  highWater=28040 MB
Schwarz(Jacobi)+Bicgstab:  Solving for Ux, Initial residual = 0.0002410521503737981, Final residual = 1.0835355420367918e-05, No Iterations 5, Solve time = 336.913 ms
Schwarz(Jacobi)+Bicgstab:  Solving for Uy, Initial residual = 0.011097389698206634, Final residual = 0.0003244446977035687, No Iterations 5, Solve time = 336.913 ms
Schwarz(Jacobi)+Bicgstab:  Solving for Uz, Initial residual = 0.002549446677700654, Final residual = 7.2765092526141e-05, No Iterations 5, Solve time = 336.913 ms
[mem] after-UEqn: DEVICE_POOL current=22752 MB  actual(reserved)=38146 MB  highWater=28040 MB
[GinkgoSolver] p-cache: reuse(update_matrix_value) solve=11 rebuildInterval=100
config(Cg+Schwarz(Multigrid)):  Solving for p, Initial residual = 0.01353535563936583, Final residual = 0.00013466688568704457, No Iterations 125, Solve time = 3784.695 ms
time step continuity errors : sum local = 2.385534942258602e-05, global = -2.2721461081746885e-06, cumulative = 4.494761776373941e-06
[mem] after-pEqn: DEVICE_POOL current=22752 MB  actual(reserved)=38146 MB  highWater=28040 MB
[GinkgoSolver] p-cache: reuse(update_matrix_value) solve=11 rebuildInterval=0
Schwarz(Jacobi)+Bicgstab:  Solving for omega, Initial residual = 0.00018510014771148703, Final residual = 8.098162193399486e-06, No Iterations 2, Solve time = 86.812 ms
[GinkgoSolver] p-cache: reuse(update_matrix_value) solve=11 rebuildInterval=0
Schwarz(Jacobi)+Bicgstab:  Solving for k, Initial residual = 0.0004395139077610208, Final residual = 2.8287612911360993e-05, No Iterations 2, Solve time = 72.712 ms
[mem] after-turb: DEVICE_POOL current=22752 MB  actual(reserved)=38146 MB  highWater=28040 MB
ExecutionTime = 146.39 s  ClockTime = 147 s

Time = 12
[mem] step-start: DEVICE_POOL current=22752 MB  actual(reserved)=38146 MB  highWater=28040 MB
Schwarz(Jacobi)+Bicgstab:  Solving for Ux, Initial residual = 0.00022910090896070617, Final residual = 1.4587044622615613e-05, No Iterations 4, Solve time = 294.546 ms
Schwarz(Jacobi)+Bicgstab:  Solving for Uy, Initial residual = 0.011045982171899374, Final residual = 0.0008042705098586171, No Iterations 4, Solve time = 294.546 ms
Schwarz(Jacobi)+Bicgstab:  Solving for Uz, Initial residual = 0.002479534995408281, Final residual = 0.00012088467580621969, No Iterations 4, Solve time = 294.546 ms
[mem] after-UEqn: DEVICE_POOL current=22752 MB  actual(reserved)=38146 MB  highWater=28040 MB
[GinkgoSolver] p-cache: reuse(update_matrix_value) solve=12 rebuildInterval=100
config(Cg+Schwarz(Multigrid)):  Solving for p, Initial residual = 0.012336727027590772, Final residual = 0.00012198474257124128, No Iterations 117, Solve time = 3547.265 ms
time step continuity errors : sum local = 2.3914037383424252e-05, global = 2.740194639028206e-08, cumulative = 4.522163722764224e-06
[mem] after-pEqn: DEVICE_POOL current=22752 MB  actual(reserved)=38146 MB  highWater=28040 MB
[GinkgoSolver] p-cache: reuse(update_matrix_value) solve=12 rebuildInterval=0
Schwarz(Jacobi)+Bicgstab:  Solving for omega, Initial residual = 0.00015606474452027592, Final residual = 7.140767804515124e-06, No Iterations 2, Solve time = 84.772 ms
[GinkgoSolver] p-cache: reuse(update_matrix_value) solve=12 rebuildInterval=0
Schwarz(Jacobi)+Bicgstab:  Solving for k, Initial residual = 0.00038762847320270705, Final residual = 2.573269200165101e-05, No Iterations 2, Solve time = 71.203 ms
[mem] after-turb: DEVICE_POOL current=22752 MB  actual(reserved)=38146 MB  highWater=28040 MB
ExecutionTime = 151.6 s  ClockTime = 152 s

Time = 13
[mem] step-start: DEVICE_POOL current=22752 MB  actual(reserved)=38146 MB  highWater=28040 MB
Schwarz(Jacobi)+Bicgstab:  Solving for Ux, Initial residual = 0.00021605243002657278, Final residual = 9.41770438190829e-06, No Iterations 4, Solve time = 298.015 ms
Schwarz(Jacobi)+Bicgstab:  Solving for Uy, Initial residual = 0.010265722553368155, Final residual = 0.0005811946231345106, No Iterations 4, Solve time = 298.015 ms
Schwarz(Jacobi)+Bicgstab:  Solving for Uz, Initial residual = 0.002292498994767527, Final residual = 0.00010820631638940984, No Iterations 4, Solve time = 298.015 ms
[mem] after-UEqn: DEVICE_POOL current=22752 MB  actual(reserved)=38146 MB  highWater=28040 MB
[GinkgoSolver] p-cache: reuse(update_matrix_value) solve=13 rebuildInterval=100
config(Cg+Schwarz(Multigrid)):  Solving for p, Initial residual = 0.010707561427466287, Final residual = 0.00010373468875660465, No Iterations 112, Solve time = 3397.562 ms
time step continuity errors : sum local = 2.303999146739754e-05, global = 1.68103980766392e-06, cumulative = 6.203203530428144e-06
[mem] after-pEqn: DEVICE_POOL current=22752 MB  actual(reserved)=38146 MB  highWater=28040 MB
[GinkgoSolver] p-cache: reuse(update_matrix_value) solve=13 rebuildInterval=0
Schwarz(Jacobi)+Bicgstab:  Solving for omega, Initial residual = 0.0001349570868209499, Final residual = 6.422237986019975e-06, No Iterations 2, Solve time = 86.082 ms
[GinkgoSolver] p-cache: reuse(update_matrix_value) solve=13 rebuildInterval=0
Schwarz(Jacobi)+Bicgstab:  Solving for k, Initial residual = 0.00036774341446947807, Final residual = 2.5894032355006464e-05, No Iterations 2, Solve time = 71.134 ms
[mem] after-turb: DEVICE_POOL current=22752 MB  actual(reserved)=38146 MB  highWater=28040 MB
ExecutionTime = 156.67 s  ClockTime = 157 s

Time = 14
[mem] step-start: DEVICE_POOL current=22752 MB  actual(reserved)=38146 MB  highWater=28040 MB
Schwarz(Jacobi)+Bicgstab:  Solving for Ux, Initial residual = 0.0002056267438047637, Final residual = 1.3115124219537069e-05, No Iterations 4, Solve time = 294.806 ms
Schwarz(Jacobi)+Bicgstab:  Solving for Uy, Initial residual = 0.009262541242849464, Final residual = 0.0012711938871026918, No Iterations 4, Solve time = 294.806 ms
Schwarz(Jacobi)+Bicgstab:  Solving for Uz, Initial residual = 0.0020883677997529646, Final residual = 0.0002215126861650899, No Iterations 4, Solve time = 294.806 ms
[mem] after-UEqn: DEVICE_POOL current=22752 MB  actual(reserved)=38146 MB  highWater=28040 MB
[GinkgoSolver] p-cache: reuse(update_matrix_value) solve=14 rebuildInterval=100
config(Cg+Schwarz(Multigrid)):  Solving for p, Initial residual = 0.009217448988851483, Final residual = 9.053092030015501e-05, No Iterations 96, Solve time = 2918.517 ms
time step continuity errors : sum local = 2.2563375252724595e-05, global = 1.012854305559627e-06, cumulative = 7.216057835987771e-06
[mem] after-pEqn: DEVICE_POOL current=22752 MB  actual(reserved)=38146 MB  highWater=28040 MB
[GinkgoSolver] p-cache: reuse(update_matrix_value) solve=14 rebuildInterval=0
Schwarz(Jacobi)+Bicgstab:  Solving for omega, Initial residual = 0.00012045623472886982, Final residual = 5.876062229566154e-06, No Iterations 2, Solve time = 85.899 ms
[GinkgoSolver] p-cache: reuse(update_matrix_value) solve=14 rebuildInterval=0
Schwarz(Jacobi)+Bicgstab:  Solving for k, Initial residual = 0.0003602348796793577, Final residual = 2.9120349571070735e-05, No Iterations 2, Solve time = 73.808 ms
[mem] after-turb: DEVICE_POOL current=22752 MB  actual(reserved)=38146 MB  highWater=28040 MB
ExecutionTime = 161.24 s  ClockTime = 162 s

Time = 15
[mem] step-start: DEVICE_POOL current=22752 MB  actual(reserved)=38146 MB  highWater=28040 MB
Schwarz(Jacobi)+Bicgstab:  Solving for Ux, Initial residual = 0.00019770704712230075, Final residual = 1.501358204662038e-05, No Iterations 4, Solve time = 297.858 ms
Schwarz(Jacobi)+Bicgstab:  Solving for Uy, Initial residual = 0.008527475111527117, Final residual = 0.0005102977365952271, No Iterations 4, Solve time = 297.858 ms
Schwarz(Jacobi)+Bicgstab:  Solving for Uz, Initial residual = 0.0019389533088850002, Final residual = 0.00010368596481349629, No Iterations 4, Solve time = 297.858 ms
[mem] after-UEqn: DEVICE_POOL current=22752 MB  actual(reserved)=38146 MB  highWater=28040 MB
[GinkgoSolver] p-cache: reuse(update_matrix_value) solve=15 rebuildInterval=100
config(Cg+Schwarz(Multigrid)):  Solving for p, Initial residual = 0.00823100269448053, Final residual = 8.101847962083846e-05, No Iterations 87, Solve time = 2647.321 ms
time step continuity errors : sum local = 2.1895633253960675e-05, global = -8.197181162904867e-07, cumulative = 6.396339719697284e-06
[mem] after-pEqn: DEVICE_POOL current=22752 MB  actual(reserved)=38146 MB  highWater=28040 MB
[GinkgoSolver] p-cache: reuse(update_matrix_value) solve=15 rebuildInterval=0
Schwarz(Jacobi)+Bicgstab:  Solving for omega, Initial residual = 0.00010975624945560118, Final residual = 5.422883294075809e-06, No Iterations 2, Solve time = 81.133 ms
[GinkgoSolver] p-cache: reuse(update_matrix_value) solve=15 rebuildInterval=0
Schwarz(Jacobi)+Bicgstab:  Solving for k, Initial residual = 0.0003546617722831642, Final residual = 9.501123862273217e-06, No Iterations 3, Solve time = 94.993 ms
[mem] after-turb: DEVICE_POOL current=22752 MB  actual(reserved)=38146 MB  highWater=28040 MB
ExecutionTime = 165.6 s  ClockTime = 166 s

Time = 16
[mem] step-start: DEVICE_POOL current=22752 MB  actual(reserved)=38146 MB  highWater=28040 MB
Schwarz(Jacobi)+Bicgstab:  Solving for Ux, Initial residual = 0.00018992161942888084, Final residual = 5.5999622263837e-06, No Iterations 5, Solve time = 346.631 ms
Schwarz(Jacobi)+Bicgstab:  Solving for Uy, Initial residual = 0.008130812156929457, Final residual = 0.00021156910512860934, No Iterations 5, Solve time = 346.631 ms
Schwarz(Jacobi)+Bicgstab:  Solving for Uz, Initial residual = 0.0018816011859079163, Final residual = 7.385479511951868e-05, No Iterations 5, Solve time = 346.631 ms
[mem] after-UEqn: DEVICE_POOL current=22752 MB  actual(reserved)=38146 MB  highWater=28040 MB
[GinkgoSolver] p-cache: reuse(update_matrix_value) solve=16 rebuildInterval=100
config(Cg+Schwarz(Multigrid)):  Solving for p, Initial residual = 0.00764250443016795, Final residual = 7.337945809637292e-05, No Iterations 76, Solve time = 2319.083 ms
time step continuity errors : sum local = 2.0884591146772e-05, global = -1.140561894259107e-06, cumulative = 5.255777825438177e-06
[mem] after-pEqn: DEVICE_POOL current=22752 MB  actual(reserved)=38146 MB  highWater=28040 MB
[GinkgoSolver] p-cache: reuse(update_matrix_value) solve=16 rebuildInterval=0
Schwarz(Jacobi)+Bicgstab:  Solving for omega, Initial residual = 0.0001012486527085645, Final residual = 5.115669670990953e-06, No Iterations 2, Solve time = 80.114 ms
[GinkgoSolver] p-cache: reuse(update_matrix_value) solve=16 rebuildInterval=0
Schwarz(Jacobi)+Bicgstab:  Solving for k, Initial residual = 0.00035202367311994355, Final residual = 2.7334604373638717e-05, No Iterations 2, Solve time = 71.236 ms
[mem] after-turb: DEVICE_POOL current=22752 MB  actual(reserved)=38146 MB  highWater=28040 MB
ExecutionTime = 169.63 s  ClockTime = 170 s

Time = 17
[mem] step-start: DEVICE_POOL current=22752 MB  actual(reserved)=38146 MB  highWater=28040 MB
Schwarz(Jacobi)+Bicgstab:  Solving for Ux, Initial residual = 0.00018315517953305325, Final residual = 6.6644166801604675e-06, No Iterations 5, Solve time = 358.262 ms
Schwarz(Jacobi)+Bicgstab:  Solving for Uy, Initial residual = 0.007861729475446578, Final residual = 0.00026999449758165217, No Iterations 5, Solve time = 358.262 ms
Schwarz(Jacobi)+Bicgstab:  Solving for Uz, Initial residual = 0.0018190350754340697, Final residual = 4.549871231512353e-05, No Iterations 5, Solve time = 358.262 ms
[mem] after-UEqn: DEVICE_POOL current=22752 MB  actual(reserved)=38146 MB  highWater=28040 MB
[GinkgoSolver] p-cache: reuse(update_matrix_value) solve=17 rebuildInterval=100
config(Cg+Schwarz(Multigrid)):  Solving for p, Initial residual = 0.007255729877943717, Final residual = 7.076485484638911e-05, No Iterations 75, Solve time = 2285.6 ms
time step continuity errors : sum local = 2.0802347688108717e-05, global = -8.017938125861508e-07, cumulative = 4.453984012852026e-06
[mem] after-pEqn: DEVICE_POOL current=22752 MB  actual(reserved)=38146 MB  highWater=28040 MB
[GinkgoSolver] p-cache: reuse(update_matrix_value) solve=17 rebuildInterval=0
Schwarz(Jacobi)+Bicgstab:  Solving for omega, Initial residual = 9.437658575207444e-05, Final residual = 4.816695959081109e-06, No Iterations 2, Solve time = 85.562 ms
[GinkgoSolver] p-cache: reuse(update_matrix_value) solve=17 rebuildInterval=0
Schwarz(Jacobi)+Bicgstab:  Solving for k, Initial residual = 0.0003506455815328637, Final residual = 8.389368855025603e-06, No Iterations 3, Solve time = 94.826 ms
[mem] after-turb: DEVICE_POOL current=22752 MB  actual(reserved)=38146 MB  highWater=28040 MB
ExecutionTime = 173.68 s  ClockTime = 174 s

Time = 18
[mem] step-start: DEVICE_POOL current=22752 MB  actual(reserved)=38146 MB  highWater=28040 MB
Schwarz(Jacobi)+Bicgstab:  Solving for Ux, Initial residual = 0.0001752452489521194, Final residual = 1.1007445083799431e-05, No Iterations 4, Solve time = 296.953 ms
Schwarz(Jacobi)+Bicgstab:  Solving for Uy, Initial residual = 0.0075701425249322055, Final residual = 0.00045245886093945236, No Iterations 4, Solve time = 296.953 ms
Schwarz(Jacobi)+Bicgstab:  Solving for Uz, Initial residual = 0.0017485669740861937, Final residual = 7.170472789911325e-05, No Iterations 4, Solve time = 296.953 ms
[mem] after-UEqn: DEVICE_POOL current=22752 MB  actual(reserved)=38146 MB  highWater=28040 MB
[GinkgoSolver] p-cache: reuse(update_matrix_value) solve=18 rebuildInterval=100
config(Cg+Schwarz(Multigrid)):  Solving for p, Initial residual = 0.0069706706993675925, Final residual = 6.94073272860128e-05, No Iterations 77, Solve time = 2350.865 ms
time step continuity errors : sum local = 2.083309707889593e-05, global = 2.6520928850134947e-07, cumulative = 4.719193301353376e-06
[mem] after-pEqn: DEVICE_POOL current=22752 MB  actual(reserved)=38146 MB  highWater=28040 MB
[GinkgoSolver] p-cache: reuse(update_matrix_value) solve=18 rebuildInterval=0
Schwarz(Jacobi)+Bicgstab:  Solving for omega, Initial residual = 8.814953466737847e-05, Final residual = 4.591062418655388e-06, No Iterations 2, Solve time = 81.242 ms
[GinkgoSolver] p-cache: reuse(update_matrix_value) solve=18 rebuildInterval=0
Schwarz(Jacobi)+Bicgstab:  Solving for k, Initial residual = 0.0003500518963577838, Final residual = 3.13639536292451e-05, No Iterations 2, Solve time = 72.795 ms
[mem] after-turb: DEVICE_POOL current=22752 MB  actual(reserved)=38146 MB  highWater=28040 MB
ExecutionTime = 177.71 s  ClockTime = 179 s

Time = 19
[mem] step-start: DEVICE_POOL current=22752 MB  actual(reserved)=38146 MB  highWater=28040 MB
Schwarz(Jacobi)+Bicgstab:  Solving for Ux, Initial residual = 0.0001676873683557354, Final residual = 1.399860284934169e-05, No Iterations 3, Solve time = 240.929 ms
Schwarz(Jacobi)+Bicgstab:  Solving for Uy, Initial residual = 0.0073592414276726255, Final residual = 0.0006380837077550449, No Iterations 3, Solve time = 240.929 ms
Schwarz(Jacobi)+Bicgstab:  Solving for Uz, Initial residual = 0.0017067219710778395, Final residual = 0.00016197540901523644, No Iterations 3, Solve time = 240.929 ms
[mem] after-UEqn: DEVICE_POOL current=22752 MB  actual(reserved)=38146 MB  highWater=28040 MB
[GinkgoSolver] p-cache: reuse(update_matrix_value) solve=19 rebuildInterval=100
config(Cg+Schwarz(Multigrid)):  Solving for p, Initial residual = 0.006725201500335472, Final residual = 6.618075807940767e-05, No Iterations 78, Solve time = 2379.929 ms
time step continuity errors : sum local = 2.0166376921879362e-05, global = 1.1988757047424373e-06, cumulative = 5.9180690060958136e-06
[mem] after-pEqn: DEVICE_POOL current=22752 MB  actual(reserved)=38146 MB  highWater=28040 MB
[GinkgoSolver] p-cache: reuse(update_matrix_value) solve=19 rebuildInterval=0
Schwarz(Jacobi)+Bicgstab:  Solving for omega, Initial residual = 8.320647940424405e-05, Final residual = 4.402834983092494e-06, No Iterations 2, Solve time = 86.379 ms
[GinkgoSolver] p-cache: reuse(update_matrix_value) solve=19 rebuildInterval=0
Schwarz(Jacobi)+Bicgstab:  Solving for k, Initial residual = 0.0003505968593960509, Final residual = 8.599933654993906e-06, No Iterations 3, Solve time = 95.279 ms
[mem] after-turb: DEVICE_POOL current=22752 MB  actual(reserved)=38146 MB  highWater=28040 MB
ExecutionTime = 181.74 s  ClockTime = 183 s

Time = 20
[mem] step-start: DEVICE_POOL current=22752 MB  actual(reserved)=38146 MB  highWater=28040 MB
Schwarz(Jacobi)+Bicgstab:  Solving for Ux, Initial residual = 0.00016256567831881614, Final residual = 6.854101147722502e-06, No Iterations 4, Solve time = 298.159 ms
Schwarz(Jacobi)+Bicgstab:  Solving for Uy, Initial residual = 0.0072708352118300516, Final residual = 0.0003859043226803816, No Iterations 4, Solve time = 298.159 ms
Schwarz(Jacobi)+Bicgstab:  Solving for Uz, Initial residual = 0.001705321906502724, Final residual = 0.00021014828458728324, No Iterations 4, Solve time = 298.159 ms
[mem] after-UEqn: DEVICE_POOL current=22752 MB  actual(reserved)=38146 MB  highWater=28040 MB
[GinkgoSolver] p-cache: reuse(update_matrix_value) solve=20 rebuildInterval=100
config(Cg+Schwarz(Multigrid)):  Solving for p, Initial residual = 0.006507502855621051, Final residual = 6.390052089030778e-05, No Iterations 76, Solve time = 2319.728 ms
time step continuity errors : sum local = 1.9700588068861678e-05, global = 1.6594274742176706e-06, cumulative = 7.577496480313484e-06
[mem] after-pEqn: DEVICE_POOL current=22752 MB  actual(reserved)=38146 MB  highWater=28040 MB
[GinkgoSolver] p-cache: reuse(update_matrix_value) solve=20 rebuildInterval=0
Schwarz(Jacobi)+Bicgstab:  Solving for omega, Initial residual = 7.807961299293062e-05, Final residual = 4.199041223377462e-06, No Iterations 2, Solve time = 83.708 ms
[GinkgoSolver] p-cache: reuse(update_matrix_value) solve=20 rebuildInterval=0
Schwarz(Jacobi)+Bicgstab:  Solving for k, Initial residual = 0.0003507059618172833, Final residual = 8.27402238695066e-06, No Iterations 3, Solve time = 96.38 ms
[mem] after-turb: DEVICE_POOL current=22752 MB  actual(reserved)=38146 MB  highWater=28040 MB
ExecutionTime = 185.77 s  ClockTime = 187 s

Time = 21
[mem] step-start: DEVICE_POOL current=22752 MB  actual(reserved)=38146 MB  highWater=28040 MB
Schwarz(Jacobi)+Bicgstab:  Solving for Ux, Initial residual = 0.00015823932792719531, Final residual = 1.2567562084167449e-05, No Iterations 4, Solve time = 301.666 ms
Schwarz(Jacobi)+Bicgstab:  Solving for Uy, Initial residual = 0.007242249126721737, Final residual = 0.0003091029652677082, No Iterations 4, Solve time = 301.666 ms
Schwarz(Jacobi)+Bicgstab:  Solving for Uz, Initial residual = 0.0017272392585588464, Final residual = 7.991382491110095e-05, No Iterations 4, Solve time = 301.666 ms
[mem] after-UEqn: DEVICE_POOL current=22752 MB  actual(reserved)=38146 MB  highWater=28040 MB
[GinkgoSolver] p-cache: reuse(update_matrix_value) solve=21 rebuildInterval=100
config(Cg+Schwarz(Multigrid)):  Solving for p, Initial residual = 0.0063072389236495585, Final residual = 6.0715153979000805e-05, No Iterations 74, Solve time = 2261.526 ms
time step continuity errors : sum local = 1.890707673200595e-05, global = 1.7099479717117982e-06, cumulative = 9.287444452025282e-06
[mem] after-pEqn: DEVICE_POOL current=22752 MB  actual(reserved)=38146 MB  highWater=28040 MB
[GinkgoSolver] p-cache: reuse(update_matrix_value) solve=21 rebuildInterval=0
Schwarz(Jacobi)+Bicgstab:  Solving for omega, Initial residual = 7.364393252887732e-05, Final residual = 4.018648179830467e-06, No Iterations 2, Solve time = 84.001 ms
[GinkgoSolver] p-cache: reuse(update_matrix_value) solve=21 rebuildInterval=0
Schwarz(Jacobi)+Bicgstab:  Solving for k, Initial residual = 0.00035174254557139405, Final residual = 8.382111116159934e-06, No Iterations 3, Solve time = 95.277 ms
[mem] after-turb: DEVICE_POOL current=22752 MB  actual(reserved)=38146 MB  highWater=28040 MB
ExecutionTime = 189.73 s  ClockTime = 191 s

Time = 22
[mem] step-start: DEVICE_POOL current=22752 MB  actual(reserved)=38146 MB  highWater=28040 MB
Schwarz(Jacobi)+Bicgstab:  Solving for Ux, Initial residual = 0.00015565962871627064, Final residual = 1.0066692908132725e-05, No Iterations 3, Solve time = 248.691 ms
Schwarz(Jacobi)+Bicgstab:  Solving for Uy, Initial residual = 0.00719551805150331, Final residual = 0.0006075506071322055, No Iterations 3, Solve time = 248.691 ms
Schwarz(Jacobi)+Bicgstab:  Solving for Uz, Initial residual = 0.0017459546991815608, Final residual = 0.0001515613790706284, No Iterations 3, Solve time = 248.691 ms
[mem] after-UEqn: DEVICE_POOL current=22752 MB  actual(reserved)=38146 MB  highWater=28040 MB
[GinkgoSolver] p-cache: reuse(update_matrix_value) solve=22 rebuildInterval=100
config(Cg+Schwarz(Multigrid)):  Solving for p, Initial residual = 0.006126375655002498, Final residual = 6.074419324905982e-05, No Iterations 66, Solve time = 2022.756 ms
time step continuity errors : sum local = 1.911177875855273e-05, global = 1.2377205498299361e-06, cumulative = 1.0525165001855219e-05
[mem] after-pEqn: DEVICE_POOL current=22752 MB  actual(reserved)=38146 MB  highWater=28040 MB
[GinkgoSolver] p-cache: reuse(update_matrix_value) solve=22 rebuildInterval=0
Schwarz(Jacobi)+Bicgstab:  Solving for omega, Initial residual = 6.977001076353406e-05, Final residual = 3.87350580903028e-06, No Iterations 2, Solve time = 84.623 ms
[GinkgoSolver] p-cache: reuse(update_matrix_value) solve=22 rebuildInterval=0
Schwarz(Jacobi)+Bicgstab:  Solving for k, Initial residual = 0.00035454849414907674, Final residual = 8.59061790431206e-06, No Iterations 3, Solve time = 96.864 ms
[mem] after-turb: DEVICE_POOL current=22752 MB  actual(reserved)=38146 MB  highWater=28040 MB
ExecutionTime = 193.4 s  ClockTime = 194 s

Time = 23
[mem] step-start: DEVICE_POOL current=22752 MB  actual(reserved)=38146 MB  highWater=28040 MB
Schwarz(Jacobi)+Bicgstab:  Solving for Ux, Initial residual = 0.00015367201531683286, Final residual = 1.1477650783251925e-05, No Iterations 3, Solve time = 236.717 ms
Schwarz(Jacobi)+Bicgstab:  Solving for Uy, Initial residual = 0.0071022156536709475, Final residual = 0.0005655125702118027, No Iterations 3, Solve time = 236.717 ms
Schwarz(Jacobi)+Bicgstab:  Solving for Uz, Initial residual = 0.0017574727732910084, Final residual = 0.00014441857127078008, No Iterations 3, Solve time = 236.717 ms
[mem] after-UEqn: DEVICE_POOL current=22752 MB  actual(reserved)=38146 MB  highWater=28040 MB
[GinkgoSolver] p-cache: reuse(update_matrix_value) solve=23 rebuildInterval=100
config(Cg+Schwarz(Multigrid)):  Solving for p, Initial residual = 0.006003417579379212, Final residual = 5.883063708492771e-05, No Iterations 40, Solve time = 1245.074 ms
time step continuity errors : sum local = 1.86207628097854e-05, global = 7.825037266923398e-07, cumulative = 1.1307668728547559e-05
[mem] after-pEqn: DEVICE_POOL current=22752 MB  actual(reserved)=38146 MB  highWater=28040 MB
[GinkgoSolver] p-cache: reuse(update_matrix_value) solve=23 rebuildInterval=0
Schwarz(Jacobi)+Bicgstab:  Solving for omega, Initial residual = 6.620268186517087e-05, Final residual = 3.7244549570328438e-06, No Iterations 2, Solve time = 84.128 ms
[GinkgoSolver] p-cache: reuse(update_matrix_value) solve=23 rebuildInterval=0
Schwarz(Jacobi)+Bicgstab:  Solving for k, Initial residual = 0.0003565748710692131, Final residual = 8.750614290740057e-06, No Iterations 3, Solve time = 95.663 ms
[mem] after-turb: DEVICE_POOL current=22752 MB  actual(reserved)=38146 MB  highWater=28040 MB
ExecutionTime = 196.28 s  ClockTime = 197 s

Time = 24
[mem] step-start: DEVICE_POOL current=22752 MB  actual(reserved)=38146 MB  highWater=28040 MB
Schwarz(Jacobi)+Bicgstab:  Solving for Ux, Initial residual = 0.00015127795524036026, Final residual = 1.2630062437336777e-05, No Iterations 3, Solve time = 240.948 ms
Schwarz(Jacobi)+Bicgstab:  Solving for Uy, Initial residual = 0.006949180131657576, Final residual = 0.0005344656527644327, No Iterations 3, Solve time = 240.948 ms
Schwarz(Jacobi)+Bicgstab:  Solving for Uz, Initial residual = 0.0017543135694068127, Final residual = 0.00013956796330411096, No Iterations 3, Solve time = 240.948 ms
[mem] after-UEqn: DEVICE_POOL current=22752 MB  actual(reserved)=38146 MB  highWater=28040 MB
[GinkgoSolver] p-cache: reuse(update_matrix_value) solve=24 rebuildInterval=100
config(Cg+Schwarz(Multigrid)):  Solving for p, Initial residual = 0.0059491666585896824, Final residual = 5.81214190030551e-05, No Iterations 39, Solve time = 1212.617 ms
time step continuity errors : sum local = 1.8330803575981597e-05, global = 8.865641798331742e-07, cumulative = 1.2194232908380733e-05
[mem] after-pEqn: DEVICE_POOL current=22752 MB  actual(reserved)=38146 MB  highWater=28040 MB
[GinkgoSolver] p-cache: reuse(update_matrix_value) solve=24 rebuildInterval=0
Schwarz(Jacobi)+Bicgstab:  Solving for omega, Initial residual = 6.300927786928969e-05, Final residual = 3.5850465209180005e-06, No Iterations 2, Solve time = 76.06 ms
[GinkgoSolver] p-cache: reuse(update_matrix_value) solve=24 rebuildInterval=0
Schwarz(Jacobi)+Bicgstab:  Solving for k, Initial residual = 0.00035993065912550575, Final residual = 8.86040699601625e-06, No Iterations 3, Solve time = 97.239 ms
[mem] after-turb: DEVICE_POOL current=22752 MB  actual(reserved)=38146 MB  highWater=28040 MB
ExecutionTime = 199.12 s  ClockTime = 200 s

Time = 25
[mem] step-start: DEVICE_POOL current=22752 MB  actual(reserved)=38146 MB  highWater=28040 MB
Schwarz(Jacobi)+Bicgstab:  Solving for Ux, Initial residual = 0.0001490541292227665, Final residual = 1.3116494068768407e-05, No Iterations 3, Solve time = 251.969 ms
Schwarz(Jacobi)+Bicgstab:  Solving for Uy, Initial residual = 0.006777642734978028, Final residual = 0.0005062206349243676, No Iterations 3, Solve time = 251.969 ms
Schwarz(Jacobi)+Bicgstab:  Solving for Uz, Initial residual = 0.0017475936905365346, Final residual = 0.00013780188966556374, No Iterations 3, Solve time = 251.969 ms
[mem] after-UEqn: DEVICE_POOL current=22752 MB  actual(reserved)=38146 MB  highWater=28040 MB
[GinkgoSolver] p-cache: reuse(update_matrix_value) solve=25 rebuildInterval=100
config(Cg+Schwarz(Multigrid)):  Solving for p, Initial residual = 0.005880997060417111, Final residual = 5.69263801658643e-05, No Iterations 40, Solve time = 1244.954 ms
time step continuity errors : sum local = 1.792713806209149e-05, global = 1.056462796419421e-06, cumulative = 1.3250695704800154e-05
[mem] after-pEqn: DEVICE_POOL current=22752 MB  actual(reserved)=38146 MB  highWater=28040 MB
[GinkgoSolver] p-cache: reuse(update_matrix_value) solve=25 rebuildInterval=0
Schwarz(Jacobi)+Bicgstab:  Solving for omega, Initial residual = 6.017424650405514e-05, Final residual = 3.4474250126098323e-06, No Iterations 2, Solve time = 84.188 ms
[GinkgoSolver] p-cache: reuse(update_matrix_value) solve=25 rebuildInterval=0
Schwarz(Jacobi)+Bicgstab:  Solving for k, Initial residual = 0.0003632977786167312, Final residual = 9.015156111821162e-06, No Iterations 3, Solve time = 93.723 ms
[mem] after-turb: DEVICE_POOL current=22752 MB  actual(reserved)=38146 MB  highWater=28040 MB
ExecutionTime = 202.02 s  ClockTime = 203 s

Time = 26
[mem] step-start: DEVICE_POOL current=22752 MB  actual(reserved)=38146 MB  highWater=28040 MB
Schwarz(Jacobi)+Bicgstab:  Solving for Ux, Initial residual = 0.00014677749672994475, Final residual = 1.2674642118397658e-05, No Iterations 3, Solve time = 234.722 ms
Schwarz(Jacobi)+Bicgstab:  Solving for Uy, Initial residual = 0.006621285651268329, Final residual = 0.00048501653284222776, No Iterations 3, Solve time = 234.722 ms
Schwarz(Jacobi)+Bicgstab:  Solving for Uz, Initial residual = 0.00174541588612949, Final residual = 0.00013803564310413505, No Iterations 3, Solve time = 234.722 ms
[mem] after-UEqn: DEVICE_POOL current=22752 MB  actual(reserved)=38146 MB  highWater=28040 MB
[GinkgoSolver] p-cache: reuse(update_matrix_value) solve=26 rebuildInterval=100
config(Cg+Schwarz(Multigrid)):  Solving for p, Initial residual = 0.005785598141289779, Final residual = 5.755331830463673e-05, No Iterations 39, Solve time = 1211.391 ms
time step continuity errors : sum local = 1.812641900327337e-05, global = 1.2337793600631372e-06, cumulative = 1.4484475064863291e-05
[mem] after-pEqn: DEVICE_POOL current=22752 MB  actual(reserved)=38146 MB  highWater=28040 MB
[GinkgoSolver] p-cache: reuse(update_matrix_value) solve=26 rebuildInterval=0
Schwarz(Jacobi)+Bicgstab:  Solving for omega, Initial residual = 5.762582609406344e-05, Final residual = 3.339000516381992e-06, No Iterations 2, Solve time = 81.502 ms
bounding omega, min: -51788.38834368824 max: 45356130.091093294 average: 7144.271551574748
[GinkgoSolver] p-cache: reuse(update_matrix_value) solve=26 rebuildInterval=0
Schwarz(Jacobi)+Bicgstab:  Solving for k, Initial residual = 0.00036719340127546726, Final residual = 9.248254703341844e-06, No Iterations 3, Solve time = 96.874 ms
[mem] after-turb: DEVICE_POOL current=22752 MB  actual(reserved)=38146 MB  highWater=28040 MB
ExecutionTime = 204.88 s  ClockTime = 206 s

Time = 27
[mem] step-start: DEVICE_POOL current=22752 MB  actual(reserved)=38146 MB  highWater=28040 MB
Schwarz(Jacobi)+Bicgstab:  Solving for Ux, Initial residual = 0.00014493197935796457, Final residual = 9.395607706799029e-06, No Iterations 3, Solve time = 247.836 ms
Schwarz(Jacobi)+Bicgstab:  Solving for Uy, Initial residual = 0.006481652299358206, Final residual = 0.00046493718585881793, No Iterations 3, Solve time = 247.836 ms
Schwarz(Jacobi)+Bicgstab:  Solving for Uz, Initial residual = 0.0017478891470849142, Final residual = 0.0001382016687486442, No Iterations 3, Solve time = 247.836 ms
[mem] after-UEqn: DEVICE_POOL current=22752 MB  actual(reserved)=38146 MB  highWater=28040 MB
[GinkgoSolver] p-cache: reuse(update_matrix_value) solve=27 rebuildInterval=100
config(Cg+Schwarz(Multigrid)):  Solving for p, Initial residual = 0.005696043870899041, Final residual = 5.3667401046684265e-05, No Iterations 42, Solve time = 1304.885 ms
time step continuity errors : sum local = 1.6891729091950067e-05, global = 1.379439414469942e-06, cumulative = 1.586391447933323e-05
[mem] after-pEqn: DEVICE_POOL current=22752 MB  actual(reserved)=38146 MB  highWater=28040 MB
[GinkgoSolver] p-cache: reuse(update_matrix_value) solve=27 rebuildInterval=0
Schwarz(Jacobi)+Bicgstab:  Solving for omega, Initial residual = 5.539942957732131e-05, Final residual = 3.2435964470484605e-06, No Iterations 2, Solve time = 87.029 ms
[GinkgoSolver] p-cache: reuse(update_matrix_value) solve=27 rebuildInterval=0
Schwarz(Jacobi)+Bicgstab:  Solving for k, Initial residual = 0.0003722324302445481, Final residual = 9.750518973030911e-06, No Iterations 3, Solve time = 96.541 ms
[mem] after-turb: DEVICE_POOL current=22752 MB  actual(reserved)=38146 MB  highWater=28040 MB
ExecutionTime = 207.83 s  ClockTime = 209 s

Time = 28
[mem] step-start: DEVICE_POOL current=22752 MB  actual(reserved)=38146 MB  highWater=28040 MB
Schwarz(Jacobi)+Bicgstab:  Solving for Ux, Initial residual = 0.00014201777878633976, Final residual = 9.768844381064777e-06, No Iterations 3, Solve time = 243.602 ms
Schwarz(Jacobi)+Bicgstab:  Solving for Uy, Initial residual = 0.006351739767191872, Final residual = 0.0004520502126539906, No Iterations 3, Solve time = 243.602 ms
Schwarz(Jacobi)+Bicgstab:  Solving for Uz, Initial residual = 0.0017521285122280151, Final residual = 0.00013852717459551038, No Iterations 3, Solve time = 243.602 ms
[mem] after-UEqn: DEVICE_POOL current=22752 MB  actual(reserved)=38146 MB  highWater=28040 MB
[GinkgoSolver] p-cache: reuse(update_matrix_value) solve=28 rebuildInterval=100
config(Cg+Schwarz(Multigrid)):  Solving for p, Initial residual = 0.0056218086510264765, Final residual = 5.244579645290804e-05, No Iterations 46, Solve time = 1423.315 ms
time step continuity errors : sum local = 1.647854446694728e-05, global = 1.2233627000037312e-06, cumulative = 1.7087277179336962e-05
[mem] after-pEqn: DEVICE_POOL current=22752 MB  actual(reserved)=38146 MB  highWater=28040 MB
[GinkgoSolver] p-cache: reuse(update_matrix_value) solve=28 rebuildInterval=0
Schwarz(Jacobi)+Bicgstab:  Solving for omega, Initial residual = 5.342470205461617e-05, Final residual = 3.1610053989882293e-06, No Iterations 2, Solve time = 75.669 ms
bounding omega, min: -58.95617624273911 max: 45356030.743790925 average: 7191.591070119282
[GinkgoSolver] p-cache: reuse(update_matrix_value) solve=28 rebuildInterval=0
Schwarz(Jacobi)+Bicgstab:  Solving for k, Initial residual = 0.00037701273478473574, Final residual = 9.666871471599469e-06, No Iterations 3, Solve time = 94.995 ms
[mem] after-turb: DEVICE_POOL current=22752 MB  actual(reserved)=38146 MB  highWater=28040 MB
ExecutionTime = 210.89 s  ClockTime = 212 s

Time = 29
[mem] step-start: DEVICE_POOL current=22752 MB  actual(reserved)=38146 MB  highWater=28040 MB
Schwarz(Jacobi)+Bicgstab:  Solving for Ux, Initial residual = 0.00013913242927905442, Final residual = 7.305599840599025e-06, No Iterations 3, Solve time = 241.528 ms
Schwarz(Jacobi)+Bicgstab:  Solving for Uy, Initial residual = 0.006237640335396, Final residual = 0.00044421961149392113, No Iterations 3, Solve time = 241.528 ms
Schwarz(Jacobi)+Bicgstab:  Solving for Uz, Initial residual = 0.00175587547009911, Final residual = 0.00013846335207171574, No Iterations 3, Solve time = 241.528 ms
[mem] after-UEqn: DEVICE_POOL current=22752 MB  actual(reserved)=38146 MB  highWater=28040 MB
[GinkgoSolver] p-cache: reuse(update_matrix_value) solve=29 rebuildInterval=100
config(Cg+Schwarz(Multigrid)):  Solving for p, Initial residual = 0.005557017256208439, Final residual = 5.2952529148753606e-05, No Iterations 62, Solve time = 1908.603 ms
time step continuity errors : sum local = 1.6554097001909015e-05, global = -6.102731712610664e-07, cumulative = 1.6477004008075896e-05
[mem] after-pEqn: DEVICE_POOL current=22752 MB  actual(reserved)=38146 MB  highWater=28040 MB
[GinkgoSolver] p-cache: reuse(update_matrix_value) solve=29 rebuildInterval=0
Schwarz(Jacobi)+Bicgstab:  Solving for omega, Initial residual = 5.1860012457504525e-05, Final residual = 3.1054174888937424e-06, No Iterations 2, Solve time = 74.208 ms
bounding omega, min: -505.1477984530748 max: 45356042.36805145 average: 7212.807425301686
[GinkgoSolver] p-cache: reuse(update_matrix_value) solve=29 rebuildInterval=0
Schwarz(Jacobi)+Bicgstab:  Solving for k, Initial residual = 0.0003835593630706135, Final residual = 9.854560449024037e-06, No Iterations 3, Solve time = 94.277 ms
[mem] after-turb: DEVICE_POOL current=22752 MB  actual(reserved)=38146 MB  highWater=28040 MB
ExecutionTime = 214.44 s  ClockTime = 215 s

Time = 30
[mem] step-start: DEVICE_POOL current=22752 MB  actual(reserved)=38146 MB  highWater=28040 MB
Schwarz(Jacobi)+Bicgstab:  Solving for Ux, Initial residual = 0.0001364789677507831, Final residual = 8.935836358797639e-06, No Iterations 3, Solve time = 247.144 ms
Schwarz(Jacobi)+Bicgstab:  Solving for Uy, Initial residual = 0.006157185787244028, Final residual = 0.0004456578864709753, No Iterations 3, Solve time = 247.144 ms
Schwarz(Jacobi)+Bicgstab:  Solving for Uz, Initial residual = 0.0017589916321495323, Final residual = 0.00013710679056598218, No Iterations 3, Solve time = 247.144 ms
[mem] after-UEqn: DEVICE_POOL current=22752 MB  actual(reserved)=38146 MB  highWater=28040 MB
[GinkgoSolver] p-cache: reuse(update_matrix_value) solve=30 rebuildInterval=100
config(Cg+Schwarz(Multigrid)):  Solving for p, Initial residual = 0.00554903410906555, Final residual = 5.265331838967039e-05, No Iterations 66, Solve time = 2024.474 ms
time step continuity errors : sum local = 1.6179992777454614e-05, global = -1.404904382663346e-06, cumulative = 1.507209962541255e-05
[mem] after-pEqn: DEVICE_POOL current=22752 MB  actual(reserved)=38146 MB  highWater=28040 MB
[GinkgoSolver] p-cache: reuse(update_matrix_value) solve=30 rebuildInterval=0
Schwarz(Jacobi)+Bicgstab:  Solving for omega, Initial residual = 5.077192469999195e-05, Final residual = 3.0488589980486234e-06, No Iterations 2, Solve time = 85.98 ms
bounding omega, min: -38.16101094142445 max: 45356088.185221545 average: 7232.55722713359
[GinkgoSolver] p-cache: reuse(update_matrix_value) solve=30 rebuildInterval=0
Schwarz(Jacobi)+Bicgstab:  Solving for k, Initial residual = 0.00039110969357279924, Final residual = 1.0239340880310873e-05, No Iterations 3, Solve time = 99.807 ms
[mem] after-turb: DEVICE_POOL current=22752 MB  actual(reserved)=38146 MB  highWater=28040 MB
Writing p
Writing U
Writing turbulence variables
ExecutionTime = 218.98 s  ClockTime = 222 s

Finalizing NeoN
Finalising parallel run
