/*---------------------------------------------------------------------------*\
| =========                 |                                                 |
| \\      /  F ield         | OpenFOAM: The Open Source CFD Toolbox           |
|  \\    /   O peration     | Version:  2506                                  |
|   \\  /    A nd           | Website:  www.openfoam.com                      |
|    \\/     M anipulation  |                                                 |
\*---------------------------------------------------------------------------*/
Build  : b050cd9480-20250814 OPENFOAM=2506 version=v2506
Arch   : "LSB;label=32;scalar=64"
Exec   : /storage/home/greole/code/NeoFOAM/build/profilingnvidia_h200/bin/neoSimpleFoam -parallel
Date   : Jul 01 2026
Time   : 20:11:21
Host   : gpu-nvidia-h200-3.int.coma-cluster.de
PID    : 2195977
I/O    : uncollated
Case   : /storage/home/greole/code/NeoFOAM/occDrivAerStaticMesh
nProcs : 4
Hosts  :
(
    (gpu-nvidia-h200-3.int.coma-cluster.de 4)
)
Pstream initialized with:
    node communication : off [type=host] (4 ranks, 1 nodes)
    topology controls  : none
    consensus exchange : 0 (tuning: 0)
    exchange algorithm : 0
    commsType          : nonBlocking
    polling iterations : 0
trapFpe: Floating point exception trapping enabled (FOAM_SIGFPE).
fileModificationChecking : Monitoring run-time modified files using timeStampMaster (fileModificationSkew 5, maxFileModificationPolls 20)
allowSystemOperations : Allowing user-supplied system call operations

// * * * * * * * * * * * * * * * * * * * * * * * * * * * * * * * * * * * * * //
Create time

Initializing NeoN
Creating Executor GPU
Creating NeoFOAM runTime

SIMPLE: no convergence criteria found. Calculations will run for 30 steps.

Reading field p

Reading field U

Reading/calculating face flux field phi

Selecting incompressible transport model Newtonian
NeoFOAM solver config (from fvSolution configFile) for 'config(Cg+Schwarz(Multigrid))':
{
    cacheSolver: true
    configFile: <NeoN::TokenList>
    l1ScaledResidual: true
    preconditionerRebuildInterval: 100
    relTol: 0.010000
    reportName: config(Cg+Schwarz(Multigrid))
    solver: Ginkgo
    tolerance: 0.000000
}
    effective optimize: false
    effective checkFrequency: 1
Mapping OpenFOAM solver settings to NeoN settings.
Currently, it is advisable to specify a configFile
for fine grained Ginkgo solver control

Replacing solver PBiCGStab by solver::Bicgstab
Replacing preconditioner diagonal by preconditioner::Schwarz (Schwarz-wrapped for distributed run)
NeoFOAM solver config (mapped from fvSolution) for 'Schwarz(Jacobi)+Bicgstab':
{
    cacheSolver: true
    criteria: {
        absolute_residual_norm: 0.000000
        initial_residual_norm: 0.100000
        iteration: 1000
    }
    l1ScaledResidual: true
    optimize: true
    preconditioner: {
        local_solver: {
            max_block_size: 1
            type: preconditioner::Jacobi
        }
        type: preconditioner::Schwarz
    }
    reportName: Schwarz(Jacobi)+Bicgstab
    solver: Ginkgo
    type: solver::Bicgstab
}
    effective optimize: true
    effective checkFrequency: 1
Creating phi

[NF][/storage/home/greole/code/NeoFOAM/include/NeoFOAM/auxiliary/readers.hpp::434]: Internal: 49320882, Boundary: 1762558

[NF][/storage/home/greole/code/NeoFOAM/include/NeoFOAM/auxiliary/readers.hpp::434]: Internal: 49333487, Boundary: 1754396

[NF][/storage/home/greole/code/NeoFOAM/include/NeoFOAM/auxiliary/readers.hpp::434]: Internal: 49261542, Boundary: 1427829

[NF][/storage/home/greole/code/NeoFOAM/include/NeoFOAM/auxiliary/readers.hpp::434]: Internal: 49243125, Boundary: 1362247
Selecting patchDistMethod meshWave
Mapping OpenFOAM solver settings to NeoN settings.
Currently, it is advisable to specify a configFile
for fine grained Ginkgo solver control

Replacing solver PBiCGStab by solver::Bicgstab
Replacing preconditioner diagonal by preconditioner::Schwarz (Schwarz-wrapped for distributed run)
NeoFOAM solver config (mapped from fvSolution) for 'Schwarz(Jacobi)+Bicgstab':
{
    cacheSolver: true
    criteria: {
        absolute_residual_norm: 0.000000
        initial_residual_norm: 0.100000
        iteration: 1000
    }
    l1ScaledResidual: true
    optimize: true
    preconditioner: {
        local_solver: {
            max_block_size: 1
            type: preconditioner::Jacobi
        }
        type: preconditioner::Schwarz
    }
    reportName: Schwarz(Jacobi)+Bicgstab
    solver: Ginkgo
    type: solver::Bicgstab
}
    effective optimize: true
    effective checkFrequency: 1
Mapping OpenFOAM solver settings to NeoN settings.
Currently, it is advisable to specify a configFile
for fine grained Ginkgo solver control

Replacing solver PBiCGStab by solver::Bicgstab
Replacing preconditioner diagonal by preconditioner::Schwarz (Schwarz-wrapped for distributed run)
NeoFOAM solver config (mapped from fvSolution) for 'Schwarz(Jacobi)+Bicgstab':
{
    cacheSolver: true
    criteria: {
        absolute_residual_norm: 0.000000
        initial_residual_norm: 0.100000
        iteration: 1000
    }
    l1ScaledResidual: true
    optimize: true
    preconditioner: {
        local_solver: {
            max_block_size: 1
            type: preconditioner::Jacobi
        }
        type: preconditioner::Schwarz
    }
    reportName: Schwarz(Jacobi)+Bicgstab
    solver: Ginkgo
    type: solver::Bicgstab
}
    effective optimize: true
    effective checkFrequency: 1
Starting time loop
Time = 1
[mem] step-start: DEVICE_POOL current=16605 MB  actual(reserved)=38146 MB  highWater=19132 MB
Schwarz(Jacobi)+Bicgstab:  Solving for Ux, Initial residual = 0.0019488956619707603, Final residual = 0.00023894144922256526, No Iterations 3, Solve time = 246.999 ms
Schwarz(Jacobi)+Bicgstab:  Solving for Uy, Initial residual = 0.16486889729307716, Final residual = 0.008211417725346405, No Iterations 3, Solve time = 246.999 ms
Schwarz(Jacobi)+Bicgstab:  Solving for Uz, Initial residual = 0.10478399420301418, Final residual = 0.0049881304163377415, No Iterations 3, Solve time = 246.999 ms
[mem] after-UEqn: DEVICE_POOL current=19099 MB  actual(reserved)=38146 MB  highWater=24387 MB
[GinkgoSolver] p-cache: rebuild(generate) solve=1 rebuildInterval=100
config(Cg+Schwarz(Multigrid)):  Solving for p, Initial residual = 1, Final residual = 0.009929415161144478, No Iterations 85, Solve time = 4389.334 ms
time step continuity errors : sum local = 6.63098929957246e-05, global = 1.9555366188813787e-06, cumulative = 1.9555366188813787e-06
[mem] after-pEqn: DEVICE_POOL current=20567 MB  actual(reserved)=38146 MB  highWater=24387 MB
[GinkgoSolver] p-cache: rebuild(generate) solve=1 rebuildInterval=0
Schwarz(Jacobi)+Bicgstab:  Solving for omega, Initial residual = 1, Final residual = 0.0307477510255825, No Iterations 1, Solve time = 52.209 ms
bounding omega, min: -52.86721269515783 max: 46109486.309545 average: 2443.0115004064487
[GinkgoSolver] p-cache: rebuild(generate) solve=1 rebuildInterval=0
Schwarz(Jacobi)+Bicgstab:  Solving for k, Initial residual = 0.9999999999999734, Final residual = 0.04385989512455134, No Iterations 1, Solve time = 52.191 ms
[mem] after-turb: DEVICE_POOL current=22752 MB  actual(reserved)=38146 MB  highWater=24811 MB
ExecutionTime = 101.8 s  ClockTime = 102 s

Time = 2
[mem] step-start: DEVICE_POOL current=22752 MB  actual(reserved)=38146 MB  highWater=24811 MB
Schwarz(Jacobi)+Bicgstab:  Solving for Ux, Initial residual = 0.0012917916013415792, Final residual = 5.914942656834313e-05, No Iterations 5, Solve time = 352.487 ms
Schwarz(Jacobi)+Bicgstab:  Solving for Uy, Initial residual = 0.06538467811880037, Final residual = 0.0029819450130195695, No Iterations 5, Solve time = 352.487 ms
Schwarz(Jacobi)+Bicgstab:  Solving for Uz, Initial residual = 0.04083549113937934, Final residual = 0.0009083420644833244, No Iterations 5, Solve time = 352.487 ms
[mem] after-UEqn: DEVICE_POOL current=22752 MB  actual(reserved)=38146 MB  highWater=28040 MB
[GinkgoSolver] p-cache: reuse(update_matrix_value) solve=2 rebuildInterval=100
config(Cg+Schwarz(Multigrid)):  Solving for p, Initial residual = 0.03880126361413999, Final residual = 0.0003863306357536548, No Iterations 107, Solve time = 3483.396 ms
time step continuity errors : sum local = 4.254673403266585e-05, global = -1.110782460939114e-06, cumulative = 8.447541579422646e-07
[mem] after-pEqn: DEVICE_POOL current=22752 MB  actual(reserved)=38146 MB  highWater=28040 MB
[GinkgoSolver] p-cache: reuse(update_matrix_value) solve=2 rebuildInterval=0
Schwarz(Jacobi)+Bicgstab:  Solving for omega, Initial residual = 0.0081952547211635, Final residual = 0.00047803617747186694, No Iterations 1, Solve time = 62.462 ms
bounding omega, min: -3302.207324945859 max: 45305779.42975715 average: 2705.600586903367
[GinkgoSolver] p-cache: reuse(update_matrix_value) solve=2 rebuildInterval=0
Schwarz(Jacobi)+Bicgstab:  Solving for k, Initial residual = 0.07500533645348775, Final residual = 0.004455200970082297, No Iterations 1, Solve time = 49.805 ms
[mem] after-turb: DEVICE_POOL current=22752 MB  actual(reserved)=38146 MB  highWater=28040 MB
ExecutionTime = 107.02 s  ClockTime = 108 s

Time = 3
[mem] step-start: DEVICE_POOL current=22752 MB  actual(reserved)=38146 MB  highWater=28040 MB
Schwarz(Jacobi)+Bicgstab:  Solving for Ux, Initial residual = 0.000809113440192881, Final residual = 4.762837477696844e-05, No Iterations 6, Solve time = 410.377 ms
Schwarz(Jacobi)+Bicgstab:  Solving for Uy, Initial residual = 0.03252242917132128, Final residual = 0.0006353537241536623, No Iterations 6, Solve time = 410.377 ms
Schwarz(Jacobi)+Bicgstab:  Solving for Uz, Initial residual = 0.018197924453440525, Final residual = 0.00026759629924816785, No Iterations 6, Solve time = 410.377 ms
[mem] after-UEqn: DEVICE_POOL current=22752 MB  actual(reserved)=38146 MB  highWater=28040 MB
[GinkgoSolver] p-cache: reuse(update_matrix_value) solve=3 rebuildInterval=100
config(Cg+Schwarz(Multigrid)):  Solving for p, Initial residual = 0.017368237926904628, Final residual = 0.00016667731320019953, No Iterations 111, Solve time = 3608.955 ms
time step continuity errors : sum local = 3.337795377376397e-05, global = 8.559758897326474e-07, cumulative = 1.700730047674912e-06
[mem] after-pEqn: DEVICE_POOL current=22752 MB  actual(reserved)=38146 MB  highWater=28040 MB
[GinkgoSolver] p-cache: reuse(update_matrix_value) solve=3 rebuildInterval=0
Schwarz(Jacobi)+Bicgstab:  Solving for omega, Initial residual = 0.0035207608427067277, Final residual = 0.00028993979380348244, No Iterations 1, Solve time = 59.152 ms
bounding omega, min: -11.965425507510176 max: 45385805.65620223 average: 3322.272907036171
[GinkgoSolver] p-cache: reuse(update_matrix_value) solve=3 rebuildInterval=0
Schwarz(Jacobi)+Bicgstab:  Solving for k, Initial residual = 0.013997677289243681, Final residual = 0.0010053662064592533, No Iterations 1, Solve time = 49.418 ms
[mem] after-turb: DEVICE_POOL current=22752 MB  actual(reserved)=38146 MB  highWater=28040 MB
ExecutionTime = 112.42 s  ClockTime = 113 s

Time = 4
[mem] step-start: DEVICE_POOL current=22752 MB  actual(reserved)=38146 MB  highWater=28040 MB
Schwarz(Jacobi)+Bicgstab:  Solving for Ux, Initial residual = 0.0005591617670523879, Final residual = 4.705876519583712e-05, No Iterations 4, Solve time = 290.425 ms
Schwarz(Jacobi)+Bicgstab:  Solving for Uy, Initial residual = 0.020258427608895457, Final residual = 0.0027022847907233276, No Iterations 4, Solve time = 290.425 ms
Schwarz(Jacobi)+Bicgstab:  Solving for Uz, Initial residual = 0.010484589541674288, Final residual = 0.0007746811217618939, No Iterations 4, Solve time = 290.425 ms
[mem] after-UEqn: DEVICE_POOL current=22752 MB  actual(reserved)=38146 MB  highWater=28040 MB
[GinkgoSolver] p-cache: reuse(update_matrix_value) solve=4 rebuildInterval=100
config(Cg+Schwarz(Multigrid)):  Solving for p, Initial residual = 0.0125732385946597, Final residual = 0.00012500599388413368, No Iterations 89, Solve time = 2907.51 ms
time step continuity errors : sum local = 3.1909979607067904e-05, global = -3.3271319477793757e-07, cumulative = 1.3680168528969744e-06
[mem] after-pEqn: DEVICE_POOL current=22752 MB  actual(reserved)=38146 MB  highWater=28040 MB
[GinkgoSolver] p-cache: reuse(update_matrix_value) solve=4 rebuildInterval=0
Schwarz(Jacobi)+Bicgstab:  Solving for omega, Initial residual = 0.0017242373987923045, Final residual = 4.830987166375558e-05, No Iterations 2, Solve time = 84.833 ms
[GinkgoSolver] p-cache: reuse(update_matrix_value) solve=4 rebuildInterval=0
Schwarz(Jacobi)+Bicgstab:  Solving for k, Initial residual = 0.00464092319319122, Final residual = 0.0003933671667155143, No Iterations 1, Solve time = 52.273 ms
[mem] after-turb: DEVICE_POOL current=22752 MB  actual(reserved)=38146 MB  highWater=28040 MB
ExecutionTime = 117.01 s  ClockTime = 118 s

Time = 5
[mem] step-start: DEVICE_POOL current=22752 MB  actual(reserved)=38146 MB  highWater=28040 MB
Schwarz(Jacobi)+Bicgstab:  Solving for Ux, Initial residual = 0.00048237891291930335, Final residual = 3.73619584181462e-05, No Iterations 4, Solve time = 297.415 ms
Schwarz(Jacobi)+Bicgstab:  Solving for Uy, Initial residual = 0.018510551757903768, Final residual = 0.0011823543068968194, No Iterations 4, Solve time = 297.415 ms
Schwarz(Jacobi)+Bicgstab:  Solving for Uz, Initial residual = 0.008309253022167819, Final residual = 0.0008059845327691291, No Iterations 4, Solve time = 297.415 ms
[mem] after-UEqn: DEVICE_POOL current=22752 MB  actual(reserved)=38146 MB  highWater=28040 MB
[GinkgoSolver] p-cache: reuse(update_matrix_value) solve=5 rebuildInterval=100
config(Cg+Schwarz(Multigrid)):  Solving for p, Initial residual = 0.010726659918540094, Final residual = 0.00010692911066431436, No Iterations 85, Solve time = 2771.87 ms
time step continuity errors : sum local = 2.9920362086896377e-05, global = -7.984575101591091e-07, cumulative = 5.695593427378654e-07
[mem] after-pEqn: DEVICE_POOL current=22752 MB  actual(reserved)=38146 MB  highWater=28040 MB
[GinkgoSolver] p-cache: reuse(update_matrix_value) solve=5 rebuildInterval=0
Schwarz(Jacobi)+Bicgstab:  Solving for omega, Initial residual = 0.000994437132557634, Final residual = 9.81343142158777e-05, No Iterations 1, Solve time = 61.716 ms
bounding omega, min: -122.43173086609931 max: 45363118.58322586 average: 4560.739088228822
[GinkgoSolver] p-cache: reuse(update_matrix_value) solve=5 rebuildInterval=0
Schwarz(Jacobi)+Bicgstab:  Solving for k, Initial residual = 0.0023565236741076145, Final residual = 0.00022365485843378122, No Iterations 1, Solve time = 47.983 ms
[mem] after-turb: DEVICE_POOL current=22752 MB  actual(reserved)=38146 MB  highWater=28040 MB
ExecutionTime = 121.47 s  ClockTime = 122 s

Time = 6
[mem] step-start: DEVICE_POOL current=22752 MB  actual(reserved)=38146 MB  highWater=28040 MB
Schwarz(Jacobi)+Bicgstab:  Solving for Ux, Initial residual = 0.00043536423655322177, Final residual = 2.6380246759687033e-05, No Iterations 5, Solve time = 358.985 ms
Schwarz(Jacobi)+Bicgstab:  Solving for Uy, Initial residual = 0.017912013759114373, Final residual = 0.0016847088497709268, No Iterations 5, Solve time = 358.985 ms
Schwarz(Jacobi)+Bicgstab:  Solving for Uz, Initial residual = 0.006719663294971395, Final residual = 0.0005111060736587141, No Iterations 5, Solve time = 358.985 ms
[mem] after-UEqn: DEVICE_POOL current=22752 MB  actual(reserved)=38146 MB  highWater=28040 MB
[GinkgoSolver] p-cache: reuse(update_matrix_value) solve=6 rebuildInterval=100
config(Cg+Schwarz(Multigrid)):  Solving for p, Initial residual = 0.011317244678525074, Final residual = 0.00011154447687062104, No Iterations 79, Solve time = 2586.253 ms
time step continuity errors : sum local = 3.0456942349810524e-05, global = -1.4204354393863977e-06, cumulative = -8.508760966485323e-07
[mem] after-pEqn: DEVICE_POOL current=22752 MB  actual(reserved)=38146 MB  highWater=28040 MB
[GinkgoSolver] p-cache: reuse(update_matrix_value) solve=6 rebuildInterval=0
Schwarz(Jacobi)+Bicgstab:  Solving for omega, Initial residual = 0.000624745623414422, Final residual = 2.4308391792522685e-05, No Iterations 2, Solve time = 81.073 ms
[GinkgoSolver] p-cache: reuse(update_matrix_value) solve=6 rebuildInterval=0
Schwarz(Jacobi)+Bicgstab:  Solving for k, Initial residual = 0.001624274252247725, Final residual = 0.0001548905572424293, No Iterations 1, Solve time = 53.792 ms
[mem] after-turb: DEVICE_POOL current=22752 MB  actual(reserved)=38146 MB  highWater=28040 MB
ExecutionTime = 125.8 s  ClockTime = 126 s

Time = 7
[mem] step-start: DEVICE_POOL current=22752 MB  actual(reserved)=38146 MB  highWater=28040 MB
Schwarz(Jacobi)+Bicgstab:  Solving for Ux, Initial residual = 0.0003763469867684137, Final residual = 2.3447265790651286e-05, No Iterations 5, Solve time = 350.08 ms
Schwarz(Jacobi)+Bicgstab:  Solving for Uy, Initial residual = 0.015200278504600671, Final residual = 0.001204357064943401, No Iterations 5, Solve time = 350.08 ms
Schwarz(Jacobi)+Bicgstab:  Solving for Uz, Initial residual = 0.005127781640823737, Final residual = 0.0002776020593546774, No Iterations 5, Solve time = 350.08 ms
[mem] after-UEqn: DEVICE_POOL current=22752 MB  actual(reserved)=38146 MB  highWater=28040 MB
[GinkgoSolver] p-cache: reuse(update_matrix_value) solve=7 rebuildInterval=100
config(Cg+Schwarz(Multigrid)):  Solving for p, Initial residual = 0.012319946805854283, Final residual = 0.00011745106195451861, No Iterations 85, Solve time = 2779.022 ms
time step continuity errors : sum local = 2.8911851562332498e-05, global = -7.157018014056722e-07, cumulative = -1.5665778980542046e-06
[mem] after-pEqn: DEVICE_POOL current=22752 MB  actual(reserved)=38146 MB  highWater=28040 MB
[GinkgoSolver] p-cache: reuse(update_matrix_value) solve=7 rebuildInterval=0
Schwarz(Jacobi)+Bicgstab:  Solving for omega, Initial residual = 0.0004898435931928257, Final residual = 1.5230683616189128e-05, No Iterations 2, Solve time = 84.377 ms
bounding omega, min: -11.19417885156821 max: 45358162.65498609 average: 5415.634365897461
[GinkgoSolver] p-cache: reuse(update_matrix_value) solve=7 rebuildInterval=0
Schwarz(Jacobi)+Bicgstab:  Solving for k, Initial residual = 0.001159679179053613, Final residual = 2.4108759574824798e-05, No Iterations 3, Solve time = 93.561 ms
[mem] after-turb: DEVICE_POOL current=22752 MB  actual(reserved)=38146 MB  highWater=28040 MB
ExecutionTime = 130.39 s  ClockTime = 131 s

Time = 8
[mem] step-start: DEVICE_POOL current=22752 MB  actual(reserved)=38146 MB  highWater=28040 MB
Schwarz(Jacobi)+Bicgstab:  Solving for Ux, Initial residual = 0.00031601433382371215, Final residual = 2.502601625725201e-05, No Iterations 5, Solve time = 352.515 ms
Schwarz(Jacobi)+Bicgstab:  Solving for Uy, Initial residual = 0.011356549509131418, Final residual = 0.00028354096204088515, No Iterations 5, Solve time = 352.515 ms
Schwarz(Jacobi)+Bicgstab:  Solving for Uz, Initial residual = 0.0036094919495357905, Final residual = 0.00019613491918525603, No Iterations 5, Solve time = 352.515 ms
[mem] after-UEqn: DEVICE_POOL current=22752 MB  actual(reserved)=38146 MB  highWater=28040 MB
[GinkgoSolver] p-cache: reuse(update_matrix_value) solve=8 rebuildInterval=100
config(Cg+Schwarz(Multigrid)):  Solving for p, Initial residual = 0.01332925011032764, Final residual = 0.00012449855194652994, No Iterations 99, Solve time = 3226.919 ms
time step continuity errors : sum local = 2.6512111518640056e-05, global = -6.878879973959609e-07, cumulative = -2.2544658954501656e-06
[mem] after-pEqn: DEVICE_POOL current=22752 MB  actual(reserved)=38146 MB  highWater=28040 MB
[GinkgoSolver] p-cache: reuse(update_matrix_value) solve=8 rebuildInterval=0
Schwarz(Jacobi)+Bicgstab:  Solving for omega, Initial residual = 0.0003596227719789557, Final residual = 1.2434674868146574e-05, No Iterations 2, Solve time = 85.095 ms
bounding omega, min: -230.88453697369965 max: 45357649.93579345 average: 5745.306173433078
[GinkgoSolver] p-cache: reuse(update_matrix_value) solve=8 rebuildInterval=0
Schwarz(Jacobi)+Bicgstab:  Solving for k, Initial residual = 0.0008654277105735325, Final residual = 5.2445256303496313e-05, No Iterations 2, Solve time = 70.258 ms
bounding k, min: -1.1409880957345252e-05 max: 585.2139901667801 average: 0.4568370780262799
[mem] after-turb: DEVICE_POOL current=22752 MB  actual(reserved)=38146 MB  highWater=28040 MB
ExecutionTime = 135.38 s  ClockTime = 136 s

Time = 9
[mem] step-start: DEVICE_POOL current=22752 MB  actual(reserved)=38146 MB  highWater=28040 MB
Schwarz(Jacobi)+Bicgstab:  Solving for Ux, Initial residual = 0.0002732061557751632, Final residual = 7.303197417188287e-06, No Iterations 5, Solve time = 363.614 ms
Schwarz(Jacobi)+Bicgstab:  Solving for Uy, Initial residual = 0.009234355993891406, Final residual = 0.00043983210447925947, No Iterations 5, Solve time = 363.614 ms
Schwarz(Jacobi)+Bicgstab:  Solving for Uz, Initial residual = 0.0026381433918916154, Final residual = 0.00015502390426650234, No Iterations 5, Solve time = 363.614 ms
[mem] after-UEqn: DEVICE_POOL current=22752 MB  actual(reserved)=38146 MB  highWater=28040 MB
[GinkgoSolver] p-cache: reuse(update_matrix_value) solve=9 rebuildInterval=100
config(Cg+Schwarz(Multigrid)):  Solving for p, Initial residual = 0.013775675928847266, Final residual = 0.0001361907673802939, No Iterations 95, Solve time = 3100.74 ms
time step continuity errors : sum local = 2.5714999633989556e-05, global = -1.0636742837514104e-06, cumulative = -3.318140179201576e-06
[mem] after-pEqn: DEVICE_POOL current=22752 MB  actual(reserved)=38146 MB  highWater=28040 MB
[GinkgoSolver] p-cache: reuse(update_matrix_value) solve=9 rebuildInterval=0
Schwarz(Jacobi)+Bicgstab:  Solving for omega, Initial residual = 0.00027805101021544245, Final residual = 1.063103538902029e-05, No Iterations 2, Solve time = 82.031 ms
[GinkgoSolver] p-cache: reuse(update_matrix_value) solve=9 rebuildInterval=0
Schwarz(Jacobi)+Bicgstab:  Solving for k, Initial residual = 0.0006654329376109732, Final residual = 3.884711659243591e-05, No Iterations 2, Solve time = 70.458 ms
[mem] after-turb: DEVICE_POOL current=22752 MB  actual(reserved)=38146 MB  highWater=28040 MB
ExecutionTime = 140.25 s  ClockTime = 141 s

Time = 10
[mem] step-start: DEVICE_POOL current=22752 MB  actual(reserved)=38146 MB  highWater=28040 MB
Schwarz(Jacobi)+Bicgstab:  Solving for Ux, Initial residual = 0.0002515561138443985, Final residual = 3.209796040573173e-06, No Iterations 6, Solve time = 398.806 ms
Schwarz(Jacobi)+Bicgstab:  Solving for Uy, Initial residual = 0.010027808527728653, Final residual = 0.00039026411193116494, No Iterations 6, Solve time = 398.806 ms
Schwarz(Jacobi)+Bicgstab:  Solving for Uz, Initial residual = 0.0024922679274336375, Final residual = 4.163289924141936e-05, No Iterations 6, Solve time = 398.806 ms
[mem] after-UEqn: DEVICE_POOL current=22752 MB  actual(reserved)=38146 MB  highWater=28040 MB
[GinkgoSolver] p-cache: reuse(update_matrix_value) solve=10 rebuildInterval=100
config(Cg+Schwarz(Multigrid)):  Solving for p, Initial residual = 0.0134613407139019, Final residual = 0.00013314194965704702, No Iterations 82, Solve time = 2679.592 ms
time step continuity errors : sum local = 2.3838018067073422e-05, global = 7.885424019245803e-08, cumulative = -3.239285939009118e-06
[mem] after-pEqn: DEVICE_POOL current=22752 MB  actual(reserved)=38146 MB  highWater=28040 MB
[GinkgoSolver] p-cache: reuse(update_matrix_value) solve=10 rebuildInterval=0
Schwarz(Jacobi)+Bicgstab:  Solving for omega, Initial residual = 0.00022455703713280612, Final residual = 9.223140030369437e-06, No Iterations 2, Solve time = 84.622 ms
[GinkgoSolver] p-cache: reuse(update_matrix_value) solve=10 rebuildInterval=0
Schwarz(Jacobi)+Bicgstab:  Solving for k, Initial residual = 0.0005268247467174732, Final residual = 3.275333102950104e-05, No Iterations 2, Solve time = 72.446 ms
[mem] after-turb: DEVICE_POOL current=22752 MB  actual(reserved)=38146 MB  highWater=28040 MB
ExecutionTime = 144.75 s  ClockTime = 145 s

Time = 11
[mem] step-start: DEVICE_POOL current=22752 MB  actual(reserved)=38146 MB  highWater=28040 MB
Schwarz(Jacobi)+Bicgstab:  Solving for Ux, Initial residual = 0.00023898625289721416, Final residual = 1.0918519219140816e-05, No Iterations 5, Solve time = 363.717 ms
Schwarz(Jacobi)+Bicgstab:  Solving for Uy, Initial residual = 0.011017019057783737, Final residual = 0.00032025293824465437, No Iterations 5, Solve time = 363.717 ms
Schwarz(Jacobi)+Bicgstab:  Solving for Uz, Initial residual = 0.0025435309479407307, Final residual = 7.259690002914074e-05, No Iterations 5, Solve time = 363.717 ms
[mem] after-UEqn: DEVICE_POOL current=22752 MB  actual(reserved)=38146 MB  highWater=28040 MB
[GinkgoSolver] p-cache: reuse(update_matrix_value) solve=11 rebuildInterval=100
config(Cg+Schwarz(Multigrid)):  Solving for p, Initial residual = 0.013144981644721882, Final residual = 0.0001310870961458891, No Iterations 96, Solve time = 3127.206 ms
time step continuity errors : sum local = 2.3910288217641048e-05, global = -9.967326397033241e-07, cumulative = -4.236018578712442e-06
[mem] after-pEqn: DEVICE_POOL current=22752 MB  actual(reserved)=38146 MB  highWater=28040 MB
[GinkgoSolver] p-cache: reuse(update_matrix_value) solve=11 rebuildInterval=0
Schwarz(Jacobi)+Bicgstab:  Solving for omega, Initial residual = 0.00018509478111774922, Final residual = 8.097597309662125e-06, No Iterations 2, Solve time = 82.11 ms
[GinkgoSolver] p-cache: reuse(update_matrix_value) solve=11 rebuildInterval=0
Schwarz(Jacobi)+Bicgstab:  Solving for k, Initial residual = 0.0004395260813489893, Final residual = 2.828418654221889e-05, No Iterations 2, Solve time = 72.898 ms
[mem] after-turb: DEVICE_POOL current=22752 MB  actual(reserved)=38146 MB  highWater=28040 MB
ExecutionTime = 149.67 s  ClockTime = 150 s

Time = 12
[mem] step-start: DEVICE_POOL current=22752 MB  actual(reserved)=38146 MB  highWater=28040 MB
Schwarz(Jacobi)+Bicgstab:  Solving for Ux, Initial residual = 0.00022766662401519608, Final residual = 1.4594012548014902e-05, No Iterations 4, Solve time = 301.492 ms
Schwarz(Jacobi)+Bicgstab:  Solving for Uy, Initial residual = 0.010991394369290015, Final residual = 0.0007918536486634661, No Iterations 4, Solve time = 301.492 ms
Schwarz(Jacobi)+Bicgstab:  Solving for Uz, Initial residual = 0.002476885576780296, Final residual = 0.00012083578207940439, No Iterations 4, Solve time = 301.492 ms
[mem] after-UEqn: DEVICE_POOL current=22752 MB  actual(reserved)=38146 MB  highWater=28040 MB
[GinkgoSolver] p-cache: reuse(update_matrix_value) solve=12 rebuildInterval=100
config(Cg+Schwarz(Multigrid)):  Solving for p, Initial residual = 0.012075668799451402, Final residual = 0.00011594172184405138, No Iterations 79, Solve time = 2585.275 ms
time step continuity errors : sum local = 2.3213244484050005e-05, global = 3.6772295236713465e-07, cumulative = -3.868295626345307e-06
[mem] after-pEqn: DEVICE_POOL current=22752 MB  actual(reserved)=38146 MB  highWater=28040 MB
[GinkgoSolver] p-cache: reuse(update_matrix_value) solve=12 rebuildInterval=0
Schwarz(Jacobi)+Bicgstab:  Solving for omega, Initial residual = 0.00015606239459594958, Final residual = 7.1406265812806996e-06, No Iterations 2, Solve time = 84.069 ms
[GinkgoSolver] p-cache: reuse(update_matrix_value) solve=12 rebuildInterval=0
Schwarz(Jacobi)+Bicgstab:  Solving for k, Initial residual = 0.0003876358402333871, Final residual = 2.572954917881924e-05, No Iterations 2, Solve time = 71.145 ms
[mem] after-turb: DEVICE_POOL current=22752 MB  actual(reserved)=38146 MB  highWater=28040 MB
ExecutionTime = 153.98 s  ClockTime = 155 s

Time = 13
[mem] step-start: DEVICE_POOL current=22752 MB  actual(reserved)=38146 MB  highWater=28040 MB
Schwarz(Jacobi)+Bicgstab:  Solving for Ux, Initial residual = 0.00021559535468190598, Final residual = 9.41515700113279e-06, No Iterations 4, Solve time = 297.329 ms
Schwarz(Jacobi)+Bicgstab:  Solving for Uy, Initial residual = 0.010248904084545794, Final residual = 0.0005787844917289543, No Iterations 4, Solve time = 297.329 ms
Schwarz(Jacobi)+Bicgstab:  Solving for Uz, Initial residual = 0.002293583971514632, Final residual = 0.00010857980921276536, No Iterations 4, Solve time = 297.329 ms
[mem] after-UEqn: DEVICE_POOL current=22752 MB  actual(reserved)=38146 MB  highWater=28040 MB
[GinkgoSolver] p-cache: reuse(update_matrix_value) solve=13 rebuildInterval=100
config(Cg+Schwarz(Multigrid)):  Solving for p, Initial residual = 0.010636135387356997, Final residual = 0.00010557382685877776, No Iterations 79, Solve time = 2587.135 ms
time step continuity errors : sum local = 2.359760896876428e-05, global = 1.5823276667520438e-07, cumulative = -3.710062859670103e-06
[mem] after-pEqn: DEVICE_POOL current=22752 MB  actual(reserved)=38146 MB  highWater=28040 MB
[GinkgoSolver] p-cache: reuse(update_matrix_value) solve=13 rebuildInterval=0
Schwarz(Jacobi)+Bicgstab:  Solving for omega, Initial residual = 0.00013495452225062977, Final residual = 6.422118169092914e-06, No Iterations 2, Solve time = 76.319 ms
[GinkgoSolver] p-cache: reuse(update_matrix_value) solve=13 rebuildInterval=0
Schwarz(Jacobi)+Bicgstab:  Solving for k, Initial residual = 0.0003677344654283347, Final residual = 2.5887042236312742e-05, No Iterations 2, Solve time = 72.833 ms
[mem] after-turb: DEVICE_POOL current=22752 MB  actual(reserved)=38146 MB  highWater=28040 MB
ExecutionTime = 158.3 s  ClockTime = 159 s

Time = 14
[mem] step-start: DEVICE_POOL current=22752 MB  actual(reserved)=38146 MB  highWater=28040 MB
Schwarz(Jacobi)+Bicgstab:  Solving for Ux, Initial residual = 0.0002053806384013779, Final residual = 1.3490694826264929e-05, No Iterations 4, Solve time = 295.25 ms
Schwarz(Jacobi)+Bicgstab:  Solving for Uy, Initial residual = 0.009290547603245238, Final residual = 0.001281141891530372, No Iterations 4, Solve time = 295.25 ms
Schwarz(Jacobi)+Bicgstab:  Solving for Uz, Initial residual = 0.0020944199402377368, Final residual = 0.0002189406346459378, No Iterations 4, Solve time = 295.25 ms
[mem] after-UEqn: DEVICE_POOL current=22752 MB  actual(reserved)=38146 MB  highWater=28040 MB
[GinkgoSolver] p-cache: reuse(update_matrix_value) solve=14 rebuildInterval=100
config(Cg+Schwarz(Multigrid)):  Solving for p, Initial residual = 0.009241185007323334, Final residual = 9.068259950678112e-05, No Iterations 73, Solve time = 2392.074 ms
time step continuity errors : sum local = 2.2547464232430735e-05, global = 7.242606811264864e-07, cumulative = -2.9858021785436168e-06
[mem] after-pEqn: DEVICE_POOL current=22752 MB  actual(reserved)=38146 MB  highWater=28040 MB
[GinkgoSolver] p-cache: reuse(update_matrix_value) solve=14 rebuildInterval=0
Schwarz(Jacobi)+Bicgstab:  Solving for omega, Initial residual = 0.00012045109913110057, Final residual = 5.875931287363139e-06, No Iterations 2, Solve time = 85.049 ms
[GinkgoSolver] p-cache: reuse(update_matrix_value) solve=14 rebuildInterval=0
Schwarz(Jacobi)+Bicgstab:  Solving for k, Initial residual = 0.0003602244505802164, Final residual = 2.9105824830223674e-05, No Iterations 2, Solve time = 70.626 ms
[mem] after-turb: DEVICE_POOL current=22752 MB  actual(reserved)=38146 MB  highWater=28040 MB
ExecutionTime = 162.41 s  ClockTime = 163 s

Time = 15
[mem] step-start: DEVICE_POOL current=22752 MB  actual(reserved)=38146 MB  highWater=28040 MB
Schwarz(Jacobi)+Bicgstab:  Solving for Ux, Initial residual = 0.00019752806225028586, Final residual = 1.553333743886494e-05, No Iterations 4, Solve time = 302.711 ms
Schwarz(Jacobi)+Bicgstab:  Solving for Uy, Initial residual = 0.008602414121271069, Final residual = 0.0005179836596494677, No Iterations 4, Solve time = 302.711 ms
Schwarz(Jacobi)+Bicgstab:  Solving for Uz, Initial residual = 0.001950039627743399, Final residual = 0.00010425412781770466, No Iterations 4, Solve time = 302.711 ms
[mem] after-UEqn: DEVICE_POOL current=22752 MB  actual(reserved)=38146 MB  highWater=28040 MB
[GinkgoSolver] p-cache: reuse(update_matrix_value) solve=15 rebuildInterval=100
config(Cg+Schwarz(Multigrid)):  Solving for p, Initial residual = 0.008239436617856834, Final residual = 7.947812759208382e-05, No Iterations 69, Solve time = 2264.782 ms
time step continuity errors : sum local = 2.146674494377792e-05, global = 9.573752503205695e-08, cumulative = -2.8900646535115597e-06
[mem] after-pEqn: DEVICE_POOL current=22752 MB  actual(reserved)=38146 MB  highWater=28040 MB
[GinkgoSolver] p-cache: reuse(update_matrix_value) solve=15 rebuildInterval=0
Schwarz(Jacobi)+Bicgstab:  Solving for omega, Initial residual = 0.00010974429852087992, Final residual = 5.421632606694687e-06, No Iterations 2, Solve time = 83.712 ms
[GinkgoSolver] p-cache: reuse(update_matrix_value) solve=15 rebuildInterval=0
Schwarz(Jacobi)+Bicgstab:  Solving for k, Initial residual = 0.0003546416161735558, Final residual = 9.498148436759625e-06, No Iterations 3, Solve time = 94.54 ms
[mem] after-turb: DEVICE_POOL current=22752 MB  actual(reserved)=38146 MB  highWater=28040 MB
ExecutionTime = 166.42 s  ClockTime = 167 s

Time = 16
[mem] step-start: DEVICE_POOL current=22752 MB  actual(reserved)=38146 MB  highWater=28040 MB
Schwarz(Jacobi)+Bicgstab:  Solving for Ux, Initial residual = 0.0001900881733860254, Final residual = 5.317087694466579e-06, No Iterations 5, Solve time = 354.254 ms
Schwarz(Jacobi)+Bicgstab:  Solving for Uy, Initial residual = 0.008196096982932303, Final residual = 0.00021439575834892406, No Iterations 5, Solve time = 354.254 ms
Schwarz(Jacobi)+Bicgstab:  Solving for Uz, Initial residual = 0.0018892315136035446, Final residual = 7.51156441109322e-05, No Iterations 5, Solve time = 354.254 ms
[mem] after-UEqn: DEVICE_POOL current=22752 MB  actual(reserved)=38146 MB  highWater=28040 MB
[GinkgoSolver] p-cache: reuse(update_matrix_value) solve=16 rebuildInterval=100
config(Cg+Schwarz(Multigrid)):  Solving for p, Initial residual = 0.00762463849164884, Final residual = 7.522835564343776e-05, No Iterations 62, Solve time = 2041.388 ms
time step continuity errors : sum local = 2.1462034151275665e-05, global = -4.1464903887300046e-08, cumulative = -2.9315295573988595e-06
[mem] after-pEqn: DEVICE_POOL current=22752 MB  actual(reserved)=38146 MB  highWater=28040 MB
[GinkgoSolver] p-cache: reuse(update_matrix_value) solve=16 rebuildInterval=0
Schwarz(Jacobi)+Bicgstab:  Solving for omega, Initial residual = 0.00010123878074702706, Final residual = 5.1158011923129155e-06, No Iterations 2, Solve time = 84.614 ms
[GinkgoSolver] p-cache: reuse(update_matrix_value) solve=16 rebuildInterval=0
Schwarz(Jacobi)+Bicgstab:  Solving for k, Initial residual = 0.00035202340427735717, Final residual = 2.733000966646384e-05, No Iterations 2, Solve time = 71.033 ms
[mem] after-turb: DEVICE_POOL current=22752 MB  actual(reserved)=38146 MB  highWater=28040 MB
ExecutionTime = 170.25 s  ClockTime = 171 s

Time = 17
[mem] step-start: DEVICE_POOL current=22752 MB  actual(reserved)=38146 MB  highWater=28040 MB
Schwarz(Jacobi)+Bicgstab:  Solving for Ux, Initial residual = 0.00018329276830482107, Final residual = 6.484072423384241e-06, No Iterations 4, Solve time = 293.57 ms
Schwarz(Jacobi)+Bicgstab:  Solving for Uy, Initial residual = 0.007897897972459647, Final residual = 0.0022002856151316355, No Iterations 4, Solve time = 293.57 ms
Schwarz(Jacobi)+Bicgstab:  Solving for Uz, Initial residual = 0.0018216057435154506, Final residual = 8.242871864260225e-05, No Iterations 4, Solve time = 293.57 ms
[mem] after-UEqn: DEVICE_POOL current=22752 MB  actual(reserved)=38146 MB  highWater=28040 MB
[GinkgoSolver] p-cache: reuse(update_matrix_value) solve=17 rebuildInterval=100
config(Cg+Schwarz(Multigrid)):  Solving for p, Initial residual = 0.007225567608386895, Final residual = 7.112824167962171e-05, No Iterations 49, Solve time = 1624.104 ms
time step continuity errors : sum local = 2.0963816902788804e-05, global = -3.539322360712558e-07, cumulative = -3.2854617934701155e-06
[mem] after-pEqn: DEVICE_POOL current=22752 MB  actual(reserved)=38146 MB  highWater=28040 MB
[GinkgoSolver] p-cache: reuse(update_matrix_value) solve=17 rebuildInterval=0
Schwarz(Jacobi)+Bicgstab:  Solving for omega, Initial residual = 9.419699112474612e-05, Final residual = 4.790608173537381e-06, No Iterations 2, Solve time = 75.008 ms
[GinkgoSolver] p-cache: reuse(update_matrix_value) solve=17 rebuildInterval=0
Schwarz(Jacobi)+Bicgstab:  Solving for k, Initial residual = 0.00034990755821407614, Final residual = 8.37151222316003e-06, No Iterations 3, Solve time = 96.582 ms
[mem] after-turb: DEVICE_POOL current=22752 MB  actual(reserved)=38146 MB  highWater=28040 MB
ExecutionTime = 173.62 s  ClockTime = 174 s

Time = 18
[mem] step-start: DEVICE_POOL current=22752 MB  actual(reserved)=38146 MB  highWater=28040 MB
Schwarz(Jacobi)+Bicgstab:  Solving for Ux, Initial residual = 0.00017535811127734544, Final residual = 6.126093829388236e-06, No Iterations 4, Solve time = 310.158 ms
Schwarz(Jacobi)+Bicgstab:  Solving for Uy, Initial residual = 0.007741716585952257, Final residual = 0.00037779402000060483, No Iterations 4, Solve time = 310.158 ms
Schwarz(Jacobi)+Bicgstab:  Solving for Uz, Initial residual = 0.0017467600736352363, Final residual = 7.512379182960342e-05, No Iterations 4, Solve time = 310.158 ms
[mem] after-UEqn: DEVICE_POOL current=22752 MB  actual(reserved)=38146 MB  highWater=28040 MB
[GinkgoSolver] p-cache: reuse(update_matrix_value) solve=18 rebuildInterval=100
config(Cg+Schwarz(Multigrid)):  Solving for p, Initial residual = 0.007012436152104445, Final residual = 6.924531919091807e-05, No Iterations 53, Solve time = 1752.319 ms
time step continuity errors : sum local = 2.0657215988575406e-05, global = 1.8860495070784952e-07, cumulative = -3.096856842762266e-06
[mem] after-pEqn: DEVICE_POOL current=22752 MB  actual(reserved)=38146 MB  highWater=28040 MB
[GinkgoSolver] p-cache: reuse(update_matrix_value) solve=18 rebuildInterval=0
Schwarz(Jacobi)+Bicgstab:  Solving for omega, Initial residual = 8.812809167073563e-05, Final residual = 4.593019483543503e-06, No Iterations 2, Solve time = 74.184 ms
[GinkgoSolver] p-cache: reuse(update_matrix_value) solve=18 rebuildInterval=0
Schwarz(Jacobi)+Bicgstab:  Solving for k, Initial residual = 0.0003501679696447825, Final residual = 3.1597789713437075e-05, No Iterations 2, Solve time = 72.559 ms
[mem] after-turb: DEVICE_POOL current=22752 MB  actual(reserved)=38146 MB  highWater=28040 MB
ExecutionTime = 177.11 s  ClockTime = 178 s

Time = 19
[mem] step-start: DEVICE_POOL current=22752 MB  actual(reserved)=38146 MB  highWater=28040 MB
Schwarz(Jacobi)+Bicgstab:  Solving for Ux, Initial residual = 0.0001679210515190283, Final residual = 1.2888207785220678e-05, No Iterations 3, Solve time = 242.65 ms
Schwarz(Jacobi)+Bicgstab:  Solving for Uy, Initial residual = 0.007432458500744321, Final residual = 0.0007278837324590247, No Iterations 3, Solve time = 242.65 ms
Schwarz(Jacobi)+Bicgstab:  Solving for Uz, Initial residual = 0.0016999163621444029, Final residual = 0.00016126225861655045, No Iterations 3, Solve time = 242.65 ms
[mem] after-UEqn: DEVICE_POOL current=22752 MB  actual(reserved)=38146 MB  highWater=28040 MB
[GinkgoSolver] p-cache: reuse(update_matrix_value) solve=19 rebuildInterval=100
config(Cg+Schwarz(Multigrid)):  Solving for p, Initial residual = 0.006775081760507791, Final residual = 6.435328472759422e-05, No Iterations 53, Solve time = 1748.509 ms
time step continuity errors : sum local = 1.9449175013411793e-05, global = 1.0244257307386007e-06, cumulative = -2.0724311120236653e-06
[mem] after-pEqn: DEVICE_POOL current=22752 MB  actual(reserved)=38146 MB  highWater=28040 MB
[GinkgoSolver] p-cache: reuse(update_matrix_value) solve=19 rebuildInterval=0
Schwarz(Jacobi)+Bicgstab:  Solving for omega, Initial residual = 8.298528516110491e-05, Final residual = 4.376236761432079e-06, No Iterations 2, Solve time = 82.742 ms
[GinkgoSolver] p-cache: reuse(update_matrix_value) solve=19 rebuildInterval=0
Schwarz(Jacobi)+Bicgstab:  Solving for k, Initial residual = 0.0003496691073380527, Final residual = 8.584161056498177e-06, No Iterations 3, Solve time = 95.409 ms
[mem] after-turb: DEVICE_POOL current=22752 MB  actual(reserved)=38146 MB  highWater=28040 MB
ExecutionTime = 180.54 s  ClockTime = 181 s

Time = 20
[mem] step-start: DEVICE_POOL current=22752 MB  actual(reserved)=38146 MB  highWater=28040 MB
Schwarz(Jacobi)+Bicgstab:  Solving for Ux, Initial residual = 0.00016200447275069576, Final residual = 6.872267473205625e-06, No Iterations 4, Solve time = 292.715 ms
Schwarz(Jacobi)+Bicgstab:  Solving for Uy, Initial residual = 0.0072871560430493604, Final residual = 0.00041376751918129566, No Iterations 4, Solve time = 292.715 ms
Schwarz(Jacobi)+Bicgstab:  Solving for Uz, Initial residual = 0.0016951291839065687, Final residual = 0.00021388442320647097, No Iterations 4, Solve time = 292.715 ms
[mem] after-UEqn: DEVICE_POOL current=22752 MB  actual(reserved)=38146 MB  highWater=28040 MB
[GinkgoSolver] p-cache: reuse(update_matrix_value) solve=20 rebuildInterval=100
config(Cg+Schwarz(Multigrid)):  Solving for p, Initial residual = 0.006547038977840621, Final residual = 6.479383879599806e-05, No Iterations 52, Solve time = 1718.825 ms
time step continuity errors : sum local = 1.981672805525349e-05, global = 1.4794842068761902e-06, cumulative = -5.929469051474751e-07
[mem] after-pEqn: DEVICE_POOL current=22752 MB  actual(reserved)=38146 MB  highWater=28040 MB
[GinkgoSolver] p-cache: reuse(update_matrix_value) solve=20 rebuildInterval=0
Schwarz(Jacobi)+Bicgstab:  Solving for omega, Initial residual = 7.796430183029923e-05, Final residual = 4.188933775844394e-06, No Iterations 2, Solve time = 85.89 ms
[GinkgoSolver] p-cache: reuse(update_matrix_value) solve=20 rebuildInterval=0
Schwarz(Jacobi)+Bicgstab:  Solving for k, Initial residual = 0.0003502602923947005, Final residual = 8.266833462117897e-06, No Iterations 3, Solve time = 97.141 ms
[mem] after-turb: DEVICE_POOL current=22752 MB  actual(reserved)=38146 MB  highWater=28040 MB
ExecutionTime = 184.01 s  ClockTime = 185 s

Time = 21
[mem] step-start: DEVICE_POOL current=22752 MB  actual(reserved)=38146 MB  highWater=28040 MB
Schwarz(Jacobi)+Bicgstab:  Solving for Ux, Initial residual = 0.00015800036292135285, Final residual = 1.2056990235939477e-05, No Iterations 3, Solve time = 234.623 ms
Schwarz(Jacobi)+Bicgstab:  Solving for Uy, Initial residual = 0.007253759160246743, Final residual = 0.0006114985201408744, No Iterations 3, Solve time = 234.623 ms
Schwarz(Jacobi)+Bicgstab:  Solving for Uz, Initial residual = 0.0017184705124446374, Final residual = 0.00014683731803578592, No Iterations 3, Solve time = 234.623 ms
[mem] after-UEqn: DEVICE_POOL current=22752 MB  actual(reserved)=38146 MB  highWater=28040 MB
[GinkgoSolver] p-cache: reuse(update_matrix_value) solve=21 rebuildInterval=100
config(Cg+Schwarz(Multigrid)):  Solving for p, Initial residual = 0.006339163415051405, Final residual = 6.209015893886887e-05, No Iterations 49, Solve time = 1619.953 ms
time step continuity errors : sum local = 1.9212516137082484e-05, global = 1.5088593000862765e-06, cumulative = 9.159123949388014e-07
[mem] after-pEqn: DEVICE_POOL current=22752 MB  actual(reserved)=38146 MB  highWater=28040 MB
[GinkgoSolver] p-cache: reuse(update_matrix_value) solve=21 rebuildInterval=0
Schwarz(Jacobi)+Bicgstab:  Solving for omega, Initial residual = 7.36898211028747e-05, Final residual = 4.030774403637366e-06, No Iterations 2, Solve time = 83.691 ms
[GinkgoSolver] p-cache: reuse(update_matrix_value) solve=21 rebuildInterval=0
Schwarz(Jacobi)+Bicgstab:  Solving for k, Initial residual = 0.00035246704286504346, Final residual = 8.41034422535988e-06, No Iterations 3, Solve time = 93.544 ms
[mem] after-turb: DEVICE_POOL current=22752 MB  actual(reserved)=38146 MB  highWater=28040 MB
ExecutionTime = 187.31 s  ClockTime = 188 s

Time = 22
[mem] step-start: DEVICE_POOL current=22752 MB  actual(reserved)=38146 MB  highWater=28040 MB
Schwarz(Jacobi)+Bicgstab:  Solving for Ux, Initial residual = 0.0001557268300711211, Final residual = 1.6171938977676325e-05, No Iterations 3, Solve time = 245.354 ms
Schwarz(Jacobi)+Bicgstab:  Solving for Uy, Initial residual = 0.007224240273693932, Final residual = 0.0005889932412830055, No Iterations 3, Solve time = 245.354 ms
Schwarz(Jacobi)+Bicgstab:  Solving for Uz, Initial residual = 0.0017434331841267813, Final residual = 0.0001465697710424033, No Iterations 3, Solve time = 245.354 ms
[mem] after-UEqn: DEVICE_POOL current=22752 MB  actual(reserved)=38146 MB  highWater=28040 MB
[GinkgoSolver] p-cache: reuse(update_matrix_value) solve=22 rebuildInterval=100
config(Cg+Schwarz(Multigrid)):  Solving for p, Initial residual = 0.0061647643153131355, Final residual = 6.133276851286339e-05, No Iterations 47, Solve time = 1558.565 ms
time step continuity errors : sum local = 1.9184093263972172e-05, global = 1.2641121130439929e-06, cumulative = 2.180024507982794e-06
[mem] after-pEqn: DEVICE_POOL current=22752 MB  actual(reserved)=38146 MB  highWater=28040 MB
[GinkgoSolver] p-cache: reuse(update_matrix_value) solve=22 rebuildInterval=0
Schwarz(Jacobi)+Bicgstab:  Solving for omega, Initial residual = 6.959637061324112e-05, Final residual = 3.852473843458962e-06, No Iterations 2, Solve time = 82.412 ms
[GinkgoSolver] p-cache: reuse(update_matrix_value) solve=22 rebuildInterval=0
Schwarz(Jacobi)+Bicgstab:  Solving for k, Initial residual = 0.00035359211749737854, Final residual = 8.543142733667748e-06, No Iterations 3, Solve time = 97.915 ms
[mem] after-turb: DEVICE_POOL current=22752 MB  actual(reserved)=38146 MB  highWater=28040 MB
ExecutionTime = 190.55 s  ClockTime = 191 s

Time = 23
[mem] step-start: DEVICE_POOL current=22752 MB  actual(reserved)=38146 MB  highWater=28040 MB
Schwarz(Jacobi)+Bicgstab:  Solving for Ux, Initial residual = 0.00015343223773233537, Final residual = 1.537660456062275e-05, No Iterations 3, Solve time = 247.789 ms
Schwarz(Jacobi)+Bicgstab:  Solving for Uy, Initial residual = 0.007132218468114433, Final residual = 0.0005653259590835526, No Iterations 3, Solve time = 247.789 ms
Schwarz(Jacobi)+Bicgstab:  Solving for Uz, Initial residual = 0.0017584880776041266, Final residual = 0.00014396697219752201, No Iterations 3, Solve time = 247.789 ms
[mem] after-UEqn: DEVICE_POOL current=22752 MB  actual(reserved)=38146 MB  highWater=28040 MB
[GinkgoSolver] p-cache: reuse(update_matrix_value) solve=23 rebuildInterval=100
config(Cg+Schwarz(Multigrid)):  Solving for p, Initial residual = 0.00601263659787409, Final residual = 5.8626431804007546e-05, No Iterations 39, Solve time = 1299.209 ms
time step continuity errors : sum local = 1.8533761134880122e-05, global = 7.026557353656998e-07, cumulative = 2.882680243348494e-06
[mem] after-pEqn: DEVICE_POOL current=22752 MB  actual(reserved)=38146 MB  highWater=28040 MB
[GinkgoSolver] p-cache: reuse(update_matrix_value) solve=23 rebuildInterval=0
Schwarz(Jacobi)+Bicgstab:  Solving for omega, Initial residual = 6.612655346228483e-05, Final residual = 3.719319823003335e-06, No Iterations 2, Solve time = 85.225 ms
[GinkgoSolver] p-cache: reuse(update_matrix_value) solve=23 rebuildInterval=0
Schwarz(Jacobi)+Bicgstab:  Solving for k, Initial residual = 0.0003561462916405856, Final residual = 8.733816229664872e-06, No Iterations 3, Solve time = 94.989 ms
[mem] after-turb: DEVICE_POOL current=22752 MB  actual(reserved)=38146 MB  highWater=28040 MB
ExecutionTime = 193.53 s  ClockTime = 194 s

Time = 24
[mem] step-start: DEVICE_POOL current=22752 MB  actual(reserved)=38146 MB  highWater=28040 MB
Schwarz(Jacobi)+Bicgstab:  Solving for Ux, Initial residual = 0.00015146321056712736, Final residual = 8.256445734740813e-06, No Iterations 4, Solve time = 307.221 ms
Schwarz(Jacobi)+Bicgstab:  Solving for Uy, Initial residual = 0.006984357144400582, Final residual = 0.00026943235267322624, No Iterations 4, Solve time = 307.221 ms
Schwarz(Jacobi)+Bicgstab:  Solving for Uz, Initial residual = 0.001757731351107927, Final residual = 5.724143033516939e-05, No Iterations 4, Solve time = 307.221 ms
[mem] after-UEqn: DEVICE_POOL current=22752 MB  actual(reserved)=38146 MB  highWater=28040 MB
[GinkgoSolver] p-cache: reuse(update_matrix_value) solve=24 rebuildInterval=100
config(Cg+Schwarz(Multigrid)):  Solving for p, Initial residual = 0.005915567824708542, Final residual = 5.808027879685078e-05, No Iterations 24, Solve time = 820.318 ms
time step continuity errors : sum local = 1.8424651675253316e-05, global = 6.457558013931533e-07, cumulative = 3.528436044741647e-06
[mem] after-pEqn: DEVICE_POOL current=22752 MB  actual(reserved)=38146 MB  highWater=28040 MB
[GinkgoSolver] p-cache: reuse(update_matrix_value) solve=24 rebuildInterval=0
Schwarz(Jacobi)+Bicgstab:  Solving for omega, Initial residual = 6.298942692694187e-05, Final residual = 3.5880971777192943e-06, No Iterations 2, Solve time = 83.831 ms
[GinkgoSolver] p-cache: reuse(update_matrix_value) solve=24 rebuildInterval=0
Schwarz(Jacobi)+Bicgstab:  Solving for k, Initial residual = 0.00035984530171364107, Final residual = 8.860515600551203e-06, No Iterations 3, Solve time = 94.134 ms
[mem] after-turb: DEVICE_POOL current=22752 MB  actual(reserved)=38146 MB  highWater=28040 MB
ExecutionTime = 196.1 s  ClockTime = 197 s

Time = 25
[mem] step-start: DEVICE_POOL current=22752 MB  actual(reserved)=38146 MB  highWater=28040 MB
Schwarz(Jacobi)+Bicgstab:  Solving for Ux, Initial residual = 0.0001495113749115846, Final residual = 1.0922800514528595e-05, No Iterations 3, Solve time = 240.771 ms
Schwarz(Jacobi)+Bicgstab:  Solving for Uy, Initial residual = 0.006798146720548466, Final residual = 0.0005249591039498464, No Iterations 3, Solve time = 240.771 ms
Schwarz(Jacobi)+Bicgstab:  Solving for Uz, Initial residual = 0.0017473172942008058, Final residual = 0.00014545337289689856, No Iterations 3, Solve time = 240.771 ms
[mem] after-UEqn: DEVICE_POOL current=22752 MB  actual(reserved)=38146 MB  highWater=28040 MB
[GinkgoSolver] p-cache: reuse(update_matrix_value) solve=25 rebuildInterval=100
config(Cg+Schwarz(Multigrid)):  Solving for p, Initial residual = 0.005846296212082035, Final residual = 5.706504688532705e-05, No Iterations 24, Solve time = 819.382 ms
time step continuity errors : sum local = 1.804473621316895e-05, global = 7.614245938518557e-07, cumulative = 4.289860638593502e-06
[mem] after-pEqn: DEVICE_POOL current=22752 MB  actual(reserved)=38146 MB  highWater=28040 MB
[GinkgoSolver] p-cache: reuse(update_matrix_value) solve=25 rebuildInterval=0
Schwarz(Jacobi)+Bicgstab:  Solving for omega, Initial residual = 6.0164052692898495e-05, Final residual = 3.448077551959406e-06, No Iterations 2, Solve time = 83.87 ms
[GinkgoSolver] p-cache: reuse(update_matrix_value) solve=25 rebuildInterval=0
Schwarz(Jacobi)+Bicgstab:  Solving for k, Initial residual = 0.0003631204775679955, Final residual = 9.003772116184348e-06, No Iterations 3, Solve time = 94.923 ms
[mem] after-turb: DEVICE_POOL current=22752 MB  actual(reserved)=38146 MB  highWater=28040 MB
ExecutionTime = 198.62 s  ClockTime = 200 s

Time = 26
[mem] step-start: DEVICE_POOL current=22752 MB  actual(reserved)=38146 MB  highWater=28040 MB
Schwarz(Jacobi)+Bicgstab:  Solving for Ux, Initial residual = 0.00014713158422204265, Final residual = 1.3926651797972707e-05, No Iterations 3, Solve time = 248.605 ms
Schwarz(Jacobi)+Bicgstab:  Solving for Uy, Initial residual = 0.006643464036814271, Final residual = 0.00048107058898366083, No Iterations 3, Solve time = 248.605 ms
Schwarz(Jacobi)+Bicgstab:  Solving for Uz, Initial residual = 0.0017458084144459003, Final residual = 0.0001375541721925833, No Iterations 3, Solve time = 248.605 ms
[mem] after-UEqn: DEVICE_POOL current=22752 MB  actual(reserved)=38146 MB  highWater=28040 MB
[GinkgoSolver] p-cache: reuse(update_matrix_value) solve=26 rebuildInterval=100
config(Cg+Schwarz(Multigrid)):  Solving for p, Initial residual = 0.0057781203455288975, Final residual = 5.291181610424238e-05, No Iterations 26, Solve time = 884.802 ms
time step continuity errors : sum local = 1.670752081120401e-05, global = 9.101905199649669e-07, cumulative = 5.20005115855847e-06
[mem] after-pEqn: DEVICE_POOL current=22752 MB  actual(reserved)=38146 MB  highWater=28040 MB
[GinkgoSolver] p-cache: reuse(update_matrix_value) solve=26 rebuildInterval=0
Schwarz(Jacobi)+Bicgstab:  Solving for omega, Initial residual = 5.7641141251497104e-05, Final residual = 3.3399753802765095e-06, No Iterations 2, Solve time = 73.021 ms
bounding omega, min: -52778.29756296026 max: 45356134.68475623 average: 7144.005926240625
[GinkgoSolver] p-cache: reuse(update_matrix_value) solve=26 rebuildInterval=0
Schwarz(Jacobi)+Bicgstab:  Solving for k, Initial residual = 0.000367124105929147, Final residual = 9.266267408227242e-06, No Iterations 3, Solve time = 93.244 ms
[mem] after-turb: DEVICE_POOL current=22752 MB  actual(reserved)=38146 MB  highWater=28040 MB
ExecutionTime = 201.18 s  ClockTime = 202 s

Time = 27
[mem] step-start: DEVICE_POOL current=22752 MB  actual(reserved)=38146 MB  highWater=28040 MB
Schwarz(Jacobi)+Bicgstab:  Solving for Ux, Initial residual = 0.00014456925979676908, Final residual = 8.246516284154074e-06, No Iterations 3, Solve time = 247.176 ms
Schwarz(Jacobi)+Bicgstab:  Solving for Uy, Initial residual = 0.006503697823332988, Final residual = 0.0004609563251460956, No Iterations 3, Solve time = 247.176 ms
Schwarz(Jacobi)+Bicgstab:  Solving for Uz, Initial residual = 0.0017475771291171728, Final residual = 0.00013729234122933733, No Iterations 3, Solve time = 247.176 ms
[mem] after-UEqn: DEVICE_POOL current=22752 MB  actual(reserved)=38146 MB  highWater=28040 MB
[GinkgoSolver] p-cache: reuse(update_matrix_value) solve=27 rebuildInterval=100
config(Cg+Schwarz(Multigrid)):  Solving for p, Initial residual = 0.005694499889229475, Final residual = 5.556311763568164e-05, No Iterations 28, Solve time = 949.609 ms
time step continuity errors : sum local = 1.7533219530980847e-05, global = 1.061601902484931e-06, cumulative = 6.261653061043401e-06
[mem] after-pEqn: DEVICE_POOL current=22752 MB  actual(reserved)=38146 MB  highWater=28040 MB
[GinkgoSolver] p-cache: reuse(update_matrix_value) solve=27 rebuildInterval=0
Schwarz(Jacobi)+Bicgstab:  Solving for omega, Initial residual = 5.5407880726129925e-05, Final residual = 3.2428946687016775e-06, No Iterations 2, Solve time = 83.484 ms
[GinkgoSolver] p-cache: reuse(update_matrix_value) solve=27 rebuildInterval=0
Schwarz(Jacobi)+Bicgstab:  Solving for k, Initial residual = 0.0003719974494895642, Final residual = 9.802062055894781e-06, No Iterations 3, Solve time = 95.707 ms
[mem] after-turb: DEVICE_POOL current=22752 MB  actual(reserved)=38146 MB  highWater=28040 MB
ExecutionTime = 203.83 s  ClockTime = 205 s

Time = 28
[mem] step-start: DEVICE_POOL current=22752 MB  actual(reserved)=38146 MB  highWater=28040 MB
Schwarz(Jacobi)+Bicgstab:  Solving for Ux, Initial residual = 0.00014220076973166023, Final residual = 1.6789566831953948e-05, No Iterations 3, Solve time = 239.193 ms
Schwarz(Jacobi)+Bicgstab:  Solving for Uy, Initial residual = 0.006372992201276221, Final residual = 0.00045400099621990044, No Iterations 3, Solve time = 239.193 ms
Schwarz(Jacobi)+Bicgstab:  Solving for Uz, Initial residual = 0.0017501072021945286, Final residual = 0.00013869148669415357, No Iterations 3, Solve time = 239.193 ms
[mem] after-UEqn: DEVICE_POOL current=22752 MB  actual(reserved)=38146 MB  highWater=28040 MB
[GinkgoSolver] p-cache: reuse(update_matrix_value) solve=28 rebuildInterval=100
config(Cg+Schwarz(Multigrid)):  Solving for p, Initial residual = 0.0056263328666556365, Final residual = 5.393780488355004e-05, No Iterations 34, Solve time = 1142.875 ms
time step continuity errors : sum local = 1.697992286512529e-05, global = 7.919719742754847e-07, cumulative = 7.053625035318885e-06
[mem] after-pEqn: DEVICE_POOL current=22752 MB  actual(reserved)=38146 MB  highWater=28040 MB
[GinkgoSolver] p-cache: reuse(update_matrix_value) solve=28 rebuildInterval=0
Schwarz(Jacobi)+Bicgstab:  Solving for omega, Initial residual = 5.344986583264735e-05, Final residual = 3.1627648153999694e-06, No Iterations 2, Solve time = 84.359 ms
[GinkgoSolver] p-cache: reuse(update_matrix_value) solve=28 rebuildInterval=0
Schwarz(Jacobi)+Bicgstab:  Solving for k, Initial residual = 0.0003767303299423559, Final residual = 9.699599518074199e-06, No Iterations 3, Solve time = 94.776 ms
[mem] after-turb: DEVICE_POOL current=22752 MB  actual(reserved)=38146 MB  highWater=28040 MB
ExecutionTime = 206.65 s  ClockTime = 208 s

Time = 29
[mem] step-start: DEVICE_POOL current=22752 MB  actual(reserved)=38146 MB  highWater=28040 MB
Schwarz(Jacobi)+Bicgstab:  Solving for Ux, Initial residual = 0.00013955904168830888, Final residual = 8.928170945517958e-06, No Iterations 3, Solve time = 234.919 ms
Schwarz(Jacobi)+Bicgstab:  Solving for Uy, Initial residual = 0.006257267153331149, Final residual = 0.0004473958447872083, No Iterations 3, Solve time = 234.919 ms
Schwarz(Jacobi)+Bicgstab:  Solving for Uz, Initial residual = 0.00175317034780636, Final residual = 0.00013912820670864242, No Iterations 3, Solve time = 234.919 ms
[mem] after-UEqn: DEVICE_POOL current=22752 MB  actual(reserved)=38146 MB  highWater=28040 MB
[GinkgoSolver] p-cache: reuse(update_matrix_value) solve=29 rebuildInterval=100
config(Cg+Schwarz(Multigrid)):  Solving for p, Initial residual = 0.005570426252204386, Final residual = 5.263363591639887e-05, No Iterations 43, Solve time = 1429.514 ms
time step continuity errors : sum local = 1.6439644380632833e-05, global = -6.826489877418446e-07, cumulative = 6.370976047577041e-06
[mem] after-pEqn: DEVICE_POOL current=22752 MB  actual(reserved)=38146 MB  highWater=28040 MB
[GinkgoSolver] p-cache: reuse(update_matrix_value) solve=29 rebuildInterval=0
Schwarz(Jacobi)+Bicgstab:  Solving for omega, Initial residual = 5.187155713530897e-05, Final residual = 3.106745129643096e-06, No Iterations 2, Solve time = 84.19 ms
bounding omega, min: -336.0886776755982 max: 45356041.67748113 average: 7212.796070241596
[GinkgoSolver] p-cache: reuse(update_matrix_value) solve=29 rebuildInterval=0
Schwarz(Jacobi)+Bicgstab:  Solving for k, Initial residual = 0.0003830434533946379, Final residual = 9.894681800812919e-06, No Iterations 3, Solve time = 94.615 ms
[mem] after-turb: DEVICE_POOL current=22752 MB  actual(reserved)=38146 MB  highWater=28040 MB
ExecutionTime = 209.77 s  ClockTime = 211 s

Time = 30
[mem] step-start: DEVICE_POOL current=22752 MB  actual(reserved)=38146 MB  highWater=28040 MB
Schwarz(Jacobi)+Bicgstab:  Solving for Ux, Initial residual = 0.0001369656621963849, Final residual = 7.818740451546347e-06, No Iterations 5, Solve time = 355.426 ms
Schwarz(Jacobi)+Bicgstab:  Solving for Uy, Initial residual = 0.006173692067322162, Final residual = 0.0001029515582017182, No Iterations 5, Solve time = 355.426 ms
Schwarz(Jacobi)+Bicgstab:  Solving for Uz, Initial residual = 0.0017577393755817481, Final residual = 3.582118359592901e-05, No Iterations 5, Solve time = 355.426 ms
[mem] after-UEqn: DEVICE_POOL current=22752 MB  actual(reserved)=38146 MB  highWater=28040 MB
[GinkgoSolver] p-cache: reuse(update_matrix_value) solve=30 rebuildInterval=100
config(Cg+Schwarz(Multigrid)):  Solving for p, Initial residual = 0.005589523735386745, Final residual = 5.1465007107920626e-05, No Iterations 44, Solve time = 1462.239 ms
time step continuity errors : sum local = 1.5705970693268342e-05, global = -1.051855996931085e-06, cumulative = 5.319120050645956e-06
[mem] after-pEqn: DEVICE_POOL current=22752 MB  actual(reserved)=38146 MB  highWater=28040 MB
[GinkgoSolver] p-cache: reuse(update_matrix_value) solve=30 rebuildInterval=0
Schwarz(Jacobi)+Bicgstab:  Solving for omega, Initial residual = 5.079764660100375e-05, Final residual = 3.0516215244202235e-06, No Iterations 2, Solve time = 85.631 ms
bounding omega, min: -55.970231040026874 max: 45356085.11921456 average: 7232.679331442412
[GinkgoSolver] p-cache: reuse(update_matrix_value) solve=30 rebuildInterval=0
Schwarz(Jacobi)+Bicgstab:  Solving for k, Initial residual = 0.0003905495399109832, Final residual = 1.0225731991638465e-05, No Iterations 3, Solve time = 88.796 ms
[mem] after-turb: DEVICE_POOL current=22752 MB  actual(reserved)=38146 MB  highWater=28040 MB
Writing p
Writing U
Writing turbulence variables
ExecutionTime = 213.89 s  ClockTime = 217 s

Finalizing NeoN
Finalising parallel run
