/*---------------------------------------------------------------------------*\
| =========                 |                                                 |
| \\      /  F ield         | OpenFOAM: The Open Source CFD Toolbox           |
|  \\    /   O peration     | Version:  2506                                  |
|   \\  /    A nd           | Website:  www.openfoam.com                      |
|    \\/     M anipulation  |                                                 |
\*---------------------------------------------------------------------------*/
Build  : b050cd9480-20250814 OPENFOAM=2506 version=v2506
Arch   : "LSB;label=32;scalar=64"
Exec   : /storage/home/greole/code/NeoFOAM/build/profilingnvidia_h200/bin/neoSimpleFoam -parallel
Date   : Jun 30 2026
Time   : 00:13:02
Host   : gpu-nvidia-h200-2.int.coma-cluster.de
PID    : 1415858
I/O    : uncollated
Case   : /storage/home/greole/code/NeoFOAM/occDrivAerStaticMesh
nProcs : 4
Hosts  :
(
    (gpu-nvidia-h200-2.int.coma-cluster.de 4)
)
Pstream initialized with:
    node communication : off [type=host] (4 ranks, 1 nodes)
    topology controls  : none
    consensus exchange : 0 (tuning: 0)
    exchange algorithm : 0
    commsType          : nonBlocking
    polling iterations : 0
trapFpe: Floating point exception trapping enabled (FOAM_SIGFPE).
fileModificationChecking : Monitoring run-time modified files using timeStampMaster (fileModificationSkew 5, maxFileModificationPolls 20)
allowSystemOperations : Allowing user-supplied system call operations

// * * * * * * * * * * * * * * * * * * * * * * * * * * * * * * * * * * * * * //
Create time

Initializing NeoN
Creating Executor GPU
Creating NeoFOAM runTime

SIMPLE: no convergence criteria found. Calculations will run for 30 steps.

Reading field p

Reading field U

Reading/calculating face flux field phi

Selecting incompressible transport model Newtonian
NeoFOAM solver config (from fvSolution configFile) for 'config(Cg+Schwarz(Multigrid))':
{
    cacheSolver: true
    configFile: <NeoN::TokenList>
    l1ScaledResidual: true
    preconditionerRebuildInterval: 100
    relTol: 0.010000
    reportName: config(Cg+Schwarz(Multigrid))
    solver: Ginkgo
    tolerance: 0.000000
}
    effective optimize: false
    effective checkFrequency: 1
Mapping OpenFOAM solver settings to NeoN settings.
Currently, it is advisable to specify a configFile
for fine grained Ginkgo solver control

Replacing solver PBiCGStab by solver::Bicgstab
Replacing preconditioner diagonal by preconditioner::Schwarz (Schwarz-wrapped for distributed run)
NeoFOAM solver config (mapped from fvSolution) for 'Schwarz(Jacobi)+Bicgstab':
{
    cacheSolver: true
    criteria: {
        absolute_residual_norm: 0.000000
        initial_residual_norm: 0.100000
        iteration: 1000
    }
    l1ScaledResidual: true
    optimize: true
    preconditioner: {
        local_solver: {
            max_block_size: 1
            type: preconditioner::Jacobi
        }
        type: preconditioner::Schwarz
    }
    reportName: Schwarz(Jacobi)+Bicgstab
    solver: Ginkgo
    type: solver::Bicgstab
}
    effective optimize: true
    effective checkFrequency: 1
Creating phi

[NF][/storage/home/greole/code/NeoFOAM/include/NeoFOAM/auxiliary/readers.hpp::434]: Internal: 49333487, Boundary: 1754396

[NF][/storage/home/greole/code/NeoFOAM/include/NeoFOAM/auxiliary/readers.hpp::434]: Internal: 49320882, Boundary: 1762558

[NF][/storage/home/greole/code/NeoFOAM/include/NeoFOAM/auxiliary/readers.hpp::434]: Internal: 49243125, Boundary: 1362247

[NF][/storage/home/greole/code/NeoFOAM/include/NeoFOAM/auxiliary/readers.hpp::434]: Internal: 49261542, Boundary: 1427829
Selecting patchDistMethod meshWave
Mapping OpenFOAM solver settings to NeoN settings.
Currently, it is advisable to specify a configFile
for fine grained Ginkgo solver control

Replacing solver PBiCGStab by solver::Bicgstab
Replacing preconditioner diagonal by preconditioner::Schwarz (Schwarz-wrapped for distributed run)
NeoFOAM solver config (mapped from fvSolution) for 'Schwarz(Jacobi)+Bicgstab':
{
    cacheSolver: true
    criteria: {
        absolute_residual_norm: 0.000000
        initial_residual_norm: 0.100000
        iteration: 1000
    }
    l1ScaledResidual: true
    optimize: true
    preconditioner: {
        local_solver: {
            max_block_size: 1
            type: preconditioner::Jacobi
        }
        type: preconditioner::Schwarz
    }
    reportName: Schwarz(Jacobi)+Bicgstab
    solver: Ginkgo
    type: solver::Bicgstab
}
    effective optimize: true
    effective checkFrequency: 1
Mapping OpenFOAM solver settings to NeoN settings.
Currently, it is advisable to specify a configFile
for fine grained Ginkgo solver control

Replacing solver PBiCGStab by solver::Bicgstab
Replacing preconditioner diagonal by preconditioner::Schwarz (Schwarz-wrapped for distributed run)
NeoFOAM solver config (mapped from fvSolution) for 'Schwarz(Jacobi)+Bicgstab':
{
    cacheSolver: true
    criteria: {
        absolute_residual_norm: 0.000000
        initial_residual_norm: 0.100000
        iteration: 1000
    }
    l1ScaledResidual: true
    optimize: true
    preconditioner: {
        local_solver: {
            max_block_size: 1
            type: preconditioner::Jacobi
        }
        type: preconditioner::Schwarz
    }
    reportName: Schwarz(Jacobi)+Bicgstab
    solver: Ginkgo
    type: solver::Bicgstab
}
    effective optimize: true
    effective checkFrequency: 1
Starting time loop
Time = 1
[mem] step-start: DEVICE_POOL current=16605 MB  actual(reserved)=38146 MB  highWater=19132 MB
Schwarz(Jacobi)+Bicgstab:  Solving for Ux, Initial residual = 0.001948895596607741, Final residual = 0.0002389414417994447, No Iterations 3, Solve time = 142.503 ms
Schwarz(Jacobi)+Bicgstab:  Solving for Uy, Initial residual = 0.16486889485444556, Final residual = 0.008211417173385839, No Iterations 3, Solve time = 142.503 ms
Schwarz(Jacobi)+Bicgstab:  Solving for Uz, Initial residual = 0.10478399166434318, Final residual = 0.004988129972801339, No Iterations 3, Solve time = 142.503 ms
[mem] after-UEqn: DEVICE_POOL current=19099 MB  actual(reserved)=38146 MB  highWater=24387 MB
[GinkgoSolver] p-cache: rebuild(generate) solve=1 rebuildInterval=100
config(Cg+Schwarz(Multigrid)):  Solving for p, Initial residual = 1, Final residual = 0.009991337070008764, No Iterations 108, Solve time = 3785.258 ms
time step continuity errors : sum local = 6.672341517619131e-05, global = 3.929925874252434e-06, cumulative = 3.929925874252434e-06
[mem] after-pEqn: DEVICE_POOL current=20567 MB  actual(reserved)=38146 MB  highWater=24387 MB
[GinkgoSolver] p-cache: rebuild(generate) solve=1 rebuildInterval=0
Schwarz(Jacobi)+Bicgstab:  Solving for omega, Initial residual = 0.9999999999999999, Final residual = 0.030747824247673167, No Iterations 1, Solve time = 35.441 ms
bounding omega, min: -52.86732833734965 max: 46109481.99752061 average: 2443.158352696529
[GinkgoSolver] p-cache: rebuild(generate) solve=1 rebuildInterval=0
Schwarz(Jacobi)+Bicgstab:  Solving for k, Initial residual = 0.9999999999999739, Final residual = 0.043859883345961255, No Iterations 1, Solve time = 35.207 ms
[mem] after-turb: DEVICE_POOL current=22752 MB  actual(reserved)=38146 MB  highWater=24811 MB
ExecutionTime = 89.44 s  ClockTime = 90 s

Time = 2
[mem] step-start: DEVICE_POOL current=22752 MB  actual(reserved)=38146 MB  highWater=24811 MB
Schwarz(Jacobi)+Bicgstab:  Solving for Ux, Initial residual = 0.0012927890117354465, Final residual = 5.9216166625931826e-05, No Iterations 5, Solve time = 184.54 ms
Schwarz(Jacobi)+Bicgstab:  Solving for Uy, Initial residual = 0.06545628986975957, Final residual = 0.002983096847796978, No Iterations 5, Solve time = 184.54 ms
Schwarz(Jacobi)+Bicgstab:  Solving for Uz, Initial residual = 0.04084400689772485, Final residual = 0.0009089747696704097, No Iterations 5, Solve time = 184.54 ms
[mem] after-UEqn: DEVICE_POOL current=22752 MB  actual(reserved)=38146 MB  highWater=28040 MB
Terminate called after throwing an instance of gko::NotSupported: /storage/home/greole/code/NeoFOAM/build/profilingnvidia_h200/_deps/ginkgo-src/include/ginkgo/core/base/utils_helper.hpp:426: Operation as does not support parameters of type gko::multigrid::Pmis<double, int>
Terminate called after throwing an instance of gko::NotSupported: /storage/home/greole/code/NeoFOAM/build/profilingnvidia_h200/_deps/ginkgo-src/include/ginkgo/core/base/utils_helper.hpp:426: Operation as does not support parameters of type gko::multigrid::Pmis<double, int>
Terminate called after throwing an instance of gko::NotSupported: /storage/home/greole/code/NeoFOAM/build/profilingnvidia_h200/_deps/ginkgo-src/include/ginkgo/core/base/utils_helper.hpp:426: Operation as does not support parameters of type gko::multigrid::Pmis<double, int>
Terminate called after throwing an instance of gko::NotSupported: /storage/home/greole/code/NeoFOAM/build/profilingnvidia_h200/_deps/ginkgo-src/include/ginkgo/core/base/utils_helper.hpp:426: Operation as does not support parameters of type gko::multigrid::Pmis<double, int>
Stack trace to reach terminate handler (most recent call first):
#0  0x000000000053bb39 in cpptrace::terminate_handler() at /storage/home/greole/code/NeoFOAM/build/profilingnvidia_h200/_deps/cpptrace-src/src/utils.cpp:65:34
#1  0x00007f182e1f4f39 in __cxxabiv1::__terminate(void (*)()) at /scratch/software/tmp/spack-stage/spack-stage-gcc-13.3.0-pc5contataet2iuufjrcsndtp6ub6hpk/spack-src/libstdc++-v3/libsupc++/eh_terminate.cc:48:15
#2  0x00007f182e1f4fa4 in std::terminate() at /scratch/software/tmp/spack-stage/spack-stage-gcc-13.3.0-pc5contataet2iuufjrcsndtp6ub6hpk/spack-src/libstdc++-v3/libsupc++/eh_terminate.cc:58:27
#3  0x00007f182e1f51f6 in __cxa_throw at /scratch/software/tmp/spack-stage/spack-stage-gcc-13.3.0-pc5contataet2iuufjrcsndtp6ub6hpk/spack-src/libstdc++-v3/libsupc++/eh_throw.cc:98:18
#4  0x00007f188d7c55d5 in std::shared_ptr<std::decay<gko::UpdateMatrixValue>::type> gko::as<gko::UpdateMatrixValue, gko::multigrid::MultigridLevel>(std::shared_ptr<gko::multigrid::MultigridLevel>) at /storage/home/greole/code/NeoFOAM/build/profilingnvidia_h200/_deps/ginkgo-src/include/ginkgo/core/base/utils_helper.hpp:426:9
#5  0x00007f188d7aa14d in gko::solver::Multigrid::update_matrix_value(std::shared_ptr<gko::LinOp const>) at /storage/home/greole/code/NeoFOAM/build/profilingnvidia_h200/_deps/ginkgo-src/core/solver/multigrid.cpp:1104:30
#6  0x00007f188d92766c in gko::experimental::distributed::preconditioner::Schwarz<double, int, long>::update_matrix_value(std::shared_ptr<gko::LinOp const>) at /storage/home/greole/code/NeoFOAM/build/profilingnvidia_h200/_deps/ginkgo-src/core/distributed/preconditioner/schwarz.cpp:346:39
#7  0x00007f188c888498 in NeoN::la::ginkgo::(anonymous namespace)::cacheOrUpdateSolver(std::shared_ptr<gko::LinOp>&, std::unique_ptr<gko::solver::Workspace, std::default_delete<gko::solver::Workspace> >&, std::array<unsigned long, 3ul>&, int&, bool, int, std::shared_ptr<gko::LinOpFactory const> const&, std::shared_ptr<gko::LinOp const> const&, std::array<unsigned long, 3ul> const&) at /storage/home/greole/code/NeoN/src/linearAlgebra/ginkgo/ginkgoDistributed.cpp:665:25
#8  0x00007f188c88a34a in NeoN::la::ginkgo::GinkgoSolver::solveDist(NeoN::la::LinearSystem<double, double, NeoN::la::Matrix<double, NeoN::la::CsrSparsityPattern<int> >, NeoN::la::Matrix<double, NeoN::la::CooSparsityPattern<int> > > const&, NeoN::Vector<double>&) const at /storage/home/greole/code/NeoN/src/linearAlgebra/ginkgo/ginkgoDistributed.cpp:845:217
#9  (inlined)          in NeoN::la::Solver::solve(NeoN::la::LinearSystem<double, double, NeoN::la::Matrix<double, NeoN::la::CsrSparsityPattern<int> >, NeoN::la::Matrix<double, NeoN::la::CooSparsityPattern<int> > > const&, NeoN::Vector<double>&) const at /storage/home/greole/code/NeoN/include/NeoN/linearAlgebra/solver.hpp:121:92
#10 0x0000000000604696 in NeoFOAM::PDE<double, double, int>::solveImpl(NeoN::dsl::Expression<double, int>&, NeoN::la::LinearSystem<double, double, NeoN::la::Matrix<double, NeoN::la::CsrSparsityPattern<int> >, NeoN::la::Matrix<double, NeoN::la::CooSparsityPattern<int> > >&) at /storage/home/greole/code/NeoFOAM/include/NeoFOAM/datastructures/pde.hpp:436:6
#11 (inlined)          in NeoFOAM::PDE<double, double, int>::solve() at /storage/home/greole/code/NeoFOAM/include/NeoFOAM/datastructures/pde.hpp:222:31
#12 0x000000000053fd7b in main at /storage/home/greole/code/NeoFOAM/examples/neoSimpleFoam/neoSimpleFoam.cpp:244:11
#13 0x00007f182de5660f at /lib64/libc.so.6
#14 0x00007f182de566bf at /lib64/libc.so.6
#15 0x00000000005405e4 at /storage/home/greole/code/NeoFOAM/build/profilingnvidia_h200/bin/neoSimpleFoam
[gpu-nvidia-h200-2:1415859] *** Process received signal ***
[gpu-nvidia-h200-2:1415859] Signal: Aborted (6)
[gpu-nvidia-h200-2:1415859] Signal code:  (-6)
[gpu-nvidia-h200-2:1415859] [ 0] /lib64/libc.so.6(+0x3fc30)[0x7f182de6bc30]
[gpu-nvidia-h200-2:1415859] [ 1] /lib64/libc.so.6(+0x8d02c)[0x7f182deb902c]
[gpu-nvidia-h200-2:1415859] [ 2] /lib64/libc.so.6(raise+0x16)[0x7f182de6bb86]
[gpu-nvidia-h200-2:1415859] [ 3] /lib64/libc.so.6(abort+0xd3)[0x7f182de55873]
[gpu-nvidia-h200-2:1415859] [ 4] /storage/home/greole/code/NeoFOAM/build/profilingnvidia_h200/bin/neoSimpleFoam[0x628e24]
[gpu-nvidia-h200-2:1415859] [ 5] /storage/apps/opt/spack/opt/spack/__spack_path_placeholder__/__spack_path_placeholder__/__spack_path_placeholder__/__spack_path_placeholder__/__spack_path_placeholder__/__spack_path_placeholder__/__spack_path_placeholder__/__spack_path_placeholder__/__spac/linux-x86_64_v3/gcc-13.3.0-pc5contataet2iuufjrcsndtp6ub6hpk/lib64/libstdc++.so.6(+0xbdf3a)[0x7f182e1f4f3a]
[gpu-nvidia-h200-2:1415859] [ 6] /storage/apps/opt/spack/opt/spack/__spack_path_placeholder__/__spack_path_placeholder__/__spack_path_placeholder__/__spack_path_placeholder__/__spack_path_placeholder__/__spack_path_placeholder__/__spack_path_placeholder__/__spack_path_placeholder__/__spac/linux-x86_64_v3/gcc-13.3.0-pc5contataet2iuufjrcsndtp6ub6hpk/lib64/libstdc++.so.6(+0xbdfa5)[0x7f182e1f4fa5]
[gpu-nvidia-h200-2:1415859] [ 7] /storage/apps/opt/spack/opt/spack/__spack_path_placeholder__/__spack_path_placeholder__/__spack_path_placeholder__/__spack_path_placeholder__/__spack_path_placeholder__/__spack_path_placeholder__/__spack_path_placeholder__/__spack_path_placeholder__/__spac/linux-x86_64_v3/gcc-13.3.0-pc5contataet2iuufjrcsndtp6ub6hpk/lib64/libstdc++.so.6(+0xbe1f7)[0x7f182e1f51f7]
[gpu-nvidia-h200-2:1415859] [ 8] /storage/home/greole/code/NeoFOAM/build/profilingnvidia_h200/lib/libNeoN.so(_ZN3gko2asINS_17UpdateMatrixValueENS_9multigrid14MultigridLevelEEESt10shared_ptrINSt5decayIT_E4typeEES4_IT0_E+0x116)[0x7f188d7c55d6]
[gpu-nvidia-h200-2:1415859] [ 9] Stack trace to reach terminate handler (most recent call first):
#0  0x000000000053bb39 in cpptrace::terminate_handler() at /storage/home/greole/code/NeoFOAM/build/profilingnvidia_h200/_deps/cpptrace-src/src/utils.cpp:65:34
#1  0x00007fbf65045f39 in __cxxabiv1::__terminate(void (*)()) at /scratch/software/tmp/spack-stage/spack-stage-gcc-13.3.0-pc5contataet2iuufjrcsndtp6ub6hpk/spack-src/libstdc++-v3/libsupc++/eh_terminate.cc:48:15
#2  0x00007fbf65045fa4 in std::terminate() at /scratch/software/tmp/spack-stage/spack-stage-gcc-13.3.0-pc5contataet2iuufjrcsndtp6ub6hpk/spack-src/libstdc++-v3/libsupc++/eh_terminate.cc:58:27
#3  0x00007fbf650461f6 in __cxa_throw at /scratch/software/tmp/spack-stage/spack-stage-gcc-13.3.0-pc5contataet2iuufjrcsndtp6ub6hpk/spack-src/libstdc++-v3/libsupc++/eh_throw.cc:98:18
#4  0x00007fbfc46165d5 in std::shared_ptr<std::decay<gko::UpdateMatrixValue>::type> gko::as<gko::UpdateMatrixValue, gko::multigrid::MultigridLevel>(std::shared_ptr<gko::multigrid::MultigridLevel>) at /storage/home/greole/code/NeoFOAM/build/profilingnvidia_h200/_deps/ginkgo-src/include/ginkgo/core/base/utils_helper.hpp:426:9
#5  0x00007fbfc45fb14d in gko::solver::Multigrid::update_matrix_value(std::shared_ptr<gko::LinOp const>) at /storage/home/greole/code/NeoFOAM/build/profilingnvidia_h200/_deps/ginkgo-src/core/solver/multigrid.cpp:1104:30
#6  0x00007fbfc477866c in gko::experimental::distributed::preconditioner::Schwarz<double, int, long>::update_matrix_value(std::shared_ptr<gko::LinOp const>) at /storage/home/greole/code/NeoFOAM/build/profilingnvidia_h200/_deps/ginkgo-src/core/distributed/preconditioner/schwarz.cpp:346:39
#7  0x00007fbfc36d9498 in NeoN::la::ginkgo::(anonymous namespace)::cacheOrUpdateSolver(std::shared_ptr<gko::LinOp>&, std::unique_ptr<gko::solver::Workspace, std::default_delete<gko::solver::Workspace> >&, std::array<unsigned long, 3ul>&, int&, bool, int, std::shared_ptr<gko::LinOpFactory const> const&, std::shared_ptr<gko::LinOp const> const&, std::array<unsigned long, 3ul> const&) at /storage/home/greole/code/NeoN/src/linearAlgebra/ginkgo/ginkgoDistributed.cpp:665:25
#8  0x00007fbfc36db34a in NeoN::la::ginkgo::GinkgoSolver::solveDist(NeoN::la::LinearSystem<double, double, NeoN::la::Matrix<double, NeoN::la::CsrSparsityPattern<int> >, NeoN::la::Matrix<double, NeoN::la::CooSparsityPattern<int> > > const&, NeoN::Vector<double>&) const at /storage/home/greole/code/NeoN/src/linearAlgebra/ginkgo/ginkgoDistributed.cpp:845:217
#9  (inlined)          in NeoN::la::Solver::solve(NeoN::la::LinearSystem<double, double, NeoN::la::Matrix<double, NeoN::la::CsrSparsityPattern<int> >, NeoN::la::Matrix<double, NeoN::la::CooSparsityPattern<int> > > const&, NeoN::Vector<double>&) const at /storage/home/greole/code/NeoN/include/NeoN/linearAlgebra/solver.hpp:121:92
#10 0x0000000000604696 in NeoFOAM::PDE<double, double, int>::solveImpl(NeoN::dsl::Expression<double, int>&, NeoN::la::LinearSystem<double, double, NeoN::la::Matrix<double, NeoN::la::CsrSparsityPattern<int> >, NeoN::la::Matrix<double, NeoN::la::CooSparsityPattern<int> > >&) at /storage/home/greole/code/NeoFOAM/include/NeoFOAM/datastructures/pde.hpp:436:6
#11 (inlined)          in NeoFOAM::PDE<double, double, int>::solve() at /storage/home/greole/code/NeoFOAM/include/NeoFOAM/datastructures/pde.hpp:222:31
#12 0x000000000053fd7b in main at /storage/home/greole/code/NeoFOAM/examples/neoSimpleFoam/neoSimpleFoam.cpp:244:11
#13 0x00007fbf64ca760f at /lib64/libc.so.6
#14 0x00007fbf64ca76bf at /lib64/libc.so.6
#15 0x00000000005405e4 at /storage/home/greole/code/NeoFOAM/build/profilingnvidia_h200/bin/neoSimpleFoam
[gpu-nvidia-h200-2:1415860] *** Process received signal ***
[gpu-nvidia-h200-2:1415860] Signal: Aborted (6)
[gpu-nvidia-h200-2:1415860] Signal code:  (-6)
[gpu-nvidia-h200-2:1415860] [ 0] /lib64/libc.so.6(+0x3fc30)[0x7fbf64cbcc30]
[gpu-nvidia-h200-2:1415860] [ 1] /lib64/libc.so.6(+0x8d02c)[0x7fbf64d0a02c]
[gpu-nvidia-h200-2:1415860] [ 2] /lib64/libc.so.6(raise+0x16)[0x7fbf64cbcb86]
[gpu-nvidia-h200-2:1415860] [ 3] /lib64/libc.so.6(abort+0xd3)[0x7fbf64ca6873]
[gpu-nvidia-h200-2:1415860] [ 4] /storage/home/greole/code/NeoFOAM/build/profilingnvidia_h200/bin/neoSimpleFoam[0x628e24]
[gpu-nvidia-h200-2:1415860] [ 5] /storage/apps/opt/spack/opt/spack/__spack_path_placeholder__/__spack_path_placeholder__/__spack_path_placeholder__/__spack_path_placeholder__/__spack_path_placeholder__/__spack_path_placeholder__/__spack_path_placeholder__/__spack_path_placeholder__/__spac/linux-x86_64_v3/gcc-13.3.0-pc5contataet2iuufjrcsndtp6ub6hpk/lib64/libstdc++.so.6(+0xbdf3a)[0x7fbf65045f3a]
[gpu-nvidia-h200-2:1415860] [ 6] /storage/home/greole/code/NeoFOAM/build/profilingnvidia_h200/lib/libNeoN.so(_ZN3gko6solver9Multigrid19update_matrix_valueESt10shared_ptrIKNS_5LinOpEE+0x1ce)[0x7f188d7aa14e]
[gpu-nvidia-h200-2:1415859] [10] /storage/apps/opt/spack/opt/spack/__spack_path_placeholder__/__spack_path_placeholder__/__spack_path_placeholder__/__spack_path_placeholder__/__spack_path_placeholder__/__spack_path_placeholder__/__spack_path_placeholder__/__spack_path_placeholder__/__spac/linux-x86_64_v3/gcc-13.3.0-pc5contataet2iuufjrcsndtp6ub6hpk/lib64/libstdc++.so.6(+0xbdfa5)[0x7fbf65045fa5]
[gpu-nvidia-h200-2:1415860] [ 7] /storage/apps/opt/spack/opt/spack/__spack_path_placeholder__/__spack_path_placeholder__/__spack_path_placeholder__/__spack_path_placeholder__/__spack_path_placeholder__/__spack_path_placeholder__/__spack_path_placeholder__/__spack_path_placeholder__/__spac/linux-x86_64_v3/gcc-13.3.0-pc5contataet2iuufjrcsndtp6ub6hpk/lib64/libstdc++.so.6(+0xbe1f7)[0x7fbf650461f7]
[gpu-nvidia-h200-2:1415860] [ 8] /storage/home/greole/code/NeoFOAM/build/profilingnvidia_h200/lib/libNeoN.so(_ZN3gko12experimental11distributed14preconditioner7SchwarzIdilE19update_matrix_valueESt10shared_ptrIKNS_5LinOpEE+0x17d)[0x7f188d92766d]
[gpu-nvidia-h200-2:1415859] [11] /storage/home/greole/code/NeoFOAM/build/profilingnvidia_h200/lib/libNeoN.so(_ZN3gko2asINS_17UpdateMatrixValueENS_9multigrid14MultigridLevelEEESt10shared_ptrINSt5decayIT_E4typeEES4_IT0_E+0x116)[0x7fbfc46165d6]
[gpu-nvidia-h200-2:1415860] [ 9] /storage/home/greole/code/NeoFOAM/build/profilingnvidia_h200/lib/libNeoN.so(+0x21fa499)[0x7f188c888499]
[gpu-nvidia-h200-2:1415859] [12] /storage/home/greole/code/NeoFOAM/build/profilingnvidia_h200/lib/libNeoN.so(_ZN3gko6solver9Multigrid19update_matrix_valueESt10shared_ptrIKNS_5LinOpEE+0x1ce)[0x7fbfc45fb14e]
[gpu-nvidia-h200-2:1415860] [10] /storage/home/greole/code/NeoFOAM/build/profilingnvidia_h200/lib/libNeoN.so(_ZNK4NeoN2la6ginkgo12GinkgoSolver9solveDistERKNS0_12LinearSystemIddNS0_6MatrixIdNS0_18CsrSparsityPatternIiEEEENS4_IdNS0_18CooSparsityPatternIiEEEEEERNS_6VectorIdEE+0x23b)[0x7f188c88a34b]
[gpu-nvidia-h200-2:1415859] [13] /storage/home/greole/code/NeoFOAM/build/profilingnvidia_h200/bin/neoSimpleFoam(_ZN7NeoFOAM3PDEIddiE9solveImplERN4NeoN3dsl10ExpressionIdiEERNS2_2la12LinearSystemIddNS7_6MatrixIdNS7_18CsrSparsityPatternIiEEEENS9_IdNS7_18CooSparsityPatternIiEEEEEE+0x387)[0x604697]
[gpu-nvidia-h200-2:1415859] [14] /storage/home/greole/code/NeoFOAM/build/profilingnvidia_h200/bin/neoSimpleFoam(main+0x184c)[0x53fd7c]
[gpu-nvidia-h200-2:1415859] [15] /lib64/libc.so.6(+0x2a610)[0x7f182de56610]
[gpu-nvidia-h200-2:1415859] [16] /lib64/libc.so.6(__libc_start_main+0x80)[0x7f182de566c0]
[gpu-nvidia-h200-2:1415859] [17] /storage/home/greole/code/NeoFOAM/build/profilingnvidia_h200/bin/neoSimpleFoam(_start+0x25)[0x5405e5]
[gpu-nvidia-h200-2:1415859] *** End of error message ***
/storage/home/greole/code/NeoFOAM/build/profilingnvidia_h200/lib/libNeoN.so(_ZN3gko12experimental11distributed14preconditioner7SchwarzIdilE19update_matrix_valueESt10shared_ptrIKNS_5LinOpEE+0x17d)[0x7fbfc477866d]
[gpu-nvidia-h200-2:1415860] [11] /storage/home/greole/code/NeoFOAM/build/profilingnvidia_h200/lib/libNeoN.so(+0x21fa499)[0x7fbfc36d9499]
[gpu-nvidia-h200-2:1415860] [12] /storage/home/greole/code/NeoFOAM/build/profilingnvidia_h200/lib/libNeoN.so(_ZNK4NeoN2la6ginkgo12GinkgoSolver9solveDistERKNS0_12LinearSystemIddNS0_6MatrixIdNS0_18CsrSparsityPatternIiEEEENS4_IdNS0_18CooSparsityPatternIiEEEEEERNS_6VectorIdEE+0x23b)[0x7fbfc36db34b]
[gpu-nvidia-h200-2:1415860] [13] /storage/home/greole/code/NeoFOAM/build/profilingnvidia_h200/bin/neoSimpleFoam(_ZN7NeoFOAM3PDEIddiE9solveImplERN4NeoN3dsl10ExpressionIdiEERNS2_2la12LinearSystemIddNS7_6MatrixIdNS7_18CsrSparsityPatternIiEEEENS9_IdNS7_18CooSparsityPatternIiEEEEEE+0x387)[0x604697]
[gpu-nvidia-h200-2:1415860] [14] /storage/home/greole/code/NeoFOAM/build/profilingnvidia_h200/bin/neoSimpleFoam(main+0x184c)[0x53fd7c]
[gpu-nvidia-h200-2:1415860] [15] /lib64/libc.so.6(+0x2a610)[0x7fbf64ca7610]
[gpu-nvidia-h200-2:1415860] [16] /lib64/libc.so.6(__libc_start_main+0x80)[0x7fbf64ca76c0]
[gpu-nvidia-h200-2:1415860] [17] /storage/home/greole/code/NeoFOAM/build/profilingnvidia_h200/bin/neoSimpleFoam(_start+0x25)[0x5405e5]
[gpu-nvidia-h200-2:1415860] *** End of error message ***
Stack trace to reach terminate handler (most recent call first):
#0  0x000000000053bb39 in cpptrace::terminate_handler() at /storage/home/greole/code/NeoFOAM/build/profilingnvidia_h200/_deps/cpptrace-src/src/utils.cpp:65:34
#1  0x00007fa16cedaf39 in __cxxabiv1::__terminate(void (*)()) at /scratch/software/tmp/spack-stage/spack-stage-gcc-13.3.0-pc5contataet2iuufjrcsndtp6ub6hpk/spack-src/libstdc++-v3/libsupc++/eh_terminate.cc:48:15
#2  0x00007fa16cedafa4 in std::terminate() at /scratch/software/tmp/spack-stage/spack-stage-gcc-13.3.0-pc5contataet2iuufjrcsndtp6ub6hpk/spack-src/libstdc++-v3/libsupc++/eh_terminate.cc:58:27
#3  0x00007fa16cedb1f6 in __cxa_throw at /scratch/software/tmp/spack-stage/spack-stage-gcc-13.3.0-pc5contataet2iuufjrcsndtp6ub6hpk/spack-src/libstdc++-v3/libsupc++/eh_throw.cc:98:18
#4  0x00007fa1cc4ab5d5 in std::shared_ptr<std::decay<gko::UpdateMatrixValue>::type> gko::as<gko::UpdateMatrixValue, gko::multigrid::MultigridLevel>(std::shared_ptr<gko::multigrid::MultigridLevel>) at /storage/home/greole/code/NeoFOAM/build/profilingnvidia_h200/_deps/ginkgo-src/include/ginkgo/core/base/utils_helper.hpp:426:9
#5  0x00007fa1cc49014d in gko::solver::Multigrid::update_matrix_value(std::shared_ptr<gko::LinOp const>) at /storage/home/greole/code/NeoFOAM/build/profilingnvidia_h200/_deps/ginkgo-src/core/solver/multigrid.cpp:1104:30
#6  0x00007fa1cc60d66c in gko::experimental::distributed::preconditioner::Schwarz<double, int, long>::update_matrix_value(std::shared_ptr<gko::LinOp const>) at /storage/home/greole/code/NeoFOAM/build/profilingnvidia_h200/_deps/ginkgo-src/core/distributed/preconditioner/schwarz.cpp:346:39
#7  0x00007fa1cb56e498 in NeoN::la::ginkgo::(anonymous namespace)::cacheOrUpdateSolver(std::shared_ptr<gko::LinOp>&, std::unique_ptr<gko::solver::Workspace, std::default_delete<gko::solver::Workspace> >&, std::array<unsigned long, 3ul>&, int&, bool, int, std::shared_ptr<gko::LinOpFactory const> const&, std::shared_ptr<gko::LinOp const> const&, std::array<unsigned long, 3ul> const&) at /storage/home/greole/code/NeoN/src/linearAlgebra/ginkgo/ginkgoDistributed.cpp:665:25
#8  0x00007fa1cb57034a in NeoN::la::ginkgo::GinkgoSolver::solveDist(NeoN::la::LinearSystem<double, double, NeoN::la::Matrix<double, NeoN::la::CsrSparsityPattern<int> >, NeoN::la::Matrix<double, NeoN::la::CooSparsityPattern<int> > > const&, NeoN::Vector<double>&) const at /storage/home/greole/code/NeoN/src/linearAlgebra/ginkgo/ginkgoDistributed.cpp:845:217
#9  (inlined)          in NeoN::la::Solver::solve(NeoN::la::LinearSystem<double, double, NeoN::la::Matrix<double, NeoN::la::CsrSparsityPattern<int> >, NeoN::la::Matrix<double, NeoN::la::CooSparsityPattern<int> > > const&, NeoN::Vector<double>&) const at /storage/home/greole/code/NeoN/include/NeoN/linearAlgebra/solver.hpp:121:92
#10 0x0000000000604696 in NeoFOAM::PDE<double, double, int>::solveImpl(NeoN::dsl::Expression<double, int>&, NeoN::la::LinearSystem<double, double, NeoN::la::Matrix<double, NeoN::la::CsrSparsityPattern<int> >, NeoN::la::Matrix<double, NeoN::la::CooSparsityPattern<int> > >&) at /storage/home/greole/code/NeoFOAM/include/NeoFOAM/datastructures/pde.hpp:436:6
#11 (inlined)          in NeoFOAM::PDE<double, double, int>::solve() at /storage/home/greole/code/NeoFOAM/include/NeoFOAM/datastructures/pde.hpp:222:31
#12 0x000000000053fd7b in main at /storage/home/greole/code/NeoFOAM/examples/neoSimpleFoam/neoSimpleFoam.cpp:244:11
#13 0x00007fa16cb3c60f at /lib64/libc.so.6
#14 0x00007fa16cb3c6bf at /lib64/libc.so.6
#15 0x00000000005405e4 at /storage/home/greole/code/NeoFOAM/build/profilingnvidia_h200/bin/neoSimpleFoam
[gpu-nvidia-h200-2:1415861] *** Process received signal ***
[gpu-nvidia-h200-2:1415861] Signal: Aborted (6)
[gpu-nvidia-h200-2:1415861] Signal code:  (-6)
[gpu-nvidia-h200-2:1415861] [ 0] /lib64/libc.so.6(+0x3fc30)[0x7fa16cb51c30]
[gpu-nvidia-h200-2:1415861] [ 1] /lib64/libc.so.6(+0x8d02c)[0x7fa16cb9f02c]
[gpu-nvidia-h200-2:1415861] [ 2] /lib64/libc.so.6(raise+0x16)[0x7fa16cb51b86]
[gpu-nvidia-h200-2:1415861] [ 3] /lib64/libc.so.6(abort+0xd3)[0x7fa16cb3b873]
[gpu-nvidia-h200-2:1415861] [ 4] /storage/home/greole/code/NeoFOAM/build/profilingnvidia_h200/bin/neoSimpleFoam[0x628e24]
[gpu-nvidia-h200-2:1415861] [ 5] /storage/apps/opt/spack/opt/spack/__spack_path_placeholder__/__spack_path_placeholder__/__spack_path_placeholder__/__spack_path_placeholder__/__spack_path_placeholder__/__spack_path_placeholder__/__spack_path_placeholder__/__spack_path_placeholder__/__spac/linux-x86_64_v3/gcc-13.3.0-pc5contataet2iuufjrcsndtp6ub6hpk/lib64/libstdc++.so.6(+0xbdf3a)[0x7fa16cedaf3a]
[gpu-nvidia-h200-2:1415861] [ 6] /storage/apps/opt/spack/opt/spack/__spack_path_placeholder__/__spack_path_placeholder__/__spack_path_placeholder__/__spack_path_placeholder__/__spack_path_placeholder__/__spack_path_placeholder__/__spack_path_placeholder__/__spack_path_placeholder__/__spac/linux-x86_64_v3/gcc-13.3.0-pc5contataet2iuufjrcsndtp6ub6hpk/lib64/libstdc++.so.6(+0xbdfa5)[0x7fa16cedafa5]
[gpu-nvidia-h200-2:1415861] [ 7] /storage/apps/opt/spack/opt/spack/__spack_path_placeholder__/__spack_path_placeholder__/__spack_path_placeholder__/__spack_path_placeholder__/__spack_path_placeholder__/__spack_path_placeholder__/__spack_path_placeholder__/__spack_path_placeholder__/__spac/linux-x86_64_v3/gcc-13.3.0-pc5contataet2iuufjrcsndtp6ub6hpk/lib64/libstdc++.so.6(+0xbe1f7)[0x7fa16cedb1f7]
[gpu-nvidia-h200-2:1415861] [ 8] /storage/home/greole/code/NeoFOAM/build/profilingnvidia_h200/lib/libNeoN.so(_ZN3gko2asINS_17UpdateMatrixValueENS_9multigrid14MultigridLevelEEESt10shared_ptrINSt5decayIT_E4typeEES4_IT0_E+0x116)[0x7fa1cc4ab5d6]
[gpu-nvidia-h200-2:1415861] [ 9] /storage/home/greole/code/NeoFOAM/build/profilingnvidia_h200/lib/libNeoN.so(_ZN3gko6solver9Multigrid19update_matrix_valueESt10shared_ptrIKNS_5LinOpEE+0x1ce)[0x7fa1cc49014e]
[gpu-nvidia-h200-2:1415861] [10] /storage/home/greole/code/NeoFOAM/build/profilingnvidia_h200/lib/libNeoN.so(_ZN3gko12experimental11distributed14preconditioner7SchwarzIdilE19update_matrix_valueESt10shared_ptrIKNS_5LinOpEE+0x17d)[0x7fa1cc60d66d]
[gpu-nvidia-h200-2:1415861] [11] /storage/home/greole/code/NeoFOAM/build/profilingnvidia_h200/lib/libNeoN.so(+0x21fa499)[0x7fa1cb56e499]
[gpu-nvidia-h200-2:1415861] [12] /storage/home/greole/code/NeoFOAM/build/profilingnvidia_h200/lib/libNeoN.so(_ZNK4NeoN2la6ginkgo12GinkgoSolver9solveDistERKNS0_12LinearSystemIddNS0_6MatrixIdNS0_18CsrSparsityPatternIiEEEENS4_IdNS0_18CooSparsityPatternIiEEEEEERNS_6VectorIdEE+0x23b)[0x7fa1cb57034b]
[gpu-nvidia-h200-2:1415861] [13] /storage/home/greole/code/NeoFOAM/build/profilingnvidia_h200/bin/neoSimpleFoam(_ZN7NeoFOAM3PDEIddiE9solveImplERN4NeoN3dsl10ExpressionIdiEERNS2_2la12LinearSystemIddNS7_6MatrixIdNS7_18CsrSparsityPatternIiEEEENS9_IdNS7_18CooSparsityPatternIiEEEEEE+0x387)[0x604697]
[gpu-nvidia-h200-2:1415861] [14] /storage/home/greole/code/NeoFOAM/build/profilingnvidia_h200/bin/neoSimpleFoam(main+0x184c)[0x53fd7c]
[gpu-nvidia-h200-2:1415861] [15] /lib64/libc.so.6(+0x2a610)[0x7fa16cb3c610]
[gpu-nvidia-h200-2:1415861] [16] /lib64/libc.so.6(__libc_start_main+0x80)[0x7fa16cb3c6c0]
[gpu-nvidia-h200-2:1415861] [17] /storage/home/greole/code/NeoFOAM/build/profilingnvidia_h200/bin/neoSimpleFoam(_start+0x25)[0x5405e5]
[gpu-nvidia-h200-2:1415861] *** End of error message ***
Stack trace to reach terminate handler (most recent call first):
#0  0x000000000053bb39 in cpptrace::terminate_handler() at /storage/home/greole/code/NeoFOAM/build/profilingnvidia_h200/_deps/cpptrace-src/src/utils.cpp:65:34
#1  0x00007fe1d8f5ff39 in __cxxabiv1::__terminate(void (*)()) at /scratch/software/tmp/spack-stage/spack-stage-gcc-13.3.0-pc5contataet2iuufjrcsndtp6ub6hpk/spack-src/libstdc++-v3/libsupc++/eh_terminate.cc:48:15
#2  0x00007fe1d8f5ffa4 in std::terminate() at /scratch/software/tmp/spack-stage/spack-stage-gcc-13.3.0-pc5contataet2iuufjrcsndtp6ub6hpk/spack-src/libstdc++-v3/libsupc++/eh_terminate.cc:58:27
#3  0x00007fe1d8f601f6 in __cxa_throw at /scratch/software/tmp/spack-stage/spack-stage-gcc-13.3.0-pc5contataet2iuufjrcsndtp6ub6hpk/spack-src/libstdc++-v3/libsupc++/eh_throw.cc:98:18
#4  0x00007fe2385305d5 in std::shared_ptr<std::decay<gko::UpdateMatrixValue>::type> gko::as<gko::UpdateMatrixValue, gko::multigrid::MultigridLevel>(std::shared_ptr<gko::multigrid::MultigridLevel>) at /storage/home/greole/code/NeoFOAM/build/profilingnvidia_h200/_deps/ginkgo-src/include/ginkgo/core/base/utils_helper.hpp:426:9
#5  0x00007fe23851514d in gko::solver::Multigrid::update_matrix_value(std::shared_ptr<gko::LinOp const>) at /storage/home/greole/code/NeoFOAM/build/profilingnvidia_h200/_deps/ginkgo-src/core/solver/multigrid.cpp:1104:30
#6  0x00007fe23869266c in gko::experimental::distributed::preconditioner::Schwarz<double, int, long>::update_matrix_value(std::shared_ptr<gko::LinOp const>) at /storage/home/greole/code/NeoFOAM/build/profilingnvidia_h200/_deps/ginkgo-src/core/distributed/preconditioner/schwarz.cpp:346:39
#7  0x00007fe2375f3498 in NeoN::la::ginkgo::(anonymous namespace)::cacheOrUpdateSolver(std::shared_ptr<gko::LinOp>&, std::unique_ptr<gko::solver::Workspace, std::default_delete<gko::solver::Workspace> >&, std::array<unsigned long, 3ul>&, int&, bool, int, std::shared_ptr<gko::LinOpFactory const> const&, std::shared_ptr<gko::LinOp const> const&, std::array<unsigned long, 3ul> const&) at /storage/home/greole/code/NeoN/src/linearAlgebra/ginkgo/ginkgoDistributed.cpp:665:25
#8  0x00007fe2375f534a in NeoN::la::ginkgo::GinkgoSolver::solveDist(NeoN::la::LinearSystem<double, double, NeoN::la::Matrix<double, NeoN::la::CsrSparsityPattern<int> >, NeoN::la::Matrix<double, NeoN::la::CooSparsityPattern<int> > > const&, NeoN::Vector<double>&) const at /storage/home/greole/code/NeoN/src/linearAlgebra/ginkgo/ginkgoDistributed.cpp:845:217
#9  (inlined)          in NeoN::la::Solver::solve(NeoN::la::LinearSystem<double, double, NeoN::la::Matrix<double, NeoN::la::CsrSparsityPattern<int> >, NeoN::la::Matrix<double, NeoN::la::CooSparsityPattern<int> > > const&, NeoN::Vector<double>&) const at /storage/home/greole/code/NeoN/include/NeoN/linearAlgebra/solver.hpp:121:92
#10 0x0000000000604696 in NeoFOAM::PDE<double, double, int>::solveImpl(NeoN::dsl::Expression<double, int>&, NeoN::la::LinearSystem<double, double, NeoN::la::Matrix<double, NeoN::la::CsrSparsityPattern<int> >, NeoN::la::Matrix<double, NeoN::la::CooSparsityPattern<int> > >&) at /storage/home/greole/code/NeoFOAM/include/NeoFOAM/datastructures/pde.hpp:436:6
#11 (inlined)          in NeoFOAM::PDE<double, double, int>::solve() at /storage/home/greole/code/NeoFOAM/include/NeoFOAM/datastructures/pde.hpp:222:31
#12 0x000000000053fd7b in main at /storage/home/greole/code/NeoFOAM/examples/neoSimpleFoam/neoSimpleFoam.cpp:244:11
#13 0x00007fe1d8bc160f at /lib64/libc.so.6
#14 0x00007fe1d8bc16bf at /lib64/libc.so.6
#15 0x00000000005405e4 at /storage/home/greole/code/NeoFOAM/build/profilingnvidia_h200/bin/neoSimpleFoam
[gpu-nvidia-h200-2:1415858] *** Process received signal ***
[gpu-nvidia-h200-2:1415858] Signal: Aborted (6)
[gpu-nvidia-h200-2:1415858] Signal code:  (-6)
[gpu-nvidia-h200-2:1415858] [ 0] /lib64/libc.so.6(+0x3fc30)[0x7fe1d8bd6c30]
[gpu-nvidia-h200-2:1415858] [ 1] /lib64/libc.so.6(+0x8d02c)[0x7fe1d8c2402c]
[gpu-nvidia-h200-2:1415858] [ 2] /lib64/libc.so.6(raise+0x16)[0x7fe1d8bd6b86]
[gpu-nvidia-h200-2:1415858] [ 3] /lib64/libc.so.6(abort+0xd3)[0x7fe1d8bc0873]
[gpu-nvidia-h200-2:1415858] [ 4] /storage/home/greole/code/NeoFOAM/build/profilingnvidia_h200/bin/neoSimpleFoam[0x628e24]
[gpu-nvidia-h200-2:1415858] [ 5] /storage/apps/opt/spack/opt/spack/__spack_path_placeholder__/__spack_path_placeholder__/__spack_path_placeholder__/__spack_path_placeholder__/__spack_path_placeholder__/__spack_path_placeholder__/__spack_path_placeholder__/__spack_path_placeholder__/__spac/linux-x86_64_v3/gcc-13.3.0-pc5contataet2iuufjrcsndtp6ub6hpk/lib64/libstdc++.so.6(+0xbdf3a)[0x7fe1d8f5ff3a]
[gpu-nvidia-h200-2:1415858] [ 6] /storage/apps/opt/spack/opt/spack/__spack_path_placeholder__/__spack_path_placeholder__/__spack_path_placeholder__/__spack_path_placeholder__/__spack_path_placeholder__/__spack_path_placeholder__/__spack_path_placeholder__/__spack_path_placeholder__/__spac/linux-x86_64_v3/gcc-13.3.0-pc5contataet2iuufjrcsndtp6ub6hpk/lib64/libstdc++.so.6(+0xbdfa5)[0x7fe1d8f5ffa5]
[gpu-nvidia-h200-2:1415858] [ 7] /storage/apps/opt/spack/opt/spack/__spack_path_placeholder__/__spack_path_placeholder__/__spack_path_placeholder__/__spack_path_placeholder__/__spack_path_placeholder__/__spack_path_placeholder__/__spack_path_placeholder__/__spack_path_placeholder__/__spac/linux-x86_64_v3/gcc-13.3.0-pc5contataet2iuufjrcsndtp6ub6hpk/lib64/libstdc++.so.6(+0xbe1f7)[0x7fe1d8f601f7]
[gpu-nvidia-h200-2:1415858] [ 8] /storage/home/greole/code/NeoFOAM/build/profilingnvidia_h200/lib/libNeoN.so(_ZN3gko2asINS_17UpdateMatrixValueENS_9multigrid14MultigridLevelEEESt10shared_ptrINSt5decayIT_E4typeEES4_IT0_E+0x116)[0x7fe2385305d6]
[gpu-nvidia-h200-2:1415858] [ 9] /storage/home/greole/code/NeoFOAM/build/profilingnvidia_h200/lib/libNeoN.so(_ZN3gko6solver9Multigrid19update_matrix_valueESt10shared_ptrIKNS_5LinOpEE+0x1ce)[0x7fe23851514e]
[gpu-nvidia-h200-2:1415858] [10] /storage/home/greole/code/NeoFOAM/build/profilingnvidia_h200/lib/libNeoN.so(_ZN3gko12experimental11distributed14preconditioner7SchwarzIdilE19update_matrix_valueESt10shared_ptrIKNS_5LinOpEE+0x17d)[0x7fe23869266d]
[gpu-nvidia-h200-2:1415858] [11] /storage/home/greole/code/NeoFOAM/build/profilingnvidia_h200/lib/libNeoN.so(+0x21fa499)[0x7fe2375f3499]
[gpu-nvidia-h200-2:1415858] [12] /storage/home/greole/code/NeoFOAM/build/profilingnvidia_h200/lib/libNeoN.so(_ZNK4NeoN2la6ginkgo12GinkgoSolver9solveDistERKNS0_12LinearSystemIddNS0_6MatrixIdNS0_18CsrSparsityPatternIiEEEENS4_IdNS0_18CooSparsityPatternIiEEEEEERNS_6VectorIdEE+0x23b)[0x7fe2375f534b]
[gpu-nvidia-h200-2:1415858] [13] /storage/home/greole/code/NeoFOAM/build/profilingnvidia_h200/bin/neoSimpleFoam(_ZN7NeoFOAM3PDEIddiE9solveImplERN4NeoN3dsl10ExpressionIdiEERNS2_2la12LinearSystemIddNS7_6MatrixIdNS7_18CsrSparsityPatternIiEEEENS9_IdNS7_18CooSparsityPatternIiEEEEEE+0x387)[0x604697]
[gpu-nvidia-h200-2:1415858] [14] /storage/home/greole/code/NeoFOAM/build/profilingnvidia_h200/bin/neoSimpleFoam(main+0x184c)[0x53fd7c]
[gpu-nvidia-h200-2:1415858] [15] /lib64/libc.so.6(+0x2a610)[0x7fe1d8bc1610]
[gpu-nvidia-h200-2:1415858] [16] /lib64/libc.so.6(__libc_start_main+0x80)[0x7fe1d8bc16c0]
[gpu-nvidia-h200-2:1415858] [17] /storage/home/greole/code/NeoFOAM/build/profilingnvidia_h200/bin/neoSimpleFoam(_start+0x25)[0x5405e5]
[gpu-nvidia-h200-2:1415858] *** End of error message ***
--------------------------------------------------------------------------

prterun noticed that process rank 2 with PID 1415860 on node gpu-nvidia-h200-2 exited on
signal 6 (Aborted).
--------------------------------------------------------------------------
