/*---------------------------------------------------------------------------*\
| =========                 |                                                 |
| \\      /  F ield         | OpenFOAM: The Open Source CFD Toolbox           |
|  \\    /   O peration     | Version:  2506                                  |
|   \\  /    A nd           | Website:  www.openfoam.com                      |
|    \\/     M anipulation  |                                                 |
\*---------------------------------------------------------------------------*/
Build  : b050cd9480-20250814 OPENFOAM=2506 version=v2506
Arch   : "LSB;label=32;scalar=64"
Exec   : /storage/home/greole/code/NeoFOAM/build/profilingnvidia_h200/bin/neoSimpleFoam -parallel
Date   : Jul 01 2026
Time   : 15:27:14
Host   : gpu-nvidia-h200-1.int.coma-cluster.de
PID    : 2529641
I/O    : uncollated
Case   : /storage/home/greole/code/NeoFOAM/occDrivAerStaticMesh
nProcs : 4
Hosts  :
(
    (gpu-nvidia-h200-1.int.coma-cluster.de 4)
)
Pstream initialized with:
    node communication : off [type=host] (4 ranks, 1 nodes)
    topology controls  : none
    consensus exchange : 0 (tuning: 0)
    exchange algorithm : 0
    commsType          : nonBlocking
    polling iterations : 0
trapFpe: Floating point exception trapping enabled (FOAM_SIGFPE).
fileModificationChecking : Monitoring run-time modified files using timeStampMaster (fileModificationSkew 5, maxFileModificationPolls 20)
allowSystemOperations : Allowing user-supplied system call operations

// * * * * * * * * * * * * * * * * * * * * * * * * * * * * * * * * * * * * * //
Create time

Initializing NeoN
Creating Executor GPU
Creating NeoFOAM runTime

SIMPLE: no convergence criteria found. Calculations will run for 30 steps.

Reading field p

Reading field U

Reading/calculating face flux field phi

Selecting incompressible transport model Newtonian
NeoFOAM solver config (from fvSolution configFile) for 'config(Cg+Schwarz(Multigrid))':
{
    cacheSolver: true
    configFile: <NeoN::TokenList>
    l1ScaledResidual: true
    preconditionerRebuildInterval: 100
    relTol: 0.010000
    reportName: config(Cg+Schwarz(Multigrid))
    solver: Ginkgo
    tolerance: 0.000000
}
    effective optimize: false
    effective checkFrequency: 1
Mapping OpenFOAM solver settings to NeoN settings.
Currently, it is advisable to specify a configFile
for fine grained Ginkgo solver control

Replacing solver PBiCGStab by solver::Bicgstab
Replacing preconditioner diagonal by preconditioner::Schwarz (Schwarz-wrapped for distributed run)
NeoFOAM solver config (mapped from fvSolution) for 'Schwarz(Jacobi)+Bicgstab':
{
    cacheSolver: true
    criteria: {
        absolute_residual_norm: 0.000000
        initial_residual_norm: 0.100000
        iteration: 1000
    }
    l1ScaledResidual: true
    optimize: true
    preconditioner: {
        local_solver: {
            max_block_size: 1
            type: preconditioner::Jacobi
        }
        type: preconditioner::Schwarz
    }
    reportName: Schwarz(Jacobi)+Bicgstab
    solver: Ginkgo
    type: solver::Bicgstab
}
    effective optimize: true
    effective checkFrequency: 1
Creating phi

[NF][/storage/home/greole/code/NeoFOAM/include/NeoFOAM/auxiliary/readers.hpp::434]: Internal: 49320882, Boundary: 1762558

[NF][/storage/home/greole/code/NeoFOAM/include/NeoFOAM/auxiliary/readers.hpp::434]: Internal: 49333487, Boundary: 1754396

[NF][/storage/home/greole/code/NeoFOAM/include/NeoFOAM/auxiliary/readers.hpp::434]: Internal: 49243125, Boundary: 1362247

[NF][/storage/home/greole/code/NeoFOAM/include/NeoFOAM/auxiliary/readers.hpp::434]: Internal: 49261542, Boundary: 1427829
Selecting patchDistMethod meshWave
Mapping OpenFOAM solver settings to NeoN settings.
Currently, it is advisable to specify a configFile
for fine grained Ginkgo solver control

Replacing solver PBiCGStab by solver::Bicgstab
Replacing preconditioner diagonal by preconditioner::Schwarz (Schwarz-wrapped for distributed run)
NeoFOAM solver config (mapped from fvSolution) for 'Schwarz(Jacobi)+Bicgstab':
{
    cacheSolver: true
    criteria: {
        absolute_residual_norm: 0.000000
        initial_residual_norm: 0.100000
        iteration: 1000
    }
    l1ScaledResidual: true
    optimize: true
    preconditioner: {
        local_solver: {
            max_block_size: 1
            type: preconditioner::Jacobi
        }
        type: preconditioner::Schwarz
    }
    reportName: Schwarz(Jacobi)+Bicgstab
    solver: Ginkgo
    type: solver::Bicgstab
}
    effective optimize: true
    effective checkFrequency: 1
Mapping OpenFOAM solver settings to NeoN settings.
Currently, it is advisable to specify a configFile
for fine grained Ginkgo solver control

Replacing solver PBiCGStab by solver::Bicgstab
Replacing preconditioner diagonal by preconditioner::Schwarz (Schwarz-wrapped for distributed run)
NeoFOAM solver config (mapped from fvSolution) for 'Schwarz(Jacobi)+Bicgstab':
{
    cacheSolver: true
    criteria: {
        absolute_residual_norm: 0.000000
        initial_residual_norm: 0.100000
        iteration: 1000
    }
    l1ScaledResidual: true
    optimize: true
    preconditioner: {
        local_solver: {
            max_block_size: 1
            type: preconditioner::Jacobi
        }
        type: preconditioner::Schwarz
    }
    reportName: Schwarz(Jacobi)+Bicgstab
    solver: Ginkgo
    type: solver::Bicgstab
}
    effective optimize: true
    effective checkFrequency: 1
Starting time loop
Time = 1
[mem] step-start: DEVICE_POOL current=16605 MB  actual(reserved)=38146 MB  highWater=19132 MB
Schwarz(Jacobi)+Bicgstab:  Solving for Ux, Initial residual = 0.0019488956619707566, Final residual = 0.00023894144922256537, No Iterations 3, Solve time = 246.334 ms
Schwarz(Jacobi)+Bicgstab:  Solving for Uy, Initial residual = 0.16486889729307713, Final residual = 0.008211417725346401, No Iterations 3, Solve time = 246.334 ms
Schwarz(Jacobi)+Bicgstab:  Solving for Uz, Initial residual = 0.10478399420301418, Final residual = 0.004988130416337737, No Iterations 3, Solve time = 246.334 ms
[mem] after-UEqn: DEVICE_POOL current=19099 MB  actual(reserved)=38146 MB  highWater=24387 MB
[GinkgoSolver] p-cache: rebuild(generate) solve=1 rebuildInterval=100
config(Cg+Schwarz(Multigrid)):  Solving for p, Initial residual = 1, Final residual = 0.009896367851930234, No Iterations 102, Solve time = 4094.865 ms
time step continuity errors : sum local = 6.608919887606649e-05, global = 4.643822009692762e-06, cumulative = 4.643822009692762e-06
[mem] after-pEqn: DEVICE_POOL current=20567 MB  actual(reserved)=38146 MB  highWater=24387 MB
[GinkgoSolver] p-cache: rebuild(generate) solve=1 rebuildInterval=0
Schwarz(Jacobi)+Bicgstab:  Solving for omega, Initial residual = 0.9999999999999997, Final residual = 0.0307478590370317, No Iterations 1, Solve time = 51.627 ms
bounding omega, min: -52.86858224672483 max: 46109483.0062477 average: 2443.1241981001626
[GinkgoSolver] p-cache: rebuild(generate) solve=1 rebuildInterval=0
Schwarz(Jacobi)+Bicgstab:  Solving for k, Initial residual = 0.9999999999999732, Final residual = 0.04385987420320101, No Iterations 1, Solve time = 52.144 ms
[mem] after-turb: DEVICE_POOL current=22752 MB  actual(reserved)=38146 MB  highWater=24811 MB
ExecutionTime = 101.28 s  ClockTime = 102 s

Time = 2
[mem] step-start: DEVICE_POOL current=22752 MB  actual(reserved)=38146 MB  highWater=24811 MB
Schwarz(Jacobi)+Bicgstab:  Solving for Ux, Initial residual = 0.0012930712039126656, Final residual = 5.923383062971293e-05, No Iterations 5, Solve time = 353.45 ms
Schwarz(Jacobi)+Bicgstab:  Solving for Uy, Initial residual = 0.06545151632702405, Final residual = 0.002979569374652426, No Iterations 5, Solve time = 353.45 ms
Schwarz(Jacobi)+Bicgstab:  Solving for Uz, Initial residual = 0.04084155629829995, Final residual = 0.0009088998736952751, No Iterations 5, Solve time = 353.45 ms
[mem] after-UEqn: DEVICE_POOL current=22752 MB  actual(reserved)=38146 MB  highWater=28040 MB
[GinkgoSolver] p-cache: reuse(update_matrix_value) solve=2 rebuildInterval=100
config(Cg+Schwarz(Multigrid)):  Solving for p, Initial residual = 0.04017283064059819, Final residual = 0.0003927652916182383, No Iterations 116, Solve time = 3739.005 ms
time step continuity errors : sum local = 4.178802510951207e-05, global = 2.1807711763828165e-06, cumulative = 6.8245931860755785e-06
[mem] after-pEqn: DEVICE_POOL current=22752 MB  actual(reserved)=38146 MB  highWater=28040 MB
[GinkgoSolver] p-cache: reuse(update_matrix_value) solve=2 rebuildInterval=0
Schwarz(Jacobi)+Bicgstab:  Solving for omega, Initial residual = 0.008194866375862602, Final residual = 0.0004780135736057765, No Iterations 1, Solve time = 64.174 ms
bounding omega, min: -3290.0195600456536 max: 45305779.465937026 average: 2705.6070305118865
[GinkgoSolver] p-cache: reuse(update_matrix_value) solve=2 rebuildInterval=0
Schwarz(Jacobi)+Bicgstab:  Solving for k, Initial residual = 0.07500375734831682, Final residual = 0.004455109357111466, No Iterations 1, Solve time = 49.935 ms
[mem] after-turb: DEVICE_POOL current=22752 MB  actual(reserved)=38146 MB  highWater=28040 MB
ExecutionTime = 106.85 s  ClockTime = 107 s

Time = 3
[mem] step-start: DEVICE_POOL current=22752 MB  actual(reserved)=38146 MB  highWater=28040 MB
Schwarz(Jacobi)+Bicgstab:  Solving for Ux, Initial residual = 0.0008109114391612847, Final residual = 4.791212986127435e-05, No Iterations 6, Solve time = 410.337 ms
Schwarz(Jacobi)+Bicgstab:  Solving for Uy, Initial residual = 0.03251623277678398, Final residual = 0.0006360495757497068, No Iterations 6, Solve time = 410.337 ms
Schwarz(Jacobi)+Bicgstab:  Solving for Uz, Initial residual = 0.0181970646842267, Final residual = 0.0002675687269905898, No Iterations 6, Solve time = 410.337 ms
[mem] after-UEqn: DEVICE_POOL current=22752 MB  actual(reserved)=38146 MB  highWater=28040 MB
[GinkgoSolver] p-cache: reuse(update_matrix_value) solve=3 rebuildInterval=100
config(Cg+Schwarz(Multigrid)):  Solving for p, Initial residual = 0.01779492460293154, Final residual = 0.00017683830830463046, No Iterations 103, Solve time = 3317.243 ms
time step continuity errors : sum local = 3.456854081305823e-05, global = -1.1786724321667336e-06, cumulative = 5.645920753908845e-06
[mem] after-pEqn: DEVICE_POOL current=22752 MB  actual(reserved)=38146 MB  highWater=28040 MB
[GinkgoSolver] p-cache: reuse(update_matrix_value) solve=3 rebuildInterval=0
Schwarz(Jacobi)+Bicgstab:  Solving for omega, Initial residual = 0.003520773982524074, Final residual = 0.0002899368052484413, No Iterations 1, Solve time = 61.237 ms
bounding omega, min: -11.965295171950004 max: 45385834.207988076 average: 3322.181392420445
[GinkgoSolver] p-cache: reuse(update_matrix_value) solve=3 rebuildInterval=0
Schwarz(Jacobi)+Bicgstab:  Solving for k, Initial residual = 0.01399718281715961, Final residual = 0.0010053257221102811, No Iterations 1, Solve time = 52.51 ms
[mem] after-turb: DEVICE_POOL current=22752 MB  actual(reserved)=38146 MB  highWater=28040 MB
ExecutionTime = 111.94 s  ClockTime = 113 s

Time = 4
[mem] step-start: DEVICE_POOL current=22752 MB  actual(reserved)=38146 MB  highWater=28040 MB
Schwarz(Jacobi)+Bicgstab:  Solving for Ux, Initial residual = 0.0005582234135236614, Final residual = 4.703657230749689e-05, No Iterations 4, Solve time = 286.836 ms
Schwarz(Jacobi)+Bicgstab:  Solving for Uy, Initial residual = 0.020225645847223358, Final residual = 0.00267083598862065, No Iterations 4, Solve time = 286.836 ms
Schwarz(Jacobi)+Bicgstab:  Solving for Uz, Initial residual = 0.010485219678760914, Final residual = 0.0007741792802056462, No Iterations 4, Solve time = 286.836 ms
[mem] after-UEqn: DEVICE_POOL current=22752 MB  actual(reserved)=38146 MB  highWater=28040 MB
[GinkgoSolver] p-cache: reuse(update_matrix_value) solve=4 rebuildInterval=100
config(Cg+Schwarz(Multigrid)):  Solving for p, Initial residual = 0.012492675453943712, Final residual = 0.00012004613449989687, No Iterations 113, Solve time = 3628.842 ms
time step continuity errors : sum local = 3.0835204505320514e-05, global = 1.271896921517076e-06, cumulative = 6.917817675425921e-06
[mem] after-pEqn: DEVICE_POOL current=22752 MB  actual(reserved)=38146 MB  highWater=28040 MB
[GinkgoSolver] p-cache: reuse(update_matrix_value) solve=4 rebuildInterval=0
Schwarz(Jacobi)+Bicgstab:  Solving for omega, Initial residual = 0.0017242749280041813, Final residual = 4.831052946915351e-05, No Iterations 2, Solve time = 87.755 ms
[GinkgoSolver] p-cache: reuse(update_matrix_value) solve=4 rebuildInterval=0
Schwarz(Jacobi)+Bicgstab:  Solving for k, Initial residual = 0.0046408488214585205, Final residual = 0.00039336226536705333, No Iterations 1, Solve time = 50.123 ms
[mem] after-turb: DEVICE_POOL current=22752 MB  actual(reserved)=38146 MB  highWater=28040 MB
ExecutionTime = 117.23 s  ClockTime = 118 s

Time = 5
[mem] step-start: DEVICE_POOL current=22752 MB  actual(reserved)=38146 MB  highWater=28040 MB
Schwarz(Jacobi)+Bicgstab:  Solving for Ux, Initial residual = 0.0004822136618893546, Final residual = 3.732758294867368e-05, No Iterations 4, Solve time = 291.75 ms
Schwarz(Jacobi)+Bicgstab:  Solving for Uy, Initial residual = 0.01852338593778836, Final residual = 0.0011829236132854736, No Iterations 4, Solve time = 291.75 ms
Schwarz(Jacobi)+Bicgstab:  Solving for Uz, Initial residual = 0.008321300531408038, Final residual = 0.0008076838224317615, No Iterations 4, Solve time = 291.75 ms
[mem] after-UEqn: DEVICE_POOL current=22752 MB  actual(reserved)=38146 MB  highWater=28040 MB
[GinkgoSolver] p-cache: reuse(update_matrix_value) solve=5 rebuildInterval=100
config(Cg+Schwarz(Multigrid)):  Solving for p, Initial residual = 0.010604688689759889, Final residual = 0.00010538597442450899, No Iterations 110, Solve time = 3540.296 ms
time step continuity errors : sum local = 2.9823980293164652e-05, global = 1.3830233266060335e-06, cumulative = 8.300841002031955e-06
[mem] after-pEqn: DEVICE_POOL current=22752 MB  actual(reserved)=38146 MB  highWater=28040 MB
[GinkgoSolver] p-cache: reuse(update_matrix_value) solve=5 rebuildInterval=0
Schwarz(Jacobi)+Bicgstab:  Solving for omega, Initial residual = 0.000994442278810413, Final residual = 9.814003708296175e-05, No Iterations 1, Solve time = 60.352 ms
[GinkgoSolver] p-cache: reuse(update_matrix_value) solve=5 rebuildInterval=0
Schwarz(Jacobi)+Bicgstab:  Solving for k, Initial residual = 0.002356515683561449, Final residual = 0.00022365184015248884, No Iterations 1, Solve time = 49.154 ms
[mem] after-turb: DEVICE_POOL current=22752 MB  actual(reserved)=38146 MB  highWater=28040 MB
ExecutionTime = 122.44 s  ClockTime = 123 s

Time = 6
[mem] step-start: DEVICE_POOL current=22752 MB  actual(reserved)=38146 MB  highWater=28040 MB
Schwarz(Jacobi)+Bicgstab:  Solving for Ux, Initial residual = 0.0004356610929941699, Final residual = 2.639747811814786e-05, No Iterations 5, Solve time = 353.752 ms
Schwarz(Jacobi)+Bicgstab:  Solving for Uy, Initial residual = 0.01796831387014664, Final residual = 0.0016015541535739138, No Iterations 5, Solve time = 353.752 ms
Schwarz(Jacobi)+Bicgstab:  Solving for Uz, Initial residual = 0.006737258290896642, Final residual = 0.0005121900082061913, No Iterations 5, Solve time = 353.752 ms
[mem] after-UEqn: DEVICE_POOL current=22752 MB  actual(reserved)=38146 MB  highWater=28040 MB
[GinkgoSolver] p-cache: reuse(update_matrix_value) solve=6 rebuildInterval=100
config(Cg+Schwarz(Multigrid)):  Solving for p, Initial residual = 0.011161728272365912, Final residual = 0.00011119755575271258, No Iterations 103, Solve time = 3314.736 ms
time step continuity errors : sum local = 3.079041605348727e-05, global = -5.113401623953186e-07, cumulative = 7.789500839636636e-06
[mem] after-pEqn: DEVICE_POOL current=22752 MB  actual(reserved)=38146 MB  highWater=28040 MB
[GinkgoSolver] p-cache: reuse(update_matrix_value) solve=6 rebuildInterval=0
Schwarz(Jacobi)+Bicgstab:  Solving for omega, Initial residual = 0.0006247303293870605, Final residual = 2.4309092508432955e-05, No Iterations 2, Solve time = 75.647 ms
[GinkgoSolver] p-cache: reuse(update_matrix_value) solve=6 rebuildInterval=0
Schwarz(Jacobi)+Bicgstab:  Solving for k, Initial residual = 0.0016242844522126566, Final residual = 0.00015488746278769994, No Iterations 1, Solve time = 50.036 ms
[mem] after-turb: DEVICE_POOL current=22752 MB  actual(reserved)=38146 MB  highWater=28040 MB
ExecutionTime = 127.49 s  ClockTime = 128 s

Time = 7
[mem] step-start: DEVICE_POOL current=22752 MB  actual(reserved)=38146 MB  highWater=28040 MB
Schwarz(Jacobi)+Bicgstab:  Solving for Ux, Initial residual = 0.00037631710566688625, Final residual = 2.3426720909456015e-05, No Iterations 5, Solve time = 345.122 ms
Schwarz(Jacobi)+Bicgstab:  Solving for Uy, Initial residual = 0.015249783976990092, Final residual = 0.0011578282429450643, No Iterations 5, Solve time = 345.122 ms
Schwarz(Jacobi)+Bicgstab:  Solving for Uz, Initial residual = 0.005140246151264829, Final residual = 0.00027819098748016425, No Iterations 5, Solve time = 345.122 ms
[mem] after-UEqn: DEVICE_POOL current=22752 MB  actual(reserved)=38146 MB  highWater=28040 MB
[GinkgoSolver] p-cache: reuse(update_matrix_value) solve=7 rebuildInterval=100
config(Cg+Schwarz(Multigrid)):  Solving for p, Initial residual = 0.012129901171900196, Final residual = 0.00011848682431145895, No Iterations 98, Solve time = 3151.772 ms
time step continuity errors : sum local = 2.9629060383326994e-05, global = -1.8147883548681885e-06, cumulative = 5.9747124847684475e-06
[mem] after-pEqn: DEVICE_POOL current=22752 MB  actual(reserved)=38146 MB  highWater=28040 MB
[GinkgoSolver] p-cache: reuse(update_matrix_value) solve=7 rebuildInterval=0
Schwarz(Jacobi)+Bicgstab:  Solving for omega, Initial residual = 0.0004898383763574057, Final residual = 1.5228973670773167e-05, No Iterations 2, Solve time = 85.496 ms
[GinkgoSolver] p-cache: reuse(update_matrix_value) solve=7 rebuildInterval=0
Schwarz(Jacobi)+Bicgstab:  Solving for k, Initial residual = 0.0011597047999920528, Final residual = 2.4108875898633304e-05, No Iterations 3, Solve time = 96.809 ms
[mem] after-turb: DEVICE_POOL current=22752 MB  actual(reserved)=38146 MB  highWater=28040 MB
ExecutionTime = 132.42 s  ClockTime = 133 s

Time = 8
[mem] step-start: DEVICE_POOL current=22752 MB  actual(reserved)=38146 MB  highWater=28040 MB
Schwarz(Jacobi)+Bicgstab:  Solving for Ux, Initial residual = 0.0003169365746040282, Final residual = 2.4921970020056213e-05, No Iterations 5, Solve time = 332.909 ms
Schwarz(Jacobi)+Bicgstab:  Solving for Uy, Initial residual = 0.011385680553192173, Final residual = 0.00029137769622847944, No Iterations 5, Solve time = 332.909 ms
Schwarz(Jacobi)+Bicgstab:  Solving for Uz, Initial residual = 0.0036133444828742875, Final residual = 0.00019674424848930276, No Iterations 5, Solve time = 332.909 ms
[mem] after-UEqn: DEVICE_POOL current=22752 MB  actual(reserved)=38146 MB  highWater=28040 MB
[GinkgoSolver] p-cache: reuse(update_matrix_value) solve=8 rebuildInterval=100
config(Cg+Schwarz(Multigrid)):  Solving for p, Initial residual = 0.013088406461415113, Final residual = 0.00012967149682242504, No Iterations 93, Solve time = 2995.972 ms
time step continuity errors : sum local = 2.8132159424949558e-05, global = 5.751710065018191e-07, cumulative = 6.549883491270266e-06
[mem] after-pEqn: DEVICE_POOL current=22752 MB  actual(reserved)=38146 MB  highWater=28040 MB
[GinkgoSolver] p-cache: reuse(update_matrix_value) solve=8 rebuildInterval=0
Schwarz(Jacobi)+Bicgstab:  Solving for omega, Initial residual = 0.0003596292443636503, Final residual = 1.2434854311902264e-05, No Iterations 2, Solve time = 86.221 ms
bounding omega, min: -945.3718874453389 max: 45357655.04921681 average: 5745.284172170575
[GinkgoSolver] p-cache: reuse(update_matrix_value) solve=8 rebuildInterval=0
Schwarz(Jacobi)+Bicgstab:  Solving for k, Initial residual = 0.0008654562888014742, Final residual = 5.245405551054163e-05, No Iterations 2, Solve time = 76.732 ms
[mem] after-turb: DEVICE_POOL current=22752 MB  actual(reserved)=38146 MB  highWater=28040 MB
ExecutionTime = 137.18 s  ClockTime = 138 s

Time = 9
[mem] step-start: DEVICE_POOL current=22752 MB  actual(reserved)=38146 MB  highWater=28040 MB
Schwarz(Jacobi)+Bicgstab:  Solving for Ux, Initial residual = 0.0002735900355226688, Final residual = 7.293068681774543e-06, No Iterations 5, Solve time = 348.314 ms
Schwarz(Jacobi)+Bicgstab:  Solving for Uy, Initial residual = 0.009192837360809576, Final residual = 0.00044520613162709244, No Iterations 5, Solve time = 348.314 ms
Schwarz(Jacobi)+Bicgstab:  Solving for Uz, Initial residual = 0.0026292287636383548, Final residual = 0.00015422253871184664, No Iterations 5, Solve time = 348.314 ms
[mem] after-UEqn: DEVICE_POOL current=22752 MB  actual(reserved)=38146 MB  highWater=28040 MB
[GinkgoSolver] p-cache: reuse(update_matrix_value) solve=9 rebuildInterval=100
config(Cg+Schwarz(Multigrid)):  Solving for p, Initial residual = 0.013745441869040677, Final residual = 0.00013561564589142819, No Iterations 106, Solve time = 3408.728 ms
time step continuity errors : sum local = 2.566133532166299e-05, global = -1.1227066601583713e-06, cumulative = 5.4271768311118946e-06
[mem] after-pEqn: DEVICE_POOL current=22752 MB  actual(reserved)=38146 MB  highWater=28040 MB
[GinkgoSolver] p-cache: reuse(update_matrix_value) solve=9 rebuildInterval=0
Schwarz(Jacobi)+Bicgstab:  Solving for omega, Initial residual = 0.00027805412177354184, Final residual = 1.0631397084282297e-05, No Iterations 2, Solve time = 86.41 ms
[GinkgoSolver] p-cache: reuse(update_matrix_value) solve=9 rebuildInterval=0
Schwarz(Jacobi)+Bicgstab:  Solving for k, Initial residual = 0.0006654483449591636, Final residual = 3.885511881797929e-05, No Iterations 2, Solve time = 73.397 ms
[mem] after-turb: DEVICE_POOL current=22752 MB  actual(reserved)=38146 MB  highWater=28040 MB
ExecutionTime = 142.34 s  ClockTime = 143 s

Time = 10
[mem] step-start: DEVICE_POOL current=22752 MB  actual(reserved)=38146 MB  highWater=28040 MB
Schwarz(Jacobi)+Bicgstab:  Solving for Ux, Initial residual = 0.0002520519247539663, Final residual = 3.205344019568996e-06, No Iterations 6, Solve time = 400.275 ms
Schwarz(Jacobi)+Bicgstab:  Solving for Uy, Initial residual = 0.010074603749598034, Final residual = 0.0004024493792891622, No Iterations 6, Solve time = 400.275 ms
Schwarz(Jacobi)+Bicgstab:  Solving for Uz, Initial residual = 0.002494367600341508, Final residual = 4.1651432983984067e-05, No Iterations 6, Solve time = 400.275 ms
[mem] after-UEqn: DEVICE_POOL current=22752 MB  actual(reserved)=38146 MB  highWater=28040 MB
[GinkgoSolver] p-cache: reuse(update_matrix_value) solve=10 rebuildInterval=100
config(Cg+Schwarz(Multigrid)):  Solving for p, Initial residual = 0.01378300264832295, Final residual = 0.00013661047587221623, No Iterations 110, Solve time = 3554.377 ms
time step continuity errors : sum local = 2.3885561829465274e-05, global = -2.2108086762504725e-06, cumulative = 3.216368154861422e-06
[mem] after-pEqn: DEVICE_POOL current=22752 MB  actual(reserved)=38146 MB  highWater=28040 MB
[GinkgoSolver] p-cache: reuse(update_matrix_value) solve=10 rebuildInterval=0
Schwarz(Jacobi)+Bicgstab:  Solving for omega, Initial residual = 0.00022456218284115181, Final residual = 9.223691079819804e-06, No Iterations 2, Solve time = 85.842 ms
[GinkgoSolver] p-cache: reuse(update_matrix_value) solve=10 rebuildInterval=0
Schwarz(Jacobi)+Bicgstab:  Solving for k, Initial residual = 0.0005268316859703497, Final residual = 3.2760571694142375e-05, No Iterations 2, Solve time = 73.989 ms
[mem] after-turb: DEVICE_POOL current=22752 MB  actual(reserved)=38146 MB  highWater=28040 MB
ExecutionTime = 147.7 s  ClockTime = 149 s

Time = 11
[mem] step-start: DEVICE_POOL current=22752 MB  actual(reserved)=38146 MB  highWater=28040 MB
Schwarz(Jacobi)+Bicgstab:  Solving for Ux, Initial residual = 0.00024046575827464472, Final residual = 1.116666650419059e-05, No Iterations 5, Solve time = 348.018 ms
Schwarz(Jacobi)+Bicgstab:  Solving for Uy, Initial residual = 0.011083061162769473, Final residual = 0.0003230244875978645, No Iterations 5, Solve time = 348.018 ms
Schwarz(Jacobi)+Bicgstab:  Solving for Uz, Initial residual = 0.0025489596383324927, Final residual = 7.270273534473569e-05, No Iterations 5, Solve time = 348.018 ms
[mem] after-UEqn: DEVICE_POOL current=22752 MB  actual(reserved)=38146 MB  highWater=28040 MB
[GinkgoSolver] p-cache: reuse(update_matrix_value) solve=11 rebuildInterval=100
config(Cg+Schwarz(Multigrid)):  Solving for p, Initial residual = 0.013426205558803415, Final residual = 0.00012970199805464785, No Iterations 107, Solve time = 3442.778 ms
time step continuity errors : sum local = 2.3165960654286065e-05, global = -1.7089166275162157e-06, cumulative = 1.5074515273452064e-06
[mem] after-pEqn: DEVICE_POOL current=22752 MB  actual(reserved)=38146 MB  highWater=28040 MB
[GinkgoSolver] p-cache: reuse(update_matrix_value) solve=11 rebuildInterval=0
Schwarz(Jacobi)+Bicgstab:  Solving for omega, Initial residual = 0.00018510175395238573, Final residual = 8.09824210796904e-06, No Iterations 2, Solve time = 87.513 ms
[GinkgoSolver] p-cache: reuse(update_matrix_value) solve=11 rebuildInterval=0
Schwarz(Jacobi)+Bicgstab:  Solving for k, Initial residual = 0.00043952716887486184, Final residual = 2.828926618531855e-05, No Iterations 2, Solve time = 72.872 ms
[mem] after-turb: DEVICE_POOL current=22752 MB  actual(reserved)=38146 MB  highWater=28040 MB
ExecutionTime = 152.89 s  ClockTime = 154 s

Time = 12
[mem] step-start: DEVICE_POOL current=22752 MB  actual(reserved)=38146 MB  highWater=28040 MB
Schwarz(Jacobi)+Bicgstab:  Solving for Ux, Initial residual = 0.00022840618816865726, Final residual = 1.4956136301077626e-05, No Iterations 4, Solve time = 289.287 ms
Schwarz(Jacobi)+Bicgstab:  Solving for Uy, Initial residual = 0.011039150361326296, Final residual = 0.0007984953179547024, No Iterations 4, Solve time = 289.287 ms
Schwarz(Jacobi)+Bicgstab:  Solving for Uz, Initial residual = 0.002480848986374762, Final residual = 0.00012093770989908136, No Iterations 4, Solve time = 289.287 ms
[mem] after-UEqn: DEVICE_POOL current=22752 MB  actual(reserved)=38146 MB  highWater=28040 MB
[GinkgoSolver] p-cache: reuse(update_matrix_value) solve=12 rebuildInterval=100
config(Cg+Schwarz(Multigrid)):  Solving for p, Initial residual = 0.012298215583697631, Final residual = 0.00011929565408235561, No Iterations 101, Solve time = 3257.65 ms
time step continuity errors : sum local = 2.346100949259657e-05, global = 8.465774873076566e-10, cumulative = 1.508298104832514e-06
[mem] after-pEqn: DEVICE_POOL current=22752 MB  actual(reserved)=38146 MB  highWater=28040 MB
[GinkgoSolver] p-cache: reuse(update_matrix_value) solve=12 rebuildInterval=0
Schwarz(Jacobi)+Bicgstab:  Solving for omega, Initial residual = 0.0001560606127856073, Final residual = 7.140399547172968e-06, No Iterations 2, Solve time = 83.893 ms
[GinkgoSolver] p-cache: reuse(update_matrix_value) solve=12 rebuildInterval=0
Schwarz(Jacobi)+Bicgstab:  Solving for k, Initial residual = 0.000387636229404673, Final residual = 2.5734280817428946e-05, No Iterations 2, Solve time = 72.782 ms
[mem] after-turb: DEVICE_POOL current=22752 MB  actual(reserved)=38146 MB  highWater=28040 MB
ExecutionTime = 157.85 s  ClockTime = 159 s

Time = 13
[mem] step-start: DEVICE_POOL current=22752 MB  actual(reserved)=38146 MB  highWater=28040 MB
Schwarz(Jacobi)+Bicgstab:  Solving for Ux, Initial residual = 0.00021571548704427143, Final residual = 9.453312305297148e-06, No Iterations 4, Solve time = 279.335 ms
Schwarz(Jacobi)+Bicgstab:  Solving for Uy, Initial residual = 0.010267157066139591, Final residual = 0.0005808017684812224, No Iterations 4, Solve time = 279.335 ms
Schwarz(Jacobi)+Bicgstab:  Solving for Uz, Initial residual = 0.002294896265018006, Final residual = 0.00010864831979195413, No Iterations 4, Solve time = 279.335 ms
[mem] after-UEqn: DEVICE_POOL current=22752 MB  actual(reserved)=38146 MB  highWater=28040 MB
[GinkgoSolver] p-cache: reuse(update_matrix_value) solve=13 rebuildInterval=100
config(Cg+Schwarz(Multigrid)):  Solving for p, Initial residual = 0.010713716090543123, Final residual = 0.00010656106709901955, No Iterations 97, Solve time = 3128.015 ms
time step continuity errors : sum local = 2.36541761883978e-05, global = 1.2139070862098651e-06, cumulative = 2.7222051910423794e-06
[mem] after-pEqn: DEVICE_POOL current=22752 MB  actual(reserved)=38146 MB  highWater=28040 MB
[GinkgoSolver] p-cache: reuse(update_matrix_value) solve=13 rebuildInterval=0
Schwarz(Jacobi)+Bicgstab:  Solving for omega, Initial residual = 0.00013495967453719027, Final residual = 6.422400557842664e-06, No Iterations 2, Solve time = 86.08 ms
[GinkgoSolver] p-cache: reuse(update_matrix_value) solve=13 rebuildInterval=0
Schwarz(Jacobi)+Bicgstab:  Solving for k, Initial residual = 0.00036774491060655244, Final residual = 2.5896833267427952e-05, No Iterations 2, Solve time = 72.228 ms
[mem] after-turb: DEVICE_POOL current=22752 MB  actual(reserved)=38146 MB  highWater=28040 MB
ExecutionTime = 162.64 s  ClockTime = 164 s

Time = 14
[mem] step-start: DEVICE_POOL current=22752 MB  actual(reserved)=38146 MB  highWater=28040 MB
Schwarz(Jacobi)+Bicgstab:  Solving for Ux, Initial residual = 0.00020559458343435914, Final residual = 1.3796136403135782e-05, No Iterations 4, Solve time = 288.404 ms
Schwarz(Jacobi)+Bicgstab:  Solving for Uy, Initial residual = 0.009284446541164193, Final residual = 0.0012786588287689192, No Iterations 4, Solve time = 288.404 ms
Schwarz(Jacobi)+Bicgstab:  Solving for Uz, Initial residual = 0.002092894045664137, Final residual = 0.00023468765073492517, No Iterations 4, Solve time = 288.404 ms
[mem] after-UEqn: DEVICE_POOL current=22752 MB  actual(reserved)=38146 MB  highWater=28040 MB
[GinkgoSolver] p-cache: reuse(update_matrix_value) solve=14 rebuildInterval=100
config(Cg+Schwarz(Multigrid)):  Solving for p, Initial residual = 0.009250177768853247, Final residual = 8.904274213148504e-05, No Iterations 95, Solve time = 3056.83 ms
time step continuity errors : sum local = 2.2125156409117102e-05, global = 7.167674343898743e-07, cumulative = 3.4389726254322538e-06
[mem] after-pEqn: DEVICE_POOL current=22752 MB  actual(reserved)=38146 MB  highWater=28040 MB
[GinkgoSolver] p-cache: reuse(update_matrix_value) solve=14 rebuildInterval=0
Schwarz(Jacobi)+Bicgstab:  Solving for omega, Initial residual = 0.00012045891211304668, Final residual = 5.8767696855609106e-06, No Iterations 2, Solve time = 83.074 ms
[GinkgoSolver] p-cache: reuse(update_matrix_value) solve=14 rebuildInterval=0
Schwarz(Jacobi)+Bicgstab:  Solving for k, Initial residual = 0.0003602419832219144, Final residual = 2.9132145170130096e-05, No Iterations 2, Solve time = 72.243 ms
[mem] after-turb: DEVICE_POOL current=22752 MB  actual(reserved)=38146 MB  highWater=28040 MB
ExecutionTime = 167.39 s  ClockTime = 168 s

Time = 15
[mem] step-start: DEVICE_POOL current=22752 MB  actual(reserved)=38146 MB  highWater=28040 MB
Schwarz(Jacobi)+Bicgstab:  Solving for Ux, Initial residual = 0.0001977740995306671, Final residual = 1.5104089184354466e-05, No Iterations 4, Solve time = 294.101 ms
Schwarz(Jacobi)+Bicgstab:  Solving for Uy, Initial residual = 0.008579418669383405, Final residual = 0.0005143990978414725, No Iterations 4, Solve time = 294.101 ms
Schwarz(Jacobi)+Bicgstab:  Solving for Uz, Initial residual = 0.001945669554978541, Final residual = 0.00010423477174355442, No Iterations 4, Solve time = 294.101 ms
[mem] after-UEqn: DEVICE_POOL current=22752 MB  actual(reserved)=38146 MB  highWater=28040 MB
[GinkgoSolver] p-cache: reuse(update_matrix_value) solve=15 rebuildInterval=100
config(Cg+Schwarz(Multigrid)):  Solving for p, Initial residual = 0.00821584004019113, Final residual = 8.095699704642793e-05, No Iterations 71, Solve time = 2303.185 ms
time step continuity errors : sum local = 2.1927548484451835e-05, global = -6.592949218149325e-07, cumulative = 2.7796777036173214e-06
[mem] after-pEqn: DEVICE_POOL current=22752 MB  actual(reserved)=38146 MB  highWater=28040 MB
[GinkgoSolver] p-cache: reuse(update_matrix_value) solve=15 rebuildInterval=0
Schwarz(Jacobi)+Bicgstab:  Solving for omega, Initial residual = 0.00010975619325705211, Final residual = 5.423174395544214e-06, No Iterations 2, Solve time = 70.784 ms
[GinkgoSolver] p-cache: reuse(update_matrix_value) solve=15 rebuildInterval=0
Schwarz(Jacobi)+Bicgstab:  Solving for k, Initial residual = 0.0003546722928422099, Final residual = 9.503190743958221e-06, No Iterations 3, Solve time = 93.424 ms
[mem] after-turb: DEVICE_POOL current=22752 MB  actual(reserved)=38146 MB  highWater=28040 MB
ExecutionTime = 171.41 s  ClockTime = 172 s

Time = 16
[mem] step-start: DEVICE_POOL current=22752 MB  actual(reserved)=38146 MB  highWater=28040 MB
Schwarz(Jacobi)+Bicgstab:  Solving for Ux, Initial residual = 0.00019006891711747755, Final residual = 7.732904674956545e-06, No Iterations 4, Solve time = 281.998 ms
Schwarz(Jacobi)+Bicgstab:  Solving for Uy, Initial residual = 0.008160052208845003, Final residual = 0.00043188329309249, No Iterations 4, Solve time = 281.998 ms
Schwarz(Jacobi)+Bicgstab:  Solving for Uz, Initial residual = 0.0018845067320469907, Final residual = 0.00010618829086569392, No Iterations 4, Solve time = 281.998 ms
[mem] after-UEqn: DEVICE_POOL current=22752 MB  actual(reserved)=38146 MB  highWater=28040 MB
[GinkgoSolver] p-cache: reuse(update_matrix_value) solve=16 rebuildInterval=100
config(Cg+Schwarz(Multigrid)):  Solving for p, Initial residual = 0.007665654481973494, Final residual = 7.624327648282087e-05, No Iterations 64, Solve time = 2079.646 ms
time step continuity errors : sum local = 2.1651916782150636e-05, global = -8.825271464687526e-07, cumulative = 1.8971505571485687e-06
[mem] after-pEqn: DEVICE_POOL current=22752 MB  actual(reserved)=38146 MB  highWater=28040 MB
[GinkgoSolver] p-cache: reuse(update_matrix_value) solve=16 rebuildInterval=0
Schwarz(Jacobi)+Bicgstab:  Solving for omega, Initial residual = 0.00010124368030407557, Final residual = 5.116196982161414e-06, No Iterations 2, Solve time = 85.971 ms
[GinkgoSolver] p-cache: reuse(update_matrix_value) solve=16 rebuildInterval=0
Schwarz(Jacobi)+Bicgstab:  Solving for k, Initial residual = 0.00035198404268904496, Final residual = 2.735155741595748e-05, No Iterations 2, Solve time = 73.526 ms
[mem] after-turb: DEVICE_POOL current=22752 MB  actual(reserved)=38146 MB  highWater=28040 MB
ExecutionTime = 175.2 s  ClockTime = 176 s

Time = 17
[mem] step-start: DEVICE_POOL current=22752 MB  actual(reserved)=38146 MB  highWater=28040 MB
Schwarz(Jacobi)+Bicgstab:  Solving for Ux, Initial residual = 0.00018354197840292675, Final residual = 6.778398836398998e-06, No Iterations 4, Solve time = 302.835 ms
Schwarz(Jacobi)+Bicgstab:  Solving for Uy, Initial residual = 0.00789354680112069, Final residual = 0.0005990292850232739, No Iterations 4, Solve time = 302.835 ms
Schwarz(Jacobi)+Bicgstab:  Solving for Uz, Initial residual = 0.0018159620756668098, Final residual = 9.12543510006646e-05, No Iterations 4, Solve time = 302.835 ms
[mem] after-UEqn: DEVICE_POOL current=22752 MB  actual(reserved)=38146 MB  highWater=28040 MB
[GinkgoSolver] p-cache: reuse(update_matrix_value) solve=17 rebuildInterval=100
config(Cg+Schwarz(Multigrid)):  Solving for p, Initial residual = 0.007280271625976899, Final residual = 7.134436934617439e-05, No Iterations 63, Solve time = 2043.087 ms
time step continuity errors : sum local = 2.0902921683184293e-05, global = -7.407251374739155e-07, cumulative = 1.156425419674653e-06
[mem] after-pEqn: DEVICE_POOL current=22752 MB  actual(reserved)=38146 MB  highWater=28040 MB
[GinkgoSolver] p-cache: reuse(update_matrix_value) solve=17 rebuildInterval=0
Schwarz(Jacobi)+Bicgstab:  Solving for omega, Initial residual = 9.428334846213677e-05, Final residual = 4.803734137058526e-06, No Iterations 2, Solve time = 86.182 ms
[GinkgoSolver] p-cache: reuse(update_matrix_value) solve=17 rebuildInterval=0
Schwarz(Jacobi)+Bicgstab:  Solving for k, Initial residual = 0.00035014777343347214, Final residual = 8.384483282198152e-06, No Iterations 3, Solve time = 93.654 ms
[mem] after-turb: DEVICE_POOL current=22752 MB  actual(reserved)=38146 MB  highWater=28040 MB
ExecutionTime = 178.97 s  ClockTime = 180 s

Time = 18
[mem] step-start: DEVICE_POOL current=22752 MB  actual(reserved)=38146 MB  highWater=28040 MB
Schwarz(Jacobi)+Bicgstab:  Solving for Ux, Initial residual = 0.00017596115265490112, Final residual = 6.533868118726112e-06, No Iterations 4, Solve time = 296.868 ms
Schwarz(Jacobi)+Bicgstab:  Solving for Uy, Initial residual = 0.007598913477937155, Final residual = 0.00031686481699207017, No Iterations 4, Solve time = 296.868 ms
Schwarz(Jacobi)+Bicgstab:  Solving for Uz, Initial residual = 0.001744836759388812, Final residual = 7.208024482793993e-05, No Iterations 4, Solve time = 296.868 ms
[mem] after-UEqn: DEVICE_POOL current=22752 MB  actual(reserved)=38146 MB  highWater=28040 MB
[GinkgoSolver] p-cache: reuse(update_matrix_value) solve=18 rebuildInterval=100
config(Cg+Schwarz(Multigrid)):  Solving for p, Initial residual = 0.006997080558553015, Final residual = 6.951099220165141e-05, No Iterations 66, Solve time = 2136.803 ms
time step continuity errors : sum local = 2.079210422244769e-05, global = 1.8641875336075443e-07, cumulative = 1.3428441730354076e-06
[mem] after-pEqn: DEVICE_POOL current=22752 MB  actual(reserved)=38146 MB  highWater=28040 MB
[GinkgoSolver] p-cache: reuse(update_matrix_value) solve=18 rebuildInterval=0
Schwarz(Jacobi)+Bicgstab:  Solving for omega, Initial residual = 8.817442861959956e-05, Final residual = 4.597396723055503e-06, No Iterations 2, Solve time = 85.776 ms
[GinkgoSolver] p-cache: reuse(update_matrix_value) solve=18 rebuildInterval=0
Schwarz(Jacobi)+Bicgstab:  Solving for k, Initial residual = 0.00035017558955227407, Final residual = 3.188833031957428e-05, No Iterations 2, Solve time = 73.971 ms
[mem] after-turb: DEVICE_POOL current=22752 MB  actual(reserved)=38146 MB  highWater=28040 MB
ExecutionTime = 182.8 s  ClockTime = 184 s

Time = 19
[mem] step-start: DEVICE_POOL current=22752 MB  actual(reserved)=38146 MB  highWater=28040 MB
Schwarz(Jacobi)+Bicgstab:  Solving for Ux, Initial residual = 0.00016843191051278239, Final residual = 1.2775519356451763e-05, No Iterations 3, Solve time = 242.151 ms
Schwarz(Jacobi)+Bicgstab:  Solving for Uy, Initial residual = 0.007360262570852158, Final residual = 0.0006441404861633909, No Iterations 3, Solve time = 242.151 ms
Schwarz(Jacobi)+Bicgstab:  Solving for Uz, Initial residual = 0.0017015750966577774, Final residual = 0.00016122826507466973, No Iterations 3, Solve time = 242.151 ms
[mem] after-UEqn: DEVICE_POOL current=22752 MB  actual(reserved)=38146 MB  highWater=28040 MB
[GinkgoSolver] p-cache: reuse(update_matrix_value) solve=19 rebuildInterval=100
config(Cg+Schwarz(Multigrid)):  Solving for p, Initial residual = 0.006739718132267468, Final residual = 6.659237600269009e-05, No Iterations 67, Solve time = 2173.799 ms
time step continuity errors : sum local = 2.025146150935719e-05, global = 1.1819573234095313e-06, cumulative = 2.524801496444939e-06
[mem] after-pEqn: DEVICE_POOL current=22752 MB  actual(reserved)=38146 MB  highWater=28040 MB
[GinkgoSolver] p-cache: reuse(update_matrix_value) solve=19 rebuildInterval=0
Schwarz(Jacobi)+Bicgstab:  Solving for omega, Initial residual = 8.313913199298549e-05, Final residual = 4.395031670634806e-06, No Iterations 2, Solve time = 84.063 ms
[GinkgoSolver] p-cache: reuse(update_matrix_value) solve=19 rebuildInterval=0
Schwarz(Jacobi)+Bicgstab:  Solving for k, Initial residual = 0.00035026362814000845, Final residual = 8.608561916214298e-06, No Iterations 3, Solve time = 96.514 ms
[mem] after-turb: DEVICE_POOL current=22752 MB  actual(reserved)=38146 MB  highWater=28040 MB
ExecutionTime = 186.66 s  ClockTime = 188 s

Time = 20
[mem] step-start: DEVICE_POOL current=22752 MB  actual(reserved)=38146 MB  highWater=28040 MB
Schwarz(Jacobi)+Bicgstab:  Solving for Ux, Initial residual = 0.00016265637561307855, Final residual = 6.795524832084533e-06, No Iterations 4, Solve time = 270.59 ms
Schwarz(Jacobi)+Bicgstab:  Solving for Uy, Initial residual = 0.007263758942702597, Final residual = 0.00043161456503701276, No Iterations 4, Solve time = 270.59 ms
Schwarz(Jacobi)+Bicgstab:  Solving for Uz, Initial residual = 0.0017006724593304592, Final residual = 0.0001924751179684531, No Iterations 4, Solve time = 270.59 ms
[mem] after-UEqn: DEVICE_POOL current=22752 MB  actual(reserved)=38146 MB  highWater=28040 MB
[GinkgoSolver] p-cache: reuse(update_matrix_value) solve=20 rebuildInterval=100
config(Cg+Schwarz(Multigrid)):  Solving for p, Initial residual = 0.006505800101981113, Final residual = 6.341374606109091e-05, No Iterations 66, Solve time = 2143.513 ms
time step continuity errors : sum local = 1.9547848749205576e-05, global = 1.634575574233613e-06, cumulative = 4.159377070678552e-06
[mem] after-pEqn: DEVICE_POOL current=22752 MB  actual(reserved)=38146 MB  highWater=28040 MB
[GinkgoSolver] p-cache: reuse(update_matrix_value) solve=20 rebuildInterval=0
Schwarz(Jacobi)+Bicgstab:  Solving for omega, Initial residual = 7.804312886291232e-05, Final residual = 4.195691873568534e-06, No Iterations 2, Solve time = 81.403 ms
[GinkgoSolver] p-cache: reuse(update_matrix_value) solve=20 rebuildInterval=0
Schwarz(Jacobi)+Bicgstab:  Solving for k, Initial residual = 0.00035053346216801695, Final residual = 8.269270522181545e-06, No Iterations 3, Solve time = 95.869 ms
[mem] after-turb: DEVICE_POOL current=22752 MB  actual(reserved)=38146 MB  highWater=28040 MB
ExecutionTime = 190.53 s  ClockTime = 192 s

Time = 21
[mem] step-start: DEVICE_POOL current=22752 MB  actual(reserved)=38146 MB  highWater=28040 MB
Schwarz(Jacobi)+Bicgstab:  Solving for Ux, Initial residual = 0.00015838842025811434, Final residual = 3.3537191069769384e-06, No Iterations 5, Solve time = 346.38 ms
Schwarz(Jacobi)+Bicgstab:  Solving for Uy, Initial residual = 0.00724557233940856, Final residual = 0.0001593460241379454, No Iterations 5, Solve time = 346.38 ms
Schwarz(Jacobi)+Bicgstab:  Solving for Uz, Initial residual = 0.001724473364789978, Final residual = 5.984800607952859e-05, No Iterations 5, Solve time = 346.38 ms
[mem] after-UEqn: DEVICE_POOL current=22752 MB  actual(reserved)=38146 MB  highWater=28040 MB
[GinkgoSolver] p-cache: reuse(update_matrix_value) solve=21 rebuildInterval=100
config(Cg+Schwarz(Multigrid)):  Solving for p, Initial residual = 0.006293050225732697, Final residual = 6.243380527203099e-05, No Iterations 62, Solve time = 2013.226 ms
time step continuity errors : sum local = 1.9467414190454265e-05, global = 1.569426743060256e-06, cumulative = 5.728803813738808e-06
[mem] after-pEqn: DEVICE_POOL current=22752 MB  actual(reserved)=38146 MB  highWater=28040 MB
[GinkgoSolver] p-cache: reuse(update_matrix_value) solve=21 rebuildInterval=0
Schwarz(Jacobi)+Bicgstab:  Solving for omega, Initial residual = 7.371967217996602e-05, Final residual = 4.030283567565159e-06, No Iterations 2, Solve time = 77.194 ms
[GinkgoSolver] p-cache: reuse(update_matrix_value) solve=21 rebuildInterval=0
Schwarz(Jacobi)+Bicgstab:  Solving for k, Initial residual = 0.0003523615719768727, Final residual = 8.402338322098962e-06, No Iterations 3, Solve time = 95.102 ms
[mem] after-turb: DEVICE_POOL current=22752 MB  actual(reserved)=38146 MB  highWater=28040 MB
ExecutionTime = 194.33 s  ClockTime = 195 s

Time = 22
[mem] step-start: DEVICE_POOL current=22752 MB  actual(reserved)=38146 MB  highWater=28040 MB
Schwarz(Jacobi)+Bicgstab:  Solving for Ux, Initial residual = 0.00015575810541057633, Final residual = 1.0999987072157826e-05, No Iterations 3, Solve time = 235.826 ms
Schwarz(Jacobi)+Bicgstab:  Solving for Uy, Initial residual = 0.0071937972214169785, Final residual = 0.0006013927058233392, No Iterations 3, Solve time = 235.826 ms
Schwarz(Jacobi)+Bicgstab:  Solving for Uz, Initial residual = 0.0017451764591305296, Final residual = 0.00015178278106858467, No Iterations 3, Solve time = 235.826 ms
[mem] after-UEqn: DEVICE_POOL current=22752 MB  actual(reserved)=38146 MB  highWater=28040 MB
[GinkgoSolver] p-cache: reuse(update_matrix_value) solve=22 rebuildInterval=100
config(Cg+Schwarz(Multigrid)):  Solving for p, Initial residual = 0.006120332056571635, Final residual = 6.0833493978364275e-05, No Iterations 57, Solve time = 1851.185 ms
time step continuity errors : sum local = 1.9150833355591136e-05, global = 1.192417755885744e-06, cumulative = 6.921221569624552e-06
[mem] after-pEqn: DEVICE_POOL current=22752 MB  actual(reserved)=38146 MB  highWater=28040 MB
[GinkgoSolver] p-cache: reuse(update_matrix_value) solve=22 rebuildInterval=0
Schwarz(Jacobi)+Bicgstab:  Solving for omega, Initial residual = 6.975228469854427e-05, Final residual = 3.868527131576502e-06, No Iterations 2, Solve time = 80.224 ms
[GinkgoSolver] p-cache: reuse(update_matrix_value) solve=22 rebuildInterval=0
Schwarz(Jacobi)+Bicgstab:  Solving for k, Initial residual = 0.00035439107883739176, Final residual = 8.583597717255181e-06, No Iterations 3, Solve time = 96.039 ms
[mem] after-turb: DEVICE_POOL current=22752 MB  actual(reserved)=38146 MB  highWater=28040 MB
ExecutionTime = 197.87 s  ClockTime = 199 s

Time = 23
[mem] step-start: DEVICE_POOL current=22752 MB  actual(reserved)=38146 MB  highWater=28040 MB
Schwarz(Jacobi)+Bicgstab:  Solving for Ux, Initial residual = 0.00015348090960387126, Final residual = 9.083019148065579e-06, No Iterations 3, Solve time = 239.456 ms
Schwarz(Jacobi)+Bicgstab:  Solving for Uy, Initial residual = 0.007100491062641479, Final residual = 0.0005645467522892453, No Iterations 3, Solve time = 239.456 ms
Schwarz(Jacobi)+Bicgstab:  Solving for Uz, Initial residual = 0.001758532470378032, Final residual = 0.0001444234044517311, No Iterations 3, Solve time = 239.456 ms
[mem] after-UEqn: DEVICE_POOL current=22752 MB  actual(reserved)=38146 MB  highWater=28040 MB
[GinkgoSolver] p-cache: reuse(update_matrix_value) solve=23 rebuildInterval=100
config(Cg+Schwarz(Multigrid)):  Solving for p, Initial residual = 0.005995150496520512, Final residual = 5.857952079335811e-05, No Iterations 33, Solve time = 1095.685 ms
time step continuity errors : sum local = 1.856682803480394e-05, global = 6.298221392115356e-07, cumulative = 7.5510437088360875e-06
[mem] after-pEqn: DEVICE_POOL current=22752 MB  actual(reserved)=38146 MB  highWater=28040 MB
[GinkgoSolver] p-cache: reuse(update_matrix_value) solve=23 rebuildInterval=0
Schwarz(Jacobi)+Bicgstab:  Solving for omega, Initial residual = 6.623783612133822e-05, Final residual = 3.7282652426118804e-06, No Iterations 2, Solve time = 87.055 ms
[GinkgoSolver] p-cache: reuse(update_matrix_value) solve=23 rebuildInterval=0
Schwarz(Jacobi)+Bicgstab:  Solving for k, Initial residual = 0.0003568009165517464, Final residual = 8.76041036870036e-06, No Iterations 3, Solve time = 96.92 ms
[mem] after-turb: DEVICE_POOL current=22752 MB  actual(reserved)=38146 MB  highWater=28040 MB
ExecutionTime = 200.63 s  ClockTime = 202 s

Time = 24
[mem] step-start: DEVICE_POOL current=22752 MB  actual(reserved)=38146 MB  highWater=28040 MB
Schwarz(Jacobi)+Bicgstab:  Solving for Ux, Initial residual = 0.000151354568643467, Final residual = 1.5360687493794416e-05, No Iterations 3, Solve time = 238.207 ms
Schwarz(Jacobi)+Bicgstab:  Solving for Uy, Initial residual = 0.00695265071399208, Final residual = 0.0005348398483718483, No Iterations 3, Solve time = 238.207 ms
Schwarz(Jacobi)+Bicgstab:  Solving for Uz, Initial residual = 0.001755947046770574, Final residual = 0.00013976909619366827, No Iterations 3, Solve time = 238.207 ms
[mem] after-UEqn: DEVICE_POOL current=22752 MB  actual(reserved)=38146 MB  highWater=28040 MB
[GinkgoSolver] p-cache: reuse(update_matrix_value) solve=24 rebuildInterval=100
config(Cg+Schwarz(Multigrid)):  Solving for p, Initial residual = 0.0059471289424766075, Final residual = 5.7498886081647906e-05, No Iterations 33, Solve time = 1094.32 ms
time step continuity errors : sum local = 1.8147199473492327e-05, global = 7.234234559847084e-07, cumulative = 8.274467164820795e-06
[mem] after-pEqn: DEVICE_POOL current=22752 MB  actual(reserved)=38146 MB  highWater=28040 MB
[GinkgoSolver] p-cache: reuse(update_matrix_value) solve=24 rebuildInterval=0
Schwarz(Jacobi)+Bicgstab:  Solving for omega, Initial residual = 6.305144339660261e-05, Final residual = 3.5922799452510765e-06, No Iterations 2, Solve time = 84.05 ms
[GinkgoSolver] p-cache: reuse(update_matrix_value) solve=24 rebuildInterval=0
Schwarz(Jacobi)+Bicgstab:  Solving for k, Initial residual = 0.00036061653453303867, Final residual = 8.896330754868324e-06, No Iterations 3, Solve time = 94.774 ms
[mem] after-turb: DEVICE_POOL current=22752 MB  actual(reserved)=38146 MB  highWater=28040 MB
ExecutionTime = 203.39 s  ClockTime = 205 s

Time = 25
[mem] step-start: DEVICE_POOL current=22752 MB  actual(reserved)=38146 MB  highWater=28040 MB
Schwarz(Jacobi)+Bicgstab:  Solving for Ux, Initial residual = 0.00015010365959686536, Final residual = 1.05528868818886e-05, No Iterations 3, Solve time = 234.578 ms
Schwarz(Jacobi)+Bicgstab:  Solving for Uy, Initial residual = 0.006780311771637409, Final residual = 0.0005036529181816326, No Iterations 3, Solve time = 234.578 ms
Schwarz(Jacobi)+Bicgstab:  Solving for Uz, Initial residual = 0.0017481894470460196, Final residual = 0.00013707632560625913, No Iterations 3, Solve time = 234.578 ms
[mem] after-UEqn: DEVICE_POOL current=22752 MB  actual(reserved)=38146 MB  highWater=28040 MB
[GinkgoSolver] p-cache: reuse(update_matrix_value) solve=25 rebuildInterval=100
config(Cg+Schwarz(Multigrid)):  Solving for p, Initial residual = 0.00587279606360206, Final residual = 5.7158204790694525e-05, No Iterations 34, Solve time = 1126.128 ms
time step continuity errors : sum local = 1.800696748646149e-05, global = 8.972787911134818e-07, cumulative = 9.171745955934278e-06
[mem] after-pEqn: DEVICE_POOL current=22752 MB  actual(reserved)=38146 MB  highWater=28040 MB
[GinkgoSolver] p-cache: reuse(update_matrix_value) solve=25 rebuildInterval=0
Schwarz(Jacobi)+Bicgstab:  Solving for omega, Initial residual = 6.015886837066211e-05, Final residual = 3.443497845154166e-06, No Iterations 2, Solve time = 84.968 ms
[GinkgoSolver] p-cache: reuse(update_matrix_value) solve=25 rebuildInterval=0
Schwarz(Jacobi)+Bicgstab:  Solving for k, Initial residual = 0.0003634709551081721, Final residual = 9.033070652043787e-06, No Iterations 3, Solve time = 95.842 ms
[mem] after-turb: DEVICE_POOL current=22752 MB  actual(reserved)=38146 MB  highWater=28040 MB
ExecutionTime = 206.19 s  ClockTime = 207 s

Time = 26
[mem] step-start: DEVICE_POOL current=22752 MB  actual(reserved)=38146 MB  highWater=28040 MB
Schwarz(Jacobi)+Bicgstab:  Solving for Ux, Initial residual = 0.0001470528877699091, Final residual = 8.66725132716461e-06, No Iterations 3, Solve time = 248.325 ms
Schwarz(Jacobi)+Bicgstab:  Solving for Uy, Initial residual = 0.006621112815977479, Final residual = 0.0004805542864102975, No Iterations 3, Solve time = 248.325 ms
Schwarz(Jacobi)+Bicgstab:  Solving for Uz, Initial residual = 0.0017453440181182367, Final residual = 0.00013675515092865975, No Iterations 3, Solve time = 248.325 ms
[mem] after-UEqn: DEVICE_POOL current=22752 MB  actual(reserved)=38146 MB  highWater=28040 MB
[GinkgoSolver] p-cache: reuse(update_matrix_value) solve=26 rebuildInterval=100
config(Cg+Schwarz(Multigrid)):  Solving for p, Initial residual = 0.005785180468750143, Final residual = 5.4467082099295656e-05, No Iterations 35, Solve time = 1156.703 ms
time step continuity errors : sum local = 1.715856096537701e-05, global = 1.0959549372011624e-06, cumulative = 1.026770089313544e-05
[mem] after-pEqn: DEVICE_POOL current=22752 MB  actual(reserved)=38146 MB  highWater=28040 MB
[GinkgoSolver] p-cache: reuse(update_matrix_value) solve=26 rebuildInterval=0
Schwarz(Jacobi)+Bicgstab:  Solving for omega, Initial residual = 5.765581296760924e-05, Final residual = 3.3397218232906463e-06, No Iterations 2, Solve time = 83.967 ms
bounding omega, min: -53751.677822146914 max: 45356131.719023004 average: 7144.5359974746525
[GinkgoSolver] p-cache: reuse(update_matrix_value) solve=26 rebuildInterval=0
Schwarz(Jacobi)+Bicgstab:  Solving for k, Initial residual = 0.00036755853319213674, Final residual = 9.288780423472316e-06, No Iterations 3, Solve time = 93.902 ms
[mem] after-turb: DEVICE_POOL current=22752 MB  actual(reserved)=38146 MB  highWater=28040 MB
ExecutionTime = 209.03 s  ClockTime = 210 s

Time = 27
[mem] step-start: DEVICE_POOL current=22752 MB  actual(reserved)=38146 MB  highWater=28040 MB
Schwarz(Jacobi)+Bicgstab:  Solving for Ux, Initial residual = 0.0001442841702988653, Final residual = 7.541328949099325e-06, No Iterations 5, Solve time = 329.962 ms
Schwarz(Jacobi)+Bicgstab:  Solving for Uy, Initial residual = 0.006481229347248474, Final residual = 0.00011626879685257109, No Iterations 5, Solve time = 329.962 ms
Schwarz(Jacobi)+Bicgstab:  Solving for Uz, Initial residual = 0.001747074866149634, Final residual = 3.310081464743361e-05, No Iterations 5, Solve time = 329.962 ms
[mem] after-UEqn: DEVICE_POOL current=22752 MB  actual(reserved)=38146 MB  highWater=28040 MB
[GinkgoSolver] p-cache: reuse(update_matrix_value) solve=27 rebuildInterval=100
config(Cg+Schwarz(Multigrid)):  Solving for p, Initial residual = 0.005694623728372168, Final residual = 5.629033856987518e-05, No Iterations 35, Solve time = 1157.266 ms
time step continuity errors : sum local = 1.7731532310337522e-05, global = 1.2231135900831026e-06, cumulative = 1.1490814483218542e-05
[mem] after-pEqn: DEVICE_POOL current=22752 MB  actual(reserved)=38146 MB  highWater=28040 MB
[GinkgoSolver] p-cache: reuse(update_matrix_value) solve=27 rebuildInterval=0
Schwarz(Jacobi)+Bicgstab:  Solving for omega, Initial residual = 5.5438120266867795e-05, Final residual = 3.2490233732729836e-06, No Iterations 2, Solve time = 86.648 ms
[GinkgoSolver] p-cache: reuse(update_matrix_value) solve=27 rebuildInterval=0
Schwarz(Jacobi)+Bicgstab:  Solving for k, Initial residual = 0.0003726304139133354, Final residual = 9.796356086644194e-06, No Iterations 3, Solve time = 96.68 ms
[mem] after-turb: DEVICE_POOL current=22752 MB  actual(reserved)=38146 MB  highWater=28040 MB
ExecutionTime = 211.96 s  ClockTime = 213 s

Time = 28
[mem] step-start: DEVICE_POOL current=22752 MB  actual(reserved)=38146 MB  highWater=28040 MB
Schwarz(Jacobi)+Bicgstab:  Solving for Ux, Initial residual = 0.00014189745736742961, Final residual = 8.487340119161076e-06, No Iterations 3, Solve time = 252.849 ms
Schwarz(Jacobi)+Bicgstab:  Solving for Uy, Initial residual = 0.006337032537647733, Final residual = 0.00046757364611060284, No Iterations 3, Solve time = 252.849 ms
Schwarz(Jacobi)+Bicgstab:  Solving for Uz, Initial residual = 0.0017477923980753704, Final residual = 0.00014450818114629456, No Iterations 3, Solve time = 252.849 ms
[mem] after-UEqn: DEVICE_POOL current=22752 MB  actual(reserved)=38146 MB  highWater=28040 MB
[GinkgoSolver] p-cache: reuse(update_matrix_value) solve=28 rebuildInterval=100
config(Cg+Schwarz(Multigrid)):  Solving for p, Initial residual = 0.00561283464898738, Final residual = 5.3964024355458155e-05, No Iterations 39, Solve time = 1282.821 ms
time step continuity errors : sum local = 1.696503949255963e-05, global = 1.1307373861569877e-06, cumulative = 1.262155186937553e-05
[mem] after-pEqn: DEVICE_POOL current=22752 MB  actual(reserved)=38146 MB  highWater=28040 MB
[GinkgoSolver] p-cache: reuse(update_matrix_value) solve=28 rebuildInterval=0
Schwarz(Jacobi)+Bicgstab:  Solving for omega, Initial residual = 5.3455466426630896e-05, Final residual = 3.162099790878189e-06, No Iterations 2, Solve time = 86.041 ms
bounding omega, min: -65.41118516475572 max: 45356031.37511365 average: 7191.7215663517
[GinkgoSolver] p-cache: reuse(update_matrix_value) solve=28 rebuildInterval=0
Schwarz(Jacobi)+Bicgstab:  Solving for k, Initial residual = 0.0003773407366175705, Final residual = 9.702973744419374e-06, No Iterations 3, Solve time = 96.15 ms
[mem] after-turb: DEVICE_POOL current=22752 MB  actual(reserved)=38146 MB  highWater=28040 MB
ExecutionTime = 214.91 s  ClockTime = 216 s

Time = 29
[mem] step-start: DEVICE_POOL current=22752 MB  actual(reserved)=38146 MB  highWater=28040 MB
Schwarz(Jacobi)+Bicgstab:  Solving for Ux, Initial residual = 0.00013908994531470107, Final residual = 7.402831257633274e-06, No Iterations 3, Solve time = 238.711 ms
Schwarz(Jacobi)+Bicgstab:  Solving for Uy, Initial residual = 0.0062206677472324496, Final residual = 0.00044445820191955004, No Iterations 3, Solve time = 238.711 ms
Schwarz(Jacobi)+Bicgstab:  Solving for Uz, Initial residual = 0.0017512359610310276, Final residual = 0.00013822526860759953, No Iterations 3, Solve time = 238.711 ms
[mem] after-UEqn: DEVICE_POOL current=22752 MB  actual(reserved)=38146 MB  highWater=28040 MB
[GinkgoSolver] p-cache: reuse(update_matrix_value) solve=29 rebuildInterval=100
config(Cg+Schwarz(Multigrid)):  Solving for p, Initial residual = 0.005553799941380353, Final residual = 5.3543520084013445e-05, No Iterations 54, Solve time = 1754.812 ms
time step continuity errors : sum local = 1.674048194230603e-05, global = -6.302475335110715e-07, cumulative = 1.199130433586446e-05
[mem] after-pEqn: DEVICE_POOL current=22752 MB  actual(reserved)=38146 MB  highWater=28040 MB
[GinkgoSolver] p-cache: reuse(update_matrix_value) solve=29 rebuildInterval=0
Schwarz(Jacobi)+Bicgstab:  Solving for omega, Initial residual = 5.188790556077585e-05, Final residual = 3.1059093974044763e-06, No Iterations 2, Solve time = 82.818 ms
bounding omega, min: -500.78491384631866 max: 45356042.582499444 average: 7212.956692865962
[GinkgoSolver] p-cache: reuse(update_matrix_value) solve=29 rebuildInterval=0
Schwarz(Jacobi)+Bicgstab:  Solving for k, Initial residual = 0.00038383057227529854, Final residual = 9.879386473422234e-06, No Iterations 3, Solve time = 95.363 ms
[mem] after-turb: DEVICE_POOL current=22752 MB  actual(reserved)=38146 MB  highWater=28040 MB
ExecutionTime = 218.34 s  ClockTime = 220 s

Time = 30
[mem] step-start: DEVICE_POOL current=22752 MB  actual(reserved)=38146 MB  highWater=28040 MB
Schwarz(Jacobi)+Bicgstab:  Solving for Ux, Initial residual = 0.00013639893427826847, Final residual = 8.468672274820288e-06, No Iterations 3, Solve time = 235.923 ms
Schwarz(Jacobi)+Bicgstab:  Solving for Uy, Initial residual = 0.00613617994338214, Final residual = 0.0004404453803175457, No Iterations 3, Solve time = 235.923 ms
Schwarz(Jacobi)+Bicgstab:  Solving for Uz, Initial residual = 0.001753271326885481, Final residual = 0.0001352308607585421, No Iterations 3, Solve time = 235.923 ms
[mem] after-UEqn: DEVICE_POOL current=22752 MB  actual(reserved)=38146 MB  highWater=28040 MB
[GinkgoSolver] p-cache: reuse(update_matrix_value) solve=30 rebuildInterval=100
config(Cg+Schwarz(Multigrid)):  Solving for p, Initial residual = 0.005560064168229064, Final residual = 5.5596703719483965e-05, No Iterations 56, Solve time = 1822.555 ms
time step continuity errors : sum local = 1.7053214004497948e-05, global = -1.3379393330248157e-06, cumulative = 1.0653365002839644e-05
[mem] after-pEqn: DEVICE_POOL current=22752 MB  actual(reserved)=38146 MB  highWater=28040 MB
[GinkgoSolver] p-cache: reuse(update_matrix_value) solve=30 rebuildInterval=0
Schwarz(Jacobi)+Bicgstab:  Solving for omega, Initial residual = 5.0787570927732655e-05, Final residual = 3.048176543543685e-06, No Iterations 2, Solve time = 87.016 ms
bounding omega, min: -19.797883832998025 max: 45356087.94292628 average: 7232.692514380682
[GinkgoSolver] p-cache: reuse(update_matrix_value) solve=30 rebuildInterval=0
Schwarz(Jacobi)+Bicgstab:  Solving for k, Initial residual = 0.0003912917472228139, Final residual = 1.0271367147843376e-05, No Iterations 3, Solve time = 96.483 ms
[mem] after-turb: DEVICE_POOL current=22752 MB  actual(reserved)=38146 MB  highWater=28040 MB
Writing p
Writing U
Writing turbulence variables
ExecutionTime = 222.69 s  ClockTime = 225 s

Finalizing NeoN
Finalising parallel run
