/*---------------------------------------------------------------------------*\
| =========                 |                                                 |
| \\      /  F ield         | OpenFOAM: The Open Source CFD Toolbox           |
|  \\    /   O peration     | Version:  2506                                  |
|   \\  /    A nd           | Website:  www.openfoam.com                      |
|    \\/     M anipulation  |                                                 |
\*---------------------------------------------------------------------------*/
Build  : b050cd9480-20250814 OPENFOAM=2506 version=v2506
Arch   : "LSB;label=32;scalar=64"
Exec   : /storage/home/greole/code/NeoFOAM/build/profilingnvidia_h200/bin/neoSimpleFoam -parallel
Date   : Jun 30 2026
Time   : 07:30:38
Host   : gpu-nvidia-h200-2.int.coma-cluster.de
PID    : 1589574
I/O    : uncollated
Case   : /storage/home/greole/code/NeoFOAM/occDrivAerStaticMesh
nProcs : 4
Hosts  :
(
    (gpu-nvidia-h200-2.int.coma-cluster.de 4)
)
Pstream initialized with:
    node communication : off [type=host] (4 ranks, 1 nodes)
    topology controls  : none
    consensus exchange : 0 (tuning: 0)
    exchange algorithm : 0
    commsType          : nonBlocking
    polling iterations : 0
trapFpe: Floating point exception trapping enabled (FOAM_SIGFPE).
fileModificationChecking : Monitoring run-time modified files using timeStampMaster (fileModificationSkew 5, maxFileModificationPolls 20)
allowSystemOperations : Allowing user-supplied system call operations

// * * * * * * * * * * * * * * * * * * * * * * * * * * * * * * * * * * * * * //
Create time

Initializing NeoN
Creating Executor GPU
Creating NeoFOAM runTime

SIMPLE: no convergence criteria found. Calculations will run for 30 steps.

Reading field p

Reading field U

Reading/calculating face flux field phi

Selecting incompressible transport model Newtonian
NeoFOAM solver config (from fvSolution configFile) for 'config(Cg+Schwarz(Multigrid))':
{
    cacheSolver: true
    configFile: <NeoN::TokenList>
    l1ScaledResidual: true
    preconditionerRebuildInterval: 100
    relTol: 0.010000
    reportName: config(Cg+Schwarz(Multigrid))
    solver: Ginkgo
    tolerance: 0.000000
}
    effective optimize: false
    effective checkFrequency: 1
Mapping OpenFOAM solver settings to NeoN settings.
Currently, it is advisable to specify a configFile
for fine grained Ginkgo solver control

Replacing solver PBiCGStab by solver::Bicgstab
Replacing preconditioner diagonal by preconditioner::Schwarz (Schwarz-wrapped for distributed run)
NeoFOAM solver config (mapped from fvSolution) for 'Schwarz(Jacobi)+Bicgstab':
{
    cacheSolver: true
    criteria: {
        absolute_residual_norm: 0.000000
        initial_residual_norm: 0.100000
        iteration: 1000
    }
    l1ScaledResidual: true
    optimize: true
    preconditioner: {
        local_solver: {
            max_block_size: 1
            type: preconditioner::Jacobi
        }
        type: preconditioner::Schwarz
    }
    reportName: Schwarz(Jacobi)+Bicgstab
    solver: Ginkgo
    type: solver::Bicgstab
}
    effective optimize: true
    effective checkFrequency: 1
Creating phi

[NF][/storage/home/greole/code/NeoFOAM/include/NeoFOAM/auxiliary/readers.hpp::434]: Internal: 49333487, Boundary: 1754396

[NF][/storage/home/greole/code/NeoFOAM/include/NeoFOAM/auxiliary/readers.hpp::434]: Internal: 49320882, Boundary: 1762558

[NF][/storage/home/greole/code/NeoFOAM/include/NeoFOAM/auxiliary/readers.hpp::434]: Internal: 49243125, Boundary: 1362247

[NF][/storage/home/greole/code/NeoFOAM/include/NeoFOAM/auxiliary/readers.hpp::434]: Internal: 49261542, Boundary: 1427829
Selecting patchDistMethod meshWave
Mapping OpenFOAM solver settings to NeoN settings.
Currently, it is advisable to specify a configFile
for fine grained Ginkgo solver control

Replacing solver PBiCGStab by solver::Bicgstab
Replacing preconditioner diagonal by preconditioner::Schwarz (Schwarz-wrapped for distributed run)
NeoFOAM solver config (mapped from fvSolution) for 'Schwarz(Jacobi)+Bicgstab':
{
    cacheSolver: true
    criteria: {
        absolute_residual_norm: 0.000000
        initial_residual_norm: 0.100000
        iteration: 1000
    }
    l1ScaledResidual: true
    optimize: true
    preconditioner: {
        local_solver: {
            max_block_size: 1
            type: preconditioner::Jacobi
        }
        type: preconditioner::Schwarz
    }
    reportName: Schwarz(Jacobi)+Bicgstab
    solver: Ginkgo
    type: solver::Bicgstab
}
    effective optimize: true
    effective checkFrequency: 1
Mapping OpenFOAM solver settings to NeoN settings.
Currently, it is advisable to specify a configFile
for fine grained Ginkgo solver control

Replacing solver PBiCGStab by solver::Bicgstab
Replacing preconditioner diagonal by preconditioner::Schwarz (Schwarz-wrapped for distributed run)
NeoFOAM solver config (mapped from fvSolution) for 'Schwarz(Jacobi)+Bicgstab':
{
    cacheSolver: true
    criteria: {
        absolute_residual_norm: 0.000000
        initial_residual_norm: 0.100000
        iteration: 1000
    }
    l1ScaledResidual: true
    optimize: true
    preconditioner: {
        local_solver: {
            max_block_size: 1
            type: preconditioner::Jacobi
        }
        type: preconditioner::Schwarz
    }
    reportName: Schwarz(Jacobi)+Bicgstab
    solver: Ginkgo
    type: solver::Bicgstab
}
    effective optimize: true
    effective checkFrequency: 1
Starting time loop
Time = 1
[mem] step-start: DEVICE_POOL current=16605 MB  actual(reserved)=38146 MB  highWater=19132 MB
Schwarz(Jacobi)+Bicgstab:  Solving for Ux, Initial residual = 0.001948895596607739, Final residual = 0.00023894144179944322, No Iterations 3, Solve time = 141.732 ms
Schwarz(Jacobi)+Bicgstab:  Solving for Uy, Initial residual = 0.16486889485444556, Final residual = 0.008211417173385839, No Iterations 3, Solve time = 141.732 ms
Schwarz(Jacobi)+Bicgstab:  Solving for Uz, Initial residual = 0.10478399166434318, Final residual = 0.004988129972801335, No Iterations 3, Solve time = 141.732 ms
[mem] after-UEqn: DEVICE_POOL current=19099 MB  actual(reserved)=38146 MB  highWater=24387 MB
[GinkgoSolver] p-cache: rebuild(generate) solve=1 rebuildInterval=100
config(Cg+Schwarz(Multigrid)):  Solving for p, Initial residual = 1, Final residual = 0.009991337067444674, No Iterations 108, Solve time = 3785.638 ms
time step continuity errors : sum local = 6.672341515904965e-05, global = 3.929925874447679e-06, cumulative = 3.929925874447679e-06
[mem] after-pEqn: DEVICE_POOL current=20567 MB  actual(reserved)=38146 MB  highWater=24387 MB
[GinkgoSolver] p-cache: rebuild(generate) solve=1 rebuildInterval=0
Schwarz(Jacobi)+Bicgstab:  Solving for omega, Initial residual = 0.9999999999999997, Final residual = 0.030747824247673194, No Iterations 1, Solve time = 34.816 ms
bounding omega, min: -52.86732833735067 max: 46109481.99752061 average: 2443.1583526965815
[GinkgoSolver] p-cache: rebuild(generate) solve=1 rebuildInterval=0
Schwarz(Jacobi)+Bicgstab:  Solving for k, Initial residual = 0.9999999999999736, Final residual = 0.04385988334596121, No Iterations 1, Solve time = 35.196 ms
[mem] after-turb: DEVICE_POOL current=22752 MB  actual(reserved)=38146 MB  highWater=24811 MB
ExecutionTime = 89.93000000000001 s  ClockTime = 90 s

Time = 2
[mem] step-start: DEVICE_POOL current=22752 MB  actual(reserved)=38146 MB  highWater=24811 MB
Schwarz(Jacobi)+Bicgstab:  Solving for Ux, Initial residual = 0.0012927890117355974, Final residual = 5.921616662593988e-05, No Iterations 5, Solve time = 185.388 ms
Schwarz(Jacobi)+Bicgstab:  Solving for Uy, Initial residual = 0.06545628986976412, Final residual = 0.0029830968477955015, No Iterations 5, Solve time = 185.388 ms
Schwarz(Jacobi)+Bicgstab:  Solving for Uz, Initial residual = 0.04084400689772558, Final residual = 0.0009089747696704145, No Iterations 5, Solve time = 185.388 ms
[mem] after-UEqn: DEVICE_POOL current=22752 MB  actual(reserved)=38146 MB  highWater=28040 MB
[GinkgoSolver] p-cache: reuse(update_matrix_value) solve=2 rebuildInterval=100
config(Cg+Schwarz(Multigrid)):  Solving for p, Initial residual = 0.04007317195902553, Final residual = 0.0003843681976092249, No Iterations 122, Solve time = 4174.8 ms
time step continuity errors : sum local = 4.099904468881883e-05, global = 2.0245022385521424e-06, cumulative = 5.954428112999821e-06
[mem] after-pEqn: DEVICE_POOL current=22752 MB  actual(reserved)=38146 MB  highWater=28040 MB
[GinkgoSolver] p-cache: reuse(update_matrix_value) solve=2 rebuildInterval=0
Schwarz(Jacobi)+Bicgstab:  Solving for omega, Initial residual = 0.008194747511667093, Final residual = 0.0004780089278447529, No Iterations 1, Solve time = 32.654 ms
bounding omega, min: -1070.1894256684432 max: 45305779.41864747 average: 2705.621875043455
[GinkgoSolver] p-cache: reuse(update_matrix_value) solve=2 rebuildInterval=0
Schwarz(Jacobi)+Bicgstab:  Solving for k, Initial residual = 0.07500437078583447, Final residual = 0.0044551460560996944, No Iterations 1, Solve time = 32.684 ms
[mem] after-turb: DEVICE_POOL current=22752 MB  actual(reserved)=38146 MB  highWater=28040 MB
ExecutionTime = 95.59 s  ClockTime = 96 s

Time = 3
[mem] step-start: DEVICE_POOL current=22752 MB  actual(reserved)=38146 MB  highWater=28040 MB
Schwarz(Jacobi)+Bicgstab:  Solving for Ux, Initial residual = 0.0008107285427803503, Final residual = 4.7873991032366516e-05, No Iterations 6, Solve time = 214.667 ms
Schwarz(Jacobi)+Bicgstab:  Solving for Uy, Initial residual = 0.03252053964610458, Final residual = 0.0006373058332385984, No Iterations 6, Solve time = 214.667 ms
Schwarz(Jacobi)+Bicgstab:  Solving for Uz, Initial residual = 0.018200806623151523, Final residual = 0.0002676351511351718, No Iterations 6, Solve time = 214.667 ms
[mem] after-UEqn: DEVICE_POOL current=22752 MB  actual(reserved)=38146 MB  highWater=28040 MB
[GinkgoSolver] p-cache: reuse(update_matrix_value) solve=3 rebuildInterval=100
config(Cg+Schwarz(Multigrid)):  Solving for p, Initial residual = 0.017790129547025912, Final residual = 0.00017789807926509347, No Iterations 111, Solve time = 3790.211 ms
time step continuity errors : sum local = 3.479027644382309e-05, global = -1.0111912879110962e-06, cumulative = 4.943236825088725e-06
[mem] after-pEqn: DEVICE_POOL current=22752 MB  actual(reserved)=38146 MB  highWater=28040 MB
[GinkgoSolver] p-cache: reuse(update_matrix_value) solve=3 rebuildInterval=0
Schwarz(Jacobi)+Bicgstab:  Solving for omega, Initial residual = 0.003520777637277582, Final residual = 0.00028994742713462946, No Iterations 1, Solve time = 32.714 ms
bounding omega, min: -11.965288404065365 max: 45385843.37547914 average: 3322.2459044982443
[GinkgoSolver] p-cache: reuse(update_matrix_value) solve=3 rebuildInterval=0
Schwarz(Jacobi)+Bicgstab:  Solving for k, Initial residual = 0.013997241786129377, Final residual = 0.0010053447789160328, No Iterations 1, Solve time = 32.174 ms
[mem] after-turb: DEVICE_POOL current=22752 MB  actual(reserved)=38146 MB  highWater=28040 MB
ExecutionTime = 100.87 s  ClockTime = 101 s

Time = 4
[mem] step-start: DEVICE_POOL current=22752 MB  actual(reserved)=38146 MB  highWater=28040 MB
Schwarz(Jacobi)+Bicgstab:  Solving for Ux, Initial residual = 0.00055833069501725, Final residual = 4.7032295288024114e-05, No Iterations 4, Solve time = 155.162 ms
Schwarz(Jacobi)+Bicgstab:  Solving for Uy, Initial residual = 0.020236879386725956, Final residual = 0.002670019273049566, No Iterations 4, Solve time = 155.162 ms
Schwarz(Jacobi)+Bicgstab:  Solving for Uz, Initial residual = 0.010489398065304533, Final residual = 0.000774511399464053, No Iterations 4, Solve time = 155.162 ms
[mem] after-UEqn: DEVICE_POOL current=22752 MB  actual(reserved)=38146 MB  highWater=28040 MB
[GinkgoSolver] p-cache: reuse(update_matrix_value) solve=4 rebuildInterval=100
config(Cg+Schwarz(Multigrid)):  Solving for p, Initial residual = 0.012438910506245673, Final residual = 0.00012290095002540346, No Iterations 122, Solve time = 4159.884 ms
time step continuity errors : sum local = 3.171217665346536e-05, global = 1.9897277315947303e-06, cumulative = 6.932964556683455e-06
[mem] after-pEqn: DEVICE_POOL current=22752 MB  actual(reserved)=38146 MB  highWater=28040 MB
[GinkgoSolver] p-cache: reuse(update_matrix_value) solve=4 rebuildInterval=0
Schwarz(Jacobi)+Bicgstab:  Solving for omega, Initial residual = 0.0017242726061371296, Final residual = 4.8313429657069e-05, No Iterations 2, Solve time = 47.301 ms
[GinkgoSolver] p-cache: reuse(update_matrix_value) solve=4 rebuildInterval=0
Schwarz(Jacobi)+Bicgstab:  Solving for k, Initial residual = 0.004640808288665052, Final residual = 0.0003933652176528162, No Iterations 1, Solve time = 33.027 ms
[mem] after-turb: DEVICE_POOL current=22752 MB  actual(reserved)=38146 MB  highWater=28040 MB
ExecutionTime = 106.5 s  ClockTime = 107 s

Time = 5
[mem] step-start: DEVICE_POOL current=22752 MB  actual(reserved)=38146 MB  highWater=28040 MB
Schwarz(Jacobi)+Bicgstab:  Solving for Ux, Initial residual = 0.00048273113919410304, Final residual = 3.7406643453849956e-05, No Iterations 4, Solve time = 155.729 ms
Schwarz(Jacobi)+Bicgstab:  Solving for Uy, Initial residual = 0.018542291426063548, Final residual = 0.0011846553847680958, No Iterations 4, Solve time = 155.729 ms
Schwarz(Jacobi)+Bicgstab:  Solving for Uz, Initial residual = 0.00832331385546822, Final residual = 0.0008092056590300727, No Iterations 4, Solve time = 155.729 ms
[mem] after-UEqn: DEVICE_POOL current=22752 MB  actual(reserved)=38146 MB  highWater=28040 MB
[GinkgoSolver] p-cache: reuse(update_matrix_value) solve=5 rebuildInterval=100
config(Cg+Schwarz(Multigrid)):  Solving for p, Initial residual = 0.010590192607200026, Final residual = 0.00010190756172725005, No Iterations 117, Solve time = 3999.78 ms
time step continuity errors : sum local = 2.888791836046559e-05, global = 2.0356150535509216e-06, cumulative = 8.968579610234377e-06
[mem] after-pEqn: DEVICE_POOL current=22752 MB  actual(reserved)=38146 MB  highWater=28040 MB
[GinkgoSolver] p-cache: reuse(update_matrix_value) solve=5 rebuildInterval=0
Schwarz(Jacobi)+Bicgstab:  Solving for omega, Initial residual = 0.0009944290055294168, Final residual = 9.814146464703928e-05, No Iterations 1, Solve time = 32.723 ms
[GinkgoSolver] p-cache: reuse(update_matrix_value) solve=5 rebuildInterval=0
Schwarz(Jacobi)+Bicgstab:  Solving for k, Initial residual = 0.0023565134408193565, Final residual = 0.00022366600852964874, No Iterations 1, Solve time = 33.055 ms
[mem] after-turb: DEVICE_POOL current=22752 MB  actual(reserved)=38146 MB  highWater=28040 MB
ExecutionTime = 111.94 s  ClockTime = 112 s

Time = 6
[mem] step-start: DEVICE_POOL current=22752 MB  actual(reserved)=38146 MB  highWater=28040 MB
Schwarz(Jacobi)+Bicgstab:  Solving for Ux, Initial residual = 0.0004358301327706917, Final residual = 2.6356997146501443e-05, No Iterations 5, Solve time = 185.623 ms
Schwarz(Jacobi)+Bicgstab:  Solving for Uy, Initial residual = 0.017990484909357483, Final residual = 0.0016053448820039212, No Iterations 5, Solve time = 185.623 ms
Schwarz(Jacobi)+Bicgstab:  Solving for Uz, Initial residual = 0.0067372698044847945, Final residual = 0.0005125545909989295, No Iterations 5, Solve time = 185.623 ms
[mem] after-UEqn: DEVICE_POOL current=22752 MB  actual(reserved)=38146 MB  highWater=28040 MB
[GinkgoSolver] p-cache: reuse(update_matrix_value) solve=6 rebuildInterval=100
config(Cg+Schwarz(Multigrid)):  Solving for p, Initial residual = 0.011170557417485315, Final residual = 0.00010917833646282287, No Iterations 109, Solve time = 3725.353 ms
time step continuity errors : sum local = 3.021474632898377e-05, global = 1.8059353078428394e-09, cumulative = 8.970385545542219e-06
[mem] after-pEqn: DEVICE_POOL current=22752 MB  actual(reserved)=38146 MB  highWater=28040 MB
[GinkgoSolver] p-cache: reuse(update_matrix_value) solve=6 rebuildInterval=0
Schwarz(Jacobi)+Bicgstab:  Solving for omega, Initial residual = 0.0006247488284539881, Final residual = 2.43014584933796e-05, No Iterations 2, Solve time = 46.855 ms
[GinkgoSolver] p-cache: reuse(update_matrix_value) solve=6 rebuildInterval=0
Schwarz(Jacobi)+Bicgstab:  Solving for k, Initial residual = 0.0016242949640485243, Final residual = 0.00015491998993088642, No Iterations 1, Solve time = 32.548 ms
[mem] after-turb: DEVICE_POOL current=22752 MB  actual(reserved)=38146 MB  highWater=28040 MB
ExecutionTime = 117.14 s  ClockTime = 118 s

Time = 7
[mem] step-start: DEVICE_POOL current=22752 MB  actual(reserved)=38146 MB  highWater=28040 MB
Schwarz(Jacobi)+Bicgstab:  Solving for Ux, Initial residual = 0.00037612336798843336, Final residual = 2.346358373648851e-05, No Iterations 5, Solve time = 185.424 ms
Schwarz(Jacobi)+Bicgstab:  Solving for Uy, Initial residual = 0.015269405025428597, Final residual = 0.0011724623829277828, No Iterations 5, Solve time = 185.424 ms
Schwarz(Jacobi)+Bicgstab:  Solving for Uz, Initial residual = 0.005139171598646278, Final residual = 0.00027808720770522964, No Iterations 5, Solve time = 185.424 ms
[mem] after-UEqn: DEVICE_POOL current=22752 MB  actual(reserved)=38146 MB  highWater=28040 MB
[GinkgoSolver] p-cache: reuse(update_matrix_value) solve=7 rebuildInterval=100
config(Cg+Schwarz(Multigrid)):  Solving for p, Initial residual = 0.012156775012471024, Final residual = 0.0001200110361518839, No Iterations 103, Solve time = 3524.872 ms
time step continuity errors : sum local = 2.9950309442000452e-05, global = -1.8186042392176145e-06, cumulative = 7.151781306324605e-06
[mem] after-pEqn: DEVICE_POOL current=22752 MB  actual(reserved)=38146 MB  highWater=28040 MB
[GinkgoSolver] p-cache: reuse(update_matrix_value) solve=7 rebuildInterval=0
Schwarz(Jacobi)+Bicgstab:  Solving for omega, Initial residual = 0.0004898515218189522, Final residual = 1.5229647471316241e-05, No Iterations 2, Solve time = 46.918 ms
bounding omega, min: -446.3644463657031 max: 45358169.94804493 average: 5415.825983583066
[GinkgoSolver] p-cache: reuse(update_matrix_value) solve=7 rebuildInterval=0
Schwarz(Jacobi)+Bicgstab:  Solving for k, Initial residual = 0.0011596443381453115, Final residual = 2.4110886617540586e-05, No Iterations 3, Solve time = 61.954 ms
[mem] after-turb: DEVICE_POOL current=22752 MB  actual(reserved)=38146 MB  highWater=28040 MB
ExecutionTime = 122.18 s  ClockTime = 123 s

Time = 8
[mem] step-start: DEVICE_POOL current=22752 MB  actual(reserved)=38146 MB  highWater=28040 MB
Schwarz(Jacobi)+Bicgstab:  Solving for Ux, Initial residual = 0.0003169456381027214, Final residual = 2.4902905082012077e-05, No Iterations 5, Solve time = 183.547 ms
Schwarz(Jacobi)+Bicgstab:  Solving for Uy, Initial residual = 0.011392821418329506, Final residual = 0.0002899492381812785, No Iterations 5, Solve time = 183.547 ms
Schwarz(Jacobi)+Bicgstab:  Solving for Uz, Initial residual = 0.0036116616951371314, Final residual = 0.00019674309028062467, No Iterations 5, Solve time = 183.547 ms
[mem] after-UEqn: DEVICE_POOL current=22752 MB  actual(reserved)=38146 MB  highWater=28040 MB
[GinkgoSolver] p-cache: reuse(update_matrix_value) solve=8 rebuildInterval=100
config(Cg+Schwarz(Multigrid)):  Solving for p, Initial residual = 0.013138229204005434, Final residual = 0.00012640290528508457, No Iterations 98, Solve time = 3351.784 ms
time step continuity errors : sum local = 2.7318773152920428e-05, global = 7.74492245039673e-07, cumulative = 7.926273551364278e-06
[mem] after-pEqn: DEVICE_POOL current=22752 MB  actual(reserved)=38146 MB  highWater=28040 MB
[GinkgoSolver] p-cache: reuse(update_matrix_value) solve=8 rebuildInterval=0
Schwarz(Jacobi)+Bicgstab:  Solving for omega, Initial residual = 0.0003596295224898924, Final residual = 1.2435203632122942e-05, No Iterations 2, Solve time = 47.554 ms
bounding omega, min: -763.2532790312589 max: 45357653.608474314 average: 5745.614632849225
[GinkgoSolver] p-cache: reuse(update_matrix_value) solve=8 rebuildInterval=0
Schwarz(Jacobi)+Bicgstab:  Solving for k, Initial residual = 0.0008654131094587741, Final residual = 5.255279718009402e-05, No Iterations 2, Solve time = 47.407 ms
[mem] after-turb: DEVICE_POOL current=22752 MB  actual(reserved)=38146 MB  highWater=28040 MB
ExecutionTime = 127.04 s  ClockTime = 128 s

Time = 9
[mem] step-start: DEVICE_POOL current=22752 MB  actual(reserved)=38146 MB  highWater=28040 MB
Schwarz(Jacobi)+Bicgstab:  Solving for Ux, Initial residual = 0.0002737102593348278, Final residual = 7.314726187321786e-06, No Iterations 5, Solve time = 184.834 ms
Schwarz(Jacobi)+Bicgstab:  Solving for Uy, Initial residual = 0.009201477389377589, Final residual = 0.000444131998915258, No Iterations 5, Solve time = 184.834 ms
Schwarz(Jacobi)+Bicgstab:  Solving for Uz, Initial residual = 0.0026282720482624653, Final residual = 0.00015428810830897513, No Iterations 5, Solve time = 184.834 ms
[mem] after-UEqn: DEVICE_POOL current=22752 MB  actual(reserved)=38146 MB  highWater=28040 MB
[GinkgoSolver] p-cache: reuse(update_matrix_value) solve=9 rebuildInterval=100
config(Cg+Schwarz(Multigrid)):  Solving for p, Initial residual = 0.01383593024330022, Final residual = 0.00013389319210225237, No Iterations 118, Solve time = 4027.094 ms
time step continuity errors : sum local = 2.517024513431319e-05, global = -2.0608391051854398e-06, cumulative = 5.865434446178838e-06
[mem] after-pEqn: DEVICE_POOL current=22752 MB  actual(reserved)=38146 MB  highWater=28040 MB
[GinkgoSolver] p-cache: reuse(update_matrix_value) solve=9 rebuildInterval=0
Schwarz(Jacobi)+Bicgstab:  Solving for omega, Initial residual = 0.00027805250241123673, Final residual = 1.0632354932720582e-05, No Iterations 2, Solve time = 46.92 ms
[GinkgoSolver] p-cache: reuse(update_matrix_value) solve=9 rebuildInterval=0
Schwarz(Jacobi)+Bicgstab:  Solving for k, Initial residual = 0.0006654451129234983, Final residual = 3.89033985904694e-05, No Iterations 2, Solve time = 47.051 ms
[mem] after-turb: DEVICE_POOL current=22752 MB  actual(reserved)=38146 MB  highWater=28040 MB
ExecutionTime = 132.58 s  ClockTime = 133 s

Time = 10
[mem] step-start: DEVICE_POOL current=22752 MB  actual(reserved)=38146 MB  highWater=28040 MB
Schwarz(Jacobi)+Bicgstab:  Solving for Ux, Initial residual = 0.0002528533318185136, Final residual = 3.211777975256944e-06, No Iterations 6, Solve time = 214.504 ms
Schwarz(Jacobi)+Bicgstab:  Solving for Uy, Initial residual = 0.010087155303726609, Final residual = 0.0004100839039762329, No Iterations 6, Solve time = 214.504 ms
Schwarz(Jacobi)+Bicgstab:  Solving for Uz, Initial residual = 0.0024935789022930595, Final residual = 4.16244739214381e-05, No Iterations 6, Solve time = 214.504 ms
[mem] after-UEqn: DEVICE_POOL current=22752 MB  actual(reserved)=38146 MB  highWater=28040 MB
[GinkgoSolver] p-cache: reuse(update_matrix_value) solve=10 rebuildInterval=100
config(Cg+Schwarz(Multigrid)):  Solving for p, Initial residual = 0.013787461495612009, Final residual = 0.00013361326804167464, No Iterations 117, Solve time = 3999.432 ms
time step continuity errors : sum local = 2.335480652128191e-05, global = -2.661004036316049e-06, cumulative = 3.204430409862789e-06
[mem] after-pEqn: DEVICE_POOL current=22752 MB  actual(reserved)=38146 MB  highWater=28040 MB
[GinkgoSolver] p-cache: reuse(update_matrix_value) solve=10 rebuildInterval=0
Schwarz(Jacobi)+Bicgstab:  Solving for omega, Initial residual = 0.00022456437668751745, Final residual = 9.224504733762273e-06, No Iterations 2, Solve time = 46.66 ms
[GinkgoSolver] p-cache: reuse(update_matrix_value) solve=10 rebuildInterval=0
Schwarz(Jacobi)+Bicgstab:  Solving for k, Initial residual = 0.0005268356023565747, Final residual = 3.280055796552713e-05, No Iterations 2, Solve time = 46.913 ms
[mem] after-turb: DEVICE_POOL current=22752 MB  actual(reserved)=38146 MB  highWater=28040 MB
ExecutionTime = 138.12 s  ClockTime = 139 s

Time = 11
[mem] step-start: DEVICE_POOL current=22752 MB  actual(reserved)=38146 MB  highWater=28040 MB
Schwarz(Jacobi)+Bicgstab:  Solving for Ux, Initial residual = 0.00024114623660233597, Final residual = 1.0889073477375777e-05, No Iterations 5, Solve time = 186.238 ms
Schwarz(Jacobi)+Bicgstab:  Solving for Uy, Initial residual = 0.011085680221048992, Final residual = 0.0003233945657280919, No Iterations 5, Solve time = 186.238 ms
Schwarz(Jacobi)+Bicgstab:  Solving for Uz, Initial residual = 0.0025485286233399252, Final residual = 7.273755471047851e-05, No Iterations 5, Solve time = 186.238 ms
[mem] after-UEqn: DEVICE_POOL current=22752 MB  actual(reserved)=38146 MB  highWater=28040 MB
[GinkgoSolver] p-cache: reuse(update_matrix_value) solve=11 rebuildInterval=100
config(Cg+Schwarz(Multigrid)):  Solving for p, Initial residual = 0.013403161926970863, Final residual = 0.00013303865596120645, No Iterations 114, Solve time = 3901.599 ms
time step continuity errors : sum local = 2.380537298431969e-05, global = -2.1549237732889814e-06, cumulative = 1.0495066365738074e-06
[mem] after-pEqn: DEVICE_POOL current=22752 MB  actual(reserved)=38146 MB  highWater=28040 MB
[GinkgoSolver] p-cache: reuse(update_matrix_value) solve=11 rebuildInterval=0
Schwarz(Jacobi)+Bicgstab:  Solving for omega, Initial residual = 0.000185106377270125, Final residual = 8.099466176061427e-06, No Iterations 2, Solve time = 46.645 ms
[GinkgoSolver] p-cache: reuse(update_matrix_value) solve=11 rebuildInterval=0
Schwarz(Jacobi)+Bicgstab:  Solving for k, Initial residual = 0.0004395232074574378, Final residual = 2.8319689301823642e-05, No Iterations 2, Solve time = 47.324 ms
[mem] after-turb: DEVICE_POOL current=22752 MB  actual(reserved)=38146 MB  highWater=28040 MB
ExecutionTime = 143.52 s  ClockTime = 144 s

Time = 12
[mem] step-start: DEVICE_POOL current=22752 MB  actual(reserved)=38146 MB  highWater=28040 MB
Schwarz(Jacobi)+Bicgstab:  Solving for Ux, Initial residual = 0.00022872195660292527, Final residual = 1.4678473191006134e-05, No Iterations 4, Solve time = 154.725 ms
Schwarz(Jacobi)+Bicgstab:  Solving for Uy, Initial residual = 0.01103814166188793, Final residual = 0.0007959139628711042, No Iterations 4, Solve time = 154.725 ms
Schwarz(Jacobi)+Bicgstab:  Solving for Uz, Initial residual = 0.0024805408589562974, Final residual = 0.00012085497717636072, No Iterations 4, Solve time = 154.725 ms
[mem] after-UEqn: DEVICE_POOL current=22752 MB  actual(reserved)=38146 MB  highWater=28040 MB
[GinkgoSolver] p-cache: reuse(update_matrix_value) solve=12 rebuildInterval=100
config(Cg+Schwarz(Multigrid)):  Solving for p, Initial residual = 0.012276087208003042, Final residual = 0.0001225927737741748, No Iterations 106, Solve time = 3628.445 ms
time step continuity errors : sum local = 2.4152992467424783e-05, global = 1.9758674784512055e-07, cumulative = 1.247093384418928e-06
[mem] after-pEqn: DEVICE_POOL current=22752 MB  actual(reserved)=38146 MB  highWater=28040 MB
[GinkgoSolver] p-cache: reuse(update_matrix_value) solve=12 rebuildInterval=0
Schwarz(Jacobi)+Bicgstab:  Solving for omega, Initial residual = 0.0001560698435621602, Final residual = 7.141614485226245e-06, No Iterations 2, Solve time = 46.91 ms
[GinkgoSolver] p-cache: reuse(update_matrix_value) solve=12 rebuildInterval=0
Schwarz(Jacobi)+Bicgstab:  Solving for k, Initial residual = 0.0003876178027669316, Final residual = 2.576502739532461e-05, No Iterations 2, Solve time = 47.237 ms
[mem] after-turb: DEVICE_POOL current=22752 MB  actual(reserved)=38146 MB  highWater=28040 MB
ExecutionTime = 148.63 s  ClockTime = 149 s

Time = 13
[mem] step-start: DEVICE_POOL current=22752 MB  actual(reserved)=38146 MB  highWater=28040 MB
Schwarz(Jacobi)+Bicgstab:  Solving for Ux, Initial residual = 0.00021578184740323454, Final residual = 9.383560784389902e-06, No Iterations 4, Solve time = 154.666 ms
Schwarz(Jacobi)+Bicgstab:  Solving for Uy, Initial residual = 0.010264667774916301, Final residual = 0.0005810810547562631, No Iterations 4, Solve time = 154.666 ms
Schwarz(Jacobi)+Bicgstab:  Solving for Uz, Initial residual = 0.0022953154794779387, Final residual = 0.00010805537178118953, No Iterations 4, Solve time = 154.666 ms
[mem] after-UEqn: DEVICE_POOL current=22752 MB  actual(reserved)=38146 MB  highWater=28040 MB
[GinkgoSolver] p-cache: reuse(update_matrix_value) solve=13 rebuildInterval=100
config(Cg+Schwarz(Multigrid)):  Solving for p, Initial residual = 0.010709600594987377, Final residual = 0.00010307535676020521, No Iterations 102, Solve time = 3489.229 ms
time step continuity errors : sum local = 2.2889428400710198e-05, global = 1.532090894561023e-06, cumulative = 2.779184278979951e-06
[mem] after-pEqn: DEVICE_POOL current=22752 MB  actual(reserved)=38146 MB  highWater=28040 MB
[GinkgoSolver] p-cache: reuse(update_matrix_value) solve=13 rebuildInterval=0
Schwarz(Jacobi)+Bicgstab:  Solving for omega, Initial residual = 0.00013496354773796297, Final residual = 6.423101976672046e-06, No Iterations 2, Solve time = 46.839 ms
[GinkgoSolver] p-cache: reuse(update_matrix_value) solve=13 rebuildInterval=0
Schwarz(Jacobi)+Bicgstab:  Solving for k, Initial residual = 0.00036771077077421305, Final residual = 2.5938445898991644e-05, No Iterations 2, Solve time = 47.46 ms
[mem] after-turb: DEVICE_POOL current=22752 MB  actual(reserved)=38146 MB  highWater=28040 MB
ExecutionTime = 153.59 s  ClockTime = 154 s

Time = 14
[mem] step-start: DEVICE_POOL current=22752 MB  actual(reserved)=38146 MB  highWater=28040 MB
Schwarz(Jacobi)+Bicgstab:  Solving for Ux, Initial residual = 0.00020572077288931866, Final residual = 1.2972526943055353e-05, No Iterations 4, Solve time = 155.338 ms
Schwarz(Jacobi)+Bicgstab:  Solving for Uy, Initial residual = 0.009274908022480195, Final residual = 0.0012243668460362482, No Iterations 4, Solve time = 155.338 ms
Schwarz(Jacobi)+Bicgstab:  Solving for Uz, Initial residual = 0.0020924549536807924, Final residual = 0.00021854905751875558, No Iterations 4, Solve time = 155.338 ms
[mem] after-UEqn: DEVICE_POOL current=22752 MB  actual(reserved)=38146 MB  highWater=28040 MB
[GinkgoSolver] p-cache: reuse(update_matrix_value) solve=14 rebuildInterval=100
config(Cg+Schwarz(Multigrid)):  Solving for p, Initial residual = 0.009246364088433687, Final residual = 8.886460851602417e-05, No Iterations 98, Solve time = 3358.555 ms
time step continuity errors : sum local = 2.2083772329018632e-05, global = 7.31137519981346e-07, cumulative = 3.510321798961297e-06
[mem] after-pEqn: DEVICE_POOL current=22752 MB  actual(reserved)=38146 MB  highWater=28040 MB
[GinkgoSolver] p-cache: reuse(update_matrix_value) solve=14 rebuildInterval=0
Schwarz(Jacobi)+Bicgstab:  Solving for omega, Initial residual = 0.00012045714599328966, Final residual = 5.876381344565831e-06, No Iterations 2, Solve time = 47.386 ms
[GinkgoSolver] p-cache: reuse(update_matrix_value) solve=14 rebuildInterval=0
Schwarz(Jacobi)+Bicgstab:  Solving for k, Initial residual = 0.00036019719750515105, Final residual = 2.9235278723446416e-05, No Iterations 2, Solve time = 47.685 ms
[mem] after-turb: DEVICE_POOL current=22752 MB  actual(reserved)=38146 MB  highWater=28040 MB
ExecutionTime = 158.4 s  ClockTime = 159 s

Time = 15
[mem] step-start: DEVICE_POOL current=22752 MB  actual(reserved)=38146 MB  highWater=28040 MB
Schwarz(Jacobi)+Bicgstab:  Solving for Ux, Initial residual = 0.00019775616520667326, Final residual = 1.4644327266010132e-05, No Iterations 4, Solve time = 155.36 ms
Schwarz(Jacobi)+Bicgstab:  Solving for Uy, Initial residual = 0.0085541316653773, Final residual = 0.0004995846164244404, No Iterations 4, Solve time = 155.36 ms
Schwarz(Jacobi)+Bicgstab:  Solving for Uz, Initial residual = 0.0019445434349643533, Final residual = 0.00010396960169351975, No Iterations 4, Solve time = 155.36 ms
[mem] after-UEqn: DEVICE_POOL current=22752 MB  actual(reserved)=38146 MB  highWater=28040 MB
[GinkgoSolver] p-cache: reuse(update_matrix_value) solve=15 rebuildInterval=100
config(Cg+Schwarz(Multigrid)):  Solving for p, Initial residual = 0.008222768362853544, Final residual = 7.874393844641612e-05, No Iterations 79, Solve time = 2724.206 ms
time step continuity errors : sum local = 2.130937460199243e-05, global = -7.040838795124147e-07, cumulative = 2.806237919448882e-06
[mem] after-pEqn: DEVICE_POOL current=22752 MB  actual(reserved)=38146 MB  highWater=28040 MB
[GinkgoSolver] p-cache: reuse(update_matrix_value) solve=15 rebuildInterval=0
Schwarz(Jacobi)+Bicgstab:  Solving for omega, Initial residual = 0.00010976097320005953, Final residual = 5.423979196697091e-06, No Iterations 2, Solve time = 47.512 ms
[GinkgoSolver] p-cache: reuse(update_matrix_value) solve=15 rebuildInterval=0
Schwarz(Jacobi)+Bicgstab:  Solving for k, Initial residual = 0.00035463566531529527, Final residual = 9.523287652584449e-06, No Iterations 3, Solve time = 61.454 ms
[mem] after-turb: DEVICE_POOL current=22752 MB  actual(reserved)=38146 MB  highWater=28040 MB
ExecutionTime = 162.63 s  ClockTime = 163 s

Time = 16
[mem] step-start: DEVICE_POOL current=22752 MB  actual(reserved)=38146 MB  highWater=28040 MB
Schwarz(Jacobi)+Bicgstab:  Solving for Ux, Initial residual = 0.00018995836395649618, Final residual = 5.410179167933526e-06, No Iterations 5, Solve time = 185.072 ms
Schwarz(Jacobi)+Bicgstab:  Solving for Uy, Initial residual = 0.008142094364810996, Final residual = 0.00021253536324173508, No Iterations 5, Solve time = 185.072 ms
Schwarz(Jacobi)+Bicgstab:  Solving for Uz, Initial residual = 0.0018842885989129514, Final residual = 7.469243235114148e-05, No Iterations 5, Solve time = 185.072 ms
[mem] after-UEqn: DEVICE_POOL current=22752 MB  actual(reserved)=38146 MB  highWater=28040 MB
[GinkgoSolver] p-cache: reuse(update_matrix_value) solve=16 rebuildInterval=100
config(Cg+Schwarz(Multigrid)):  Solving for p, Initial residual = 0.007654284800149234, Final residual = 7.547421880821995e-05, No Iterations 68, Solve time = 2345.268 ms
time step continuity errors : sum local = 2.1449632487228943e-05, global = -1.1549302442888102e-06, cumulative = 1.6513076751600718e-06
[mem] after-pEqn: DEVICE_POOL current=22752 MB  actual(reserved)=38146 MB  highWater=28040 MB
[GinkgoSolver] p-cache: reuse(update_matrix_value) solve=16 rebuildInterval=0
Schwarz(Jacobi)+Bicgstab:  Solving for omega, Initial residual = 0.00010124807348965858, Final residual = 5.116836745607214e-06, No Iterations 2, Solve time = 47.12 ms
[GinkgoSolver] p-cache: reuse(update_matrix_value) solve=16 rebuildInterval=0
Schwarz(Jacobi)+Bicgstab:  Solving for k, Initial residual = 0.00035198662676534024, Final residual = 2.73400761790361e-05, No Iterations 2, Solve time = 47.39 ms
[mem] after-turb: DEVICE_POOL current=22752 MB  actual(reserved)=38146 MB  highWater=28040 MB
ExecutionTime = 166.5 s  ClockTime = 167 s

Time = 17
[mem] step-start: DEVICE_POOL current=22752 MB  actual(reserved)=38146 MB  highWater=28040 MB
Schwarz(Jacobi)+Bicgstab:  Solving for Ux, Initial residual = 0.00018326656399729387, Final residual = 1.777557028664909e-05, No Iterations 5, Solve time = 184.324 ms
Schwarz(Jacobi)+Bicgstab:  Solving for Uy, Initial residual = 0.007860644745406434, Final residual = 0.00028878242570358904, No Iterations 5, Solve time = 184.324 ms
Schwarz(Jacobi)+Bicgstab:  Solving for Uz, Initial residual = 0.0018194012064532711, Final residual = 4.5617467770094686e-05, No Iterations 5, Solve time = 184.324 ms
[mem] after-UEqn: DEVICE_POOL current=22752 MB  actual(reserved)=38146 MB  highWater=28040 MB
[GinkgoSolver] p-cache: reuse(update_matrix_value) solve=17 rebuildInterval=100
config(Cg+Schwarz(Multigrid)):  Solving for p, Initial residual = 0.007284586473098484, Final residual = 7.004708144337414e-05, No Iterations 68, Solve time = 2346.08 ms
time step continuity errors : sum local = 2.053052229599427e-05, global = -9.012665232022191e-07, cumulative = 7.500411519578527e-07
[mem] after-pEqn: DEVICE_POOL current=22752 MB  actual(reserved)=38146 MB  highWater=28040 MB
[GinkgoSolver] p-cache: reuse(update_matrix_value) solve=17 rebuildInterval=0
Schwarz(Jacobi)+Bicgstab:  Solving for omega, Initial residual = 9.426235546815701e-05, Final residual = 4.803006951632891e-06, No Iterations 2, Solve time = 47.413 ms
[GinkgoSolver] p-cache: reuse(update_matrix_value) solve=17 rebuildInterval=0
Schwarz(Jacobi)+Bicgstab:  Solving for k, Initial residual = 0.0003499716510799599, Final residual = 8.385107714737971e-06, No Iterations 3, Solve time = 61.41 ms
[mem] after-turb: DEVICE_POOL current=22752 MB  actual(reserved)=38146 MB  highWater=28040 MB
ExecutionTime = 170.37 s  ClockTime = 171 s

Time = 18
[mem] step-start: DEVICE_POOL current=22752 MB  actual(reserved)=38146 MB  highWater=28040 MB
Schwarz(Jacobi)+Bicgstab:  Solving for Ux, Initial residual = 0.00017652950797151346, Final residual = 6.274155499316177e-06, No Iterations 4, Solve time = 154.564 ms
Schwarz(Jacobi)+Bicgstab:  Solving for Uy, Initial residual = 0.007558940722463656, Final residual = 0.0005343785263368411, No Iterations 4, Solve time = 154.564 ms
Schwarz(Jacobi)+Bicgstab:  Solving for Uz, Initial residual = 0.0017484048176088412, Final residual = 7.05226225908304e-05, No Iterations 4, Solve time = 154.564 ms
[mem] after-UEqn: DEVICE_POOL current=22752 MB  actual(reserved)=38146 MB  highWater=28040 MB
[GinkgoSolver] p-cache: reuse(update_matrix_value) solve=18 rebuildInterval=100
config(Cg+Schwarz(Multigrid)):  Solving for p, Initial residual = 0.006986511737816536, Final residual = 6.63704810856877e-05, No Iterations 71, Solve time = 2447.995 ms
time step continuity errors : sum local = 1.987147214373887e-05, global = 2.4288489612072214e-07, cumulative = 9.92926048078575e-07
[mem] after-pEqn: DEVICE_POOL current=22752 MB  actual(reserved)=38146 MB  highWater=28040 MB
[GinkgoSolver] p-cache: reuse(update_matrix_value) solve=18 rebuildInterval=0
Schwarz(Jacobi)+Bicgstab:  Solving for omega, Initial residual = 8.817455069993708e-05, Final residual = 4.598037769800452e-06, No Iterations 2, Solve time = 47.53 ms
[GinkgoSolver] p-cache: reuse(update_matrix_value) solve=18 rebuildInterval=0
Schwarz(Jacobi)+Bicgstab:  Solving for k, Initial residual = 0.00035010187077958176, Final residual = 3.1929993418422934e-05, No Iterations 2, Solve time = 47.164 ms
[mem] after-turb: DEVICE_POOL current=22752 MB  actual(reserved)=38146 MB  highWater=28040 MB
ExecutionTime = 174.3 s  ClockTime = 175 s

Time = 19
[mem] step-start: DEVICE_POOL current=22752 MB  actual(reserved)=38146 MB  highWater=28040 MB
Schwarz(Jacobi)+Bicgstab:  Solving for Ux, Initial residual = 0.00016888996134241797, Final residual = 1.4742713471959195e-05, No Iterations 3, Solve time = 125.449 ms
Schwarz(Jacobi)+Bicgstab:  Solving for Uy, Initial residual = 0.007342350834276211, Final residual = 0.0006330943236528982, No Iterations 3, Solve time = 125.449 ms
Schwarz(Jacobi)+Bicgstab:  Solving for Uz, Initial residual = 0.0017035343723226946, Final residual = 0.00016132919517347383, No Iterations 3, Solve time = 125.449 ms
[mem] after-UEqn: DEVICE_POOL current=22752 MB  actual(reserved)=38146 MB  highWater=28040 MB
[GinkgoSolver] p-cache: reuse(update_matrix_value) solve=19 rebuildInterval=100
config(Cg+Schwarz(Multigrid)):  Solving for p, Initial residual = 0.006724542347628593, Final residual = 6.636252348838477e-05, No Iterations 71, Solve time = 2441.245 ms
time step continuity errors : sum local = 2.020472988753469e-05, global = 1.2695706534181396e-06, cumulative = 2.2624967014967142e-06
[mem] after-pEqn: DEVICE_POOL current=22752 MB  actual(reserved)=38146 MB  highWater=28040 MB
[GinkgoSolver] p-cache: reuse(update_matrix_value) solve=19 rebuildInterval=0
Schwarz(Jacobi)+Bicgstab:  Solving for omega, Initial residual = 8.301604689861443e-05, Final residual = 4.378062487289155e-06, No Iterations 2, Solve time = 47.001 ms
[GinkgoSolver] p-cache: reuse(update_matrix_value) solve=19 rebuildInterval=0
Schwarz(Jacobi)+Bicgstab:  Solving for k, Initial residual = 0.0003494954803766774, Final residual = 8.593511963179213e-06, No Iterations 3, Solve time = 62.052 ms
[mem] after-turb: DEVICE_POOL current=22752 MB  actual(reserved)=38146 MB  highWater=28040 MB
ExecutionTime = 178.2 s  ClockTime = 179 s

Time = 20
[mem] step-start: DEVICE_POOL current=22752 MB  actual(reserved)=38146 MB  highWater=28040 MB
Schwarz(Jacobi)+Bicgstab:  Solving for Ux, Initial residual = 0.00016274998689382419, Final residual = 6.874674321905048e-06, No Iterations 4, Solve time = 154.501 ms
Schwarz(Jacobi)+Bicgstab:  Solving for Uy, Initial residual = 0.007256869125234614, Final residual = 0.00033972458287285986, No Iterations 4, Solve time = 154.501 ms
Schwarz(Jacobi)+Bicgstab:  Solving for Uz, Initial residual = 0.001701797196743388, Final residual = 0.00022125098752637568, No Iterations 4, Solve time = 154.501 ms
[mem] after-UEqn: DEVICE_POOL current=22752 MB  actual(reserved)=38146 MB  highWater=28040 MB
[GinkgoSolver] p-cache: reuse(update_matrix_value) solve=20 rebuildInterval=100
config(Cg+Schwarz(Multigrid)):  Solving for p, Initial residual = 0.006498364473268189, Final residual = 6.378842268696084e-05, No Iterations 70, Solve time = 2409.288 ms
time step continuity errors : sum local = 1.9679470281374203e-05, global = 1.7480652623316418e-06, cumulative = 4.010561963828356e-06
[mem] after-pEqn: DEVICE_POOL current=22752 MB  actual(reserved)=38146 MB  highWater=28040 MB
[GinkgoSolver] p-cache: reuse(update_matrix_value) solve=20 rebuildInterval=0
Schwarz(Jacobi)+Bicgstab:  Solving for omega, Initial residual = 7.800801702950202e-05, Final residual = 4.19230451954974e-06, No Iterations 2, Solve time = 47.302 ms
[GinkgoSolver] p-cache: reuse(update_matrix_value) solve=20 rebuildInterval=0
Schwarz(Jacobi)+Bicgstab:  Solving for k, Initial residual = 0.0003502564048694101, Final residual = 8.270140376254305e-06, No Iterations 3, Solve time = 61.35 ms
[mem] after-turb: DEVICE_POOL current=22752 MB  actual(reserved)=38146 MB  highWater=28040 MB
ExecutionTime = 182.09 s  ClockTime = 183 s

Time = 21
[mem] step-start: DEVICE_POOL current=22752 MB  actual(reserved)=38146 MB  highWater=28040 MB
Schwarz(Jacobi)+Bicgstab:  Solving for Ux, Initial residual = 0.00015857631633623036, Final residual = 1.6384465026648175e-05, No Iterations 3, Solve time = 125.33 ms
Schwarz(Jacobi)+Bicgstab:  Solving for Uy, Initial residual = 0.0072359588192015475, Final residual = 0.0006077931720512764, No Iterations 3, Solve time = 125.33 ms
Schwarz(Jacobi)+Bicgstab:  Solving for Uz, Initial residual = 0.0017264847969689632, Final residual = 0.00014778892469152625, No Iterations 3, Solve time = 125.33 ms
[mem] after-UEqn: DEVICE_POOL current=22752 MB  actual(reserved)=38146 MB  highWater=28040 MB
[GinkgoSolver] p-cache: reuse(update_matrix_value) solve=21 rebuildInterval=100
config(Cg+Schwarz(Multigrid)):  Solving for p, Initial residual = 0.006298717977730134, Final residual = 6.295235003541563e-05, No Iterations 66, Solve time = 2273.985 ms
time step continuity errors : sum local = 1.96436036748089e-05, global = 1.6693744900118107e-06, cumulative = 5.6799364538401665e-06
[mem] after-pEqn: DEVICE_POOL current=22752 MB  actual(reserved)=38146 MB  highWater=28040 MB
[GinkgoSolver] p-cache: reuse(update_matrix_value) solve=21 rebuildInterval=0
Schwarz(Jacobi)+Bicgstab:  Solving for omega, Initial residual = 7.378168834267189e-05, Final residual = 4.042224531949502e-06, No Iterations 2, Solve time = 47.929 ms
[GinkgoSolver] p-cache: reuse(update_matrix_value) solve=21 rebuildInterval=0
Schwarz(Jacobi)+Bicgstab:  Solving for k, Initial residual = 0.00035292955199848423, Final residual = 8.433860473433807e-06, No Iterations 3, Solve time = 62.141 ms
[mem] after-turb: DEVICE_POOL current=22752 MB  actual(reserved)=38146 MB  highWater=28040 MB
ExecutionTime = 185.83 s  ClockTime = 187 s

Time = 22
[mem] step-start: DEVICE_POOL current=22752 MB  actual(reserved)=38146 MB  highWater=28040 MB
Schwarz(Jacobi)+Bicgstab:  Solving for Ux, Initial residual = 0.00015660179143668046, Final residual = 5.560670072354642e-06, No Iterations 4, Solve time = 154.713 ms
Schwarz(Jacobi)+Bicgstab:  Solving for Uy, Initial residual = 0.007213270874751935, Final residual = 0.00031957545253089535, No Iterations 4, Solve time = 154.713 ms
Schwarz(Jacobi)+Bicgstab:  Solving for Uz, Initial residual = 0.0017494167701480683, Final residual = 6.588576650384802e-05, No Iterations 4, Solve time = 154.713 ms
[mem] after-UEqn: DEVICE_POOL current=22752 MB  actual(reserved)=38146 MB  highWater=28040 MB
[GinkgoSolver] p-cache: reuse(update_matrix_value) solve=22 rebuildInterval=100
config(Cg+Schwarz(Multigrid)):  Solving for p, Initial residual = 0.006141644146710431, Final residual = 6.073164426394016e-05, No Iterations 61, Solve time = 2104.054 ms
time step continuity errors : sum local = 1.9118889395632912e-05, global = 1.259859435888785e-06, cumulative = 6.939795889728951e-06
[mem] after-pEqn: DEVICE_POOL current=22752 MB  actual(reserved)=38146 MB  highWater=28040 MB
[GinkgoSolver] p-cache: reuse(update_matrix_value) solve=22 rebuildInterval=0
Schwarz(Jacobi)+Bicgstab:  Solving for omega, Initial residual = 6.982253252808643e-05, Final residual = 3.880356222258914e-06, No Iterations 2, Solve time = 47.441 ms
[GinkgoSolver] p-cache: reuse(update_matrix_value) solve=22 rebuildInterval=0
Schwarz(Jacobi)+Bicgstab:  Solving for k, Initial residual = 0.00035503301343692875, Final residual = 8.601420291809323e-06, No Iterations 3, Solve time = 61.923 ms
[mem] after-turb: DEVICE_POOL current=22752 MB  actual(reserved)=38146 MB  highWater=28040 MB
ExecutionTime = 189.41 s  ClockTime = 190 s

Time = 23
[mem] step-start: DEVICE_POOL current=22752 MB  actual(reserved)=38146 MB  highWater=28040 MB
Schwarz(Jacobi)+Bicgstab:  Solving for Ux, Initial residual = 0.0001537882732146268, Final residual = 1.2915761178971524e-05, No Iterations 3, Solve time = 125.035 ms
Schwarz(Jacobi)+Bicgstab:  Solving for Uy, Initial residual = 0.007107040680786938, Final residual = 0.0005723672423887, No Iterations 3, Solve time = 125.035 ms
Schwarz(Jacobi)+Bicgstab:  Solving for Uz, Initial residual = 0.001758214908588683, Final residual = 0.00015101169471280927, No Iterations 3, Solve time = 125.035 ms
[mem] after-UEqn: DEVICE_POOL current=22752 MB  actual(reserved)=38146 MB  highWater=28040 MB
[GinkgoSolver] p-cache: reuse(update_matrix_value) solve=23 rebuildInterval=100
config(Cg+Schwarz(Multigrid)):  Solving for p, Initial residual = 0.005993150522640432, Final residual = 5.80027793187298e-05, No Iterations 35, Solve time = 1227.633 ms
time step continuity errors : sum local = 1.8378233892286018e-05, global = 7.076487912018836e-07, cumulative = 7.647444680930834e-06
[mem] after-pEqn: DEVICE_POOL current=22752 MB  actual(reserved)=38146 MB  highWater=28040 MB
[GinkgoSolver] p-cache: reuse(update_matrix_value) solve=23 rebuildInterval=0
Schwarz(Jacobi)+Bicgstab:  Solving for omega, Initial residual = 6.617468632358487e-05, Final residual = 3.72037862465193e-06, No Iterations 2, Solve time = 47.218 ms
bounding omega, min: -1464.8795464789478 max: 45356378.37849218 average: 7062.337294480719
[GinkgoSolver] p-cache: reuse(update_matrix_value) solve=23 rebuildInterval=0
Schwarz(Jacobi)+Bicgstab:  Solving for k, Initial residual = 0.00035654981310443334, Final residual = 8.762051024024344e-06, No Iterations 3, Solve time = 61.092 ms
[mem] after-turb: DEVICE_POOL current=22752 MB  actual(reserved)=38146 MB  highWater=28040 MB
ExecutionTime = 192.11 s  ClockTime = 193 s

Time = 24
[mem] step-start: DEVICE_POOL current=22752 MB  actual(reserved)=38146 MB  highWater=28040 MB
Schwarz(Jacobi)+Bicgstab:  Solving for Ux, Initial residual = 0.00015165804652376988, Final residual = 9.245724243041836e-06, No Iterations 3, Solve time = 125.118 ms
Schwarz(Jacobi)+Bicgstab:  Solving for Uy, Initial residual = 0.006957452648178318, Final residual = 0.0005365523946453773, No Iterations 3, Solve time = 125.118 ms
Schwarz(Jacobi)+Bicgstab:  Solving for Uz, Initial residual = 0.001755513703696062, Final residual = 0.0001407678800778263, No Iterations 3, Solve time = 125.118 ms
[mem] after-UEqn: DEVICE_POOL current=22752 MB  actual(reserved)=38146 MB  highWater=28040 MB
[GinkgoSolver] p-cache: reuse(update_matrix_value) solve=24 rebuildInterval=100
config(Cg+Schwarz(Multigrid)):  Solving for p, Initial residual = 0.005941139568617788, Final residual = 5.880735038141479e-05, No Iterations 36, Solve time = 1262.933 ms
time step continuity errors : sum local = 1.85474653754205e-05, global = 8.146809599453541e-07, cumulative = 8.462125640876188e-06
[mem] after-pEqn: DEVICE_POOL current=22752 MB  actual(reserved)=38146 MB  highWater=28040 MB
[GinkgoSolver] p-cache: reuse(update_matrix_value) solve=24 rebuildInterval=0
Schwarz(Jacobi)+Bicgstab:  Solving for omega, Initial residual = 6.301810089850593e-05, Final residual = 3.5856690689234064e-06, No Iterations 2, Solve time = 46.862 ms
[GinkgoSolver] p-cache: reuse(update_matrix_value) solve=24 rebuildInterval=0
Schwarz(Jacobi)+Bicgstab:  Solving for k, Initial residual = 0.0003602097947431695, Final residual = 8.890875051001709e-06, No Iterations 3, Solve time = 61.512 ms
[mem] after-turb: DEVICE_POOL current=22752 MB  actual(reserved)=38146 MB  highWater=28040 MB
ExecutionTime = 194.83 s  ClockTime = 196 s

Time = 25
[mem] step-start: DEVICE_POOL current=22752 MB  actual(reserved)=38146 MB  highWater=28040 MB
Schwarz(Jacobi)+Bicgstab:  Solving for Ux, Initial residual = 0.0001493569757160148, Final residual = 1.627906982554043e-05, No Iterations 3, Solve time = 125.932 ms
Schwarz(Jacobi)+Bicgstab:  Solving for Uy, Initial residual = 0.006782213462505302, Final residual = 0.0005037812753161079, No Iterations 3, Solve time = 125.932 ms
Schwarz(Jacobi)+Bicgstab:  Solving for Uz, Initial residual = 0.0017480068491993674, Final residual = 0.0001369286725613186, No Iterations 3, Solve time = 125.932 ms
[mem] after-UEqn: DEVICE_POOL current=22752 MB  actual(reserved)=38146 MB  highWater=28040 MB
[GinkgoSolver] p-cache: reuse(update_matrix_value) solve=25 rebuildInterval=100
config(Cg+Schwarz(Multigrid)):  Solving for p, Initial residual = 0.005887260501430868, Final residual = 5.8327325252937904e-05, No Iterations 37, Solve time = 1293.953 ms
time step continuity errors : sum local = 1.8360832861595354e-05, global = 9.925033959105568e-07, cumulative = 9.454629036786744e-06
[mem] after-pEqn: DEVICE_POOL current=22752 MB  actual(reserved)=38146 MB  highWater=28040 MB
[GinkgoSolver] p-cache: reuse(update_matrix_value) solve=25 rebuildInterval=0
Schwarz(Jacobi)+Bicgstab:  Solving for omega, Initial residual = 6.020523777999191e-05, Final residual = 3.4517199517491862e-06, No Iterations 2, Solve time = 46.681 ms
[GinkgoSolver] p-cache: reuse(update_matrix_value) solve=25 rebuildInterval=0
Schwarz(Jacobi)+Bicgstab:  Solving for k, Initial residual = 0.00036367058691158836, Final residual = 9.057790637281312e-06, No Iterations 3, Solve time = 60.786 ms
[mem] after-turb: DEVICE_POOL current=22752 MB  actual(reserved)=38146 MB  highWater=28040 MB
ExecutionTime = 197.57 s  ClockTime = 198 s

Time = 26
[mem] step-start: DEVICE_POOL current=22752 MB  actual(reserved)=38146 MB  highWater=28040 MB
Schwarz(Jacobi)+Bicgstab:  Solving for Ux, Initial residual = 0.00014682482399872558, Final residual = 8.740609840298868e-06, No Iterations 4, Solve time = 155.3 ms
Schwarz(Jacobi)+Bicgstab:  Solving for Uy, Initial residual = 0.00662240529959835, Final residual = 0.00022017233238479412, No Iterations 4, Solve time = 155.3 ms
Schwarz(Jacobi)+Bicgstab:  Solving for Uz, Initial residual = 0.0017450186808261221, Final residual = 5.6376560780019274e-05, No Iterations 4, Solve time = 155.3 ms
[mem] after-UEqn: DEVICE_POOL current=22752 MB  actual(reserved)=38146 MB  highWater=28040 MB
[GinkgoSolver] p-cache: reuse(update_matrix_value) solve=26 rebuildInterval=100
config(Cg+Schwarz(Multigrid)):  Solving for p, Initial residual = 0.005806379698523884, Final residual = 5.437259954093266e-05, No Iterations 39, Solve time = 1362.572 ms
time step continuity errors : sum local = 1.71191353180813e-05, global = 1.1591983758085954e-06, cumulative = 1.061382741259534e-05
[mem] after-pEqn: DEVICE_POOL current=22752 MB  actual(reserved)=38146 MB  highWater=28040 MB
[GinkgoSolver] p-cache: reuse(update_matrix_value) solve=26 rebuildInterval=0
Schwarz(Jacobi)+Bicgstab:  Solving for omega, Initial residual = 5.7714513299045714e-05, Final residual = 3.349523471590068e-06, No Iterations 2, Solve time = 46.494 ms
bounding omega, min: -48896.773401473445 max: 45356131.308829226 average: 7144.6289730278295
[GinkgoSolver] p-cache: reuse(update_matrix_value) solve=26 rebuildInterval=0
Schwarz(Jacobi)+Bicgstab:  Solving for k, Initial residual = 0.00036766348792637374, Final residual = 9.300592238916009e-06, No Iterations 3, Solve time = 60.916 ms
[mem] after-turb: DEVICE_POOL current=22752 MB  actual(reserved)=38146 MB  highWater=28040 MB
ExecutionTime = 200.43 s  ClockTime = 201 s

Time = 27
[mem] step-start: DEVICE_POOL current=22752 MB  actual(reserved)=38146 MB  highWater=28040 MB
Schwarz(Jacobi)+Bicgstab:  Solving for Ux, Initial residual = 0.00014456018467770573, Final residual = 8.926195862247862e-06, No Iterations 3, Solve time = 125.413 ms
Schwarz(Jacobi)+Bicgstab:  Solving for Uy, Initial residual = 0.006460879963814999, Final residual = 0.0005122127733831539, No Iterations 3, Solve time = 125.413 ms
Schwarz(Jacobi)+Bicgstab:  Solving for Uz, Initial residual = 0.0017441562752197662, Final residual = 0.00014856709186255337, No Iterations 3, Solve time = 125.413 ms
[mem] after-UEqn: DEVICE_POOL current=22752 MB  actual(reserved)=38146 MB  highWater=28040 MB
[GinkgoSolver] p-cache: reuse(update_matrix_value) solve=27 rebuildInterval=100
config(Cg+Schwarz(Multigrid)):  Solving for p, Initial residual = 0.005695001843373457, Final residual = 5.6916147594577424e-05, No Iterations 37, Solve time = 1297.72 ms
time step continuity errors : sum local = 1.7928144368882563e-05, global = 1.2577701263752567e-06, cumulative = 1.1871597538970597e-05
[mem] after-pEqn: DEVICE_POOL current=22752 MB  actual(reserved)=38146 MB  highWater=28040 MB
[GinkgoSolver] p-cache: reuse(update_matrix_value) solve=27 rebuildInterval=0
Schwarz(Jacobi)+Bicgstab:  Solving for omega, Initial residual = 5.544576998228705e-05, Final residual = 3.2489686840233214e-06, No Iterations 2, Solve time = 47.723 ms
[GinkgoSolver] p-cache: reuse(update_matrix_value) solve=27 rebuildInterval=0
Schwarz(Jacobi)+Bicgstab:  Solving for k, Initial residual = 0.00037247037314265714, Final residual = 9.810620239230363e-06, No Iterations 3, Solve time = 62.136 ms
[mem] after-turb: DEVICE_POOL current=22752 MB  actual(reserved)=38146 MB  highWater=28040 MB
ExecutionTime = 203.18 s  ClockTime = 204 s

Time = 28
[mem] step-start: DEVICE_POOL current=22752 MB  actual(reserved)=38146 MB  highWater=28040 MB
Schwarz(Jacobi)+Bicgstab:  Solving for Ux, Initial residual = 0.00014236150677748573, Final residual = 9.718491933990494e-06, No Iterations 3, Solve time = 125.185 ms
Schwarz(Jacobi)+Bicgstab:  Solving for Uy, Initial residual = 0.0063299453340260985, Final residual = 0.0004562975561696499, No Iterations 3, Solve time = 125.185 ms
Schwarz(Jacobi)+Bicgstab:  Solving for Uz, Initial residual = 0.0017490868383687197, Final residual = 0.0001395602840763495, No Iterations 3, Solve time = 125.185 ms
[mem] after-UEqn: DEVICE_POOL current=22752 MB  actual(reserved)=38146 MB  highWater=28040 MB
[GinkgoSolver] p-cache: reuse(update_matrix_value) solve=28 rebuildInterval=100
config(Cg+Schwarz(Multigrid)):  Solving for p, Initial residual = 0.00562375611511799, Final residual = 5.140541010889654e-05, No Iterations 41, Solve time = 1432.951 ms
time step continuity errors : sum local = 1.6151780408035153e-05, global = 1.1317186721067396e-06, cumulative = 1.3003316211077336e-05
[mem] after-pEqn: DEVICE_POOL current=22752 MB  actual(reserved)=38146 MB  highWater=28040 MB
[GinkgoSolver] p-cache: reuse(update_matrix_value) solve=28 rebuildInterval=0
Schwarz(Jacobi)+Bicgstab:  Solving for omega, Initial residual = 5.3464262048928714e-05, Final residual = 3.1638802481706435e-06, No Iterations 2, Solve time = 47.958 ms
bounding omega, min: -74.79790648513921 max: 45356031.138398804 average: 7192.04664875224
[GinkgoSolver] p-cache: reuse(update_matrix_value) solve=28 rebuildInterval=0
Schwarz(Jacobi)+Bicgstab:  Solving for k, Initial residual = 0.00037712240575789384, Final residual = 9.700701039899605e-06, No Iterations 3, Solve time = 62.112 ms
[mem] after-turb: DEVICE_POOL current=22752 MB  actual(reserved)=38146 MB  highWater=28040 MB
ExecutionTime = 206.09 s  ClockTime = 207 s

Time = 29
[mem] step-start: DEVICE_POOL current=22752 MB  actual(reserved)=38146 MB  highWater=28040 MB
Schwarz(Jacobi)+Bicgstab:  Solving for Ux, Initial residual = 0.00013938136655619173, Final residual = 1.0470345333605527e-05, No Iterations 3, Solve time = 125.005 ms
Schwarz(Jacobi)+Bicgstab:  Solving for Uy, Initial residual = 0.006214513584455296, Final residual = 0.00043885330315817056, No Iterations 3, Solve time = 125.005 ms
Schwarz(Jacobi)+Bicgstab:  Solving for Uz, Initial residual = 0.0017526291011045838, Final residual = 0.00013624217313587295, No Iterations 3, Solve time = 125.005 ms
[mem] after-UEqn: DEVICE_POOL current=22752 MB  actual(reserved)=38146 MB  highWater=28040 MB
[GinkgoSolver] p-cache: reuse(update_matrix_value) solve=29 rebuildInterval=100
config(Cg+Schwarz(Multigrid)):  Solving for p, Initial residual = 0.005564171449402531, Final residual = 5.471520018462571e-05, No Iterations 55, Solve time = 1904.089 ms
time step continuity errors : sum local = 1.7096789178661975e-05, global = -4.963964687868846e-07, cumulative = 1.2506919742290451e-05
[mem] after-pEqn: DEVICE_POOL current=22752 MB  actual(reserved)=38146 MB  highWater=28040 MB
[GinkgoSolver] p-cache: reuse(update_matrix_value) solve=29 rebuildInterval=0
Schwarz(Jacobi)+Bicgstab:  Solving for omega, Initial residual = 5.189664988671909e-05, Final residual = 3.1080784099574067e-06, No Iterations 2, Solve time = 47.583 ms
[GinkgoSolver] p-cache: reuse(update_matrix_value) solve=29 rebuildInterval=0
Schwarz(Jacobi)+Bicgstab:  Solving for k, Initial residual = 0.00038376723366230123, Final residual = 9.88847798224898e-06, No Iterations 3, Solve time = 62.386 ms
[mem] after-turb: DEVICE_POOL current=22752 MB  actual(reserved)=38146 MB  highWater=28040 MB
ExecutionTime = 209.45 s  ClockTime = 210 s

Time = 30
[mem] step-start: DEVICE_POOL current=22752 MB  actual(reserved)=38146 MB  highWater=28040 MB
Schwarz(Jacobi)+Bicgstab:  Solving for Ux, Initial residual = 0.00013697599899157881, Final residual = 8.407069253205471e-06, No Iterations 3, Solve time = 125.179 ms
Schwarz(Jacobi)+Bicgstab:  Solving for Uy, Initial residual = 0.006132607215121114, Final residual = 0.00044027580328947536, No Iterations 3, Solve time = 125.179 ms
Schwarz(Jacobi)+Bicgstab:  Solving for Uz, Initial residual = 0.0017548835562956166, Final residual = 0.00013554728209582301, No Iterations 3, Solve time = 125.179 ms
[mem] after-UEqn: DEVICE_POOL current=22752 MB  actual(reserved)=38146 MB  highWater=28040 MB
[GinkgoSolver] p-cache: reuse(update_matrix_value) solve=30 rebuildInterval=100
config(Cg+Schwarz(Multigrid)):  Solving for p, Initial residual = 0.00555202258601532, Final residual = 5.223528583154269e-05, No Iterations 59, Solve time = 2038.373 ms
time step continuity errors : sum local = 1.604430944168733e-05, global = -1.3637886685953182e-06, cumulative = 1.1143131073695132e-05
[mem] after-pEqn: DEVICE_POOL current=22752 MB  actual(reserved)=38146 MB  highWater=28040 MB
[GinkgoSolver] p-cache: reuse(update_matrix_value) solve=30 rebuildInterval=0
Schwarz(Jacobi)+Bicgstab:  Solving for omega, Initial residual = 5.077934141622884e-05, Final residual = 3.047041432888077e-06, No Iterations 2, Solve time = 46.729 ms
bounding omega, min: -465.9222496384107 max: 45356088.03837192 average: 7233.087039139981
[GinkgoSolver] p-cache: reuse(update_matrix_value) solve=30 rebuildInterval=0
Schwarz(Jacobi)+Bicgstab:  Solving for k, Initial residual = 0.0003910796503341012, Final residual = 1.0224154522236848e-05, No Iterations 3, Solve time = 61.925 ms
[mem] after-turb: DEVICE_POOL current=22752 MB  actual(reserved)=38146 MB  highWater=28040 MB
Writing p
Writing U
Writing turbulence variables
ExecutionTime = 213.77 s  ClockTime = 216 s

Finalizing NeoN
Finalising parallel run
