/*---------------------------------------------------------------------------*\
| =========                 |                                                 |
| \\      /  F ield         | OpenFOAM: The Open Source CFD Toolbox           |
|  \\    /   O peration     | Version:  2506                                  |
|   \\  /    A nd           | Website:  www.openfoam.com                      |
|    \\/     M anipulation  |                                                 |
\*---------------------------------------------------------------------------*/
Build  : b050cd9480-20250814 OPENFOAM=2506 version=v2506
Arch   : "LSB;label=32;scalar=64"
Exec   : /storage/home/greole/code/NeoFOAM/build/profilingnvidia_h200/bin/neoSimpleFoam -parallel
Date   : Jul 01 2026
Time   : 10:55:34
Host   : gpu-nvidia-h200-1.int.coma-cluster.de
PID    : 2419297
I/O    : uncollated
Case   : /storage/home/greole/code/NeoFOAM/occDrivAerStaticMesh
nProcs : 4
Hosts  :
(
    (gpu-nvidia-h200-1.int.coma-cluster.de 4)
)
Pstream initialized with:
    node communication : off [type=host] (4 ranks, 1 nodes)
    topology controls  : none
    consensus exchange : 0 (tuning: 0)
    exchange algorithm : 0
    commsType          : nonBlocking
    polling iterations : 0
trapFpe: Floating point exception trapping enabled (FOAM_SIGFPE).
fileModificationChecking : Monitoring run-time modified files using timeStampMaster (fileModificationSkew 5, maxFileModificationPolls 20)
allowSystemOperations : Allowing user-supplied system call operations

// * * * * * * * * * * * * * * * * * * * * * * * * * * * * * * * * * * * * * //
Create time

Initializing NeoN
Creating Executor GPU
Creating NeoFOAM runTime

SIMPLE: no convergence criteria found. Calculations will run for 30 steps.

Reading field p

Reading field U

Reading/calculating face flux field phi

Selecting incompressible transport model Newtonian
NeoFOAM solver config (from fvSolution configFile) for 'config(Cg+Schwarz(Multigrid))':
{
    cacheSolver: true
    configFile: <NeoN::TokenList>
    l1ScaledResidual: true
    preconditionerRebuildInterval: 100
    relTol: 0.010000
    reportName: config(Cg+Schwarz(Multigrid))
    solver: Ginkgo
    tolerance: 0.000000
}
    effective optimize: false
    effective checkFrequency: 1
Mapping OpenFOAM solver settings to NeoN settings.
Currently, it is advisable to specify a configFile
for fine grained Ginkgo solver control

Replacing solver PBiCGStab by solver::Bicgstab
Replacing preconditioner diagonal by preconditioner::Schwarz (Schwarz-wrapped for distributed run)
NeoFOAM solver config (mapped from fvSolution) for 'Schwarz(Jacobi)+Bicgstab':
{
    cacheSolver: true
    criteria: {
        absolute_residual_norm: 0.000000
        initial_residual_norm: 0.100000
        iteration: 1000
    }
    l1ScaledResidual: true
    optimize: true
    preconditioner: {
        local_solver: {
            max_block_size: 1
            type: preconditioner::Jacobi
        }
        type: preconditioner::Schwarz
    }
    reportName: Schwarz(Jacobi)+Bicgstab
    solver: Ginkgo
    type: solver::Bicgstab
}
    effective optimize: true
    effective checkFrequency: 1
Creating phi

[NF][/storage/home/greole/code/NeoFOAM/include/NeoFOAM/auxiliary/readers.hpp::434]: Internal: 49320882, Boundary: 1762558

[NF][/storage/home/greole/code/NeoFOAM/include/NeoFOAM/auxiliary/readers.hpp::434]: Internal: 49333487, Boundary: 1754396

[NF][/storage/home/greole/code/NeoFOAM/include/NeoFOAM/auxiliary/readers.hpp::434]: Internal: 49261542, Boundary: 1427829

[NF][/storage/home/greole/code/NeoFOAM/include/NeoFOAM/auxiliary/readers.hpp::434]: Internal: 49243125, Boundary: 1362247
Selecting patchDistMethod meshWave
Mapping OpenFOAM solver settings to NeoN settings.
Currently, it is advisable to specify a configFile
for fine grained Ginkgo solver control

Replacing solver PBiCGStab by solver::Bicgstab
Replacing preconditioner diagonal by preconditioner::Schwarz (Schwarz-wrapped for distributed run)
NeoFOAM solver config (mapped from fvSolution) for 'Schwarz(Jacobi)+Bicgstab':
{
    cacheSolver: true
    criteria: {
        absolute_residual_norm: 0.000000
        initial_residual_norm: 0.100000
        iteration: 1000
    }
    l1ScaledResidual: true
    optimize: true
    preconditioner: {
        local_solver: {
            max_block_size: 1
            type: preconditioner::Jacobi
        }
        type: preconditioner::Schwarz
    }
    reportName: Schwarz(Jacobi)+Bicgstab
    solver: Ginkgo
    type: solver::Bicgstab
}
    effective optimize: true
    effective checkFrequency: 1
Mapping OpenFOAM solver settings to NeoN settings.
Currently, it is advisable to specify a configFile
for fine grained Ginkgo solver control

Replacing solver PBiCGStab by solver::Bicgstab
Replacing preconditioner diagonal by preconditioner::Schwarz (Schwarz-wrapped for distributed run)
NeoFOAM solver config (mapped from fvSolution) for 'Schwarz(Jacobi)+Bicgstab':
{
    cacheSolver: true
    criteria: {
        absolute_residual_norm: 0.000000
        initial_residual_norm: 0.100000
        iteration: 1000
    }
    l1ScaledResidual: true
    optimize: true
    preconditioner: {
        local_solver: {
            max_block_size: 1
            type: preconditioner::Jacobi
        }
        type: preconditioner::Schwarz
    }
    reportName: Schwarz(Jacobi)+Bicgstab
    solver: Ginkgo
    type: solver::Bicgstab
}
    effective optimize: true
    effective checkFrequency: 1
Starting time loop
Time = 1
[mem] step-start: DEVICE_POOL current=16605 MB  actual(reserved)=38146 MB  highWater=19132 MB
Schwarz(Jacobi)+Bicgstab:  Solving for Ux, Initial residual = 0.0019488956619707581, Final residual = 0.00023894144922256567, No Iterations 3, Solve time = 244.751 ms
Schwarz(Jacobi)+Bicgstab:  Solving for Uy, Initial residual = 0.1648688972930772, Final residual = 0.008211417725346403, No Iterations 3, Solve time = 244.751 ms
Schwarz(Jacobi)+Bicgstab:  Solving for Uz, Initial residual = 0.10478399420301421, Final residual = 0.00498813041633774, No Iterations 3, Solve time = 244.751 ms
[mem] after-UEqn: DEVICE_POOL current=19099 MB  actual(reserved)=38146 MB  highWater=24387 MB
[GinkgoSolver] p-cache: rebuild(generate) solve=1 rebuildInterval=100
config(Cg+Schwarz(Multigrid)):  Solving for p, Initial residual = 1, Final residual = 0.009668351321152275, No Iterations 113, Solve time = 3776.483 ms
time step continuity errors : sum local = 6.456647558250872e-05, global = 4.513688323740466e-06, cumulative = 4.513688323740466e-06
[mem] after-pEqn: DEVICE_POOL current=20567 MB  actual(reserved)=38146 MB  highWater=24387 MB
[GinkgoSolver] p-cache: rebuild(generate) solve=1 rebuildInterval=0
Schwarz(Jacobi)+Bicgstab:  Solving for omega, Initial residual = 1, Final residual = 0.030747844479660832, No Iterations 1, Solve time = 54.169 ms
bounding omega, min: -52.868177868093085 max: 46109480.04008758 average: 2443.2278666276393
[GinkgoSolver] p-cache: rebuild(generate) solve=1 rebuildInterval=0
Schwarz(Jacobi)+Bicgstab:  Solving for k, Initial residual = 0.9999999999999735, Final residual = 0.04385986650750489, No Iterations 1, Solve time = 53.2 ms
[mem] after-turb: DEVICE_POOL current=22752 MB  actual(reserved)=38146 MB  highWater=24811 MB
ExecutionTime = 95 s  ClockTime = 95 s

Time = 2
[mem] step-start: DEVICE_POOL current=22752 MB  actual(reserved)=38146 MB  highWater=24811 MB
Schwarz(Jacobi)+Bicgstab:  Solving for Ux, Initial residual = 0.0012931177997086028, Final residual = 5.9234823592320233e-05, No Iterations 5, Solve time = 346.35 ms
Schwarz(Jacobi)+Bicgstab:  Solving for Uy, Initial residual = 0.06544554940502188, Final residual = 0.0029782328579355906, No Iterations 5, Solve time = 346.35 ms
Schwarz(Jacobi)+Bicgstab:  Solving for Uz, Initial residual = 0.040832239146327894, Final residual = 0.0009086344433609498, No Iterations 5, Solve time = 346.35 ms
[mem] after-UEqn: DEVICE_POOL current=22752 MB  actual(reserved)=38146 MB  highWater=28040 MB
[GinkgoSolver] p-cache: reuse(update_matrix_value) solve=2 rebuildInterval=100
config(Cg+Schwarz(Multigrid)):  Solving for p, Initial residual = 0.040286130924619676, Final residual = 0.0003918743449871366, No Iterations 125, Solve time = 3873.295 ms
time step continuity errors : sum local = 4.157627188918378e-05, global = 2.0770996331359812e-06, cumulative = 6.590787956876447e-06
[mem] after-pEqn: DEVICE_POOL current=22752 MB  actual(reserved)=38146 MB  highWater=28040 MB
[GinkgoSolver] p-cache: reuse(update_matrix_value) solve=2 rebuildInterval=0
Schwarz(Jacobi)+Bicgstab:  Solving for omega, Initial residual = 0.008194516980081886, Final residual = 0.0004779949912318906, No Iterations 1, Solve time = 64.728 ms
bounding omega, min: -1124.300610522082 max: 45305779.37482474 average: 2705.674896056104
[GinkgoSolver] p-cache: reuse(update_matrix_value) solve=2 rebuildInterval=0
Schwarz(Jacobi)+Bicgstab:  Solving for k, Initial residual = 0.0750040046780921, Final residual = 0.004455112741173208, No Iterations 1, Solve time = 50.988 ms
[mem] after-turb: DEVICE_POOL current=22752 MB  actual(reserved)=38146 MB  highWater=28040 MB
ExecutionTime = 100.56 s  ClockTime = 101 s

Time = 3
[mem] step-start: DEVICE_POOL current=22752 MB  actual(reserved)=38146 MB  highWater=28040 MB
Schwarz(Jacobi)+Bicgstab:  Solving for Ux, Initial residual = 0.0008107908861079772, Final residual = 4.787679887759602e-05, No Iterations 6, Solve time = 404.944 ms
Schwarz(Jacobi)+Bicgstab:  Solving for Uy, Initial residual = 0.032506821502561005, Final residual = 0.0006354796500698064, No Iterations 6, Solve time = 404.944 ms
Schwarz(Jacobi)+Bicgstab:  Solving for Uz, Initial residual = 0.01819156342948389, Final residual = 0.00026748016657778114, No Iterations 6, Solve time = 404.944 ms
[mem] after-UEqn: DEVICE_POOL current=22752 MB  actual(reserved)=38146 MB  highWater=28040 MB
[GinkgoSolver] p-cache: reuse(update_matrix_value) solve=3 rebuildInterval=100
config(Cg+Schwarz(Multigrid)):  Solving for p, Initial residual = 0.01786516122390321, Final residual = 0.00017524840787503727, No Iterations 112, Solve time = 3479.415 ms
time step continuity errors : sum local = 3.4122728974844365e-05, global = -2.382227442035416e-06, cumulative = 4.20856051484103e-06
[mem] after-pEqn: DEVICE_POOL current=22752 MB  actual(reserved)=38146 MB  highWater=28040 MB
[GinkgoSolver] p-cache: reuse(update_matrix_value) solve=3 rebuildInterval=0
Schwarz(Jacobi)+Bicgstab:  Solving for omega, Initial residual = 0.0035207028543507847, Final residual = 0.00028993776790394165, No Iterations 1, Solve time = 62.028 ms
bounding omega, min: -11.965249181583417 max: 45385843.39177892 average: 3322.2769431204442
[GinkgoSolver] p-cache: reuse(update_matrix_value) solve=3 rebuildInterval=0
Schwarz(Jacobi)+Bicgstab:  Solving for k, Initial residual = 0.013997292463834294, Final residual = 0.0010053484569888535, No Iterations 1, Solve time = 49.427 ms
[mem] after-turb: DEVICE_POOL current=22752 MB  actual(reserved)=38146 MB  highWater=28040 MB
ExecutionTime = 105.79 s  ClockTime = 106 s

Time = 4
[mem] step-start: DEVICE_POOL current=22752 MB  actual(reserved)=38146 MB  highWater=28040 MB
Schwarz(Jacobi)+Bicgstab:  Solving for Ux, Initial residual = 0.000557659548455412, Final residual = 4.7017046890922955e-05, No Iterations 4, Solve time = 289.246 ms
Schwarz(Jacobi)+Bicgstab:  Solving for Uy, Initial residual = 0.020224242359647943, Final residual = 0.0026650373109747385, No Iterations 4, Solve time = 289.246 ms
Schwarz(Jacobi)+Bicgstab:  Solving for Uz, Initial residual = 0.010484815651285536, Final residual = 0.0007740904420860952, No Iterations 4, Solve time = 289.246 ms
[mem] after-UEqn: DEVICE_POOL current=22752 MB  actual(reserved)=38146 MB  highWater=28040 MB
[GinkgoSolver] p-cache: reuse(update_matrix_value) solve=4 rebuildInterval=100
config(Cg+Schwarz(Multigrid)):  Solving for p, Initial residual = 0.012479007410274195, Final residual = 0.00012235249918728984, No Iterations 125, Solve time = 3870.59 ms
time step continuity errors : sum local = 3.145817721243569e-05, global = 1.3763561656914743e-06, cumulative = 5.584916680532504e-06
[mem] after-pEqn: DEVICE_POOL current=22752 MB  actual(reserved)=38146 MB  highWater=28040 MB
[GinkgoSolver] p-cache: reuse(update_matrix_value) solve=4 rebuildInterval=0
Schwarz(Jacobi)+Bicgstab:  Solving for omega, Initial residual = 0.0017242304179235551, Final residual = 4.8309750879129295e-05, No Iterations 2, Solve time = 84.81 ms
[GinkgoSolver] p-cache: reuse(update_matrix_value) solve=4 rebuildInterval=0
Schwarz(Jacobi)+Bicgstab:  Solving for k, Initial residual = 0.004640782658608881, Final residual = 0.00039336101102572645, No Iterations 1, Solve time = 50.703 ms
[mem] after-turb: DEVICE_POOL current=22752 MB  actual(reserved)=38146 MB  highWater=28040 MB
ExecutionTime = 111.3 s  ClockTime = 112 s

Time = 5
[mem] step-start: DEVICE_POOL current=22752 MB  actual(reserved)=38146 MB  highWater=28040 MB
Schwarz(Jacobi)+Bicgstab:  Solving for Ux, Initial residual = 0.0004820945467360742, Final residual = 3.7324614180007685e-05, No Iterations 4, Solve time = 289.061 ms
Schwarz(Jacobi)+Bicgstab:  Solving for Uy, Initial residual = 0.018526014834736787, Final residual = 0.0011832542031111391, No Iterations 4, Solve time = 289.061 ms
Schwarz(Jacobi)+Bicgstab:  Solving for Uz, Initial residual = 0.008320998258035764, Final residual = 0.0008104649727229776, No Iterations 4, Solve time = 289.061 ms
[mem] after-UEqn: DEVICE_POOL current=22752 MB  actual(reserved)=38146 MB  highWater=28040 MB
[GinkgoSolver] p-cache: reuse(update_matrix_value) solve=5 rebuildInterval=100
config(Cg+Schwarz(Multigrid)):  Solving for p, Initial residual = 0.010588277637753976, Final residual = 0.00010453454219889529, No Iterations 121, Solve time = 3752.239 ms
time step continuity errors : sum local = 2.9631246748590193e-05, global = 1.5863427434144194e-06, cumulative = 7.171259423946924e-06
[mem] after-pEqn: DEVICE_POOL current=22752 MB  actual(reserved)=38146 MB  highWater=28040 MB
[GinkgoSolver] p-cache: reuse(update_matrix_value) solve=5 rebuildInterval=0
Schwarz(Jacobi)+Bicgstab:  Solving for omega, Initial residual = 0.0009944244623909357, Final residual = 9.813976496080309e-05, No Iterations 1, Solve time = 64.628 ms
[GinkgoSolver] p-cache: reuse(update_matrix_value) solve=5 rebuildInterval=0
Schwarz(Jacobi)+Bicgstab:  Solving for k, Initial residual = 0.002356445921816602, Final residual = 0.00022364939918889437, No Iterations 1, Solve time = 50.397 ms
[mem] after-turb: DEVICE_POOL current=22752 MB  actual(reserved)=38146 MB  highWater=28040 MB
ExecutionTime = 116.69 s  ClockTime = 117 s

Time = 6
[mem] step-start: DEVICE_POOL current=22752 MB  actual(reserved)=38146 MB  highWater=28040 MB
Schwarz(Jacobi)+Bicgstab:  Solving for Ux, Initial residual = 0.0004357136834502415, Final residual = 2.6394653518755575e-05, No Iterations 5, Solve time = 348.916 ms
Schwarz(Jacobi)+Bicgstab:  Solving for Uy, Initial residual = 0.017968301800746572, Final residual = 0.0015850735824545774, No Iterations 5, Solve time = 348.916 ms
Schwarz(Jacobi)+Bicgstab:  Solving for Uz, Initial residual = 0.006736290762145807, Final residual = 0.0005112645339904056, No Iterations 5, Solve time = 348.916 ms
[mem] after-UEqn: DEVICE_POOL current=22752 MB  actual(reserved)=38146 MB  highWater=28040 MB
[GinkgoSolver] p-cache: reuse(update_matrix_value) solve=6 rebuildInterval=100
config(Cg+Schwarz(Multigrid)):  Solving for p, Initial residual = 0.011141999125603937, Final residual = 0.00010890002850197075, No Iterations 113, Solve time = 3503.316 ms
time step continuity errors : sum local = 3.0209137988868384e-05, global = -5.047758598713365e-07, cumulative = 6.666483564075587e-06
[mem] after-pEqn: DEVICE_POOL current=22752 MB  actual(reserved)=38146 MB  highWater=28040 MB
[GinkgoSolver] p-cache: reuse(update_matrix_value) solve=6 rebuildInterval=0
Schwarz(Jacobi)+Bicgstab:  Solving for omega, Initial residual = 0.0006247271735721901, Final residual = 2.430926846660527e-05, No Iterations 2, Solve time = 85.63 ms
[GinkgoSolver] p-cache: reuse(update_matrix_value) solve=6 rebuildInterval=0
Schwarz(Jacobi)+Bicgstab:  Solving for k, Initial residual = 0.001624245868309715, Final residual = 0.0001548866119272928, No Iterations 1, Solve time = 49.66 ms
[mem] after-turb: DEVICE_POOL current=22752 MB  actual(reserved)=38146 MB  highWater=28040 MB
ExecutionTime = 121.91 s  ClockTime = 122 s

Time = 7
[mem] step-start: DEVICE_POOL current=22752 MB  actual(reserved)=38146 MB  highWater=28040 MB
Schwarz(Jacobi)+Bicgstab:  Solving for Ux, Initial residual = 0.0003762590997820067, Final residual = 2.342446002703168e-05, No Iterations 5, Solve time = 338.699 ms
Schwarz(Jacobi)+Bicgstab:  Solving for Uy, Initial residual = 0.015249618952303841, Final residual = 0.0011652895314597435, No Iterations 5, Solve time = 338.699 ms
Schwarz(Jacobi)+Bicgstab:  Solving for Uz, Initial residual = 0.0051385729394408395, Final residual = 0.0002778232774341704, No Iterations 5, Solve time = 338.699 ms
[mem] after-UEqn: DEVICE_POOL current=22752 MB  actual(reserved)=38146 MB  highWater=28040 MB
[GinkgoSolver] p-cache: reuse(update_matrix_value) solve=7 rebuildInterval=100
config(Cg+Schwarz(Multigrid)):  Solving for p, Initial residual = 0.012105801245341165, Final residual = 0.0001161456100707588, No Iterations 108, Solve time = 3354.465 ms
time step continuity errors : sum local = 2.9103461419555097e-05, global = -1.8534350726248196e-06, cumulative = 4.813048491450767e-06
[mem] after-pEqn: DEVICE_POOL current=22752 MB  actual(reserved)=38146 MB  highWater=28040 MB
[GinkgoSolver] p-cache: reuse(update_matrix_value) solve=7 rebuildInterval=0
Schwarz(Jacobi)+Bicgstab:  Solving for omega, Initial residual = 0.000489834811705458, Final residual = 1.5228867167228374e-05, No Iterations 2, Solve time = 86.126 ms
bounding omega, min: -996.042845392746 max: 45358183.65424179 average: 5415.618288208028
[GinkgoSolver] p-cache: reuse(update_matrix_value) solve=7 rebuildInterval=0
Schwarz(Jacobi)+Bicgstab:  Solving for k, Initial residual = 0.0011596724108762187, Final residual = 2.410824233363108e-05, No Iterations 3, Solve time = 96.777 ms
[mem] after-turb: DEVICE_POOL current=22752 MB  actual(reserved)=38146 MB  highWater=28040 MB
ExecutionTime = 127.01 s  ClockTime = 128 s

Time = 8
[mem] step-start: DEVICE_POOL current=22752 MB  actual(reserved)=38146 MB  highWater=28040 MB
Schwarz(Jacobi)+Bicgstab:  Solving for Ux, Initial residual = 0.00031673817460741235, Final residual = 2.4899210116638783e-05, No Iterations 5, Solve time = 350.294 ms
Schwarz(Jacobi)+Bicgstab:  Solving for Uy, Initial residual = 0.011370435842646832, Final residual = 0.00028767405120671614, No Iterations 5, Solve time = 350.294 ms
Schwarz(Jacobi)+Bicgstab:  Solving for Uz, Initial residual = 0.0036095992143287065, Final residual = 0.00019632354846038275, No Iterations 5, Solve time = 350.294 ms
[mem] after-UEqn: DEVICE_POOL current=22752 MB  actual(reserved)=38146 MB  highWater=28040 MB
[GinkgoSolver] p-cache: reuse(update_matrix_value) solve=8 rebuildInterval=100
config(Cg+Schwarz(Multigrid)):  Solving for p, Initial residual = 0.013074488620297867, Final residual = 0.00012678309348017802, No Iterations 101, Solve time = 3146.346 ms
time step continuity errors : sum local = 2.7532280920471523e-05, global = 1.026897995964479e-06, cumulative = 5.839946487415246e-06
[mem] after-pEqn: DEVICE_POOL current=22752 MB  actual(reserved)=38146 MB  highWater=28040 MB
[GinkgoSolver] p-cache: reuse(update_matrix_value) solve=8 rebuildInterval=0
Schwarz(Jacobi)+Bicgstab:  Solving for omega, Initial residual = 0.00035961928428038985, Final residual = 1.243418303005228e-05, No Iterations 2, Solve time = 87.845 ms
[GinkgoSolver] p-cache: reuse(update_matrix_value) solve=8 rebuildInterval=0
Schwarz(Jacobi)+Bicgstab:  Solving for k, Initial residual = 0.0008654436804542584, Final residual = 5.244782000192149e-05, No Iterations 2, Solve time = 71.904 ms
[mem] after-turb: DEVICE_POOL current=22752 MB  actual(reserved)=38146 MB  highWater=28040 MB
ExecutionTime = 131.91 s  ClockTime = 132 s

Time = 9
[mem] step-start: DEVICE_POOL current=22752 MB  actual(reserved)=38146 MB  highWater=28040 MB
Schwarz(Jacobi)+Bicgstab:  Solving for Ux, Initial residual = 0.00027318252229073395, Final residual = 7.289474322312241e-06, No Iterations 5, Solve time = 349.409 ms
Schwarz(Jacobi)+Bicgstab:  Solving for Uy, Initial residual = 0.009184050488097183, Final residual = 0.000441369294354929, No Iterations 5, Solve time = 349.409 ms
Schwarz(Jacobi)+Bicgstab:  Solving for Uz, Initial residual = 0.002626830491948346, Final residual = 0.00015405989933171875, No Iterations 5, Solve time = 349.409 ms
[mem] after-UEqn: DEVICE_POOL current=22752 MB  actual(reserved)=38146 MB  highWater=28040 MB
[GinkgoSolver] p-cache: reuse(update_matrix_value) solve=9 rebuildInterval=100
config(Cg+Schwarz(Multigrid)):  Solving for p, Initial residual = 0.013759333100843946, Final residual = 0.00013553029416253024, No Iterations 106, Solve time = 3294.156 ms
time step continuity errors : sum local = 2.5615293879844736e-05, global = 1.4598758818529127e-06, cumulative = 7.299822369268159e-06
[mem] after-pEqn: DEVICE_POOL current=22752 MB  actual(reserved)=38146 MB  highWater=28040 MB
[GinkgoSolver] p-cache: reuse(update_matrix_value) solve=9 rebuildInterval=0
Schwarz(Jacobi)+Bicgstab:  Solving for omega, Initial residual = 0.00027805197898611106, Final residual = 1.063156035228312e-05, No Iterations 2, Solve time = 85.541 ms
[GinkgoSolver] p-cache: reuse(update_matrix_value) solve=9 rebuildInterval=0
Schwarz(Jacobi)+Bicgstab:  Solving for k, Initial residual = 0.0006654399775938856, Final residual = 3.88495974966252e-05, No Iterations 2, Solve time = 73.154 ms
[mem] after-turb: DEVICE_POOL current=22752 MB  actual(reserved)=38146 MB  highWater=28040 MB
ExecutionTime = 136.93 s  ClockTime = 137 s

Time = 10
[mem] step-start: DEVICE_POOL current=22752 MB  actual(reserved)=38146 MB  highWater=28040 MB
Schwarz(Jacobi)+Bicgstab:  Solving for Ux, Initial residual = 0.00025096497864300117, Final residual = 3.2012641401181964e-06, No Iterations 6, Solve time = 399.593 ms
Schwarz(Jacobi)+Bicgstab:  Solving for Uy, Initial residual = 0.01008444616425044, Final residual = 0.0004093802130522943, No Iterations 6, Solve time = 399.593 ms
Schwarz(Jacobi)+Bicgstab:  Solving for Uz, Initial residual = 0.0024963050920974914, Final residual = 4.162380156998637e-05, No Iterations 6, Solve time = 399.593 ms
[mem] after-UEqn: DEVICE_POOL current=22752 MB  actual(reserved)=38146 MB  highWater=28040 MB
[GinkgoSolver] p-cache: reuse(update_matrix_value) solve=10 rebuildInterval=100
config(Cg+Schwarz(Multigrid)):  Solving for p, Initial residual = 0.013926385370777727, Final residual = 0.0001317092943272492, No Iterations 121, Solve time = 3754.427 ms
time step continuity errors : sum local = 2.278282625677238e-05, global = -2.3568353421961602e-06, cumulative = 4.942987027071999e-06
[mem] after-pEqn: DEVICE_POOL current=22752 MB  actual(reserved)=38146 MB  highWater=28040 MB
[GinkgoSolver] p-cache: reuse(update_matrix_value) solve=10 rebuildInterval=0
Schwarz(Jacobi)+Bicgstab:  Solving for omega, Initial residual = 0.00022456038981574536, Final residual = 9.22349380706786e-06, No Iterations 2, Solve time = 87.196 ms
[GinkgoSolver] p-cache: reuse(update_matrix_value) solve=10 rebuildInterval=0
Schwarz(Jacobi)+Bicgstab:  Solving for k, Initial residual = 0.0005268199894000221, Final residual = 3.2756015134446535e-05, No Iterations 2, Solve time = 73.296 ms
[mem] after-turb: DEVICE_POOL current=22752 MB  actual(reserved)=38146 MB  highWater=28040 MB
ExecutionTime = 142.46 s  ClockTime = 143 s

Time = 11
[mem] step-start: DEVICE_POOL current=22752 MB  actual(reserved)=38146 MB  highWater=28040 MB
Schwarz(Jacobi)+Bicgstab:  Solving for Ux, Initial residual = 0.00024024029726936737, Final residual = 1.1078716702015074e-05, No Iterations 5, Solve time = 357.407 ms
Schwarz(Jacobi)+Bicgstab:  Solving for Uy, Initial residual = 0.011087112972718, Final residual = 0.000323425393836795, No Iterations 5, Solve time = 357.407 ms
Schwarz(Jacobi)+Bicgstab:  Solving for Uz, Initial residual = 0.002549043465704147, Final residual = 7.271924602064684e-05, No Iterations 5, Solve time = 357.407 ms
[mem] after-UEqn: DEVICE_POOL current=22752 MB  actual(reserved)=38146 MB  highWater=28040 MB
[GinkgoSolver] p-cache: reuse(update_matrix_value) solve=11 rebuildInterval=100
config(Cg+Schwarz(Multigrid)):  Solving for p, Initial residual = 0.013507972261299874, Final residual = 0.00012904105345017898, No Iterations 119, Solve time = 3690.972 ms
time step continuity errors : sum local = 2.2902577221247266e-05, global = -1.8109870540427156e-06, cumulative = 3.1319999730292832e-06
[mem] after-pEqn: DEVICE_POOL current=22752 MB  actual(reserved)=38146 MB  highWater=28040 MB
[GinkgoSolver] p-cache: reuse(update_matrix_value) solve=11 rebuildInterval=0
Schwarz(Jacobi)+Bicgstab:  Solving for omega, Initial residual = 0.00018509972499691226, Final residual = 8.098250494146128e-06, No Iterations 2, Solve time = 84.942 ms
[GinkgoSolver] p-cache: reuse(update_matrix_value) solve=11 rebuildInterval=0
Schwarz(Jacobi)+Bicgstab:  Solving for k, Initial residual = 0.0004395160665688239, Final residual = 2.828699099280232e-05, No Iterations 2, Solve time = 74.138 ms
[mem] after-turb: DEVICE_POOL current=22752 MB  actual(reserved)=38146 MB  highWater=28040 MB
ExecutionTime = 147.9 s  ClockTime = 149 s

Time = 12
[mem] step-start: DEVICE_POOL current=22752 MB  actual(reserved)=38146 MB  highWater=28040 MB
Schwarz(Jacobi)+Bicgstab:  Solving for Ux, Initial residual = 0.0002286361528549467, Final residual = 1.4864598348614186e-05, No Iterations 4, Solve time = 291.452 ms
Schwarz(Jacobi)+Bicgstab:  Solving for Uy, Initial residual = 0.011039833968559159, Final residual = 0.0007996432712647991, No Iterations 4, Solve time = 291.452 ms
Schwarz(Jacobi)+Bicgstab:  Solving for Uz, Initial residual = 0.0024796159391906928, Final residual = 0.00012090909027420785, No Iterations 4, Solve time = 291.452 ms
[mem] after-UEqn: DEVICE_POOL current=22752 MB  actual(reserved)=38146 MB  highWater=28040 MB
[GinkgoSolver] p-cache: reuse(update_matrix_value) solve=12 rebuildInterval=100
config(Cg+Schwarz(Multigrid)):  Solving for p, Initial residual = 0.012312564455662154, Final residual = 0.00012020911691516214, No Iterations 110, Solve time = 3412.548 ms
time step continuity errors : sum local = 2.3610900143938736e-05, global = 6.712275636630199e-07, cumulative = 3.803227536692303e-06
[mem] after-pEqn: DEVICE_POOL current=22752 MB  actual(reserved)=38146 MB  highWater=28040 MB
[GinkgoSolver] p-cache: reuse(update_matrix_value) solve=12 rebuildInterval=0
Schwarz(Jacobi)+Bicgstab:  Solving for omega, Initial residual = 0.00015606121263536226, Final residual = 7.140469259880115e-06, No Iterations 2, Solve time = 88.035 ms
[GinkgoSolver] p-cache: reuse(update_matrix_value) solve=12 rebuildInterval=0
Schwarz(Jacobi)+Bicgstab:  Solving for k, Initial residual = 0.00038761923033702464, Final residual = 2.5730571389796995e-05, No Iterations 2, Solve time = 72.661 ms
[mem] after-turb: DEVICE_POOL current=22752 MB  actual(reserved)=38146 MB  highWater=28040 MB
ExecutionTime = 152.99 s  ClockTime = 154 s

Time = 13
[mem] step-start: DEVICE_POOL current=22752 MB  actual(reserved)=38146 MB  highWater=28040 MB
Schwarz(Jacobi)+Bicgstab:  Solving for Ux, Initial residual = 0.00021590167754394142, Final residual = 9.433383179517603e-06, No Iterations 4, Solve time = 289.022 ms
Schwarz(Jacobi)+Bicgstab:  Solving for Uy, Initial residual = 0.010262728816782337, Final residual = 0.0005806127923307274, No Iterations 4, Solve time = 289.022 ms
Schwarz(Jacobi)+Bicgstab:  Solving for Uz, Initial residual = 0.00229249530488733, Final residual = 0.00010846843653004675, No Iterations 4, Solve time = 289.022 ms
[mem] after-UEqn: DEVICE_POOL current=22752 MB  actual(reserved)=38146 MB  highWater=28040 MB
[GinkgoSolver] p-cache: reuse(update_matrix_value) solve=13 rebuildInterval=100
config(Cg+Schwarz(Multigrid)):  Solving for p, Initial residual = 0.010700710979860138, Final residual = 0.0001043198881105315, No Iterations 106, Solve time = 3297.356 ms
time step continuity errors : sum local = 2.3183130971769425e-05, global = 1.5902321583021623e-06, cumulative = 5.393459694994466e-06
[mem] after-pEqn: DEVICE_POOL current=22752 MB  actual(reserved)=38146 MB  highWater=28040 MB
[GinkgoSolver] p-cache: reuse(update_matrix_value) solve=13 rebuildInterval=0
Schwarz(Jacobi)+Bicgstab:  Solving for omega, Initial residual = 0.00013495708467013714, Final residual = 6.422353918008508e-06, No Iterations 2, Solve time = 85.939 ms
[GinkgoSolver] p-cache: reuse(update_matrix_value) solve=13 rebuildInterval=0
Schwarz(Jacobi)+Bicgstab:  Solving for k, Initial residual = 0.0003677395019537874, Final residual = 2.5889428132286187e-05, No Iterations 2, Solve time = 72.093 ms
[mem] after-turb: DEVICE_POOL current=22752 MB  actual(reserved)=38146 MB  highWater=28040 MB
ExecutionTime = 157.96 s  ClockTime = 159 s

Time = 14
[mem] step-start: DEVICE_POOL current=22752 MB  actual(reserved)=38146 MB  highWater=28040 MB
Schwarz(Jacobi)+Bicgstab:  Solving for Ux, Initial residual = 0.00020557600124697644, Final residual = 1.3205796677138242e-05, No Iterations 4, Solve time = 285.023 ms
Schwarz(Jacobi)+Bicgstab:  Solving for Uy, Initial residual = 0.00926845496525788, Final residual = 0.0012546501036015364, No Iterations 4, Solve time = 285.023 ms
Schwarz(Jacobi)+Bicgstab:  Solving for Uz, Initial residual = 0.0020889093367261044, Final residual = 0.0002292015198735589, No Iterations 4, Solve time = 285.023 ms
[mem] after-UEqn: DEVICE_POOL current=22752 MB  actual(reserved)=38146 MB  highWater=28040 MB
[GinkgoSolver] p-cache: reuse(update_matrix_value) solve=14 rebuildInterval=100
config(Cg+Schwarz(Multigrid)):  Solving for p, Initial residual = 0.009221123486312958, Final residual = 9.204585193718802e-05, No Iterations 102, Solve time = 3171.861 ms
time step continuity errors : sum local = 2.2938557479751157e-05, global = 6.007641769925404e-07, cumulative = 5.994223871987006e-06
[mem] after-pEqn: DEVICE_POOL current=22752 MB  actual(reserved)=38146 MB  highWater=28040 MB
[GinkgoSolver] p-cache: reuse(update_matrix_value) solve=14 rebuildInterval=0
Schwarz(Jacobi)+Bicgstab:  Solving for omega, Initial residual = 0.00012045511117256452, Final residual = 5.8759075659183465e-06, No Iterations 2, Solve time = 85.294 ms
[GinkgoSolver] p-cache: reuse(update_matrix_value) solve=14 rebuildInterval=0
Schwarz(Jacobi)+Bicgstab:  Solving for k, Initial residual = 0.00036023058359540205, Final residual = 2.9103842776875027e-05, No Iterations 2, Solve time = 73.634 ms
[mem] after-turb: DEVICE_POOL current=22752 MB  actual(reserved)=38146 MB  highWater=28040 MB
ExecutionTime = 162.82 s  ClockTime = 163 s

Time = 15
[mem] step-start: DEVICE_POOL current=22752 MB  actual(reserved)=38146 MB  highWater=28040 MB
Schwarz(Jacobi)+Bicgstab:  Solving for Ux, Initial residual = 0.00019760591068255186, Final residual = 1.506987562663283e-05, No Iterations 4, Solve time = 282.996 ms
Schwarz(Jacobi)+Bicgstab:  Solving for Uy, Initial residual = 0.008552889357470237, Final residual = 0.0005077487812919511, No Iterations 4, Solve time = 282.996 ms
Schwarz(Jacobi)+Bicgstab:  Solving for Uz, Initial residual = 0.0019411524804993543, Final residual = 0.00010405434578015618, No Iterations 4, Solve time = 282.996 ms
[mem] after-UEqn: DEVICE_POOL current=22752 MB  actual(reserved)=38146 MB  highWater=28040 MB
[GinkgoSolver] p-cache: reuse(update_matrix_value) solve=15 rebuildInterval=100
config(Cg+Schwarz(Multigrid)):  Solving for p, Initial residual = 0.008196971404639165, Final residual = 8.0760683109641e-05, No Iterations 80, Solve time = 2496.777 ms
time step continuity errors : sum local = 2.1921168703071805e-05, global = -6.712706218879929e-07, cumulative = 5.322953250099013e-06
[mem] after-pEqn: DEVICE_POOL current=22752 MB  actual(reserved)=38146 MB  highWater=28040 MB
[GinkgoSolver] p-cache: reuse(update_matrix_value) solve=15 rebuildInterval=0
Schwarz(Jacobi)+Bicgstab:  Solving for omega, Initial residual = 0.0001097571397884135, Final residual = 5.422946937652503e-06, No Iterations 2, Solve time = 84.824 ms
[GinkgoSolver] p-cache: reuse(update_matrix_value) solve=15 rebuildInterval=0
Schwarz(Jacobi)+Bicgstab:  Solving for k, Initial residual = 0.00035466608318575766, Final residual = 9.498914267875941e-06, No Iterations 3, Solve time = 96.647 ms
[mem] after-turb: DEVICE_POOL current=22752 MB  actual(reserved)=38146 MB  highWater=28040 MB
ExecutionTime = 167.01 s  ClockTime = 168 s

Time = 16
[mem] step-start: DEVICE_POOL current=22752 MB  actual(reserved)=38146 MB  highWater=28040 MB
Schwarz(Jacobi)+Bicgstab:  Solving for Ux, Initial residual = 0.00019013687191615496, Final residual = 7.823025796421585e-06, No Iterations 4, Solve time = 287.048 ms
Schwarz(Jacobi)+Bicgstab:  Solving for Uy, Initial residual = 0.0081416295571089, Final residual = 0.00042556570931100797, No Iterations 4, Solve time = 287.048 ms
Schwarz(Jacobi)+Bicgstab:  Solving for Uz, Initial residual = 0.0018823970454316474, Final residual = 0.00016164584583267856, No Iterations 4, Solve time = 287.048 ms
[mem] after-UEqn: DEVICE_POOL current=22752 MB  actual(reserved)=38146 MB  highWater=28040 MB
[GinkgoSolver] p-cache: reuse(update_matrix_value) solve=16 rebuildInterval=100
config(Cg+Schwarz(Multigrid)):  Solving for p, Initial residual = 0.007643635340100937, Final residual = 7.274522747017928e-05, No Iterations 71, Solve time = 2223.778 ms
time step continuity errors : sum local = 2.0721752519898978e-05, global = -9.60640441197277e-07, cumulative = 4.3623128089017365e-06
[mem] after-pEqn: DEVICE_POOL current=22752 MB  actual(reserved)=38146 MB  highWater=28040 MB
[GinkgoSolver] p-cache: reuse(update_matrix_value) solve=16 rebuildInterval=0
Schwarz(Jacobi)+Bicgstab:  Solving for omega, Initial residual = 0.0001012565499397371, Final residual = 5.1181481321540125e-06, No Iterations 2, Solve time = 75.834 ms
[GinkgoSolver] p-cache: reuse(update_matrix_value) solve=16 rebuildInterval=0
Schwarz(Jacobi)+Bicgstab:  Solving for k, Initial residual = 0.00035202766010328473, Final residual = 2.7380891975765048e-05, No Iterations 2, Solve time = 71.283 ms
[mem] after-turb: DEVICE_POOL current=22752 MB  actual(reserved)=38146 MB  highWater=28040 MB
ExecutionTime = 170.89 s  ClockTime = 172 s

Time = 17
[mem] step-start: DEVICE_POOL current=22752 MB  actual(reserved)=38146 MB  highWater=28040 MB
Schwarz(Jacobi)+Bicgstab:  Solving for Ux, Initial residual = 0.00018356901827457986, Final residual = 6.814908786063087e-06, No Iterations 4, Solve time = 292.621 ms
Schwarz(Jacobi)+Bicgstab:  Solving for Uy, Initial residual = 0.007888473949122796, Final residual = 0.0006070116007507196, No Iterations 4, Solve time = 292.621 ms
Schwarz(Jacobi)+Bicgstab:  Solving for Uz, Initial residual = 0.0018136988184034556, Final residual = 9.251031934263971e-05, No Iterations 4, Solve time = 292.621 ms
[mem] after-UEqn: DEVICE_POOL current=22752 MB  actual(reserved)=38146 MB  highWater=28040 MB
[GinkgoSolver] p-cache: reuse(update_matrix_value) solve=17 rebuildInterval=100
config(Cg+Schwarz(Multigrid)):  Solving for p, Initial residual = 0.00725801889828245, Final residual = 7.231790782790456e-05, No Iterations 69, Solve time = 2161.213 ms
time step continuity errors : sum local = 2.1245690807729858e-05, global = -6.514151153089662e-07, cumulative = 3.71089769359277e-06
[mem] after-pEqn: DEVICE_POOL current=22752 MB  actual(reserved)=38146 MB  highWater=28040 MB
[GinkgoSolver] p-cache: reuse(update_matrix_value) solve=17 rebuildInterval=0
Schwarz(Jacobi)+Bicgstab:  Solving for omega, Initial residual = 9.429992704753062e-05, Final residual = 4.8052832871136875e-06, No Iterations 2, Solve time = 86.846 ms
[GinkgoSolver] p-cache: reuse(update_matrix_value) solve=17 rebuildInterval=0
Schwarz(Jacobi)+Bicgstab:  Solving for k, Initial residual = 0.00035018331462855233, Final residual = 8.386694626617013e-06, No Iterations 3, Solve time = 97.147 ms
[mem] after-turb: DEVICE_POOL current=22752 MB  actual(reserved)=38146 MB  highWater=28040 MB
ExecutionTime = 174.78 s  ClockTime = 175 s

Time = 18
[mem] step-start: DEVICE_POOL current=22752 MB  actual(reserved)=38146 MB  highWater=28040 MB
Schwarz(Jacobi)+Bicgstab:  Solving for Ux, Initial residual = 0.00017587013260220074, Final residual = 6.572294188581373e-06, No Iterations 4, Solve time = 291.086 ms
Schwarz(Jacobi)+Bicgstab:  Solving for Uy, Initial residual = 0.0076048043922274135, Final residual = 0.00031866372562582235, No Iterations 4, Solve time = 291.086 ms
Schwarz(Jacobi)+Bicgstab:  Solving for Uz, Initial residual = 0.0017424306969551656, Final residual = 7.225795918325392e-05, No Iterations 4, Solve time = 291.086 ms
[mem] after-UEqn: DEVICE_POOL current=22752 MB  actual(reserved)=38146 MB  highWater=28040 MB
[GinkgoSolver] p-cache: reuse(update_matrix_value) solve=18 rebuildInterval=100
config(Cg+Schwarz(Multigrid)):  Solving for p, Initial residual = 0.0069866533200658625, Final residual = 6.889059638989053e-05, No Iterations 73, Solve time = 2283.525 ms
time step continuity errors : sum local = 2.062905316924595e-05, global = 3.616354453595603e-07, cumulative = 4.07253313895233e-06
[mem] after-pEqn: DEVICE_POOL current=22752 MB  actual(reserved)=38146 MB  highWater=28040 MB
[GinkgoSolver] p-cache: reuse(update_matrix_value) solve=18 rebuildInterval=0
Schwarz(Jacobi)+Bicgstab:  Solving for omega, Initial residual = 8.81877828358739e-05, Final residual = 4.598277394873209e-06, No Iterations 2, Solve time = 78.405 ms
[GinkgoSolver] p-cache: reuse(update_matrix_value) solve=18 rebuildInterval=0
Schwarz(Jacobi)+Bicgstab:  Solving for k, Initial residual = 0.0003502034071874139, Final residual = 3.2025772590630725e-05, No Iterations 2, Solve time = 73.36 ms
[mem] after-turb: DEVICE_POOL current=22752 MB  actual(reserved)=38146 MB  highWater=28040 MB
ExecutionTime = 178.75 s  ClockTime = 179 s

Time = 19
[mem] step-start: DEVICE_POOL current=22752 MB  actual(reserved)=38146 MB  highWater=28040 MB
Schwarz(Jacobi)+Bicgstab:  Solving for Ux, Initial residual = 0.0001683824539678386, Final residual = 1.3190306392642842e-05, No Iterations 3, Solve time = 239.504 ms
Schwarz(Jacobi)+Bicgstab:  Solving for Uy, Initial residual = 0.00737448206606503, Final residual = 0.0006450060066403553, No Iterations 3, Solve time = 239.504 ms
Schwarz(Jacobi)+Bicgstab:  Solving for Uz, Initial residual = 0.0017001286111029178, Final residual = 0.0001612996873680267, No Iterations 3, Solve time = 239.504 ms
[mem] after-UEqn: DEVICE_POOL current=22752 MB  actual(reserved)=38146 MB  highWater=28040 MB
[GinkgoSolver] p-cache: reuse(update_matrix_value) solve=19 rebuildInterval=100
config(Cg+Schwarz(Multigrid)):  Solving for p, Initial residual = 0.00673931281514037, Final residual = 6.676451255158086e-05, No Iterations 73, Solve time = 2276.988 ms
time step continuity errors : sum local = 2.029758784313256e-05, global = 1.2745640027792128e-06, cumulative = 5.347097141731543e-06
[mem] after-pEqn: DEVICE_POOL current=22752 MB  actual(reserved)=38146 MB  highWater=28040 MB
[GinkgoSolver] p-cache: reuse(update_matrix_value) solve=19 rebuildInterval=0
Schwarz(Jacobi)+Bicgstab:  Solving for omega, Initial residual = 8.316504084711754e-05, Final residual = 4.397770976177032e-06, No Iterations 2, Solve time = 85.704 ms
[GinkgoSolver] p-cache: reuse(update_matrix_value) solve=19 rebuildInterval=0
Schwarz(Jacobi)+Bicgstab:  Solving for k, Initial residual = 0.0003503725115531654, Final residual = 8.61548672460185e-06, No Iterations 3, Solve time = 96.279 ms
[mem] after-turb: DEVICE_POOL current=22752 MB  actual(reserved)=38146 MB  highWater=28040 MB
ExecutionTime = 182.66 s  ClockTime = 183 s

Time = 20
[mem] step-start: DEVICE_POOL current=22752 MB  actual(reserved)=38146 MB  highWater=28040 MB
Schwarz(Jacobi)+Bicgstab:  Solving for Ux, Initial residual = 0.00016272556748644308, Final residual = 6.7198232178156625e-06, No Iterations 4, Solve time = 281.306 ms
Schwarz(Jacobi)+Bicgstab:  Solving for Uy, Initial residual = 0.007276932663408253, Final residual = 0.00042957719252041714, No Iterations 4, Solve time = 281.306 ms
Schwarz(Jacobi)+Bicgstab:  Solving for Uz, Initial residual = 0.0016998097793901852, Final residual = 0.00018013309428939827, No Iterations 4, Solve time = 281.306 ms
[mem] after-UEqn: DEVICE_POOL current=22752 MB  actual(reserved)=38146 MB  highWater=28040 MB
[GinkgoSolver] p-cache: reuse(update_matrix_value) solve=20 rebuildInterval=100
config(Cg+Schwarz(Multigrid)):  Solving for p, Initial residual = 0.006517243198308999, Final residual = 6.37264281798539e-05, No Iterations 72, Solve time = 2252.077 ms
time step continuity errors : sum local = 1.960699183150171e-05, global = 1.7054023356236703e-06, cumulative = 7.052499477355214e-06
[mem] after-pEqn: DEVICE_POOL current=22752 MB  actual(reserved)=38146 MB  highWater=28040 MB
[GinkgoSolver] p-cache: reuse(update_matrix_value) solve=20 rebuildInterval=0
Schwarz(Jacobi)+Bicgstab:  Solving for omega, Initial residual = 7.806098849355297e-05, Final residual = 4.197452741861752e-06, No Iterations 2, Solve time = 87.406 ms
[GinkgoSolver] p-cache: reuse(update_matrix_value) solve=20 rebuildInterval=0
Schwarz(Jacobi)+Bicgstab:  Solving for k, Initial residual = 0.000350594182949946, Final residual = 8.270986671741052e-06, No Iterations 3, Solve time = 96.989 ms
[mem] after-turb: DEVICE_POOL current=22752 MB  actual(reserved)=38146 MB  highWater=28040 MB
ExecutionTime = 186.62 s  ClockTime = 187 s

Time = 21
[mem] step-start: DEVICE_POOL current=22752 MB  actual(reserved)=38146 MB  highWater=28040 MB
Schwarz(Jacobi)+Bicgstab:  Solving for Ux, Initial residual = 0.00015842175170504603, Final residual = 2.0328541999096584e-05, No Iterations 4, Solve time = 295.677 ms
Schwarz(Jacobi)+Bicgstab:  Solving for Uy, Initial residual = 0.007252962809825169, Final residual = 0.00031108445322026545, No Iterations 4, Solve time = 295.677 ms
Schwarz(Jacobi)+Bicgstab:  Solving for Uz, Initial residual = 0.0017227377950577276, Final residual = 7.786080928603272e-05, No Iterations 4, Solve time = 295.677 ms
[mem] after-UEqn: DEVICE_POOL current=22752 MB  actual(reserved)=38146 MB  highWater=28040 MB
[GinkgoSolver] p-cache: reuse(update_matrix_value) solve=21 rebuildInterval=100
config(Cg+Schwarz(Multigrid)):  Solving for p, Initial residual = 0.00631104065278177, Final residual = 6.257270642746962e-05, No Iterations 70, Solve time = 2189.519 ms
time step continuity errors : sum local = 1.946749963185121e-05, global = 1.6695786730030763e-06, cumulative = 8.72207815035829e-06
[mem] after-pEqn: DEVICE_POOL current=22752 MB  actual(reserved)=38146 MB  highWater=28040 MB
[GinkgoSolver] p-cache: reuse(update_matrix_value) solve=21 rebuildInterval=0
Schwarz(Jacobi)+Bicgstab:  Solving for omega, Initial residual = 7.355230184672054e-05, Final residual = 4.006739901551436e-06, No Iterations 2, Solve time = 74.047 ms
[GinkgoSolver] p-cache: reuse(update_matrix_value) solve=21 rebuildInterval=0
Schwarz(Jacobi)+Bicgstab:  Solving for k, Initial residual = 0.00035104368040000944, Final residual = 8.357789425332942e-06, No Iterations 3, Solve time = 97.256 ms
[mem] after-turb: DEVICE_POOL current=22752 MB  actual(reserved)=38146 MB  highWater=28040 MB
ExecutionTime = 190.53 s  ClockTime = 191 s

Time = 22
[mem] step-start: DEVICE_POOL current=22752 MB  actual(reserved)=38146 MB  highWater=28040 MB
Schwarz(Jacobi)+Bicgstab:  Solving for Ux, Initial residual = 0.00015605131264561368, Final residual = 1.0975094852653963e-05, No Iterations 3, Solve time = 237.981 ms
Schwarz(Jacobi)+Bicgstab:  Solving for Uy, Initial residual = 0.007207871742123826, Final residual = 0.0006081857056025192, No Iterations 3, Solve time = 237.981 ms
Schwarz(Jacobi)+Bicgstab:  Solving for Uz, Initial residual = 0.0017445584520994538, Final residual = 0.00015227740017198608, No Iterations 3, Solve time = 237.981 ms
[mem] after-UEqn: DEVICE_POOL current=22752 MB  actual(reserved)=38146 MB  highWater=28040 MB
[GinkgoSolver] p-cache: reuse(update_matrix_value) solve=22 rebuildInterval=100
config(Cg+Schwarz(Multigrid)):  Solving for p, Initial residual = 0.006120781188927804, Final residual = 6.004680326804017e-05, No Iterations 64, Solve time = 2009.219 ms
time step continuity errors : sum local = 1.889322691521032e-05, global = 1.2557637476465292e-06, cumulative = 9.977841898004818e-06
[mem] after-pEqn: DEVICE_POOL current=22752 MB  actual(reserved)=38146 MB  highWater=28040 MB
[GinkgoSolver] p-cache: reuse(update_matrix_value) solve=22 rebuildInterval=0
Schwarz(Jacobi)+Bicgstab:  Solving for omega, Initial residual = 6.971599645388949e-05, Final residual = 3.867071181103758e-06, No Iterations 2, Solve time = 86.827 ms
[GinkgoSolver] p-cache: reuse(update_matrix_value) solve=22 rebuildInterval=0
Schwarz(Jacobi)+Bicgstab:  Solving for k, Initial residual = 0.00035405734148600377, Final residual = 8.566451509762997e-06, No Iterations 3, Solve time = 96.923 ms
[mem] after-turb: DEVICE_POOL current=22752 MB  actual(reserved)=38146 MB  highWater=28040 MB
ExecutionTime = 194.21 s  ClockTime = 195 s

Time = 23
[mem] step-start: DEVICE_POOL current=22752 MB  actual(reserved)=38146 MB  highWater=28040 MB
Schwarz(Jacobi)+Bicgstab:  Solving for Ux, Initial residual = 0.00015397951735356973, Final residual = 1.3092319807071985e-05, No Iterations 3, Solve time = 237.373 ms
Schwarz(Jacobi)+Bicgstab:  Solving for Uy, Initial residual = 0.007109611297536091, Final residual = 0.0005665217634516056, No Iterations 3, Solve time = 237.373 ms
Schwarz(Jacobi)+Bicgstab:  Solving for Uz, Initial residual = 0.0017574216557811075, Final residual = 0.00014461478000297467, No Iterations 3, Solve time = 237.373 ms
[mem] after-UEqn: DEVICE_POOL current=22752 MB  actual(reserved)=38146 MB  highWater=28040 MB
[GinkgoSolver] p-cache: reuse(update_matrix_value) solve=23 rebuildInterval=100
config(Cg+Schwarz(Multigrid)):  Solving for p, Initial residual = 0.005993069758577848, Final residual = 5.908351171259263e-05, No Iterations 36, Solve time = 1151.54 ms
time step continuity errors : sum local = 1.873388009527015e-05, global = 8.086629848425196e-07, cumulative = 1.0786504882847338e-05
[mem] after-pEqn: DEVICE_POOL current=22752 MB  actual(reserved)=38146 MB  highWater=28040 MB
[GinkgoSolver] p-cache: reuse(update_matrix_value) solve=23 rebuildInterval=0
Schwarz(Jacobi)+Bicgstab:  Solving for omega, Initial residual = 6.619360675730523e-05, Final residual = 3.724926831771963e-06, No Iterations 2, Solve time = 84.587 ms
[GinkgoSolver] p-cache: reuse(update_matrix_value) solve=23 rebuildInterval=0
Schwarz(Jacobi)+Bicgstab:  Solving for k, Initial residual = 0.00035641331164378427, Final residual = 8.740964546772232e-06, No Iterations 3, Solve time = 96.514 ms
[mem] after-turb: DEVICE_POOL current=22752 MB  actual(reserved)=38146 MB  highWater=28040 MB
ExecutionTime = 197.01 s  ClockTime = 198 s

Time = 24
[mem] step-start: DEVICE_POOL current=22752 MB  actual(reserved)=38146 MB  highWater=28040 MB
Schwarz(Jacobi)+Bicgstab:  Solving for Ux, Initial residual = 0.000151615234147489, Final residual = 1.0321139566723995e-05, No Iterations 3, Solve time = 238.229 ms
Schwarz(Jacobi)+Bicgstab:  Solving for Uy, Initial residual = 0.006950972560622425, Final residual = 0.0005344315985533647, No Iterations 3, Solve time = 238.229 ms
Schwarz(Jacobi)+Bicgstab:  Solving for Uz, Initial residual = 0.0017547551270640932, Final residual = 0.00013968889688630042, No Iterations 3, Solve time = 238.229 ms
[mem] after-UEqn: DEVICE_POOL current=22752 MB  actual(reserved)=38146 MB  highWater=28040 MB
[GinkgoSolver] p-cache: reuse(update_matrix_value) solve=24 rebuildInterval=100
config(Cg+Schwarz(Multigrid)):  Solving for p, Initial residual = 0.005943553757802356, Final residual = 5.815194655052276e-05, No Iterations 37, Solve time = 1181.753 ms
time step continuity errors : sum local = 1.8358592097656464e-05, global = 9.046316835665584e-07, cumulative = 1.1691136566413897e-05
[mem] after-pEqn: DEVICE_POOL current=22752 MB  actual(reserved)=38146 MB  highWater=28040 MB
[GinkgoSolver] p-cache: reuse(update_matrix_value) solve=24 rebuildInterval=0
Schwarz(Jacobi)+Bicgstab:  Solving for omega, Initial residual = 6.300031199520436e-05, Final residual = 3.584495836847578e-06, No Iterations 2, Solve time = 87.46 ms
[GinkgoSolver] p-cache: reuse(update_matrix_value) solve=24 rebuildInterval=0
Schwarz(Jacobi)+Bicgstab:  Solving for k, Initial residual = 0.0003598398297442831, Final residual = 8.850326967393188e-06, No Iterations 3, Solve time = 96.943 ms
[mem] after-turb: DEVICE_POOL current=22752 MB  actual(reserved)=38146 MB  highWater=28040 MB
ExecutionTime = 199.84 s  ClockTime = 201 s

Time = 25
[mem] step-start: DEVICE_POOL current=22752 MB  actual(reserved)=38146 MB  highWater=28040 MB
Schwarz(Jacobi)+Bicgstab:  Solving for Ux, Initial residual = 0.00014944209308513293, Final residual = 9.619630696900857e-06, No Iterations 3, Solve time = 226.24 ms
Schwarz(Jacobi)+Bicgstab:  Solving for Uy, Initial residual = 0.006778672714463668, Final residual = 0.0005053764464912805, No Iterations 3, Solve time = 226.24 ms
Schwarz(Jacobi)+Bicgstab:  Solving for Uz, Initial residual = 0.0017483911116654973, Final residual = 0.00013770425366857358, No Iterations 3, Solve time = 226.24 ms
[mem] after-UEqn: DEVICE_POOL current=22752 MB  actual(reserved)=38146 MB  highWater=28040 MB
[GinkgoSolver] p-cache: reuse(update_matrix_value) solve=25 rebuildInterval=100
config(Cg+Schwarz(Multigrid)):  Solving for p, Initial residual = 0.005872445706518233, Final residual = 5.856687933785392e-05, No Iterations 37, Solve time = 1183.341 ms
time step continuity errors : sum local = 1.845791486808954e-05, global = 1.0377250439483283e-06, cumulative = 1.2728861610362226e-05
[mem] after-pEqn: DEVICE_POOL current=22752 MB  actual(reserved)=38146 MB  highWater=28040 MB
[GinkgoSolver] p-cache: reuse(update_matrix_value) solve=25 rebuildInterval=0
Schwarz(Jacobi)+Bicgstab:  Solving for omega, Initial residual = 6.015103379206029e-05, Final residual = 3.444253119816127e-06, No Iterations 2, Solve time = 87.443 ms
[GinkgoSolver] p-cache: reuse(update_matrix_value) solve=25 rebuildInterval=0
Schwarz(Jacobi)+Bicgstab:  Solving for k, Initial residual = 0.00036314574687522035, Final residual = 8.992585769653635e-06, No Iterations 3, Solve time = 97.057 ms
[mem] after-turb: DEVICE_POOL current=22752 MB  actual(reserved)=38146 MB  highWater=28040 MB
ExecutionTime = 202.66 s  ClockTime = 203 s

Time = 26
[mem] step-start: DEVICE_POOL current=22752 MB  actual(reserved)=38146 MB  highWater=28040 MB
Schwarz(Jacobi)+Bicgstab:  Solving for Ux, Initial residual = 0.00014709108062543812, Final residual = 1.4498791372031932e-05, No Iterations 3, Solve time = 232.838 ms
Schwarz(Jacobi)+Bicgstab:  Solving for Uy, Initial residual = 0.006623671979046825, Final residual = 0.00048409664278929856, No Iterations 3, Solve time = 232.838 ms
Schwarz(Jacobi)+Bicgstab:  Solving for Uz, Initial residual = 0.001746311611014265, Final residual = 0.0001379197357760903, No Iterations 3, Solve time = 232.838 ms
[mem] after-UEqn: DEVICE_POOL current=22752 MB  actual(reserved)=38146 MB  highWater=28040 MB
[GinkgoSolver] p-cache: reuse(update_matrix_value) solve=26 rebuildInterval=100
config(Cg+Schwarz(Multigrid)):  Solving for p, Initial residual = 0.0057922806749508456, Final residual = 5.7161830929111627e-05, No Iterations 38, Solve time = 1211.425 ms
time step continuity errors : sum local = 1.800710913036964e-05, global = 1.2072306058030004e-06, cumulative = 1.3936092216165226e-05
[mem] after-pEqn: DEVICE_POOL current=22752 MB  actual(reserved)=38146 MB  highWater=28040 MB
[GinkgoSolver] p-cache: reuse(update_matrix_value) solve=26 rebuildInterval=0
Schwarz(Jacobi)+Bicgstab:  Solving for omega, Initial residual = 5.765587492773519e-05, Final residual = 3.3409619693569823e-06, No Iterations 2, Solve time = 86.097 ms
bounding omega, min: -57515.89907583846 max: 45356132.34883736 average: 7144.521115380991
[GinkgoSolver] p-cache: reuse(update_matrix_value) solve=26 rebuildInterval=0
Schwarz(Jacobi)+Bicgstab:  Solving for k, Initial residual = 0.00036716200161179867, Final residual = 9.257307254626462e-06, No Iterations 3, Solve time = 95.36 ms
[mem] after-turb: DEVICE_POOL current=22752 MB  actual(reserved)=38146 MB  highWater=28040 MB
ExecutionTime = 205.51 s  ClockTime = 206 s

Time = 27
[mem] step-start: DEVICE_POOL current=22752 MB  actual(reserved)=38146 MB  highWater=28040 MB
Schwarz(Jacobi)+Bicgstab:  Solving for Ux, Initial residual = 0.0001445582904696753, Final residual = 9.498187140466294e-06, No Iterations 3, Solve time = 235.906 ms
Schwarz(Jacobi)+Bicgstab:  Solving for Uy, Initial residual = 0.0064858009366814, Final residual = 0.00046711441475914524, No Iterations 3, Solve time = 235.906 ms
Schwarz(Jacobi)+Bicgstab:  Solving for Uz, Initial residual = 0.0017488892953884604, Final residual = 0.00013984152264510745, No Iterations 3, Solve time = 235.906 ms
[mem] after-UEqn: DEVICE_POOL current=22752 MB  actual(reserved)=38146 MB  highWater=28040 MB
[GinkgoSolver] p-cache: reuse(update_matrix_value) solve=27 rebuildInterval=100
config(Cg+Schwarz(Multigrid)):  Solving for p, Initial residual = 0.005701740310112265, Final residual = 5.4110029132446085e-05, No Iterations 40, Solve time = 1272.328 ms
time step continuity errors : sum local = 1.7039366080247534e-05, global = 1.3295421888508544e-06, cumulative = 1.526563440501608e-05
[mem] after-pEqn: DEVICE_POOL current=22752 MB  actual(reserved)=38146 MB  highWater=28040 MB
[GinkgoSolver] p-cache: reuse(update_matrix_value) solve=27 rebuildInterval=0
Schwarz(Jacobi)+Bicgstab:  Solving for omega, Initial residual = 5.541370880891253e-05, Final residual = 3.2469230530638606e-06, No Iterations 2, Solve time = 87.396 ms
[GinkgoSolver] p-cache: reuse(update_matrix_value) solve=27 rebuildInterval=0
Schwarz(Jacobi)+Bicgstab:  Solving for k, Initial residual = 0.0003721005218433872, Final residual = 9.803287492499209e-06, No Iterations 3, Solve time = 96.634 ms
[mem] after-turb: DEVICE_POOL current=22752 MB  actual(reserved)=38146 MB  highWater=28040 MB
ExecutionTime = 208.43 s  ClockTime = 209 s

Time = 28
[mem] step-start: DEVICE_POOL current=22752 MB  actual(reserved)=38146 MB  highWater=28040 MB
Schwarz(Jacobi)+Bicgstab:  Solving for Ux, Initial residual = 0.0001422318445940021, Final residual = 1.2691071815166153e-05, No Iterations 3, Solve time = 228.837 ms
Schwarz(Jacobi)+Bicgstab:  Solving for Uy, Initial residual = 0.006357811777520472, Final residual = 0.00045663446362201673, No Iterations 3, Solve time = 228.837 ms
Schwarz(Jacobi)+Bicgstab:  Solving for Uz, Initial residual = 0.0017530601852318909, Final residual = 0.00014024454692694572, No Iterations 3, Solve time = 228.837 ms
[mem] after-UEqn: DEVICE_POOL current=22752 MB  actual(reserved)=38146 MB  highWater=28040 MB
[GinkgoSolver] p-cache: reuse(update_matrix_value) solve=28 rebuildInterval=100
config(Cg+Schwarz(Multigrid)):  Solving for p, Initial residual = 0.005628225367242445, Final residual = 5.435485358516113e-05, No Iterations 42, Solve time = 1334.912 ms
time step continuity errors : sum local = 1.7081727324823125e-05, global = 1.2295266090949284e-06, cumulative = 1.6495161014111007e-05
[mem] after-pEqn: DEVICE_POOL current=22752 MB  actual(reserved)=38146 MB  highWater=28040 MB
[GinkgoSolver] p-cache: reuse(update_matrix_value) solve=28 rebuildInterval=0
Schwarz(Jacobi)+Bicgstab:  Solving for omega, Initial residual = 5.3444386513607306e-05, Final residual = 3.165145565667767e-06, No Iterations 2, Solve time = 87.981 ms
bounding omega, min: -34.18136695730063 max: 45356031.61360216 average: 7191.990436236806
[GinkgoSolver] p-cache: reuse(update_matrix_value) solve=28 rebuildInterval=0
Schwarz(Jacobi)+Bicgstab:  Solving for k, Initial residual = 0.0003768474422075021, Final residual = 9.680222253499005e-06, No Iterations 3, Solve time = 96.887 ms
[mem] after-turb: DEVICE_POOL current=22752 MB  actual(reserved)=38146 MB  highWater=28040 MB
ExecutionTime = 211.41 s  ClockTime = 212 s

Time = 29
[mem] step-start: DEVICE_POOL current=22752 MB  actual(reserved)=38146 MB  highWater=28040 MB
Schwarz(Jacobi)+Bicgstab:  Solving for Ux, Initial residual = 0.00013961350047474497, Final residual = 1.0397677995096067e-05, No Iterations 3, Solve time = 230.106 ms
Schwarz(Jacobi)+Bicgstab:  Solving for Uy, Initial residual = 0.006242934217699581, Final residual = 0.00044679630103318504, No Iterations 3, Solve time = 230.106 ms
Schwarz(Jacobi)+Bicgstab:  Solving for Uz, Initial residual = 0.0017564636659013649, Final residual = 0.0001388919413458063, No Iterations 3, Solve time = 230.106 ms
[mem] after-UEqn: DEVICE_POOL current=22752 MB  actual(reserved)=38146 MB  highWater=28040 MB
[GinkgoSolver] p-cache: reuse(update_matrix_value) solve=29 rebuildInterval=100
config(Cg+Schwarz(Multigrid)):  Solving for p, Initial residual = 0.00556572200272801, Final residual = 5.3605049156598143e-05, No Iterations 58, Solve time = 1822.625 ms
time step continuity errors : sum local = 1.675480662318101e-05, global = -4.274759193399746e-07, cumulative = 1.6067685094771034e-05
[mem] after-pEqn: DEVICE_POOL current=22752 MB  actual(reserved)=38146 MB  highWater=28040 MB
[GinkgoSolver] p-cache: reuse(update_matrix_value) solve=29 rebuildInterval=0
Schwarz(Jacobi)+Bicgstab:  Solving for omega, Initial residual = 5.186309911765473e-05, Final residual = 3.107637691205478e-06, No Iterations 2, Solve time = 87.556 ms
[GinkgoSolver] p-cache: reuse(update_matrix_value) solve=29 rebuildInterval=0
Schwarz(Jacobi)+Bicgstab:  Solving for k, Initial residual = 0.00038316536160775696, Final residual = 9.880644625956935e-06, No Iterations 3, Solve time = 97.425 ms
[mem] after-turb: DEVICE_POOL current=22752 MB  actual(reserved)=38146 MB  highWater=28040 MB
ExecutionTime = 214.89 s  ClockTime = 216 s

Time = 30
[mem] step-start: DEVICE_POOL current=22752 MB  actual(reserved)=38146 MB  highWater=28040 MB
Schwarz(Jacobi)+Bicgstab:  Solving for Ux, Initial residual = 0.00013695559921341963, Final residual = 5.356728291272027e-06, No Iterations 4, Solve time = 294.821 ms
Schwarz(Jacobi)+Bicgstab:  Solving for Uy, Initial residual = 0.006158037277804757, Final residual = 0.0005810805321051637, No Iterations 4, Solve time = 294.821 ms
Schwarz(Jacobi)+Bicgstab:  Solving for Uz, Initial residual = 0.0017586162428406596, Final residual = 6.57761821978951e-05, No Iterations 4, Solve time = 294.821 ms
[mem] after-UEqn: DEVICE_POOL current=22752 MB  actual(reserved)=38146 MB  highWater=28040 MB
[GinkgoSolver] p-cache: reuse(update_matrix_value) solve=30 rebuildInterval=100
config(Cg+Schwarz(Multigrid)):  Solving for p, Initial residual = 0.005560683711857322, Final residual = 5.432847545994064e-05, No Iterations 62, Solve time = 1947.37 ms
time step continuity errors : sum local = 1.668892058285606e-05, global = -1.2929157580554984e-06, cumulative = 1.4774769336715535e-05
[mem] after-pEqn: DEVICE_POOL current=22752 MB  actual(reserved)=38146 MB  highWater=28040 MB
[GinkgoSolver] p-cache: reuse(update_matrix_value) solve=30 rebuildInterval=0
Schwarz(Jacobi)+Bicgstab:  Solving for omega, Initial residual = 5.081473716230659e-05, Final residual = 3.056419297575512e-06, No Iterations 2, Solve time = 86.834 ms
bounding omega, min: -87.06651363402983 max: 45356085.79725234 average: 7233.221700955368
[GinkgoSolver] p-cache: reuse(update_matrix_value) solve=30 rebuildInterval=0
Schwarz(Jacobi)+Bicgstab:  Solving for k, Initial residual = 0.0003908160641616811, Final residual = 1.0217199875033918e-05, No Iterations 3, Solve time = 95.399 ms
[mem] after-turb: DEVICE_POOL current=22752 MB  actual(reserved)=38146 MB  highWater=28040 MB
Writing p
Writing U
Writing turbulence variables
ExecutionTime = 219.33 s  ClockTime = 221 s

Finalizing NeoN
Finalising parallel run
