/*---------------------------------------------------------------------------*\
| =========                 |                                                 |
| \\      /  F ield         | OpenFOAM: The Open Source CFD Toolbox           |
|  \\    /   O peration     | Version:  2506                                  |
|   \\  /    A nd           | Website:  www.openfoam.com                      |
|    \\/     M anipulation  |                                                 |
\*---------------------------------------------------------------------------*/
Build  : b050cd9480-20250814 OPENFOAM=2506 version=v2506
Arch   : "LSB;label=32;scalar=64"
Exec   : /storage/home/greole/code/NeoFOAM/build/profilingnvidia_h200/bin/neoSimpleFoam -parallel
Date   : Jul 01 2026
Time   : 19:44:56
Host   : gpu-nvidia-h200-3.int.coma-cluster.de
PID    : 2173088
I/O    : uncollated
Case   : /storage/home/greole/code/NeoFOAM/occDrivAerStaticMesh
nProcs : 4
Hosts  :
(
    (gpu-nvidia-h200-3.int.coma-cluster.de 4)
)
Pstream initialized with:
    node communication : off [type=host] (4 ranks, 1 nodes)
    topology controls  : none
    consensus exchange : 0 (tuning: 0)
    exchange algorithm : 0
    commsType          : nonBlocking
    polling iterations : 0
trapFpe: Floating point exception trapping enabled (FOAM_SIGFPE).
fileModificationChecking : Monitoring run-time modified files using timeStampMaster (fileModificationSkew 5, maxFileModificationPolls 20)
allowSystemOperations : Allowing user-supplied system call operations

// * * * * * * * * * * * * * * * * * * * * * * * * * * * * * * * * * * * * * //
Create time

Initializing NeoN
Creating Executor GPU
Creating NeoFOAM runTime

SIMPLE: no convergence criteria found. Calculations will run for 30 steps.

Reading field p

Reading field U

Reading/calculating face flux field phi

Selecting incompressible transport model Newtonian
NeoFOAM solver config (from fvSolution configFile) for 'config(Cg+Schwarz(Multigrid))':
{
    cacheSolver: true
    configFile: <NeoN::TokenList>
    l1ScaledResidual: true
    preconditionerRebuildInterval: 100
    relTol: 0.010000
    reportName: config(Cg+Schwarz(Multigrid))
    solver: Ginkgo
    tolerance: 0.000000
}
    effective optimize: false
    effective checkFrequency: 1
Mapping OpenFOAM solver settings to NeoN settings.
Currently, it is advisable to specify a configFile
for fine grained Ginkgo solver control

Replacing solver PBiCGStab by solver::Bicgstab
Replacing preconditioner diagonal by preconditioner::Schwarz (Schwarz-wrapped for distributed run)
NeoFOAM solver config (mapped from fvSolution) for 'Schwarz(Jacobi)+Bicgstab':
{
    cacheSolver: true
    criteria: {
        absolute_residual_norm: 0.000000
        initial_residual_norm: 0.100000
        iteration: 1000
    }
    l1ScaledResidual: true
    optimize: true
    preconditioner: {
        local_solver: {
            max_block_size: 1
            type: preconditioner::Jacobi
        }
        type: preconditioner::Schwarz
    }
    reportName: Schwarz(Jacobi)+Bicgstab
    solver: Ginkgo
    type: solver::Bicgstab
}
    effective optimize: true
    effective checkFrequency: 1
Creating phi

[NF][/storage/home/greole/code/NeoFOAM/include/NeoFOAM/auxiliary/readers.hpp::434]: Internal: 49320882, Boundary: 1762558

[NF][/storage/home/greole/code/NeoFOAM/include/NeoFOAM/auxiliary/readers.hpp::434]: Internal: 49333487, Boundary: 1754396

[NF][/storage/home/greole/code/NeoFOAM/include/NeoFOAM/auxiliary/readers.hpp::434]: Internal: 49261542, Boundary: 1427829

[NF][/storage/home/greole/code/NeoFOAM/include/NeoFOAM/auxiliary/readers.hpp::434]: Internal: 49243125, Boundary: 1362247
Selecting patchDistMethod meshWave
Mapping OpenFOAM solver settings to NeoN settings.
Currently, it is advisable to specify a configFile
for fine grained Ginkgo solver control

Replacing solver PBiCGStab by solver::Bicgstab
Replacing preconditioner diagonal by preconditioner::Schwarz (Schwarz-wrapped for distributed run)
NeoFOAM solver config (mapped from fvSolution) for 'Schwarz(Jacobi)+Bicgstab':
{
    cacheSolver: true
    criteria: {
        absolute_residual_norm: 0.000000
        initial_residual_norm: 0.100000
        iteration: 1000
    }
    l1ScaledResidual: true
    optimize: true
    preconditioner: {
        local_solver: {
            max_block_size: 1
            type: preconditioner::Jacobi
        }
        type: preconditioner::Schwarz
    }
    reportName: Schwarz(Jacobi)+Bicgstab
    solver: Ginkgo
    type: solver::Bicgstab
}
    effective optimize: true
    effective checkFrequency: 1
Mapping OpenFOAM solver settings to NeoN settings.
Currently, it is advisable to specify a configFile
for fine grained Ginkgo solver control

Replacing solver PBiCGStab by solver::Bicgstab
Replacing preconditioner diagonal by preconditioner::Schwarz (Schwarz-wrapped for distributed run)
NeoFOAM solver config (mapped from fvSolution) for 'Schwarz(Jacobi)+Bicgstab':
{
    cacheSolver: true
    criteria: {
        absolute_residual_norm: 0.000000
        initial_residual_norm: 0.100000
        iteration: 1000
    }
    l1ScaledResidual: true
    optimize: true
    preconditioner: {
        local_solver: {
            max_block_size: 1
            type: preconditioner::Jacobi
        }
        type: preconditioner::Schwarz
    }
    reportName: Schwarz(Jacobi)+Bicgstab
    solver: Ginkgo
    type: solver::Bicgstab
}
    effective optimize: true
    effective checkFrequency: 1
Starting time loop
Time = 1
[mem] step-start: DEVICE_POOL current=16605 MB  actual(reserved)=38146 MB  highWater=19132 MB
Schwarz(Jacobi)+Bicgstab:  Solving for Ux, Initial residual = 0.0019488956619707553, Final residual = 0.00023894144922256345, No Iterations 3, Solve time = 249.192 ms
Schwarz(Jacobi)+Bicgstab:  Solving for Uy, Initial residual = 0.16486889729307716, Final residual = 0.008211417725346403, No Iterations 3, Solve time = 249.192 ms
Schwarz(Jacobi)+Bicgstab:  Solving for Uz, Initial residual = 0.1047839942030142, Final residual = 0.0049881304163377415, No Iterations 3, Solve time = 249.192 ms
[mem] after-UEqn: DEVICE_POOL current=19099 MB  actual(reserved)=38146 MB  highWater=24387 MB
[GinkgoSolver] p-cache: rebuild(generate) solve=1 rebuildInterval=100
config(Cg+Schwarz(Multigrid)):  Solving for p, Initial residual = 1, Final residual = 0.009998930316088365, No Iterations 122, Solve time = 4186.402 ms
time step continuity errors : sum local = 6.677412401143972e-05, global = 3.2596400965601643e-06, cumulative = 3.2596400965601643e-06
[mem] after-pEqn: DEVICE_POOL current=20567 MB  actual(reserved)=38146 MB  highWater=24387 MB
[GinkgoSolver] p-cache: rebuild(generate) solve=1 rebuildInterval=0
Schwarz(Jacobi)+Bicgstab:  Solving for omega, Initial residual = 0.9999999999999997, Final residual = 0.0307477857702779, No Iterations 1, Solve time = 51.914 ms
bounding omega, min: -52.86743416349748 max: 46109485.04185784 average: 2443.1834182526522
[GinkgoSolver] p-cache: rebuild(generate) solve=1 rebuildInterval=0
Schwarz(Jacobi)+Bicgstab:  Solving for k, Initial residual = 0.9999999999999735, Final residual = 0.043859886526123965, No Iterations 1, Solve time = 54.833 ms
[mem] after-turb: DEVICE_POOL current=22752 MB  actual(reserved)=38146 MB  highWater=24811 MB
ExecutionTime = 91.43000000000001 s  ClockTime = 92 s

Time = 2
[mem] step-start: DEVICE_POOL current=22752 MB  actual(reserved)=38146 MB  highWater=24811 MB
Schwarz(Jacobi)+Bicgstab:  Solving for Ux, Initial residual = 0.0012925248499609662, Final residual = 5.920141333225311e-05, No Iterations 5, Solve time = 341.109 ms
Schwarz(Jacobi)+Bicgstab:  Solving for Uy, Initial residual = 0.06545505652512257, Final residual = 0.002983202987359362, No Iterations 5, Solve time = 341.109 ms
Schwarz(Jacobi)+Bicgstab:  Solving for Uz, Initial residual = 0.040838587987266785, Final residual = 0.0009088122900681362, No Iterations 5, Solve time = 341.109 ms
[mem] after-UEqn: DEVICE_POOL current=22752 MB  actual(reserved)=38146 MB  highWater=28040 MB
[GinkgoSolver] p-cache: reuse(update_matrix_value) solve=2 rebuildInterval=100
config(Cg+Schwarz(Multigrid)):  Solving for p, Initial residual = 0.04021881439089575, Final residual = 0.00040097991027643955, No Iterations 132, Solve time = 3995.583 ms
time step continuity errors : sum local = 4.261524022708395e-05, global = 2.2306900855090956e-06, cumulative = 5.49033018206926e-06
[mem] after-pEqn: DEVICE_POOL current=22752 MB  actual(reserved)=38146 MB  highWater=28040 MB
[GinkgoSolver] p-cache: reuse(update_matrix_value) solve=2 rebuildInterval=0
Schwarz(Jacobi)+Bicgstab:  Solving for omega, Initial residual = 0.008194653457463397, Final residual = 0.00047800085842006714, No Iterations 1, Solve time = 61.798 ms
bounding omega, min: -1318.8539002323496 max: 45305779.48282748 average: 2705.6213068586144
[GinkgoSolver] p-cache: reuse(update_matrix_value) solve=2 rebuildInterval=0
Schwarz(Jacobi)+Bicgstab:  Solving for k, Initial residual = 0.07500400550876676, Final residual = 0.004455115929871708, No Iterations 1, Solve time = 51.061 ms
[mem] after-turb: DEVICE_POOL current=22752 MB  actual(reserved)=38146 MB  highWater=28040 MB
ExecutionTime = 97.12 s  ClockTime = 98 s

Time = 3
[mem] step-start: DEVICE_POOL current=22752 MB  actual(reserved)=38146 MB  highWater=28040 MB
Schwarz(Jacobi)+Bicgstab:  Solving for Ux, Initial residual = 0.0008105837054675489, Final residual = 4.785422889277211e-05, No Iterations 6, Solve time = 405.404 ms
Schwarz(Jacobi)+Bicgstab:  Solving for Uy, Initial residual = 0.03251266754807969, Final residual = 0.000634968747022092, No Iterations 6, Solve time = 405.404 ms
Schwarz(Jacobi)+Bicgstab:  Solving for Uz, Initial residual = 0.018196366574833513, Final residual = 0.00026755727300883865, No Iterations 6, Solve time = 405.404 ms
[mem] after-UEqn: DEVICE_POOL current=22752 MB  actual(reserved)=38146 MB  highWater=28040 MB
[GinkgoSolver] p-cache: reuse(update_matrix_value) solve=3 rebuildInterval=100
config(Cg+Schwarz(Multigrid)):  Solving for p, Initial residual = 0.017865898958248236, Final residual = 0.00017261428437654634, No Iterations 121, Solve time = 3662.318 ms
time step continuity errors : sum local = 3.360843453274172e-05, global = -1.4512250497291822e-06, cumulative = 4.039105132340078e-06
[mem] after-pEqn: DEVICE_POOL current=22752 MB  actual(reserved)=38146 MB  highWater=28040 MB
[GinkgoSolver] p-cache: reuse(update_matrix_value) solve=3 rebuildInterval=0
Schwarz(Jacobi)+Bicgstab:  Solving for omega, Initial residual = 0.0035207593713131413, Final residual = 0.0002899380556240131, No Iterations 1, Solve time = 61.728 ms
bounding omega, min: -11.965317322626635 max: 45385838.85435261 average: 3322.170029232129
[GinkgoSolver] p-cache: reuse(update_matrix_value) solve=3 rebuildInterval=0
Schwarz(Jacobi)+Bicgstab:  Solving for k, Initial residual = 0.013997285679306592, Final residual = 0.001005341574863046, No Iterations 1, Solve time = 49.676 ms
[mem] after-turb: DEVICE_POOL current=22752 MB  actual(reserved)=38146 MB  highWater=28040 MB
ExecutionTime = 102.5 s  ClockTime = 103 s

Time = 4
[mem] step-start: DEVICE_POOL current=22752 MB  actual(reserved)=38146 MB  highWater=28040 MB
Schwarz(Jacobi)+Bicgstab:  Solving for Ux, Initial residual = 0.0005582192367449124, Final residual = 4.702912936561342e-05, No Iterations 4, Solve time = 295.07 ms
Schwarz(Jacobi)+Bicgstab:  Solving for Uy, Initial residual = 0.020224291015156513, Final residual = 0.002668063390630309, No Iterations 4, Solve time = 295.07 ms
Schwarz(Jacobi)+Bicgstab:  Solving for Uz, Initial residual = 0.010487364499444143, Final residual = 0.0007743251042963, No Iterations 4, Solve time = 295.07 ms
[mem] after-UEqn: DEVICE_POOL current=22752 MB  actual(reserved)=38146 MB  highWater=28040 MB
[GinkgoSolver] p-cache: reuse(update_matrix_value) solve=4 rebuildInterval=100
config(Cg+Schwarz(Multigrid)):  Solving for p, Initial residual = 0.012476552378720085, Final residual = 0.0001244625315860014, No Iterations 133, Solve time = 4014.669 ms
time step continuity errors : sum local = 3.201135346580295e-05, global = 1.9523511792231065e-06, cumulative = 5.991456311563185e-06
[mem] after-pEqn: DEVICE_POOL current=22752 MB  actual(reserved)=38146 MB  highWater=28040 MB
[GinkgoSolver] p-cache: reuse(update_matrix_value) solve=4 rebuildInterval=0
Schwarz(Jacobi)+Bicgstab:  Solving for omega, Initial residual = 0.0017242781843813033, Final residual = 4.8310940815028046e-05, No Iterations 2, Solve time = 85.364 ms
[GinkgoSolver] p-cache: reuse(update_matrix_value) solve=4 rebuildInterval=0
Schwarz(Jacobi)+Bicgstab:  Solving for k, Initial residual = 0.00464082284947069, Final residual = 0.0003933598835100224, No Iterations 1, Solve time = 49.841 ms
[mem] after-turb: DEVICE_POOL current=22752 MB  actual(reserved)=38146 MB  highWater=28040 MB
ExecutionTime = 108.17 s  ClockTime = 109 s

Time = 5
[mem] step-start: DEVICE_POOL current=22752 MB  actual(reserved)=38146 MB  highWater=28040 MB
Schwarz(Jacobi)+Bicgstab:  Solving for Ux, Initial residual = 0.00048275419681833285, Final residual = 3.74161871258638e-05, No Iterations 4, Solve time = 294.126 ms
Schwarz(Jacobi)+Bicgstab:  Solving for Uy, Initial residual = 0.018526422997072516, Final residual = 0.0011835491844484033, No Iterations 4, Solve time = 294.126 ms
Schwarz(Jacobi)+Bicgstab:  Solving for Uz, Initial residual = 0.008323776156426857, Final residual = 0.0008099146024072924, No Iterations 4, Solve time = 294.126 ms
[mem] after-UEqn: DEVICE_POOL current=22752 MB  actual(reserved)=38146 MB  highWater=28040 MB
[GinkgoSolver] p-cache: reuse(update_matrix_value) solve=5 rebuildInterval=100
config(Cg+Schwarz(Multigrid)):  Solving for p, Initial residual = 0.010580660995145444, Final residual = 0.00010543566356050584, No Iterations 130, Solve time = 3935.56 ms
time step continuity errors : sum local = 2.991098821473279e-05, global = 2.4954581208080103e-06, cumulative = 8.486914432371195e-06
[mem] after-pEqn: DEVICE_POOL current=22752 MB  actual(reserved)=38146 MB  highWater=28040 MB
[GinkgoSolver] p-cache: reuse(update_matrix_value) solve=5 rebuildInterval=0
Schwarz(Jacobi)+Bicgstab:  Solving for omega, Initial residual = 0.0009944381920904196, Final residual = 9.813489334407191e-05, No Iterations 1, Solve time = 57.643 ms
[GinkgoSolver] p-cache: reuse(update_matrix_value) solve=5 rebuildInterval=0
Schwarz(Jacobi)+Bicgstab:  Solving for k, Initial residual = 0.0023564989179945626, Final residual = 0.00022365149623159778, No Iterations 1, Solve time = 51.012 ms
[mem] after-turb: DEVICE_POOL current=22752 MB  actual(reserved)=38146 MB  highWater=28040 MB
ExecutionTime = 113.72 s  ClockTime = 114 s

Time = 6
[mem] step-start: DEVICE_POOL current=22752 MB  actual(reserved)=38146 MB  highWater=28040 MB
Schwarz(Jacobi)+Bicgstab:  Solving for Ux, Initial residual = 0.00043592955235090535, Final residual = 2.6349369638973972e-05, No Iterations 5, Solve time = 366.549 ms
Schwarz(Jacobi)+Bicgstab:  Solving for Uy, Initial residual = 0.01797043433291534, Final residual = 0.001575899920039324, No Iterations 5, Solve time = 366.549 ms
Schwarz(Jacobi)+Bicgstab:  Solving for Uz, Initial residual = 0.006738172610768085, Final residual = 0.0005121477841942076, No Iterations 5, Solve time = 366.549 ms
[mem] after-UEqn: DEVICE_POOL current=22752 MB  actual(reserved)=38146 MB  highWater=28040 MB
[GinkgoSolver] p-cache: reuse(update_matrix_value) solve=6 rebuildInterval=100
config(Cg+Schwarz(Multigrid)):  Solving for p, Initial residual = 0.011138593422709711, Final residual = 0.00010988507528861506, No Iterations 122, Solve time = 3697.051 ms
time step continuity errors : sum local = 3.0495132748692052e-05, global = 5.680321565452475e-07, cumulative = 9.054946588916443e-06
[mem] after-pEqn: DEVICE_POOL current=22752 MB  actual(reserved)=38146 MB  highWater=28040 MB
[GinkgoSolver] p-cache: reuse(update_matrix_value) solve=6 rebuildInterval=0
Schwarz(Jacobi)+Bicgstab:  Solving for omega, Initial residual = 0.0006247361046097973, Final residual = 2.430728713696149e-05, No Iterations 2, Solve time = 86.163 ms
[GinkgoSolver] p-cache: reuse(update_matrix_value) solve=6 rebuildInterval=0
Schwarz(Jacobi)+Bicgstab:  Solving for k, Initial residual = 0.0016242671821248623, Final residual = 0.00015488675529592733, No Iterations 1, Solve time = 48.367 ms
[mem] after-turb: DEVICE_POOL current=22752 MB  actual(reserved)=38146 MB  highWater=28040 MB
ExecutionTime = 119.14 s  ClockTime = 120 s

Time = 7
[mem] step-start: DEVICE_POOL current=22752 MB  actual(reserved)=38146 MB  highWater=28040 MB
Schwarz(Jacobi)+Bicgstab:  Solving for Ux, Initial residual = 0.00037590308016860024, Final residual = 2.3459101217987307e-05, No Iterations 5, Solve time = 348.669 ms
Schwarz(Jacobi)+Bicgstab:  Solving for Uy, Initial residual = 0.015252104079835405, Final residual = 0.0011582164036346616, No Iterations 5, Solve time = 348.669 ms
Schwarz(Jacobi)+Bicgstab:  Solving for Uz, Initial residual = 0.005140177813287103, Final residual = 0.0002779300169134895, No Iterations 5, Solve time = 348.669 ms
[mem] after-UEqn: DEVICE_POOL current=22752 MB  actual(reserved)=38146 MB  highWater=28040 MB
[GinkgoSolver] p-cache: reuse(update_matrix_value) solve=7 rebuildInterval=100
config(Cg+Schwarz(Multigrid)):  Solving for p, Initial residual = 0.012109142061813006, Final residual = 0.00011970300991619928, No Iterations 116, Solve time = 3513.859 ms
time step continuity errors : sum local = 2.998851363772766e-05, global = -1.4057323497149448e-06, cumulative = 7.649214239201497e-06
[mem] after-pEqn: DEVICE_POOL current=22752 MB  actual(reserved)=38146 MB  highWater=28040 MB
[GinkgoSolver] p-cache: reuse(update_matrix_value) solve=7 rebuildInterval=0
Schwarz(Jacobi)+Bicgstab:  Solving for omega, Initial residual = 0.0004898339791898002, Final residual = 1.522860767203696e-05, No Iterations 2, Solve time = 83.347 ms
[GinkgoSolver] p-cache: reuse(update_matrix_value) solve=7 rebuildInterval=0
Schwarz(Jacobi)+Bicgstab:  Solving for k, Initial residual = 0.0011596824735722647, Final residual = 2.410830380194204e-05, No Iterations 3, Solve time = 98.604 ms
[mem] after-turb: DEVICE_POOL current=22752 MB  actual(reserved)=38146 MB  highWater=28040 MB
ExecutionTime = 124.4 s  ClockTime = 125 s

Time = 8
[mem] step-start: DEVICE_POOL current=22752 MB  actual(reserved)=38146 MB  highWater=28040 MB
Schwarz(Jacobi)+Bicgstab:  Solving for Ux, Initial residual = 0.0003166336472878623, Final residual = 2.4914324161965763e-05, No Iterations 5, Solve time = 344.465 ms
Schwarz(Jacobi)+Bicgstab:  Solving for Uy, Initial residual = 0.01137494535420282, Final residual = 0.0002959300577986965, No Iterations 5, Solve time = 344.465 ms
Schwarz(Jacobi)+Bicgstab:  Solving for Uz, Initial residual = 0.003610643555543987, Final residual = 0.00019668548273532103, No Iterations 5, Solve time = 344.465 ms
[mem] after-UEqn: DEVICE_POOL current=22752 MB  actual(reserved)=38146 MB  highWater=28040 MB
[GinkgoSolver] p-cache: reuse(update_matrix_value) solve=8 rebuildInterval=100
config(Cg+Schwarz(Multigrid)):  Solving for p, Initial residual = 0.013082798622422611, Final residual = 0.00012702246676793387, No Iterations 108, Solve time = 3280.056 ms
time step continuity errors : sum local = 2.7567232528581194e-05, global = 8.160286283046632e-07, cumulative = 8.46524286750616e-06
[mem] after-pEqn: DEVICE_POOL current=22752 MB  actual(reserved)=38146 MB  highWater=28040 MB
[GinkgoSolver] p-cache: reuse(update_matrix_value) solve=8 rebuildInterval=0
Schwarz(Jacobi)+Bicgstab:  Solving for omega, Initial residual = 0.0003596252430053347, Final residual = 1.2434465867718976e-05, No Iterations 2, Solve time = 86.246 ms
[GinkgoSolver] p-cache: reuse(update_matrix_value) solve=8 rebuildInterval=0
Schwarz(Jacobi)+Bicgstab:  Solving for k, Initial residual = 0.00086545509491944, Final residual = 5.244931471773657e-05, No Iterations 2, Solve time = 72.473 ms
[mem] after-turb: DEVICE_POOL current=22752 MB  actual(reserved)=38146 MB  highWater=28040 MB
ExecutionTime = 129.41 s  ClockTime = 130 s

Time = 9
[mem] step-start: DEVICE_POOL current=22752 MB  actual(reserved)=38146 MB  highWater=28040 MB
Schwarz(Jacobi)+Bicgstab:  Solving for Ux, Initial residual = 0.0002736084365411431, Final residual = 7.3020063435358334e-06, No Iterations 5, Solve time = 345.976 ms
Schwarz(Jacobi)+Bicgstab:  Solving for Uy, Initial residual = 0.009186302912854001, Final residual = 0.00044418898329757497, No Iterations 5, Solve time = 345.976 ms
Schwarz(Jacobi)+Bicgstab:  Solving for Uz, Initial residual = 0.0026272741547085283, Final residual = 0.0001541364120156753, No Iterations 5, Solve time = 345.976 ms
[mem] after-UEqn: DEVICE_POOL current=22752 MB  actual(reserved)=38146 MB  highWater=28040 MB
[GinkgoSolver] p-cache: reuse(update_matrix_value) solve=9 rebuildInterval=100
config(Cg+Schwarz(Multigrid)):  Solving for p, Initial residual = 0.013773496457938308, Final residual = 0.00013195807078117224, No Iterations 113, Solve time = 3424.426 ms
time step continuity errors : sum local = 2.4913331911379332e-05, global = 1.0083122402911702e-06, cumulative = 9.47355510779733e-06
[mem] after-pEqn: DEVICE_POOL current=22752 MB  actual(reserved)=38146 MB  highWater=28040 MB
[GinkgoSolver] p-cache: reuse(update_matrix_value) solve=9 rebuildInterval=0
Schwarz(Jacobi)+Bicgstab:  Solving for omega, Initial residual = 0.00027805483197745017, Final residual = 1.0631707541357748e-05, No Iterations 2, Solve time = 86.513 ms
[GinkgoSolver] p-cache: reuse(update_matrix_value) solve=9 rebuildInterval=0
Schwarz(Jacobi)+Bicgstab:  Solving for k, Initial residual = 0.0006654480763461651, Final residual = 3.885119877628777e-05, No Iterations 2, Solve time = 72.81 ms
[mem] after-turb: DEVICE_POOL current=22752 MB  actual(reserved)=38146 MB  highWater=28040 MB
ExecutionTime = 134.54 s  ClockTime = 135 s

Time = 10
[mem] step-start: DEVICE_POOL current=22752 MB  actual(reserved)=38146 MB  highWater=28040 MB
Schwarz(Jacobi)+Bicgstab:  Solving for Ux, Initial residual = 0.0002517497376666319, Final residual = 3.2029749187886397e-06, No Iterations 6, Solve time = 414.191 ms
Schwarz(Jacobi)+Bicgstab:  Solving for Uy, Initial residual = 0.010089415015867699, Final residual = 0.0004163774459408543, No Iterations 6, Solve time = 414.191 ms
Schwarz(Jacobi)+Bicgstab:  Solving for Uz, Initial residual = 0.002496230507086138, Final residual = 4.163379402191569e-05, No Iterations 6, Solve time = 414.191 ms
[mem] after-UEqn: DEVICE_POOL current=22752 MB  actual(reserved)=38146 MB  highWater=28040 MB
[GinkgoSolver] p-cache: reuse(update_matrix_value) solve=10 rebuildInterval=100
config(Cg+Schwarz(Multigrid)):  Solving for p, Initial residual = 0.013945536130164703, Final residual = 0.00013784706077803944, No Iterations 128, Solve time = 3872.379 ms
time step continuity errors : sum local = 2.381147099143285e-05, global = -2.8037793340614437e-06, cumulative = 6.669775773735886e-06
[mem] after-pEqn: DEVICE_POOL current=22752 MB  actual(reserved)=38146 MB  highWater=28040 MB
[GinkgoSolver] p-cache: reuse(update_matrix_value) solve=10 rebuildInterval=0
Schwarz(Jacobi)+Bicgstab:  Solving for omega, Initial residual = 0.0002245639919383348, Final residual = 9.223605102839725e-06, No Iterations 2, Solve time = 83.399 ms
[GinkgoSolver] p-cache: reuse(update_matrix_value) solve=10 rebuildInterval=0
Schwarz(Jacobi)+Bicgstab:  Solving for k, Initial residual = 0.0005268217646547611, Final residual = 3.275756763271423e-05, No Iterations 2, Solve time = 71.837 ms
[mem] after-turb: DEVICE_POOL current=22752 MB  actual(reserved)=38146 MB  highWater=28040 MB
ExecutionTime = 140.19 s  ClockTime = 141 s

Time = 11
[mem] step-start: DEVICE_POOL current=22752 MB  actual(reserved)=38146 MB  highWater=28040 MB
Schwarz(Jacobi)+Bicgstab:  Solving for Ux, Initial residual = 0.00024101958408785735, Final residual = 1.075610029045357e-05, No Iterations 5, Solve time = 347.085 ms
Schwarz(Jacobi)+Bicgstab:  Solving for Uy, Initial residual = 0.011096687677533829, Final residual = 0.00032435201989306677, No Iterations 5, Solve time = 347.085 ms
Schwarz(Jacobi)+Bicgstab:  Solving for Uz, Initial residual = 0.0025494761074503574, Final residual = 7.275263418819419e-05, No Iterations 5, Solve time = 347.085 ms
[mem] after-UEqn: DEVICE_POOL current=22752 MB  actual(reserved)=38146 MB  highWater=28040 MB
[GinkgoSolver] p-cache: reuse(update_matrix_value) solve=11 rebuildInterval=100
config(Cg+Schwarz(Multigrid)):  Solving for p, Initial residual = 0.013541332389030132, Final residual = 0.00013422184176946876, No Iterations 125, Solve time = 3782.212 ms
time step continuity errors : sum local = 2.3766090922110416e-05, global = -2.277100733113256e-06, cumulative = 4.392675040622631e-06
[mem] after-pEqn: DEVICE_POOL current=22752 MB  actual(reserved)=38146 MB  highWater=28040 MB
[GinkgoSolver] p-cache: reuse(update_matrix_value) solve=11 rebuildInterval=0
Schwarz(Jacobi)+Bicgstab:  Solving for omega, Initial residual = 0.0001850998270192854, Final residual = 8.098147217994307e-06, No Iterations 2, Solve time = 83.986 ms
[GinkgoSolver] p-cache: reuse(update_matrix_value) solve=11 rebuildInterval=0
Schwarz(Jacobi)+Bicgstab:  Solving for k, Initial residual = 0.00043951310619962195, Final residual = 2.828713632292549e-05, No Iterations 2, Solve time = 72.519 ms
[mem] after-turb: DEVICE_POOL current=22752 MB  actual(reserved)=38146 MB  highWater=28040 MB
ExecutionTime = 145.7 s  ClockTime = 147 s

Time = 12
[mem] step-start: DEVICE_POOL current=22752 MB  actual(reserved)=38146 MB  highWater=28040 MB
Schwarz(Jacobi)+Bicgstab:  Solving for Ux, Initial residual = 0.00022908061793701319, Final residual = 1.4471668409562708e-05, No Iterations 4, Solve time = 290.925 ms
Schwarz(Jacobi)+Bicgstab:  Solving for Uy, Initial residual = 0.011045927948606166, Final residual = 0.0008052377424140199, No Iterations 4, Solve time = 290.925 ms
Schwarz(Jacobi)+Bicgstab:  Solving for Uz, Initial residual = 0.002479512113584795, Final residual = 0.00012088798718788065, No Iterations 4, Solve time = 290.925 ms
[mem] after-UEqn: DEVICE_POOL current=22752 MB  actual(reserved)=38146 MB  highWater=28040 MB
[GinkgoSolver] p-cache: reuse(update_matrix_value) solve=12 rebuildInterval=100
config(Cg+Schwarz(Multigrid)):  Solving for p, Initial residual = 0.01233956585129139, Final residual = 0.00012250078620734464, No Iterations 117, Solve time = 3544.796 ms
time step continuity errors : sum local = 2.4009819994587734e-05, global = 3.675369013724691e-08, cumulative = 4.429428730759878e-06
[mem] after-pEqn: DEVICE_POOL current=22752 MB  actual(reserved)=38146 MB  highWater=28040 MB
[GinkgoSolver] p-cache: reuse(update_matrix_value) solve=12 rebuildInterval=0
Schwarz(Jacobi)+Bicgstab:  Solving for omega, Initial residual = 0.00015606506305718105, Final residual = 7.140775348811673e-06, No Iterations 2, Solve time = 82.826 ms
[GinkgoSolver] p-cache: reuse(update_matrix_value) solve=12 rebuildInterval=0
Schwarz(Jacobi)+Bicgstab:  Solving for k, Initial residual = 0.00038762819679924595, Final residual = 2.5732316262423416e-05, No Iterations 2, Solve time = 72.943 ms
[mem] after-turb: DEVICE_POOL current=22752 MB  actual(reserved)=38146 MB  highWater=28040 MB
ExecutionTime = 150.91 s  ClockTime = 152 s

Time = 13
[mem] step-start: DEVICE_POOL current=22752 MB  actual(reserved)=38146 MB  highWater=28040 MB
Schwarz(Jacobi)+Bicgstab:  Solving for Ux, Initial residual = 0.00021604481888669034, Final residual = 9.403435696086116e-06, No Iterations 4, Solve time = 294.559 ms
Schwarz(Jacobi)+Bicgstab:  Solving for Uy, Initial residual = 0.010265986406055468, Final residual = 0.0005812617429506666, No Iterations 4, Solve time = 294.559 ms
Schwarz(Jacobi)+Bicgstab:  Solving for Uz, Initial residual = 0.0022924581969524706, Final residual = 0.00010822063423511774, No Iterations 4, Solve time = 294.559 ms
[mem] after-UEqn: DEVICE_POOL current=22752 MB  actual(reserved)=38146 MB  highWater=28040 MB
[GinkgoSolver] p-cache: reuse(update_matrix_value) solve=13 rebuildInterval=100
config(Cg+Schwarz(Multigrid)):  Solving for p, Initial residual = 0.010708470852204012, Final residual = 0.00010469815147345693, No Iterations 112, Solve time = 3399.577 ms
time step continuity errors : sum local = 2.3252074852968777e-05, global = 1.6704396213583311e-06, cumulative = 6.099868352118209e-06
[mem] after-pEqn: DEVICE_POOL current=22752 MB  actual(reserved)=38146 MB  highWater=28040 MB
[GinkgoSolver] p-cache: reuse(update_matrix_value) solve=13 rebuildInterval=0
Schwarz(Jacobi)+Bicgstab:  Solving for omega, Initial residual = 0.00013495723287036994, Final residual = 6.422227546115558e-06, No Iterations 2, Solve time = 85.044 ms
[GinkgoSolver] p-cache: reuse(update_matrix_value) solve=13 rebuildInterval=0
Schwarz(Jacobi)+Bicgstab:  Solving for k, Initial residual = 0.00036774258069069714, Final residual = 2.5893556606123176e-05, No Iterations 2, Solve time = 73.267 ms
[mem] after-turb: DEVICE_POOL current=22752 MB  actual(reserved)=38146 MB  highWater=28040 MB
ExecutionTime = 155.97 s  ClockTime = 157 s

Time = 14
[mem] step-start: DEVICE_POOL current=22752 MB  actual(reserved)=38146 MB  highWater=28040 MB
Schwarz(Jacobi)+Bicgstab:  Solving for Ux, Initial residual = 0.00020562634334358548, Final residual = 1.303891844156226e-05, No Iterations 4, Solve time = 304.689 ms
Schwarz(Jacobi)+Bicgstab:  Solving for Uy, Initial residual = 0.0092626461776177, Final residual = 0.0012574577983805644, No Iterations 4, Solve time = 304.689 ms
Schwarz(Jacobi)+Bicgstab:  Solving for Uz, Initial residual = 0.00208832028352497, Final residual = 0.00022372560697118507, No Iterations 4, Solve time = 304.689 ms
[mem] after-UEqn: DEVICE_POOL current=22752 MB  actual(reserved)=38146 MB  highWater=28040 MB
[GinkgoSolver] p-cache: reuse(update_matrix_value) solve=14 rebuildInterval=100
config(Cg+Schwarz(Multigrid)):  Solving for p, Initial residual = 0.009217062030743248, Final residual = 8.906941964480602e-05, No Iterations 98, Solve time = 2977.202 ms
time step continuity errors : sum local = 2.2200425062846128e-05, global = 9.759798994428694e-07, cumulative = 7.075848251561078e-06
[mem] after-pEqn: DEVICE_POOL current=22752 MB  actual(reserved)=38146 MB  highWater=28040 MB
[GinkgoSolver] p-cache: reuse(update_matrix_value) solve=14 rebuildInterval=0
Schwarz(Jacobi)+Bicgstab:  Solving for omega, Initial residual = 0.00012046088161250472, Final residual = 5.88172843109548e-06, No Iterations 2, Solve time = 86.96 ms
[GinkgoSolver] p-cache: reuse(update_matrix_value) solve=14 rebuildInterval=0
Schwarz(Jacobi)+Bicgstab:  Solving for k, Initial residual = 0.0003602370395572894, Final residual = 2.9121927192861315e-05, No Iterations 2, Solve time = 73.758 ms
[mem] after-turb: DEVICE_POOL current=22752 MB  actual(reserved)=38146 MB  highWater=28040 MB
ExecutionTime = 160.62 s  ClockTime = 162 s

Time = 15
[mem] step-start: DEVICE_POOL current=22752 MB  actual(reserved)=38146 MB  highWater=28040 MB
Schwarz(Jacobi)+Bicgstab:  Solving for Ux, Initial residual = 0.00019776786300110917, Final residual = 1.5239829944253334e-05, No Iterations 4, Solve time = 301.084 ms
Schwarz(Jacobi)+Bicgstab:  Solving for Uy, Initial residual = 0.008530145748023205, Final residual = 0.0005072320116834893, No Iterations 4, Solve time = 301.084 ms
Schwarz(Jacobi)+Bicgstab:  Solving for Uz, Initial residual = 0.0019393486627468284, Final residual = 0.00010375973524131829, No Iterations 4, Solve time = 301.084 ms
[mem] after-UEqn: DEVICE_POOL current=22752 MB  actual(reserved)=38146 MB  highWater=28040 MB
[GinkgoSolver] p-cache: reuse(update_matrix_value) solve=15 rebuildInterval=100
config(Cg+Schwarz(Multigrid)):  Solving for p, Initial residual = 0.008266938928328709, Final residual = 8.080024207886411e-05, No Iterations 75, Solve time = 2288.411 ms
time step continuity errors : sum local = 2.185524349819093e-05, global = -4.6060865253937753e-07, cumulative = 6.6152395990217e-06
[mem] after-pEqn: DEVICE_POOL current=22752 MB  actual(reserved)=38146 MB  highWater=28040 MB
[GinkgoSolver] p-cache: reuse(update_matrix_value) solve=15 rebuildInterval=0
Schwarz(Jacobi)+Bicgstab:  Solving for omega, Initial residual = 0.00010977390428418621, Final residual = 5.434509918379819e-06, No Iterations 2, Solve time = 85.705 ms
[GinkgoSolver] p-cache: reuse(update_matrix_value) solve=15 rebuildInterval=0
Schwarz(Jacobi)+Bicgstab:  Solving for k, Initial residual = 0.0003547346934197137, Final residual = 9.510286271429063e-06, No Iterations 3, Solve time = 93.58 ms
[mem] after-turb: DEVICE_POOL current=22752 MB  actual(reserved)=38146 MB  highWater=28040 MB
ExecutionTime = 164.62 s  ClockTime = 166 s

Time = 16
[mem] step-start: DEVICE_POOL current=22752 MB  actual(reserved)=38146 MB  highWater=28040 MB
Schwarz(Jacobi)+Bicgstab:  Solving for Ux, Initial residual = 0.00019325861398556267, Final residual = 1.710741821249519e-05, No Iterations 3, Solve time = 238.405 ms
Schwarz(Jacobi)+Bicgstab:  Solving for Uy, Initial residual = 0.008148734974448756, Final residual = 0.0007381899950313347, No Iterations 3, Solve time = 238.405 ms
Schwarz(Jacobi)+Bicgstab:  Solving for Uz, Initial residual = 0.001883882581520243, Final residual = 0.00018004046322862963, No Iterations 3, Solve time = 238.405 ms
[mem] after-UEqn: DEVICE_POOL current=22752 MB  actual(reserved)=38146 MB  highWater=28040 MB
[GinkgoSolver] p-cache: reuse(update_matrix_value) solve=16 rebuildInterval=100
config(Cg+Schwarz(Multigrid)):  Solving for p, Initial residual = 0.007715182261869249, Final residual = 7.60341952703687e-05, No Iterations 71, Solve time = 2167.448 ms
time step continuity errors : sum local = 2.1518729551864192e-05, global = -1.0094140772366192e-06, cumulative = 5.6058255217850804e-06
[mem] after-pEqn: DEVICE_POOL current=22752 MB  actual(reserved)=38146 MB  highWater=28040 MB
[GinkgoSolver] p-cache: reuse(update_matrix_value) solve=16 rebuildInterval=0
Schwarz(Jacobi)+Bicgstab:  Solving for omega, Initial residual = 0.00010116452420157478, Final residual = 5.111134532396886e-06, No Iterations 2, Solve time = 84.25 ms
[GinkgoSolver] p-cache: reuse(update_matrix_value) solve=16 rebuildInterval=0
Schwarz(Jacobi)+Bicgstab:  Solving for k, Initial residual = 0.0003516905979273113, Final residual = 2.7165903099772704e-05, No Iterations 2, Solve time = 72.24 ms
[mem] after-turb: DEVICE_POOL current=22752 MB  actual(reserved)=38146 MB  highWater=28040 MB
ExecutionTime = 168.41 s  ClockTime = 169 s

Time = 17
[mem] step-start: DEVICE_POOL current=22752 MB  actual(reserved)=38146 MB  highWater=28040 MB
Schwarz(Jacobi)+Bicgstab:  Solving for Ux, Initial residual = 0.0001852370352315749, Final residual = 8.351772979728433e-06, No Iterations 4, Solve time = 290.081 ms
Schwarz(Jacobi)+Bicgstab:  Solving for Uy, Initial residual = 0.007894343121432832, Final residual = 0.0003600802526468079, No Iterations 4, Solve time = 290.081 ms
Schwarz(Jacobi)+Bicgstab:  Solving for Uz, Initial residual = 0.0018260979311368088, Final residual = 0.0001650815499576818, No Iterations 4, Solve time = 290.081 ms
[mem] after-UEqn: DEVICE_POOL current=22752 MB  actual(reserved)=38146 MB  highWater=28040 MB
[GinkgoSolver] p-cache: reuse(update_matrix_value) solve=17 rebuildInterval=100
config(Cg+Schwarz(Multigrid)):  Solving for p, Initial residual = 0.007339589130667401, Final residual = 7.135834649785374e-05, No Iterations 70, Solve time = 2135.626 ms
time step continuity errors : sum local = 2.084212372147926e-05, global = -9.263433265431469e-07, cumulative = 4.6794821952419335e-06
[mem] after-pEqn: DEVICE_POOL current=22752 MB  actual(reserved)=38146 MB  highWater=28040 MB
[GinkgoSolver] p-cache: reuse(update_matrix_value) solve=17 rebuildInterval=0
Schwarz(Jacobi)+Bicgstab:  Solving for omega, Initial residual = 9.420782093214343e-05, Final residual = 4.802403777811734e-06, No Iterations 2, Solve time = 84.882 ms
[GinkgoSolver] p-cache: reuse(update_matrix_value) solve=17 rebuildInterval=0
Schwarz(Jacobi)+Bicgstab:  Solving for k, Initial residual = 0.00034995012314427177, Final residual = 8.375079390535233e-06, No Iterations 3, Solve time = 95.629 ms
[mem] after-turb: DEVICE_POOL current=22752 MB  actual(reserved)=38146 MB  highWater=28040 MB
ExecutionTime = 172.22 s  ClockTime = 173 s

Time = 18
[mem] step-start: DEVICE_POOL current=22752 MB  actual(reserved)=38146 MB  highWater=28040 MB
Schwarz(Jacobi)+Bicgstab:  Solving for Ux, Initial residual = 0.00017658778455925328, Final residual = 7.526569148641894e-06, No Iterations 4, Solve time = 303.218 ms
Schwarz(Jacobi)+Bicgstab:  Solving for Uy, Initial residual = 0.007593126251897114, Final residual = 0.00031584377317747566, No Iterations 4, Solve time = 303.218 ms
Schwarz(Jacobi)+Bicgstab:  Solving for Uz, Initial residual = 0.001760133254154009, Final residual = 0.0001112525623197827, No Iterations 4, Solve time = 303.218 ms
[mem] after-UEqn: DEVICE_POOL current=22752 MB  actual(reserved)=38146 MB  highWater=28040 MB
[GinkgoSolver] p-cache: reuse(update_matrix_value) solve=18 rebuildInterval=100
config(Cg+Schwarz(Multigrid)):  Solving for p, Initial residual = 0.007044440168248287, Final residual = 6.712367632520553e-05, No Iterations 79, Solve time = 2411.46 ms
time step continuity errors : sum local = 2.00157934251208e-05, global = 2.876157895118987e-07, cumulative = 4.967097984753832e-06
[mem] after-pEqn: DEVICE_POOL current=22752 MB  actual(reserved)=38146 MB  highWater=28040 MB
[GinkgoSolver] p-cache: reuse(update_matrix_value) solve=18 rebuildInterval=0
Schwarz(Jacobi)+Bicgstab:  Solving for omega, Initial residual = 8.810114740962872e-05, Final residual = 4.598007186514883e-06, No Iterations 2, Solve time = 85.528 ms
[GinkgoSolver] p-cache: reuse(update_matrix_value) solve=18 rebuildInterval=0
Schwarz(Jacobi)+Bicgstab:  Solving for k, Initial residual = 0.000350054505205511, Final residual = 3.144771223790658e-05, No Iterations 2, Solve time = 74.237 ms
[mem] after-turb: DEVICE_POOL current=22752 MB  actual(reserved)=38146 MB  highWater=28040 MB
ExecutionTime = 176.31 s  ClockTime = 177 s

Time = 19
[mem] step-start: DEVICE_POOL current=22752 MB  actual(reserved)=38146 MB  highWater=28040 MB
Schwarz(Jacobi)+Bicgstab:  Solving for Ux, Initial residual = 0.00016874306990698036, Final residual = 3.4989378294502975e-06, No Iterations 5, Solve time = 365.397 ms
Schwarz(Jacobi)+Bicgstab:  Solving for Uy, Initial residual = 0.007341868504670814, Final residual = 0.00017271654575268716, No Iterations 5, Solve time = 365.397 ms
Schwarz(Jacobi)+Bicgstab:  Solving for Uz, Initial residual = 0.0017172042279117454, Final residual = 5.86808451854174e-05, No Iterations 5, Solve time = 365.397 ms
[mem] after-UEqn: DEVICE_POOL current=22752 MB  actual(reserved)=38146 MB  highWater=28040 MB
[GinkgoSolver] p-cache: reuse(update_matrix_value) solve=19 rebuildInterval=100
config(Cg+Schwarz(Multigrid)):  Solving for p, Initial residual = 0.00674067832969156, Final residual = 6.399998582519418e-05, No Iterations 80, Solve time = 2436.28 ms
time step continuity errors : sum local = 1.9482431803145466e-05, global = 1.3126821973711072e-06, cumulative = 6.279780182124939e-06
[mem] after-pEqn: DEVICE_POOL current=22752 MB  actual(reserved)=38146 MB  highWater=28040 MB
[GinkgoSolver] p-cache: reuse(update_matrix_value) solve=19 rebuildInterval=0
Schwarz(Jacobi)+Bicgstab:  Solving for omega, Initial residual = 8.309368952784636e-05, Final residual = 4.397286311855571e-06, No Iterations 2, Solve time = 83.912 ms
[GinkgoSolver] p-cache: reuse(update_matrix_value) solve=19 rebuildInterval=0
Schwarz(Jacobi)+Bicgstab:  Solving for k, Initial residual = 0.0003501795079550168, Final residual = 8.601451900915993e-06, No Iterations 3, Solve time = 94.389 ms
[mem] after-turb: DEVICE_POOL current=22752 MB  actual(reserved)=38146 MB  highWater=28040 MB
ExecutionTime = 180.52 s  ClockTime = 181 s

Time = 20
[mem] step-start: DEVICE_POOL current=22752 MB  actual(reserved)=38146 MB  highWater=28040 MB
Schwarz(Jacobi)+Bicgstab:  Solving for Ux, Initial residual = 0.0001626179274842565, Final residual = 1.3026433980190353e-05, No Iterations 3, Solve time = 242.892 ms
Schwarz(Jacobi)+Bicgstab:  Solving for Uy, Initial residual = 0.0072274927720662714, Final residual = 0.0006388407527814981, No Iterations 3, Solve time = 242.892 ms
Schwarz(Jacobi)+Bicgstab:  Solving for Uz, Initial residual = 0.0017100710459716957, Final residual = 0.0001627397771820127, No Iterations 3, Solve time = 242.892 ms
[mem] after-UEqn: DEVICE_POOL current=22752 MB  actual(reserved)=38146 MB  highWater=28040 MB
[GinkgoSolver] p-cache: reuse(update_matrix_value) solve=20 rebuildInterval=100
config(Cg+Schwarz(Multigrid)):  Solving for p, Initial residual = 0.006471963524097846, Final residual = 6.353852715265584e-05, No Iterations 78, Solve time = 2380.721 ms
time step continuity errors : sum local = 1.967272630426536e-05, global = 1.7146367682250059e-06, cumulative = 7.994416950349945e-06
[mem] after-pEqn: DEVICE_POOL current=22752 MB  actual(reserved)=38146 MB  highWater=28040 MB
[GinkgoSolver] p-cache: reuse(update_matrix_value) solve=20 rebuildInterval=0
Schwarz(Jacobi)+Bicgstab:  Solving for omega, Initial residual = 7.796194649203847e-05, Final residual = 4.1874942089700445e-06, No Iterations 2, Solve time = 86.86 ms
[GinkgoSolver] p-cache: reuse(update_matrix_value) solve=20 rebuildInterval=0
Schwarz(Jacobi)+Bicgstab:  Solving for k, Initial residual = 0.00035000133355715294, Final residual = 8.255862669976208e-06, No Iterations 3, Solve time = 94.131 ms
[mem] after-turb: DEVICE_POOL current=22752 MB  actual(reserved)=38146 MB  highWater=28040 MB
ExecutionTime = 184.54 s  ClockTime = 186 s

Time = 21
[mem] step-start: DEVICE_POOL current=22752 MB  actual(reserved)=38146 MB  highWater=28040 MB
Schwarz(Jacobi)+Bicgstab:  Solving for Ux, Initial residual = 0.0001585020426390409, Final residual = 1.0783468869406479e-05, No Iterations 3, Solve time = 246.307 ms
Schwarz(Jacobi)+Bicgstab:  Solving for Uy, Initial residual = 0.007233531024346177, Final residual = 0.000599873651143933, No Iterations 3, Solve time = 246.307 ms
Schwarz(Jacobi)+Bicgstab:  Solving for Uz, Initial residual = 0.00173213853481255, Final residual = 0.00015127813576171198, No Iterations 3, Solve time = 246.307 ms
[mem] after-UEqn: DEVICE_POOL current=22752 MB  actual(reserved)=38146 MB  highWater=28040 MB
[GinkgoSolver] p-cache: reuse(update_matrix_value) solve=21 rebuildInterval=100
config(Cg+Schwarz(Multigrid)):  Solving for p, Initial residual = 0.0062652566591991105, Final residual = 6.171154803840924e-05, No Iterations 74, Solve time = 2257.575 ms
time step continuity errors : sum local = 1.9343311927780895e-05, global = 1.6454461107709566e-06, cumulative = 9.6398630611209e-06
[mem] after-pEqn: DEVICE_POOL current=22752 MB  actual(reserved)=38146 MB  highWater=28040 MB
[GinkgoSolver] p-cache: reuse(update_matrix_value) solve=21 rebuildInterval=0
Schwarz(Jacobi)+Bicgstab:  Solving for omega, Initial residual = 7.368167274946427e-05, Final residual = 4.0273091332937844e-06, No Iterations 2, Solve time = 83.341 ms
[GinkgoSolver] p-cache: reuse(update_matrix_value) solve=21 rebuildInterval=0
Schwarz(Jacobi)+Bicgstab:  Solving for k, Initial residual = 0.00035209807283606977, Final residual = 8.39722751388951e-06, No Iterations 3, Solve time = 94.164 ms
[mem] after-turb: DEVICE_POOL current=22752 MB  actual(reserved)=38146 MB  highWater=28040 MB
ExecutionTime = 188.44 s  ClockTime = 189 s

Time = 22
[mem] step-start: DEVICE_POOL current=22752 MB  actual(reserved)=38146 MB  highWater=28040 MB
Schwarz(Jacobi)+Bicgstab:  Solving for Ux, Initial residual = 0.00015621959380956999, Final residual = 1.5345884446051075e-05, No Iterations 3, Solve time = 241.583 ms
Schwarz(Jacobi)+Bicgstab:  Solving for Uy, Initial residual = 0.00721689409642715, Final residual = 0.000588649071848851, No Iterations 3, Solve time = 241.583 ms
Schwarz(Jacobi)+Bicgstab:  Solving for Uz, Initial residual = 0.0017523263169830071, Final residual = 0.00014510142273269414, No Iterations 3, Solve time = 241.583 ms
[mem] after-UEqn: DEVICE_POOL current=22752 MB  actual(reserved)=38146 MB  highWater=28040 MB
[GinkgoSolver] p-cache: reuse(update_matrix_value) solve=22 rebuildInterval=100
config(Cg+Schwarz(Multigrid)):  Solving for p, Initial residual = 0.006123402732768679, Final residual = 6.062195957344176e-05, No Iterations 61, Solve time = 1870.346 ms
time step continuity errors : sum local = 1.9159292368493372e-05, global = 9.273269223767385e-07, cumulative = 1.0567189983497639e-05
[mem] after-pEqn: DEVICE_POOL current=22752 MB  actual(reserved)=38146 MB  highWater=28040 MB
[GinkgoSolver] p-cache: reuse(update_matrix_value) solve=22 rebuildInterval=0
Schwarz(Jacobi)+Bicgstab:  Solving for omega, Initial residual = 6.966330531017288e-05, Final residual = 3.8599175592408275e-06, No Iterations 2, Solve time = 87.502 ms
[GinkgoSolver] p-cache: reuse(update_matrix_value) solve=22 rebuildInterval=0
Schwarz(Jacobi)+Bicgstab:  Solving for k, Initial residual = 0.0003537718577900153, Final residual = 8.548942062029231e-06, No Iterations 3, Solve time = 99.29 ms
[mem] after-turb: DEVICE_POOL current=22752 MB  actual(reserved)=38146 MB  highWater=28040 MB
ExecutionTime = 191.96 s  ClockTime = 193 s

Time = 23
[mem] step-start: DEVICE_POOL current=22752 MB  actual(reserved)=38146 MB  highWater=28040 MB
Schwarz(Jacobi)+Bicgstab:  Solving for Ux, Initial residual = 0.00015386614237836605, Final residual = 1.5657279520748686e-05, No Iterations 3, Solve time = 242.937 ms
Schwarz(Jacobi)+Bicgstab:  Solving for Uy, Initial residual = 0.0071259610210817025, Final residual = 0.0005718207771678412, No Iterations 3, Solve time = 242.937 ms
Schwarz(Jacobi)+Bicgstab:  Solving for Uz, Initial residual = 0.0017598165364726842, Final residual = 0.00014208316181086266, No Iterations 3, Solve time = 242.937 ms
[mem] after-UEqn: DEVICE_POOL current=22752 MB  actual(reserved)=38146 MB  highWater=28040 MB
[GinkgoSolver] p-cache: reuse(update_matrix_value) solve=23 rebuildInterval=100
config(Cg+Schwarz(Multigrid)):  Solving for p, Initial residual = 0.006025346790182477, Final residual = 5.93302808821523e-05, No Iterations 40, Solve time = 1241.088 ms
time step continuity errors : sum local = 1.8780439735333033e-05, global = 7.066208988744806e-07, cumulative = 1.1273810882372118e-05
[mem] after-pEqn: DEVICE_POOL current=22752 MB  actual(reserved)=38146 MB  highWater=28040 MB
[GinkgoSolver] p-cache: reuse(update_matrix_value) solve=23 rebuildInterval=0
Schwarz(Jacobi)+Bicgstab:  Solving for omega, Initial residual = 6.621186077093476e-05, Final residual = 3.7315251554760436e-06, No Iterations 2, Solve time = 85.012 ms
bounding omega, min: -480.3822998926125 max: 45356376.24807152 average: 7061.615520641194
[GinkgoSolver] p-cache: reuse(update_matrix_value) solve=23 rebuildInterval=0
Schwarz(Jacobi)+Bicgstab:  Solving for k, Initial residual = 0.00035692297167628394, Final residual = 8.763957448129274e-06, No Iterations 3, Solve time = 94.836 ms
[mem] after-turb: DEVICE_POOL current=22752 MB  actual(reserved)=38146 MB  highWater=28040 MB
ExecutionTime = 194.85 s  ClockTime = 196 s

Time = 24
[mem] step-start: DEVICE_POOL current=22752 MB  actual(reserved)=38146 MB  highWater=28040 MB
Schwarz(Jacobi)+Bicgstab:  Solving for Ux, Initial residual = 0.000152666190378961, Final residual = 1.1141631492862666e-05, No Iterations 3, Solve time = 243.552 ms
Schwarz(Jacobi)+Bicgstab:  Solving for Uy, Initial residual = 0.006972531547864935, Final residual = 0.0005428104212203788, No Iterations 3, Solve time = 243.552 ms
Schwarz(Jacobi)+Bicgstab:  Solving for Uz, Initial residual = 0.001755308352050753, Final residual = 0.00013976183748282063, No Iterations 3, Solve time = 243.552 ms
[mem] after-UEqn: DEVICE_POOL current=22752 MB  actual(reserved)=38146 MB  highWater=28040 MB
[GinkgoSolver] p-cache: reuse(update_matrix_value) solve=24 rebuildInterval=100
config(Cg+Schwarz(Multigrid)):  Solving for p, Initial residual = 0.0059616342758616065, Final residual = 5.926985893540365e-05, No Iterations 42, Solve time = 1304.188 ms
time step continuity errors : sum local = 1.869108365338792e-05, global = 8.416431117734438e-07, cumulative = 1.2115453994145563e-05
[mem] after-pEqn: DEVICE_POOL current=22752 MB  actual(reserved)=38146 MB  highWater=28040 MB
[GinkgoSolver] p-cache: reuse(update_matrix_value) solve=24 rebuildInterval=0
Schwarz(Jacobi)+Bicgstab:  Solving for omega, Initial residual = 6.297756752498498e-05, Final residual = 3.581084430568624e-06, No Iterations 2, Solve time = 86.327 ms
[GinkgoSolver] p-cache: reuse(update_matrix_value) solve=24 rebuildInterval=0
Schwarz(Jacobi)+Bicgstab:  Solving for k, Initial residual = 0.0003598899878203156, Final residual = 8.85936006771529e-06, No Iterations 3, Solve time = 92.746 ms
[mem] after-turb: DEVICE_POOL current=22752 MB  actual(reserved)=38146 MB  highWater=28040 MB
ExecutionTime = 197.8 s  ClockTime = 199 s

Time = 25
[mem] step-start: DEVICE_POOL current=22752 MB  actual(reserved)=38146 MB  highWater=28040 MB
Schwarz(Jacobi)+Bicgstab:  Solving for Ux, Initial residual = 0.00014973511222080626, Final residual = 9.388135670869408e-06, No Iterations 3, Solve time = 241.033 ms
Schwarz(Jacobi)+Bicgstab:  Solving for Uy, Initial residual = 0.006795891981159965, Final residual = 0.0005087517456228795, No Iterations 3, Solve time = 241.033 ms
Schwarz(Jacobi)+Bicgstab:  Solving for Uz, Initial residual = 0.0017482564675906814, Final residual = 0.00013845690922044437, No Iterations 3, Solve time = 241.033 ms
[mem] after-UEqn: DEVICE_POOL current=22752 MB  actual(reserved)=38146 MB  highWater=28040 MB
[GinkgoSolver] p-cache: reuse(update_matrix_value) solve=25 rebuildInterval=100
config(Cg+Schwarz(Multigrid)):  Solving for p, Initial residual = 0.005880287511986245, Final residual = 5.792889038635165e-05, No Iterations 42, Solve time = 1301.783 ms
time step continuity errors : sum local = 1.8255655566765356e-05, global = 1.0389534122371778e-06, cumulative = 1.315440740638274e-05
[mem] after-pEqn: DEVICE_POOL current=22752 MB  actual(reserved)=38146 MB  highWater=28040 MB
[GinkgoSolver] p-cache: reuse(update_matrix_value) solve=25 rebuildInterval=0
Schwarz(Jacobi)+Bicgstab:  Solving for omega, Initial residual = 6.013980501754956e-05, Final residual = 3.4424293921113507e-06, No Iterations 2, Solve time = 84.58 ms
[GinkgoSolver] p-cache: reuse(update_matrix_value) solve=25 rebuildInterval=0
Schwarz(Jacobi)+Bicgstab:  Solving for k, Initial residual = 0.000363278874531452, Final residual = 9.02770885363417e-06, No Iterations 3, Solve time = 94.938 ms
[mem] after-turb: DEVICE_POOL current=22752 MB  actual(reserved)=38146 MB  highWater=28040 MB
ExecutionTime = 200.74 s  ClockTime = 202 s

Time = 26
[mem] step-start: DEVICE_POOL current=22752 MB  actual(reserved)=38146 MB  highWater=28040 MB
Schwarz(Jacobi)+Bicgstab:  Solving for Ux, Initial residual = 0.00014713960237997548, Final residual = 1.3176481862051959e-05, No Iterations 3, Solve time = 239.541 ms
Schwarz(Jacobi)+Bicgstab:  Solving for Uy, Initial residual = 0.006636146868804048, Final residual = 0.0004834440617905826, No Iterations 3, Solve time = 239.541 ms
Schwarz(Jacobi)+Bicgstab:  Solving for Uz, Initial residual = 0.0017466717168327889, Final residual = 0.00013809343990797243, No Iterations 3, Solve time = 239.541 ms
[mem] after-UEqn: DEVICE_POOL current=22752 MB  actual(reserved)=38146 MB  highWater=28040 MB
[GinkgoSolver] p-cache: reuse(update_matrix_value) solve=26 rebuildInterval=100
config(Cg+Schwarz(Multigrid)):  Solving for p, Initial residual = 0.005795615284971562, Final residual = 5.702955008933304e-05, No Iterations 42, Solve time = 1303.198 ms
time step continuity errors : sum local = 1.7980946390493026e-05, global = 1.2067547089218908e-06, cumulative = 1.436116211530463e-05
[mem] after-pEqn: DEVICE_POOL current=22752 MB  actual(reserved)=38146 MB  highWater=28040 MB
[GinkgoSolver] p-cache: reuse(update_matrix_value) solve=26 rebuildInterval=0
Schwarz(Jacobi)+Bicgstab:  Solving for omega, Initial residual = 5.7650330016144504e-05, Final residual = 3.3407286060442196e-06, No Iterations 2, Solve time = 76.462 ms
bounding omega, min: -48105.96104965378 max: 45356131.832857355 average: 7144.044018361626
[GinkgoSolver] p-cache: reuse(update_matrix_value) solve=26 rebuildInterval=0
Schwarz(Jacobi)+Bicgstab:  Solving for k, Initial residual = 0.00036736999969784554, Final residual = 9.290564569520866e-06, No Iterations 3, Solve time = 94.805 ms
[mem] after-turb: DEVICE_POOL current=22752 MB  actual(reserved)=38146 MB  highWater=28040 MB
ExecutionTime = 203.7 s  ClockTime = 205 s

Time = 27
[mem] step-start: DEVICE_POOL current=22752 MB  actual(reserved)=38146 MB  highWater=28040 MB
Schwarz(Jacobi)+Bicgstab:  Solving for Ux, Initial residual = 0.00014443821939260843, Final residual = 9.284306477107947e-06, No Iterations 3, Solve time = 238.458 ms
Schwarz(Jacobi)+Bicgstab:  Solving for Uy, Initial residual = 0.0064934689220494815, Final residual = 0.00046540550443617594, No Iterations 3, Solve time = 238.458 ms
Schwarz(Jacobi)+Bicgstab:  Solving for Uz, Initial residual = 0.0017500408624065817, Final residual = 0.00013939823454583875, No Iterations 3, Solve time = 238.458 ms
[mem] after-UEqn: DEVICE_POOL current=22752 MB  actual(reserved)=38146 MB  highWater=28040 MB
[GinkgoSolver] p-cache: reuse(update_matrix_value) solve=27 rebuildInterval=100
config(Cg+Schwarz(Multigrid)):  Solving for p, Initial residual = 0.0057063325093982716, Final residual = 5.60533782571321e-05, No Iterations 42, Solve time = 1301.816 ms
time step continuity errors : sum local = 1.7668936448315987e-05, global = 1.2992901158862673e-06, cumulative = 1.5660452231190896e-05
[mem] after-pEqn: DEVICE_POOL current=22752 MB  actual(reserved)=38146 MB  highWater=28040 MB
[GinkgoSolver] p-cache: reuse(update_matrix_value) solve=27 rebuildInterval=0
Schwarz(Jacobi)+Bicgstab:  Solving for omega, Initial residual = 5.541165235656779e-05, Final residual = 3.2468642353717002e-06, No Iterations 2, Solve time = 86.279 ms
[GinkgoSolver] p-cache: reuse(update_matrix_value) solve=27 rebuildInterval=0
Schwarz(Jacobi)+Bicgstab:  Solving for k, Initial residual = 0.0003722936825604188, Final residual = 9.83107566517004e-06, No Iterations 3, Solve time = 96.601 ms
[mem] after-turb: DEVICE_POOL current=22752 MB  actual(reserved)=38146 MB  highWater=28040 MB
ExecutionTime = 206.62 s  ClockTime = 208 s

Time = 28
[mem] step-start: DEVICE_POOL current=22752 MB  actual(reserved)=38146 MB  highWater=28040 MB
Schwarz(Jacobi)+Bicgstab:  Solving for Ux, Initial residual = 0.000142076330516907, Final residual = 5.680948516290922e-06, No Iterations 5, Solve time = 353.268 ms
Schwarz(Jacobi)+Bicgstab:  Solving for Uy, Initial residual = 0.0063610630083422385, Final residual = 0.0001107637059554639, No Iterations 5, Solve time = 353.268 ms
Schwarz(Jacobi)+Bicgstab:  Solving for Uz, Initial residual = 0.0017548919496302312, Final residual = 3.0224954483342235e-05, No Iterations 5, Solve time = 353.268 ms
[mem] after-UEqn: DEVICE_POOL current=22752 MB  actual(reserved)=38146 MB  highWater=28040 MB
[GinkgoSolver] p-cache: reuse(update_matrix_value) solve=28 rebuildInterval=100
config(Cg+Schwarz(Multigrid)):  Solving for p, Initial residual = 0.005626633965372767, Final residual = 5.342519890795233e-05, No Iterations 46, Solve time = 1424.911 ms
time step continuity errors : sum local = 1.679977963405425e-05, global = 1.1281044151159201e-06, cumulative = 1.6788556646306817e-05
[mem] after-pEqn: DEVICE_POOL current=22752 MB  actual(reserved)=38146 MB  highWater=28040 MB
[GinkgoSolver] p-cache: reuse(update_matrix_value) solve=28 rebuildInterval=0
Schwarz(Jacobi)+Bicgstab:  Solving for omega, Initial residual = 5.3440989405347016e-05, Final residual = 3.1647013292813814e-06, No Iterations 2, Solve time = 86.382 ms
[GinkgoSolver] p-cache: reuse(update_matrix_value) solve=28 rebuildInterval=0
Schwarz(Jacobi)+Bicgstab:  Solving for k, Initial residual = 0.00037695908010234745, Final residual = 9.697548807109706e-06, No Iterations 3, Solve time = 97.243 ms
[mem] after-turb: DEVICE_POOL current=22752 MB  actual(reserved)=38146 MB  highWater=28040 MB
ExecutionTime = 209.81 s  ClockTime = 211 s

Time = 29
[mem] step-start: DEVICE_POOL current=22752 MB  actual(reserved)=38146 MB  highWater=28040 MB
Schwarz(Jacobi)+Bicgstab:  Solving for Ux, Initial residual = 0.00013960645167536642, Final residual = 7.3472144517350964e-06, No Iterations 3, Solve time = 253.937 ms
Schwarz(Jacobi)+Bicgstab:  Solving for Uy, Initial residual = 0.006227225614139915, Final residual = 0.0004552956401839992, No Iterations 3, Solve time = 253.937 ms
Schwarz(Jacobi)+Bicgstab:  Solving for Uz, Initial residual = 0.0017543667625272616, Final residual = 0.00014315354653539312, No Iterations 3, Solve time = 253.937 ms
[mem] after-UEqn: DEVICE_POOL current=22752 MB  actual(reserved)=38146 MB  highWater=28040 MB
[GinkgoSolver] p-cache: reuse(update_matrix_value) solve=29 rebuildInterval=100
config(Cg+Schwarz(Multigrid)):  Solving for p, Initial residual = 0.005557909357471861, Final residual = 5.192207248127228e-05, No Iterations 63, Solve time = 1932.172 ms
time step continuity errors : sum local = 1.6232532391070028e-05, global = -7.603484242172371e-07, cumulative = 1.602820822208958e-05
[mem] after-pEqn: DEVICE_POOL current=22752 MB  actual(reserved)=38146 MB  highWater=28040 MB
[GinkgoSolver] p-cache: reuse(update_matrix_value) solve=29 rebuildInterval=0
Schwarz(Jacobi)+Bicgstab:  Solving for omega, Initial residual = 5.186928322494186e-05, Final residual = 3.1051954672037395e-06, No Iterations 2, Solve time = 84.28 ms
bounding omega, min: -568.7131566260402 max: 45356041.09840849 average: 7212.668945098277
[GinkgoSolver] p-cache: reuse(update_matrix_value) solve=29 rebuildInterval=0
Schwarz(Jacobi)+Bicgstab:  Solving for k, Initial residual = 0.0003833411269477267, Final residual = 9.878857671135612e-06, No Iterations 3, Solve time = 95.021 ms
[mem] after-turb: DEVICE_POOL current=22752 MB  actual(reserved)=38146 MB  highWater=28040 MB
ExecutionTime = 213.4 s  ClockTime = 215 s

Time = 30
[mem] step-start: DEVICE_POOL current=22752 MB  actual(reserved)=38146 MB  highWater=28040 MB
Schwarz(Jacobi)+Bicgstab:  Solving for Ux, Initial residual = 0.0001368088957981628, Final residual = 1.160141753502709e-05, No Iterations 3, Solve time = 249.679 ms
Schwarz(Jacobi)+Bicgstab:  Solving for Uy, Initial residual = 0.006143082102950269, Final residual = 0.0004429950291557345, No Iterations 3, Solve time = 249.679 ms
Schwarz(Jacobi)+Bicgstab:  Solving for Uz, Initial residual = 0.0017570827341034864, Final residual = 0.00013641981527317678, No Iterations 3, Solve time = 249.679 ms
[mem] after-UEqn: DEVICE_POOL current=22752 MB  actual(reserved)=38146 MB  highWater=28040 MB
[GinkgoSolver] p-cache: reuse(update_matrix_value) solve=30 rebuildInterval=100
config(Cg+Schwarz(Multigrid)):  Solving for p, Initial residual = 0.005564624035057045, Final residual = 5.369043838277747e-05, No Iterations 66, Solve time = 2021.903 ms
time step continuity errors : sum local = 1.647191951310464e-05, global = -1.4548306125302535e-06, cumulative = 1.4573377609559328e-05
[mem] after-pEqn: DEVICE_POOL current=22752 MB  actual(reserved)=38146 MB  highWater=28040 MB
[GinkgoSolver] p-cache: reuse(update_matrix_value) solve=30 rebuildInterval=0
Schwarz(Jacobi)+Bicgstab:  Solving for omega, Initial residual = 5.078742437754151e-05, Final residual = 3.049100087736581e-06, No Iterations 2, Solve time = 80.959 ms
bounding omega, min: -36.55591189487569 max: 45356087.22678007 average: 7232.4785565907905
[GinkgoSolver] p-cache: reuse(update_matrix_value) solve=30 rebuildInterval=0
Schwarz(Jacobi)+Bicgstab:  Solving for k, Initial residual = 0.0003908418967231901, Final residual = 1.0244620415891444e-05, No Iterations 3, Solve time = 95.284 ms
[mem] after-turb: DEVICE_POOL current=22752 MB  actual(reserved)=38146 MB  highWater=28040 MB
Writing p
Writing U
Writing turbulence variables
ExecutionTime = 217.92 s  ClockTime = 221 s

Finalizing NeoN
Finalising parallel run
