/*---------------------------------------------------------------------------*\
| =========                 |                                                 |
| \\      /  F ield         | OpenFOAM: The Open Source CFD Toolbox           |
|  \\    /   O peration     | Version:  2506                                  |
|   \\  /    A nd           | Website:  www.openfoam.com                      |
|    \\/     M anipulation  |                                                 |
\*---------------------------------------------------------------------------*/
Build  : b050cd9480-20250814 OPENFOAM=2506 version=v2506
Arch   : "LSB;label=32;scalar=64"
Exec   : /storage/home/greole/code/NeoFOAM/build/profilingnvidia_h200/bin/neoSimpleFoam -parallel
Date   : Jul 01 2026
Time   : 11:14:22
Host   : gpu-nvidia-h200-1.int.coma-cluster.de
PID    : 2435589
I/O    : uncollated
Case   : /storage/home/greole/code/NeoFOAM/occDrivAerStaticMesh
nProcs : 4
Hosts  :
(
    (gpu-nvidia-h200-1.int.coma-cluster.de 4)
)
Pstream initialized with:
    node communication : off [type=host] (4 ranks, 1 nodes)
    topology controls  : none
    consensus exchange : 0 (tuning: 0)
    exchange algorithm : 0
    commsType          : nonBlocking
    polling iterations : 0
trapFpe: Floating point exception trapping enabled (FOAM_SIGFPE).
fileModificationChecking : Monitoring run-time modified files using timeStampMaster (fileModificationSkew 5, maxFileModificationPolls 20)
allowSystemOperations : Allowing user-supplied system call operations

// * * * * * * * * * * * * * * * * * * * * * * * * * * * * * * * * * * * * * //
Create time

Initializing NeoN
Creating Executor GPU
Creating NeoFOAM runTime

SIMPLE: no convergence criteria found. Calculations will run for 30 steps.

Reading field p

Reading field U

Reading/calculating face flux field phi

Selecting incompressible transport model Newtonian
NeoFOAM solver config (from fvSolution configFile) for 'config(Cg+Schwarz(Multigrid))':
{
    cacheSolver: true
    configFile: <NeoN::TokenList>
    l1ScaledResidual: true
    preconditionerRebuildInterval: 100
    relTol: 0.010000
    reportName: config(Cg+Schwarz(Multigrid))
    solver: Ginkgo
    tolerance: 0.000000
}
    effective optimize: false
    effective checkFrequency: 1
Mapping OpenFOAM solver settings to NeoN settings.
Currently, it is advisable to specify a configFile
for fine grained Ginkgo solver control

Replacing solver PBiCGStab by solver::Bicgstab
Replacing preconditioner diagonal by preconditioner::Schwarz (Schwarz-wrapped for distributed run)
NeoFOAM solver config (mapped from fvSolution) for 'Schwarz(Jacobi)+Bicgstab':
{
    cacheSolver: true
    criteria: {
        absolute_residual_norm: 0.000000
        initial_residual_norm: 0.100000
        iteration: 1000
    }
    l1ScaledResidual: true
    optimize: true
    preconditioner: {
        local_solver: {
            max_block_size: 1
            type: preconditioner::Jacobi
        }
        type: preconditioner::Schwarz
    }
    reportName: Schwarz(Jacobi)+Bicgstab
    solver: Ginkgo
    type: solver::Bicgstab
}
    effective optimize: true
    effective checkFrequency: 1
Creating phi

[NF][/storage/home/greole/code/NeoFOAM/include/NeoFOAM/auxiliary/readers.hpp::434]: Internal: 49333487, Boundary: 1754396

[NF][/storage/home/greole/code/NeoFOAM/include/NeoFOAM/auxiliary/readers.hpp::434]: Internal: 49320882, Boundary: 1762558

[NF][/storage/home/greole/code/NeoFOAM/include/NeoFOAM/auxiliary/readers.hpp::434]: Internal: 49261542, Boundary: 1427829

[NF][/storage/home/greole/code/NeoFOAM/include/NeoFOAM/auxiliary/readers.hpp::434]: Internal: 49243125, Boundary: 1362247
Selecting patchDistMethod meshWave
Mapping OpenFOAM solver settings to NeoN settings.
Currently, it is advisable to specify a configFile
for fine grained Ginkgo solver control

Replacing solver PBiCGStab by solver::Bicgstab
Replacing preconditioner diagonal by preconditioner::Schwarz (Schwarz-wrapped for distributed run)
NeoFOAM solver config (mapped from fvSolution) for 'Schwarz(Jacobi)+Bicgstab':
{
    cacheSolver: true
    criteria: {
        absolute_residual_norm: 0.000000
        initial_residual_norm: 0.100000
        iteration: 1000
    }
    l1ScaledResidual: true
    optimize: true
    preconditioner: {
        local_solver: {
            max_block_size: 1
            type: preconditioner::Jacobi
        }
        type: preconditioner::Schwarz
    }
    reportName: Schwarz(Jacobi)+Bicgstab
    solver: Ginkgo
    type: solver::Bicgstab
}
    effective optimize: true
    effective checkFrequency: 1
Mapping OpenFOAM solver settings to NeoN settings.
Currently, it is advisable to specify a configFile
for fine grained Ginkgo solver control

Replacing solver PBiCGStab by solver::Bicgstab
Replacing preconditioner diagonal by preconditioner::Schwarz (Schwarz-wrapped for distributed run)
NeoFOAM solver config (mapped from fvSolution) for 'Schwarz(Jacobi)+Bicgstab':
{
    cacheSolver: true
    criteria: {
        absolute_residual_norm: 0.000000
        initial_residual_norm: 0.100000
        iteration: 1000
    }
    l1ScaledResidual: true
    optimize: true
    preconditioner: {
        local_solver: {
            max_block_size: 1
            type: preconditioner::Jacobi
        }
        type: preconditioner::Schwarz
    }
    reportName: Schwarz(Jacobi)+Bicgstab
    solver: Ginkgo
    type: solver::Bicgstab
}
    effective optimize: true
    effective checkFrequency: 1
Starting time loop
Time = 1
[mem] step-start: DEVICE_POOL current=16605 MB  actual(reserved)=38146 MB  highWater=19132 MB
Schwarz(Jacobi)+Bicgstab:  Solving for Ux, Initial residual = 0.0019488956619707603, Final residual = 0.00023894144922256613, No Iterations 3, Solve time = 249.616 ms
Schwarz(Jacobi)+Bicgstab:  Solving for Uy, Initial residual = 0.16486889729307713, Final residual = 0.008211417725346403, No Iterations 3, Solve time = 249.616 ms
Schwarz(Jacobi)+Bicgstab:  Solving for Uz, Initial residual = 0.10478399420301418, Final residual = 0.0049881304163377415, No Iterations 3, Solve time = 249.616 ms
[mem] after-UEqn: DEVICE_POOL current=19099 MB  actual(reserved)=38146 MB  highWater=24387 MB
[GinkgoSolver] p-cache: rebuild(generate) solve=1 rebuildInterval=100
config(Cg+Schwarz(Multigrid)):  Solving for p, Initial residual = 1, Final residual = 0.009874289242961036, No Iterations 85, Solve time = 4066.388 ms
time step continuity errors : sum local = 6.594175512688397e-05, global = 1.8796088865043438e-06, cumulative = 1.8796088865043438e-06
[mem] after-pEqn: DEVICE_POOL current=20567 MB  actual(reserved)=38146 MB  highWater=24387 MB
[GinkgoSolver] p-cache: rebuild(generate) solve=1 rebuildInterval=0
Schwarz(Jacobi)+Bicgstab:  Solving for omega, Initial residual = 0.9999999999999997, Final residual = 0.030747748028742892, No Iterations 1, Solve time = 52.795 ms
bounding omega, min: -52.867219912952294 max: 46109486.566371664 average: 2443.0116815512893
[GinkgoSolver] p-cache: rebuild(generate) solve=1 rebuildInterval=0
Schwarz(Jacobi)+Bicgstab:  Solving for k, Initial residual = 0.9999999999999732, Final residual = 0.04385989465849588, No Iterations 1, Solve time = 53.86 ms
[mem] after-turb: DEVICE_POOL current=22752 MB  actual(reserved)=38146 MB  highWater=24811 MB
ExecutionTime = 101.12 s  ClockTime = 102 s

Time = 2
[mem] step-start: DEVICE_POOL current=22752 MB  actual(reserved)=38146 MB  highWater=24811 MB
Schwarz(Jacobi)+Bicgstab:  Solving for Ux, Initial residual = 0.0012917568172332115, Final residual = 5.9147214655182106e-05, No Iterations 5, Solve time = 347.228 ms
Schwarz(Jacobi)+Bicgstab:  Solving for Uy, Initial residual = 0.06538269299396042, Final residual = 0.0029818583989023005, No Iterations 5, Solve time = 347.228 ms
Schwarz(Jacobi)+Bicgstab:  Solving for Uz, Initial residual = 0.04083447054537225, Final residual = 0.0009082990463998435, No Iterations 5, Solve time = 347.228 ms
[mem] after-UEqn: DEVICE_POOL current=22752 MB  actual(reserved)=38146 MB  highWater=28040 MB
[GinkgoSolver] p-cache: reuse(update_matrix_value) solve=2 rebuildInterval=100
config(Cg+Schwarz(Multigrid)):  Solving for p, Initial residual = 0.038772555621572946, Final residual = 0.00037515331030458035, No Iterations 107, Solve time = 3487.973 ms
time step continuity errors : sum local = 4.134609155999358e-05, global = -1.1212252703329472e-06, cumulative = 7.583836161713966e-07
[mem] after-pEqn: DEVICE_POOL current=22752 MB  actual(reserved)=38146 MB  highWater=28040 MB
[GinkgoSolver] p-cache: reuse(update_matrix_value) solve=2 rebuildInterval=0
Schwarz(Jacobi)+Bicgstab:  Solving for omega, Initial residual = 0.00819525408375014, Final residual = 0.00047804603800326117, No Iterations 1, Solve time = 64.465 ms
bounding omega, min: -3264.7548910758996 max: 45305779.09313119 average: 2705.6193340143595
[GinkgoSolver] p-cache: reuse(update_matrix_value) solve=2 rebuildInterval=0
Schwarz(Jacobi)+Bicgstab:  Solving for k, Initial residual = 0.07500535589734193, Final residual = 0.004455201527516674, No Iterations 1, Solve time = 50.822 ms
[mem] after-turb: DEVICE_POOL current=22752 MB  actual(reserved)=38146 MB  highWater=28040 MB
ExecutionTime = 106.34 s  ClockTime = 107 s

Time = 3
[mem] step-start: DEVICE_POOL current=22752 MB  actual(reserved)=38146 MB  highWater=28040 MB
Schwarz(Jacobi)+Bicgstab:  Solving for Ux, Initial residual = 0.0008090909581588122, Final residual = 4.76266744948713e-05, No Iterations 6, Solve time = 399.98 ms
Schwarz(Jacobi)+Bicgstab:  Solving for Uy, Initial residual = 0.03252115654688139, Final residual = 0.0006353773677805719, No Iterations 6, Solve time = 399.98 ms
Schwarz(Jacobi)+Bicgstab:  Solving for Uz, Initial residual = 0.01819768948169931, Final residual = 0.00026759254334297286, No Iterations 6, Solve time = 399.98 ms
[mem] after-UEqn: DEVICE_POOL current=22752 MB  actual(reserved)=38146 MB  highWater=28040 MB
[GinkgoSolver] p-cache: reuse(update_matrix_value) solve=3 rebuildInterval=100
config(Cg+Schwarz(Multigrid)):  Solving for p, Initial residual = 0.017363751597141725, Final residual = 0.00017241233858710046, No Iterations 110, Solve time = 3585.404 ms
time step continuity errors : sum local = 3.453551141269024e-05, global = 8.892173610433597e-07, cumulative = 1.6476009772147563e-06
[mem] after-pEqn: DEVICE_POOL current=22752 MB  actual(reserved)=38146 MB  highWater=28040 MB
[GinkgoSolver] p-cache: reuse(update_matrix_value) solve=3 rebuildInterval=0
Schwarz(Jacobi)+Bicgstab:  Solving for omega, Initial residual = 0.0035207685776874136, Final residual = 0.0002899570586164851, No Iterations 1, Solve time = 62.854 ms
bounding omega, min: -11.96542978359598 max: 45385805.66334008 average: 3322.4185960303644
[GinkgoSolver] p-cache: reuse(update_matrix_value) solve=3 rebuildInterval=0
Schwarz(Jacobi)+Bicgstab:  Solving for k, Initial residual = 0.01399768791395831, Final residual = 0.0010053760070371034, No Iterations 1, Solve time = 51.16 ms
[mem] after-turb: DEVICE_POOL current=22752 MB  actual(reserved)=38146 MB  highWater=28040 MB
ExecutionTime = 111.69 s  ClockTime = 112 s

Time = 4
[mem] step-start: DEVICE_POOL current=22752 MB  actual(reserved)=38146 MB  highWater=28040 MB
Schwarz(Jacobi)+Bicgstab:  Solving for Ux, Initial residual = 0.0005592210459572792, Final residual = 4.705760862698568e-05, No Iterations 4, Solve time = 295.245 ms
Schwarz(Jacobi)+Bicgstab:  Solving for Uy, Initial residual = 0.02025708838610962, Final residual = 0.0027019008789952816, No Iterations 4, Solve time = 295.245 ms
Schwarz(Jacobi)+Bicgstab:  Solving for Uz, Initial residual = 0.010484679458091227, Final residual = 0.0007747140867690158, No Iterations 4, Solve time = 295.245 ms
[mem] after-UEqn: DEVICE_POOL current=22752 MB  actual(reserved)=38146 MB  highWater=28040 MB
[GinkgoSolver] p-cache: reuse(update_matrix_value) solve=4 rebuildInterval=100
config(Cg+Schwarz(Multigrid)):  Solving for p, Initial residual = 0.01257293659870443, Final residual = 0.00012498151725104405, No Iterations 87, Solve time = 2846.759 ms
time step continuity errors : sum local = 3.1906500361186955e-05, global = -4.793760354115298e-07, cumulative = 1.1682249418032264e-06
[mem] after-pEqn: DEVICE_POOL current=22752 MB  actual(reserved)=38146 MB  highWater=28040 MB
[GinkgoSolver] p-cache: reuse(update_matrix_value) solve=4 rebuildInterval=0
Schwarz(Jacobi)+Bicgstab:  Solving for omega, Initial residual = 0.0017242375617910284, Final residual = 4.832147113183263e-05, No Iterations 2, Solve time = 88.287 ms
[GinkgoSolver] p-cache: reuse(update_matrix_value) solve=4 rebuildInterval=0
Schwarz(Jacobi)+Bicgstab:  Solving for k, Initial residual = 0.004640882061855133, Final residual = 0.00039336609101308815, No Iterations 1, Solve time = 50.854 ms
[mem] after-turb: DEVICE_POOL current=22752 MB  actual(reserved)=38146 MB  highWater=28040 MB
ExecutionTime = 116.23 s  ClockTime = 117 s

Time = 5
[mem] step-start: DEVICE_POOL current=22752 MB  actual(reserved)=38146 MB  highWater=28040 MB
Schwarz(Jacobi)+Bicgstab:  Solving for Ux, Initial residual = 0.00048234016045298076, Final residual = 3.7356516202936366e-05, No Iterations 4, Solve time = 284.153 ms
Schwarz(Jacobi)+Bicgstab:  Solving for Uy, Initial residual = 0.01850371790025097, Final residual = 0.001181961420429364, No Iterations 4, Solve time = 284.153 ms
Schwarz(Jacobi)+Bicgstab:  Solving for Uz, Initial residual = 0.008308914178024868, Final residual = 0.0008062608685994665, No Iterations 4, Solve time = 284.153 ms
[mem] after-UEqn: DEVICE_POOL current=22752 MB  actual(reserved)=38146 MB  highWater=28040 MB
[GinkgoSolver] p-cache: reuse(update_matrix_value) solve=5 rebuildInterval=100
config(Cg+Schwarz(Multigrid)):  Solving for p, Initial residual = 0.010721325723563312, Final residual = 0.00010578548847107375, No Iterations 85, Solve time = 2780.736 ms
time step continuity errors : sum local = 2.9616131086660108e-05, global = -8.198524264270362e-07, cumulative = 3.4837251537619016e-07
[mem] after-pEqn: DEVICE_POOL current=22752 MB  actual(reserved)=38146 MB  highWater=28040 MB
[GinkgoSolver] p-cache: reuse(update_matrix_value) solve=5 rebuildInterval=0
Schwarz(Jacobi)+Bicgstab:  Solving for omega, Initial residual = 0.000994420678491254, Final residual = 9.815795714377609e-05, No Iterations 1, Solve time = 64.284 ms
[GinkgoSolver] p-cache: reuse(update_matrix_value) solve=5 rebuildInterval=0
Schwarz(Jacobi)+Bicgstab:  Solving for k, Initial residual = 0.002356518816374452, Final residual = 0.00022365951081500086, No Iterations 1, Solve time = 50.762 ms
[mem] after-turb: DEVICE_POOL current=22752 MB  actual(reserved)=38146 MB  highWater=28040 MB
ExecutionTime = 120.68 s  ClockTime = 121 s

Time = 6
[mem] step-start: DEVICE_POOL current=22752 MB  actual(reserved)=38146 MB  highWater=28040 MB
Schwarz(Jacobi)+Bicgstab:  Solving for Ux, Initial residual = 0.000435368300351893, Final residual = 2.638259675888783e-05, No Iterations 5, Solve time = 343.841 ms
Schwarz(Jacobi)+Bicgstab:  Solving for Uy, Initial residual = 0.017900143183711147, Final residual = 0.0017015079484630628, No Iterations 5, Solve time = 343.841 ms
Schwarz(Jacobi)+Bicgstab:  Solving for Uz, Initial residual = 0.006719724796182945, Final residual = 0.0005111857923326807, No Iterations 5, Solve time = 343.841 ms
[mem] after-UEqn: DEVICE_POOL current=22752 MB  actual(reserved)=38146 MB  highWater=28040 MB
[GinkgoSolver] p-cache: reuse(update_matrix_value) solve=6 rebuildInterval=100
config(Cg+Schwarz(Multigrid)):  Solving for p, Initial residual = 0.011317582205742286, Final residual = 0.00010977204202551763, No Iterations 79, Solve time = 2589.019 ms
time step continuity errors : sum local = 2.997319995818827e-05, global = -1.4124678909125992e-06, cumulative = -1.064095375536409e-06
[mem] after-pEqn: DEVICE_POOL current=22752 MB  actual(reserved)=38146 MB  highWater=28040 MB
[GinkgoSolver] p-cache: reuse(update_matrix_value) solve=6 rebuildInterval=0
Schwarz(Jacobi)+Bicgstab:  Solving for omega, Initial residual = 0.0006247359179965682, Final residual = 2.4307251314646322e-05, No Iterations 2, Solve time = 87.13 ms
[GinkgoSolver] p-cache: reuse(update_matrix_value) solve=6 rebuildInterval=0
Schwarz(Jacobi)+Bicgstab:  Solving for k, Initial residual = 0.0016242701334085194, Final residual = 0.00015489765759062174, No Iterations 1, Solve time = 50.535 ms
[mem] after-turb: DEVICE_POOL current=22752 MB  actual(reserved)=38146 MB  highWater=28040 MB
ExecutionTime = 125.01 s  ClockTime = 126 s

Time = 7
[mem] step-start: DEVICE_POOL current=22752 MB  actual(reserved)=38146 MB  highWater=28040 MB
Schwarz(Jacobi)+Bicgstab:  Solving for Ux, Initial residual = 0.00037633493675899116, Final residual = 2.3440348831379946e-05, No Iterations 5, Solve time = 342.94 ms
Schwarz(Jacobi)+Bicgstab:  Solving for Uy, Initial residual = 0.015184868340499914, Final residual = 0.0012121653191947026, No Iterations 5, Solve time = 342.94 ms
Schwarz(Jacobi)+Bicgstab:  Solving for Uz, Initial residual = 0.005127792591870665, Final residual = 0.00027759987380449497, No Iterations 5, Solve time = 342.94 ms
[mem] after-UEqn: DEVICE_POOL current=22752 MB  actual(reserved)=38146 MB  highWater=28040 MB
[GinkgoSolver] p-cache: reuse(update_matrix_value) solve=7 rebuildInterval=100
config(Cg+Schwarz(Multigrid)):  Solving for p, Initial residual = 0.012324940291814778, Final residual = 0.00012191758735391882, No Iterations 84, Solve time = 2748.699 ms
time step continuity errors : sum local = 3.0000602579762405e-05, global = -7.356202209804347e-07, cumulative = -1.7997155965168436e-06
[mem] after-pEqn: DEVICE_POOL current=22752 MB  actual(reserved)=38146 MB  highWater=28040 MB
[GinkgoSolver] p-cache: reuse(update_matrix_value) solve=7 rebuildInterval=0
Schwarz(Jacobi)+Bicgstab:  Solving for omega, Initial residual = 0.0004898421369768861, Final residual = 1.523145325838686e-05, No Iterations 2, Solve time = 77.752 ms
[GinkgoSolver] p-cache: reuse(update_matrix_value) solve=7 rebuildInterval=0
Schwarz(Jacobi)+Bicgstab:  Solving for k, Initial residual = 0.0011596601045559718, Final residual = 2.4108742419665154e-05, No Iterations 3, Solve time = 96.618 ms
[mem] after-turb: DEVICE_POOL current=22752 MB  actual(reserved)=38146 MB  highWater=28040 MB
ExecutionTime = 129.54 s  ClockTime = 130 s

Time = 8
[mem] step-start: DEVICE_POOL current=22752 MB  actual(reserved)=38146 MB  highWater=28040 MB
Schwarz(Jacobi)+Bicgstab:  Solving for Ux, Initial residual = 0.0003160047686512946, Final residual = 2.501195288671296e-05, No Iterations 5, Solve time = 350.441 ms
Schwarz(Jacobi)+Bicgstab:  Solving for Uy, Initial residual = 0.011344476614706988, Final residual = 0.000282916551631475, No Iterations 5, Solve time = 350.441 ms
Schwarz(Jacobi)+Bicgstab:  Solving for Uz, Initial residual = 0.0036098116423790277, Final residual = 0.00019617931382963418, No Iterations 5, Solve time = 350.441 ms
[mem] after-UEqn: DEVICE_POOL current=22752 MB  actual(reserved)=38146 MB  highWater=28040 MB
[GinkgoSolver] p-cache: reuse(update_matrix_value) solve=8 rebuildInterval=100
config(Cg+Schwarz(Multigrid)):  Solving for p, Initial residual = 0.013337480477966752, Final residual = 0.00013290983585024008, No Iterations 97, Solve time = 3168.856 ms
time step continuity errors : sum local = 2.8286709314270395e-05, global = -8.717347564836184e-07, cumulative = -2.671450353000462e-06
[mem] after-pEqn: DEVICE_POOL current=22752 MB  actual(reserved)=38146 MB  highWater=28040 MB
[GinkgoSolver] p-cache: reuse(update_matrix_value) solve=8 rebuildInterval=0
Schwarz(Jacobi)+Bicgstab:  Solving for omega, Initial residual = 0.00035961804549367076, Final residual = 1.2434890527150454e-05, No Iterations 2, Solve time = 87.83 ms
bounding omega, min: -241.6483142055515 max: 45357655.98840429 average: 5745.651329533764
[GinkgoSolver] p-cache: reuse(update_matrix_value) solve=8 rebuildInterval=0
Schwarz(Jacobi)+Bicgstab:  Solving for k, Initial residual = 0.0008654119376774003, Final residual = 5.2475129299735545e-05, No Iterations 2, Solve time = 74.066 ms
bounding k, min: -1.0795716410048746e-05 max: 585.3585036826425 average: 0.4568700286190494
[mem] after-turb: DEVICE_POOL current=22752 MB  actual(reserved)=38146 MB  highWater=28040 MB
ExecutionTime = 134.47 s  ClockTime = 135 s

Time = 9
[mem] step-start: DEVICE_POOL current=22752 MB  actual(reserved)=38146 MB  highWater=28040 MB
Schwarz(Jacobi)+Bicgstab:  Solving for Ux, Initial residual = 0.00027325090670392077, Final residual = 7.299376490442327e-06, No Iterations 5, Solve time = 335.58 ms
Schwarz(Jacobi)+Bicgstab:  Solving for Uy, Initial residual = 0.009225919979654145, Final residual = 0.00043858104136051073, No Iterations 5, Solve time = 335.58 ms
Schwarz(Jacobi)+Bicgstab:  Solving for Uz, Initial residual = 0.002638418238544051, Final residual = 0.00015503459054364845, No Iterations 5, Solve time = 335.58 ms
[mem] after-UEqn: DEVICE_POOL current=22752 MB  actual(reserved)=38146 MB  highWater=28040 MB
[GinkgoSolver] p-cache: reuse(update_matrix_value) solve=9 rebuildInterval=100
config(Cg+Schwarz(Multigrid)):  Solving for p, Initial residual = 0.013788879047005974, Final residual = 0.00013766491729549517, No Iterations 94, Solve time = 3071.003 ms
time step continuity errors : sum local = 2.5968810827711423e-05, global = -1.0661103520490025e-06, cumulative = -3.7375607050494647e-06
[mem] after-pEqn: DEVICE_POOL current=22752 MB  actual(reserved)=38146 MB  highWater=28040 MB
[GinkgoSolver] p-cache: reuse(update_matrix_value) solve=9 rebuildInterval=0
Schwarz(Jacobi)+Bicgstab:  Solving for omega, Initial residual = 0.0002780457125644379, Final residual = 1.063103700523295e-05, No Iterations 2, Solve time = 88.627 ms
[GinkgoSolver] p-cache: reuse(update_matrix_value) solve=9 rebuildInterval=0
Schwarz(Jacobi)+Bicgstab:  Solving for k, Initial residual = 0.0006654124487571835, Final residual = 3.8863777036337486e-05, No Iterations 2, Solve time = 73.795 ms
[mem] after-turb: DEVICE_POOL current=22752 MB  actual(reserved)=38146 MB  highWater=28040 MB
ExecutionTime = 139.3 s  ClockTime = 140 s

Time = 10
[mem] step-start: DEVICE_POOL current=22752 MB  actual(reserved)=38146 MB  highWater=28040 MB
Schwarz(Jacobi)+Bicgstab:  Solving for Ux, Initial residual = 0.0002515181181707678, Final residual = 3.2053124733422816e-06, No Iterations 6, Solve time = 381.707 ms
Schwarz(Jacobi)+Bicgstab:  Solving for Uy, Initial residual = 0.010022253808775326, Final residual = 0.0003915019786880049, No Iterations 6, Solve time = 381.707 ms
Schwarz(Jacobi)+Bicgstab:  Solving for Uz, Initial residual = 0.0024924466433676896, Final residual = 4.163348620446051e-05, No Iterations 6, Solve time = 381.707 ms
[mem] after-UEqn: DEVICE_POOL current=22752 MB  actual(reserved)=38146 MB  highWater=28040 MB
[GinkgoSolver] p-cache: reuse(update_matrix_value) solve=10 rebuildInterval=100
config(Cg+Schwarz(Multigrid)):  Solving for p, Initial residual = 0.013477378100851891, Final residual = 0.00013362424362007674, No Iterations 81, Solve time = 2651.848 ms
time step continuity errors : sum local = 2.3904157228576252e-05, global = 2.641817116630931e-07, cumulative = -3.4733789933863715e-06
[mem] after-pEqn: DEVICE_POOL current=22752 MB  actual(reserved)=38146 MB  highWater=28040 MB
[GinkgoSolver] p-cache: reuse(update_matrix_value) solve=10 rebuildInterval=0
Schwarz(Jacobi)+Bicgstab:  Solving for omega, Initial residual = 0.00022454965457438045, Final residual = 9.222911921543982e-06, No Iterations 2, Solve time = 87.99 ms
[GinkgoSolver] p-cache: reuse(update_matrix_value) solve=10 rebuildInterval=0
Schwarz(Jacobi)+Bicgstab:  Solving for k, Initial residual = 0.0005267945518589493, Final residual = 3.276501839558571e-05, No Iterations 2, Solve time = 73.997 ms
[mem] after-turb: DEVICE_POOL current=22752 MB  actual(reserved)=38146 MB  highWater=28040 MB
ExecutionTime = 143.77 s  ClockTime = 144 s

Time = 11
[mem] step-start: DEVICE_POOL current=22752 MB  actual(reserved)=38146 MB  highWater=28040 MB
Schwarz(Jacobi)+Bicgstab:  Solving for Ux, Initial residual = 0.00023889076520885669, Final residual = 1.1187879385914712e-05, No Iterations 5, Solve time = 347.147 ms
Schwarz(Jacobi)+Bicgstab:  Solving for Uy, Initial residual = 0.011024982669122226, Final residual = 0.0003202233510654235, No Iterations 5, Solve time = 347.147 ms
Schwarz(Jacobi)+Bicgstab:  Solving for Uz, Initial residual = 0.0025433296582338363, Final residual = 7.254407340160354e-05, No Iterations 5, Solve time = 347.147 ms
[mem] after-UEqn: DEVICE_POOL current=22752 MB  actual(reserved)=38146 MB  highWater=28040 MB
[GinkgoSolver] p-cache: reuse(update_matrix_value) solve=11 rebuildInterval=100
config(Cg+Schwarz(Multigrid)):  Solving for p, Initial residual = 0.013152448638650617, Final residual = 0.00013142680658797875, No Iterations 95, Solve time = 3103.275 ms
time step continuity errors : sum local = 2.3959527630202908e-05, global = -1.009391935280482e-06, cumulative = -4.482770928666854e-06
[mem] after-pEqn: DEVICE_POOL current=22752 MB  actual(reserved)=38146 MB  highWater=28040 MB
[GinkgoSolver] p-cache: reuse(update_matrix_value) solve=11 rebuildInterval=0
Schwarz(Jacobi)+Bicgstab:  Solving for omega, Initial residual = 0.00018508942029127028, Final residual = 8.097933339776673e-06, No Iterations 2, Solve time = 89.004 ms
[GinkgoSolver] p-cache: reuse(update_matrix_value) solve=11 rebuildInterval=0
Schwarz(Jacobi)+Bicgstab:  Solving for k, Initial residual = 0.000439512442077715, Final residual = 2.8294625041681763e-05, No Iterations 2, Solve time = 73.644 ms
[mem] after-turb: DEVICE_POOL current=22752 MB  actual(reserved)=38146 MB  highWater=28040 MB
ExecutionTime = 148.63 s  ClockTime = 149 s

Time = 12
[mem] step-start: DEVICE_POOL current=22752 MB  actual(reserved)=38146 MB  highWater=28040 MB
Schwarz(Jacobi)+Bicgstab:  Solving for Ux, Initial residual = 0.00022764925003031195, Final residual = 1.499439701997579e-05, No Iterations 4, Solve time = 285.919 ms
Schwarz(Jacobi)+Bicgstab:  Solving for Uy, Initial residual = 0.011003756611827504, Final residual = 0.0007937602125452343, No Iterations 4, Solve time = 285.919 ms
Schwarz(Jacobi)+Bicgstab:  Solving for Uz, Initial residual = 0.0024766439018537034, Final residual = 0.00012085801578614415, No Iterations 4, Solve time = 285.919 ms
[mem] after-UEqn: DEVICE_POOL current=22752 MB  actual(reserved)=38146 MB  highWater=28040 MB
[GinkgoSolver] p-cache: reuse(update_matrix_value) solve=12 rebuildInterval=100
config(Cg+Schwarz(Multigrid)):  Solving for p, Initial residual = 0.012074510339481412, Final residual = 0.00011402855638681666, No Iterations 79, Solve time = 2589.623 ms
time step continuity errors : sum local = 2.2832332823255132e-05, global = 3.596795588079503e-07, cumulative = -4.123091369858903e-06
[mem] after-pEqn: DEVICE_POOL current=22752 MB  actual(reserved)=38146 MB  highWater=28040 MB
[GinkgoSolver] p-cache: reuse(update_matrix_value) solve=12 rebuildInterval=0
Schwarz(Jacobi)+Bicgstab:  Solving for omega, Initial residual = 0.00015606290095356723, Final residual = 7.1417293044126e-06, No Iterations 2, Solve time = 87.919 ms
[GinkgoSolver] p-cache: reuse(update_matrix_value) solve=12 rebuildInterval=0
Schwarz(Jacobi)+Bicgstab:  Solving for k, Initial residual = 0.00038761910847913325, Final residual = 2.5739784290368475e-05, No Iterations 2, Solve time = 73.691 ms
[mem] after-turb: DEVICE_POOL current=22752 MB  actual(reserved)=38146 MB  highWater=28040 MB
ExecutionTime = 152.94 s  ClockTime = 154 s

Time = 13
[mem] step-start: DEVICE_POOL current=22752 MB  actual(reserved)=38146 MB  highWater=28040 MB
Schwarz(Jacobi)+Bicgstab:  Solving for Ux, Initial residual = 0.00021560541113405972, Final residual = 9.478994075671039e-06, No Iterations 4, Solve time = 300.662 ms
Schwarz(Jacobi)+Bicgstab:  Solving for Uy, Initial residual = 0.01026159194002606, Final residual = 0.0005802106164045795, No Iterations 4, Solve time = 300.662 ms
Schwarz(Jacobi)+Bicgstab:  Solving for Uz, Initial residual = 0.002293631416618499, Final residual = 0.0001087366090704774, No Iterations 4, Solve time = 300.662 ms
[mem] after-UEqn: DEVICE_POOL current=22752 MB  actual(reserved)=38146 MB  highWater=28040 MB
[GinkgoSolver] p-cache: reuse(update_matrix_value) solve=13 rebuildInterval=100
config(Cg+Schwarz(Multigrid)):  Solving for p, Initial residual = 0.010628128104190537, Final residual = 0.00010561714457770506, No Iterations 79, Solve time = 2588.437 ms
time step continuity errors : sum local = 2.3626148312782263e-05, global = 1.344600343477171e-07, cumulative = -3.988631335511186e-06
[mem] after-pEqn: DEVICE_POOL current=22752 MB  actual(reserved)=38146 MB  highWater=28040 MB
[GinkgoSolver] p-cache: reuse(update_matrix_value) solve=13 rebuildInterval=0
Schwarz(Jacobi)+Bicgstab:  Solving for omega, Initial residual = 0.00013496462814427336, Final residual = 6.42435153966362e-06, No Iterations 2, Solve time = 87.124 ms
[GinkgoSolver] p-cache: reuse(update_matrix_value) solve=13 rebuildInterval=0
Schwarz(Jacobi)+Bicgstab:  Solving for k, Initial residual = 0.00036771901578966615, Final residual = 2.5903449557574895e-05, No Iterations 2, Solve time = 73.568 ms
[mem] after-turb: DEVICE_POOL current=22752 MB  actual(reserved)=38146 MB  highWater=28040 MB
ExecutionTime = 157.25 s  ClockTime = 158 s

Time = 14
[mem] step-start: DEVICE_POOL current=22752 MB  actual(reserved)=38146 MB  highWater=28040 MB
Schwarz(Jacobi)+Bicgstab:  Solving for Ux, Initial residual = 0.00020539772483979478, Final residual = 1.3895767216622181e-05, No Iterations 4, Solve time = 295.323 ms
Schwarz(Jacobi)+Bicgstab:  Solving for Uy, Initial residual = 0.009302561456110343, Final residual = 0.0012932513967952187, No Iterations 4, Solve time = 295.323 ms
Schwarz(Jacobi)+Bicgstab:  Solving for Uz, Initial residual = 0.002094504324445816, Final residual = 0.00021972145931465636, No Iterations 4, Solve time = 295.323 ms
[mem] after-UEqn: DEVICE_POOL current=22752 MB  actual(reserved)=38146 MB  highWater=28040 MB
[GinkgoSolver] p-cache: reuse(update_matrix_value) solve=14 rebuildInterval=100
config(Cg+Schwarz(Multigrid)):  Solving for p, Initial residual = 0.009233842285781722, Final residual = 9.180627234760692e-05, No Iterations 71, Solve time = 2331.491 ms
time step continuity errors : sum local = 2.284702642483026e-05, global = 8.542972725174873e-07, cumulative = -3.1343340629936987e-06
[mem] after-pEqn: DEVICE_POOL current=22752 MB  actual(reserved)=38146 MB  highWater=28040 MB
[GinkgoSolver] p-cache: reuse(update_matrix_value) solve=14 rebuildInterval=0
Schwarz(Jacobi)+Bicgstab:  Solving for omega, Initial residual = 0.0001204630729406706, Final residual = 5.877617812782949e-06, No Iterations 2, Solve time = 87.896 ms
[GinkgoSolver] p-cache: reuse(update_matrix_value) solve=14 rebuildInterval=0
Schwarz(Jacobi)+Bicgstab:  Solving for k, Initial residual = 0.00036022161923799696, Final residual = 2.915873724184308e-05, No Iterations 2, Solve time = 74.796 ms
[mem] after-turb: DEVICE_POOL current=22752 MB  actual(reserved)=38146 MB  highWater=28040 MB
ExecutionTime = 161.3 s  ClockTime = 162 s

Time = 15
[mem] step-start: DEVICE_POOL current=22752 MB  actual(reserved)=38146 MB  highWater=28040 MB
Schwarz(Jacobi)+Bicgstab:  Solving for Ux, Initial residual = 0.00019756713229030962, Final residual = 1.5706045679693177e-05, No Iterations 4, Solve time = 294.525 ms
Schwarz(Jacobi)+Bicgstab:  Solving for Uy, Initial residual = 0.008610103714921387, Final residual = 0.0005218549312195784, No Iterations 4, Solve time = 294.525 ms
Schwarz(Jacobi)+Bicgstab:  Solving for Uz, Initial residual = 0.001949841332509275, Final residual = 0.00010418558537853024, No Iterations 4, Solve time = 294.525 ms
[mem] after-UEqn: DEVICE_POOL current=22752 MB  actual(reserved)=38146 MB  highWater=28040 MB
[GinkgoSolver] p-cache: reuse(update_matrix_value) solve=15 rebuildInterval=100
config(Cg+Schwarz(Multigrid)):  Solving for p, Initial residual = 0.008239235305625646, Final residual = 8.237161356551067e-05, No Iterations 68, Solve time = 2234.877 ms
time step continuity errors : sum local = 2.224757660797761e-05, global = 8.83750821795124e-08, cumulative = -3.0459589808141863e-06
[mem] after-pEqn: DEVICE_POOL current=22752 MB  actual(reserved)=38146 MB  highWater=28040 MB
[GinkgoSolver] p-cache: reuse(update_matrix_value) solve=15 rebuildInterval=0
Schwarz(Jacobi)+Bicgstab:  Solving for omega, Initial residual = 0.00010974576337954007, Final residual = 5.421887560143442e-06, No Iterations 2, Solve time = 88.243 ms
[GinkgoSolver] p-cache: reuse(update_matrix_value) solve=15 rebuildInterval=0
Schwarz(Jacobi)+Bicgstab:  Solving for k, Initial residual = 0.00035462841165863693, Final residual = 9.507068086742277e-06, No Iterations 3, Solve time = 97.404 ms
[mem] after-turb: DEVICE_POOL current=22752 MB  actual(reserved)=38146 MB  highWater=28040 MB
ExecutionTime = 165.26 s  ClockTime = 166 s

Time = 16
[mem] step-start: DEVICE_POOL current=22752 MB  actual(reserved)=38146 MB  highWater=28040 MB
Schwarz(Jacobi)+Bicgstab:  Solving for Ux, Initial residual = 0.00019010168601143256, Final residual = 5.140746820956832e-06, No Iterations 5, Solve time = 343.9 ms
Schwarz(Jacobi)+Bicgstab:  Solving for Uy, Initial residual = 0.00820039960215452, Final residual = 0.00021447257357328747, No Iterations 5, Solve time = 343.9 ms
Schwarz(Jacobi)+Bicgstab:  Solving for Uz, Initial residual = 0.0018889793016224857, Final residual = 7.521041700897121e-05, No Iterations 5, Solve time = 343.9 ms
[mem] after-UEqn: DEVICE_POOL current=22752 MB  actual(reserved)=38146 MB  highWater=28040 MB
[GinkgoSolver] p-cache: reuse(update_matrix_value) solve=16 rebuildInterval=100
config(Cg+Schwarz(Multigrid)):  Solving for p, Initial residual = 0.007627763143248153, Final residual = 7.429496871903266e-05, No Iterations 63, Solve time = 2077.748 ms
time step continuity errors : sum local = 2.1185682011888646e-05, global = -2.663933114083501e-08, cumulative = -3.072598311955021e-06
[mem] after-pEqn: DEVICE_POOL current=22752 MB  actual(reserved)=38146 MB  highWater=28040 MB
[GinkgoSolver] p-cache: reuse(update_matrix_value) solve=16 rebuildInterval=0
Schwarz(Jacobi)+Bicgstab:  Solving for omega, Initial residual = 0.00010123986941328984, Final residual = 5.115800853783747e-06, No Iterations 2, Solve time = 86.789 ms
[GinkgoSolver] p-cache: reuse(update_matrix_value) solve=16 rebuildInterval=0
Schwarz(Jacobi)+Bicgstab:  Solving for k, Initial residual = 0.0003520089576109309, Final residual = 2.7334652752710343e-05, No Iterations 2, Solve time = 75.124 ms
[mem] after-turb: DEVICE_POOL current=22752 MB  actual(reserved)=38146 MB  highWater=28040 MB
ExecutionTime = 169.11 s  ClockTime = 170 s

Time = 17
[mem] step-start: DEVICE_POOL current=22752 MB  actual(reserved)=38146 MB  highWater=28040 MB
Schwarz(Jacobi)+Bicgstab:  Solving for Ux, Initial residual = 0.00018330210229555534, Final residual = 6.4860462393909234e-06, No Iterations 4, Solve time = 288.637 ms
Schwarz(Jacobi)+Bicgstab:  Solving for Uy, Initial residual = 0.007902861315793555, Final residual = 0.0023376920439095636, No Iterations 4, Solve time = 288.637 ms
Schwarz(Jacobi)+Bicgstab:  Solving for Uz, Initial residual = 0.0018215879133888439, Final residual = 8.24463924001072e-05, No Iterations 4, Solve time = 288.637 ms
[mem] after-UEqn: DEVICE_POOL current=22752 MB  actual(reserved)=38146 MB  highWater=28040 MB
[GinkgoSolver] p-cache: reuse(update_matrix_value) solve=17 rebuildInterval=100
config(Cg+Schwarz(Multigrid)):  Solving for p, Initial residual = 0.007224410890530601, Final residual = 7.156181202757408e-05, No Iterations 47, Solve time = 1558.226 ms
time step continuity errors : sum local = 2.109476225534357e-05, global = -1.686140543999644e-07, cumulative = -3.2412123663549853e-06
[mem] after-pEqn: DEVICE_POOL current=22752 MB  actual(reserved)=38146 MB  highWater=28040 MB
[GinkgoSolver] p-cache: reuse(update_matrix_value) solve=17 rebuildInterval=0
Schwarz(Jacobi)+Bicgstab:  Solving for omega, Initial residual = 9.419184957296136e-05, Final residual = 4.789839628437633e-06, No Iterations 2, Solve time = 88.056 ms
[GinkgoSolver] p-cache: reuse(update_matrix_value) solve=17 rebuildInterval=0
Schwarz(Jacobi)+Bicgstab:  Solving for k, Initial residual = 0.000349874225689271, Final residual = 8.371128413214901e-06, No Iterations 3, Solve time = 97.212 ms
[mem] after-turb: DEVICE_POOL current=22752 MB  actual(reserved)=38146 MB  highWater=28040 MB
ExecutionTime = 172.4 s  ClockTime = 173 s

Time = 18
[mem] step-start: DEVICE_POOL current=22752 MB  actual(reserved)=38146 MB  highWater=28040 MB
Schwarz(Jacobi)+Bicgstab:  Solving for Ux, Initial residual = 0.00017532162710692797, Final residual = 3.996157595558229e-06, No Iterations 5, Solve time = 343.479 ms
Schwarz(Jacobi)+Bicgstab:  Solving for Uy, Initial residual = 0.007763777466618095, Final residual = 0.00024705325640243217, No Iterations 5, Solve time = 343.479 ms
Schwarz(Jacobi)+Bicgstab:  Solving for Uz, Initial residual = 0.001746619111659712, Final residual = 3.929322200731273e-05, No Iterations 5, Solve time = 343.479 ms
[mem] after-UEqn: DEVICE_POOL current=22752 MB  actual(reserved)=38146 MB  highWater=28040 MB
[GinkgoSolver] p-cache: reuse(update_matrix_value) solve=18 rebuildInterval=100
config(Cg+Schwarz(Multigrid)):  Solving for p, Initial residual = 0.007014058821367249, Final residual = 6.786866910059326e-05, No Iterations 53, Solve time = 1751.828 ms
time step continuity errors : sum local = 2.0225653502117614e-05, global = 1.8073490479419737e-07, cumulative = -3.060477461560788e-06
[mem] after-pEqn: DEVICE_POOL current=22752 MB  actual(reserved)=38146 MB  highWater=28040 MB
[GinkgoSolver] p-cache: reuse(update_matrix_value) solve=18 rebuildInterval=0
Schwarz(Jacobi)+Bicgstab:  Solving for omega, Initial residual = 8.81390651562536e-05, Final residual = 4.594896744564905e-06, No Iterations 2, Solve time = 86.923 ms
[GinkgoSolver] p-cache: reuse(update_matrix_value) solve=18 rebuildInterval=0
Schwarz(Jacobi)+Bicgstab:  Solving for k, Initial residual = 0.00035026612106702485, Final residual = 3.174726134323895e-05, No Iterations 2, Solve time = 74.127 ms
[mem] after-turb: DEVICE_POOL current=22752 MB  actual(reserved)=38146 MB  highWater=28040 MB
ExecutionTime = 175.91 s  ClockTime = 177 s

Time = 19
[mem] step-start: DEVICE_POOL current=22752 MB  actual(reserved)=38146 MB  highWater=28040 MB
Schwarz(Jacobi)+Bicgstab:  Solving for Ux, Initial residual = 0.0001678128405639599, Final residual = 1.2950426094509212e-05, No Iterations 3, Solve time = 236.571 ms
Schwarz(Jacobi)+Bicgstab:  Solving for Uy, Initial residual = 0.007449022370168431, Final residual = 0.0006758829725512367, No Iterations 3, Solve time = 236.571 ms
Schwarz(Jacobi)+Bicgstab:  Solving for Uz, Initial residual = 0.0016985557742145623, Final residual = 0.00016132086521769426, No Iterations 3, Solve time = 236.571 ms
[mem] after-UEqn: DEVICE_POOL current=22752 MB  actual(reserved)=38146 MB  highWater=28040 MB
[GinkgoSolver] p-cache: reuse(update_matrix_value) solve=19 rebuildInterval=100
config(Cg+Schwarz(Multigrid)):  Solving for p, Initial residual = 0.006778347082612388, Final residual = 6.558457613661113e-05, No Iterations 53, Solve time = 1750.419 ms
time step continuity errors : sum local = 1.9806692541115566e-05, global = 1.0148933608475677e-06, cumulative = -2.0455841007132202e-06
[mem] after-pEqn: DEVICE_POOL current=22752 MB  actual(reserved)=38146 MB  highWater=28040 MB
[GinkgoSolver] p-cache: reuse(update_matrix_value) solve=19 rebuildInterval=0
Schwarz(Jacobi)+Bicgstab:  Solving for omega, Initial residual = 8.300955031974049e-05, Final residual = 4.380072579194217e-06, No Iterations 2, Solve time = 87.572 ms
[GinkgoSolver] p-cache: reuse(update_matrix_value) solve=19 rebuildInterval=0
Schwarz(Jacobi)+Bicgstab:  Solving for k, Initial residual = 0.0003497755017739765, Final residual = 8.590109251695885e-06, No Iterations 3, Solve time = 96.112 ms
[mem] after-turb: DEVICE_POOL current=22752 MB  actual(reserved)=38146 MB  highWater=28040 MB
ExecutionTime = 179.36 s  ClockTime = 180 s

Time = 20
[mem] step-start: DEVICE_POOL current=22752 MB  actual(reserved)=38146 MB  highWater=28040 MB
Schwarz(Jacobi)+Bicgstab:  Solving for Ux, Initial residual = 0.0001619176819021638, Final residual = 7.0546701493585884e-06, No Iterations 4, Solve time = 283.375 ms
Schwarz(Jacobi)+Bicgstab:  Solving for Uy, Initial residual = 0.007307039663201118, Final residual = 0.000887446180949663, No Iterations 4, Solve time = 283.375 ms
Schwarz(Jacobi)+Bicgstab:  Solving for Uz, Initial residual = 0.001693368029463287, Final residual = 0.00017872388358561948, No Iterations 4, Solve time = 283.375 ms
[mem] after-UEqn: DEVICE_POOL current=22752 MB  actual(reserved)=38146 MB  highWater=28040 MB
[GinkgoSolver] p-cache: reuse(update_matrix_value) solve=20 rebuildInterval=100
config(Cg+Schwarz(Multigrid)):  Solving for p, Initial residual = 0.006560964209405059, Final residual = 6.472545453827846e-05, No Iterations 52, Solve time = 1718.364 ms
time step continuity errors : sum local = 1.979171758809532e-05, global = 1.5167531403459514e-06, cumulative = -5.288309603672688e-07
[mem] after-pEqn: DEVICE_POOL current=22752 MB  actual(reserved)=38146 MB  highWater=28040 MB
[GinkgoSolver] p-cache: reuse(update_matrix_value) solve=20 rebuildInterval=0
Schwarz(Jacobi)+Bicgstab:  Solving for omega, Initial residual = 7.805293714973469e-05, Final residual = 4.2027699994109015e-06, No Iterations 2, Solve time = 87.903 ms
[GinkgoSolver] p-cache: reuse(update_matrix_value) solve=20 rebuildInterval=0
Schwarz(Jacobi)+Bicgstab:  Solving for k, Initial residual = 0.00035054711395757, Final residual = 8.279673940792694e-06, No Iterations 3, Solve time = 98.396 ms
[mem] after-turb: DEVICE_POOL current=22752 MB  actual(reserved)=38146 MB  highWater=28040 MB
ExecutionTime = 182.8 s  ClockTime = 184 s

Time = 21
[mem] step-start: DEVICE_POOL current=22752 MB  actual(reserved)=38146 MB  highWater=28040 MB
Schwarz(Jacobi)+Bicgstab:  Solving for Ux, Initial residual = 0.00015808534953919127, Final residual = 1.2458180185254836e-05, No Iterations 3, Solve time = 237.437 ms
Schwarz(Jacobi)+Bicgstab:  Solving for Uy, Initial residual = 0.0072529131178533, Final residual = 0.0009217169810983651, No Iterations 3, Solve time = 237.437 ms
Schwarz(Jacobi)+Bicgstab:  Solving for Uz, Initial residual = 0.0017176659065634785, Final residual = 0.0001470113700328195, No Iterations 3, Solve time = 237.437 ms
[mem] after-UEqn: DEVICE_POOL current=22752 MB  actual(reserved)=38146 MB  highWater=28040 MB
[GinkgoSolver] p-cache: reuse(update_matrix_value) solve=21 rebuildInterval=100
config(Cg+Schwarz(Multigrid)):  Solving for p, Initial residual = 0.006326765241145102, Final residual = 6.113636965116221e-05, No Iterations 51, Solve time = 1689.212 ms
time step continuity errors : sum local = 1.8951684411105276e-05, global = 1.5641567436958978e-06, cumulative = 1.035325783328629e-06
[mem] after-pEqn: DEVICE_POOL current=22752 MB  actual(reserved)=38146 MB  highWater=28040 MB
[GinkgoSolver] p-cache: reuse(update_matrix_value) solve=21 rebuildInterval=0
Schwarz(Jacobi)+Bicgstab:  Solving for omega, Initial residual = 7.374474850934765e-05, Final residual = 4.037485901734542e-06, No Iterations 2, Solve time = 88.197 ms
[GinkgoSolver] p-cache: reuse(update_matrix_value) solve=21 rebuildInterval=0
Schwarz(Jacobi)+Bicgstab:  Solving for k, Initial residual = 0.00035262929463510215, Final residual = 8.419040620492239e-06, No Iterations 3, Solve time = 97.47 ms
[mem] after-turb: DEVICE_POOL current=22752 MB  actual(reserved)=38146 MB  highWater=28040 MB
ExecutionTime = 186.17 s  ClockTime = 187 s

Time = 22
[mem] step-start: DEVICE_POOL current=22752 MB  actual(reserved)=38146 MB  highWater=28040 MB
Schwarz(Jacobi)+Bicgstab:  Solving for Ux, Initial residual = 0.00015591774924328942, Final residual = 1.5485125716793446e-05, No Iterations 3, Solve time = 220.558 ms
Schwarz(Jacobi)+Bicgstab:  Solving for Uy, Initial residual = 0.0072302445071753775, Final residual = 0.0006702772466636915, No Iterations 3, Solve time = 220.558 ms
Schwarz(Jacobi)+Bicgstab:  Solving for Uz, Initial residual = 0.001743898353048014, Final residual = 0.00014623690635221182, No Iterations 3, Solve time = 220.558 ms
[mem] after-UEqn: DEVICE_POOL current=22752 MB  actual(reserved)=38146 MB  highWater=28040 MB
[GinkgoSolver] p-cache: reuse(update_matrix_value) solve=22 rebuildInterval=100
config(Cg+Schwarz(Multigrid)):  Solving for p, Initial residual = 0.006143649122549792, Final residual = 5.8109530330729156e-05, No Iterations 47, Solve time = 1561.276 ms
time step continuity errors : sum local = 1.8249049875322497e-05, global = 1.2206549958235813e-06, cumulative = 2.25598077915221e-06
[mem] after-pEqn: DEVICE_POOL current=22752 MB  actual(reserved)=38146 MB  highWater=28040 MB
[GinkgoSolver] p-cache: reuse(update_matrix_value) solve=22 rebuildInterval=0
Schwarz(Jacobi)+Bicgstab:  Solving for omega, Initial residual = 6.965892626809069e-05, Final residual = 3.859527970363058e-06, No Iterations 2, Solve time = 87.391 ms
[GinkgoSolver] p-cache: reuse(update_matrix_value) solve=22 rebuildInterval=0
Schwarz(Jacobi)+Bicgstab:  Solving for k, Initial residual = 0.0003538229998882181, Final residual = 8.55612474224621e-06, No Iterations 3, Solve time = 97.547 ms
[mem] after-turb: DEVICE_POOL current=22752 MB  actual(reserved)=38146 MB  highWater=28040 MB
ExecutionTime = 189.39 s  ClockTime = 190 s

Time = 23
[mem] step-start: DEVICE_POOL current=22752 MB  actual(reserved)=38146 MB  highWater=28040 MB
Schwarz(Jacobi)+Bicgstab:  Solving for Ux, Initial residual = 0.00015360746041622923, Final residual = 1.3704591716599048e-05, No Iterations 3, Solve time = 245.643 ms
Schwarz(Jacobi)+Bicgstab:  Solving for Uy, Initial residual = 0.0071198730466640985, Final residual = 0.0005647536859728985, No Iterations 3, Solve time = 245.643 ms
Schwarz(Jacobi)+Bicgstab:  Solving for Uz, Initial residual = 0.0017592332940865216, Final residual = 0.00014391886767132505, No Iterations 3, Solve time = 245.643 ms
[mem] after-UEqn: DEVICE_POOL current=22752 MB  actual(reserved)=38146 MB  highWater=28040 MB
[GinkgoSolver] p-cache: reuse(update_matrix_value) solve=23 rebuildInterval=100
config(Cg+Schwarz(Multigrid)):  Solving for p, Initial residual = 0.006000279196382068, Final residual = 5.933481689024096e-05, No Iterations 28, Solve time = 949.772 ms
time step continuity errors : sum local = 1.8812871063886103e-05, global = 4.185576014904846e-07, cumulative = 2.6745383806426946e-06
[mem] after-pEqn: DEVICE_POOL current=22752 MB  actual(reserved)=38146 MB  highWater=28040 MB
[GinkgoSolver] p-cache: reuse(update_matrix_value) solve=23 rebuildInterval=0
Schwarz(Jacobi)+Bicgstab:  Solving for omega, Initial residual = 6.617739745317854e-05, Final residual = 3.7243145397937376e-06, No Iterations 2, Solve time = 87.669 ms
bounding omega, min: -1366.8797583807786 max: 45356381.68991583 average: 7061.636758289608
[GinkgoSolver] p-cache: reuse(update_matrix_value) solve=23 rebuildInterval=0
Schwarz(Jacobi)+Bicgstab:  Solving for k, Initial residual = 0.0003563733352590372, Final residual = 8.744044639082603e-06, No Iterations 3, Solve time = 97.173 ms
[mem] after-turb: DEVICE_POOL current=22752 MB  actual(reserved)=38146 MB  highWater=28040 MB
ExecutionTime = 192.03 s  ClockTime = 193 s

Time = 24
[mem] step-start: DEVICE_POOL current=22752 MB  actual(reserved)=38146 MB  highWater=28040 MB
Schwarz(Jacobi)+Bicgstab:  Solving for Ux, Initial residual = 0.00015151053480636875, Final residual = 8.073514450016624e-06, No Iterations 4, Solve time = 297.65 ms
Schwarz(Jacobi)+Bicgstab:  Solving for Uy, Initial residual = 0.006970467159241047, Final residual = 0.00028219892189417786, No Iterations 4, Solve time = 297.65 ms
Schwarz(Jacobi)+Bicgstab:  Solving for Uz, Initial residual = 0.001758221810570294, Final residual = 5.736581573157224e-05, No Iterations 4, Solve time = 297.65 ms
[mem] after-UEqn: DEVICE_POOL current=22752 MB  actual(reserved)=38146 MB  highWater=28040 MB
[GinkgoSolver] p-cache: reuse(update_matrix_value) solve=24 rebuildInterval=100
config(Cg+Schwarz(Multigrid)):  Solving for p, Initial residual = 0.005946969437387508, Final residual = 5.905470951741161e-05, No Iterations 26, Solve time = 884.379 ms
time step continuity errors : sum local = 1.8642528788518024e-05, global = 5.192531339195674e-07, cumulative = 3.193791514562262e-06
[mem] after-pEqn: DEVICE_POOL current=22752 MB  actual(reserved)=38146 MB  highWater=28040 MB
[GinkgoSolver] p-cache: reuse(update_matrix_value) solve=24 rebuildInterval=0
Schwarz(Jacobi)+Bicgstab:  Solving for omega, Initial residual = 6.301566313007271e-05, Final residual = 3.591164711578652e-06, No Iterations 2, Solve time = 87.692 ms
[GinkgoSolver] p-cache: reuse(update_matrix_value) solve=24 rebuildInterval=0
Schwarz(Jacobi)+Bicgstab:  Solving for k, Initial residual = 0.0003599932977438212, Final residual = 8.866798758294409e-06, No Iterations 3, Solve time = 97.435 ms
[mem] after-turb: DEVICE_POOL current=22752 MB  actual(reserved)=38146 MB  highWater=28040 MB
ExecutionTime = 194.66 s  ClockTime = 195 s

Time = 25
[mem] step-start: DEVICE_POOL current=22752 MB  actual(reserved)=38146 MB  highWater=28040 MB
Schwarz(Jacobi)+Bicgstab:  Solving for Ux, Initial residual = 0.00014944115244709495, Final residual = 1.085501012885775e-05, No Iterations 3, Solve time = 220.691 ms
Schwarz(Jacobi)+Bicgstab:  Solving for Uy, Initial residual = 0.006794849599884713, Final residual = 0.0005205054436669834, No Iterations 3, Solve time = 220.691 ms
Schwarz(Jacobi)+Bicgstab:  Solving for Uz, Initial residual = 0.0017468504742761824, Final residual = 0.00014524899655167351, No Iterations 3, Solve time = 220.691 ms
[mem] after-UEqn: DEVICE_POOL current=22752 MB  actual(reserved)=38146 MB  highWater=28040 MB
[GinkgoSolver] p-cache: reuse(update_matrix_value) solve=25 rebuildInterval=100
config(Cg+Schwarz(Multigrid)):  Solving for p, Initial residual = 0.005865714694858712, Final residual = 5.6101277473649055e-05, No Iterations 26, Solve time = 885.137 ms
time step continuity errors : sum local = 1.7678328710806657e-05, global = 6.577182027891732e-07, cumulative = 3.8515097173514355e-06
[mem] after-pEqn: DEVICE_POOL current=22752 MB  actual(reserved)=38146 MB  highWater=28040 MB
[GinkgoSolver] p-cache: reuse(update_matrix_value) solve=25 rebuildInterval=0
Schwarz(Jacobi)+Bicgstab:  Solving for omega, Initial residual = 6.018397444857864e-05, Final residual = 3.4974807862672918e-06, No Iterations 2, Solve time = 87.448 ms
[GinkgoSolver] p-cache: reuse(update_matrix_value) solve=25 rebuildInterval=0
Schwarz(Jacobi)+Bicgstab:  Solving for k, Initial residual = 0.000363249903581381, Final residual = 9.013920577606226e-06, No Iterations 3, Solve time = 96.707 ms
[mem] after-turb: DEVICE_POOL current=22752 MB  actual(reserved)=38146 MB  highWater=28040 MB
ExecutionTime = 197.2 s  ClockTime = 198 s

Time = 26
[mem] step-start: DEVICE_POOL current=22752 MB  actual(reserved)=38146 MB  highWater=28040 MB
Schwarz(Jacobi)+Bicgstab:  Solving for Ux, Initial residual = 0.00014702415024462067, Final residual = 7.829413832699295e-06, No Iterations 4, Solve time = 289.112 ms
Schwarz(Jacobi)+Bicgstab:  Solving for Uy, Initial residual = 0.006648393107080668, Final residual = 0.0011081558301828305, No Iterations 4, Solve time = 289.112 ms
Schwarz(Jacobi)+Bicgstab:  Solving for Uz, Initial residual = 0.0017445388026310804, Final residual = 0.0001287473785904123, No Iterations 4, Solve time = 289.112 ms
[mem] after-UEqn: DEVICE_POOL current=22752 MB  actual(reserved)=38146 MB  highWater=28040 MB
[GinkgoSolver] p-cache: reuse(update_matrix_value) solve=26 rebuildInterval=100
config(Cg+Schwarz(Multigrid)):  Solving for p, Initial residual = 0.005780454878603933, Final residual = 5.5442197448377535e-05, No Iterations 26, Solve time = 886.172 ms
time step continuity errors : sum local = 1.7469494125664015e-05, global = 8.583766871458768e-07, cumulative = 4.709886404497312e-06
[mem] after-pEqn: DEVICE_POOL current=22752 MB  actual(reserved)=38146 MB  highWater=28040 MB
[GinkgoSolver] p-cache: reuse(update_matrix_value) solve=26 rebuildInterval=0
Schwarz(Jacobi)+Bicgstab:  Solving for omega, Initial residual = 5.763228165251152e-05, Final residual = 3.348472273041762e-06, No Iterations 2, Solve time = 88.045 ms
bounding omega, min: -48970.28977974373 max: 45356132.30483646 average: 7144.370513339684
[GinkgoSolver] p-cache: reuse(update_matrix_value) solve=26 rebuildInterval=0
Schwarz(Jacobi)+Bicgstab:  Solving for k, Initial residual = 0.0003671143913899908, Final residual = 9.253155240399927e-06, No Iterations 3, Solve time = 100.503 ms
[mem] after-turb: DEVICE_POOL current=22752 MB  actual(reserved)=38146 MB  highWater=28040 MB
ExecutionTime = 199.83 s  ClockTime = 201 s

Time = 27
[mem] step-start: DEVICE_POOL current=22752 MB  actual(reserved)=38146 MB  highWater=28040 MB
Schwarz(Jacobi)+Bicgstab:  Solving for Ux, Initial residual = 0.00014447184445223475, Final residual = 1.0776386395898304e-05, No Iterations 3, Solve time = 239.036 ms
Schwarz(Jacobi)+Bicgstab:  Solving for Uy, Initial residual = 0.006555233667407603, Final residual = 0.00047765898690234424, No Iterations 3, Solve time = 239.036 ms
Schwarz(Jacobi)+Bicgstab:  Solving for Uz, Initial residual = 0.0017437047027434565, Final residual = 0.00013723179609924753, No Iterations 3, Solve time = 239.036 ms
[mem] after-UEqn: DEVICE_POOL current=22752 MB  actual(reserved)=38146 MB  highWater=28040 MB
[GinkgoSolver] p-cache: reuse(update_matrix_value) solve=27 rebuildInterval=100
config(Cg+Schwarz(Multigrid)):  Solving for p, Initial residual = 0.005695191539085685, Final residual = 5.6179220037775915e-05, No Iterations 28, Solve time = 950.058 ms
time step continuity errors : sum local = 1.769375665826138e-05, global = 1.07697566136755e-06, cumulative = 5.7868620658648625e-06
[mem] after-pEqn: DEVICE_POOL current=22752 MB  actual(reserved)=38146 MB  highWater=28040 MB
[GinkgoSolver] p-cache: reuse(update_matrix_value) solve=27 rebuildInterval=0
Schwarz(Jacobi)+Bicgstab:  Solving for omega, Initial residual = 5.53961369957368e-05, Final residual = 3.2615174849680735e-06, No Iterations 2, Solve time = 87.417 ms
[GinkgoSolver] p-cache: reuse(update_matrix_value) solve=27 rebuildInterval=0
Schwarz(Jacobi)+Bicgstab:  Solving for k, Initial residual = 0.0003721272199155292, Final residual = 9.75501999411442e-06, No Iterations 3, Solve time = 97.546 ms
[mem] after-turb: DEVICE_POOL current=22752 MB  actual(reserved)=38146 MB  highWater=28040 MB
ExecutionTime = 202.48 s  ClockTime = 203 s

Time = 28
[mem] step-start: DEVICE_POOL current=22752 MB  actual(reserved)=38146 MB  highWater=28040 MB
Schwarz(Jacobi)+Bicgstab:  Solving for Ux, Initial residual = 0.00014246502144959946, Final residual = 8.964439897288083e-06, No Iterations 3, Solve time = 229.696 ms
Schwarz(Jacobi)+Bicgstab:  Solving for Uy, Initial residual = 0.006420193375823251, Final residual = 0.000464791543569378, No Iterations 3, Solve time = 229.696 ms
Schwarz(Jacobi)+Bicgstab:  Solving for Uz, Initial residual = 0.0017465689799499708, Final residual = 0.00013799198953113708, No Iterations 3, Solve time = 229.696 ms
[mem] after-UEqn: DEVICE_POOL current=22752 MB  actual(reserved)=38146 MB  highWater=28040 MB
[GinkgoSolver] p-cache: reuse(update_matrix_value) solve=28 rebuildInterval=100
config(Cg+Schwarz(Multigrid)):  Solving for p, Initial residual = 0.0056201565591512325, Final residual = 5.462386044048895e-05, No Iterations 33, Solve time = 1109.59 ms
time step continuity errors : sum local = 1.7166557130466406e-05, global = 9.391365922907382e-07, cumulative = 6.7259986581556004e-06
[mem] after-pEqn: DEVICE_POOL current=22752 MB  actual(reserved)=38146 MB  highWater=28040 MB
[GinkgoSolver] p-cache: reuse(update_matrix_value) solve=28 rebuildInterval=0
Schwarz(Jacobi)+Bicgstab:  Solving for omega, Initial residual = 5.342500524798108e-05, Final residual = 3.1415425804345027e-06, No Iterations 2, Solve time = 87.697 ms
[GinkgoSolver] p-cache: reuse(update_matrix_value) solve=28 rebuildInterval=0
Schwarz(Jacobi)+Bicgstab:  Solving for k, Initial residual = 0.00037693303271303847, Final residual = 9.670396201628647e-06, No Iterations 3, Solve time = 97.701 ms
[mem] after-turb: DEVICE_POOL current=22752 MB  actual(reserved)=38146 MB  highWater=28040 MB
ExecutionTime = 205.27 s  ClockTime = 206 s

Time = 29
[mem] step-start: DEVICE_POOL current=22752 MB  actual(reserved)=38146 MB  highWater=28040 MB
Schwarz(Jacobi)+Bicgstab:  Solving for Ux, Initial residual = 0.00013934600382319539, Final residual = 1.2423093278578103e-05, No Iterations 3, Solve time = 231.122 ms
Schwarz(Jacobi)+Bicgstab:  Solving for Uy, Initial residual = 0.006298333604782908, Final residual = 0.0004510524251657989, No Iterations 3, Solve time = 231.122 ms
Schwarz(Jacobi)+Bicgstab:  Solving for Uz, Initial residual = 0.001750557041672448, Final residual = 0.00013753949690864644, No Iterations 3, Solve time = 231.122 ms
[mem] after-UEqn: DEVICE_POOL current=22752 MB  actual(reserved)=38146 MB  highWater=28040 MB
[GinkgoSolver] p-cache: reuse(update_matrix_value) solve=29 rebuildInterval=100
config(Cg+Schwarz(Multigrid)):  Solving for p, Initial residual = 0.005569843624831082, Final residual = 5.564284019381615e-05, No Iterations 41, Solve time = 1365.453 ms
time step continuity errors : sum local = 1.736468979073832e-05, global = -4.319518947765279e-07, cumulative = 6.294046763379072e-06
[mem] after-pEqn: DEVICE_POOL current=22752 MB  actual(reserved)=38146 MB  highWater=28040 MB
[GinkgoSolver] p-cache: reuse(update_matrix_value) solve=29 rebuildInterval=0
Schwarz(Jacobi)+Bicgstab:  Solving for omega, Initial residual = 5.188107929805952e-05, Final residual = 3.0948778348011835e-06, No Iterations 2, Solve time = 88.374 ms
bounding omega, min: -6777.004384959575 max: 45356041.150290996 average: 7212.934978264622
[GinkgoSolver] p-cache: reuse(update_matrix_value) solve=29 rebuildInterval=0
Schwarz(Jacobi)+Bicgstab:  Solving for k, Initial residual = 0.00038332373985123765, Final residual = 9.8521777224907e-06, No Iterations 3, Solve time = 97.399 ms
[mem] after-turb: DEVICE_POOL current=22752 MB  actual(reserved)=38146 MB  highWater=28040 MB
ExecutionTime = 208.32 s  ClockTime = 209 s

Time = 30
[mem] step-start: DEVICE_POOL current=22752 MB  actual(reserved)=38146 MB  highWater=28040 MB
Schwarz(Jacobi)+Bicgstab:  Solving for Ux, Initial residual = 0.0001364236999512651, Final residual = 7.331349060629267e-06, No Iterations 3, Solve time = 232.699 ms
Schwarz(Jacobi)+Bicgstab:  Solving for Uy, Initial residual = 0.006202314013468574, Final residual = 0.0004502946869499033, No Iterations 3, Solve time = 232.699 ms
Schwarz(Jacobi)+Bicgstab:  Solving for Uz, Initial residual = 0.001755670184182476, Final residual = 0.00013725504932873326, No Iterations 3, Solve time = 232.699 ms
[mem] after-UEqn: DEVICE_POOL current=22752 MB  actual(reserved)=38146 MB  highWater=28040 MB
[GinkgoSolver] p-cache: reuse(update_matrix_value) solve=30 rebuildInterval=100
config(Cg+Schwarz(Multigrid)):  Solving for p, Initial residual = 0.005573702652700127, Final residual = 5.569455271878224e-05, No Iterations 43, Solve time = 1433.501 ms
time step continuity errors : sum local = 1.7028344093145304e-05, global = -1.1041906600743815e-06, cumulative = 5.189856103304691e-06
[mem] after-pEqn: DEVICE_POOL current=22752 MB  actual(reserved)=38146 MB  highWater=28040 MB
[GinkgoSolver] p-cache: reuse(update_matrix_value) solve=30 rebuildInterval=0
Schwarz(Jacobi)+Bicgstab:  Solving for omega, Initial residual = 5.0792511913346244e-05, Final residual = 3.044255743930323e-06, No Iterations 2, Solve time = 87.274 ms
bounding omega, min: -5685.7879116477525 max: 45356084.6628946 average: 7232.697275898898
[GinkgoSolver] p-cache: reuse(update_matrix_value) solve=30 rebuildInterval=0
Schwarz(Jacobi)+Bicgstab:  Solving for k, Initial residual = 0.00039099449139067574, Final residual = 1.0248383723384853e-05, No Iterations 3, Solve time = 97.73 ms
[mem] after-turb: DEVICE_POOL current=22752 MB  actual(reserved)=38146 MB  highWater=28040 MB
Writing p
Writing U
Writing turbulence variables
ExecutionTime = 212.22 s  ClockTime = 215 s

Finalizing NeoN
Finalising parallel run
