/*---------------------------------------------------------------------------*\
| =========                 |                                                 |
| \\      /  F ield         | OpenFOAM: The Open Source CFD Toolbox           |
|  \\    /   O peration     | Version:  2506                                  |
|   \\  /    A nd           | Website:  www.openfoam.com                      |
|    \\/     M anipulation  |                                                 |
\*---------------------------------------------------------------------------*/
Build  : b050cd9480-20250814 OPENFOAM=2506 version=v2506
Arch   : "LSB;label=32;scalar=64"
Exec   : /storage/home/greole/code/NeoFOAM/build/profilingnvidia_h200/bin/neoSimpleFoam -parallel
Date   : Jul 14 2026
Time   : 13:18:32
Host   : gpu-nvidia-h200-3.int.coma-cluster.de
PID    : 3574571
I/O    : uncollated
Case   : /storage/home/greole/code/NeoFOAM/occDrivAerStaticMesh
nProcs : 4
Hosts  :
(
    (gpu-nvidia-h200-3.int.coma-cluster.de 4)
)
Pstream initialized with:
    node communication : off [type=host] (4 ranks, 1 nodes)
    topology controls  : none
    consensus exchange : 0 (tuning: 0)
    exchange algorithm : 0
    commsType          : nonBlocking
    polling iterations : 0
trapFpe: Floating point exception trapping enabled (FOAM_SIGFPE).
fileModificationChecking : Monitoring run-time modified files using timeStampMaster (fileModificationSkew 5, maxFileModificationPolls 20)
allowSystemOperations : Allowing user-supplied system call operations

// * * * * * * * * * * * * * * * * * * * * * * * * * * * * * * * * * * * * * //
Create time

Initializing NeoN
Creating Executor GPU
Creating NeoFOAM runTime
GPU-aware MPI: library-available=yes, NeoN-flag=on, executor=GPUExecutor, ranks=4 -> used=yes

SIMPLE: no convergence criteria found. Calculations will run for 50 steps.

Reading field p

Reading field U

Reading/calculating face flux field phi

Selecting incompressible transport model Newtonian
NeoFOAM solver config (from fvSolution configFile) for 'config(Cg+Multigrid)':
{
    cacheSolver: true
    configFile: <NeoN::TokenList>
    l1ScaledResidual: true
    preconditionerRebuildInterval: 0
    relTol: 0.010000
    reportName: config(Cg+Multigrid)
    solver: Ginkgo
    tolerance: 0.000000
}
    effective optimize: false
    effective checkFrequency: 1
Mapping OpenFOAM solver settings to NeoN settings.
Currently, it is advisable to specify a configFile
for fine grained Ginkgo solver control

Replacing solver PBiCGStab by solver::Bicgstab
Replacing preconditioner diagonal by preconditioner::Schwarz (Schwarz-wrapped for distributed run)
NeoFOAM solver config (mapped from fvSolution) for 'Schwarz(Jacobi)+Bicgstab':
{
    cacheSolver: true
    criteria: {
        absolute_residual_norm: 0.000000
        initial_residual_norm: 0.100000
        iteration: 1000
    }
    l1ScaledResidual: true
    optimize: true
    preconditioner: {
        local_solver: {
            max_block_size: 1
            type: preconditioner::Jacobi
        }
        type: preconditioner::Schwarz
    }
    reportName: Schwarz(Jacobi)+Bicgstab
    solver: Ginkgo
    type: solver::Bicgstab
}
    effective optimize: true
    effective checkFrequency: 1
Creating phi

[NF][/storage/home/greole/code/NeoFOAM/include/NeoFOAM/auxiliary/readers.hpp::434]: Internal: 49333487, Boundary: 1754396

[NF][/storage/home/greole/code/NeoFOAM/include/NeoFOAM/auxiliary/readers.hpp::434]: Internal: 49320882, Boundary: 1762558

[NF][/storage/home/greole/code/NeoFOAM/include/NeoFOAM/auxiliary/readers.hpp::434]: Internal: 49243125, Boundary: 1362247

[NF][/storage/home/greole/code/NeoFOAM/include/NeoFOAM/auxiliary/readers.hpp::434]: Internal: 49261542, Boundary: 1427829
Selecting patchDistMethod meshWave
Mapping OpenFOAM solver settings to NeoN settings.
Currently, it is advisable to specify a configFile
for fine grained Ginkgo solver control

Replacing solver PBiCGStab by solver::Bicgstab
Replacing preconditioner diagonal by preconditioner::Schwarz (Schwarz-wrapped for distributed run)
NeoFOAM solver config (mapped from fvSolution) for 'Schwarz(Jacobi)+Bicgstab':
{
    cacheSolver: true
    criteria: {
        absolute_residual_norm: 0.000000
        initial_residual_norm: 0.100000
        iteration: 1000
    }
    l1ScaledResidual: true
    optimize: true
    preconditioner: {
        local_solver: {
            max_block_size: 1
            type: preconditioner::Jacobi
        }
        type: preconditioner::Schwarz
    }
    reportName: Schwarz(Jacobi)+Bicgstab
    solver: Ginkgo
    type: solver::Bicgstab
}
    effective optimize: true
    effective checkFrequency: 1
Mapping OpenFOAM solver settings to NeoN settings.
Currently, it is advisable to specify a configFile
for fine grained Ginkgo solver control

Replacing solver PBiCGStab by solver::Bicgstab
Replacing preconditioner diagonal by preconditioner::Schwarz (Schwarz-wrapped for distributed run)
NeoFOAM solver config (mapped from fvSolution) for 'Schwarz(Jacobi)+Bicgstab':
{
    cacheSolver: true
    criteria: {
        absolute_residual_norm: 0.000000
        initial_residual_norm: 0.100000
        iteration: 1000
    }
    l1ScaledResidual: true
    optimize: true
    preconditioner: {
        local_solver: {
            max_block_size: 1
            type: preconditioner::Jacobi
        }
        type: preconditioner::Schwarz
    }
    reportName: Schwarz(Jacobi)+Bicgstab
    solver: Ginkgo
    type: solver::Bicgstab
}
    effective optimize: true
    effective checkFrequency: 1
[mem] setup.end: DEVICE_POOL current=12979 MB  actual(reserved)=38146 MB  highWater=19132 MB
Starting time loop
Time = 1001
[mem] step-start: DEVICE_POOL current=12979 MB  actual(reserved)=38146 MB  highWater=19132 MB
Schwarz(Jacobi)+Bicgstab:  Solving for Ux, Initial residual = 7.915653595473602e-05, Final residual = 3.117924029466475e-06, No Iterations 3, Solve time = 243.421 ms
Schwarz(Jacobi)+Bicgstab:  Solving for Uy, Initial residual = 0.004031496388501874, Final residual = 0.00014160852369410681, No Iterations 3, Solve time = 243.421 ms
Schwarz(Jacobi)+Bicgstab:  Solving for Uz, Initial residual = 0.0011224948656558267, Final residual = 4.897539672892632e-05, No Iterations 3, Solve time = 243.421 ms
[mem] after-UEqn: DEVICE_POOL current=15473 MB  actual(reserved)=38146 MB  highWater=20761 MB
[GinkgoSolver] p-cache: rebuild(generate) solve=1 rebuildInterval=0
config(Cg+Multigrid):  Solving for p, Initial residual = 0.001309217842172188, Final residual = 8.670507738053702e-06, No Iterations 9, Solve time = 2427.627 ms
time step continuity errors : sum local = 2.1895914048935053e-06, global = 5.54799331745517e-09, cumulative = 5.54799331745517e-09
[mem] after-pEqn: DEVICE_POOL current=16941 MB  actual(reserved)=38146 MB  highWater=20761 MB
[GinkgoSolver] p-cache: rebuild(generate) solve=1 rebuildInterval=0
Schwarz(Jacobi)+Bicgstab:  Solving for omega, Initial residual = 1.3008793771723593e-05, Final residual = 9.269842310778487e-07, No Iterations 2, Solve time = 77.108 ms
bounding omega, min: -36011.33068708479 max: 45355982.777696535 average: 6373.867825342112
[GinkgoSolver] p-cache: rebuild(generate) solve=1 rebuildInterval=0
Schwarz(Jacobi)+Bicgstab:  Solving for k, Initial residual = 0.0002422423203710977, Final residual = 9.448502337511169e-06, No Iterations 3, Solve time = 101.191 ms
bounding k, min: -2.381220591250179e-05 max: 942.8700682486306 average: 9.1527578132583
[mem] after-turb: DEVICE_POOL current=19126 MB  actual(reserved)=38146 MB  highWater=21935 MB
ExecutionTime = 49.87 s  ClockTime = 50 s

Time = 1002
[mem] step-start: DEVICE_POOL current=19126 MB  actual(reserved)=38146 MB  highWater=21935 MB
Schwarz(Jacobi)+Bicgstab:  Solving for Ux, Initial residual = 7.874822726553812e-05, Final residual = 2.991928548833607e-06, No Iterations 3, Solve time = 221.948 ms
Schwarz(Jacobi)+Bicgstab:  Solving for Uy, Initial residual = 0.004033847174230823, Final residual = 0.00014044739166427402, No Iterations 3, Solve time = 221.948 ms
Schwarz(Jacobi)+Bicgstab:  Solving for Uz, Initial residual = 0.0011190459991246013, Final residual = 4.1241365256470117e-05, No Iterations 3, Solve time = 221.948 ms
[mem] after-UEqn: DEVICE_POOL current=19126 MB  actual(reserved)=38146 MB  highWater=24414 MB
[GinkgoSolver] p-cache: reuse(update_matrix_value) solve=2 rebuildInterval=0
config(Cg+Multigrid):  Solving for p, Initial residual = 0.0012777346375792513, Final residual = 1.2773844063393425e-05, No Iterations 965, Solve time = 228604.951 ms
time step continuity errors : sum local = 3.2281401607433617e-06, global = 7.801423778770699e-10, cumulative = 6.32813569533224e-09
[mem] after-pEqn: DEVICE_POOL current=19126 MB  actual(reserved)=38146 MB  highWater=24414 MB
[GinkgoSolver] p-cache: reuse(update_matrix_value) solve=2 rebuildInterval=0
Schwarz(Jacobi)+Bicgstab:  Solving for omega, Initial residual = 1.312068722377544e-05, Final residual = 8.757434682401187e-07, No Iterations 2, Solve time = 79.866 ms
bounding omega, min: -93700.90551533792 max: 45355982.85234312 average: 6373.590418385341
[GinkgoSolver] p-cache: reuse(update_matrix_value) solve=2 rebuildInterval=0
Schwarz(Jacobi)+Bicgstab:  Solving for k, Initial residual = 0.00024149264754445265, Final residual = 1.1409570804236853e-05, No Iterations 2, Solve time = 74.421 ms
bounding k, min: -0.0002948262985588881 max: 934.6782615941503 average: 9.152490459901246
[mem] after-turb: DEVICE_POOL current=19126 MB  actual(reserved)=38146 MB  highWater=24414 MB
ExecutionTime = 279.62 s  ClockTime = 280 s

Time = 1003
[mem] step-start: DEVICE_POOL current=19126 MB  actual(reserved)=38146 MB  highWater=24414 MB
Schwarz(Jacobi)+Bicgstab:  Solving for Ux, Initial residual = 7.857838998171465e-05, Final residual = 2.4110428819174878e-06, No Iterations 3, Solve time = 216.269 ms
Schwarz(Jacobi)+Bicgstab:  Solving for Uy, Initial residual = 0.0040308129908850744, Final residual = 0.00013655335290387982, No Iterations 3, Solve time = 216.269 ms
Schwarz(Jacobi)+Bicgstab:  Solving for Uz, Initial residual = 0.0011176686896117243, Final residual = 3.906286000715064e-05, No Iterations 3, Solve time = 216.269 ms
[mem] after-UEqn: DEVICE_POOL current=19126 MB  actual(reserved)=38146 MB  highWater=24414 MB
[GinkgoSolver] p-cache: reuse(update_matrix_value) solve=3 rebuildInterval=0
config(Cg+Multigrid):  Solving for p, Initial residual = 0.0012696473994049345, Final residual = 1.268817202229382e-05, No Iterations 207, Solve time = 49223.357 ms
time step continuity errors : sum local = 3.2048188867329875e-06, global = 4.643238518825604e-09, cumulative = 1.0971374214157844e-08
[mem] after-pEqn: DEVICE_POOL current=19126 MB  actual(reserved)=38146 MB  highWater=24414 MB
[GinkgoSolver] p-cache: reuse(update_matrix_value) solve=3 rebuildInterval=0
Schwarz(Jacobi)+Bicgstab:  Solving for omega, Initial residual = 1.2977306758733801e-05, Final residual = 8.495078665214363e-07, No Iterations 2, Solve time = 88.614 ms
bounding omega, min: -36306.24508033954 max: 45355982.9409325 average: 6373.463837460575
[GinkgoSolver] p-cache: reuse(update_matrix_value) solve=3 rebuildInterval=0
Schwarz(Jacobi)+Bicgstab:  Solving for k, Initial residual = 0.00024127505862002504, Final residual = 1.3119431790581432e-05, No Iterations 2, Solve time = 75.596 ms
bounding k, min: -0.0006921820779910628 max: 922.6356899664298 average: 9.152314661831117
[mem] after-turb: DEVICE_POOL current=19126 MB  actual(reserved)=38146 MB  highWater=24414 MB
ExecutionTime = 330.39 s  ClockTime = 331 s

Time = 1004
[mem] step-start: DEVICE_POOL current=19126 MB  actual(reserved)=38146 MB  highWater=24414 MB
Schwarz(Jacobi)+Bicgstab:  Solving for Ux, Initial residual = 7.847990357609075e-05, Final residual = 2.051421723581679e-06, No Iterations 3, Solve time = 238.33 ms
Schwarz(Jacobi)+Bicgstab:  Solving for Uy, Initial residual = 0.004025724715664328, Final residual = 0.00013294475880640342, No Iterations 3, Solve time = 238.33 ms
Schwarz(Jacobi)+Bicgstab:  Solving for Uz, Initial residual = 0.001117384009605844, Final residual = 4.1217185759327566e-05, No Iterations 3, Solve time = 238.33 ms
[mem] after-UEqn: DEVICE_POOL current=19126 MB  actual(reserved)=38146 MB  highWater=24414 MB
[GinkgoSolver] p-cache: reuse(update_matrix_value) solve=4 rebuildInterval=0
config(Cg+Multigrid):  Solving for p, Initial residual = 0.0012689594329100768, Final residual = 0.00022227363256674588, No Iterations 1000, Solve time = 239096.363 ms
time step continuity errors : sum local = 5.609081994916391e-05, global = 3.0942330453070326e-08, cumulative = 4.191370466722817e-08
[mem] after-pEqn: DEVICE_POOL current=19126 MB  actual(reserved)=38146 MB  highWater=24414 MB
[GinkgoSolver] p-cache: reuse(update_matrix_value) solve=4 rebuildInterval=0
Schwarz(Jacobi)+Bicgstab:  Solving for omega, Initial residual = 1.2895666413329694e-05, Final residual = 8.487889745697248e-07, No Iterations 2, Solve time = 88.313 ms
bounding omega, min: -34543.763105397804 max: 45355983.027705796 average: 6374.507956163595
[GinkgoSolver] p-cache: reuse(update_matrix_value) solve=4 rebuildInterval=0
Schwarz(Jacobi)+Bicgstab:  Solving for k, Initial residual = 0.00024123519953596928, Final residual = 1.3732742933751741e-05, No Iterations 2, Solve time = 74.378 ms
bounding k, min: -0.005410652161587634 max: 907.6133088631292 average: 9.152088681886175
[mem] after-turb: DEVICE_POOL current=19126 MB  actual(reserved)=38146 MB  highWater=24414 MB
ExecutionTime = 570.58 s  ClockTime = 572 s

Time = 1005
[mem] step-start: DEVICE_POOL current=19126 MB  actual(reserved)=38146 MB  highWater=24414 MB
Schwarz(Jacobi)+Bicgstab:  Solving for Ux, Initial residual = 7.839589384198992e-05, Final residual = 3.7855637770291875e-06, No Iterations 2, Solve time = 180.006 ms
Schwarz(Jacobi)+Bicgstab:  Solving for Uy, Initial residual = 0.004021045663180604, Final residual = 0.0002455255187788457, No Iterations 2, Solve time = 180.006 ms
Schwarz(Jacobi)+Bicgstab:  Solving for Uz, Initial residual = 0.0011180617134583025, Final residual = 6.444606529730105e-05, No Iterations 2, Solve time = 180.006 ms
[mem] after-UEqn: DEVICE_POOL current=19126 MB  actual(reserved)=38146 MB  highWater=24414 MB
[GinkgoSolver] p-cache: reuse(update_matrix_value) solve=5 rebuildInterval=0
config(Cg+Multigrid):  Solving for p, Initial residual = 0.0012776164607778335, Final residual = 8.823094615083116e-06, No Iterations 11, Solve time = 2917.901 ms
time step continuity errors : sum local = 2.2247544676206418e-06, global = -7.2618884323509816e-09, cumulative = 3.4651816234877186e-08
[mem] after-pEqn: DEVICE_POOL current=19126 MB  actual(reserved)=38146 MB  highWater=24414 MB
[GinkgoSolver] p-cache: reuse(update_matrix_value) solve=5 rebuildInterval=0
Schwarz(Jacobi)+Bicgstab:  Solving for omega, Initial residual = 1.2873032584177781e-05, Final residual = 8.505670368315524e-07, No Iterations 2, Solve time = 85.997 ms
bounding omega, min: -35221.79285584729 max: 45355983.09671224 average: 6373.783841725132
[GinkgoSolver] p-cache: reuse(update_matrix_value) solve=5 rebuildInterval=0
Schwarz(Jacobi)+Bicgstab:  Solving for k, Initial residual = 0.0002416371750246421, Final residual = 1.3693826577193804e-05, No Iterations 2, Solve time = 73.812 ms
bounding k, min: -0.002275198053564992 max: 899.5726359096662 average: 9.151912300458585
[mem] after-turb: DEVICE_POOL current=19126 MB  actual(reserved)=38146 MB  highWater=24414 MB
ExecutionTime = 575.11 s  ClockTime = 576 s

Time = 1006
[mem] step-start: DEVICE_POOL current=19126 MB  actual(reserved)=38146 MB  highWater=24414 MB
Schwarz(Jacobi)+Bicgstab:  Solving for Ux, Initial residual = 7.846419371176713e-05, Final residual = 2.3747142168836754e-06, No Iterations 3, Solve time = 218.054 ms
Schwarz(Jacobi)+Bicgstab:  Solving for Uy, Initial residual = 0.004013455719416142, Final residual = 0.00015315513374450853, No Iterations 3, Solve time = 218.054 ms
Schwarz(Jacobi)+Bicgstab:  Solving for Uz, Initial residual = 0.0011194276489957396, Final residual = 5.9981384436905365e-05, No Iterations 3, Solve time = 218.054 ms
[mem] after-UEqn: DEVICE_POOL current=19126 MB  actual(reserved)=38146 MB  highWater=24414 MB
[GinkgoSolver] p-cache: reuse(update_matrix_value) solve=6 rebuildInterval=0
config(Cg+Multigrid):  Solving for p, Initial residual = 0.0012751104271169292, Final residual = 9.451420748306726e-06, No Iterations 9, Solve time = 2426.484 ms
time step continuity errors : sum local = 2.3827411156238315e-06, global = -5.763883116833146e-09, cumulative = 2.8887933118044042e-08
[mem] after-pEqn: DEVICE_POOL current=19126 MB  actual(reserved)=38146 MB  highWater=24414 MB
[GinkgoSolver] p-cache: reuse(update_matrix_value) solve=6 rebuildInterval=0
Schwarz(Jacobi)+Bicgstab:  Solving for omega, Initial residual = 1.2814416076760071e-05, Final residual = 8.391943577661711e-07, No Iterations 2, Solve time = 88.737 ms
bounding omega, min: -127770.26985356728 max: 45355983.13416792 average: 6373.944278301383
[GinkgoSolver] p-cache: reuse(update_matrix_value) solve=6 rebuildInterval=0
Schwarz(Jacobi)+Bicgstab:  Solving for k, Initial residual = 0.00024169118473600347, Final residual = 1.347607448289624e-05, No Iterations 2, Solve time = 78.276 ms
bounding k, min: -0.0022678950848910306 max: 893.7758588803529 average: 9.151688520024278
[mem] after-turb: DEVICE_POOL current=19126 MB  actual(reserved)=38146 MB  highWater=24414 MB
ExecutionTime = 579.1799999999999 s  ClockTime = 581 s

Time = 1007
[mem] step-start: DEVICE_POOL current=19126 MB  actual(reserved)=38146 MB  highWater=24414 MB
Schwarz(Jacobi)+Bicgstab:  Solving for Ux, Initial residual = 7.839720512756149e-05, Final residual = 4.253054208937554e-06, No Iterations 2, Solve time = 177.157 ms
Schwarz(Jacobi)+Bicgstab:  Solving for Uy, Initial residual = 0.004010665414535244, Final residual = 0.0004544543964065022, No Iterations 2, Solve time = 177.157 ms
Schwarz(Jacobi)+Bicgstab:  Solving for Uz, Initial residual = 0.0011199754443643995, Final residual = 7.044612085840496e-05, No Iterations 2, Solve time = 177.157 ms
[mem] after-UEqn: DEVICE_POOL current=19126 MB  actual(reserved)=38146 MB  highWater=24414 MB
[GinkgoSolver] p-cache: reuse(update_matrix_value) solve=7 rebuildInterval=0
config(Cg+Multigrid):  Solving for p, Initial residual = 0.0012854704658969145, Final residual = 1.1827451078893661e-05, No Iterations 6, Solve time = 1686.694 ms
time step continuity errors : sum local = 2.981430953211392e-06, global = -2.0605774696777855e-09, cumulative = 2.6827355648366256e-08
[mem] after-pEqn: DEVICE_POOL current=19126 MB  actual(reserved)=38146 MB  highWater=24414 MB
[GinkgoSolver] p-cache: reuse(update_matrix_value) solve=7 rebuildInterval=0
Schwarz(Jacobi)+Bicgstab:  Solving for omega, Initial residual = 1.2810174749015687e-05, Final residual = 8.363912320972692e-07, No Iterations 2, Solve time = 88.581 ms
bounding omega, min: -33331.79392410476 max: 45355983.12898906 average: 6374.056506347115
[GinkgoSolver] p-cache: reuse(update_matrix_value) solve=7 rebuildInterval=0
Schwarz(Jacobi)+Bicgstab:  Solving for k, Initial residual = 0.00024216699515991285, Final residual = 1.3405313646857487e-05, No Iterations 2, Solve time = 75.049 ms
bounding k, min: -0.0009439589806035827 max: 892.4581545378317 average: 9.15139143301177
[mem] after-turb: DEVICE_POOL current=19126 MB  actual(reserved)=38146 MB  highWater=24414 MB
ExecutionTime = 582.46 s  ClockTime = 584 s

Time = 1008
[mem] step-start: DEVICE_POOL current=19126 MB  actual(reserved)=38146 MB  highWater=24414 MB
Schwarz(Jacobi)+Bicgstab:  Solving for Ux, Initial residual = 7.856624196164138e-05, Final residual = 4.28606766370894e-06, No Iterations 2, Solve time = 166.474 ms
Schwarz(Jacobi)+Bicgstab:  Solving for Uy, Initial residual = 0.003991198566705119, Final residual = 0.0007224373216699504, No Iterations 2, Solve time = 166.474 ms
Schwarz(Jacobi)+Bicgstab:  Solving for Uz, Initial residual = 0.0011226338474986893, Final residual = 6.493291278224328e-05, No Iterations 2, Solve time = 166.474 ms
[mem] after-UEqn: DEVICE_POOL current=19126 MB  actual(reserved)=38146 MB  highWater=24414 MB
[GinkgoSolver] p-cache: reuse(update_matrix_value) solve=8 rebuildInterval=0
config(Cg+Multigrid):  Solving for p, Initial residual = 0.0012808688402295404, Final residual = 1.2652648752683261e-05, No Iterations 13, Solve time = 3398.499 ms
time step continuity errors : sum local = 3.189434328264283e-06, global = -1.2364755315266487e-08, cumulative = 1.446260033309977e-08
[mem] after-pEqn: DEVICE_POOL current=19126 MB  actual(reserved)=38146 MB  highWater=24414 MB
[GinkgoSolver] p-cache: reuse(update_matrix_value) solve=8 rebuildInterval=0
Schwarz(Jacobi)+Bicgstab:  Solving for omega, Initial residual = 1.2781936294689932e-05, Final residual = 8.352328163418823e-07, No Iterations 2, Solve time = 85.278 ms
bounding omega, min: -39010.043540160004 max: 45355983.064225934 average: 6374.176630328879
[GinkgoSolver] p-cache: reuse(update_matrix_value) solve=8 rebuildInterval=0
Schwarz(Jacobi)+Bicgstab:  Solving for k, Initial residual = 0.00024209457873953095, Final residual = 1.344832189632043e-05, No Iterations 2, Solve time = 75.67 ms
bounding k, min: -0.0008987885062810355 max: 891.4256770818099 average: 9.151207529829124
[mem] after-turb: DEVICE_POOL current=19126 MB  actual(reserved)=38146 MB  highWater=24414 MB
ExecutionTime = 587.4299999999999 s  ClockTime = 589 s

Time = 1009
[mem] step-start: DEVICE_POOL current=19126 MB  actual(reserved)=38146 MB  highWater=24414 MB
Schwarz(Jacobi)+Bicgstab:  Solving for Ux, Initial residual = 7.841431766576484e-05, Final residual = 2.6140065699891247e-06, No Iterations 3, Solve time = 228.278 ms
Schwarz(Jacobi)+Bicgstab:  Solving for Uy, Initial residual = 0.004041384325038066, Final residual = 0.00013438536149880696, No Iterations 3, Solve time = 228.278 ms
Schwarz(Jacobi)+Bicgstab:  Solving for Uz, Initial residual = 0.0011164279700141646, Final residual = 6.164653142408987e-05, No Iterations 3, Solve time = 228.278 ms
[mem] after-UEqn: DEVICE_POOL current=19126 MB  actual(reserved)=38146 MB  highWater=24414 MB
[GinkgoSolver] p-cache: reuse(update_matrix_value) solve=9 rebuildInterval=0
config(Cg+Multigrid):  Solving for p, Initial residual = 0.0012829190243506207, Final residual = 1.2220006126925727e-05, No Iterations 12, Solve time = 3171.355 ms
time step continuity errors : sum local = 3.0796654826977153e-06, global = -1.2992657960362375e-08, cumulative = 1.469942372737395e-09
[mem] after-pEqn: DEVICE_POOL current=19126 MB  actual(reserved)=38146 MB  highWater=24414 MB
[GinkgoSolver] p-cache: reuse(update_matrix_value) solve=9 rebuildInterval=0
Schwarz(Jacobi)+Bicgstab:  Solving for omega, Initial residual = 1.2747947102171491e-05, Final residual = 8.346483946889989e-07, No Iterations 2, Solve time = 88.276 ms
bounding omega, min: -36457.900275188746 max: 45355982.90178537 average: 6374.236421502655
[GinkgoSolver] p-cache: reuse(update_matrix_value) solve=9 rebuildInterval=0
Schwarz(Jacobi)+Bicgstab:  Solving for k, Initial residual = 0.0002421644765695824, Final residual = 1.337104627504523e-05, No Iterations 2, Solve time = 74.609 ms
bounding k, min: -0.0015223145180435493 max: 892.1544005645142 average: 9.150690040353588
[mem] after-turb: DEVICE_POOL current=19126 MB  actual(reserved)=38146 MB  highWater=24414 MB
ExecutionTime = 592.24 s  ClockTime = 594 s

Time = 1010
[mem] step-start: DEVICE_POOL current=19126 MB  actual(reserved)=38146 MB  highWater=24414 MB
Schwarz(Jacobi)+Bicgstab:  Solving for Ux, Initial residual = 7.831734864446646e-05, Final residual = 2.8255496503088606e-06, No Iterations 3, Solve time = 235.483 ms
Schwarz(Jacobi)+Bicgstab:  Solving for Uy, Initial residual = 0.004060054687736067, Final residual = 0.0001357577005727162, No Iterations 3, Solve time = 235.483 ms
Schwarz(Jacobi)+Bicgstab:  Solving for Uz, Initial residual = 0.0011041681545646352, Final residual = 5.7885028963095837e-05, No Iterations 3, Solve time = 235.483 ms
[mem] after-UEqn: DEVICE_POOL current=19126 MB  actual(reserved)=38146 MB  highWater=24414 MB
[GinkgoSolver] p-cache: reuse(update_matrix_value) solve=10 rebuildInterval=0
config(Cg+Multigrid):  Solving for p, Initial residual = 0.00127124705794034, Final residual = 9.343453284890536e-06, No Iterations 7, Solve time = 1945.915 ms
time step continuity errors : sum local = 2.3538246836565192e-06, global = -2.7558719947528055e-08, cumulative = -2.608877757479066e-08
[mem] after-pEqn: DEVICE_POOL current=19126 MB  actual(reserved)=38146 MB  highWater=24414 MB
[GinkgoSolver] p-cache: reuse(update_matrix_value) solve=10 rebuildInterval=0
Schwarz(Jacobi)+Bicgstab:  Solving for omega, Initial residual = 1.2725436737104922e-05, Final residual = 8.338647792386984e-07, No Iterations 2, Solve time = 88.021 ms
bounding omega, min: -165603.12116119018 max: 45355982.67659783 average: 6374.2414594409765
[GinkgoSolver] p-cache: reuse(update_matrix_value) solve=10 rebuildInterval=0
Schwarz(Jacobi)+Bicgstab:  Solving for k, Initial residual = 0.00024219030150696464, Final residual = 1.3176563651172193e-05, No Iterations 2, Solve time = 75.38 ms
bounding k, min: -0.0019260797944426755 max: 892.370897773204 average: 9.150116908323678
[mem] after-turb: DEVICE_POOL current=19126 MB  actual(reserved)=38146 MB  highWater=24414 MB
ExecutionTime = 595.8200000000001 s  ClockTime = 597 s

Time = 1011
[mem] step-start: DEVICE_POOL current=19126 MB  actual(reserved)=38146 MB  highWater=24414 MB
Schwarz(Jacobi)+Bicgstab:  Solving for Ux, Initial residual = 7.82505880686867e-05, Final residual = 3.2341129372894044e-06, No Iterations 3, Solve time = 228.404 ms
Schwarz(Jacobi)+Bicgstab:  Solving for Uy, Initial residual = 0.004069464481726339, Final residual = 0.00013709961761778716, No Iterations 3, Solve time = 228.404 ms
Schwarz(Jacobi)+Bicgstab:  Solving for Uz, Initial residual = 0.0011003405780134513, Final residual = 3.86143405292792e-05, No Iterations 3, Solve time = 228.404 ms
[mem] after-UEqn: DEVICE_POOL current=19126 MB  actual(reserved)=38146 MB  highWater=24414 MB
[GinkgoSolver] p-cache: reuse(update_matrix_value) solve=11 rebuildInterval=0
config(Cg+Multigrid):  Solving for p, Initial residual = 0.0012704861190693023, Final residual = 1.031834450671706e-05, No Iterations 7, Solve time = 1950.347 ms
time step continuity errors : sum local = 2.5984540440061168e-06, global = -2.8519961761785736e-08, cumulative = -5.460873933657639e-08
[mem] after-pEqn: DEVICE_POOL current=19126 MB  actual(reserved)=38146 MB  highWater=24414 MB
[GinkgoSolver] p-cache: reuse(update_matrix_value) solve=11 rebuildInterval=0
Schwarz(Jacobi)+Bicgstab:  Solving for omega, Initial residual = 1.2710262181072764e-05, Final residual = 8.291352116150538e-07, No Iterations 2, Solve time = 87.041 ms
bounding omega, min: -37334.21816583457 max: 45355982.668811545 average: 6374.204006511037
[GinkgoSolver] p-cache: reuse(update_matrix_value) solve=11 rebuildInterval=0
Schwarz(Jacobi)+Bicgstab:  Solving for k, Initial residual = 0.00024222335598281982, Final residual = 1.2668093855773107e-05, No Iterations 2, Solve time = 75.982 ms
bounding k, min: -0.0005375019349239465 max: 893.1313432686633 average: 9.149444444220315
[mem] after-turb: DEVICE_POOL current=19126 MB  actual(reserved)=38146 MB  highWater=24414 MB
ExecutionTime = 599.42 s  ClockTime = 601 s

Time = 1012
[mem] step-start: DEVICE_POOL current=19126 MB  actual(reserved)=38146 MB  highWater=24414 MB
Schwarz(Jacobi)+Bicgstab:  Solving for Ux, Initial residual = 7.825731188447966e-05, Final residual = 4.230637725721295e-06, No Iterations 2, Solve time = 189.823 ms
Schwarz(Jacobi)+Bicgstab:  Solving for Uy, Initial residual = 0.004071170118730908, Final residual = 0.0003775941914376369, No Iterations 2, Solve time = 189.823 ms
Schwarz(Jacobi)+Bicgstab:  Solving for Uz, Initial residual = 0.0010976301181405586, Final residual = 6.742238856229613e-05, No Iterations 2, Solve time = 189.823 ms
[mem] after-UEqn: DEVICE_POOL current=19126 MB  actual(reserved)=38146 MB  highWater=24414 MB
[GinkgoSolver] p-cache: reuse(update_matrix_value) solve=12 rebuildInterval=0
config(Cg+Multigrid):  Solving for p, Initial residual = 0.0012822552927915867, Final residual = 9.371120926401219e-06, No Iterations 7, Solve time = 1946.892 ms
time step continuity errors : sum local = 2.358491500022372e-06, global = -2.090146621875812e-08, cumulative = -7.551020555533452e-08
[mem] after-pEqn: DEVICE_POOL current=19126 MB  actual(reserved)=38146 MB  highWater=24414 MB
[GinkgoSolver] p-cache: reuse(update_matrix_value) solve=12 rebuildInterval=0
Schwarz(Jacobi)+Bicgstab:  Solving for omega, Initial residual = 1.2721850981806891e-05, Final residual = 8.326419013724561e-07, No Iterations 2, Solve time = 80.383 ms
bounding omega, min: -33981.58885757541 max: 45355982.71186284 average: 6374.062424222098
[GinkgoSolver] p-cache: reuse(update_matrix_value) solve=12 rebuildInterval=0
Schwarz(Jacobi)+Bicgstab:  Solving for k, Initial residual = 0.00024250335077342342, Final residual = 1.2373915753888735e-05, No Iterations 2, Solve time = 74.478 ms
bounding k, min: -0.0003845788213515249 max: 893.2812123307801 average: 9.14870547245099
[mem] after-turb: DEVICE_POOL current=19126 MB  actual(reserved)=38146 MB  highWater=24414 MB
ExecutionTime = 602.96 s  ClockTime = 604 s

Time = 1013
[mem] step-start: DEVICE_POOL current=19126 MB  actual(reserved)=38146 MB  highWater=24414 MB
Schwarz(Jacobi)+Bicgstab:  Solving for Ux, Initial residual = 7.846664252870006e-05, Final residual = 4.272300857911421e-06, No Iterations 2, Solve time = 169.981 ms
Schwarz(Jacobi)+Bicgstab:  Solving for Uy, Initial residual = 0.004050149400827399, Final residual = 0.000776276991130747, No Iterations 2, Solve time = 169.981 ms
Schwarz(Jacobi)+Bicgstab:  Solving for Uz, Initial residual = 0.0011006621467476462, Final residual = 6.199589598504376e-05, No Iterations 2, Solve time = 169.981 ms
[mem] after-UEqn: DEVICE_POOL current=19126 MB  actual(reserved)=38146 MB  highWater=24414 MB
[GinkgoSolver] p-cache: reuse(update_matrix_value) solve=13 rebuildInterval=0
config(Cg+Multigrid):  Solving for p, Initial residual = 0.0012825767648228224, Final residual = 1.2358574749402306e-05, No Iterations 6, Solve time = 1696.954 ms
time step continuity errors : sum local = 3.1082105545466362e-06, global = -2.1364949825015643e-08, cumulative = -9.687515538035016e-08
[mem] after-pEqn: DEVICE_POOL current=19126 MB  actual(reserved)=38146 MB  highWater=24414 MB
[GinkgoSolver] p-cache: reuse(update_matrix_value) solve=13 rebuildInterval=0
Schwarz(Jacobi)+Bicgstab:  Solving for omega, Initial residual = 1.2721369700227243e-05, Final residual = 8.388277188169905e-07, No Iterations 2, Solve time = 80.548 ms
bounding omega, min: -38022.812386690275 max: 45355982.76787402 average: 6373.938432601502
[GinkgoSolver] p-cache: reuse(update_matrix_value) solve=13 rebuildInterval=0
Schwarz(Jacobi)+Bicgstab:  Solving for k, Initial residual = 0.00024234029052352366, Final residual = 1.2208413787689547e-05, No Iterations 2, Solve time = 75.974 ms
bounding k, min: -0.001776910450191703 max: 893.4596380105753 average: 9.148090682851706
[mem] after-turb: DEVICE_POOL current=19126 MB  actual(reserved)=38146 MB  highWater=24414 MB
ExecutionTime = 606.23 s  ClockTime = 608 s

Time = 1014
[mem] step-start: DEVICE_POOL current=19126 MB  actual(reserved)=38146 MB  highWater=24414 MB
Schwarz(Jacobi)+Bicgstab:  Solving for Ux, Initial residual = 7.841842570083169e-05, Final residual = 2.399372428968789e-06, No Iterations 3, Solve time = 220.819 ms
Schwarz(Jacobi)+Bicgstab:  Solving for Uy, Initial residual = 0.004100478944336764, Final residual = 0.00013665351310366533, No Iterations 3, Solve time = 220.819 ms
Schwarz(Jacobi)+Bicgstab:  Solving for Uz, Initial residual = 0.0010953064465607882, Final residual = 6.209950385947571e-05, No Iterations 3, Solve time = 220.819 ms
[mem] after-UEqn: DEVICE_POOL current=19126 MB  actual(reserved)=38146 MB  highWater=24414 MB
[GinkgoSolver] p-cache: reuse(update_matrix_value) solve=14 rebuildInterval=0
config(Cg+Multigrid):  Solving for p, Initial residual = 0.0012764205293335402, Final residual = 1.255865483796746e-05, No Iterations 36, Solve time = 8906.481 ms
time step continuity errors : sum local = 3.1567043634740505e-06, global = -1.2283227127777598e-08, cumulative = -1.0915838250812776e-07
[mem] after-pEqn: DEVICE_POOL current=19126 MB  actual(reserved)=38146 MB  highWater=24414 MB
[GinkgoSolver] p-cache: reuse(update_matrix_value) solve=14 rebuildInterval=0
Schwarz(Jacobi)+Bicgstab:  Solving for omega, Initial residual = 1.2697180550126591e-05, Final residual = 8.361783784526159e-07, No Iterations 2, Solve time = 88.36 ms
bounding omega, min: -285088.07716006035 max: 45355982.8004109 average: 6373.751159818311
[GinkgoSolver] p-cache: reuse(update_matrix_value) solve=14 rebuildInterval=0
Schwarz(Jacobi)+Bicgstab:  Solving for k, Initial residual = 0.00024216988927403395, Final residual = 1.2109050328352795e-05, No Iterations 2, Solve time = 74.453 ms
bounding k, min: -0.0021307612738921122 max: 893.0754991218415 average: 9.147275201692285
[mem] after-turb: DEVICE_POOL current=19126 MB  actual(reserved)=38146 MB  highWater=24414 MB
ExecutionTime = 616.75 s  ClockTime = 618 s

Time = 1015
[mem] step-start: DEVICE_POOL current=19126 MB  actual(reserved)=38146 MB  highWater=24414 MB
Schwarz(Jacobi)+Bicgstab:  Solving for Ux, Initial residual = 7.835374069846522e-05, Final residual = 2.9120892621175528e-06, No Iterations 3, Solve time = 237.368 ms
Schwarz(Jacobi)+Bicgstab:  Solving for Uy, Initial residual = 0.0041018960854256655, Final residual = 0.00013715170631075025, No Iterations 3, Solve time = 237.368 ms
Schwarz(Jacobi)+Bicgstab:  Solving for Uz, Initial residual = 0.001094568430175712, Final residual = 5.785401989776384e-05, No Iterations 3, Solve time = 237.368 ms
[mem] after-UEqn: DEVICE_POOL current=19126 MB  actual(reserved)=38146 MB  highWater=24414 MB
[GinkgoSolver] p-cache: reuse(update_matrix_value) solve=15 rebuildInterval=0
config(Cg+Multigrid):  Solving for p, Initial residual = 0.0012764119660542052, Final residual = 1.1997877720147025e-05, No Iterations 6, Solve time = 1705.131 ms
time step continuity errors : sum local = 3.0112281433313684e-06, global = -1.869781148660801e-08, cumulative = -1.2785619399473576e-07
[mem] after-pEqn: DEVICE_POOL current=19126 MB  actual(reserved)=38146 MB  highWater=24414 MB
[GinkgoSolver] p-cache: reuse(update_matrix_value) solve=15 rebuildInterval=0
Schwarz(Jacobi)+Bicgstab:  Solving for omega, Initial residual = 1.2695224082236239e-05, Final residual = 8.330786054007401e-07, No Iterations 2, Solve time = 88.303 ms
bounding omega, min: -51111.70813894926 max: 45355982.78778321 average: 6373.538282650667
[GinkgoSolver] p-cache: reuse(update_matrix_value) solve=15 rebuildInterval=0
Schwarz(Jacobi)+Bicgstab:  Solving for k, Initial residual = 0.00024219370959363844, Final residual = 1.2192329567187959e-05, No Iterations 2, Solve time = 74.949 ms
bounding k, min: -0.002038850256092843 max: 892.5517703325196 average: 9.146402080577356
[mem] after-turb: DEVICE_POOL current=19126 MB  actual(reserved)=38146 MB  highWater=24414 MB
ExecutionTime = 620.0599999999999 s  ClockTime = 622 s

Time = 1016
[mem] step-start: DEVICE_POOL current=19126 MB  actual(reserved)=38146 MB  highWater=24414 MB
Schwarz(Jacobi)+Bicgstab:  Solving for Ux, Initial residual = 7.832704851420802e-05, Final residual = 4.2970857318791075e-06, No Iterations 2, Solve time = 187.039 ms
Schwarz(Jacobi)+Bicgstab:  Solving for Uy, Initial residual = 0.004100818855008505, Final residual = 0.0004614278584766359, No Iterations 2, Solve time = 187.039 ms
Schwarz(Jacobi)+Bicgstab:  Solving for Uz, Initial residual = 0.0010950652879522446, Final residual = 7.609164461984425e-05, No Iterations 2, Solve time = 187.039 ms
[mem] after-UEqn: DEVICE_POOL current=19126 MB  actual(reserved)=38146 MB  highWater=24414 MB
[GinkgoSolver] p-cache: reuse(update_matrix_value) solve=16 rebuildInterval=0
config(Cg+Multigrid):  Solving for p, Initial residual = 0.0012918336593560277, Final residual = 1.1162569310633913e-05, No Iterations 14, Solve time = 3625.14 ms
time step continuity errors : sum local = 2.8004039867471853e-06, global = -8.017581746385265e-09, cumulative = -1.3587377574112103e-07
[mem] after-pEqn: DEVICE_POOL current=19126 MB  actual(reserved)=38146 MB  highWater=24414 MB
[GinkgoSolver] p-cache: reuse(update_matrix_value) solve=16 rebuildInterval=0
Schwarz(Jacobi)+Bicgstab:  Solving for omega, Initial residual = 1.2728443101069282e-05, Final residual = 8.372643826836319e-07, No Iterations 2, Solve time = 88.689 ms
bounding omega, min: -51283.33553304521 max: 45355982.72398331 average: 6373.229621557896
[GinkgoSolver] p-cache: reuse(update_matrix_value) solve=16 rebuildInterval=0
Schwarz(Jacobi)+Bicgstab:  Solving for k, Initial residual = 0.00024253033940488652, Final residual = 1.2261164279015752e-05, No Iterations 2, Solve time = 74.195 ms
bounding k, min: -0.0023029828892285886 max: 891.6325612061041 average: 9.145530230197782
[mem] after-turb: DEVICE_POOL current=19126 MB  actual(reserved)=38146 MB  highWater=24414 MB
ExecutionTime = 625.23 s  ClockTime = 627 s

Time = 1017
[mem] step-start: DEVICE_POOL current=19126 MB  actual(reserved)=38146 MB  highWater=24414 MB
Schwarz(Jacobi)+Bicgstab:  Solving for Ux, Initial residual = 7.856974120948441e-05, Final residual = 4.329686209353629e-06, No Iterations 2, Solve time = 175.054 ms
Schwarz(Jacobi)+Bicgstab:  Solving for Uy, Initial residual = 0.004074486981828259, Final residual = 0.0007671136900550022, No Iterations 2, Solve time = 175.054 ms
Schwarz(Jacobi)+Bicgstab:  Solving for Uz, Initial residual = 0.0011006429267851245, Final residual = 7.58105263108697e-05, No Iterations 2, Solve time = 175.054 ms
[mem] after-UEqn: DEVICE_POOL current=19126 MB  actual(reserved)=38146 MB  highWater=24414 MB
[GinkgoSolver] p-cache: reuse(update_matrix_value) solve=17 rebuildInterval=0
config(Cg+Multigrid):  Solving for p, Initial residual = 0.0012848482539562255, Final residual = 9.339063761302207e-06, No Iterations 7, Solve time = 1946.118 ms
time step continuity errors : sum local = 2.3418021347362394e-06, global = -1.0795771620897927e-08, cumulative = -1.4666954736201894e-07
[mem] after-pEqn: DEVICE_POOL current=19126 MB  actual(reserved)=38146 MB  highWater=24414 MB
[GinkgoSolver] p-cache: reuse(update_matrix_value) solve=17 rebuildInterval=0
Schwarz(Jacobi)+Bicgstab:  Solving for omega, Initial residual = 1.2739865702962242e-05, Final residual = 8.437428541595503e-07, No Iterations 2, Solve time = 87.686 ms
bounding omega, min: -55072.44395818024 max: 45355982.64839249 average: 6372.986618913182
[GinkgoSolver] p-cache: reuse(update_matrix_value) solve=17 rebuildInterval=0
Schwarz(Jacobi)+Bicgstab:  Solving for k, Initial residual = 0.0002423660350303787, Final residual = 1.2325026668150642e-05, No Iterations 2, Solve time = 74.12 ms
bounding k, min: -0.005441492533640638 max: 890.5210702327508 average: 9.144915145535846
[mem] after-turb: DEVICE_POOL current=19126 MB  actual(reserved)=38146 MB  highWater=24414 MB
ExecutionTime = 628.78 s  ClockTime = 630 s

Time = 1018
[mem] step-start: DEVICE_POOL current=19126 MB  actual(reserved)=38146 MB  highWater=24414 MB
Schwarz(Jacobi)+Bicgstab:  Solving for Ux, Initial residual = 7.85099018668167e-05, Final residual = 3.4669229146017925e-06, No Iterations 3, Solve time = 233.146 ms
Schwarz(Jacobi)+Bicgstab:  Solving for Uy, Initial residual = 0.0041199756776009065, Final residual = 0.00013554174244732786, No Iterations 3, Solve time = 233.146 ms
Schwarz(Jacobi)+Bicgstab:  Solving for Uz, Initial residual = 0.0010993433749545809, Final residual = 5.3425241269477776e-05, No Iterations 3, Solve time = 233.146 ms
[mem] after-UEqn: DEVICE_POOL current=19126 MB  actual(reserved)=38146 MB  highWater=24414 MB
[GinkgoSolver] p-cache: reuse(update_matrix_value) solve=18 rebuildInterval=0
config(Cg+Multigrid):  Solving for p, Initial residual = 0.0012851416046776734, Final residual = 1.1130540724555358e-05, No Iterations 6, Solve time = 1705.346 ms
time step continuity errors : sum local = 2.7904286701727346e-06, global = -5.458468508591004e-09, cumulative = -1.5212801587060995e-07
[mem] after-pEqn: DEVICE_POOL current=19126 MB  actual(reserved)=38146 MB  highWater=24414 MB
[GinkgoSolver] p-cache: reuse(update_matrix_value) solve=18 rebuildInterval=0
Schwarz(Jacobi)+Bicgstab:  Solving for omega, Initial residual = 1.274183131565949e-05, Final residual = 8.438907492148758e-07, No Iterations 2, Solve time = 88.162 ms
bounding omega, min: -394596.49978748674 max: 45355982.58626574 average: 6372.747707462489
[GinkgoSolver] p-cache: reuse(update_matrix_value) solve=18 rebuildInterval=0
Schwarz(Jacobi)+Bicgstab:  Solving for k, Initial residual = 0.00024241428837717458, Final residual = 1.2386598913192897e-05, No Iterations 2, Solve time = 75.256 ms
bounding k, min: -0.00415415601484416 max: 889.1091416871637 average: 9.144225098506302
[mem] after-turb: DEVICE_POOL current=19126 MB  actual(reserved)=38146 MB  highWater=24414 MB
ExecutionTime = 632.0700000000001 s  ClockTime = 634 s

Time = 1019
[mem] step-start: DEVICE_POOL current=19126 MB  actual(reserved)=38146 MB  highWater=24414 MB
Schwarz(Jacobi)+Bicgstab:  Solving for Ux, Initial residual = 7.853590967009017e-05, Final residual = 3.286563053185483e-06, No Iterations 3, Solve time = 237.128 ms
Schwarz(Jacobi)+Bicgstab:  Solving for Uy, Initial residual = 0.004127051080977255, Final residual = 0.00013539789551056, No Iterations 3, Solve time = 237.128 ms
Schwarz(Jacobi)+Bicgstab:  Solving for Uz, Initial residual = 0.0010967202148586808, Final residual = 2.388457018036741e-05, No Iterations 3, Solve time = 237.128 ms
[mem] after-UEqn: DEVICE_POOL current=19126 MB  actual(reserved)=38146 MB  highWater=24414 MB
[GinkgoSolver] p-cache: reuse(update_matrix_value) solve=19 rebuildInterval=0
config(Cg+Multigrid):  Solving for p, Initial residual = 0.00128804123889, Final residual = 1.2801151865942339e-05, No Iterations 327, Solve time = 77623.531 ms
time step continuity errors : sum local = 3.2088540871555765e-06, global = 1.947389624221915e-09, cumulative = -1.5018062624638805e-07
[mem] after-pEqn: DEVICE_POOL current=19126 MB  actual(reserved)=38146 MB  highWater=24414 MB
[GinkgoSolver] p-cache: reuse(update_matrix_value) solve=19 rebuildInterval=0
Schwarz(Jacobi)+Bicgstab:  Solving for omega, Initial residual = 1.2739092513367631e-05, Final residual = 8.401759586410041e-07, No Iterations 2, Solve time = 88.619 ms
bounding omega, min: -58243.201484478035 max: 45355982.57299851 average: 6372.518747924657
[GinkgoSolver] p-cache: reuse(update_matrix_value) solve=19 rebuildInterval=0
Schwarz(Jacobi)+Bicgstab:  Solving for k, Initial residual = 0.00024246285684822137, Final residual = 1.2467790808730423e-05, No Iterations 2, Solve time = 75.246 ms
bounding k, min: -0.003167228038835186 max: 887.6044456926892 average: 9.143472137692363
[mem] after-turb: DEVICE_POOL current=19126 MB  actual(reserved)=38146 MB  highWater=24414 MB
ExecutionTime = 711.15 s  ClockTime = 713 s

Time = 1020
[mem] step-start: DEVICE_POOL current=19126 MB  actual(reserved)=38146 MB  highWater=24414 MB
Schwarz(Jacobi)+Bicgstab:  Solving for Ux, Initial residual = 7.859045083611172e-05, Final residual = 4.305796810447436e-06, No Iterations 2, Solve time = 177.604 ms
Schwarz(Jacobi)+Bicgstab:  Solving for Uy, Initial residual = 0.004131979293253663, Final residual = 0.00042793284085586346, No Iterations 2, Solve time = 177.604 ms
Schwarz(Jacobi)+Bicgstab:  Solving for Uz, Initial residual = 0.0010922667864514866, Final residual = 7.733673089382144e-05, No Iterations 2, Solve time = 177.604 ms
[mem] after-UEqn: DEVICE_POOL current=19126 MB  actual(reserved)=38146 MB  highWater=24414 MB
[GinkgoSolver] p-cache: reuse(update_matrix_value) solve=20 rebuildInterval=0
