/*---------------------------------------------------------------------------*\
| =========                 |                                                 |
| \\      /  F ield         | OpenFOAM: The Open Source CFD Toolbox           |
|  \\    /   O peration     | Version:  2506                                  |
|   \\  /    A nd           | Website:  www.openfoam.com                      |
|    \\/     M anipulation  |                                                 |
\*---------------------------------------------------------------------------*/
Build  : b050cd9480-20250814 OPENFOAM=2506 version=v2506
Arch   : "LSB;label=32;scalar=64"
Exec   : /storage/home/greole/code/NeoFOAM/build/profilingnvidia_h200/bin/neoSimpleFoam -parallel
Date   : Jul 10 2026
Time   : 06:30:06
Host   : gpu-nvidia-h200-2.int.coma-cluster.de
PID    : 732646
I/O    : uncollated
Case   : /storage/home/greole/code/NeoFOAM/occDrivAerStaticMesh
nProcs : 4
Hosts  :
(
    (gpu-nvidia-h200-2.int.coma-cluster.de 4)
)
Pstream initialized with:
    node communication : off [type=host] (4 ranks, 1 nodes)
    topology controls  : none
    consensus exchange : 0 (tuning: 0)
    exchange algorithm : 0
    commsType          : nonBlocking
    polling iterations : 0
trapFpe: Floating point exception trapping enabled (FOAM_SIGFPE).
fileModificationChecking : Monitoring run-time modified files using timeStampMaster (fileModificationSkew 5, maxFileModificationPolls 20)
allowSystemOperations : Allowing user-supplied system call operations

// * * * * * * * * * * * * * * * * * * * * * * * * * * * * * * * * * * * * * //
Create time

Initializing NeoN
Creating Executor GPU
Creating NeoFOAM runTime
GPU-aware MPI: library-available=yes, NeoN-flag=on, executor=GPUExecutor, ranks=4 -> used=yes

SIMPLE: no convergence criteria found. Calculations will run for 50 steps.

Reading field p

Reading field U

Reading/calculating face flux field phi

Selecting incompressible transport model Newtonian
NeoFOAM solver config (from fvSolution configFile) for 'config(Cg+Schwarz(Multigrid))':
{
    cacheSolver: true
    configFile: <NeoN::TokenList>
    l1ScaledResidual: true
    preconditionerRebuildInterval: 0
    relTol: 0.010000
    reportName: config(Cg+Schwarz(Multigrid))
    solver: Ginkgo
    tolerance: 0.000000
}
    effective optimize: false
    effective checkFrequency: 1
Mapping OpenFOAM solver settings to NeoN settings.
Currently, it is advisable to specify a configFile
for fine grained Ginkgo solver control

Replacing solver PBiCGStab by solver::Bicgstab
Replacing preconditioner diagonal by preconditioner::Schwarz (Schwarz-wrapped for distributed run)
NeoFOAM solver config (mapped from fvSolution) for 'Schwarz(Jacobi)+Bicgstab':
{
    cacheSolver: true
    criteria: {
        absolute_residual_norm: 0.000000
        initial_residual_norm: 0.100000
        iteration: 1000
    }
    l1ScaledResidual: true
    optimize: true
    preconditioner: {
        local_solver: {
            max_block_size: 1
            type: preconditioner::Jacobi
        }
        type: preconditioner::Schwarz
    }
    reportName: Schwarz(Jacobi)+Bicgstab
    solver: Ginkgo
    type: solver::Bicgstab
}
    effective optimize: true
    effective checkFrequency: 1
Creating phi

[NF][/storage/home/greole/code/NeoFOAM/include/NeoFOAM/auxiliary/readers.hpp::434]: Internal: 49320882, Boundary: 1762558

[NF][/storage/home/greole/code/NeoFOAM/include/NeoFOAM/auxiliary/readers.hpp::434]: Internal: 49333487, Boundary: 1754396

[NF][/storage/home/greole/code/NeoFOAM/include/NeoFOAM/auxiliary/readers.hpp::434]: Internal: 49243125, Boundary: 1362247

[NF][/storage/home/greole/code/NeoFOAM/include/NeoFOAM/auxiliary/readers.hpp::434]: Internal: 49261542, Boundary: 1427829
Selecting patchDistMethod meshWave
Mapping OpenFOAM solver settings to NeoN settings.
Currently, it is advisable to specify a configFile
for fine grained Ginkgo solver control

Replacing solver PBiCGStab by solver::Bicgstab
Replacing preconditioner diagonal by preconditioner::Schwarz (Schwarz-wrapped for distributed run)
NeoFOAM solver config (mapped from fvSolution) for 'Schwarz(Jacobi)+Bicgstab':
{
    cacheSolver: true
    criteria: {
        absolute_residual_norm: 0.000000
        initial_residual_norm: 0.100000
        iteration: 1000
    }
    l1ScaledResidual: true
    optimize: true
    preconditioner: {
        local_solver: {
            max_block_size: 1
            type: preconditioner::Jacobi
        }
        type: preconditioner::Schwarz
    }
    reportName: Schwarz(Jacobi)+Bicgstab
    solver: Ginkgo
    type: solver::Bicgstab
}
    effective optimize: true
    effective checkFrequency: 1
Mapping OpenFOAM solver settings to NeoN settings.
Currently, it is advisable to specify a configFile
for fine grained Ginkgo solver control

Replacing solver PBiCGStab by solver::Bicgstab
Replacing preconditioner diagonal by preconditioner::Schwarz (Schwarz-wrapped for distributed run)
NeoFOAM solver config (mapped from fvSolution) for 'Schwarz(Jacobi)+Bicgstab':
{
    cacheSolver: true
    criteria: {
        absolute_residual_norm: 0.000000
        initial_residual_norm: 0.100000
        iteration: 1000
    }
    l1ScaledResidual: true
    optimize: true
    preconditioner: {
        local_solver: {
            max_block_size: 1
            type: preconditioner::Jacobi
        }
        type: preconditioner::Schwarz
    }
    reportName: Schwarz(Jacobi)+Bicgstab
    solver: Ginkgo
    type: solver::Bicgstab
}
    effective optimize: true
    effective checkFrequency: 1
[mem] setup.end: DEVICE_POOL current=12979 MB  actual(reserved)=38146 MB  highWater=19132 MB
Starting time loop
Time = 1001
[mem] step-start: DEVICE_POOL current=12979 MB  actual(reserved)=38146 MB  highWater=19132 MB
Schwarz(Jacobi)+Bicgstab:  Solving for Ux, Initial residual = 7.915653595473627e-05, Final residual = 3.1179240294667097e-06, No Iterations 3, Solve time = 221.01 ms
Schwarz(Jacobi)+Bicgstab:  Solving for Uy, Initial residual = 0.0040314963885018755, Final residual = 0.00014160852369410692, No Iterations 3, Solve time = 221.01 ms
Schwarz(Jacobi)+Bicgstab:  Solving for Uz, Initial residual = 0.0011224948656558267, Final residual = 4.897539672892756e-05, No Iterations 3, Solve time = 221.01 ms
[mem] after-UEqn: DEVICE_POOL current=15473 MB  actual(reserved)=38146 MB  highWater=20761 MB
Terminate called after throwing an instance of gko::CusparseError: /storage/home/greole/code/NeoFOAM/build/profilingnvidia_h200/_deps/ginkgo-src/cuda/base/cusparse_bindings.hpp:228: spgemm_compute: CUSPARSE_STATUS_INSUFFICIENT_RESOURCES
Terminate called after throwing an instance of gko::CusparseError: /storage/home/greole/code/NeoFOAM/build/profilingnvidia_h200/_deps/ginkgo-src/cuda/base/cusparse_bindings.hpp:228: spgemm_compute: CUSPARSE_STATUS_INSUFFICIENT_RESOURCES
Terminate called after throwing an instance of gko::CusparseError: /storage/home/greole/code/NeoFOAM/build/profilingnvidia_h200/_deps/ginkgo-src/cuda/base/cusparse_bindings.hpp:228: spgemm_compute: CUSPARSE_STATUS_INSUFFICIENT_RESOURCES
Terminate called after throwing an instance of gko::CusparseError: /storage/home/greole/code/NeoFOAM/build/profilingnvidia_h200/_deps/ginkgo-src/cuda/base/cusparse_bindings.hpp:228: spgemm_compute: CUSPARSE_STATUS_INSUFFICIENT_RESOURCES
Stack trace to reach terminate handler (most recent call first):
#0  0x0000000000548e33 in cpptrace::terminate_handler() at /storage/home/greole/code/NeoFOAM/build/profilingnvidia_h200/_deps/cpptrace-src/src/utils.cpp:65:34
#1  0x00007f2c8a596f39 in __cxxabiv1::__terminate(void (*)()) at /scratch/software/tmp/spack-stage/spack-stage-gcc-13.3.0-pc5contataet2iuufjrcsndtp6ub6hpk/spack-src/libstdc++-v3/libsupc++/eh_terminate.cc:48:15
#2  0x00007f2c8a596fa4 in std::terminate() at /scratch/software/tmp/spack-stage/spack-stage-gcc-13.3.0-pc5contataet2iuufjrcsndtp6ub6hpk/spack-src/libstdc++-v3/libsupc++/eh_terminate.cc:58:27
#3  0x00007f2c8a5971f6 in __cxa_throw at /scratch/software/tmp/spack-stage/spack-stage-gcc-13.3.0-pc5contataet2iuufjrcsndtp6ub6hpk/spack-src/libstdc++-v3/libsupc++/eh_throw.cc:98:18
#4  0x00007f2ce9a1f85b in void gko::kernels::cuda::cusparse::spgemm_compute<double>(cusparseContext*, double const*, cusparseSpMatDescr*, cusparseSpMatDescr*, double const*, cusparseSpMatDescr*, cusparseSpGEMMDescr*, void*, unsigned long&, void*) at /storage/home/greole/code/NeoFOAM/build/profilingnvidia_h200/_deps/ginkgo-src/cuda/base/cusparse_bindings.hpp:228:299
#5  0x00007f2cebb073b0 in void gko::kernels::cuda::csr::spgemm<double, int>(std::shared_ptr<gko::CudaExecutor const>, gko::matrix::Csr<double, int> const*, gko::matrix::Csr<double, int> const*, gko::matrix::Csr<double, int>*) at /storage/home/greole/code/NeoFOAM/build/profilingnvidia_h200/_deps/ginkgo-src/common/cuda_hip/matrix/csr_kernels.template.cpp:2613:26
#6  (inlined)          in operator()<std::shared_ptr<const gko::CudaExecutor> > at /storage/home/greole/code/NeoFOAM/build/profilingnvidia_h200/_deps/ginkgo-src/core/matrix/csr.cpp:49:1
#7  0x00007f2cea238af0 in run at /storage/home/greole/code/NeoFOAM/build/profilingnvidia_h200/_deps/ginkgo-src/include/ginkgo/core/base/executor.hpp:318:12
#8  0x00007f2ceb95a085 in gko::detail::ExecutorBase<gko::CudaExecutor>::run(gko::Operation const&) const at /storage/home/greole/code/NeoFOAM/build/profilingnvidia_h200/_deps/ginkgo-src/include/ginkgo/core/base/executor.hpp:1287:15
#9  0x00007f2cea43b6e8 in gko::matrix::Csr<double, int>::apply_impl(gko::LinOp const*, gko::LinOp*) const at /storage/home/greole/code/NeoFOAM/build/profilingnvidia_h200/_deps/ginkgo-src/core/matrix/csr.cpp:265:34
#10 0x00000000005af183 in gko::LinOp::apply(gko::ptr_param<gko::LinOp const>, gko::ptr_param<gko::LinOp>) const at /storage/home/greole/code/NeoFOAM/build/profilingnvidia_h200/_deps/ginkgo-src/include/ginkgo/core/base/lin_op.hpp:160:17
#11 0x000000000062db74 in NeoN::la::ginkgo::MergedPgm<double, int>::spgemm(std::shared_ptr<gko::matrix::Csr<double, int> const>, std::shared_ptr<gko::matrix::Csr<double, int> const>) at /storage/home/greole/code/NeoN/include/NeoN/linearAlgebra/ginkgo/mergedPgm.hpp:189:9
#12 0x000000000063f1f6 in NeoN::la::ginkgo::MergedPgm<double, int>::generate() at /storage/home/greole/code/NeoN/include/NeoN/linearAlgebra/ginkgo/mergedPgm.hpp:137:23
#13 0x000000000063fc07 in NeoN::la::ginkgo::MergedPgm<double, int>::MergedPgm(NeoN::la::ginkgo::MergedPgm<double, int>::Factory const*, gko::LinOpGenerateComponents) at /storage/home/greole/code/NeoN/include/NeoN/linearAlgebra/ginkgo/mergedPgm.hpp:114:9
#14 0x000000000063fcf3 in gko::EnableDefaultFactory<NeoN::la::ginkgo::MergedPgm<double, int>::Factory, NeoN::la::ginkgo::MergedPgm<double, int>, NeoN::la::ginkgo::MergedPgm<double, int>::parameters_type, gko::LinOpFactory>::generate_impl(gko::LinOpGenerateComponents) const at /storage/home/greole/code/NeoFOAM/build/profilingnvidia_h200/_deps/ginkgo-src/include/ginkgo/core/base/abstract_factory.hpp:187:52
#15 0x00007f2cea10d6ff in std::unique_ptr<gko::LinOp, std::default_delete<gko::LinOp> > gko::AbstractFactory<gko::LinOp, gko::LinOpGenerateComponents>::generate<gko::LinOpGenerateComponents>(gko::LinOpGenerateComponents&&) const at /storage/home/greole/code/NeoFOAM/build/profilingnvidia_h200/_deps/ginkgo-src/include/ginkgo/core/base/abstract_factory.hpp:69:14
#16 0x00007f2cea10bb58 in gko::LinOpFactory::generate(std::shared_ptr<gko::LinOp const>) const at /storage/home/greole/code/NeoFOAM/build/profilingnvidia_h200/_deps/ginkgo-src/core/base/lin_op.cpp:50:44
#17 0x00007f2ceb080e4e in gko::solver::Multigrid::generate() at /storage/home/greole/code/NeoFOAM/build/profilingnvidia_h200/_deps/ginkgo-src/core/solver/multigrid.cpp:917:45
#18 0x00007f2ceb082dc7 in gko::solver::Multigrid::Multigrid(gko::solver::Multigrid::Factory const*, gko::LinOpGenerateComponents) at /storage/home/greole/code/NeoFOAM/build/profilingnvidia_h200/_deps/ginkgo-src/core/solver/multigrid.cpp:1463:23
#19 0x00007f2ceaa1c833 in gko::EnableDefaultFactory<gko::solver::Multigrid::Factory, gko::solver::Multigrid, gko::solver::Multigrid::parameters_type, gko::LinOpFactory>::generate_impl(gko::LinOpGenerateComponents) const at /storage/home/greole/code/NeoFOAM/build/profilingnvidia_h200/_deps/ginkgo-src/include/ginkgo/core/base/abstract_factory.hpp:188:13
#20 0x00007f2cea10d6ff in std::unique_ptr<gko::LinOp, std::default_delete<gko::LinOp> > gko::AbstractFactory<gko::LinOp, gko::LinOpGenerateComponents>::generate<gko::LinOpGenerateComponents>(gko::LinOpGenerateComponents&&) const at /storage/home/greole/code/NeoFOAM/build/profilingnvidia_h200/_deps/ginkgo-src/include/ginkgo/core/base/abstract_factory.hpp:69:14
#21 0x00007f2cea10c145 in gko::solver::detail::generate_with_view(gko::LinOpFactory const*, std::shared_ptr<gko::LinOp const>, gko::solver::Workspace*) at /storage/home/greole/code/NeoFOAM/build/profilingnvidia_h200/_deps/ginkgo-src/core/base/lin_op.cpp:93:58
#22 0x00007f2ceb1c082e in gko::experimental::distributed::preconditioner::Schwarz<double, int, long>::generate_inner(gko::LinOpFactory const*, std::shared_ptr<gko::LinOp const>, std::__cxx11::basic_string<char, std::char_traits<char>, std::allocator<char> > const&) at /storage/home/greole/code/NeoFOAM/build/profilingnvidia_h200/_deps/ginkgo-src/core/distributed/preconditioner/schwarz.cpp:193:56
#23 0x00007f2ceb1f23f8 in gko::experimental::distributed::preconditioner::Schwarz<double, int, long>::generate(std::shared_ptr<gko::LinOp const>) at /storage/home/greole/code/NeoFOAM/build/profilingnvidia_h200/_deps/ginkgo-src/core/distributed/preconditioner/schwarz.cpp:223:21
#24 0x00007f2ceac41fe3 in gko::experimental::distributed::preconditioner::Schwarz<double, int, long>::Schwarz(gko::experimental::distributed::preconditioner::Schwarz<double, int, long>::Factory const*, gko::LinOpGenerateComponents) at /storage/home/greole/code/NeoFOAM/build/profilingnvidia_h200/_deps/ginkgo-src/include/ginkgo/core/distributed/preconditioner/schwarz.hpp:257:23
#25 0x00007f2ceac42163 in gko::EnableDefaultFactory<gko::experimental::distributed::preconditioner::Schwarz<double, int, long>::Factory, gko::experimental::distributed::preconditioner::Schwarz<double, int, long>, gko::experimental::distributed::preconditioner::Schwarz<double, int, long>::parameters_type, gko::LinOpFactory>::generate_impl(gko::LinOpGenerateComponents) const at /storage/home/greole/code/NeoFOAM/build/profilingnvidia_h200/_deps/ginkgo-src/include/ginkgo/core/base/abstract_factory.hpp:188:13
#26 0x00007f2cea10d6ff in std::unique_ptr<gko::LinOp, std::default_delete<gko::LinOp> > gko::AbstractFactory<gko::LinOp, gko::LinOpGenerateComponents>::generate<gko::LinOpGenerateComponents>(gko::LinOpGenerateComponents&&) const at /storage/home/greole/code/NeoFOAM/build/profilingnvidia_h200/_deps/ginkgo-src/include/ginkgo/core/base/abstract_factory.hpp:69:14
#27 0x00007f2cea10c145 in gko::solver::detail::generate_with_view(gko::LinOpFactory const*, std::shared_ptr<gko::LinOp const>, gko::solver::Workspace*) at /storage/home/greole/code/NeoFOAM/build/profilingnvidia_h200/_deps/ginkgo-src/core/base/lin_op.cpp:93:58
#28 0x00007f2ceab92fe2 in void gko::solver::EnablePreconditionedIterativeSolver<double, gko::solver::Cg<double> >::generate_preconditioner_with_workspace<gko::solver::Cg<double>::parameters_type>(gko::solver::Cg<double>::parameters_type const&) at /storage/home/greole/code/NeoFOAM/build/profilingnvidia_h200/_deps/ginkgo-src/include/ginkgo/core/solver/solver_base.hpp:902:37
#29 0x00007f2ceac024cd in gko::solver::Cg<double>::Cg(gko::solver::Cg<double>::Factory const*, gko::LinOpGenerateComponents) at /storage/home/greole/code/NeoFOAM/build/profilingnvidia_h200/_deps/ginkgo-src/include/ginkgo/core/solver/cg.hpp:119:53
#30 0x00007f2ceac02633 in gko::EnableDefaultFactory<gko::solver::Cg<double>::Factory, gko::solver::Cg<double>, gko::solver::Cg<double>::parameters_type, gko::LinOpFactory>::generate_impl(gko::LinOpGenerateComponents) const at /storage/home/greole/code/NeoFOAM/build/profilingnvidia_h200/_deps/ginkgo-src/include/ginkgo/core/base/abstract_factory.hpp:188:13
#31 0x00007f2cea10d6ff in std::unique_ptr<gko::LinOp, std::default_delete<gko::LinOp> > gko::AbstractFactory<gko::LinOp, gko::LinOpGenerateComponents>::generate<gko::LinOpGenerateComponents>(gko::LinOpGenerateComponents&&) const at /storage/home/greole/code/NeoFOAM/build/profilingnvidia_h200/_deps/ginkgo-src/include/ginkgo/core/base/abstract_factory.hpp:69:14
#32 0x00007f2cea10bb58 in gko::LinOpFactory::generate(std::shared_ptr<gko::LinOp const>) const at /storage/home/greole/code/NeoFOAM/build/profilingnvidia_h200/_deps/ginkgo-src/core/base/lin_op.cpp:50:44
#33 (inlined)          in operator() at /storage/home/greole/code/NeoN/src/linearAlgebra/ginkgo/ginkgoDistributed.cpp:667:34
#34 0x00007f2cea00bb59 in NeoN::la::ginkgo::(anonymous namespace)::cacheOrUpdateSolver(std::shared_ptr<gko::LinOp>&, std::unique_ptr<gko::solver::Workspace, std::default_delete<gko::solver::Workspace> >&, std::array<unsigned long, 3ul>&, int&, bool, int, std::shared_ptr<gko::LinOpFactory const> const&, std::shared_ptr<gko::LinOp const> const&, std::array<unsigned long, 3ul> const&) at /storage/home/greole/code/NeoN/src/linearAlgebra/ginkgo/ginkgoDistributed.cpp:687:30
#35 0x00007f2cea00d86a in NeoN::la::ginkgo::GinkgoSolver::solveDist(NeoN::la::LinearSystem<double, double, NeoN::la::Matrix<double, NeoN::la::CsrSparsityPattern<int> >, NeoN::la::Matrix<double, NeoN::la::CooSparsityPattern<int> > > const&, NeoN::Vector<double>&) const at /storage/home/greole/code/NeoN/src/linearAlgebra/ginkgo/ginkgoDistributed.cpp:878:217
#36 (inlined)          in NeoN::la::Solver::solve(NeoN::la::LinearSystem<double, double, NeoN::la::Matrix<double, NeoN::la::CsrSparsityPattern<int> >, NeoN::la::Matrix<double, NeoN::la::CooSparsityPattern<int> > > const&, NeoN::Vector<double>&) const at /storage/home/greole/code/NeoN/include/NeoN/linearAlgebra/solver.hpp:121:92
#37 0x000000000061c966 in NeoFOAM::PDE<double, double, int>::solveImpl(NeoN::dsl::Expression<double, int>&, NeoN::la::LinearSystem<double, double, NeoN::la::Matrix<double, NeoN::la::CsrSparsityPattern<int> >, NeoN::la::Matrix<double, NeoN::la::CooSparsityPattern<int> > >&) at /storage/home/greole/code/NeoFOAM/include/NeoFOAM/datastructures/pde.hpp:473:6
#38 (inlined)          in NeoFOAM::PDE<double, double, int>::solve() at /storage/home/greole/code/NeoFOAM/include/NeoFOAM/datastructures/pde.hpp:228:31
#39 0x000000000054d02b in main at /storage/home/greole/code/NeoFOAM/examples/neoSimpleFoam/neoSimpleFoam.cpp:273:11
#40 0x00007f2c8a1f560f at /lib64/libc.so.6
#41 0x00007f2c8a1f56bf at /lib64/libc.so.6
#42 0x000000000054e044 at /storage/home/greole/code/NeoFOAM/build/profilingnvidia_h200/bin/neoSimpleFoam
[gpu-nvidia-h200-2:732647] *** Process received signal ***
[gpu-nvidia-h200-2:732647] Signal: Aborted (6)
[gpu-nvidia-h200-2:732647] Signal code:  (-6)
[gpu-nvidia-h200-2:732647] [ 0] /lib64/libc.so.6(+0x3fc60)[0x7f2c8a20ac60]
[gpu-nvidia-h200-2:732647] [ 1] /lib64/libc.so.6(+0x8d4bc)[0x7f2c8a2584bc]
[gpu-nvidia-h200-2:732647] [ 2] /lib64/libc.so.6(raise+0x16)[0x7f2c8a20abb6]
[gpu-nvidia-h200-2:732647] [ 3] /lib64/libc.so.6(abort+0xd3)[0x7f2c8a1f4873]
[gpu-nvidia-h200-2:732647] [ 4] /storage/home/greole/code/NeoFOAM/build/profilingnvidia_h200/bin/neoSimpleFoam[0x64c774]
[gpu-nvidia-h200-2:732647] [ 5] /storage/apps/opt/spack/opt/spack/__spack_path_placeholder__/__spack_path_placeholder__/__spack_path_placeholder__/__spack_path_placeholder__/__spack_path_placeholder__/__spack_path_placeholder__/__spack_path_placeholder__/__spack_path_placeholder__/__spac/linux-x86_64_v3/gcc-13.3.0-pc5contataet2iuufjrcsndtp6ub6hpk/lib64/libstdc++.so.6(+0xbdf3a)[0x7f2c8a596f3a]
[gpu-nvidia-h200-2:732647] [ 6] /storage/apps/opt/spack/opt/spack/__spack_path_placeholder__/__spack_path_placeholder__/__spack_path_placeholder__/__spack_path_placeholder__/__spack_path_placeholder__/__spack_path_placeholder__/__spack_path_placeholder__/__spack_path_placeholder__/__spac/linux-x86_64_v3/gcc-13.3.0-pc5contataet2iuufjrcsndtp6ub6hpk/lib64/libstdc++.so.6(+0xbdfa5)[0x7f2c8a596fa5]
[gpu-nvidia-h200-2:732647] [ 7] /storage/apps/opt/spack/opt/spack/__spack_path_placeholder__/__spack_path_placeholder__/__spack_path_placeholder__/__spack_path_placeholder__/__spack_path_placeholder__/__spack_path_placeholder__/__spack_path_placeholder__/__spack_path_placeholder__/__spac/linux-x86_64_v3/gcc-13.3.0-pc5contataet2iuufjrcsndtp6ub6hpk/lib64/libstdc++.so.6(+0xbe1f7)[0x7f2c8a5971f7]
[gpu-nvidia-h200-2:732647] [ 8] /storage/home/greole/code/NeoFOAM/build/profilingnvidia_h200/lib/libNeoN.so(+0x1bc885c)[0x7f2ce9a1f85c]
[gpu-nvidia-h200-2:732647] [ 9] /storage/home/greole/code/NeoFOAM/build/profilingnvidia_h200/lib/libNeoN.so(_ZN3gko7kernels4cuda3csr6spgemmIdiEEvSt10shared_ptrIKNS_12CudaExecutorEEPKNS_6matrix3CsrIT_T0_EESE_PSC_+0x441)[0x7f2cebb073b1]
[gpu-nvidia-h200-2:732647] [10] /storage/home/greole/code/NeoFOAM/build/profilingnvidia_h200/lib/libNeoN.so(+0x23e1af1)[0x7f2cea238af1]
[gpu-nvidia-h200-2:732647] [11] /storage/home/greole/code/NeoFOAM/build/profilingnvidia_h200/lib/libNeoN.so(_ZNK3gko6detail12ExecutorBaseINS_12CudaExecutorEE3runERKNS_9OperationE+0xa6)[0x7f2ceb95a086]
[gpu-nvidia-h200-2:732647] [12] /storage/home/greole/code/NeoFOAM/build/profilingnvidia_h200/lib/libNeoN.so(_ZNK3gko6matrix3CsrIdiE10apply_implEPKNS_5LinOpEPS3_+0xb9)[0x7f2cea43b6e9]
[gpu-nvidia-h200-2:732647] [13] /storage/home/greole/code/NeoFOAM/build/profilingnvidia_h200/bin/neoSimpleFoam(_ZNK3gko5LinOp5applyENS_9ptr_paramIKS0_EENS1_IS0_EE+0x174)[0x5af184]
[gpu-nvidia-h200-2:732647] [14] /storage/home/greole/code/NeoFOAM/build/profilingnvidia_h200/bin/neoSimpleFoam(_ZN4NeoN2la6ginkgo9MergedPgmIdiE6spgemmESt10shared_ptrIKN3gko6matrix3CsrIdiEEESA_+0xb5)[0x62db75]
[gpu-nvidia-h200-2:732647] [15] /storage/home/greole/code/NeoFOAM/build/profilingnvidia_h200/bin/neoSimpleFoam(_ZN4NeoN2la6ginkgo9MergedPgmIdiE8generateEv+0x527)[0x63f1f7]
[gpu-nvidia-h200-2:732647] [16] /storage/home/greole/code/NeoFOAM/build/profilingnvidia_h200/bin/neoSimpleFoam(_ZN4NeoN2la6ginkgo9MergedPgmIdiEC1EPKNS3_7FactoryEN3gko23LinOpGenerateComponentsE+0x328)[0x63fc08]
[gpu-nvidia-h200-2:732647] [17] /storage/home/greole/code/NeoFOAM/build/profilingnvidia_h200/bin/neoSimpleFoam(_ZNK3gko20EnableDefaultFactoryIN4NeoN2la6ginkgo9MergedPgmIdiE7FactoryES5_NS5_15parameters_typeENS_12LinOpFactoryEE13generate_implENS_23LinOpGenerateComponentsE+0x44)[0x63fcf4]
[gpu-nvidia-h200-2:732647] [18] /storage/home/greole/code/NeoFOAM/build/profilingnvidia_h200/lib/libNeoN.so(_ZNK3gko15AbstractFactoryINS_5LinOpENS_23LinOpGenerateComponentsEE8generateIJS2_EEESt10unique_ptrIS1_St14default_deleteIS1_EEDpOT_+0x40)[0x7f2cea10d700]
[gpu-nvidia-h200-2:732647] [19] /storage/home/greole/code/NeoFOAM/build/profilingnvidia_h200/lib/libNeoN.so(_ZNK3gko12LinOpFactory8generateESt10shared_ptrIKNS_5LinOpEE+0x549)[0x7f2cea10bb59]
[gpu-nvidia-h200-2:732647] [20] /storage/home/greole/code/NeoFOAM/build/profilingnvidia_h200/lib/libNeoN.so(_ZN3gko6solver9Multigrid8generateEv+0x2ef)[0x7f2ceb080e4f]
[gpu-nvidia-h200-2:732647] [21] /storage/home/greole/code/NeoFOAM/build/profilingnvidia_h200/lib/libNeoN.so(_ZN3gko6solver9MultigridC1EPKNS1_7FactoryENS_23LinOpGenerateComponentsE+0x4b8)[0x7f2ceb082dc8]
[gpu-nvidia-h200-2:732647] [22] /storage/home/greole/code/NeoFOAM/build/profilingnvidia_h200/lib/libNeoN.so(_ZNK3gko20EnableDefaultFactoryINS_6solver9Multigrid7FactoryES2_NS2_15parameters_typeENS_12LinOpFactoryEE13generate_implENS_23LinOpGenerateComponentsE+0x44)[0x7f2ceaa1c834]
[gpu-nvidia-h200-2:732647] [23] /storage/home/greole/code/NeoFOAM/build/profilingnvidia_h200/lib/libNeoN.so(_ZNK3gko15AbstractFactoryINS_5LinOpENS_23LinOpGenerateComponentsEE8generateIJS2_EEESt10unique_ptrIS1_St14default_deleteIS1_EEDpOT_+0x40)[0x7f2cea10d700]
[gpu-nvidia-h200-2:732647] [24] /storage/home/greole/code/NeoFOAM/build/profilingnvidia_h200/lib/libNeoN.so(_ZN3gko6solver6detail18generate_with_viewEPKNS_12LinOpFactoryESt10shared_ptrIKNS_5LinOpEEPNS0_9WorkspaceE+0x286)[0x7f2cea10c146]
[gpu-nvidia-h200-2:732647] [25] /storage/home/greole/code/NeoFOAM/build/profilingnvidia_h200/lib/libNeoN.so(_ZN3gko12experimental11distributed14preconditioner7SchwarzIdilE14generate_innerEPKNS_12LinOpFactoryESt10shared_ptrIKNS_5LinOpEERKNSt7__cxx1112basic_stringIcSt11char_traitsIcESaIcEEE+0x4f)[0x7f2ceb1c082f]
[gpu-nvidia-h200-2:732647] [26] /storage/home/greole/code/NeoFOAM/build/profilingnvidia_h200/lib/libNeoN.so(_ZN3gko12experimental11distributed14preconditioner7SchwarzIdilE8generateESt10shared_ptrIKNS_5LinOpEE+0xd9)[0x7f2ceb1f23f9]
[gpu-nvidia-h200-2:732647] [27] /storage/home/greole/code/NeoFOAM/build/profilingnvidia_h200/lib/libNeoN.so(_ZN3gko12experimental11distributed14preconditioner7SchwarzIdilEC1EPKNS4_7FactoryENS_23LinOpGenerateComponentsE+0x1c4)[0x7f2ceac41fe4]
[gpu-nvidia-h200-2:732647] [28] /storage/home/greole/code/NeoFOAM/build/profilingnvidia_h200/lib/libNeoN.so(_ZNK3gko20EnableDefaultFactoryINS_12experimental11distributed14preconditioner7SchwarzIdilE7FactoryES5_NS5_15parameters_typeENS_12LinOpFactoryEE13generate_implENS_23LinOpGenerateComponentsE+0x44)[0x7f2ceac42164]
[gpu-nvidia-h200-2:732647] [29] /storage/home/greole/code/NeoFOAM/build/profilingnvidia_h200/lib/libNeoN.so(_ZNK3gko15AbstractFactoryINS_5LinOpENS_23LinOpGenerateComponentsEE8generateIJS2_EEESt10unique_ptrIS1_St14default_deleteIS1_EEDpOT_+0x40)[0x7f2cea10d700]
[gpu-nvidia-h200-2:732647] *** End of error message ***
Stack trace to reach terminate handler (most recent call first):
#0  0x0000000000548e33 in cpptrace::terminate_handler() at /storage/home/greole/code/NeoFOAM/build/profilingnvidia_h200/_deps/cpptrace-src/src/utils.cpp:65:34
#1  0x00007f76c477cf39 in __cxxabiv1::__terminate(void (*)()) at /scratch/software/tmp/spack-stage/spack-stage-gcc-13.3.0-pc5contataet2iuufjrcsndtp6ub6hpk/spack-src/libstdc++-v3/libsupc++/eh_terminate.cc:48:15
#2  0x00007f76c477cfa4 in std::terminate() at /scratch/software/tmp/spack-stage/spack-stage-gcc-13.3.0-pc5contataet2iuufjrcsndtp6ub6hpk/spack-src/libstdc++-v3/libsupc++/eh_terminate.cc:58:27
#3  0x00007f76c477d1f6 in __cxa_throw at /scratch/software/tmp/spack-stage/spack-stage-gcc-13.3.0-pc5contataet2iuufjrcsndtp6ub6hpk/spack-src/libstdc++-v3/libsupc++/eh_throw.cc:98:18
#4  0x00007f7723c0585b in void gko::kernels::cuda::cusparse::spgemm_compute<double>(cusparseContext*, double const*, cusparseSpMatDescr*, cusparseSpMatDescr*, double const*, cusparseSpMatDescr*, cusparseSpGEMMDescr*, void*, unsigned long&, void*) at /storage/home/greole/code/NeoFOAM/build/profilingnvidia_h200/_deps/ginkgo-src/cuda/base/cusparse_bindings.hpp:228:299
#5  0x00007f7725ced3b0 in void gko::kernels::cuda::csr::spgemm<double, int>(std::shared_ptr<gko::CudaExecutor const>, gko::matrix::Csr<double, int> const*, gko::matrix::Csr<double, int> const*, gko::matrix::Csr<double, int>*) at /storage/home/greole/code/NeoFOAM/build/profilingnvidia_h200/_deps/ginkgo-src/common/cuda_hip/matrix/csr_kernels.template.cpp:2613:26
#6  (inlined)          in operator()<std::shared_ptr<const gko::CudaExecutor> > at /storage/home/greole/code/NeoFOAM/build/profilingnvidia_h200/_deps/ginkgo-src/core/matrix/csr.cpp:49:1
#7  0x00007f772441eaf0 in run at /storage/home/greole/code/NeoFOAM/build/profilingnvidia_h200/_deps/ginkgo-src/include/ginkgo/core/base/executor.hpp:318:12
#8  0x00007f7725b40085 in gko::detail::ExecutorBase<gko::CudaExecutor>::run(gko::Operation const&) const at /storage/home/greole/code/NeoFOAM/build/profilingnvidia_h200/_deps/ginkgo-src/include/ginkgo/core/base/executor.hpp:1287:15
#9  0x00007f77246216e8 in gko::matrix::Csr<double, int>::apply_impl(gko::LinOp const*, gko::LinOp*) const at /storage/home/greole/code/NeoFOAM/build/profilingnvidia_h200/_deps/ginkgo-src/core/matrix/csr.cpp:265:34
#10 0x00000000005af183 in gko::LinOp::apply(gko::ptr_param<gko::LinOp const>, gko::ptr_param<gko::LinOp>) const at /storage/home/greole/code/NeoFOAM/build/profilingnvidia_h200/_deps/ginkgo-src/include/ginkgo/core/base/lin_op.hpp:160:17
#11 0x000000000062db74 in NeoN::la::ginkgo::MergedPgm<double, int>::spgemm(std::shared_ptr<gko::matrix::Csr<double, int> const>, std::shared_ptr<gko::matrix::Csr<double, int> const>) at /storage/home/greole/code/NeoN/include/NeoN/linearAlgebra/ginkgo/mergedPgm.hpp:189:9
#12 0x000000000063f1f6 in NeoN::la::ginkgo::MergedPgm<double, int>::generate() at /storage/home/greole/code/NeoN/include/NeoN/linearAlgebra/ginkgo/mergedPgm.hpp:137:23
#13 0x000000000063fc07 in NeoN::la::ginkgo::MergedPgm<double, int>::MergedPgm(NeoN::la::ginkgo::MergedPgm<double, int>::Factory const*, gko::LinOpGenerateComponents) at /storage/home/greole/code/NeoN/include/NeoN/linearAlgebra/ginkgo/mergedPgm.hpp:114:9
#14 0x000000000063fcf3 in gko::EnableDefaultFactory<NeoN::la::ginkgo::MergedPgm<double, int>::Factory, NeoN::la::ginkgo::MergedPgm<double, int>, NeoN::la::ginkgo::MergedPgm<double, int>::parameters_type, gko::LinOpFactory>::generate_impl(gko::LinOpGenerateComponents) const at /storage/home/greole/code/NeoFOAM/build/profilingnvidia_h200/_deps/ginkgo-src/include/ginkgo/core/base/abstract_factory.hpp:187:52
#15 0x00007f77242f36ff in std::unique_ptr<gko::LinOp, std::default_delete<gko::LinOp> > gko::AbstractFactory<gko::LinOp, gko::LinOpGenerateComponents>::generate<gko::LinOpGenerateComponents>(gko::LinOpGenerateComponents&&) const at /storage/home/greole/code/NeoFOAM/build/profilingnvidia_h200/_deps/ginkgo-src/include/ginkgo/core/base/abstract_factory.hpp:69:14
#16 0x00007f77242f1b58 in gko::LinOpFactory::generate(std::shared_ptr<gko::LinOp const>) const at /storage/home/greole/code/NeoFOAM/build/profilingnvidia_h200/_deps/ginkgo-src/core/base/lin_op.cpp:50:44
#17 0x00007f7725266e4e in gko::solver::Multigrid::generate() at /storage/home/greole/code/NeoFOAM/build/profilingnvidia_h200/_deps/ginkgo-src/core/solver/multigrid.cpp:917:45
#18 0x00007f7725268dc7 in gko::solver::Multigrid::Multigrid(gko::solver::Multigrid::Factory const*, gko::LinOpGenerateComponents) at /storage/home/greole/code/NeoFOAM/build/profilingnvidia_h200/_deps/ginkgo-src/core/solver/multigrid.cpp:1463:23
#19 0x00007f7724c02833 in gko::EnableDefaultFactory<gko::solver::Multigrid::Factory, gko::solver::Multigrid, gko::solver::Multigrid::parameters_type, gko::LinOpFactory>::generate_impl(gko::LinOpGenerateComponents) const at /storage/home/greole/code/NeoFOAM/build/profilingnvidia_h200/_deps/ginkgo-src/include/ginkgo/core/base/abstract_factory.hpp:188:13
#20 0x00007f77242f36ff in std::unique_ptr<gko::LinOp, std::default_delete<gko::LinOp> > gko::AbstractFactory<gko::LinOp, gko::LinOpGenerateComponents>::generate<gko::LinOpGenerateComponents>(gko::LinOpGenerateComponents&&) const at /storage/home/greole/code/NeoFOAM/build/profilingnvidia_h200/_deps/ginkgo-src/include/ginkgo/core/base/abstract_factory.hpp:69:14
#21 0x00007f77242f2145 in gko::solver::detail::generate_with_view(gko::LinOpFactory const*, std::shared_ptr<gko::LinOp const>, gko::solver::Workspace*) at /storage/home/greole/code/NeoFOAM/build/profilingnvidia_h200/_deps/ginkgo-src/core/base/lin_op.cpp:93:58
#22 0x00007f77253a682e in gko::experimental::distributed::preconditioner::Schwarz<double, int, long>::generate_inner(gko::LinOpFactory const*, std::shared_ptr<gko::LinOp const>, std::__cxx11::basic_string<char, std::char_traits<char>, std::allocator<char> > const&) at /storage/home/greole/code/NeoFOAM/build/profilingnvidia_h200/_deps/ginkgo-src/core/distributed/preconditioner/schwarz.cpp:193:56
#23 0x00007f77253d83f8 in gko::experimental::distributed::preconditioner::Schwarz<double, int, long>::generate(std::shared_ptr<gko::LinOp const>) at /storage/home/greole/code/NeoFOAM/build/profilingnvidia_h200/_deps/ginkgo-src/core/distributed/preconditioner/schwarz.cpp:223:21
#24 0x00007f7724e27fe3 in gko::experimental::distributed::preconditioner::Schwarz<double, int, long>::Schwarz(gko::experimental::distributed::preconditioner::Schwarz<double, int, long>::Factory const*, gko::LinOpGenerateComponents) at /storage/home/greole/code/NeoFOAM/build/profilingnvidia_h200/_deps/ginkgo-src/include/ginkgo/core/distributed/preconditioner/schwarz.hpp:257:23
#25 0x00007f7724e28163 in gko::EnableDefaultFactory<gko::experimental::distributed::preconditioner::Schwarz<double, int, long>::Factory, gko::experimental::distributed::preconditioner::Schwarz<double, int, long>, gko::experimental::distributed::preconditioner::Schwarz<double, int, long>::parameters_type, gko::LinOpFactory>::generate_impl(gko::LinOpGenerateComponents) const at /storage/home/greole/code/NeoFOAM/build/profilingnvidia_h200/_deps/ginkgo-src/include/ginkgo/core/base/abstract_factory.hpp:188:13
#26 0x00007f77242f36ff in std::unique_ptr<gko::LinOp, std::default_delete<gko::LinOp> > gko::AbstractFactory<gko::LinOp, gko::LinOpGenerateComponents>::generate<gko::LinOpGenerateComponents>(gko::LinOpGenerateComponents&&) const at /storage/home/greole/code/NeoFOAM/build/profilingnvidia_h200/_deps/ginkgo-src/include/ginkgo/core/base/abstract_factory.hpp:69:14
#27 0x00007f77242f2145 in gko::solver::detail::generate_with_view(gko::LinOpFactory const*, std::shared_ptr<gko::LinOp const>, gko::solver::Workspace*) at /storage/home/greole/code/NeoFOAM/build/profilingnvidia_h200/_deps/ginkgo-src/core/base/lin_op.cpp:93:58
#28 0x00007f7724d78fe2 in void gko::solver::EnablePreconditionedIterativeSolver<double, gko::solver::Cg<double> >::generate_preconditioner_with_workspace<gko::solver::Cg<double>::parameters_type>(gko::solver::Cg<double>::parameters_type const&) at /storage/home/greole/code/NeoFOAM/build/profilingnvidia_h200/_deps/ginkgo-src/include/ginkgo/core/solver/solver_base.hpp:902:37
#29 0x00007f7724de84cd in gko::solver::Cg<double>::Cg(gko::solver::Cg<double>::Factory const*, gko::LinOpGenerateComponents) at /storage/home/greole/code/NeoFOAM/build/profilingnvidia_h200/_deps/ginkgo-src/include/ginkgo/core/solver/cg.hpp:119:53
#30 0x00007f7724de8633 in gko::EnableDefaultFactory<gko::solver::Cg<double>::Factory, gko::solver::Cg<double>, gko::solver::Cg<double>::parameters_type, gko::LinOpFactory>::generate_impl(gko::LinOpGenerateComponents) const at /storage/home/greole/code/NeoFOAM/build/profilingnvidia_h200/_deps/ginkgo-src/include/ginkgo/core/base/abstract_factory.hpp:188:13
#31 0x00007f77242f36ff in std::unique_ptr<gko::LinOp, std::default_delete<gko::LinOp> > gko::AbstractFactory<gko::LinOp, gko::LinOpGenerateComponents>::generate<gko::LinOpGenerateComponents>(gko::LinOpGenerateComponents&&) const at /storage/home/greole/code/NeoFOAM/build/profilingnvidia_h200/_deps/ginkgo-src/include/ginkgo/core/base/abstract_factory.hpp:69:14
#32 0x00007f77242f1b58 in gko::LinOpFactory::generate(std::shared_ptr<gko::LinOp const>) const at /storage/home/greole/code/NeoFOAM/build/profilingnvidia_h200/_deps/ginkgo-src/core/base/lin_op.cpp:50:44
#33 (inlined)          in operator() at /storage/home/greole/code/NeoN/src/linearAlgebra/ginkgo/ginkgoDistributed.cpp:667:34
#34 0x00007f77241f1b59 in NeoN::la::ginkgo::(anonymous namespace)::cacheOrUpdateSolver(std::shared_ptr<gko::LinOp>&, std::unique_ptr<gko::solver::Workspace, std::default_delete<gko::solver::Workspace> >&, std::array<unsigned long, 3ul>&, int&, bool, int, std::shared_ptr<gko::LinOpFactory const> const&, std::shared_ptr<gko::LinOp const> const&, std::array<unsigned long, 3ul> const&) at /storage/home/greole/code/NeoN/src/linearAlgebra/ginkgo/ginkgoDistributed.cpp:687:30
#35 0x00007f77241f386a in NeoN::la::ginkgo::GinkgoSolver::solveDist(NeoN::la::LinearSystem<double, double, NeoN::la::Matrix<double, NeoN::la::CsrSparsityPattern<int> >, NeoN::la::Matrix<double, NeoN::la::CooSparsityPattern<int> > > const&, NeoN::Vector<double>&) const at /storage/home/greole/code/NeoN/src/linearAlgebra/ginkgo/ginkgoDistributed.cpp:878:217
#36 (inlined)          in NeoN::la::Solver::solve(NeoN::la::LinearSystem<double, double, NeoN::la::Matrix<double, NeoN::la::CsrSparsityPattern<int> >, NeoN::la::Matrix<double, NeoN::la::CooSparsityPattern<int> > > const&, NeoN::Vector<double>&) const at /storage/home/greole/code/NeoN/include/NeoN/linearAlgebra/solver.hpp:121:92
#37 0x000000000061c966 in NeoFOAM::PDE<double, double, int>::solveImpl(NeoN::dsl::Expression<double, int>&, NeoN::la::LinearSystem<double, double, NeoN::la::Matrix<double, NeoN::la::CsrSparsityPattern<int> >, NeoN::la::Matrix<double, NeoN::la::CooSparsityPattern<int> > >&) at /storage/home/greole/code/NeoFOAM/include/NeoFOAM/datastructures/pde.hpp:473:6
#38 (inlined)          in NeoFOAM::PDE<double, double, int>::solve() at /storage/home/greole/code/NeoFOAM/include/NeoFOAM/datastructures/pde.hpp:228:31
#39 0x000000000054d02b in main at /storage/home/greole/code/NeoFOAM/examples/neoSimpleFoam/neoSimpleFoam.cpp:273:11
#40 0x00007f76c43db60f at /lib64/libc.so.6
#41 0x00007f76c43db6bf at /lib64/libc.so.6
#42 0x000000000054e044 at /storage/home/greole/code/NeoFOAM/build/profilingnvidia_h200/bin/neoSimpleFoam
[gpu-nvidia-h200-2:732648] *** Process received signal ***
[gpu-nvidia-h200-2:732648] Signal: Aborted (6)
[gpu-nvidia-h200-2:732648] Signal code:  (-6)
[gpu-nvidia-h200-2:732648] [ 0] /lib64/libc.so.6(+0x3fc60)[0x7f76c43f0c60]
[gpu-nvidia-h200-2:732648] [ 1] /lib64/libc.so.6(+0x8d4bc)[0x7f76c443e4bc]
[gpu-nvidia-h200-2:732648] [ 2] /lib64/libc.so.6(raise+0x16)[0x7f76c43f0bb6]
[gpu-nvidia-h200-2:732648] [ 3] /lib64/libc.so.6(abort+0xd3)[0x7f76c43da873]
[gpu-nvidia-h200-2:732648] [ 4] /storage/home/greole/code/NeoFOAM/build/profilingnvidia_h200/bin/neoSimpleFoam[0x64c774]
[gpu-nvidia-h200-2:732648] [ 5] /storage/apps/opt/spack/opt/spack/__spack_path_placeholder__/__spack_path_placeholder__/__spack_path_placeholder__/__spack_path_placeholder__/__spack_path_placeholder__/__spack_path_placeholder__/__spack_path_placeholder__/__spack_path_placeholder__/__spac/linux-x86_64_v3/gcc-13.3.0-pc5contataet2iuufjrcsndtp6ub6hpk/lib64/libstdc++.so.6(+0xbdf3a)[0x7f76c477cf3a]
[gpu-nvidia-h200-2:732648] [ 6] /storage/apps/opt/spack/opt/spack/__spack_path_placeholder__/__spack_path_placeholder__/__spack_path_placeholder__/__spack_path_placeholder__/__spack_path_placeholder__/__spack_path_placeholder__/__spack_path_placeholder__/__spack_path_placeholder__/__spac/linux-x86_64_v3/gcc-13.3.0-pc5contataet2iuufjrcsndtp6ub6hpk/lib64/libstdc++.so.6(+0xbdfa5)[0x7f76c477cfa5]
[gpu-nvidia-h200-2:732648] [ 7] /storage/apps/opt/spack/opt/spack/__spack_path_placeholder__/__spack_path_placeholder__/__spack_path_placeholder__/__spack_path_placeholder__/__spack_path_placeholder__/__spack_path_placeholder__/__spack_path_placeholder__/__spack_path_placeholder__/__spac/linux-x86_64_v3/gcc-13.3.0-pc5contataet2iuufjrcsndtp6ub6hpk/lib64/libstdc++.so.6(+0xbe1f7)[0x7f76c477d1f7]
[gpu-nvidia-h200-2:732648] [ 8] /storage/home/greole/code/NeoFOAM/build/profilingnvidia_h200/lib/libNeoN.so(+0x1bc885c)[0x7f7723c0585c]
[gpu-nvidia-h200-2:732648] [ 9] /storage/home/greole/code/NeoFOAM/build/profilingnvidia_h200/lib/libNeoN.so(_ZN3gko7kernels4cuda3csr6spgemmIdiEEvSt10shared_ptrIKNS_12CudaExecutorEEPKNS_6matrix3CsrIT_T0_EESE_PSC_+0x441)[0x7f7725ced3b1]
[gpu-nvidia-h200-2:732648] [10] /storage/home/greole/code/NeoFOAM/build/profilingnvidia_h200/lib/libNeoN.so(+0x23e1af1)[0x7f772441eaf1]
[gpu-nvidia-h200-2:732648] [11] /storage/home/greole/code/NeoFOAM/build/profilingnvidia_h200/lib/libNeoN.so(_ZNK3gko6detail12ExecutorBaseINS_12CudaExecutorEE3runERKNS_9OperationE+0xa6)[0x7f7725b40086]
[gpu-nvidia-h200-2:732648] [12] /storage/home/greole/code/NeoFOAM/build/profilingnvidia_h200/lib/libNeoN.so(_ZNK3gko6matrix3CsrIdiE10apply_implEPKNS_5LinOpEPS3_+0xb9)[0x7f77246216e9]
[gpu-nvidia-h200-2:732648] [13] /storage/home/greole/code/NeoFOAM/build/profilingnvidia_h200/bin/neoSimpleFoam(_ZNK3gko5LinOp5applyENS_9ptr_paramIKS0_EENS1_IS0_EE+0x174)[0x5af184]
[gpu-nvidia-h200-2:732648] [14] /storage/home/greole/code/NeoFOAM/build/profilingnvidia_h200/bin/neoSimpleFoam(_ZN4NeoN2la6ginkgo9MergedPgmIdiE6spgemmESt10shared_ptrIKN3gko6matrix3CsrIdiEEESA_+0xb5)[0x62db75]
[gpu-nvidia-h200-2:732648] [15] /storage/home/greole/code/NeoFOAM/build/profilingnvidia_h200/bin/neoSimpleFoam(_ZN4NeoN2la6ginkgo9MergedPgmIdiE8generateEv+0x527)[0x63f1f7]
[gpu-nvidia-h200-2:732648] [16] /storage/home/greole/code/NeoFOAM/build/profilingnvidia_h200/bin/neoSimpleFoam(_ZN4NeoN2la6ginkgo9MergedPgmIdiEC1EPKNS3_7FactoryEN3gko23LinOpGenerateComponentsE+0x328)[0x63fc08]
[gpu-nvidia-h200-2:732648] [17] /storage/home/greole/code/NeoFOAM/build/profilingnvidia_h200/bin/neoSimpleFoam(_ZNK3gko20EnableDefaultFactoryIN4NeoN2la6ginkgo9MergedPgmIdiE7FactoryES5_NS5_15parameters_typeENS_12LinOpFactoryEE13generate_implENS_23LinOpGenerateComponentsE+0x44)[0x63fcf4]
[gpu-nvidia-h200-2:732648] [18] /storage/home/greole/code/NeoFOAM/build/profilingnvidia_h200/lib/libNeoN.so(_ZNK3gko15AbstractFactoryINS_5LinOpENS_23LinOpGenerateComponentsEE8generateIJS2_EEESt10unique_ptrIS1_St14default_deleteIS1_EEDpOT_+0x40)[0x7f77242f3700]
[gpu-nvidia-h200-2:732648] [19] /storage/home/greole/code/NeoFOAM/build/profilingnvidia_h200/lib/libNeoN.so(_ZNK3gko12LinOpFactory8generateESt10shared_ptrIKNS_5LinOpEE+0x549)[0x7f77242f1b59]
[gpu-nvidia-h200-2:732648] [20] /storage/home/greole/code/NeoFOAM/build/profilingnvidia_h200/lib/libNeoN.so(_ZN3gko6solver9Multigrid8generateEv+0x2ef)[0x7f7725266e4f]
[gpu-nvidia-h200-2:732648] [21] /storage/home/greole/code/NeoFOAM/build/profilingnvidia_h200/lib/libNeoN.so(_ZN3gko6solver9MultigridC1EPKNS1_7FactoryENS_23LinOpGenerateComponentsE+0x4b8)[0x7f7725268dc8]
[gpu-nvidia-h200-2:732648] [22] /storage/home/greole/code/NeoFOAM/build/profilingnvidia_h200/lib/libNeoN.so(_ZNK3gko20EnableDefaultFactoryINS_6solver9Multigrid7FactoryES2_NS2_15parameters_typeENS_12LinOpFactoryEE13generate_implENS_23LinOpGenerateComponentsE+0x44)[0x7f7724c02834]
[gpu-nvidia-h200-2:732648] [23] /storage/home/greole/code/NeoFOAM/build/profilingnvidia_h200/lib/libNeoN.so(_ZNK3gko15AbstractFactoryINS_5LinOpENS_23LinOpGenerateComponentsEE8generateIJS2_EEESt10unique_ptrIS1_St14default_deleteIS1_EEDpOT_+0x40)[0x7f77242f3700]
[gpu-nvidia-h200-2:732648] [24] /storage/home/greole/code/NeoFOAM/build/profilingnvidia_h200/lib/libNeoN.so(_ZN3gko6solver6detail18generate_with_viewEPKNS_12LinOpFactoryESt10shared_ptrIKNS_5LinOpEEPNS0_9WorkspaceE+0x286)[0x7f77242f2146]
[gpu-nvidia-h200-2:732648] [25] /storage/home/greole/code/NeoFOAM/build/profilingnvidia_h200/lib/libNeoN.so(_ZN3gko12experimental11distributed14preconditioner7SchwarzIdilE14generate_innerEPKNS_12LinOpFactoryESt10shared_ptrIKNS_5LinOpEERKNSt7__cxx1112basic_stringIcSt11char_traitsIcESaIcEEE+0x4f)[0x7f77253a682f]
[gpu-nvidia-h200-2:732648] [26] /storage/home/greole/code/NeoFOAM/build/profilingnvidia_h200/lib/libNeoN.so(_ZN3gko12experimental11distributed14preconditioner7SchwarzIdilE8generateESt10shared_ptrIKNS_5LinOpEE+0xd9)[0x7f77253d83f9]
[gpu-nvidia-h200-2:732648] [27] /storage/home/greole/code/NeoFOAM/build/profilingnvidia_h200/lib/libNeoN.so(_ZN3gko12experimental11distributed14preconditioner7SchwarzIdilEC1EPKNS4_7FactoryENS_23LinOpGenerateComponentsE+0x1c4)[0x7f7724e27fe4]
[gpu-nvidia-h200-2:732648] [28] /storage/home/greole/code/NeoFOAM/build/profilingnvidia_h200/lib/libNeoN.so(_ZNK3gko20EnableDefaultFactoryINS_12experimental11distributed14preconditioner7SchwarzIdilE7FactoryES5_NS5_15parameters_typeENS_12LinOpFactoryEE13generate_implENS_23LinOpGenerateComponentsE+0x44)[0x7f7724e28164]
[gpu-nvidia-h200-2:732648] [29] /storage/home/greole/code/NeoFOAM/build/profilingnvidia_h200/lib/libNeoN.so(_ZNK3gko15AbstractFactoryINS_5LinOpENS_23LinOpGenerateComponentsEE8generateIJS2_EEESt10unique_ptrIS1_St14default_deleteIS1_EEDpOT_+0x40)[0x7f77242f3700]
[gpu-nvidia-h200-2:732648] *** End of error message ***
Stack trace to reach terminate handler (most recent call first):
#0  0x0000000000548e33 in cpptrace::terminate_handler() at /storage/home/greole/code/NeoFOAM/build/profilingnvidia_h200/_deps/cpptrace-src/src/utils.cpp:65:34
#1  0x00007fbd69f75f39 in __cxxabiv1::__terminate(void (*)()) at /scratch/software/tmp/spack-stage/spack-stage-gcc-13.3.0-pc5contataet2iuufjrcsndtp6ub6hpk/spack-src/libstdc++-v3/libsupc++/eh_terminate.cc:48:15
#2  0x00007fbd69f75fa4 in std::terminate() at /scratch/software/tmp/spack-stage/spack-stage-gcc-13.3.0-pc5contataet2iuufjrcsndtp6ub6hpk/spack-src/libstdc++-v3/libsupc++/eh_terminate.cc:58:27
#3  0x00007fbd69f761f6 in __cxa_throw at /scratch/software/tmp/spack-stage/spack-stage-gcc-13.3.0-pc5contataet2iuufjrcsndtp6ub6hpk/spack-src/libstdc++-v3/libsupc++/eh_throw.cc:98:18
#4  0x00007fbdc93fe85b in void gko::kernels::cuda::cusparse::spgemm_compute<double>(cusparseContext*, double const*, cusparseSpMatDescr*, cusparseSpMatDescr*, double const*, cusparseSpMatDescr*, cusparseSpGEMMDescr*, void*, unsigned long&, void*) at /storage/home/greole/code/NeoFOAM/build/profilingnvidia_h200/_deps/ginkgo-src/cuda/base/cusparse_bindings.hpp:228:299
#5  0x00007fbdcb4e63b0 in void gko::kernels::cuda::csr::spgemm<double, int>(std::shared_ptr<gko::CudaExecutor const>, gko::matrix::Csr<double, int> const*, gko::matrix::Csr<double, int> const*, gko::matrix::Csr<double, int>*) at /storage/home/greole/code/NeoFOAM/build/profilingnvidia_h200/_deps/ginkgo-src/common/cuda_hip/matrix/csr_kernels.template.cpp:2613:26
#6  (inlined)          in operator()<std::shared_ptr<const gko::CudaExecutor> > at /storage/home/greole/code/NeoFOAM/build/profilingnvidia_h200/_deps/ginkgo-src/core/matrix/csr.cpp:49:1
#7  0x00007fbdc9c17af0 in run at /storage/home/greole/code/NeoFOAM/build/profilingnvidia_h200/_deps/ginkgo-src/include/ginkgo/core/base/executor.hpp:318:12
#8  0x00007fbdcb339085 in gko::detail::ExecutorBase<gko::CudaExecutor>::run(gko::Operation const&) const at /storage/home/greole/code/NeoFOAM/build/profilingnvidia_h200/_deps/ginkgo-src/include/ginkgo/core/base/executor.hpp:1287:15
#9  0x00007fbdc9e1a6e8 in gko::matrix::Csr<double, int>::apply_impl(gko::LinOp const*, gko::LinOp*) const at /storage/home/greole/code/NeoFOAM/build/profilingnvidia_h200/_deps/ginkgo-src/core/matrix/csr.cpp:265:34
#10 0x00000000005af183 in gko::LinOp::apply(gko::ptr_param<gko::LinOp const>, gko::ptr_param<gko::LinOp>) const at /storage/home/greole/code/NeoFOAM/build/profilingnvidia_h200/_deps/ginkgo-src/include/ginkgo/core/base/lin_op.hpp:160:17
#11 0x000000000062db74 in NeoN::la::ginkgo::MergedPgm<double, int>::spgemm(std::shared_ptr<gko::matrix::Csr<double, int> const>, std::shared_ptr<gko::matrix::Csr<double, int> const>) at /storage/home/greole/code/NeoN/include/NeoN/linearAlgebra/ginkgo/mergedPgm.hpp:189:9
#12 0x000000000063f1f6 in NeoN::la::ginkgo::MergedPgm<double, int>::generate() at /storage/home/greole/code/NeoN/include/NeoN/linearAlgebra/ginkgo/mergedPgm.hpp:137:23
#13 0x000000000063fc07 in NeoN::la::ginkgo::MergedPgm<double, int>::MergedPgm(NeoN::la::ginkgo::MergedPgm<double, int>::Factory const*, gko::LinOpGenerateComponents) at /storage/home/greole/code/NeoN/include/NeoN/linearAlgebra/ginkgo/mergedPgm.hpp:114:9
#14 0x000000000063fcf3 in gko::EnableDefaultFactory<NeoN::la::ginkgo::MergedPgm<double, int>::Factory, NeoN::la::ginkgo::MergedPgm<double, int>, NeoN::la::ginkgo::MergedPgm<double, int>::parameters_type, gko::LinOpFactory>::generate_impl(gko::LinOpGenerateComponents) const at /storage/home/greole/code/NeoFOAM/build/profilingnvidia_h200/_deps/ginkgo-src/include/ginkgo/core/base/abstract_factory.hpp:187:52
#15 0x00007fbdc9aec6ff in std::unique_ptr<gko::LinOp, std::default_delete<gko::LinOp> > gko::AbstractFactory<gko::LinOp, gko::LinOpGenerateComponents>::generate<gko::LinOpGenerateComponents>(gko::LinOpGenerateComponents&&) const at /storage/home/greole/code/NeoFOAM/build/profilingnvidia_h200/_deps/ginkgo-src/include/ginkgo/core/base/abstract_factory.hpp:69:14
#16 0x00007fbdc9aeab58 in gko::LinOpFactory::generate(std::shared_ptr<gko::LinOp const>) const at /storage/home/greole/code/NeoFOAM/build/profilingnvidia_h200/_deps/ginkgo-src/core/base/lin_op.cpp:50:44
#17 0x00007fbdcaa5fe4e in gko::solver::Multigrid::generate() at /storage/home/greole/code/NeoFOAM/build/profilingnvidia_h200/_deps/ginkgo-src/core/solver/multigrid.cpp:917:45
#18 0x00007fbdcaa61dc7 in gko::solver::Multigrid::Multigrid(gko::solver::Multigrid::Factory const*, gko::LinOpGenerateComponents) at /storage/home/greole/code/NeoFOAM/build/profilingnvidia_h200/_deps/ginkgo-src/core/solver/multigrid.cpp:1463:23
#19 0x00007fbdca3fb833 in gko::EnableDefaultFactory<gko::solver::Multigrid::Factory, gko::solver::Multigrid, gko::solver::Multigrid::parameters_type, gko::LinOpFactory>::generate_impl(gko::LinOpGenerateComponents) const at /storage/home/greole/code/NeoFOAM/build/profilingnvidia_h200/_deps/ginkgo-src/include/ginkgo/core/base/abstract_factory.hpp:188:13
#20 0x00007fbdc9aec6ff in std::unique_ptr<gko::LinOp, std::default_delete<gko::LinOp> > gko::AbstractFactory<gko::LinOp, gko::LinOpGenerateComponents>::generate<gko::LinOpGenerateComponents>(gko::LinOpGenerateComponents&&) const at /storage/home/greole/code/NeoFOAM/build/profilingnvidia_h200/_deps/ginkgo-src/include/ginkgo/core/base/abstract_factory.hpp:69:14
#21 0x00007fbdc9aeb145 in gko::solver::detail::generate_with_view(gko::LinOpFactory const*, std::shared_ptr<gko::LinOp const>, gko::solver::Workspace*) at /storage/home/greole/code/NeoFOAM/build/profilingnvidia_h200/_deps/ginkgo-src/core/base/lin_op.cpp:93:58
#22 0x00007fbdcab9f82e in gko::experimental::distributed::preconditioner::Schwarz<double, int, long>::generate_inner(gko::LinOpFactory const*, std::shared_ptr<gko::LinOp const>, std::__cxx11::basic_string<char, std::char_traits<char>, std::allocator<char> > const&) at /storage/home/greole/code/NeoFOAM/build/profilingnvidia_h200/_deps/ginkgo-src/core/distributed/preconditioner/schwarz.cpp:193:56
#23 0x00007fbdcabd13f8 in gko::experimental::distributed::preconditioner::Schwarz<double, int, long>::generate(std::shared_ptr<gko::LinOp const>) at /storage/home/greole/code/NeoFOAM/build/profilingnvidia_h200/_deps/ginkgo-src/core/distributed/preconditioner/schwarz.cpp:223:21
#24 0x00007fbdca620fe3 in gko::experimental::distributed::preconditioner::Schwarz<double, int, long>::Schwarz(gko::experimental::distributed::preconditioner::Schwarz<double, int, long>::Factory const*, gko::LinOpGenerateComponents) at /storage/home/greole/code/NeoFOAM/build/profilingnvidia_h200/_deps/ginkgo-src/include/ginkgo/core/distributed/preconditioner/schwarz.hpp:257:23
#25 0x00007fbdca621163 in gko::EnableDefaultFactory<gko::experimental::distributed::preconditioner::Schwarz<double, int, long>::Factory, gko::experimental::distributed::preconditioner::Schwarz<double, int, long>, gko::experimental::distributed::preconditioner::Schwarz<double, int, long>::parameters_type, gko::LinOpFactory>::generate_impl(gko::LinOpGenerateComponents) const at /storage/home/greole/code/NeoFOAM/build/profilingnvidia_h200/_deps/ginkgo-src/include/ginkgo/core/base/abstract_factory.hpp:188:13
#26 0x00007fbdc9aec6ff in std::unique_ptr<gko::LinOp, std::default_delete<gko::LinOp> > gko::AbstractFactory<gko::LinOp, gko::LinOpGenerateComponents>::generate<gko::LinOpGenerateComponents>(gko::LinOpGenerateComponents&&) const at /storage/home/greole/code/NeoFOAM/build/profilingnvidia_h200/_deps/ginkgo-src/include/ginkgo/core/base/abstract_factory.hpp:69:14
#27 0x00007fbdc9aeb145 in gko::solver::detail::generate_with_view(gko::LinOpFactory const*, std::shared_ptr<gko::LinOp const>, gko::solver::Workspace*) at /storage/home/greole/code/NeoFOAM/build/profilingnvidia_h200/_deps/ginkgo-src/core/base/lin_op.cpp:93:58
#28 0x00007fbdca571fe2 in void gko::solver::EnablePreconditionedIterativeSolver<double, gko::solver::Cg<double> >::generate_preconditioner_with_workspace<gko::solver::Cg<double>::parameters_type>(gko::solver::Cg<double>::parameters_type const&) at /storage/home/greole/code/NeoFOAM/build/profilingnvidia_h200/_deps/ginkgo-src/include/ginkgo/core/solver/solver_base.hpp:902:37
#29 0x00007fbdca5e14cd in gko::solver::Cg<double>::Cg(gko::solver::Cg<double>::Factory const*, gko::LinOpGenerateComponents) at /storage/home/greole/code/NeoFOAM/build/profilingnvidia_h200/_deps/ginkgo-src/include/ginkgo/core/solver/cg.hpp:119:53
#30 0x00007fbdca5e1633 in gko::EnableDefaultFactory<gko::solver::Cg<double>::Factory, gko::solver::Cg<double>, gko::solver::Cg<double>::parameters_type, gko::LinOpFactory>::generate_impl(gko::LinOpGenerateComponents) const at /storage/home/greole/code/NeoFOAM/build/profilingnvidia_h200/_deps/ginkgo-src/include/ginkgo/core/base/abstract_factory.hpp:188:13
#31 0x00007fbdc9aec6ff in std::unique_ptr<gko::LinOp, std::default_delete<gko::LinOp> > gko::AbstractFactory<gko::LinOp, gko::LinOpGenerateComponents>::generate<gko::LinOpGenerateComponents>(gko::LinOpGenerateComponents&&) const at /storage/home/greole/code/NeoFOAM/build/profilingnvidia_h200/_deps/ginkgo-src/include/ginkgo/core/base/abstract_factory.hpp:69:14
#32 0x00007fbdc9aeab58 in gko::LinOpFactory::generate(std::shared_ptr<gko::LinOp const>) const at /storage/home/greole/code/NeoFOAM/build/profilingnvidia_h200/_deps/ginkgo-src/core/base/lin_op.cpp:50:44
#33 (inlined)          in operator() at /storage/home/greole/code/NeoN/src/linearAlgebra/ginkgo/ginkgoDistributed.cpp:667:34
#34 0x00007fbdc99eab59 in NeoN::la::ginkgo::(anonymous namespace)::cacheOrUpdateSolver(std::shared_ptr<gko::LinOp>&, std::unique_ptr<gko::solver::Workspace, std::default_delete<gko::solver::Workspace> >&, std::array<unsigned long, 3ul>&, int&, bool, int, std::shared_ptr<gko::LinOpFactory const> const&, std::shared_ptr<gko::LinOp const> const&, std::array<unsigned long, 3ul> const&) at /storage/home/greole/code/NeoN/src/linearAlgebra/ginkgo/ginkgoDistributed.cpp:687:30
#35 0x00007fbdc99ec86a in NeoN::la::ginkgo::GinkgoSolver::solveDist(NeoN::la::LinearSystem<double, double, NeoN::la::Matrix<double, NeoN::la::CsrSparsityPattern<int> >, NeoN::la::Matrix<double, NeoN::la::CooSparsityPattern<int> > > const&, NeoN::Vector<double>&) const at /storage/home/greole/code/NeoN/src/linearAlgebra/ginkgo/ginkgoDistributed.cpp:878:217
#36 (inlined)          in NeoN::la::Solver::solve(NeoN::la::LinearSystem<double, double, NeoN::la::Matrix<double, NeoN::la::CsrSparsityPattern<int> >, NeoN::la::Matrix<double, NeoN::la::CooSparsityPattern<int> > > const&, NeoN::Vector<double>&) const at /storage/home/greole/code/NeoN/include/NeoN/linearAlgebra/solver.hpp:121:92
#37 0x000000000061c966 in NeoFOAM::PDE<double, double, int>::solveImpl(NeoN::dsl::Expression<double, int>&, NeoN::la::LinearSystem<double, double, NeoN::la::Matrix<double, NeoN::la::CsrSparsityPattern<int> >, NeoN::la::Matrix<double, NeoN::la::CooSparsityPattern<int> > >&) at /storage/home/greole/code/NeoFOAM/include/NeoFOAM/datastructures/pde.hpp:473:6
#38 (inlined)          in NeoFOAM::PDE<double, double, int>::solve() at /storage/home/greole/code/NeoFOAM/include/NeoFOAM/datastructures/pde.hpp:228:31
#39 0x000000000054d02b in main at /storage/home/greole/code/NeoFOAM/examples/neoSimpleFoam/neoSimpleFoam.cpp:273:11
#40 0x00007fbd69bd460f at /lib64/libc.so.6
#41 0x00007fbd69bd46bf at /lib64/libc.so.6
#42 0x000000000054e044 at /storage/home/greole/code/NeoFOAM/build/profilingnvidia_h200/bin/neoSimpleFoam
[gpu-nvidia-h200-2:732649] *** Process received signal ***
[gpu-nvidia-h200-2:732649] Signal: Aborted (6)
[gpu-nvidia-h200-2:732649] Signal code:  (-6)
[gpu-nvidia-h200-2:732649] [ 0] /lib64/libc.so.6(+0x3fc60)[0x7fbd69be9c60]
[gpu-nvidia-h200-2:732649] [ 1] /lib64/libc.so.6(+0x8d4bc)[0x7fbd69c374bc]
[gpu-nvidia-h200-2:732649] [ 2] /lib64/libc.so.6(raise+0x16)[0x7fbd69be9bb6]
[gpu-nvidia-h200-2:732649] [ 3] /lib64/libc.so.6(abort+0xd3)[0x7fbd69bd3873]
[gpu-nvidia-h200-2:732649] [ 4] /storage/home/greole/code/NeoFOAM/build/profilingnvidia_h200/bin/neoSimpleFoam[0x64c774]
[gpu-nvidia-h200-2:732649] [ 5] /storage/apps/opt/spack/opt/spack/__spack_path_placeholder__/__spack_path_placeholder__/__spack_path_placeholder__/__spack_path_placeholder__/__spack_path_placeholder__/__spack_path_placeholder__/__spack_path_placeholder__/__spack_path_placeholder__/__spac/linux-x86_64_v3/gcc-13.3.0-pc5contataet2iuufjrcsndtp6ub6hpk/lib64/libstdc++.so.6(+0xbdf3a)[0x7fbd69f75f3a]
[gpu-nvidia-h200-2:732649] [ 6] /storage/apps/opt/spack/opt/spack/__spack_path_placeholder__/__spack_path_placeholder__/__spack_path_placeholder__/__spack_path_placeholder__/__spack_path_placeholder__/__spack_path_placeholder__/__spack_path_placeholder__/__spack_path_placeholder__/__spac/linux-x86_64_v3/gcc-13.3.0-pc5contataet2iuufjrcsndtp6ub6hpk/lib64/libstdc++.so.6(+0xbdfa5)[0x7fbd69f75fa5]
[gpu-nvidia-h200-2:732649] [ 7] /storage/apps/opt/spack/opt/spack/__spack_path_placeholder__/__spack_path_placeholder__/__spack_path_placeholder__/__spack_path_placeholder__/__spack_path_placeholder__/__spack_path_placeholder__/__spack_path_placeholder__/__spack_path_placeholder__/__spac/linux-x86_64_v3/gcc-13.3.0-pc5contataet2iuufjrcsndtp6ub6hpk/lib64/libstdc++.so.6(+0xbe1f7)[0x7fbd69f761f7]
[gpu-nvidia-h200-2:732649] [ 8] /storage/home/greole/code/NeoFOAM/build/profilingnvidia_h200/lib/libNeoN.so(+0x1bc885c)[0x7fbdc93fe85c]
[gpu-nvidia-h200-2:732649] [ 9] /storage/home/greole/code/NeoFOAM/build/profilingnvidia_h200/lib/libNeoN.so(_ZN3gko7kernels4cuda3csr6spgemmIdiEEvSt10shared_ptrIKNS_12CudaExecutorEEPKNS_6matrix3CsrIT_T0_EESE_PSC_+0x441)[0x7fbdcb4e63b1]
[gpu-nvidia-h200-2:732649] [10] /storage/home/greole/code/NeoFOAM/build/profilingnvidia_h200/lib/libNeoN.so(+0x23e1af1)[0x7fbdc9c17af1]
[gpu-nvidia-h200-2:732649] [11] /storage/home/greole/code/NeoFOAM/build/profilingnvidia_h200/lib/libNeoN.so(_ZNK3gko6detail12ExecutorBaseINS_12CudaExecutorEE3runERKNS_9OperationE+0xa6)[0x7fbdcb339086]
[gpu-nvidia-h200-2:732649] [12] /storage/home/greole/code/NeoFOAM/build/profilingnvidia_h200/lib/libNeoN.so(_ZNK3gko6matrix3CsrIdiE10apply_implEPKNS_5LinOpEPS3_+0xb9)[0x7fbdc9e1a6e9]
[gpu-nvidia-h200-2:732649] [13] /storage/home/greole/code/NeoFOAM/build/profilingnvidia_h200/bin/neoSimpleFoam(_ZNK3gko5LinOp5applyENS_9ptr_paramIKS0_EENS1_IS0_EE+0x174)[0x5af184]
[gpu-nvidia-h200-2:732649] [14] /storage/home/greole/code/NeoFOAM/build/profilingnvidia_h200/bin/neoSimpleFoam(_ZN4NeoN2la6ginkgo9MergedPgmIdiE6spgemmESt10shared_ptrIKN3gko6matrix3CsrIdiEEESA_+0xb5)[0x62db75]
[gpu-nvidia-h200-2:732649] [15] /storage/home/greole/code/NeoFOAM/build/profilingnvidia_h200/bin/neoSimpleFoam(_ZN4NeoN2la6ginkgo9MergedPgmIdiE8generateEv+0x527)[0x63f1f7]
[gpu-nvidia-h200-2:732649] [16] /storage/home/greole/code/NeoFOAM/build/profilingnvidia_h200/bin/neoSimpleFoam(_ZN4NeoN2la6ginkgo9MergedPgmIdiEC1EPKNS3_7FactoryEN3gko23LinOpGenerateComponentsE+0x328)[0x63fc08]
[gpu-nvidia-h200-2:732649] [17] /storage/home/greole/code/NeoFOAM/build/profilingnvidia_h200/bin/neoSimpleFoam(_ZNK3gko20EnableDefaultFactoryIN4NeoN2la6ginkgo9MergedPgmIdiE7FactoryES5_NS5_15parameters_typeENS_12LinOpFactoryEE13generate_implENS_23LinOpGenerateComponentsE+0x44)[0x63fcf4]
[gpu-nvidia-h200-2:732649] [18] /storage/home/greole/code/NeoFOAM/build/profilingnvidia_h200/lib/libNeoN.so(_ZNK3gko15AbstractFactoryINS_5LinOpENS_23LinOpGenerateComponentsEE8generateIJS2_EEESt10unique_ptrIS1_St14default_deleteIS1_EEDpOT_+0x40)[0x7fbdc9aec700]
[gpu-nvidia-h200-2:732649] [19] /storage/home/greole/code/NeoFOAM/build/profilingnvidia_h200/lib/libNeoN.so(_ZNK3gko12LinOpFactory8generateESt10shared_ptrIKNS_5LinOpEE+0x549)[0x7fbdc9aeab59]
[gpu-nvidia-h200-2:732649] [20] /storage/home/greole/code/NeoFOAM/build/profilingnvidia_h200/lib/libNeoN.so(_ZN3gko6solver9Multigrid8generateEv+0x2ef)[0x7fbdcaa5fe4f]
[gpu-nvidia-h200-2:732649] [21] /storage/home/greole/code/NeoFOAM/build/profilingnvidia_h200/lib/libNeoN.so(_ZN3gko6solver9MultigridC1EPKNS1_7FactoryENS_23LinOpGenerateComponentsE+0x4b8)[0x7fbdcaa61dc8]
[gpu-nvidia-h200-2:732649] [22] /storage/home/greole/code/NeoFOAM/build/profilingnvidia_h200/lib/libNeoN.so(_ZNK3gko20EnableDefaultFactoryINS_6solver9Multigrid7FactoryES2_NS2_15parameters_typeENS_12LinOpFactoryEE13generate_implENS_23LinOpGenerateComponentsE+0x44)[0x7fbdca3fb834]
[gpu-nvidia-h200-2:732649] [23] /storage/home/greole/code/NeoFOAM/build/profilingnvidia_h200/lib/libNeoN.so(_ZNK3gko15AbstractFactoryINS_5LinOpENS_23LinOpGenerateComponentsEE8generateIJS2_EEESt10unique_ptrIS1_St14default_deleteIS1_EEDpOT_+0x40)[0x7fbdc9aec700]
[gpu-nvidia-h200-2:732649] [24] /storage/home/greole/code/NeoFOAM/build/profilingnvidia_h200/lib/libNeoN.so(_ZN3gko6solver6detail18generate_with_viewEPKNS_12LinOpFactoryESt10shared_ptrIKNS_5LinOpEEPNS0_9WorkspaceE+0x286)[0x7fbdc9aeb146]
[gpu-nvidia-h200-2:732649] [25] /storage/home/greole/code/NeoFOAM/build/profilingnvidia_h200/lib/libNeoN.so(_ZN3gko12experimental11distributed14preconditioner7SchwarzIdilE14generate_innerEPKNS_12LinOpFactoryESt10shared_ptrIKNS_5LinOpEERKNSt7__cxx1112basic_stringIcSt11char_traitsIcESaIcEEE+0x4f)[0x7fbdcab9f82f]
[gpu-nvidia-h200-2:732649] [26] /storage/home/greole/code/NeoFOAM/build/profilingnvidia_h200/lib/libNeoN.so(_ZN3gko12experimental11distributed14preconditioner7SchwarzIdilE8generateESt10shared_ptrIKNS_5LinOpEE+0xd9)[0x7fbdcabd13f9]
[gpu-nvidia-h200-2:732649] [27] /storage/home/greole/code/NeoFOAM/build/profilingnvidia_h200/lib/libNeoN.so(_ZN3gko12experimental11distributed14preconditioner7SchwarzIdilEC1EPKNS4_7FactoryENS_23LinOpGenerateComponentsE+0x1c4)[0x7fbdca620fe4]
[gpu-nvidia-h200-2:732649] [28] /storage/home/greole/code/NeoFOAM/build/profilingnvidia_h200/lib/libNeoN.so(_ZNK3gko20EnableDefaultFactoryINS_12experimental11distributed14preconditioner7SchwarzIdilE7FactoryES5_NS5_15parameters_typeENS_12LinOpFactoryEE13generate_implENS_23LinOpGenerateComponentsE+0x44)[0x7fbdca621164]
[gpu-nvidia-h200-2:732649] [29] /storage/home/greole/code/NeoFOAM/build/profilingnvidia_h200/lib/libNeoN.so(_ZNK3gko15AbstractFactoryINS_5LinOpENS_23LinOpGenerateComponentsEE8generateIJS2_EEESt10unique_ptrIS1_St14default_deleteIS1_EEDpOT_+0x40)[0x7fbdc9aec700]
[gpu-nvidia-h200-2:732649] *** End of error message ***
Stack trace to reach terminate handler (most recent call first):
#0  0x0000000000548e33 in cpptrace::terminate_handler() at /storage/home/greole/code/NeoFOAM/build/profilingnvidia_h200/_deps/cpptrace-src/src/utils.cpp:65:34
#1  0x00007f6447d8af39 in __cxxabiv1::__terminate(void (*)()) at /scratch/software/tmp/spack-stage/spack-stage-gcc-13.3.0-pc5contataet2iuufjrcsndtp6ub6hpk/spack-src/libstdc++-v3/libsupc++/eh_terminate.cc:48:15
#2  0x00007f6447d8afa4 in std::terminate() at /scratch/software/tmp/spack-stage/spack-stage-gcc-13.3.0-pc5contataet2iuufjrcsndtp6ub6hpk/spack-src/libstdc++-v3/libsupc++/eh_terminate.cc:58:27
#3  0x00007f6447d8b1f6 in __cxa_throw at /scratch/software/tmp/spack-stage/spack-stage-gcc-13.3.0-pc5contataet2iuufjrcsndtp6ub6hpk/spack-src/libstdc++-v3/libsupc++/eh_throw.cc:98:18
#4  0x00007f64a721385b in void gko::kernels::cuda::cusparse::spgemm_compute<double>(cusparseContext*, double const*, cusparseSpMatDescr*, cusparseSpMatDescr*, double const*, cusparseSpMatDescr*, cusparseSpGEMMDescr*, void*, unsigned long&, void*) at /storage/home/greole/code/NeoFOAM/build/profilingnvidia_h200/_deps/ginkgo-src/cuda/base/cusparse_bindings.hpp:228:299
#5  0x00007f64a92fb3b0 in void gko::kernels::cuda::csr::spgemm<double, int>(std::shared_ptr<gko::CudaExecutor const>, gko::matrix::Csr<double, int> const*, gko::matrix::Csr<double, int> const*, gko::matrix::Csr<double, int>*) at /storage/home/greole/code/NeoFOAM/build/profilingnvidia_h200/_deps/ginkgo-src/common/cuda_hip/matrix/csr_kernels.template.cpp:2613:26
#6  (inlined)          in operator()<std::shared_ptr<const gko::CudaExecutor> > at /storage/home/greole/code/NeoFOAM/build/profilingnvidia_h200/_deps/ginkgo-src/core/matrix/csr.cpp:49:1
#7  0x00007f64a7a2caf0 in run at /storage/home/greole/code/NeoFOAM/build/profilingnvidia_h200/_deps/ginkgo-src/include/ginkgo/core/base/executor.hpp:318:12
#8  0x00007f64a914e085 in gko::detail::ExecutorBase<gko::CudaExecutor>::run(gko::Operation const&) const at /storage/home/greole/code/NeoFOAM/build/profilingnvidia_h200/_deps/ginkgo-src/include/ginkgo/core/base/executor.hpp:1287:15
#9  0x00007f64a7c2f6e8 in gko::matrix::Csr<double, int>::apply_impl(gko::LinOp const*, gko::LinOp*) const at /storage/home/greole/code/NeoFOAM/build/profilingnvidia_h200/_deps/ginkgo-src/core/matrix/csr.cpp:265:34
#10 0x00000000005af183 in gko::LinOp::apply(gko::ptr_param<gko::LinOp const>, gko::ptr_param<gko::LinOp>) const at /storage/home/greole/code/NeoFOAM/build/profilingnvidia_h200/_deps/ginkgo-src/include/ginkgo/core/base/lin_op.hpp:160:17
#11 0x000000000062db74 in NeoN::la::ginkgo::MergedPgm<double, int>::spgemm(std::shared_ptr<gko::matrix::Csr<double, int> const>, std::shared_ptr<gko::matrix::Csr<double, int> const>) at /storage/home/greole/code/NeoN/include/NeoN/linearAlgebra/ginkgo/mergedPgm.hpp:189:9
#12 0x000000000063f1f6 in NeoN::la::ginkgo::MergedPgm<double, int>::generate() at /storage/home/greole/code/NeoN/include/NeoN/linearAlgebra/ginkgo/mergedPgm.hpp:137:23
#13 0x000000000063fc07 in NeoN::la::ginkgo::MergedPgm<double, int>::MergedPgm(NeoN::la::ginkgo::MergedPgm<double, int>::Factory const*, gko::LinOpGenerateComponents) at /storage/home/greole/code/NeoN/include/NeoN/linearAlgebra/ginkgo/mergedPgm.hpp:114:9
#14 0x000000000063fcf3 in gko::EnableDefaultFactory<NeoN::la::ginkgo::MergedPgm<double, int>::Factory, NeoN::la::ginkgo::MergedPgm<double, int>, NeoN::la::ginkgo::MergedPgm<double, int>::parameters_type, gko::LinOpFactory>::generate_impl(gko::LinOpGenerateComponents) const at /storage/home/greole/code/NeoFOAM/build/profilingnvidia_h200/_deps/ginkgo-src/include/ginkgo/core/base/abstract_factory.hpp:187:52
#15 0x00007f64a79016ff in std::unique_ptr<gko::LinOp, std::default_delete<gko::LinOp> > gko::AbstractFactory<gko::LinOp, gko::LinOpGenerateComponents>::generate<gko::LinOpGenerateComponents>(gko::LinOpGenerateComponents&&) const at /storage/home/greole/code/NeoFOAM/build/profilingnvidia_h200/_deps/ginkgo-src/include/ginkgo/core/base/abstract_factory.hpp:69:14
#16 0x00007f64a78ffb58 in gko::LinOpFactory::generate(std::shared_ptr<gko::LinOp const>) const at /storage/home/greole/code/NeoFOAM/build/profilingnvidia_h200/_deps/ginkgo-src/core/base/lin_op.cpp:50:44
#17 0x00007f64a8874e4e in gko::solver::Multigrid::generate() at /storage/home/greole/code/NeoFOAM/build/profilingnvidia_h200/_deps/ginkgo-src/core/solver/multigrid.cpp:917:45
#18 0x00007f64a8876dc7 in gko::solver::Multigrid::Multigrid(gko::solver::Multigrid::Factory const*, gko::LinOpGenerateComponents) at /storage/home/greole/code/NeoFOAM/build/profilingnvidia_h200/_deps/ginkgo-src/core/solver/multigrid.cpp:1463:23
#19 0x00007f64a8210833 in gko::EnableDefaultFactory<gko::solver::Multigrid::Factory, gko::solver::Multigrid, gko::solver::Multigrid::parameters_type, gko::LinOpFactory>::generate_impl(gko::LinOpGenerateComponents) const at /storage/home/greole/code/NeoFOAM/build/profilingnvidia_h200/_deps/ginkgo-src/include/ginkgo/core/base/abstract_factory.hpp:188:13
#20 0x00007f64a79016ff in std::unique_ptr<gko::LinOp, std::default_delete<gko::LinOp> > gko::AbstractFactory<gko::LinOp, gko::LinOpGenerateComponents>::generate<gko::LinOpGenerateComponents>(gko::LinOpGenerateComponents&&) const at /storage/home/greole/code/NeoFOAM/build/profilingnvidia_h200/_deps/ginkgo-src/include/ginkgo/core/base/abstract_factory.hpp:69:14
#21 0x00007f64a7900145 in gko::solver::detail::generate_with_view(gko::LinOpFactory const*, std::shared_ptr<gko::LinOp const>, gko::solver::Workspace*) at /storage/home/greole/code/NeoFOAM/build/profilingnvidia_h200/_deps/ginkgo-src/core/base/lin_op.cpp:93:58
#22 0x00007f64a89b482e in gko::experimental::distributed::preconditioner::Schwarz<double, int, long>::generate_inner(gko::LinOpFactory const*, std::shared_ptr<gko::LinOp const>, std::__cxx11::basic_string<char, std::char_traits<char>, std::allocator<char> > const&) at /storage/home/greole/code/NeoFOAM/build/profilingnvidia_h200/_deps/ginkgo-src/core/distributed/preconditioner/schwarz.cpp:193:56
#23 0x00007f64a89e63f8 in gko::experimental::distributed::preconditioner::Schwarz<double, int, long>::generate(std::shared_ptr<gko::LinOp const>) at /storage/home/greole/code/NeoFOAM/build/profilingnvidia_h200/_deps/ginkgo-src/core/distributed/preconditioner/schwarz.cpp:223:21
#24 0x00007f64a8435fe3 in gko::experimental::distributed::preconditioner::Schwarz<double, int, long>::Schwarz(gko::experimental::distributed::preconditioner::Schwarz<double, int, long>::Factory const*, gko::LinOpGenerateComponents) at /storage/home/greole/code/NeoFOAM/build/profilingnvidia_h200/_deps/ginkgo-src/include/ginkgo/core/distributed/preconditioner/schwarz.hpp:257:23
#25 0x00007f64a8436163 in gko::EnableDefaultFactory<gko::experimental::distributed::preconditioner::Schwarz<double, int, long>::Factory, gko::experimental::distributed::preconditioner::Schwarz<double, int, long>, gko::experimental::distributed::preconditioner::Schwarz<double, int, long>::parameters_type, gko::LinOpFactory>::generate_impl(gko::LinOpGenerateComponents) const at /storage/home/greole/code/NeoFOAM/build/profilingnvidia_h200/_deps/ginkgo-src/include/ginkgo/core/base/abstract_factory.hpp:188:13
#26 0x00007f64a79016ff in std::unique_ptr<gko::LinOp, std::default_delete<gko::LinOp> > gko::AbstractFactory<gko::LinOp, gko::LinOpGenerateComponents>::generate<gko::LinOpGenerateComponents>(gko::LinOpGenerateComponents&&) const at /storage/home/greole/code/NeoFOAM/build/profilingnvidia_h200/_deps/ginkgo-src/include/ginkgo/core/base/abstract_factory.hpp:69:14
#27 0x00007f64a7900145 in gko::solver::detail::generate_with_view(gko::LinOpFactory const*, std::shared_ptr<gko::LinOp const>, gko::solver::Workspace*) at /storage/home/greole/code/NeoFOAM/build/profilingnvidia_h200/_deps/ginkgo-src/core/base/lin_op.cpp:93:58
#28 0x00007f64a8386fe2 in void gko::solver::EnablePreconditionedIterativeSolver<double, gko::solver::Cg<double> >::generate_preconditioner_with_workspace<gko::solver::Cg<double>::parameters_type>(gko::solver::Cg<double>::parameters_type const&) at /storage/home/greole/code/NeoFOAM/build/profilingnvidia_h200/_deps/ginkgo-src/include/ginkgo/core/solver/solver_base.hpp:902:37
#29 0x00007f64a83f64cd in gko::solver::Cg<double>::Cg(gko::solver::Cg<double>::Factory const*, gko::LinOpGenerateComponents) at /storage/home/greole/code/NeoFOAM/build/profilingnvidia_h200/_deps/ginkgo-src/include/ginkgo/core/solver/cg.hpp:119:53
#30 0x00007f64a83f6633 in gko::EnableDefaultFactory<gko::solver::Cg<double>::Factory, gko::solver::Cg<double>, gko::solver::Cg<double>::parameters_type, gko::LinOpFactory>::generate_impl(gko::LinOpGenerateComponents) const at /storage/home/greole/code/NeoFOAM/build/profilingnvidia_h200/_deps/ginkgo-src/include/ginkgo/core/base/abstract_factory.hpp:188:13
#31 0x00007f64a79016ff in std::unique_ptr<gko::LinOp, std::default_delete<gko::LinOp> > gko::AbstractFactory<gko::LinOp, gko::LinOpGenerateComponents>::generate<gko::LinOpGenerateComponents>(gko::LinOpGenerateComponents&&) const at /storage/home/greole/code/NeoFOAM/build/profilingnvidia_h200/_deps/ginkgo-src/include/ginkgo/core/base/abstract_factory.hpp:69:14
#32 0x00007f64a78ffb58 in gko::LinOpFactory::generate(std::shared_ptr<gko::LinOp const>) const at /storage/home/greole/code/NeoFOAM/build/profilingnvidia_h200/_deps/ginkgo-src/core/base/lin_op.cpp:50:44
#33 (inlined)          in operator() at /storage/home/greole/code/NeoN/src/linearAlgebra/ginkgo/ginkgoDistributed.cpp:667:34
#34 0x00007f64a77ffb59 in NeoN::la::ginkgo::(anonymous namespace)::cacheOrUpdateSolver(std::shared_ptr<gko::LinOp>&, std::unique_ptr<gko::solver::Workspace, std::default_delete<gko::solver::Workspace> >&, std::array<unsigned long, 3ul>&, int&, bool, int, std::shared_ptr<gko::LinOpFactory const> const&, std::shared_ptr<gko::LinOp const> const&, std::array<unsigned long, 3ul> const&) at /storage/home/greole/code/NeoN/src/linearAlgebra/ginkgo/ginkgoDistributed.cpp:687:30
#35 0x00007f64a780186a in NeoN::la::ginkgo::GinkgoSolver::solveDist(NeoN::la::LinearSystem<double, double, NeoN::la::Matrix<double, NeoN::la::CsrSparsityPattern<int> >, NeoN::la::Matrix<double, NeoN::la::CooSparsityPattern<int> > > const&, NeoN::Vector<double>&) const at /storage/home/greole/code/NeoN/src/linearAlgebra/ginkgo/ginkgoDistributed.cpp:878:217
#36 (inlined)          in NeoN::la::Solver::solve(NeoN::la::LinearSystem<double, double, NeoN::la::Matrix<double, NeoN::la::CsrSparsityPattern<int> >, NeoN::la::Matrix<double, NeoN::la::CooSparsityPattern<int> > > const&, NeoN::Vector<double>&) const at /storage/home/greole/code/NeoN/include/NeoN/linearAlgebra/solver.hpp:121:92
#37 0x000000000061c966 in NeoFOAM::PDE<double, double, int>::solveImpl(NeoN::dsl::Expression<double, int>&, NeoN::la::LinearSystem<double, double, NeoN::la::Matrix<double, NeoN::la::CsrSparsityPattern<int> >, NeoN::la::Matrix<double, NeoN::la::CooSparsityPattern<int> > >&) at /storage/home/greole/code/NeoFOAM/include/NeoFOAM/datastructures/pde.hpp:473:6
#38 (inlined)          in NeoFOAM::PDE<double, double, int>::solve() at /storage/home/greole/code/NeoFOAM/include/NeoFOAM/datastructures/pde.hpp:228:31
#39 0x000000000054d02b in main at /storage/home/greole/code/NeoFOAM/examples/neoSimpleFoam/neoSimpleFoam.cpp:273:11
#40 0x00007f64479e960f at /lib64/libc.so.6
#41 0x00007f64479e96bf at /lib64/libc.so.6
#42 0x000000000054e044 at /storage/home/greole/code/NeoFOAM/build/profilingnvidia_h200/bin/neoSimpleFoam
[gpu-nvidia-h200-2:732646] *** Process received signal ***
[gpu-nvidia-h200-2:732646] Signal: Aborted (6)
[gpu-nvidia-h200-2:732646] Signal code:  (-6)
[gpu-nvidia-h200-2:732646] [ 0] /lib64/libc.so.6(+0x3fc60)[0x7f64479fec60]
[gpu-nvidia-h200-2:732646] [ 1] /lib64/libc.so.6(+0x8d4bc)[0x7f6447a4c4bc]
[gpu-nvidia-h200-2:732646] [ 2] /lib64/libc.so.6(raise+0x16)[0x7f64479febb6]
[gpu-nvidia-h200-2:732646] [ 3] /lib64/libc.so.6(abort+0xd3)[0x7f64479e8873]
[gpu-nvidia-h200-2:732646] [ 4] /storage/home/greole/code/NeoFOAM/build/profilingnvidia_h200/bin/neoSimpleFoam[0x64c774]
[gpu-nvidia-h200-2:732646] [ 5] /storage/apps/opt/spack/opt/spack/__spack_path_placeholder__/__spack_path_placeholder__/__spack_path_placeholder__/__spack_path_placeholder__/__spack_path_placeholder__/__spack_path_placeholder__/__spack_path_placeholder__/__spack_path_placeholder__/__spac/linux-x86_64_v3/gcc-13.3.0-pc5contataet2iuufjrcsndtp6ub6hpk/lib64/libstdc++.so.6(+0xbdf3a)[0x7f6447d8af3a]
[gpu-nvidia-h200-2:732646] [ 6] /storage/apps/opt/spack/opt/spack/__spack_path_placeholder__/__spack_path_placeholder__/__spack_path_placeholder__/__spack_path_placeholder__/__spack_path_placeholder__/__spack_path_placeholder__/__spack_path_placeholder__/__spack_path_placeholder__/__spac/linux-x86_64_v3/gcc-13.3.0-pc5contataet2iuufjrcsndtp6ub6hpk/lib64/libstdc++.so.6(+0xbdfa5)[0x7f6447d8afa5]
[gpu-nvidia-h200-2:732646] [ 7] /storage/apps/opt/spack/opt/spack/__spack_path_placeholder__/__spack_path_placeholder__/__spack_path_placeholder__/__spack_path_placeholder__/__spack_path_placeholder__/__spack_path_placeholder__/__spack_path_placeholder__/__spack_path_placeholder__/__spac/linux-x86_64_v3/gcc-13.3.0-pc5contataet2iuufjrcsndtp6ub6hpk/lib64/libstdc++.so.6(+0xbe1f7)[0x7f6447d8b1f7]
[gpu-nvidia-h200-2:732646] [ 8] /storage/home/greole/code/NeoFOAM/build/profilingnvidia_h200/lib/libNeoN.so(+0x1bc885c)[0x7f64a721385c]
[gpu-nvidia-h200-2:732646] [ 9] /storage/home/greole/code/NeoFOAM/build/profilingnvidia_h200/lib/libNeoN.so(_ZN3gko7kernels4cuda3csr6spgemmIdiEEvSt10shared_ptrIKNS_12CudaExecutorEEPKNS_6matrix3CsrIT_T0_EESE_PSC_+0x441)[0x7f64a92fb3b1]
[gpu-nvidia-h200-2:732646] [10] /storage/home/greole/code/NeoFOAM/build/profilingnvidia_h200/lib/libNeoN.so(+0x23e1af1)[0x7f64a7a2caf1]
[gpu-nvidia-h200-2:732646] [11] /storage/home/greole/code/NeoFOAM/build/profilingnvidia_h200/lib/libNeoN.so(_ZNK3gko6detail12ExecutorBaseINS_12CudaExecutorEE3runERKNS_9OperationE+0xa6)[0x7f64a914e086]
[gpu-nvidia-h200-2:732646] [12] /storage/home/greole/code/NeoFOAM/build/profilingnvidia_h200/lib/libNeoN.so(_ZNK3gko6matrix3CsrIdiE10apply_implEPKNS_5LinOpEPS3_+0xb9)[0x7f64a7c2f6e9]
[gpu-nvidia-h200-2:732646] [13] /storage/home/greole/code/NeoFOAM/build/profilingnvidia_h200/bin/neoSimpleFoam(_ZNK3gko5LinOp5applyENS_9ptr_paramIKS0_EENS1_IS0_EE+0x174)[0x5af184]
[gpu-nvidia-h200-2:732646] [14] /storage/home/greole/code/NeoFOAM/build/profilingnvidia_h200/bin/neoSimpleFoam(_ZN4NeoN2la6ginkgo9MergedPgmIdiE6spgemmESt10shared_ptrIKN3gko6matrix3CsrIdiEEESA_+0xb5)[0x62db75]
[gpu-nvidia-h200-2:732646] [15] /storage/home/greole/code/NeoFOAM/build/profilingnvidia_h200/bin/neoSimpleFoam(_ZN4NeoN2la6ginkgo9MergedPgmIdiE8generateEv+0x527)[0x63f1f7]
[gpu-nvidia-h200-2:732646] [16] /storage/home/greole/code/NeoFOAM/build/profilingnvidia_h200/bin/neoSimpleFoam(_ZN4NeoN2la6ginkgo9MergedPgmIdiEC1EPKNS3_7FactoryEN3gko23LinOpGenerateComponentsE+0x328)[0x63fc08]
[gpu-nvidia-h200-2:732646] [17] /storage/home/greole/code/NeoFOAM/build/profilingnvidia_h200/bin/neoSimpleFoam(_ZNK3gko20EnableDefaultFactoryIN4NeoN2la6ginkgo9MergedPgmIdiE7FactoryES5_NS5_15parameters_typeENS_12LinOpFactoryEE13generate_implENS_23LinOpGenerateComponentsE+0x44)[0x63fcf4]
[gpu-nvidia-h200-2:732646] [18] /storage/home/greole/code/NeoFOAM/build/profilingnvidia_h200/lib/libNeoN.so(_ZNK3gko15AbstractFactoryINS_5LinOpENS_23LinOpGenerateComponentsEE8generateIJS2_EEESt10unique_ptrIS1_St14default_deleteIS1_EEDpOT_+0x40)[0x7f64a7901700]
[gpu-nvidia-h200-2:732646] [19] /storage/home/greole/code/NeoFOAM/build/profilingnvidia_h200/lib/libNeoN.so(_ZNK3gko12LinOpFactory8generateESt10shared_ptrIKNS_5LinOpEE+0x549)[0x7f64a78ffb59]
[gpu-nvidia-h200-2:732646] [20] /storage/home/greole/code/NeoFOAM/build/profilingnvidia_h200/lib/libNeoN.so(_ZN3gko6solver9Multigrid8generateEv+0x2ef)[0x7f64a8874e4f]
[gpu-nvidia-h200-2:732646] [21] /storage/home/greole/code/NeoFOAM/build/profilingnvidia_h200/lib/libNeoN.so(_ZN3gko6solver9MultigridC1EPKNS1_7FactoryENS_23LinOpGenerateComponentsE+0x4b8)[0x7f64a8876dc8]
[gpu-nvidia-h200-2:732646] [22] /storage/home/greole/code/NeoFOAM/build/profilingnvidia_h200/lib/libNeoN.so(_ZNK3gko20EnableDefaultFactoryINS_6solver9Multigrid7FactoryES2_NS2_15parameters_typeENS_12LinOpFactoryEE13generate_implENS_23LinOpGenerateComponentsE+0x44)[0x7f64a8210834]
[gpu-nvidia-h200-2:732646] [23] /storage/home/greole/code/NeoFOAM/build/profilingnvidia_h200/lib/libNeoN.so(_ZNK3gko15AbstractFactoryINS_5LinOpENS_23LinOpGenerateComponentsEE8generateIJS2_EEESt10unique_ptrIS1_St14default_deleteIS1_EEDpOT_+0x40)[0x7f64a7901700]
[gpu-nvidia-h200-2:732646] [24] /storage/home/greole/code/NeoFOAM/build/profilingnvidia_h200/lib/libNeoN.so(_ZN3gko6solver6detail18generate_with_viewEPKNS_12LinOpFactoryESt10shared_ptrIKNS_5LinOpEEPNS0_9WorkspaceE+0x286)[0x7f64a7900146]
[gpu-nvidia-h200-2:732646] [25] /storage/home/greole/code/NeoFOAM/build/profilingnvidia_h200/lib/libNeoN.so(_ZN3gko12experimental11distributed14preconditioner7SchwarzIdilE14generate_innerEPKNS_12LinOpFactoryESt10shared_ptrIKNS_5LinOpEERKNSt7__cxx1112basic_stringIcSt11char_traitsIcESaIcEEE+0x4f)[0x7f64a89b482f]
[gpu-nvidia-h200-2:732646] [26] /storage/home/greole/code/NeoFOAM/build/profilingnvidia_h200/lib/libNeoN.so(_ZN3gko12experimental11distributed14preconditioner7SchwarzIdilE8generateESt10shared_ptrIKNS_5LinOpEE+0xd9)[0x7f64a89e63f9]
[gpu-nvidia-h200-2:732646] [27] /storage/home/greole/code/NeoFOAM/build/profilingnvidia_h200/lib/libNeoN.so(_ZN3gko12experimental11distributed14preconditioner7SchwarzIdilEC1EPKNS4_7FactoryENS_23LinOpGenerateComponentsE+0x1c4)[0x7f64a8435fe4]
[gpu-nvidia-h200-2:732646] [28] /storage/home/greole/code/NeoFOAM/build/profilingnvidia_h200/lib/libNeoN.so(_ZNK3gko20EnableDefaultFactoryINS_12experimental11distributed14preconditioner7SchwarzIdilE7FactoryES5_NS5_15parameters_typeENS_12LinOpFactoryEE13generate_implENS_23LinOpGenerateComponentsE+0x44)[0x7f64a8436164]
[gpu-nvidia-h200-2:732646] [29] /storage/home/greole/code/NeoFOAM/build/profilingnvidia_h200/lib/libNeoN.so(_ZNK3gko15AbstractFactoryINS_5LinOpENS_23LinOpGenerateComponentsEE8generateIJS2_EEESt10unique_ptrIS1_St14default_deleteIS1_EEDpOT_+0x40)[0x7f64a7901700]
[gpu-nvidia-h200-2:732646] *** End of error message ***
--------------------------------------------------------------------------

prterun noticed that process rank 1 with PID 732647 on node gpu-nvidia-h200-2 exited on
signal 6 (Aborted).
--------------------------------------------------------------------------
