/*---------------------------------------------------------------------------*\
| =========                 |                                                 |
| \\      /  F ield         | OpenFOAM: The Open Source CFD Toolbox           |
|  \\    /   O peration     | Version:  2506                                  |
|   \\  /    A nd           | Website:  www.openfoam.com                      |
|    \\/     M anipulation  |                                                 |
\*---------------------------------------------------------------------------*/
Build  : b050cd9480-20250814 OPENFOAM=2506 version=v2506
Arch   : "LSB;label=32;scalar=64"
Exec   : /storage/home/greole/code/NeoFOAM/build/profilingnvidia_h200/bin/neoSimpleFoam -parallel
Date   : Jun 29 2026
Time   : 13:06:33
Host   : gpu-nvidia-h200-3.int.coma-cluster.de
PID    : 1197030
I/O    : uncollated
Case   : /storage/home/greole/code/NeoFOAM/occDrivAerStaticMesh
nProcs : 4
Hosts  :
(
    (gpu-nvidia-h200-3.int.coma-cluster.de 4)
)
Pstream initialized with:
    node communication : off [type=host] (4 ranks, 1 nodes)
    topology controls  : none
    consensus exchange : 0 (tuning: 0)
    exchange algorithm : 0
    commsType          : nonBlocking
    polling iterations : 0
trapFpe: Floating point exception trapping enabled (FOAM_SIGFPE).
fileModificationChecking : Monitoring run-time modified files using timeStampMaster (fileModificationSkew 5, maxFileModificationPolls 20)
allowSystemOperations : Allowing user-supplied system call operations

// * * * * * * * * * * * * * * * * * * * * * * * * * * * * * * * * * * * * * //
Create time

Initializing NeoN
Creating Executor GPU
Creating NeoFOAM runTime

SIMPLE: no convergence criteria found. Calculations will run for 30 steps.

Reading field p

Reading field U

Reading/calculating face flux field phi

Selecting incompressible transport model Newtonian
NeoFOAM solver config (from fvSolution configFile) for 'config(Cg+Schwarz(Multigrid))':
{
    cacheSolver: true
    configFile: <NeoN::TokenList>
    l1ScaledResidual: true
    preconditionerRebuildInterval: 100
    relTol: 0.010000
    reportName: config(Cg+Schwarz(Multigrid))
    solver: Ginkgo
    tolerance: 0.000000
}
    effective optimize: false
    effective checkFrequency: 1
Mapping OpenFOAM solver settings to NeoN settings.
Currently, it is advisable to specify a configFile
for fine grained Ginkgo solver control

Replacing solver PBiCGStab by solver::Bicgstab
Replacing preconditioner diagonal by preconditioner::Schwarz (Schwarz-wrapped for distributed run)
NeoFOAM solver config (mapped from fvSolution) for 'Schwarz(Jacobi)+Bicgstab':
{
    cacheSolver: true
    criteria: {
        absolute_residual_norm: 0.000000
        initial_residual_norm: 0.100000
        iteration: 1000
    }
    l1ScaledResidual: true
    optimize: true
    preconditioner: {
        local_solver: {
            max_block_size: 1
            type: preconditioner::Jacobi
        }
        type: preconditioner::Schwarz
    }
    reportName: Schwarz(Jacobi)+Bicgstab
    solver: Ginkgo
    type: solver::Bicgstab
}
    effective optimize: true
    effective checkFrequency: 1
Creating phi

[NF][/storage/home/greole/code/NeoFOAM/include/NeoFOAM/auxiliary/readers.hpp::434]: Internal: 49333487, Boundary: 1754396

[NF][/storage/home/greole/code/NeoFOAM/include/NeoFOAM/auxiliary/readers.hpp::434]: Internal: 49320882, Boundary: 1762558

[NF][/storage/home/greole/code/NeoFOAM/include/NeoFOAM/auxiliary/readers.hpp::434]: Internal: 49261542, Boundary: 1427829

[NF][/storage/home/greole/code/NeoFOAM/include/NeoFOAM/auxiliary/readers.hpp::434]: Internal: 49243125, Boundary: 1362247
Selecting patchDistMethod meshWave
Mapping OpenFOAM solver settings to NeoN settings.
Currently, it is advisable to specify a configFile
for fine grained Ginkgo solver control

Replacing solver PBiCGStab by solver::Bicgstab
Replacing preconditioner diagonal by preconditioner::Schwarz (Schwarz-wrapped for distributed run)
NeoFOAM solver config (mapped from fvSolution) for 'Schwarz(Jacobi)+Bicgstab':
{
    cacheSolver: true
    criteria: {
        absolute_residual_norm: 0.000000
        initial_residual_norm: 0.100000
        iteration: 1000
    }
    l1ScaledResidual: true
    optimize: true
    preconditioner: {
        local_solver: {
            max_block_size: 1
            type: preconditioner::Jacobi
        }
        type: preconditioner::Schwarz
    }
    reportName: Schwarz(Jacobi)+Bicgstab
    solver: Ginkgo
    type: solver::Bicgstab
}
    effective optimize: true
    effective checkFrequency: 1
Mapping OpenFOAM solver settings to NeoN settings.
Currently, it is advisable to specify a configFile
for fine grained Ginkgo solver control

Replacing solver PBiCGStab by solver::Bicgstab
Replacing preconditioner diagonal by preconditioner::Schwarz (Schwarz-wrapped for distributed run)
NeoFOAM solver config (mapped from fvSolution) for 'Schwarz(Jacobi)+Bicgstab':
{
    cacheSolver: true
    criteria: {
        absolute_residual_norm: 0.000000
        initial_residual_norm: 0.100000
        iteration: 1000
    }
    l1ScaledResidual: true
    optimize: true
    preconditioner: {
        local_solver: {
            max_block_size: 1
            type: preconditioner::Jacobi
        }
        type: preconditioner::Schwarz
    }
    reportName: Schwarz(Jacobi)+Bicgstab
    solver: Ginkgo
    type: solver::Bicgstab
}
    effective optimize: true
    effective checkFrequency: 1
Starting time loop
Time = 1
[mem] step-start: DEVICE_POOL current=16605 MB  actual(reserved)=38146 MB  highWater=19132 MB
Schwarz(Jacobi)+Bicgstab:  Solving for Ux, Initial residual = 0.0019488956619707642, Final residual = 0.00023894144922256483, No Iterations 3, Solve time = 242.902 ms
Schwarz(Jacobi)+Bicgstab:  Solving for Uy, Initial residual = 0.1648688972930772, Final residual = 0.008211417725346403, No Iterations 3, Solve time = 242.902 ms
Schwarz(Jacobi)+Bicgstab:  Solving for Uz, Initial residual = 0.10478399420301418, Final residual = 0.004988130416337737, No Iterations 3, Solve time = 242.902 ms
[mem] after-UEqn: DEVICE_POOL current=19099 MB  actual(reserved)=38146 MB  highWater=24387 MB
[GinkgoSolver] p-cache: rebuild(generate) solve=1 rebuildInterval=100
config(Cg+Schwarz(Multigrid)):  Solving for p, Initial residual = 1, Final residual = 0.009713811915362193, No Iterations 82, Solve time = 2322.787 ms
time step continuity errors : sum local = 6.48700671927304e-05, global = 5.308268665107768e-07, cumulative = 5.308268665107768e-07
[mem] after-pEqn: DEVICE_POOL current=20567 MB  actual(reserved)=38146 MB  highWater=24387 MB
[GinkgoSolver] p-cache: rebuild(generate) solve=1 rebuildInterval=0
Schwarz(Jacobi)+Bicgstab:  Solving for omega, Initial residual = 0.9999999999999999, Final residual = 0.030747688497821026, No Iterations 1, Solve time = 51.752 ms
bounding omega, min: -52.867428156592155 max: 46109489.01234218 average: 2443.202156282141
[GinkgoSolver] p-cache: rebuild(generate) solve=1 rebuildInterval=0
Schwarz(Jacobi)+Bicgstab:  Solving for k, Initial residual = 0.9999999999999735, Final residual = 0.04385990470814722, No Iterations 1, Solve time = 52.909 ms
[mem] after-turb: DEVICE_POOL current=22752 MB  actual(reserved)=38146 MB  highWater=24811 MB
ExecutionTime = 43.36 s  ClockTime = 44 s

Time = 2
[mem] step-start: DEVICE_POOL current=22752 MB  actual(reserved)=38146 MB  highWater=24811 MB
Schwarz(Jacobi)+Bicgstab:  Solving for Ux, Initial residual = 0.0012913347505802164, Final residual = 5.912050913914787e-05, No Iterations 5, Solve time = 327.819 ms
Schwarz(Jacobi)+Bicgstab:  Solving for Uy, Initial residual = 0.06540519863736878, Final residual = 0.0029850615608256344, No Iterations 5, Solve time = 327.819 ms
Schwarz(Jacobi)+Bicgstab:  Solving for Uz, Initial residual = 0.040815514015381575, Final residual = 0.0009079847483590389, No Iterations 5, Solve time = 327.819 ms
[mem] after-UEqn: DEVICE_POOL current=22752 MB  actual(reserved)=38146 MB  highWater=28040 MB
[GinkgoSolver] p-cache: reuse(update_matrix_value) solve=2 rebuildInterval=100
config(Cg+Schwarz(Multigrid)):  Solving for p, Initial residual = 0.03896331933030074, Final residual = 0.0003735005420096127, No Iterations 89, Solve time = 2507.071 ms
time step continuity errors : sum local = 4.096867746104255e-05, global = -6.606466826045839e-07, cumulative = -1.298198160938071e-07
[mem] after-pEqn: DEVICE_POOL current=22752 MB  actual(reserved)=38146 MB  highWater=28040 MB
[GinkgoSolver] p-cache: reuse(update_matrix_value) solve=2 rebuildInterval=0
Schwarz(Jacobi)+Bicgstab:  Solving for omega, Initial residual = 0.00819458231008797, Final residual = 0.0004779972044937106, No Iterations 1, Solve time = 50.997 ms
bounding omega, min: -1291.9541965624285 max: 45305779.31808757 average: 2705.6263390790423
[GinkgoSolver] p-cache: reuse(update_matrix_value) solve=2 rebuildInterval=0
Schwarz(Jacobi)+Bicgstab:  Solving for k, Initial residual = 0.07500479785647554, Final residual = 0.004455184194387555, No Iterations 1, Solve time = 51.514 ms
[mem] after-turb: DEVICE_POOL current=22752 MB  actual(reserved)=38146 MB  highWater=28040 MB
ExecutionTime = 47.72 s  ClockTime = 48 s

Time = 3
[mem] step-start: DEVICE_POOL current=22752 MB  actual(reserved)=38146 MB  highWater=28040 MB
Schwarz(Jacobi)+Bicgstab:  Solving for Ux, Initial residual = 0.0008087933882968632, Final residual = 4.758813485321223e-05, No Iterations 6, Solve time = 377.504 ms
Schwarz(Jacobi)+Bicgstab:  Solving for Uy, Initial residual = 0.03249879198670631, Final residual = 0.0006350779573985879, No Iterations 6, Solve time = 377.504 ms
Schwarz(Jacobi)+Bicgstab:  Solving for Uz, Initial residual = 0.018180580683488594, Final residual = 0.00026731902472330795, No Iterations 6, Solve time = 377.504 ms
[mem] after-UEqn: DEVICE_POOL current=22752 MB  actual(reserved)=38146 MB  highWater=28040 MB
[GinkgoSolver] p-cache: reuse(update_matrix_value) solve=3 rebuildInterval=100
config(Cg+Schwarz(Multigrid)):  Solving for p, Initial residual = 0.017650920772247607, Final residual = 0.00016308620008889083, No Iterations 85, Solve time = 2396.21 ms
time step continuity errors : sum local = 3.2134999610487464e-05, global = -8.707906025945889e-07, cumulative = -1.000610418688396e-06
[mem] after-pEqn: DEVICE_POOL current=22752 MB  actual(reserved)=38146 MB  highWater=28040 MB
[GinkgoSolver] p-cache: reuse(update_matrix_value) solve=3 rebuildInterval=0
Schwarz(Jacobi)+Bicgstab:  Solving for omega, Initial residual = 0.003520733881011433, Final residual = 0.0002899378689745542, No Iterations 1, Solve time = 51.101 ms
bounding omega, min: -11.965335931141336 max: 45385824.82443447 average: 3322.2069686704904
[GinkgoSolver] p-cache: reuse(update_matrix_value) solve=3 rebuildInterval=0
Schwarz(Jacobi)+Bicgstab:  Solving for k, Initial residual = 0.013997291949686625, Final residual = 0.0010053496490142432, No Iterations 1, Solve time = 50.999 ms
[mem] after-turb: DEVICE_POOL current=22752 MB  actual(reserved)=38146 MB  highWater=28040 MB
ExecutionTime = 52.03 s  ClockTime = 53 s

Time = 4
[mem] step-start: DEVICE_POOL current=22752 MB  actual(reserved)=38146 MB  highWater=28040 MB
Schwarz(Jacobi)+Bicgstab:  Solving for Ux, Initial residual = 0.0005581810827790061, Final residual = 4.702822945122322e-05, No Iterations 4, Solve time = 269.774 ms
Schwarz(Jacobi)+Bicgstab:  Solving for Uy, Initial residual = 0.02024850769265569, Final residual = 0.0026841153068529917, No Iterations 4, Solve time = 269.774 ms
Schwarz(Jacobi)+Bicgstab:  Solving for Uz, Initial residual = 0.010475551232791269, Final residual = 0.0007739087979146398, No Iterations 4, Solve time = 269.774 ms
[mem] after-UEqn: DEVICE_POOL current=22752 MB  actual(reserved)=38146 MB  highWater=28040 MB
[GinkgoSolver] p-cache: reuse(update_matrix_value) solve=4 rebuildInterval=100
config(Cg+Schwarz(Multigrid)):  Solving for p, Initial residual = 0.012543084049412602, Final residual = 0.00011956288586319468, No Iterations 46, Solve time = 1316.021 ms
time step continuity errors : sum local = 3.0591274053750565e-05, global = 5.3713136682936025e-06, cumulative = 4.3707032496052065e-06
[mem] after-pEqn: DEVICE_POOL current=22752 MB  actual(reserved)=38146 MB  highWater=28040 MB
[GinkgoSolver] p-cache: reuse(update_matrix_value) solve=4 rebuildInterval=0
Schwarz(Jacobi)+Bicgstab:  Solving for omega, Initial residual = 0.001724254591869661, Final residual = 4.831195614222302e-05, No Iterations 2, Solve time = 74.234 ms
[GinkgoSolver] p-cache: reuse(update_matrix_value) solve=4 rebuildInterval=0
Schwarz(Jacobi)+Bicgstab:  Solving for k, Initial residual = 0.004640800509116657, Final residual = 0.0003933631979215191, No Iterations 1, Solve time = 50.98 ms
[mem] after-turb: DEVICE_POOL current=22752 MB  actual(reserved)=38146 MB  highWater=28040 MB
ExecutionTime = 55.19 s  ClockTime = 56 s

Time = 5
[mem] step-start: DEVICE_POOL current=22752 MB  actual(reserved)=38146 MB  highWater=28040 MB
Schwarz(Jacobi)+Bicgstab:  Solving for Ux, Initial residual = 0.0004848144581344175, Final residual = 3.781633016387397e-05, No Iterations 4, Solve time = 279.388 ms
Schwarz(Jacobi)+Bicgstab:  Solving for Uy, Initial residual = 0.01849877557086556, Final residual = 0.0011827966914416854, No Iterations 4, Solve time = 279.388 ms
Schwarz(Jacobi)+Bicgstab:  Solving for Uz, Initial residual = 0.008305119489189067, Final residual = 0.0008132873445035829, No Iterations 4, Solve time = 279.388 ms
[mem] after-UEqn: DEVICE_POOL current=22752 MB  actual(reserved)=38146 MB  highWater=28040 MB
[GinkgoSolver] p-cache: reuse(update_matrix_value) solve=5 rebuildInterval=100
config(Cg+Schwarz(Multigrid)):  Solving for p, Initial residual = 0.010727353343202527, Final residual = 9.559105465406181e-05, No Iterations 56, Solve time = 1592.015 ms
time step continuity errors : sum local = 2.6754680200453967e-05, global = 1.3927241852611245e-07, cumulative = 4.509975668131319e-06
[mem] after-pEqn: DEVICE_POOL current=22752 MB  actual(reserved)=38146 MB  highWater=28040 MB
[GinkgoSolver] p-cache: reuse(update_matrix_value) solve=5 rebuildInterval=0
Schwarz(Jacobi)+Bicgstab:  Solving for omega, Initial residual = 0.0009944344252730902, Final residual = 9.814597684938872e-05, No Iterations 1, Solve time = 50.895 ms
[GinkgoSolver] p-cache: reuse(update_matrix_value) solve=5 rebuildInterval=0
Schwarz(Jacobi)+Bicgstab:  Solving for k, Initial residual = 0.002356470380775594, Final residual = 0.00022365296824684153, No Iterations 1, Solve time = 50.26 ms
[mem] after-turb: DEVICE_POOL current=22752 MB  actual(reserved)=38146 MB  highWater=28040 MB
ExecutionTime = 58.61 s  ClockTime = 59 s

Time = 6
[mem] step-start: DEVICE_POOL current=22752 MB  actual(reserved)=38146 MB  highWater=28040 MB
Schwarz(Jacobi)+Bicgstab:  Solving for Ux, Initial residual = 0.00043609248765963946, Final residual = 2.6167369896551474e-05, No Iterations 5, Solve time = 336.66 ms
Schwarz(Jacobi)+Bicgstab:  Solving for Uy, Initial residual = 0.01791337262402227, Final residual = 0.00166377478278589, No Iterations 5, Solve time = 336.66 ms
Schwarz(Jacobi)+Bicgstab:  Solving for Uz, Initial residual = 0.006723123094262564, Final residual = 0.0005104172967216857, No Iterations 5, Solve time = 336.66 ms
[mem] after-UEqn: DEVICE_POOL current=22752 MB  actual(reserved)=38146 MB  highWater=28040 MB
[GinkgoSolver] p-cache: reuse(update_matrix_value) solve=6 rebuildInterval=100
config(Cg+Schwarz(Multigrid)):  Solving for p, Initial residual = 0.011389126978421298, Final residual = 0.00010157003156476932, No Iterations 82, Solve time = 2311.28 ms
time step continuity errors : sum local = 2.7566429298457656e-05, global = -3.983017496529378e-07, cumulative = 4.111673918478382e-06
[mem] after-pEqn: DEVICE_POOL current=22752 MB  actual(reserved)=38146 MB  highWater=28040 MB
[GinkgoSolver] p-cache: reuse(update_matrix_value) solve=6 rebuildInterval=0
Schwarz(Jacobi)+Bicgstab:  Solving for omega, Initial residual = 0.0006247226719772578, Final residual = 2.4311566136635918e-05, No Iterations 2, Solve time = 74.027 ms
[GinkgoSolver] p-cache: reuse(update_matrix_value) solve=6 rebuildInterval=0
Schwarz(Jacobi)+Bicgstab:  Solving for k, Initial residual = 0.001624256097230403, Final residual = 0.000154894925831041, No Iterations 1, Solve time = 50.59 ms
[mem] after-turb: DEVICE_POOL current=22752 MB  actual(reserved)=38146 MB  highWater=28040 MB
ExecutionTime = 62.81 s  ClockTime = 64 s

Time = 7
[mem] step-start: DEVICE_POOL current=22752 MB  actual(reserved)=38146 MB  highWater=28040 MB
Schwarz(Jacobi)+Bicgstab:  Solving for Ux, Initial residual = 0.00037572399638409167, Final residual = 2.3674059752143728e-05, No Iterations 5, Solve time = 338.972 ms
Schwarz(Jacobi)+Bicgstab:  Solving for Uy, Initial residual = 0.015180400709156132, Final residual = 0.0011935077853873824, No Iterations 5, Solve time = 338.972 ms
Schwarz(Jacobi)+Bicgstab:  Solving for Uz, Initial residual = 0.0051281234294104526, Final residual = 0.0002770750231615822, No Iterations 5, Solve time = 338.972 ms
[mem] after-UEqn: DEVICE_POOL current=22752 MB  actual(reserved)=38146 MB  highWater=28040 MB
[GinkgoSolver] p-cache: reuse(update_matrix_value) solve=7 rebuildInterval=100
config(Cg+Schwarz(Multigrid)):  Solving for p, Initial residual = 0.012314855798327107, Final residual = 0.00012281554053337687, No Iterations 82, Solve time = 2312.49 ms
time step continuity errors : sum local = 3.0245396136766906e-05, global = -5.314441195015464e-07, cumulative = 3.5802297989768356e-06
[mem] after-pEqn: DEVICE_POOL current=22752 MB  actual(reserved)=38146 MB  highWater=28040 MB
[GinkgoSolver] p-cache: reuse(update_matrix_value) solve=7 rebuildInterval=0
Schwarz(Jacobi)+Bicgstab:  Solving for omega, Initial residual = 0.0004898412396155476, Final residual = 1.5230130614590404e-05, No Iterations 2, Solve time = 74.671 ms
[GinkgoSolver] p-cache: reuse(update_matrix_value) solve=7 rebuildInterval=0
Schwarz(Jacobi)+Bicgstab:  Solving for k, Initial residual = 0.0011596718732781825, Final residual = 2.41088749646097e-05, No Iterations 3, Solve time = 96.304 ms
[mem] after-turb: DEVICE_POOL current=22752 MB  actual(reserved)=38146 MB  highWater=28040 MB
ExecutionTime = 67.06999999999999 s  ClockTime = 68 s

Time = 8
[mem] step-start: DEVICE_POOL current=22752 MB  actual(reserved)=38146 MB  highWater=28040 MB
Schwarz(Jacobi)+Bicgstab:  Solving for Ux, Initial residual = 0.00031610850518656126, Final residual = 2.488196644457883e-05, No Iterations 5, Solve time = 336.645 ms
Schwarz(Jacobi)+Bicgstab:  Solving for Uy, Initial residual = 0.011325684470185227, Final residual = 0.00028713526110596237, No Iterations 5, Solve time = 336.645 ms
Schwarz(Jacobi)+Bicgstab:  Solving for Uz, Initial residual = 0.0036061599599713514, Final residual = 0.0001965638152247882, No Iterations 5, Solve time = 336.645 ms
[mem] after-UEqn: DEVICE_POOL current=22752 MB  actual(reserved)=38146 MB  highWater=28040 MB
[GinkgoSolver] p-cache: reuse(update_matrix_value) solve=8 rebuildInterval=100
config(Cg+Schwarz(Multigrid)):  Solving for p, Initial residual = 0.013151856531840528, Final residual = 0.00012985155186072436, No Iterations 77, Solve time = 2172.56 ms
time step continuity errors : sum local = 2.8020683958797228e-05, global = -8.784807556878001e-07, cumulative = 2.7017490432890356e-06
[mem] after-pEqn: DEVICE_POOL current=22752 MB  actual(reserved)=38146 MB  highWater=28040 MB
[GinkgoSolver] p-cache: reuse(update_matrix_value) solve=8 rebuildInterval=0
Schwarz(Jacobi)+Bicgstab:  Solving for omega, Initial residual = 0.00035962607895126836, Final residual = 1.2435314815147248e-05, No Iterations 2, Solve time = 73.55 ms
[GinkgoSolver] p-cache: reuse(update_matrix_value) solve=8 rebuildInterval=0
Schwarz(Jacobi)+Bicgstab:  Solving for k, Initial residual = 0.0008654324300756895, Final residual = 5.2457595257947435e-05, No Iterations 2, Solve time = 73.055 ms
[mem] after-turb: DEVICE_POOL current=22752 MB  actual(reserved)=38146 MB  highWater=28040 MB
ExecutionTime = 71.17 s  ClockTime = 72 s

Time = 9
[mem] step-start: DEVICE_POOL current=22752 MB  actual(reserved)=38146 MB  highWater=28040 MB
Schwarz(Jacobi)+Bicgstab:  Solving for Ux, Initial residual = 0.00027422512690821496, Final residual = 7.3816508539785445e-06, No Iterations 5, Solve time = 324.458 ms
Schwarz(Jacobi)+Bicgstab:  Solving for Uy, Initial residual = 0.009216251513643702, Final residual = 0.00043992117129511553, No Iterations 5, Solve time = 324.458 ms
Schwarz(Jacobi)+Bicgstab:  Solving for Uz, Initial residual = 0.0026361767569718433, Final residual = 0.00015512328506763715, No Iterations 5, Solve time = 324.458 ms
[mem] after-UEqn: DEVICE_POOL current=22752 MB  actual(reserved)=38146 MB  highWater=28040 MB
[GinkgoSolver] p-cache: reuse(update_matrix_value) solve=9 rebuildInterval=100
config(Cg+Schwarz(Multigrid)):  Solving for p, Initial residual = 0.01364375640230485, Final residual = 0.00013186733395310148, No Iterations 38, Solve time = 1097.484 ms
time step continuity errors : sum local = 2.514086185146255e-05, global = -1.3584500932722496e-06, cumulative = 1.343298950016786e-06
[mem] after-pEqn: DEVICE_POOL current=22752 MB  actual(reserved)=38146 MB  highWater=28040 MB
[GinkgoSolver] p-cache: reuse(update_matrix_value) solve=9 rebuildInterval=0
Schwarz(Jacobi)+Bicgstab:  Solving for omega, Initial residual = 0.0002780552644772838, Final residual = 1.0632754236049605e-05, No Iterations 2, Solve time = 75.287 ms
[GinkgoSolver] p-cache: reuse(update_matrix_value) solve=9 rebuildInterval=0
Schwarz(Jacobi)+Bicgstab:  Solving for k, Initial residual = 0.0006654437815401664, Final residual = 3.885406493827561e-05, No Iterations 2, Solve time = 72.992 ms
[mem] after-turb: DEVICE_POOL current=22752 MB  actual(reserved)=38146 MB  highWater=28040 MB
ExecutionTime = 74.19 s  ClockTime = 75 s

Time = 10
[mem] step-start: DEVICE_POOL current=22752 MB  actual(reserved)=38146 MB  highWater=28040 MB
Schwarz(Jacobi)+Bicgstab:  Solving for Ux, Initial residual = 0.00025314976740816104, Final residual = 3.218012465447778e-06, No Iterations 6, Solve time = 380.466 ms
Schwarz(Jacobi)+Bicgstab:  Solving for Uy, Initial residual = 0.0100467852515568, Final residual = 0.0004184468028215841, No Iterations 6, Solve time = 380.466 ms
Schwarz(Jacobi)+Bicgstab:  Solving for Uz, Initial residual = 0.0024923942596026616, Final residual = 4.1735300090617936e-05, No Iterations 6, Solve time = 380.466 ms
[mem] after-UEqn: DEVICE_POOL current=22752 MB  actual(reserved)=38146 MB  highWater=28040 MB
[GinkgoSolver] p-cache: reuse(update_matrix_value) solve=10 rebuildInterval=100
config(Cg+Schwarz(Multigrid)):  Solving for p, Initial residual = 0.013667894378688789, Final residual = 0.00013129637781586354, No Iterations 76, Solve time = 2147.436 ms
time step continuity errors : sum local = 2.3162414991527138e-05, global = 2.058238884758011e-06, cumulative = 3.4015378347747973e-06
[mem] after-pEqn: DEVICE_POOL current=22752 MB  actual(reserved)=38146 MB  highWater=28040 MB
[GinkgoSolver] p-cache: reuse(update_matrix_value) solve=10 rebuildInterval=0
Schwarz(Jacobi)+Bicgstab:  Solving for omega, Initial residual = 0.00022455458171439705, Final residual = 9.222901617706633e-06, No Iterations 2, Solve time = 73.869 ms
[GinkgoSolver] p-cache: reuse(update_matrix_value) solve=10 rebuildInterval=0
Schwarz(Jacobi)+Bicgstab:  Solving for k, Initial residual = 0.0005268029915849705, Final residual = 3.2756067443714075e-05, No Iterations 2, Solve time = 73.613 ms
[mem] after-turb: DEVICE_POOL current=22752 MB  actual(reserved)=38146 MB  highWater=28040 MB
ExecutionTime = 78.3 s  ClockTime = 79 s

Time = 11
[mem] step-start: DEVICE_POOL current=22752 MB  actual(reserved)=38146 MB  highWater=28040 MB
Schwarz(Jacobi)+Bicgstab:  Solving for Ux, Initial residual = 0.00023953145348906552, Final residual = 1.0822248323087659e-05, No Iterations 5, Solve time = 333.275 ms
Schwarz(Jacobi)+Bicgstab:  Solving for Uy, Initial residual = 0.01102245398165662, Final residual = 0.0003216812105749976, No Iterations 5, Solve time = 333.275 ms
Schwarz(Jacobi)+Bicgstab:  Solving for Uz, Initial residual = 0.0025426844499040415, Final residual = 7.25294268351936e-05, No Iterations 5, Solve time = 333.275 ms
[mem] after-UEqn: DEVICE_POOL current=22752 MB  actual(reserved)=38146 MB  highWater=28040 MB
[GinkgoSolver] p-cache: reuse(update_matrix_value) solve=11 rebuildInterval=100
config(Cg+Schwarz(Multigrid)):  Solving for p, Initial residual = 0.013124882437419876, Final residual = 0.0001266146047945533, No Iterations 75, Solve time = 2115.972 ms
time step continuity errors : sum local = 2.313780449068099e-05, global = 1.3333958569957523e-06, cumulative = 4.73493369177055e-06
[mem] after-pEqn: DEVICE_POOL current=22752 MB  actual(reserved)=38146 MB  highWater=28040 MB
[GinkgoSolver] p-cache: reuse(update_matrix_value) solve=11 rebuildInterval=0
Schwarz(Jacobi)+Bicgstab:  Solving for omega, Initial residual = 0.00018509001350069747, Final residual = 8.097649862226529e-06, No Iterations 2, Solve time = 74.065 ms
[GinkgoSolver] p-cache: reuse(update_matrix_value) solve=11 rebuildInterval=0
Schwarz(Jacobi)+Bicgstab:  Solving for k, Initial residual = 0.0004395048653424022, Final residual = 2.8286757099252635e-05, No Iterations 2, Solve time = 72.533 ms
[mem] after-turb: DEVICE_POOL current=22752 MB  actual(reserved)=38146 MB  highWater=28040 MB
ExecutionTime = 82.33 s  ClockTime = 83 s

Time = 12
[mem] step-start: DEVICE_POOL current=22752 MB  actual(reserved)=38146 MB  highWater=28040 MB
Schwarz(Jacobi)+Bicgstab:  Solving for Ux, Initial residual = 0.00022738872747247812, Final residual = 1.4542758265187746e-05, No Iterations 4, Solve time = 267.783 ms
Schwarz(Jacobi)+Bicgstab:  Solving for Uy, Initial residual = 0.010984093223844586, Final residual = 0.0007892901320403023, No Iterations 4, Solve time = 267.783 ms
Schwarz(Jacobi)+Bicgstab:  Solving for Uz, Initial residual = 0.002473745170202559, Final residual = 0.0001206533432106805, No Iterations 4, Solve time = 267.783 ms
[mem] after-UEqn: DEVICE_POOL current=22752 MB  actual(reserved)=38146 MB  highWater=28040 MB
[GinkgoSolver] p-cache: reuse(update_matrix_value) solve=12 rebuildInterval=100
config(Cg+Schwarz(Multigrid)):  Solving for p, Initial residual = 0.01203204216999203, Final residual = 0.00011706037682862742, No Iterations 59, Solve time = 1676.503 ms
time step continuity errors : sum local = 2.352083258164802e-05, global = 2.7969661225145253e-06, cumulative = 7.531899814285075e-06
[mem] after-pEqn: DEVICE_POOL current=22752 MB  actual(reserved)=38146 MB  highWater=28040 MB
[GinkgoSolver] p-cache: reuse(update_matrix_value) solve=12 rebuildInterval=0
Schwarz(Jacobi)+Bicgstab:  Solving for omega, Initial residual = 0.00015606103086420833, Final residual = 7.140999214610371e-06, No Iterations 2, Solve time = 74.906 ms
[GinkgoSolver] p-cache: reuse(update_matrix_value) solve=12 rebuildInterval=0
Schwarz(Jacobi)+Bicgstab:  Solving for k, Initial residual = 0.00038762069741142514, Final residual = 2.573152432622821e-05, No Iterations 2, Solve time = 74.26 ms
[mem] after-turb: DEVICE_POOL current=22752 MB  actual(reserved)=38146 MB  highWater=28040 MB
ExecutionTime = 85.86 s  ClockTime = 87 s

Time = 13
[mem] step-start: DEVICE_POOL current=22752 MB  actual(reserved)=38146 MB  highWater=28040 MB
Schwarz(Jacobi)+Bicgstab:  Solving for Ux, Initial residual = 0.00021558581320554673, Final residual = 9.410822060891664e-06, No Iterations 4, Solve time = 275.735 ms
Schwarz(Jacobi)+Bicgstab:  Solving for Uy, Initial residual = 0.010238532217891482, Final residual = 0.0005786308571435949, No Iterations 4, Solve time = 275.735 ms
Schwarz(Jacobi)+Bicgstab:  Solving for Uz, Initial residual = 0.0022904931684340946, Final residual = 0.00010772183277839233, No Iterations 4, Solve time = 275.735 ms
[mem] after-UEqn: DEVICE_POOL current=22752 MB  actual(reserved)=38146 MB  highWater=28040 MB
[GinkgoSolver] p-cache: reuse(update_matrix_value) solve=13 rebuildInterval=100
config(Cg+Schwarz(Multigrid)):  Solving for p, Initial residual = 0.010569288900127911, Final residual = 0.00010197159730784212, No Iterations 57, Solve time = 1625.287 ms
time step continuity errors : sum local = 2.2931502717649204e-05, global = 2.1191497903947908e-06, cumulative = 9.651049604679865e-06
[mem] after-pEqn: DEVICE_POOL current=22752 MB  actual(reserved)=38146 MB  highWater=28040 MB
[GinkgoSolver] p-cache: reuse(update_matrix_value) solve=13 rebuildInterval=0
Schwarz(Jacobi)+Bicgstab:  Solving for omega, Initial residual = 0.0001349582749115584, Final residual = 6.423060100455987e-06, No Iterations 2, Solve time = 73.804 ms
[GinkgoSolver] p-cache: reuse(update_matrix_value) solve=13 rebuildInterval=0
Schwarz(Jacobi)+Bicgstab:  Solving for k, Initial residual = 0.0003677371365443544, Final residual = 2.5891377727746633e-05, No Iterations 2, Solve time = 73.169 ms
[mem] after-turb: DEVICE_POOL current=22752 MB  actual(reserved)=38146 MB  highWater=28040 MB
ExecutionTime = 89.34999999999999 s  ClockTime = 90 s

Time = 14
[mem] step-start: DEVICE_POOL current=22752 MB  actual(reserved)=38146 MB  highWater=28040 MB
Schwarz(Jacobi)+Bicgstab:  Solving for Ux, Initial residual = 0.0002055889744109613, Final residual = 1.3377632695698915e-05, No Iterations 4, Solve time = 277.345 ms
Schwarz(Jacobi)+Bicgstab:  Solving for Uy, Initial residual = 0.009291686397766315, Final residual = 0.0012586067530337506, No Iterations 4, Solve time = 277.345 ms
Schwarz(Jacobi)+Bicgstab:  Solving for Uz, Initial residual = 0.0020927898726804755, Final residual = 0.00021543499208124075, No Iterations 4, Solve time = 277.345 ms
[mem] after-UEqn: DEVICE_POOL current=22752 MB  actual(reserved)=38146 MB  highWater=28040 MB
[GinkgoSolver] p-cache: reuse(update_matrix_value) solve=14 rebuildInterval=100
config(Cg+Schwarz(Multigrid)):  Solving for p, Initial residual = 0.009184744701653532, Final residual = 9.171888254125326e-05, No Iterations 30, Solve time = 874.99 ms
time step continuity errors : sum local = 2.293979572173775e-05, global = 1.0807078667769838e-06, cumulative = 1.073175747145685e-05
[mem] after-pEqn: DEVICE_POOL current=22752 MB  actual(reserved)=38146 MB  highWater=28040 MB
[GinkgoSolver] p-cache: reuse(update_matrix_value) solve=14 rebuildInterval=0
Schwarz(Jacobi)+Bicgstab:  Solving for omega, Initial residual = 0.00012046007804663114, Final residual = 5.87703721268173e-06, No Iterations 2, Solve time = 74.289 ms
[GinkgoSolver] p-cache: reuse(update_matrix_value) solve=14 rebuildInterval=0
Schwarz(Jacobi)+Bicgstab:  Solving for k, Initial residual = 0.0003602459681410444, Final residual = 2.910879553665922e-05, No Iterations 2, Solve time = 73.714 ms
[mem] after-turb: DEVICE_POOL current=22752 MB  actual(reserved)=38146 MB  highWater=28040 MB
ExecutionTime = 92.09999999999999 s  ClockTime = 93 s

Time = 15
[mem] step-start: DEVICE_POOL current=22752 MB  actual(reserved)=38146 MB  highWater=28040 MB
Schwarz(Jacobi)+Bicgstab:  Solving for Ux, Initial residual = 0.0001973818353827114, Final residual = 1.4899179488337229e-05, No Iterations 4, Solve time = 279.542 ms
Schwarz(Jacobi)+Bicgstab:  Solving for Uy, Initial residual = 0.008587111512798225, Final residual = 0.0005110580911903258, No Iterations 4, Solve time = 279.542 ms
Schwarz(Jacobi)+Bicgstab:  Solving for Uz, Initial residual = 0.0019485929378793559, Final residual = 0.0001045321519194331, No Iterations 4, Solve time = 279.542 ms
[mem] after-UEqn: DEVICE_POOL current=22752 MB  actual(reserved)=38146 MB  highWater=28040 MB
[GinkgoSolver] p-cache: reuse(update_matrix_value) solve=15 rebuildInterval=100
config(Cg+Schwarz(Multigrid)):  Solving for p, Initial residual = 0.00830782042725727, Final residual = 7.936721317360706e-05, No Iterations 55, Solve time = 1570.256 ms
time step continuity errors : sum local = 2.125872192979888e-05, global = -3.001310539527116e-06, cumulative = 7.730446931929734e-06
[mem] after-pEqn: DEVICE_POOL current=22752 MB  actual(reserved)=38146 MB  highWater=28040 MB
[GinkgoSolver] p-cache: reuse(update_matrix_value) solve=15 rebuildInterval=0
Schwarz(Jacobi)+Bicgstab:  Solving for omega, Initial residual = 0.000109752923771717, Final residual = 5.423007927736484e-06, No Iterations 2, Solve time = 73.925 ms
[GinkgoSolver] p-cache: reuse(update_matrix_value) solve=15 rebuildInterval=0
Schwarz(Jacobi)+Bicgstab:  Solving for k, Initial residual = 0.0003546615371616369, Final residual = 9.499092890514821e-06, No Iterations 3, Solve time = 97.433 ms
[mem] after-turb: DEVICE_POOL current=22752 MB  actual(reserved)=38146 MB  highWater=28040 MB
ExecutionTime = 95.56999999999999 s  ClockTime = 97 s

Time = 16
[mem] step-start: DEVICE_POOL current=22752 MB  actual(reserved)=38146 MB  highWater=28040 MB
Schwarz(Jacobi)+Bicgstab:  Solving for Ux, Initial residual = 0.00019076797395548844, Final residual = 7.843410952035899e-06, No Iterations 4, Solve time = 279.222 ms
Schwarz(Jacobi)+Bicgstab:  Solving for Uy, Initial residual = 0.008183331427621217, Final residual = 0.0004284171291234098, No Iterations 4, Solve time = 279.222 ms
Schwarz(Jacobi)+Bicgstab:  Solving for Uz, Initial residual = 0.0018880201355452413, Final residual = 0.00012051616449059706, No Iterations 4, Solve time = 279.222 ms
[mem] after-UEqn: DEVICE_POOL current=22752 MB  actual(reserved)=38146 MB  highWater=28040 MB
[GinkgoSolver] p-cache: reuse(update_matrix_value) solve=16 rebuildInterval=100
config(Cg+Schwarz(Multigrid)):  Solving for p, Initial residual = 0.007705229623378264, Final residual = 7.411112056792569e-05, No Iterations 34, Solve time = 985.44 ms
time step continuity errors : sum local = 2.0941417995975006e-05, global = 9.603634612460907e-07, cumulative = 8.690810393175823e-06
[mem] after-pEqn: DEVICE_POOL current=22752 MB  actual(reserved)=38146 MB  highWater=28040 MB
[GinkgoSolver] p-cache: reuse(update_matrix_value) solve=16 rebuildInterval=0
Schwarz(Jacobi)+Bicgstab:  Solving for omega, Initial residual = 0.00010124221555323011, Final residual = 5.11616803080537e-06, No Iterations 2, Solve time = 74.097 ms
[GinkgoSolver] p-cache: reuse(update_matrix_value) solve=16 rebuildInterval=0
Schwarz(Jacobi)+Bicgstab:  Solving for k, Initial residual = 0.00035198968663746876, Final residual = 2.735312284138726e-05, No Iterations 2, Solve time = 74.902 ms
[mem] after-turb: DEVICE_POOL current=22752 MB  actual(reserved)=38146 MB  highWater=28040 MB
ExecutionTime = 98.45 s  ClockTime = 99 s

Time = 17
[mem] step-start: DEVICE_POOL current=22752 MB  actual(reserved)=38146 MB  highWater=28040 MB
Schwarz(Jacobi)+Bicgstab:  Solving for Ux, Initial residual = 0.00018394959557496062, Final residual = 6.813975004176249e-06, No Iterations 4, Solve time = 272.53 ms
Schwarz(Jacobi)+Bicgstab:  Solving for Uy, Initial residual = 0.007908346685001798, Final residual = 0.0006159933943298445, No Iterations 4, Solve time = 272.53 ms
Schwarz(Jacobi)+Bicgstab:  Solving for Uz, Initial residual = 0.0018146507729852822, Final residual = 9.153944405004636e-05, No Iterations 4, Solve time = 272.53 ms
[mem] after-UEqn: DEVICE_POOL current=22752 MB  actual(reserved)=38146 MB  highWater=28040 MB
[GinkgoSolver] p-cache: reuse(update_matrix_value) solve=17 rebuildInterval=100
config(Cg+Schwarz(Multigrid)):  Solving for p, Initial residual = 0.007278035089124192, Final residual = 7.123429587226994e-05, No Iterations 49, Solve time = 1402.983 ms
time step continuity errors : sum local = 2.087504522917327e-05, global = -2.478980183578776e-06, cumulative = 6.2118302095970474e-06
[mem] after-pEqn: DEVICE_POOL current=22752 MB  actual(reserved)=38146 MB  highWater=28040 MB
[GinkgoSolver] p-cache: reuse(update_matrix_value) solve=17 rebuildInterval=0
Schwarz(Jacobi)+Bicgstab:  Solving for omega, Initial residual = 9.428280387381676e-05, Final residual = 4.803786194435648e-06, No Iterations 2, Solve time = 73.987 ms
[GinkgoSolver] p-cache: reuse(update_matrix_value) solve=17 rebuildInterval=0
Schwarz(Jacobi)+Bicgstab:  Solving for k, Initial residual = 0.00035016003105037025, Final residual = 8.384123604623007e-06, No Iterations 3, Solve time = 97.207 ms
[mem] after-turb: DEVICE_POOL current=22752 MB  actual(reserved)=38146 MB  highWater=28040 MB
ExecutionTime = 101.73 s  ClockTime = 103 s

Time = 18
[mem] step-start: DEVICE_POOL current=22752 MB  actual(reserved)=38146 MB  highWater=28040 MB
Schwarz(Jacobi)+Bicgstab:  Solving for Ux, Initial residual = 0.00017642645570690736, Final residual = 6.599449482209556e-06, No Iterations 4, Solve time = 282.277 ms
Schwarz(Jacobi)+Bicgstab:  Solving for Uy, Initial residual = 0.007600587526837945, Final residual = 0.0003205759369564828, No Iterations 4, Solve time = 282.277 ms
Schwarz(Jacobi)+Bicgstab:  Solving for Uz, Initial residual = 0.001741832811155608, Final residual = 7.172411113109863e-05, No Iterations 4, Solve time = 282.277 ms
[mem] after-UEqn: DEVICE_POOL current=22752 MB  actual(reserved)=38146 MB  highWater=28040 MB
[GinkgoSolver] p-cache: reuse(update_matrix_value) solve=18 rebuildInterval=100
config(Cg+Schwarz(Multigrid)):  Solving for p, Initial residual = 0.0069567098136589815, Final residual = 6.698045754355755e-05, No Iterations 22, Solve time = 653.219 ms
time step continuity errors : sum local = 2.0147563050119402e-05, global = 7.008772843658092e-07, cumulative = 6.912707493962857e-06
[mem] after-pEqn: DEVICE_POOL current=22752 MB  actual(reserved)=38146 MB  highWater=28040 MB
[GinkgoSolver] p-cache: reuse(update_matrix_value) solve=18 rebuildInterval=0
Schwarz(Jacobi)+Bicgstab:  Solving for omega, Initial residual = 8.817331434982883e-05, Final residual = 4.597164946251283e-06, No Iterations 2, Solve time = 73.74 ms
[GinkgoSolver] p-cache: reuse(update_matrix_value) solve=18 rebuildInterval=0
Schwarz(Jacobi)+Bicgstab:  Solving for k, Initial residual = 0.00035017416298761394, Final residual = 3.183950248467702e-05, No Iterations 2, Solve time = 73.265 ms
[mem] after-turb: DEVICE_POOL current=22752 MB  actual(reserved)=38146 MB  highWater=28040 MB
ExecutionTime = 104.26 s  ClockTime = 105 s

Time = 19
[mem] step-start: DEVICE_POOL current=22752 MB  actual(reserved)=38146 MB  highWater=28040 MB
Schwarz(Jacobi)+Bicgstab:  Solving for Ux, Initial residual = 0.00016838306781893705, Final residual = 1.2296105790412274e-05, No Iterations 3, Solve time = 219.342 ms
Schwarz(Jacobi)+Bicgstab:  Solving for Uy, Initial residual = 0.007351591403238054, Final residual = 0.0006412356035333252, No Iterations 3, Solve time = 219.342 ms
Schwarz(Jacobi)+Bicgstab:  Solving for Uz, Initial residual = 0.001696929630490903, Final residual = 0.00016081153539269824, No Iterations 3, Solve time = 219.342 ms
[mem] after-UEqn: DEVICE_POOL current=22752 MB  actual(reserved)=38146 MB  highWater=28040 MB
[GinkgoSolver] p-cache: reuse(update_matrix_value) solve=19 rebuildInterval=100
config(Cg+Schwarz(Multigrid)):  Solving for p, Initial residual = 0.006709748546563267, Final residual = 6.0875038361341924e-05, No Iterations 52, Solve time = 1483.909 ms
time step continuity errors : sum local = 1.8590571176953933e-05, global = 2.3106880126470593e-07, cumulative = 7.143776295227563e-06
[mem] after-pEqn: DEVICE_POOL current=22752 MB  actual(reserved)=38146 MB  highWater=28040 MB
[GinkgoSolver] p-cache: reuse(update_matrix_value) solve=19 rebuildInterval=0
Schwarz(Jacobi)+Bicgstab:  Solving for omega, Initial residual = 8.312909399554741e-05, Final residual = 4.393329611160534e-06, No Iterations 2, Solve time = 73.417 ms
[GinkgoSolver] p-cache: reuse(update_matrix_value) solve=19 rebuildInterval=0
Schwarz(Jacobi)+Bicgstab:  Solving for k, Initial residual = 0.00035020946984026205, Final residual = 8.605107647181943e-06, No Iterations 3, Solve time = 96.935 ms
[mem] after-turb: DEVICE_POOL current=22752 MB  actual(reserved)=38146 MB  highWater=28040 MB
ExecutionTime = 107.57 s  ClockTime = 109 s

Time = 20
[mem] step-start: DEVICE_POOL current=22752 MB  actual(reserved)=38146 MB  highWater=28040 MB
Schwarz(Jacobi)+Bicgstab:  Solving for Ux, Initial residual = 0.00016244796940457164, Final residual = 7.069570603670596e-06, No Iterations 4, Solve time = 276.276 ms
Schwarz(Jacobi)+Bicgstab:  Solving for Uy, Initial residual = 0.007257250959741531, Final residual = 0.00041666445105686793, No Iterations 4, Solve time = 276.276 ms
Schwarz(Jacobi)+Bicgstab:  Solving for Uz, Initial residual = 0.0016964458912290523, Final residual = 0.00018739640853692832, No Iterations 4, Solve time = 276.276 ms
[mem] after-UEqn: DEVICE_POOL current=22752 MB  actual(reserved)=38146 MB  highWater=28040 MB
[GinkgoSolver] p-cache: reuse(update_matrix_value) solve=20 rebuildInterval=100
config(Cg+Schwarz(Multigrid)):  Solving for p, Initial residual = 0.00642693553456707, Final residual = 6.390229015656537e-05, No Iterations 25, Solve time = 735.79 ms
time step continuity errors : sum local = 1.9935665955147603e-05, global = -2.830643971840807e-07, cumulative = 6.860711898043482e-06
[mem] after-pEqn: DEVICE_POOL current=22752 MB  actual(reserved)=38146 MB  highWater=28040 MB
[GinkgoSolver] p-cache: reuse(update_matrix_value) solve=20 rebuildInterval=0
Schwarz(Jacobi)+Bicgstab:  Solving for omega, Initial residual = 7.803963763581602e-05, Final residual = 4.1954096205697815e-06, No Iterations 2, Solve time = 72.989 ms
[GinkgoSolver] p-cache: reuse(update_matrix_value) solve=20 rebuildInterval=0
Schwarz(Jacobi)+Bicgstab:  Solving for k, Initial residual = 0.00035049036466919096, Final residual = 8.26841534348689e-06, No Iterations 3, Solve time = 97.348 ms
[mem] after-turb: DEVICE_POOL current=22752 MB  actual(reserved)=38146 MB  highWater=28040 MB
ExecutionTime = 110.21 s  ClockTime = 111 s

Time = 21
[mem] step-start: DEVICE_POOL current=22752 MB  actual(reserved)=38146 MB  highWater=28040 MB
Schwarz(Jacobi)+Bicgstab:  Solving for Ux, Initial residual = 0.00015816286844584412, Final residual = 1.7404437060130452e-05, No Iterations 4, Solve time = 269.044 ms
Schwarz(Jacobi)+Bicgstab:  Solving for Uy, Initial residual = 0.007219339901443568, Final residual = 0.0003064268868255813, No Iterations 4, Solve time = 269.044 ms
Schwarz(Jacobi)+Bicgstab:  Solving for Uz, Initial residual = 0.00171700242203137, Final residual = 7.797806499229932e-05, No Iterations 4, Solve time = 269.044 ms
[mem] after-UEqn: DEVICE_POOL current=22752 MB  actual(reserved)=38146 MB  highWater=28040 MB
[GinkgoSolver] p-cache: reuse(update_matrix_value) solve=21 rebuildInterval=100
config(Cg+Schwarz(Multigrid)):  Solving for p, Initial residual = 0.006263782364392633, Final residual = 6.175144155066101e-05, No Iterations 25, Solve time = 735.014 ms
time step continuity errors : sum local = 1.937671505104372e-05, global = -5.453029364975317e-07, cumulative = 6.31540896154595e-06
[mem] after-pEqn: DEVICE_POOL current=22752 MB  actual(reserved)=38146 MB  highWater=28040 MB
[GinkgoSolver] p-cache: reuse(update_matrix_value) solve=21 rebuildInterval=0
Schwarz(Jacobi)+Bicgstab:  Solving for omega, Initial residual = 7.387022702403795e-05, Final residual = 4.053850323541955e-06, No Iterations 2, Solve time = 74.267 ms
[GinkgoSolver] p-cache: reuse(update_matrix_value) solve=21 rebuildInterval=0
Schwarz(Jacobi)+Bicgstab:  Solving for k, Initial residual = 0.0003534448352492625, Final residual = 8.44128121351512e-06, No Iterations 3, Solve time = 96.776 ms
[mem] after-turb: DEVICE_POOL current=22752 MB  actual(reserved)=38146 MB  highWater=28040 MB
ExecutionTime = 112.83 s  ClockTime = 114 s

Time = 22
[mem] step-start: DEVICE_POOL current=22752 MB  actual(reserved)=38146 MB  highWater=28040 MB
Schwarz(Jacobi)+Bicgstab:  Solving for Ux, Initial residual = 0.00015650904815165317, Final residual = 2.472881178850794e-06, No Iterations 5, Solve time = 319.396 ms
Schwarz(Jacobi)+Bicgstab:  Solving for Uy, Initial residual = 0.007178542710809424, Final residual = 0.00020550290026308973, No Iterations 5, Solve time = 319.396 ms
Schwarz(Jacobi)+Bicgstab:  Solving for Uz, Initial residual = 0.0017386615708770087, Final residual = 4.36768903498159e-05, No Iterations 5, Solve time = 319.396 ms
[mem] after-UEqn: DEVICE_POOL current=22752 MB  actual(reserved)=38146 MB  highWater=28040 MB
[GinkgoSolver] p-cache: reuse(update_matrix_value) solve=22 rebuildInterval=100
config(Cg+Schwarz(Multigrid)):  Solving for p, Initial residual = 0.006117734186093881, Final residual = 5.97432400078618e-05, No Iterations 26, Solve time = 762.432 ms
time step continuity errors : sum local = 1.8855232127911577e-05, global = -6.414681742387752e-07, cumulative = 5.6739407873071755e-06
[mem] after-pEqn: DEVICE_POOL current=22752 MB  actual(reserved)=38146 MB  highWater=28040 MB
[GinkgoSolver] p-cache: reuse(update_matrix_value) solve=22 rebuildInterval=0
Schwarz(Jacobi)+Bicgstab:  Solving for omega, Initial residual = 6.990577774214518e-05, Final residual = 3.889467551945016e-06, No Iterations 2, Solve time = 73.715 ms
bounding omega, min: -887.5018904515939 max: 45356473.313570194 average: 7029.817459641653
[GinkgoSolver] p-cache: reuse(update_matrix_value) solve=22 rebuildInterval=0
Schwarz(Jacobi)+Bicgstab:  Solving for k, Initial residual = 0.0003555141156708005, Final residual = 8.627711196592444e-06, No Iterations 3, Solve time = 97.464 ms
[mem] after-turb: DEVICE_POOL current=22752 MB  actual(reserved)=38146 MB  highWater=28040 MB
ExecutionTime = 115.54 s  ClockTime = 117 s

Time = 23
[mem] step-start: DEVICE_POOL current=22752 MB  actual(reserved)=38146 MB  highWater=28040 MB
Schwarz(Jacobi)+Bicgstab:  Solving for Ux, Initial residual = 0.00015354903650870188, Final residual = 5.1323180434058155e-06, No Iterations 4, Solve time = 272.703 ms
Schwarz(Jacobi)+Bicgstab:  Solving for Uy, Initial residual = 0.00707626187366918, Final residual = 0.0006717343242453418, No Iterations 4, Solve time = 272.703 ms
Schwarz(Jacobi)+Bicgstab:  Solving for Uz, Initial residual = 0.0017512702121673812, Final residual = 7.11934677102731e-05, No Iterations 4, Solve time = 272.703 ms
[mem] after-UEqn: DEVICE_POOL current=22752 MB  actual(reserved)=38146 MB  highWater=28040 MB
[GinkgoSolver] p-cache: reuse(update_matrix_value) solve=23 rebuildInterval=100
config(Cg+Schwarz(Multigrid)):  Solving for p, Initial residual = 0.005981527861818882, Final residual = 5.722005782115246e-05, No Iterations 27, Solve time = 790.327 ms
time step continuity errors : sum local = 1.815919708671862e-05, global = -6.019744086197256e-07, cumulative = 5.07196637868745e-06
[mem] after-pEqn: DEVICE_POOL current=22752 MB  actual(reserved)=38146 MB  highWater=28040 MB
[GinkgoSolver] p-cache: reuse(update_matrix_value) solve=23 rebuildInterval=0
Schwarz(Jacobi)+Bicgstab:  Solving for omega, Initial residual = 6.631317710981233e-05, Final residual = 3.735432628272083e-06, No Iterations 2, Solve time = 73.547 ms
[GinkgoSolver] p-cache: reuse(update_matrix_value) solve=23 rebuildInterval=0
Schwarz(Jacobi)+Bicgstab:  Solving for k, Initial residual = 0.00035741632624698206, Final residual = 8.792780573416145e-06, No Iterations 3, Solve time = 96.141 ms
[mem] after-turb: DEVICE_POOL current=22752 MB  actual(reserved)=38146 MB  highWater=28040 MB
ExecutionTime = 118.23 s  ClockTime = 119 s

Time = 24
[mem] step-start: DEVICE_POOL current=22752 MB  actual(reserved)=38146 MB  highWater=28040 MB
Schwarz(Jacobi)+Bicgstab:  Solving for Ux, Initial residual = 0.00015149592673528202, Final residual = 1.1289735777745495e-05, No Iterations 3, Solve time = 227.616 ms
Schwarz(Jacobi)+Bicgstab:  Solving for Uy, Initial residual = 0.006960125296279171, Final residual = 0.0005374934148182945, No Iterations 3, Solve time = 227.616 ms
Schwarz(Jacobi)+Bicgstab:  Solving for Uz, Initial residual = 0.0017505996042674061, Final residual = 0.00014571667623522515, No Iterations 3, Solve time = 227.616 ms
[mem] after-UEqn: DEVICE_POOL current=22752 MB  actual(reserved)=38146 MB  highWater=28040 MB
[GinkgoSolver] p-cache: reuse(update_matrix_value) solve=24 rebuildInterval=100
config(Cg+Schwarz(Multigrid)):  Solving for p, Initial residual = 0.005884346172430804, Final residual = 5.4065915442825546e-05, No Iterations 18, Solve time = 541.125 ms
time step continuity errors : sum local = 1.721646958436767e-05, global = -7.405557235797304e-07, cumulative = 4.33141065510772e-06
[mem] after-pEqn: DEVICE_POOL current=22752 MB  actual(reserved)=38146 MB  highWater=28040 MB
[GinkgoSolver] p-cache: reuse(update_matrix_value) solve=24 rebuildInterval=0
Schwarz(Jacobi)+Bicgstab:  Solving for omega, Initial residual = 6.310227789869924e-05, Final residual = 3.5940512298873424e-06, No Iterations 2, Solve time = 74.235 ms
[GinkgoSolver] p-cache: reuse(update_matrix_value) solve=24 rebuildInterval=0
Schwarz(Jacobi)+Bicgstab:  Solving for k, Initial residual = 0.0003605460315529327, Final residual = 8.906904096702562e-06, No Iterations 3, Solve time = 96.777 ms
[mem] after-turb: DEVICE_POOL current=22752 MB  actual(reserved)=38146 MB  highWater=28040 MB
ExecutionTime = 120.63 s  ClockTime = 122 s

Time = 25
[mem] step-start: DEVICE_POOL current=22752 MB  actual(reserved)=38146 MB  highWater=28040 MB
Schwarz(Jacobi)+Bicgstab:  Solving for Ux, Initial residual = 0.00014930672622521713, Final residual = 8.210519299488626e-06, No Iterations 3, Solve time = 214.829 ms
Schwarz(Jacobi)+Bicgstab:  Solving for Uy, Initial residual = 0.00680326752104644, Final residual = 0.0005091943508471385, No Iterations 3, Solve time = 214.829 ms
Schwarz(Jacobi)+Bicgstab:  Solving for Uz, Initial residual = 0.0017459967084550452, Final residual = 0.00013791672663781196, No Iterations 3, Solve time = 214.829 ms
[mem] after-UEqn: DEVICE_POOL current=22752 MB  actual(reserved)=38146 MB  highWater=28040 MB
[GinkgoSolver] p-cache: reuse(update_matrix_value) solve=25 rebuildInterval=100
config(Cg+Schwarz(Multigrid)):  Solving for p, Initial residual = 0.005814591223826171, Final residual = 5.493262790503663e-05, No Iterations 18, Solve time = 542.049 ms
time step continuity errors : sum local = 1.7486733763078128e-05, global = -4.6718774987270824e-07, cumulative = 3.864222905235012e-06
[mem] after-pEqn: DEVICE_POOL current=22752 MB  actual(reserved)=38146 MB  highWater=28040 MB
[GinkgoSolver] p-cache: reuse(update_matrix_value) solve=25 rebuildInterval=0
Schwarz(Jacobi)+Bicgstab:  Solving for omega, Initial residual = 6.025044748373021e-05, Final residual = 3.4551038231873956e-06, No Iterations 2, Solve time = 74.343 ms
[GinkgoSolver] p-cache: reuse(update_matrix_value) solve=25 rebuildInterval=0
Schwarz(Jacobi)+Bicgstab:  Solving for k, Initial residual = 0.000363930513278905, Final residual = 9.060517383607043e-06, No Iterations 3, Solve time = 97.374 ms
[mem] after-turb: DEVICE_POOL current=22752 MB  actual(reserved)=38146 MB  highWater=28040 MB
ExecutionTime = 123.01 s  ClockTime = 124 s

Time = 26
[mem] step-start: DEVICE_POOL current=22752 MB  actual(reserved)=38146 MB  highWater=28040 MB
Schwarz(Jacobi)+Bicgstab:  Solving for Ux, Initial residual = 0.00014723123503499475, Final residual = 7.657857641495923e-06, No Iterations 4, Solve time = 283.634 ms
Schwarz(Jacobi)+Bicgstab:  Solving for Uy, Initial residual = 0.006653821666737756, Final residual = 0.0003549456458716751, No Iterations 4, Solve time = 283.634 ms
Schwarz(Jacobi)+Bicgstab:  Solving for Uz, Initial residual = 0.001744536782901841, Final residual = 6.359131554823894e-05, No Iterations 4, Solve time = 283.634 ms
[mem] after-UEqn: DEVICE_POOL current=22752 MB  actual(reserved)=38146 MB  highWater=28040 MB
[GinkgoSolver] p-cache: reuse(update_matrix_value) solve=26 rebuildInterval=100
config(Cg+Schwarz(Multigrid)):  Solving for p, Initial residual = 0.005750510703597539, Final residual = 5.698818291351513e-05, No Iterations 27, Solve time = 791.839 ms
time step continuity errors : sum local = 1.8095240964497415e-05, global = -2.887471108168546e-07, cumulative = 3.575475794418157e-06
[mem] after-pEqn: DEVICE_POOL current=22752 MB  actual(reserved)=38146 MB  highWater=28040 MB
[GinkgoSolver] p-cache: reuse(update_matrix_value) solve=26 rebuildInterval=0
Schwarz(Jacobi)+Bicgstab:  Solving for omega, Initial residual = 5.775572952274567e-05, Final residual = 3.3537074545468486e-06, No Iterations 2, Solve time = 73.325 ms
bounding omega, min: -48549.196130144825 max: 45356130.90210059 average: 7144.619735362733
[GinkgoSolver] p-cache: reuse(update_matrix_value) solve=26 rebuildInterval=0
Schwarz(Jacobi)+Bicgstab:  Solving for k, Initial residual = 0.0003679012942945161, Final residual = 9.303987343923427e-06, No Iterations 3, Solve time = 96.624 ms
[mem] after-turb: DEVICE_POOL current=22752 MB  actual(reserved)=38146 MB  highWater=28040 MB
ExecutionTime = 125.72 s  ClockTime = 127 s

Time = 27
[mem] step-start: DEVICE_POOL current=22752 MB  actual(reserved)=38146 MB  highWater=28040 MB
Schwarz(Jacobi)+Bicgstab:  Solving for Ux, Initial residual = 0.0001449107849225072, Final residual = 4.70122521025093e-06, No Iterations 5, Solve time = 330.167 ms
Schwarz(Jacobi)+Bicgstab:  Solving for Uy, Initial residual = 0.0064846013480031215, Final residual = 0.00016418767503134532, No Iterations 5, Solve time = 330.167 ms
Schwarz(Jacobi)+Bicgstab:  Solving for Uz, Initial residual = 0.0017441141570540004, Final residual = 3.787797742739786e-05, No Iterations 5, Solve time = 330.167 ms
[mem] after-UEqn: DEVICE_POOL current=22752 MB  actual(reserved)=38146 MB  highWater=28040 MB
[GinkgoSolver] p-cache: reuse(update_matrix_value) solve=27 rebuildInterval=100
config(Cg+Schwarz(Multigrid)):  Solving for p, Initial residual = 0.005718015200652295, Final residual = 5.506563238136807e-05, No Iterations 27, Solve time = 789.582 ms
time step continuity errors : sum local = 1.726268559348293e-05, global = -6.560867602144757e-08, cumulative = 3.509867118396709e-06
[mem] after-pEqn: DEVICE_POOL current=22752 MB  actual(reserved)=38146 MB  highWater=28040 MB
[GinkgoSolver] p-cache: reuse(update_matrix_value) solve=27 rebuildInterval=0
Schwarz(Jacobi)+Bicgstab:  Solving for omega, Initial residual = 5.550419508192252e-05, Final residual = 3.2565883762051116e-06, No Iterations 2, Solve time = 74.414 ms
[GinkgoSolver] p-cache: reuse(update_matrix_value) solve=27 rebuildInterval=0
Schwarz(Jacobi)+Bicgstab:  Solving for k, Initial residual = 0.00037276213508035717, Final residual = 9.804937269684199e-06, No Iterations 3, Solve time = 96.346 ms
[mem] after-turb: DEVICE_POOL current=22752 MB  actual(reserved)=38146 MB  highWater=28040 MB
ExecutionTime = 128.45 s  ClockTime = 130 s

Time = 28
[mem] step-start: DEVICE_POOL current=22752 MB  actual(reserved)=38146 MB  highWater=28040 MB
Schwarz(Jacobi)+Bicgstab:  Solving for Ux, Initial residual = 0.00014242957977813592, Final residual = 7.937060247334887e-06, No Iterations 3, Solve time = 225.806 ms
Schwarz(Jacobi)+Bicgstab:  Solving for Uy, Initial residual = 0.0063290769452733825, Final residual = 0.0004750683345481854, No Iterations 3, Solve time = 225.806 ms
Schwarz(Jacobi)+Bicgstab:  Solving for Uz, Initial residual = 0.001745427683786142, Final residual = 0.00014492033094170323, No Iterations 3, Solve time = 225.806 ms
[mem] after-UEqn: DEVICE_POOL current=22752 MB  actual(reserved)=38146 MB  highWater=28040 MB
[GinkgoSolver] p-cache: reuse(update_matrix_value) solve=28 rebuildInterval=100
config(Cg+Schwarz(Multigrid)):  Solving for p, Initial residual = 0.005718903132028591, Final residual = 5.356997669329781e-05, No Iterations 17, Solve time = 514.511 ms
time step continuity errors : sum local = 1.6510057991496194e-05, global = 8.527081633233304e-07, cumulative = 4.36257528172004e-06
[mem] after-pEqn: DEVICE_POOL current=22752 MB  actual(reserved)=38146 MB  highWater=28040 MB
[GinkgoSolver] p-cache: reuse(update_matrix_value) solve=28 rebuildInterval=0
Schwarz(Jacobi)+Bicgstab:  Solving for omega, Initial residual = 5.352755592193845e-05, Final residual = 3.175887732621222e-06, No Iterations 2, Solve time = 73.593 ms
bounding omega, min: -377.2628456215512 max: 45356030.87684463 average: 7192.141208514148
[GinkgoSolver] p-cache: reuse(update_matrix_value) solve=28 rebuildInterval=0
Schwarz(Jacobi)+Bicgstab:  Solving for k, Initial residual = 0.00037744021543150975, Final residual = 9.711945863832725e-06, No Iterations 3, Solve time = 97.103 ms
[mem] after-turb: DEVICE_POOL current=22752 MB  actual(reserved)=38146 MB  highWater=28040 MB
ExecutionTime = 130.81 s  ClockTime = 132 s

Time = 29
[mem] step-start: DEVICE_POOL current=22752 MB  actual(reserved)=38146 MB  highWater=28040 MB
Schwarz(Jacobi)+Bicgstab:  Solving for Ux, Initial residual = 0.00013969532631997143, Final residual = 8.039950799287466e-06, No Iterations 3, Solve time = 223.603 ms
Schwarz(Jacobi)+Bicgstab:  Solving for Uy, Initial residual = 0.006204747426852589, Final residual = 0.0004404648637812712, No Iterations 3, Solve time = 223.603 ms
Schwarz(Jacobi)+Bicgstab:  Solving for Uz, Initial residual = 0.0017529273319076967, Final residual = 0.00018004332281884426, No Iterations 3, Solve time = 223.603 ms
[mem] after-UEqn: DEVICE_POOL current=22752 MB  actual(reserved)=38146 MB  highWater=28040 MB
[GinkgoSolver] p-cache: reuse(update_matrix_value) solve=29 rebuildInterval=100
config(Cg+Schwarz(Multigrid)):  Solving for p, Initial residual = 0.005685099010122702, Final residual = 5.5498625691339536e-05, No Iterations 23, Solve time = 679.452 ms
time step continuity errors : sum local = 1.6934684051831706e-05, global = 6.760732601565285e-07, cumulative = 5.038648541876568e-06
[mem] after-pEqn: DEVICE_POOL current=22752 MB  actual(reserved)=38146 MB  highWater=28040 MB
[GinkgoSolver] p-cache: reuse(update_matrix_value) solve=29 rebuildInterval=0
Schwarz(Jacobi)+Bicgstab:  Solving for omega, Initial residual = 5.1934234091495524e-05, Final residual = 3.1718119465437932e-06, No Iterations 2, Solve time = 73.689 ms
[GinkgoSolver] p-cache: reuse(update_matrix_value) solve=29 rebuildInterval=0
Schwarz(Jacobi)+Bicgstab:  Solving for k, Initial residual = 0.0003837601766429518, Final residual = 9.881061893466793e-06, No Iterations 3, Solve time = 97.244 ms
[mem] after-turb: DEVICE_POOL current=22752 MB  actual(reserved)=38146 MB  highWater=28040 MB
ExecutionTime = 133.33 s  ClockTime = 135 s

Time = 30
[mem] step-start: DEVICE_POOL current=22752 MB  actual(reserved)=38146 MB  highWater=28040 MB
Schwarz(Jacobi)+Bicgstab:  Solving for Ux, Initial residual = 0.0001366704650100637, Final residual = 7.1274034656850946e-06, No Iterations 3, Solve time = 221.474 ms
Schwarz(Jacobi)+Bicgstab:  Solving for Uy, Initial residual = 0.006107618947484488, Final residual = 0.00043861196610596665, No Iterations 3, Solve time = 221.474 ms
Schwarz(Jacobi)+Bicgstab:  Solving for Uz, Initial residual = 0.0017578577858614129, Final residual = 0.00013462886019186026, No Iterations 3, Solve time = 221.474 ms
[mem] after-UEqn: DEVICE_POOL current=22752 MB  actual(reserved)=38146 MB  highWater=28040 MB
[GinkgoSolver] p-cache: reuse(update_matrix_value) solve=30 rebuildInterval=100
config(Cg+Schwarz(Multigrid)):  Solving for p, Initial residual = 0.005693247909723637, Final residual = 5.640499706143178e-05, No Iterations 17, Solve time = 514.191 ms
time step continuity errors : sum local = 1.688628983127816e-05, global = 1.6223362755626724e-06, cumulative = 6.6609848174392405e-06
[mem] after-pEqn: DEVICE_POOL current=22752 MB  actual(reserved)=38146 MB  highWater=28040 MB
[GinkgoSolver] p-cache: reuse(update_matrix_value) solve=30 rebuildInterval=0
Schwarz(Jacobi)+Bicgstab:  Solving for omega, Initial residual = 5.080621531689834e-05, Final residual = 3.0305360552821794e-06, No Iterations 2, Solve time = 73.988 ms
bounding omega, min: -208.1483148696409 max: 45356089.81674244 average: 7233.210426104155
[GinkgoSolver] p-cache: reuse(update_matrix_value) solve=30 rebuildInterval=0
Schwarz(Jacobi)+Bicgstab:  Solving for k, Initial residual = 0.0003913664038483737, Final residual = 1.027348136982087e-05, No Iterations 3, Solve time = 97.541 ms
[mem] after-turb: DEVICE_POOL current=22752 MB  actual(reserved)=38146 MB  highWater=28040 MB
Writing p
Writing U
Writing turbulence variables
ExecutionTime = 136.62 s  ClockTime = 140 s

Finalizing NeoN
Finalising parallel run
