Abort is in progress...hit ctrl-c again to forcibly terminate

[gpu-nvidia-h200-3:1209791] *** Process received signal ***
[gpu-nvidia-h200-3:1209791] Signal: Segmentation fault (11)
[gpu-nvidia-h200-3:1209791] Signal code: Address not mapped (1)
[gpu-nvidia-h200-3:1209791] Failing at address: 0x98
[gpu-nvidia-h200-3:1209791] [ 0] /lib64/libc.so.6(+0x3fc30)[0x7f2406fa5c30]
[gpu-nvidia-h200-3:1209791] [ 1] /storage/apps/opt/spack/opt/spack/__spack_path_placeholder__/__spack_path_placeholder__/__spack_path_placeholder__/__spack_path_placeholder__/__spack_path_placeholder__/__spack_path_placeholder__/__spack_path_placeholder__/__spack_path_placeholder__/__spac/linux-x86_64_v3/pmix-6.1.0-ridcdkqglgmjo4j6hiy23etjpniqqy5x/lib/libpmix.so.2(PMIx_Progress_thread_stop+0xc0)[0x7f24072a4350]
[gpu-nvidia-h200-3:1209791] [ 2] /storage/apps/opt/spack/opt/spack/__spack_path_placeholder__/__spack_path_placeholder__/__spack_path_placeholder__/__spack_path_placeholder__/__spack_path_placeholder__/__spack_path_placeholder__/__spack_path_placeholder__/__spack_path_placeholder__/__spac/linux-x86_64_v3/prrte-4.1.0-gkrmkaazljluwj2fmkr4nh4g263rjjgu/lib/libprrte.so.3(+0x69f39)[0x7f24075d1f39]
[gpu-nvidia-h200-3:1209791] [ 3] /lib64/libc.so.6(+0x3fc30)[0x7f2406fa5c30]
[gpu-nvidia-h200-3:1209791] [ 4] /lib64/libc.so.6(ioctl+0xb)[0x7f240706ac3b]
[gpu-nvidia-h200-3:1209791] [ 5] /lib64/libcuda.so.1(+0x405c14)[0x7f2401428c14]
[gpu-nvidia-h200-3:1209791] [ 6] /lib64/libcuda.so.1(+0x30a1aa)[0x7f240132d1aa]
[gpu-nvidia-h200-3:1209791] [ 7] /lib64/libcuda.so.1(+0x2f966d)[0x7f240131c66d]
[gpu-nvidia-h200-3:1209791] [ 8] /lib64/libcuda.so.1(+0x2b9e86)[0x7f24012dce86]
[gpu-nvidia-h200-3:1209791] [ 9] /lib64/libcuda.so.1(+0x3170cd)[0x7f240133a0cd]
[gpu-nvidia-h200-3:1209791] [10] /lib64/libcuda.so.1(cuInit+0x1a)[0x7f24013359ea]
[gpu-nvidia-h200-3:1209791] [11] /storage/apps/opt/spack/opt/spack/__spack_path_placeholder__/__spack_path_placeholder__/__spack_path_placeholder__/__spack_path_placeholder__/__spack_path_placeholder__/__spack_path_placeholder__/__spack_path_placeholder__/__spack_path_placeholder__/__spac/linux-x86_64_v3/cuda-13.1.1-ob4osjedbwoxkf5l3w5bvc3kycejthpt/lib64/libcudart.so.13(+0x3efe7)[0x7f2406cb9fe7]
[gpu-nvidia-h200-3:1209791] [12] /storage/apps/opt/spack/opt/spack/__spack_path_placeholder__/__spack_path_placeholder__/__spack_path_placeholder__/__spack_path_placeholder__/__spack_path_placeholder__/__spack_path_placeholder__/__spack_path_placeholder__/__spack_path_placeholder__/__spac/linux-x86_64_v3/cuda-13.1.1-ob4osjedbwoxkf5l3w5bvc3kycejthpt/lib64/libcudart.so.13(+0x456b8)[0x7f2406cc06b8]
[gpu-nvidia-h200-3:1209791] [13] /lib64/libc.so.6(+0x904f8)[0x7f2406ff64f8]
[gpu-nvidia-h200-3:1209791] [14] /storage/apps/opt/spack/opt/spack/__spack_path_placeholder__/__spack_path_placeholder__/__spack_path_placeholder__/__spack_path_placeholder__/__spack_path_placeholder__/__spack_path_placeholder__/__spack_path_placeholder__/__spack_path_placeholder__/__spac/linux-x86_64_v3/cuda-13.1.1-ob4osjedbwoxkf5l3w5bvc3kycejthpt/lib64/libcudart.so.13(+0x8e369)[0x7f2406d09369]
[gpu-nvidia-h200-3:1209791] [15] /storage/apps/opt/spack/opt/spack/__spack_path_placeholder__/__spack_path_placeholder__/__spack_path_placeholder__/__spack_path_placeholder__/__spack_path_placeholder__/__spack_path_placeholder__/__spack_path_placeholder__/__spack_path_placeholder__/__spac/linux-x86_64_v3/cuda-13.1.1-ob4osjedbwoxkf5l3w5bvc3kycejthpt/lib64/libcudart.so.13(+0x42b1f)[0x7f2406cbdb1f]
[gpu-nvidia-h200-3:1209791] [16] /storage/apps/opt/spack/opt/spack/__spack_path_placeholder__/__spack_path_placeholder__/__spack_path_placeholder__/__spack_path_placeholder__/__spack_path_placeholder__/__spack_path_placeholder__/__spack_path_placeholder__/__spack_path_placeholder__/__spac/linux-x86_64_v3/cuda-13.1.1-ob4osjedbwoxkf5l3w5bvc3kycejthpt/lib64/libcudart.so.13(cudaGetDeviceCount+0x4a)[0x7f2406ccabfa]
[gpu-nvidia-h200-3:1209791] [17] /storage/apps/opt/spack/opt/spack/__spack_path_placeholder__/__spack_path_placeholder__/__spack_path_placeholder__/__spack_path_placeholder__/__spack_path_placeholder__/__spack_path_placeholder__/__spack_path_placeholder__/__spack_path_placeholder__/__spac/linux-x86_64_v3/hwloc-2.13.0-ztbnrv7lbyojsgeywhnffivwdetvdd53/lib/libhwloc.so.15(+0x356d5)[0x7f24071a46d5]
[gpu-nvidia-h200-3:1209791] [18] /storage/apps/opt/spack/opt/spack/__spack_path_placeholder__/__spack_path_placeholder__/__spack_path_placeholder__/__spack_path_placeholder__/__spack_path_placeholder__/__spack_path_placeholder__/__spack_path_placeholder__/__spack_path_placeholder__/__spac/linux-x86_64_v3/hwloc-2.13.0-ztbnrv7lbyojsgeywhnffivwdetvdd53/lib/libhwloc.so.15(+0xa4ae)[0x7f24071794ae]
[gpu-nvidia-h200-3:1209791] [19] /storage/apps/opt/spack/opt/spack/__spack_path_placeholder__/__spack_path_placeholder__/__spack_path_placeholder__/__spack_path_placeholder__/__spack_path_placeholder__/__spack_path_placeholder__/__spack_path_placeholder__/__spack_path_placeholder__/__spac/linux-x86_64_v3/hwloc-2.13.0-ztbnrv7lbyojsgeywhnffivwdetvdd53/lib/libhwloc.so.15(hwloc_topology_load+0x701)[0x7f2407181cb1]
[gpu-nvidia-h200-3:1209791] [20] /storage/apps/opt/spack/opt/spack/__spack_path_placeholder__/__spack_path_placeholder__/__spack_path_placeholder__/__spack_path_placeholder__/__spack_path_placeholder__/__spack_path_placeholder__/__spack_path_placeholder__/__spack_path_placeholder__/__spac/linux-x86_64_v3/prrte-4.1.0-gkrmkaazljluwj2fmkr4nh4g263rjjgu/lib/libprrte.so.3(prte_hwloc_base_get_topology+0x33e)[0x7f24075fb14e]
[gpu-nvidia-h200-3:1209791] [21] /storage/apps/opt/spack/opt/spack/__spack_path_placeholder__/__spack_path_placeholder__/__spack_path_placeholder__/__spack_path_placeholder__/__spack_path_placeholder__/__spack_path_placeholder__/__spack_path_placeholder__/__spack_path_placeholder__/__spac/linux-x86_64_v3/prrte-4.1.0-gkrmkaazljluwj2fmkr4nh4g263rjjgu/lib/libprrte.so.3(+0xbdd45)[0x7f2407625d45]
[gpu-nvidia-h200-3:1209791] [22] /storage/apps/opt/spack/opt/spack/__spack_path_placeholder__/__spack_path_placeholder__/__spack_path_placeholder__/__spack_path_placeholder__/__spack_path_placeholder__/__spack_path_placeholder__/__spack_path_placeholder__/__spack_path_placeholder__/__spac/linux-x86_64_v3/prrte-4.1.0-gkrmkaazljluwj2fmkr4nh4g263rjjgu/lib/libprrte.so.3(prte_init+0x767)[0x7f24075b83b7]
[gpu-nvidia-h200-3:1209791] [23] /storage/apps/opt/spack/opt/spack/__spack_path_placeholder__/__spack_path_placeholder__/__spack_path_placeholder__/__spack_path_placeholder__/__spack_path_placeholder__/__spack_path_placeholder__/__spack_path_placeholder__/__spack_path_placeholder__/__spac/linux-x86_64_v3/prrte-4.1.0-gkrmkaazljluwj2fmkr4nh4g263rjjgu/lib/libprrte.so.3(prte+0x1340)[0x7f24075d3440]
[gpu-nvidia-h200-3:1209791] [24] /lib64/libc.so.6(+0x2a610)[0x7f2406f90610]
[gpu-nvidia-h200-3:1209791] [25] /lib64/libc.so.6(__libc_start_main+0x80)[0x7f2406f906c0]
[gpu-nvidia-h200-3:1209791] [26] prterun[0x402075]
[gpu-nvidia-h200-3:1209791] *** End of error message ***
./param-study-common.sh: line 115: 1209791 Segmentation fault      (core dumped) mpirun -np "$NP" "$bin" -parallel "$@"
