Abort is in progress...hit ctrl-c again to forcibly terminate

[gpu-nvidia-h200-3:1209392] *** Process received signal ***
[gpu-nvidia-h200-3:1209392] Signal: Segmentation fault (11)
[gpu-nvidia-h200-3:1209392] Signal code: Address not mapped (1)
[gpu-nvidia-h200-3:1209392] Failing at address: 0x98
[gpu-nvidia-h200-3:1209392] [ 0] /lib64/libc.so.6(+0x3fc30)[0x7f735a135c30]
[gpu-nvidia-h200-3:1209392] [ 1] /storage/apps/opt/spack/opt/spack/__spack_path_placeholder__/__spack_path_placeholder__/__spack_path_placeholder__/__spack_path_placeholder__/__spack_path_placeholder__/__spack_path_placeholder__/__spack_path_placeholder__/__spack_path_placeholder__/__spac/linux-x86_64_v3/pmix-6.1.0-ridcdkqglgmjo4j6hiy23etjpniqqy5x/lib/libpmix.so.2(PMIx_Progress_thread_stop+0xc0)[0x7f735a434350]
[gpu-nvidia-h200-3:1209392] [ 2] /storage/apps/opt/spack/opt/spack/__spack_path_placeholder__/__spack_path_placeholder__/__spack_path_placeholder__/__spack_path_placeholder__/__spack_path_placeholder__/__spack_path_placeholder__/__spack_path_placeholder__/__spack_path_placeholder__/__spac/linux-x86_64_v3/prrte-4.1.0-gkrmkaazljluwj2fmkr4nh4g263rjjgu/lib/libprrte.so.3(+0x69f39)[0x7f735a761f39]
[gpu-nvidia-h200-3:1209392] [ 3] /lib64/libc.so.6(+0x3fc30)[0x7f735a135c30]
[gpu-nvidia-h200-3:1209392] [ 4] /lib64/libc.so.6(ioctl+0xb)[0x7f735a1fac3b]
[gpu-nvidia-h200-3:1209392] [ 5] /lib64/libcuda.so.1(+0x405c14)[0x7f73545b8c14]
[gpu-nvidia-h200-3:1209392] [ 6] /lib64/libcuda.so.1(+0x30a1aa)[0x7f73544bd1aa]
[gpu-nvidia-h200-3:1209392] [ 7] /lib64/libcuda.so.1(+0x2f966d)[0x7f73544ac66d]
[gpu-nvidia-h200-3:1209392] [ 8] /lib64/libcuda.so.1(+0x2b9e86)[0x7f735446ce86]
[gpu-nvidia-h200-3:1209392] [ 9] /lib64/libcuda.so.1(+0x3170cd)[0x7f73544ca0cd]
[gpu-nvidia-h200-3:1209392] [10] /lib64/libcuda.so.1(cuInit+0x1a)[0x7f73544c59ea]
[gpu-nvidia-h200-3:1209392] [11] /storage/apps/opt/spack/opt/spack/__spack_path_placeholder__/__spack_path_placeholder__/__spack_path_placeholder__/__spack_path_placeholder__/__spack_path_placeholder__/__spack_path_placeholder__/__spack_path_placeholder__/__spack_path_placeholder__/__spac/linux-x86_64_v3/cuda-13.1.1-ob4osjedbwoxkf5l3w5bvc3kycejthpt/lib64/libcudart.so.13(+0x3efe7)[0x7f7359e49fe7]
[gpu-nvidia-h200-3:1209392] [12] /storage/apps/opt/spack/opt/spack/__spack_path_placeholder__/__spack_path_placeholder__/__spack_path_placeholder__/__spack_path_placeholder__/__spack_path_placeholder__/__spack_path_placeholder__/__spack_path_placeholder__/__spack_path_placeholder__/__spac/linux-x86_64_v3/cuda-13.1.1-ob4osjedbwoxkf5l3w5bvc3kycejthpt/lib64/libcudart.so.13(+0x456b8)[0x7f7359e506b8]
[gpu-nvidia-h200-3:1209392] [13] /lib64/libc.so.6(+0x904f8)[0x7f735a1864f8]
[gpu-nvidia-h200-3:1209392] [14] /storage/apps/opt/spack/opt/spack/__spack_path_placeholder__/__spack_path_placeholder__/__spack_path_placeholder__/__spack_path_placeholder__/__spack_path_placeholder__/__spack_path_placeholder__/__spack_path_placeholder__/__spack_path_placeholder__/__spac/linux-x86_64_v3/cuda-13.1.1-ob4osjedbwoxkf5l3w5bvc3kycejthpt/lib64/libcudart.so.13(+0x8e369)[0x7f7359e99369]
[gpu-nvidia-h200-3:1209392] [15] /storage/apps/opt/spack/opt/spack/__spack_path_placeholder__/__spack_path_placeholder__/__spack_path_placeholder__/__spack_path_placeholder__/__spack_path_placeholder__/__spack_path_placeholder__/__spack_path_placeholder__/__spack_path_placeholder__/__spac/linux-x86_64_v3/cuda-13.1.1-ob4osjedbwoxkf5l3w5bvc3kycejthpt/lib64/libcudart.so.13(+0x42b1f)[0x7f7359e4db1f]
[gpu-nvidia-h200-3:1209392] [16] /storage/apps/opt/spack/opt/spack/__spack_path_placeholder__/__spack_path_placeholder__/__spack_path_placeholder__/__spack_path_placeholder__/__spack_path_placeholder__/__spack_path_placeholder__/__spack_path_placeholder__/__spack_path_placeholder__/__spac/linux-x86_64_v3/cuda-13.1.1-ob4osjedbwoxkf5l3w5bvc3kycejthpt/lib64/libcudart.so.13(cudaGetDeviceCount+0x4a)[0x7f7359e5abfa]
[gpu-nvidia-h200-3:1209392] [17] /storage/apps/opt/spack/opt/spack/__spack_path_placeholder__/__spack_path_placeholder__/__spack_path_placeholder__/__spack_path_placeholder__/__spack_path_placeholder__/__spack_path_placeholder__/__spack_path_placeholder__/__spack_path_placeholder__/__spac/linux-x86_64_v3/hwloc-2.13.0-ztbnrv7lbyojsgeywhnffivwdetvdd53/lib/libhwloc.so.15(+0x356d5)[0x7f735a3346d5]
[gpu-nvidia-h200-3:1209392] [18] /storage/apps/opt/spack/opt/spack/__spack_path_placeholder__/__spack_path_placeholder__/__spack_path_placeholder__/__spack_path_placeholder__/__spack_path_placeholder__/__spack_path_placeholder__/__spack_path_placeholder__/__spack_path_placeholder__/__spac/linux-x86_64_v3/hwloc-2.13.0-ztbnrv7lbyojsgeywhnffivwdetvdd53/lib/libhwloc.so.15(+0xa4ae)[0x7f735a3094ae]
[gpu-nvidia-h200-3:1209392] [19] /storage/apps/opt/spack/opt/spack/__spack_path_placeholder__/__spack_path_placeholder__/__spack_path_placeholder__/__spack_path_placeholder__/__spack_path_placeholder__/__spack_path_placeholder__/__spack_path_placeholder__/__spack_path_placeholder__/__spac/linux-x86_64_v3/hwloc-2.13.0-ztbnrv7lbyojsgeywhnffivwdetvdd53/lib/libhwloc.so.15(hwloc_topology_load+0x701)[0x7f735a311cb1]
[gpu-nvidia-h200-3:1209392] [20] /storage/apps/opt/spack/opt/spack/__spack_path_placeholder__/__spack_path_placeholder__/__spack_path_placeholder__/__spack_path_placeholder__/__spack_path_placeholder__/__spack_path_placeholder__/__spack_path_placeholder__/__spack_path_placeholder__/__spac/linux-x86_64_v3/prrte-4.1.0-gkrmkaazljluwj2fmkr4nh4g263rjjgu/lib/libprrte.so.3(prte_hwloc_base_get_topology+0x33e)[0x7f735a78b14e]
[gpu-nvidia-h200-3:1209392] [21] /storage/apps/opt/spack/opt/spack/__spack_path_placeholder__/__spack_path_placeholder__/__spack_path_placeholder__/__spack_path_placeholder__/__spack_path_placeholder__/__spack_path_placeholder__/__spack_path_placeholder__/__spack_path_placeholder__/__spac/linux-x86_64_v3/prrte-4.1.0-gkrmkaazljluwj2fmkr4nh4g263rjjgu/lib/libprrte.so.3(+0xbdd45)[0x7f735a7b5d45]
[gpu-nvidia-h200-3:1209392] [22] /storage/apps/opt/spack/opt/spack/__spack_path_placeholder__/__spack_path_placeholder__/__spack_path_placeholder__/__spack_path_placeholder__/__spack_path_placeholder__/__spack_path_placeholder__/__spack_path_placeholder__/__spack_path_placeholder__/__spac/linux-x86_64_v3/prrte-4.1.0-gkrmkaazljluwj2fmkr4nh4g263rjjgu/lib/libprrte.so.3(prte_init+0x767)[0x7f735a7483b7]
[gpu-nvidia-h200-3:1209392] [23] /storage/apps/opt/spack/opt/spack/__spack_path_placeholder__/__spack_path_placeholder__/__spack_path_placeholder__/__spack_path_placeholder__/__spack_path_placeholder__/__spack_path_placeholder__/__spack_path_placeholder__/__spack_path_placeholder__/__spac/linux-x86_64_v3/prrte-4.1.0-gkrmkaazljluwj2fmkr4nh4g263rjjgu/lib/libprrte.so.3(prte+0x1340)[0x7f735a763440]
[gpu-nvidia-h200-3:1209392] [24] /lib64/libc.so.6(+0x2a610)[0x7f735a120610]
[gpu-nvidia-h200-3:1209392] [25] /lib64/libc.so.6(__libc_start_main+0x80)[0x7f735a1206c0]
[gpu-nvidia-h200-3:1209392] [26] prterun[0x402075]
[gpu-nvidia-h200-3:1209392] *** End of error message ***
./param-study-common.sh: line 115: 1209392 Segmentation fault      (core dumped) mpirun -np "$NP" "$bin" -parallel "$@"
