/*---------------------------------------------------------------------------*\
| =========                 |                                                 |
| \\      /  F ield         | OpenFOAM: The Open Source CFD Toolbox           |
|  \\    /   O peration     | Version:  2506                                  |
|   \\  /    A nd           | Website:  www.openfoam.com                      |
|    \\/     M anipulation  |                                                 |
\*---------------------------------------------------------------------------*/
Build  : b050cd9480-20250814 OPENFOAM=2506 version=v2506
Arch   : "LSB;label=32;scalar=64"
Exec   : /storage/home/greole/code/NeoFOAM/build/profilingnvidia_h200/bin/neoSimpleFoam -parallel
Date   : Jun 29 2026
Time   : 13:57:19
Host   : gpu-nvidia-h200-3.int.coma-cluster.de
PID    : 1235343
I/O    : uncollated
Case   : /storage/home/greole/code/NeoFOAM/occDrivAerStaticMesh
nProcs : 4
Hosts  :
(
    (gpu-nvidia-h200-3.int.coma-cluster.de 4)
)
Pstream initialized with:
    node communication : off [type=host] (4 ranks, 1 nodes)
    topology controls  : none
    consensus exchange : 0 (tuning: 0)
    exchange algorithm : 0
    commsType          : nonBlocking
    polling iterations : 0
trapFpe: Floating point exception trapping enabled (FOAM_SIGFPE).
fileModificationChecking : Monitoring run-time modified files using timeStampMaster (fileModificationSkew 5, maxFileModificationPolls 20)
allowSystemOperations : Allowing user-supplied system call operations

// * * * * * * * * * * * * * * * * * * * * * * * * * * * * * * * * * * * * * //
Create time

Initializing NeoN
Creating Executor GPU
Creating NeoFOAM runTime

SIMPLE: no convergence criteria found. Calculations will run for 30 steps.

Reading field p

Reading field U

Reading/calculating face flux field phi

Selecting incompressible transport model Newtonian
NeoFOAM solver config (from fvSolution configFile) for 'config(Cg+Schwarz(Multigrid))':
{
    cacheSolver: true
    configFile: <NeoN::TokenList>
    l1ScaledResidual: true
    preconditionerRebuildInterval: 100
    relTol: 0.010000
    reportName: config(Cg+Schwarz(Multigrid))
    solver: Ginkgo
    tolerance: 0.000000
}
    effective optimize: false
    effective checkFrequency: 1
Mapping OpenFOAM solver settings to NeoN settings.
Currently, it is advisable to specify a configFile
for fine grained Ginkgo solver control

Replacing solver PBiCGStab by solver::Bicgstab
Replacing preconditioner diagonal by preconditioner::Schwarz (Schwarz-wrapped for distributed run)
NeoFOAM solver config (mapped from fvSolution) for 'Schwarz(Jacobi)+Bicgstab':
{
    cacheSolver: true
    criteria: {
        absolute_residual_norm: 0.000000
        initial_residual_norm: 0.100000
        iteration: 1000
    }
    l1ScaledResidual: true
    optimize: true
    preconditioner: {
        local_solver: {
            max_block_size: 1
            type: preconditioner::Jacobi
        }
        type: preconditioner::Schwarz
    }
    reportName: Schwarz(Jacobi)+Bicgstab
    solver: Ginkgo
    type: solver::Bicgstab
}
    effective optimize: true
    effective checkFrequency: 1
Creating phi

[NF][/storage/home/greole/code/NeoFOAM/include/NeoFOAM/auxiliary/readers.hpp::434]: Internal: 49333487, Boundary: 1754396

[NF][/storage/home/greole/code/NeoFOAM/include/NeoFOAM/auxiliary/readers.hpp::434]: Internal: 49320882, Boundary: 1762558

[NF][/storage/home/greole/code/NeoFOAM/include/NeoFOAM/auxiliary/readers.hpp::434]: Internal: 49243125, Boundary: 1362247

[NF][/storage/home/greole/code/NeoFOAM/include/NeoFOAM/auxiliary/readers.hpp::434]: Internal: 49261542, Boundary: 1427829
Selecting patchDistMethod meshWave
Mapping OpenFOAM solver settings to NeoN settings.
Currently, it is advisable to specify a configFile
for fine grained Ginkgo solver control

Replacing solver PBiCGStab by solver::Bicgstab
Replacing preconditioner diagonal by preconditioner::Schwarz (Schwarz-wrapped for distributed run)
NeoFOAM solver config (mapped from fvSolution) for 'Schwarz(Jacobi)+Bicgstab':
{
    cacheSolver: true
    criteria: {
        absolute_residual_norm: 0.000000
        initial_residual_norm: 0.100000
        iteration: 1000
    }
    l1ScaledResidual: true
    optimize: true
    preconditioner: {
        local_solver: {
            max_block_size: 1
            type: preconditioner::Jacobi
        }
        type: preconditioner::Schwarz
    }
    reportName: Schwarz(Jacobi)+Bicgstab
    solver: Ginkgo
    type: solver::Bicgstab
}
    effective optimize: true
    effective checkFrequency: 1
Mapping OpenFOAM solver settings to NeoN settings.
Currently, it is advisable to specify a configFile
for fine grained Ginkgo solver control

Replacing solver PBiCGStab by solver::Bicgstab
Replacing preconditioner diagonal by preconditioner::Schwarz (Schwarz-wrapped for distributed run)
NeoFOAM solver config (mapped from fvSolution) for 'Schwarz(Jacobi)+Bicgstab':
{
    cacheSolver: true
    criteria: {
        absolute_residual_norm: 0.000000
        initial_residual_norm: 0.100000
        iteration: 1000
    }
    l1ScaledResidual: true
    optimize: true
    preconditioner: {
        local_solver: {
            max_block_size: 1
            type: preconditioner::Jacobi
        }
        type: preconditioner::Schwarz
    }
    reportName: Schwarz(Jacobi)+Bicgstab
    solver: Ginkgo
    type: solver::Bicgstab
}
    effective optimize: true
    effective checkFrequency: 1
Starting time loop
Time = 1
[mem] step-start: DEVICE_POOL current=16605 MB  actual(reserved)=38146 MB  highWater=19132 MB
Schwarz(Jacobi)+Bicgstab:  Solving for Ux, Initial residual = 0.0019488955966077413, Final residual = 0.00023894144179944536, No Iterations 3, Solve time = 141.677 ms
Schwarz(Jacobi)+Bicgstab:  Solving for Uy, Initial residual = 0.16486889485444559, Final residual = 0.008211417173385843, No Iterations 3, Solve time = 141.677 ms
Schwarz(Jacobi)+Bicgstab:  Solving for Uz, Initial residual = 0.10478399166434314, Final residual = 0.004988129972801332, No Iterations 3, Solve time = 141.677 ms
[mem] after-UEqn: DEVICE_POOL current=19099 MB  actual(reserved)=38146 MB  highWater=24387 MB
[GinkgoSolver] p-cache: rebuild(generate) solve=1 rebuildInterval=100
config(Cg+Schwarz(Multigrid)):  Solving for p, Initial residual = 1, Final residual = 0.009890965899510698, No Iterations 77, Solve time = 1839.888 ms
time step continuity errors : sum local = 6.605312377937499e-05, global = 3.176629650139387e-07, cumulative = 3.176629650139387e-07
[mem] after-pEqn: DEVICE_POOL current=20567 MB  actual(reserved)=38146 MB  highWater=24387 MB
[GinkgoSolver] p-cache: rebuild(generate) solve=1 rebuildInterval=0
Schwarz(Jacobi)+Bicgstab:  Solving for omega, Initial residual = 0.9999999999999999, Final residual = 0.030747680735492673, No Iterations 1, Solve time = 34.899 ms
bounding omega, min: -52.86713525358357 max: 46109494.81308331 average: 2443.09600648709
[GinkgoSolver] p-cache: rebuild(generate) solve=1 rebuildInterval=0
Schwarz(Jacobi)+Bicgstab:  Solving for k, Initial residual = 0.999999999999973, Final residual = 0.04385988697350224, No Iterations 1, Solve time = 34.647 ms
[mem] after-turb: DEVICE_POOL current=22752 MB  actual(reserved)=38146 MB  highWater=24811 MB
ExecutionTime = 40.35 s  ClockTime = 41 s

Time = 2
[mem] step-start: DEVICE_POOL current=22752 MB  actual(reserved)=38146 MB  highWater=24811 MB
Schwarz(Jacobi)+Bicgstab:  Solving for Ux, Initial residual = 0.001291146845794683, Final residual = 5.911198611042079e-05, No Iterations 5, Solve time = 185.665 ms
Schwarz(Jacobi)+Bicgstab:  Solving for Uy, Initial residual = 0.06538249063184935, Final residual = 0.002985723918543274, No Iterations 5, Solve time = 185.665 ms
Schwarz(Jacobi)+Bicgstab:  Solving for Uz, Initial residual = 0.0408224952772254, Final residual = 0.0009079009901654049, No Iterations 5, Solve time = 185.665 ms
[mem] after-UEqn: DEVICE_POOL current=22752 MB  actual(reserved)=38146 MB  highWater=28040 MB
[GinkgoSolver] p-cache: reuse(update_matrix_value) solve=2 rebuildInterval=100
config(Cg+Schwarz(Multigrid)):  Solving for p, Initial residual = 0.03799483332876272, Final residual = 0.000377078960149969, No Iterations 99, Solve time = 2307.466 ms
time step continuity errors : sum local = 4.2413882874882606e-05, global = -1.9832744222310353e-06, cumulative = -1.6656114572170966e-06
[mem] after-pEqn: DEVICE_POOL current=22752 MB  actual(reserved)=38146 MB  highWater=28040 MB
[GinkgoSolver] p-cache: reuse(update_matrix_value) solve=2 rebuildInterval=0
Schwarz(Jacobi)+Bicgstab:  Solving for omega, Initial residual = 0.008194951588121165, Final residual = 0.0004780177524820978, No Iterations 1, Solve time = 33.833 ms
bounding omega, min: -1378.2707764560887 max: 45305778.72138072 average: 2705.6229299790234
[GinkgoSolver] p-cache: reuse(update_matrix_value) solve=2 rebuildInterval=0
Schwarz(Jacobi)+Bicgstab:  Solving for k, Initial residual = 0.07500581132312119, Final residual = 0.004455236887023414, No Iterations 1, Solve time = 33.902 ms
[mem] after-turb: DEVICE_POOL current=22752 MB  actual(reserved)=38146 MB  highWater=28040 MB
ExecutionTime = 44.34 s  ClockTime = 45 s

Time = 3
[mem] step-start: DEVICE_POOL current=22752 MB  actual(reserved)=38146 MB  highWater=28040 MB
Schwarz(Jacobi)+Bicgstab:  Solving for Ux, Initial residual = 0.0008080533727840647, Final residual = 4.746293965378425e-05, No Iterations 6, Solve time = 214.599 ms
Schwarz(Jacobi)+Bicgstab:  Solving for Uy, Initial residual = 0.032497821146082795, Final residual = 0.0006309208313345914, No Iterations 6, Solve time = 214.599 ms
Schwarz(Jacobi)+Bicgstab:  Solving for Uz, Initial residual = 0.018185362401025938, Final residual = 0.0002674173362105028, No Iterations 6, Solve time = 214.599 ms
[mem] after-UEqn: DEVICE_POOL current=22752 MB  actual(reserved)=38146 MB  highWater=28040 MB
[GinkgoSolver] p-cache: reuse(update_matrix_value) solve=3 rebuildInterval=100
config(Cg+Schwarz(Multigrid)):  Solving for p, Initial residual = 0.017397510284301268, Final residual = 0.00017228104587640365, No Iterations 89, Solve time = 2080.429 ms
time step continuity errors : sum local = 3.44378054484311e-05, global = 9.634663351249117e-07, cumulative = -7.021451220921849e-07
[mem] after-pEqn: DEVICE_POOL current=22752 MB  actual(reserved)=38146 MB  highWater=28040 MB
[GinkgoSolver] p-cache: reuse(update_matrix_value) solve=3 rebuildInterval=0
Schwarz(Jacobi)+Bicgstab:  Solving for omega, Initial residual = 0.0035207250808602978, Final residual = 0.0002899362829326773, No Iterations 1, Solve time = 33.015 ms
bounding omega, min: -11.965420002659378 max: 45385836.431816965 average: 3322.2093386438205
[GinkgoSolver] p-cache: reuse(update_matrix_value) solve=3 rebuildInterval=0
Schwarz(Jacobi)+Bicgstab:  Solving for k, Initial residual = 0.013997627573152654, Final residual = 0.0010053744041479404, No Iterations 1, Solve time = 32.797 ms
[mem] after-turb: DEVICE_POOL current=22752 MB  actual(reserved)=38146 MB  highWater=28040 MB
ExecutionTime = 48.17 s  ClockTime = 49 s

Time = 4
[mem] step-start: DEVICE_POOL current=22752 MB  actual(reserved)=38146 MB  highWater=28040 MB
Schwarz(Jacobi)+Bicgstab:  Solving for Ux, Initial residual = 0.000559022564750794, Final residual = 4.705147186557112e-05, No Iterations 4, Solve time = 153.482 ms
Schwarz(Jacobi)+Bicgstab:  Solving for Uy, Initial residual = 0.02027535758492758, Final residual = 0.0027105741023145374, No Iterations 4, Solve time = 153.482 ms
Schwarz(Jacobi)+Bicgstab:  Solving for Uz, Initial residual = 0.010480353222629068, Final residual = 0.000774388304690423, No Iterations 4, Solve time = 153.482 ms
[mem] after-UEqn: DEVICE_POOL current=22752 MB  actual(reserved)=38146 MB  highWater=28040 MB
[GinkgoSolver] p-cache: reuse(update_matrix_value) solve=4 rebuildInterval=100
config(Cg+Schwarz(Multigrid)):  Solving for p, Initial residual = 0.012468011768437962, Final residual = 0.00011972365335309554, No Iterations 67, Solve time = 1576.374 ms
time step continuity errors : sum local = 3.081753143220728e-05, global = -8.895577409804251e-07, cumulative = -1.59170286307261e-06
[mem] after-pEqn: DEVICE_POOL current=22752 MB  actual(reserved)=38146 MB  highWater=28040 MB
[GinkgoSolver] p-cache: reuse(update_matrix_value) solve=4 rebuildInterval=0
Schwarz(Jacobi)+Bicgstab:  Solving for omega, Initial residual = 0.0017242643972209288, Final residual = 4.831189759307166e-05, No Iterations 2, Solve time = 47.966 ms
[GinkgoSolver] p-cache: reuse(update_matrix_value) solve=4 rebuildInterval=0
Schwarz(Jacobi)+Bicgstab:  Solving for k, Initial residual = 0.004641012962314107, Final residual = 0.0003933774716978038, No Iterations 1, Solve time = 33.057 ms
[mem] after-turb: DEVICE_POOL current=22752 MB  actual(reserved)=38146 MB  highWater=28040 MB
ExecutionTime = 51.42 s  ClockTime = 52 s

Time = 5
[mem] step-start: DEVICE_POOL current=22752 MB  actual(reserved)=38146 MB  highWater=28040 MB
Schwarz(Jacobi)+Bicgstab:  Solving for Ux, Initial residual = 0.00048268421155940784, Final residual = 3.7410608422543774e-05, No Iterations 4, Solve time = 155.892 ms
Schwarz(Jacobi)+Bicgstab:  Solving for Uy, Initial residual = 0.018518904201968743, Final residual = 0.0011830917042405702, No Iterations 4, Solve time = 155.892 ms
Schwarz(Jacobi)+Bicgstab:  Solving for Uz, Initial residual = 0.00830712179079187, Final residual = 0.0008058195573233426, No Iterations 4, Solve time = 155.892 ms
[mem] after-UEqn: DEVICE_POOL current=22752 MB  actual(reserved)=38146 MB  highWater=28040 MB
[GinkgoSolver] p-cache: reuse(update_matrix_value) solve=5 rebuildInterval=100
config(Cg+Schwarz(Multigrid)):  Solving for p, Initial residual = 0.010730305645201409, Final residual = 0.00010368322768751139, No Iterations 68, Solve time = 1683.674 ms
time step continuity errors : sum local = 2.900343562118362e-05, global = -1.2227978472337306e-06, cumulative = -2.8145007103063406e-06
[mem] after-pEqn: DEVICE_POOL current=22752 MB  actual(reserved)=38146 MB  highWater=28040 MB
[GinkgoSolver] p-cache: reuse(update_matrix_value) solve=5 rebuildInterval=0
Schwarz(Jacobi)+Bicgstab:  Solving for omega, Initial residual = 0.0009944331179136112, Final residual = 9.81436285428133e-05, No Iterations 1, Solve time = 33.603 ms
[GinkgoSolver] p-cache: reuse(update_matrix_value) solve=5 rebuildInterval=0
Schwarz(Jacobi)+Bicgstab:  Solving for k, Initial residual = 0.0023565545511429645, Final residual = 0.0002236593876267525, No Iterations 1, Solve time = 32.761 ms
[mem] after-turb: DEVICE_POOL current=22752 MB  actual(reserved)=38146 MB  highWater=28040 MB
ExecutionTime = 54.76 s  ClockTime = 55 s

Time = 6
[mem] step-start: DEVICE_POOL current=22752 MB  actual(reserved)=38146 MB  highWater=28040 MB
Schwarz(Jacobi)+Bicgstab:  Solving for Ux, Initial residual = 0.00043533215977866396, Final residual = 2.6341089001063366e-05, No Iterations 5, Solve time = 185.656 ms
Schwarz(Jacobi)+Bicgstab:  Solving for Uy, Initial residual = 0.017900734590929668, Final residual = 0.0016923695902343757, No Iterations 5, Solve time = 185.656 ms
Schwarz(Jacobi)+Bicgstab:  Solving for Uz, Initial residual = 0.006720519988778358, Final residual = 0.0005115516431714086, No Iterations 5, Solve time = 185.656 ms
[mem] after-UEqn: DEVICE_POOL current=22752 MB  actual(reserved)=38146 MB  highWater=28040 MB
[GinkgoSolver] p-cache: reuse(update_matrix_value) solve=6 rebuildInterval=100
config(Cg+Schwarz(Multigrid)):  Solving for p, Initial residual = 0.01139735135916665, Final residual = 0.0001071219049840187, No Iterations 69, Solve time = 1783.273 ms
time step continuity errors : sum local = 2.9043535715625272e-05, global = -1.1899409988313106e-06, cumulative = -4.004441709137651e-06
[mem] after-pEqn: DEVICE_POOL current=22752 MB  actual(reserved)=38146 MB  highWater=28040 MB
[GinkgoSolver] p-cache: reuse(update_matrix_value) solve=6 rebuildInterval=0
Schwarz(Jacobi)+Bicgstab:  Solving for omega, Initial residual = 0.0006247262465803906, Final residual = 2.4311494940241655e-05, No Iterations 2, Solve time = 47.384 ms
[GinkgoSolver] p-cache: reuse(update_matrix_value) solve=6 rebuildInterval=0
Schwarz(Jacobi)+Bicgstab:  Solving for k, Initial residual = 0.0016242960555306284, Final residual = 0.00015489323759377616, No Iterations 1, Solve time = 33.4 ms
[mem] after-turb: DEVICE_POOL current=22752 MB  actual(reserved)=38146 MB  highWater=28040 MB
ExecutionTime = 58.19 s  ClockTime = 59 s

Time = 7
[mem] step-start: DEVICE_POOL current=22752 MB  actual(reserved)=38146 MB  highWater=28040 MB
Schwarz(Jacobi)+Bicgstab:  Solving for Ux, Initial residual = 0.0003757091694596828, Final residual = 2.3437600939597603e-05, No Iterations 5, Solve time = 184.84 ms
Schwarz(Jacobi)+Bicgstab:  Solving for Uy, Initial residual = 0.015162794392459381, Final residual = 0.0012100560037178424, No Iterations 5, Solve time = 184.84 ms
Schwarz(Jacobi)+Bicgstab:  Solving for Uz, Initial residual = 0.00512563194017309, Final residual = 0.00027726827535944505, No Iterations 5, Solve time = 184.84 ms
[mem] after-UEqn: DEVICE_POOL current=22752 MB  actual(reserved)=38146 MB  highWater=28040 MB
[GinkgoSolver] p-cache: reuse(update_matrix_value) solve=7 rebuildInterval=100
config(Cg+Schwarz(Multigrid)):  Solving for p, Initial residual = 0.012486367655566745, Final residual = 0.00012446104312523336, No Iterations 86, Solve time = 2018.243 ms
time step continuity errors : sum local = 3.023001790935836e-05, global = 9.18692263541785e-07, cumulative = -3.085749445595866e-06
[mem] after-pEqn: DEVICE_POOL current=22752 MB  actual(reserved)=38146 MB  highWater=28040 MB
[GinkgoSolver] p-cache: reuse(update_matrix_value) solve=7 rebuildInterval=0
Schwarz(Jacobi)+Bicgstab:  Solving for omega, Initial residual = 0.000489846913108196, Final residual = 1.5231557875712689e-05, No Iterations 2, Solve time = 47.648 ms
bounding omega, min: -546.7939856839608 max: 45358185.53345682 average: 5415.677563216214
[GinkgoSolver] p-cache: reuse(update_matrix_value) solve=7 rebuildInterval=0
Schwarz(Jacobi)+Bicgstab:  Solving for k, Initial residual = 0.001159691574381028, Final residual = 2.410922911318274e-05, No Iterations 3, Solve time = 62.714 ms
[mem] after-turb: DEVICE_POOL current=22752 MB  actual(reserved)=38146 MB  highWater=28040 MB
ExecutionTime = 61.94 s  ClockTime = 63 s

Time = 8
[mem] step-start: DEVICE_POOL current=22752 MB  actual(reserved)=38146 MB  highWater=28040 MB
Schwarz(Jacobi)+Bicgstab:  Solving for Ux, Initial residual = 0.0003147893792383147, Final residual = 2.5037683323290845e-05, No Iterations 5, Solve time = 183.945 ms
Schwarz(Jacobi)+Bicgstab:  Solving for Uy, Initial residual = 0.011317373372652994, Final residual = 0.00028439719299048913, No Iterations 5, Solve time = 183.945 ms
Schwarz(Jacobi)+Bicgstab:  Solving for Uz, Initial residual = 0.0036061879623691608, Final residual = 0.00019541179119172958, No Iterations 5, Solve time = 183.945 ms
[mem] after-UEqn: DEVICE_POOL current=22752 MB  actual(reserved)=38146 MB  highWater=28040 MB
[GinkgoSolver] p-cache: reuse(update_matrix_value) solve=8 rebuildInterval=100
config(Cg+Schwarz(Multigrid)):  Solving for p, Initial residual = 0.013501333648878573, Final residual = 0.00012683749612762277, No Iterations 82, Solve time = 1914.938 ms
time step continuity errors : sum local = 2.665896513580571e-05, global = -1.5693221309265337e-06, cumulative = -4.6550715765224e-06
[mem] after-pEqn: DEVICE_POOL current=22752 MB  actual(reserved)=38146 MB  highWater=28040 MB
[GinkgoSolver] p-cache: reuse(update_matrix_value) solve=8 rebuildInterval=0
Schwarz(Jacobi)+Bicgstab:  Solving for omega, Initial residual = 0.0003596279280817736, Final residual = 1.2434866821950093e-05, No Iterations 2, Solve time = 47.538 ms
bounding omega, min: -1058.0829361085002 max: 45357663.03306772 average: 5745.4040694357045
[GinkgoSolver] p-cache: reuse(update_matrix_value) solve=8 rebuildInterval=0
Schwarz(Jacobi)+Bicgstab:  Solving for k, Initial residual = 0.0008654269026762165, Final residual = 5.244014247454673e-05, No Iterations 2, Solve time = 47.588 ms
[mem] after-turb: DEVICE_POOL current=22752 MB  actual(reserved)=38146 MB  highWater=28040 MB
ExecutionTime = 65.59 s  ClockTime = 66 s

Time = 9
[mem] step-start: DEVICE_POOL current=22752 MB  actual(reserved)=38146 MB  highWater=28040 MB
Schwarz(Jacobi)+Bicgstab:  Solving for Ux, Initial residual = 0.00027285220314246256, Final residual = 7.312126098704121e-06, No Iterations 5, Solve time = 185.413 ms
Schwarz(Jacobi)+Bicgstab:  Solving for Uy, Initial residual = 0.009232079998702203, Final residual = 0.0004359532029114198, No Iterations 5, Solve time = 185.413 ms
Schwarz(Jacobi)+Bicgstab:  Solving for Uz, Initial residual = 0.0026386286857918613, Final residual = 0.00015513208302734218, No Iterations 5, Solve time = 185.413 ms
[mem] after-UEqn: DEVICE_POOL current=22752 MB  actual(reserved)=38146 MB  highWater=28040 MB
[GinkgoSolver] p-cache: reuse(update_matrix_value) solve=9 rebuildInterval=100
config(Cg+Schwarz(Multigrid)):  Solving for p, Initial residual = 0.013937273848524247, Final residual = 0.00012995425186461252, No Iterations 82, Solve time = 1919.55 ms
time step continuity errors : sum local = 2.424442574432833e-05, global = -7.252568886074223e-07, cumulative = -5.380328465129822e-06
[mem] after-pEqn: DEVICE_POOL current=22752 MB  actual(reserved)=38146 MB  highWater=28040 MB
[GinkgoSolver] p-cache: reuse(update_matrix_value) solve=9 rebuildInterval=0
Schwarz(Jacobi)+Bicgstab:  Solving for omega, Initial residual = 0.00027804204701005594, Final residual = 1.062977800525212e-05, No Iterations 2, Solve time = 47.664 ms
[GinkgoSolver] p-cache: reuse(update_matrix_value) solve=9 rebuildInterval=0
Schwarz(Jacobi)+Bicgstab:  Solving for k, Initial residual = 0.0006654158946413008, Final residual = 3.884065914855317e-05, No Iterations 2, Solve time = 47.711 ms
[mem] after-turb: DEVICE_POOL current=22752 MB  actual(reserved)=38146 MB  highWater=28040 MB
ExecutionTime = 69.20999999999999 s  ClockTime = 70 s

Time = 10
[mem] step-start: DEVICE_POOL current=22752 MB  actual(reserved)=38146 MB  highWater=28040 MB
Schwarz(Jacobi)+Bicgstab:  Solving for Ux, Initial residual = 0.00025154390915010157, Final residual = 3.2100614728125163e-06, No Iterations 6, Solve time = 215.411 ms
Schwarz(Jacobi)+Bicgstab:  Solving for Uy, Initial residual = 0.010019694759280164, Final residual = 0.0003948849020348304, No Iterations 6, Solve time = 215.411 ms
Schwarz(Jacobi)+Bicgstab:  Solving for Uz, Initial residual = 0.002492159215962242, Final residual = 4.16273444632111e-05, No Iterations 6, Solve time = 215.411 ms
[mem] after-UEqn: DEVICE_POOL current=22752 MB  actual(reserved)=38146 MB  highWater=28040 MB
[GinkgoSolver] p-cache: reuse(update_matrix_value) solve=10 rebuildInterval=100
config(Cg+Schwarz(Multigrid)):  Solving for p, Initial residual = 0.013371193582921914, Final residual = 0.00013250197082059903, No Iterations 78, Solve time = 1825.787 ms
time step continuity errors : sum local = 2.3884307505080038e-05, global = -1.3003775006287635e-07, cumulative = -5.510366215192699e-06
[mem] after-pEqn: DEVICE_POOL current=22752 MB  actual(reserved)=38146 MB  highWater=28040 MB
[GinkgoSolver] p-cache: reuse(update_matrix_value) solve=10 rebuildInterval=0
Schwarz(Jacobi)+Bicgstab:  Solving for omega, Initial residual = 0.00022455831718802896, Final residual = 9.223664201630754e-06, No Iterations 2, Solve time = 47.898 ms
[GinkgoSolver] p-cache: reuse(update_matrix_value) solve=10 rebuildInterval=0
Schwarz(Jacobi)+Bicgstab:  Solving for k, Initial residual = 0.0005268032259993684, Final residual = 3.274906364770829e-05, No Iterations 2, Solve time = 47.647 ms
[mem] after-turb: DEVICE_POOL current=22752 MB  actual(reserved)=38146 MB  highWater=28040 MB
ExecutionTime = 72.78 s  ClockTime = 74 s

Time = 11
[mem] step-start: DEVICE_POOL current=22752 MB  actual(reserved)=38146 MB  highWater=28040 MB
Schwarz(Jacobi)+Bicgstab:  Solving for Ux, Initial residual = 0.00023942239251558637, Final residual = 1.1067937316724773e-05, No Iterations 5, Solve time = 184.149 ms
Schwarz(Jacobi)+Bicgstab:  Solving for Uy, Initial residual = 0.010999537938204343, Final residual = 0.00031960377295207253, No Iterations 5, Solve time = 184.149 ms
Schwarz(Jacobi)+Bicgstab:  Solving for Uz, Initial residual = 0.0025418439471392488, Final residual = 7.251624448605264e-05, No Iterations 5, Solve time = 184.149 ms
[mem] after-UEqn: DEVICE_POOL current=22752 MB  actual(reserved)=38146 MB  highWater=28040 MB
[GinkgoSolver] p-cache: reuse(update_matrix_value) solve=11 rebuildInterval=100
config(Cg+Schwarz(Multigrid)):  Solving for p, Initial residual = 0.012864717633609572, Final residual = 0.00012474298459825927, No Iterations 74, Solve time = 1734.72 ms
time step continuity errors : sum local = 2.3248480778900102e-05, global = 3.5214900758111356e-07, cumulative = -5.158217207611585e-06
[mem] after-pEqn: DEVICE_POOL current=22752 MB  actual(reserved)=38146 MB  highWater=28040 MB
[GinkgoSolver] p-cache: reuse(update_matrix_value) solve=11 rebuildInterval=0
Schwarz(Jacobi)+Bicgstab:  Solving for omega, Initial residual = 0.0001850963480060287, Final residual = 8.09799977242378e-06, No Iterations 2, Solve time = 47.683 ms
[GinkgoSolver] p-cache: reuse(update_matrix_value) solve=11 rebuildInterval=0
Schwarz(Jacobi)+Bicgstab:  Solving for k, Initial residual = 0.00043951683010393924, Final residual = 2.8282409522642022e-05, No Iterations 2, Solve time = 47.071 ms
[mem] after-turb: DEVICE_POOL current=22752 MB  actual(reserved)=38146 MB  highWater=28040 MB
ExecutionTime = 76.23999999999999 s  ClockTime = 77 s

Time = 12
[mem] step-start: DEVICE_POOL current=22752 MB  actual(reserved)=38146 MB  highWater=28040 MB
Schwarz(Jacobi)+Bicgstab:  Solving for Ux, Initial residual = 0.00022766108870876477, Final residual = 1.4816821508330715e-05, No Iterations 4, Solve time = 156.223 ms
Schwarz(Jacobi)+Bicgstab:  Solving for Uy, Initial residual = 0.010976808408058628, Final residual = 0.000792164764145608, No Iterations 4, Solve time = 156.223 ms
Schwarz(Jacobi)+Bicgstab:  Solving for Uz, Initial residual = 0.0024742774345432278, Final residual = 0.00012070687095811874, No Iterations 4, Solve time = 156.223 ms
[mem] after-UEqn: DEVICE_POOL current=22752 MB  actual(reserved)=38146 MB  highWater=28040 MB
[GinkgoSolver] p-cache: reuse(update_matrix_value) solve=12 rebuildInterval=100
config(Cg+Schwarz(Multigrid)):  Solving for p, Initial residual = 0.011905695329503817, Final residual = 0.00011724879517258098, No Iterations 68, Solve time = 1596.957 ms
time step continuity errors : sum local = 2.3802652629836055e-05, global = 8.243576013012749e-07, cumulative = -4.33385960631031e-06
[mem] after-pEqn: DEVICE_POOL current=22752 MB  actual(reserved)=38146 MB  highWater=28040 MB
[GinkgoSolver] p-cache: reuse(update_matrix_value) solve=12 rebuildInterval=0
Schwarz(Jacobi)+Bicgstab:  Solving for omega, Initial residual = 0.00015605831515279822, Final residual = 7.140483027368861e-06, No Iterations 2, Solve time = 47.356 ms
[GinkgoSolver] p-cache: reuse(update_matrix_value) solve=12 rebuildInterval=0
Schwarz(Jacobi)+Bicgstab:  Solving for k, Initial residual = 0.0003876300551046725, Final residual = 2.5727221151121415e-05, No Iterations 2, Solve time = 47.575 ms
[mem] after-turb: DEVICE_POOL current=22752 MB  actual(reserved)=38146 MB  highWater=28040 MB
ExecutionTime = 79.54000000000001 s  ClockTime = 80 s

Time = 13
[mem] step-start: DEVICE_POOL current=22752 MB  actual(reserved)=38146 MB  highWater=28040 MB
Schwarz(Jacobi)+Bicgstab:  Solving for Ux, Initial residual = 0.00021558102289270207, Final residual = 9.405224821877258e-06, No Iterations 4, Solve time = 156.249 ms
Schwarz(Jacobi)+Bicgstab:  Solving for Uy, Initial residual = 0.010236727703465384, Final residual = 0.0005792718640742112, No Iterations 4, Solve time = 156.249 ms
Schwarz(Jacobi)+Bicgstab:  Solving for Uz, Initial residual = 0.002291191490195819, Final residual = 0.00010869886149901429, No Iterations 4, Solve time = 156.249 ms
[mem] after-UEqn: DEVICE_POOL current=22752 MB  actual(reserved)=38146 MB  highWater=28040 MB
[GinkgoSolver] p-cache: reuse(update_matrix_value) solve=13 rebuildInterval=100
config(Cg+Schwarz(Multigrid)):  Solving for p, Initial residual = 0.010545212936529685, Final residual = 0.00010506971088211536, No Iterations 68, Solve time = 1593.381 ms
time step continuity errors : sum local = 2.3680414629794823e-05, global = 5.635826418032734e-07, cumulative = -3.7702769645070365e-06
[mem] after-pEqn: DEVICE_POOL current=22752 MB  actual(reserved)=38146 MB  highWater=28040 MB
[GinkgoSolver] p-cache: reuse(update_matrix_value) solve=13 rebuildInterval=0
Schwarz(Jacobi)+Bicgstab:  Solving for omega, Initial residual = 0.0001349534192244224, Final residual = 6.422549175989846e-06, No Iterations 2, Solve time = 47.952 ms
[GinkgoSolver] p-cache: reuse(update_matrix_value) solve=13 rebuildInterval=0
Schwarz(Jacobi)+Bicgstab:  Solving for k, Initial residual = 0.0003677467178195715, Final residual = 2.58826980823195e-05, No Iterations 2, Solve time = 47.014 ms
[mem] after-turb: DEVICE_POOL current=22752 MB  actual(reserved)=38146 MB  highWater=28040 MB
ExecutionTime = 82.83 s  ClockTime = 84 s

Time = 14
[mem] step-start: DEVICE_POOL current=22752 MB  actual(reserved)=38146 MB  highWater=28040 MB
Schwarz(Jacobi)+Bicgstab:  Solving for Ux, Initial residual = 0.00020530858779512417, Final residual = 1.3720029940707309e-05, No Iterations 4, Solve time = 155.604 ms
Schwarz(Jacobi)+Bicgstab:  Solving for Uy, Initial residual = 0.00928419567496141, Final residual = 0.001260105613594497, No Iterations 4, Solve time = 155.604 ms
Schwarz(Jacobi)+Bicgstab:  Solving for Uz, Initial residual = 0.0020924688478349183, Final residual = 0.00022083556004963664, No Iterations 4, Solve time = 155.604 ms
[mem] after-UEqn: DEVICE_POOL current=22752 MB  actual(reserved)=38146 MB  highWater=28040 MB
[GinkgoSolver] p-cache: reuse(update_matrix_value) solve=14 rebuildInterval=100
config(Cg+Schwarz(Multigrid)):  Solving for p, Initial residual = 0.009210238513497714, Final residual = 9.167723552075153e-05, No Iterations 66, Solve time = 1563.509 ms
time step continuity errors : sum local = 2.286277455353596e-05, global = 2.43950193238943e-07, cumulative = -3.5263267712680934e-06
[mem] after-pEqn: DEVICE_POOL current=22752 MB  actual(reserved)=38146 MB  highWater=28040 MB
[GinkgoSolver] p-cache: reuse(update_matrix_value) solve=14 rebuildInterval=0
Schwarz(Jacobi)+Bicgstab:  Solving for omega, Initial residual = 0.00012045644231872781, Final residual = 5.876738443396533e-06, No Iterations 2, Solve time = 48.719 ms
[GinkgoSolver] p-cache: reuse(update_matrix_value) solve=14 rebuildInterval=0
Schwarz(Jacobi)+Bicgstab:  Solving for k, Initial residual = 0.0003602433157555734, Final residual = 2.9089660291254496e-05, No Iterations 2, Solve time = 48.397 ms
[mem] after-turb: DEVICE_POOL current=22752 MB  actual(reserved)=38146 MB  highWater=28040 MB
ExecutionTime = 86.06999999999999 s  ClockTime = 87 s

Time = 15
[mem] step-start: DEVICE_POOL current=22752 MB  actual(reserved)=38146 MB  highWater=28040 MB
Schwarz(Jacobi)+Bicgstab:  Solving for Ux, Initial residual = 0.0001974510009192388, Final residual = 1.52247962817742e-05, No Iterations 4, Solve time = 153.671 ms
Schwarz(Jacobi)+Bicgstab:  Solving for Uy, Initial residual = 0.00860273726195104, Final residual = 0.0005139449048013083, No Iterations 4, Solve time = 153.671 ms
Schwarz(Jacobi)+Bicgstab:  Solving for Uz, Initial residual = 0.001949198153223843, Final residual = 0.00010434795738791546, No Iterations 4, Solve time = 153.671 ms
[mem] after-UEqn: DEVICE_POOL current=22752 MB  actual(reserved)=38146 MB  highWater=28040 MB
[GinkgoSolver] p-cache: reuse(update_matrix_value) solve=15 rebuildInterval=100
config(Cg+Schwarz(Multigrid)):  Solving for p, Initial residual = 0.008233926673502198, Final residual = 8.095724772615122e-05, No Iterations 38, Solve time = 909.358 ms
time step continuity errors : sum local = 2.1877269440923367e-05, global = 6.518182505874446e-07, cumulative = -2.8745085206806487e-06
[mem] after-pEqn: DEVICE_POOL current=22752 MB  actual(reserved)=38146 MB  highWater=28040 MB
[GinkgoSolver] p-cache: reuse(update_matrix_value) solve=15 rebuildInterval=0
Schwarz(Jacobi)+Bicgstab:  Solving for omega, Initial residual = 0.00010975104071667511, Final residual = 5.422688108760306e-06, No Iterations 2, Solve time = 47.286 ms
[GinkgoSolver] p-cache: reuse(update_matrix_value) solve=15 rebuildInterval=0
Schwarz(Jacobi)+Bicgstab:  Solving for k, Initial residual = 0.0003546618895232876, Final residual = 9.495867983831775e-06, No Iterations 3, Solve time = 62.422 ms
[mem] after-turb: DEVICE_POOL current=22752 MB  actual(reserved)=38146 MB  highWater=28040 MB
ExecutionTime = 88.70999999999999 s  ClockTime = 90 s

Time = 16
[mem] step-start: DEVICE_POOL current=22752 MB  actual(reserved)=38146 MB  highWater=28040 MB
Schwarz(Jacobi)+Bicgstab:  Solving for Ux, Initial residual = 0.00019007241923030957, Final residual = 5.109343205036841e-06, No Iterations 5, Solve time = 185.702 ms
Schwarz(Jacobi)+Bicgstab:  Solving for Uy, Initial residual = 0.008185837842792195, Final residual = 0.00021426433047445055, No Iterations 5, Solve time = 185.702 ms
Schwarz(Jacobi)+Bicgstab:  Solving for Uz, Initial residual = 0.0018866713605830564, Final residual = 7.448187518147053e-05, No Iterations 5, Solve time = 185.702 ms
[mem] after-UEqn: DEVICE_POOL current=22752 MB  actual(reserved)=38146 MB  highWater=28040 MB
[GinkgoSolver] p-cache: reuse(update_matrix_value) solve=16 rebuildInterval=100
config(Cg+Schwarz(Multigrid)):  Solving for p, Initial residual = 0.007717534681693657, Final residual = 7.174000565341572e-05, No Iterations 63, Solve time = 1481.911 ms
time step continuity errors : sum local = 2.021584438330176e-05, global = -9.195654415431897e-07, cumulative = -3.7940739622238386e-06
[mem] after-pEqn: DEVICE_POOL current=22752 MB  actual(reserved)=38146 MB  highWater=28040 MB
[GinkgoSolver] p-cache: reuse(update_matrix_value) solve=16 rebuildInterval=0
Schwarz(Jacobi)+Bicgstab:  Solving for omega, Initial residual = 0.00010123473684347011, Final residual = 5.115252542816278e-06, No Iterations 2, Solve time = 47.543 ms
[GinkgoSolver] p-cache: reuse(update_matrix_value) solve=16 rebuildInterval=0
Schwarz(Jacobi)+Bicgstab:  Solving for k, Initial residual = 0.00035202001379758296, Final residual = 2.733560076890514e-05, No Iterations 2, Solve time = 47.759 ms
[mem] after-turb: DEVICE_POOL current=22752 MB  actual(reserved)=38146 MB  highWater=28040 MB
ExecutionTime = 91.90000000000001 s  ClockTime = 93 s

Time = 17
[mem] step-start: DEVICE_POOL current=22752 MB  actual(reserved)=38146 MB  highWater=28040 MB
Schwarz(Jacobi)+Bicgstab:  Solving for Ux, Initial residual = 0.00018345562970559936, Final residual = 4.024596513902357e-06, No Iterations 5, Solve time = 186.271 ms
Schwarz(Jacobi)+Bicgstab:  Solving for Uy, Initial residual = 0.007900745112235603, Final residual = 0.0002742743828008137, No Iterations 5, Solve time = 186.271 ms
Schwarz(Jacobi)+Bicgstab:  Solving for Uz, Initial residual = 0.0018208481724823374, Final residual = 4.5701755654174096e-05, No Iterations 5, Solve time = 186.271 ms
[mem] after-UEqn: DEVICE_POOL current=22752 MB  actual(reserved)=38146 MB  highWater=28040 MB
[GinkgoSolver] p-cache: reuse(update_matrix_value) solve=17 rebuildInterval=100
config(Cg+Schwarz(Multigrid)):  Solving for p, Initial residual = 0.007263977884464528, Final residual = 7.16240573578075e-05, No Iterations 41, Solve time = 976.934 ms
time step continuity errors : sum local = 2.102376140582813e-05, global = 5.927452558414504e-07, cumulative = -3.2013287063823883e-06
[mem] after-pEqn: DEVICE_POOL current=22752 MB  actual(reserved)=38146 MB  highWater=28040 MB
[GinkgoSolver] p-cache: reuse(update_matrix_value) solve=17 rebuildInterval=0
Schwarz(Jacobi)+Bicgstab:  Solving for omega, Initial residual = 9.436056876929509e-05, Final residual = 4.8151875821885226e-06, No Iterations 2, Solve time = 47.07 ms
[GinkgoSolver] p-cache: reuse(update_matrix_value) solve=17 rebuildInterval=0
Schwarz(Jacobi)+Bicgstab:  Solving for k, Initial residual = 0.00035055069075798026, Final residual = 8.388384357768913e-06, No Iterations 3, Solve time = 61.904 ms
[mem] after-turb: DEVICE_POOL current=22752 MB  actual(reserved)=38146 MB  highWater=28040 MB
ExecutionTime = 94.64 s  ClockTime = 96 s

Time = 18
[mem] step-start: DEVICE_POOL current=22752 MB  actual(reserved)=38146 MB  highWater=28040 MB
Schwarz(Jacobi)+Bicgstab:  Solving for Ux, Initial residual = 0.00017522669365790383, Final residual = 1.6629901615264842e-05, No Iterations 4, Solve time = 154.375 ms
Schwarz(Jacobi)+Bicgstab:  Solving for Uy, Initial residual = 0.007568393254590833, Final residual = 0.0004583358103508721, No Iterations 4, Solve time = 154.375 ms
Schwarz(Jacobi)+Bicgstab:  Solving for Uz, Initial residual = 0.0017468091707751724, Final residual = 7.126154246257247e-05, No Iterations 4, Solve time = 154.375 ms
[mem] after-UEqn: DEVICE_POOL current=22752 MB  actual(reserved)=38146 MB  highWater=28040 MB
[GinkgoSolver] p-cache: reuse(update_matrix_value) solve=18 rebuildInterval=100
config(Cg+Schwarz(Multigrid)):  Solving for p, Initial residual = 0.0069862579851254795, Final residual = 6.860669188759951e-05, No Iterations 61, Solve time = 1442.087 ms
time step continuity errors : sum local = 2.0538689435167358e-05, global = -5.928250415177551e-07, cumulative = -3.7941537479001432e-06
[mem] after-pEqn: DEVICE_POOL current=22752 MB  actual(reserved)=38146 MB  highWater=28040 MB
[GinkgoSolver] p-cache: reuse(update_matrix_value) solve=18 rebuildInterval=0
Schwarz(Jacobi)+Bicgstab:  Solving for omega, Initial residual = 8.80629590429928e-05, Final residual = 4.580711508774377e-06, No Iterations 2, Solve time = 47.644 ms
[GinkgoSolver] p-cache: reuse(update_matrix_value) solve=18 rebuildInterval=0
Schwarz(Jacobi)+Bicgstab:  Solving for k, Initial residual = 0.000349548587789344, Final residual = 3.061259935162635e-05, No Iterations 2, Solve time = 47.848 ms
[mem] after-turb: DEVICE_POOL current=22752 MB  actual(reserved)=38146 MB  highWater=28040 MB
ExecutionTime = 97.76000000000001 s  ClockTime = 99 s

Time = 19
[mem] step-start: DEVICE_POOL current=22752 MB  actual(reserved)=38146 MB  highWater=28040 MB
Schwarz(Jacobi)+Bicgstab:  Solving for Ux, Initial residual = 0.00016777267944942164, Final residual = 7.631339101856243e-06, No Iterations 4, Solve time = 155.657 ms
Schwarz(Jacobi)+Bicgstab:  Solving for Uy, Initial residual = 0.007335156381533125, Final residual = 0.0010458305367820845, No Iterations 4, Solve time = 155.657 ms
Schwarz(Jacobi)+Bicgstab:  Solving for Uz, Initial residual = 0.0017020594300233903, Final residual = 6.947630733140438e-05, No Iterations 4, Solve time = 155.657 ms
[mem] after-UEqn: DEVICE_POOL current=22752 MB  actual(reserved)=38146 MB  highWater=28040 MB
[GinkgoSolver] p-cache: reuse(update_matrix_value) solve=19 rebuildInterval=100
config(Cg+Schwarz(Multigrid)):  Solving for p, Initial residual = 0.006675975828834411, Final residual = 6.653622544316945e-05, No Iterations 40, Solve time = 955.492 ms
time step continuity errors : sum local = 2.0388463930664222e-05, global = 8.164330316000917e-07, cumulative = -2.9777207163000517e-06
[mem] after-pEqn: DEVICE_POOL current=22752 MB  actual(reserved)=38146 MB  highWater=28040 MB
[GinkgoSolver] p-cache: reuse(update_matrix_value) solve=19 rebuildInterval=0
Schwarz(Jacobi)+Bicgstab:  Solving for omega, Initial residual = 8.306218892141613e-05, Final residual = 4.3835044908505376e-06, No Iterations 2, Solve time = 47.556 ms
[GinkgoSolver] p-cache: reuse(update_matrix_value) solve=19 rebuildInterval=0
Schwarz(Jacobi)+Bicgstab:  Solving for k, Initial residual = 0.00034976579050996444, Final residual = 8.565951569425803e-06, No Iterations 3, Solve time = 62.354 ms
[mem] after-turb: DEVICE_POOL current=22752 MB  actual(reserved)=38146 MB  highWater=28040 MB
ExecutionTime = 100.41 s  ClockTime = 101 s

Time = 20
[mem] step-start: DEVICE_POOL current=22752 MB  actual(reserved)=38146 MB  highWater=28040 MB
Schwarz(Jacobi)+Bicgstab:  Solving for Ux, Initial residual = 0.00016224514425930563, Final residual = 1.5070765128226193e-05, No Iterations 3, Solve time = 125.242 ms
Schwarz(Jacobi)+Bicgstab:  Solving for Uy, Initial residual = 0.0072566044969619445, Final residual = 0.0006065169963901438, No Iterations 3, Solve time = 125.242 ms
Schwarz(Jacobi)+Bicgstab:  Solving for Uz, Initial residual = 0.0016926795257816607, Final residual = 0.00015699633168740135, No Iterations 3, Solve time = 125.242 ms
[mem] after-UEqn: DEVICE_POOL current=22752 MB  actual(reserved)=38146 MB  highWater=28040 MB
[GinkgoSolver] p-cache: reuse(update_matrix_value) solve=20 rebuildInterval=100
config(Cg+Schwarz(Multigrid)):  Solving for p, Initial residual = 0.006502971527815708, Final residual = 6.296312349807911e-05, No Iterations 36, Solve time = 863.127 ms
time step continuity errors : sum local = 1.9402537446366926e-05, global = 7.100221255579089e-07, cumulative = -2.267698590742143e-06
[mem] after-pEqn: DEVICE_POOL current=22752 MB  actual(reserved)=38146 MB  highWater=28040 MB
[GinkgoSolver] p-cache: reuse(update_matrix_value) solve=20 rebuildInterval=0
Schwarz(Jacobi)+Bicgstab:  Solving for omega, Initial residual = 7.819915156831069e-05, Final residual = 4.217864041619351e-06, No Iterations 2, Solve time = 45.658 ms
[GinkgoSolver] p-cache: reuse(update_matrix_value) solve=20 rebuildInterval=0
Schwarz(Jacobi)+Bicgstab:  Solving for k, Initial residual = 0.0003514674542877322, Final residual = 8.30546437262748e-06, No Iterations 3, Solve time = 61.133 ms
[mem] after-turb: DEVICE_POOL current=22752 MB  actual(reserved)=38146 MB  highWater=28040 MB
ExecutionTime = 102.96 s  ClockTime = 104 s

Time = 21
[mem] step-start: DEVICE_POOL current=22752 MB  actual(reserved)=38146 MB  highWater=28040 MB
Schwarz(Jacobi)+Bicgstab:  Solving for Ux, Initial residual = 0.00015860483519549424, Final residual = 6.189690489859228e-06, No Iterations 4, Solve time = 155.41 ms
Schwarz(Jacobi)+Bicgstab:  Solving for Uy, Initial residual = 0.007234296129779006, Final residual = 0.0003354436975746168, No Iterations 4, Solve time = 155.41 ms
Schwarz(Jacobi)+Bicgstab:  Solving for Uz, Initial residual = 0.0017127548753732935, Final residual = 0.00016130935105503885, No Iterations 4, Solve time = 155.41 ms
[mem] after-UEqn: DEVICE_POOL current=22752 MB  actual(reserved)=38146 MB  highWater=28040 MB
[GinkgoSolver] p-cache: reuse(update_matrix_value) solve=21 rebuildInterval=100
config(Cg+Schwarz(Multigrid)):  Solving for p, Initial residual = 0.0063515393393025555, Final residual = 6.060931867477788e-05, No Iterations 36, Solve time = 858.806 ms
time step continuity errors : sum local = 1.8732431724556857e-05, global = 7.922501772644243e-07, cumulative = -1.4754484134777186e-06
[mem] after-pEqn: DEVICE_POOL current=22752 MB  actual(reserved)=38146 MB  highWater=28040 MB
[GinkgoSolver] p-cache: reuse(update_matrix_value) solve=21 rebuildInterval=0
Schwarz(Jacobi)+Bicgstab:  Solving for omega, Initial residual = 7.373991021384858e-05, Final residual = 4.029499814419959e-06, No Iterations 2, Solve time = 47.918 ms
[GinkgoSolver] p-cache: reuse(update_matrix_value) solve=21 rebuildInterval=0
Schwarz(Jacobi)+Bicgstab:  Solving for k, Initial residual = 0.0003525768915402178, Final residual = 8.399006354078627e-06, No Iterations 3, Solve time = 62.173 ms
[mem] after-turb: DEVICE_POOL current=22752 MB  actual(reserved)=38146 MB  highWater=28040 MB
ExecutionTime = 105.54 s  ClockTime = 107 s

Time = 22
[mem] step-start: DEVICE_POOL current=22752 MB  actual(reserved)=38146 MB  highWater=28040 MB
Schwarz(Jacobi)+Bicgstab:  Solving for Ux, Initial residual = 0.00015538820237620963, Final residual = 1.200513527809119e-05, No Iterations 3, Solve time = 125.677 ms
Schwarz(Jacobi)+Bicgstab:  Solving for Uy, Initial residual = 0.007188299144802923, Final residual = 0.0006200455226495675, No Iterations 3, Solve time = 125.677 ms
Schwarz(Jacobi)+Bicgstab:  Solving for Uz, Initial residual = 0.001737077189077077, Final residual = 0.00014462231923744335, No Iterations 3, Solve time = 125.677 ms
[mem] after-UEqn: DEVICE_POOL current=22752 MB  actual(reserved)=38146 MB  highWater=28040 MB
[GinkgoSolver] p-cache: reuse(update_matrix_value) solve=22 rebuildInterval=100
config(Cg+Schwarz(Multigrid)):  Solving for p, Initial residual = 0.006190252970142415, Final residual = 5.949685296885815e-05, No Iterations 36, Solve time = 863.5 ms
time step continuity errors : sum local = 1.8530469311963715e-05, global = 8.128999204254757e-07, cumulative = -6.625484930522429e-07
[mem] after-pEqn: DEVICE_POOL current=22752 MB  actual(reserved)=38146 MB  highWater=28040 MB
[GinkgoSolver] p-cache: reuse(update_matrix_value) solve=22 rebuildInterval=0
Schwarz(Jacobi)+Bicgstab:  Solving for omega, Initial residual = 6.971881132264542e-05, Final residual = 3.86455829247134e-06, No Iterations 2, Solve time = 48.003 ms
[GinkgoSolver] p-cache: reuse(update_matrix_value) solve=22 rebuildInterval=0
Schwarz(Jacobi)+Bicgstab:  Solving for k, Initial residual = 0.0003543387684479211, Final residual = 8.577127718841445e-06, No Iterations 3, Solve time = 62.475 ms
[mem] after-turb: DEVICE_POOL current=22752 MB  actual(reserved)=38146 MB  highWater=28040 MB
ExecutionTime = 108.08 s  ClockTime = 109 s

Time = 23
[mem] step-start: DEVICE_POOL current=22752 MB  actual(reserved)=38146 MB  highWater=28040 MB
Schwarz(Jacobi)+Bicgstab:  Solving for Ux, Initial residual = 0.00015329121084654756, Final residual = 1.0542791506924798e-05, No Iterations 4, Solve time = 154.463 ms
Schwarz(Jacobi)+Bicgstab:  Solving for Uy, Initial residual = 0.00710996461206338, Final residual = 0.0003288044562749916, No Iterations 4, Solve time = 154.463 ms
Schwarz(Jacobi)+Bicgstab:  Solving for Uz, Initial residual = 0.001754241804705901, Final residual = 6.335655685363846e-05, No Iterations 4, Solve time = 154.463 ms
[mem] after-UEqn: DEVICE_POOL current=22752 MB  actual(reserved)=38146 MB  highWater=28040 MB
[GinkgoSolver] p-cache: reuse(update_matrix_value) solve=23 rebuildInterval=100
config(Cg+Schwarz(Multigrid)):  Solving for p, Initial residual = 0.006038189771602467, Final residual = 5.90888237493455e-05, No Iterations 31, Solve time = 748.498 ms
time step continuity errors : sum local = 1.8593902381398293e-05, global = 5.469224780789564e-07, cumulative = -1.1562601497328652e-07
[mem] after-pEqn: DEVICE_POOL current=22752 MB  actual(reserved)=38146 MB  highWater=28040 MB
[GinkgoSolver] p-cache: reuse(update_matrix_value) solve=23 rebuildInterval=0
Schwarz(Jacobi)+Bicgstab:  Solving for omega, Initial residual = 6.623353402461647e-05, Final residual = 3.7294568919719136e-06, No Iterations 2, Solve time = 47.609 ms
[GinkgoSolver] p-cache: reuse(update_matrix_value) solve=23 rebuildInterval=0
Schwarz(Jacobi)+Bicgstab:  Solving for k, Initial residual = 0.00035677072597929915, Final residual = 8.761866762254338e-06, No Iterations 3, Solve time = 62.657 ms
[mem] after-turb: DEVICE_POOL current=22752 MB  actual(reserved)=38146 MB  highWater=28040 MB
ExecutionTime = 110.54 s  ClockTime = 112 s

Time = 24
[mem] step-start: DEVICE_POOL current=22752 MB  actual(reserved)=38146 MB  highWater=28040 MB
Schwarz(Jacobi)+Bicgstab:  Solving for Ux, Initial residual = 0.00015144045291114012, Final residual = 8.173812978396427e-06, No Iterations 4, Solve time = 155.814 ms
Schwarz(Jacobi)+Bicgstab:  Solving for Uy, Initial residual = 0.006960994161063282, Final residual = 0.00023721190058048402, No Iterations 4, Solve time = 155.814 ms
Schwarz(Jacobi)+Bicgstab:  Solving for Uz, Initial residual = 0.0017524050182508102, Final residual = 8.79445347092264e-05, No Iterations 4, Solve time = 155.814 ms
[mem] after-UEqn: DEVICE_POOL current=22752 MB  actual(reserved)=38146 MB  highWater=28040 MB
[GinkgoSolver] p-cache: reuse(update_matrix_value) solve=24 rebuildInterval=100
config(Cg+Schwarz(Multigrid)):  Solving for p, Initial residual = 0.0059157223789159654, Final residual = 5.468625038170129e-05, No Iterations 24, Solve time = 588.207 ms
time step continuity errors : sum local = 1.7318468734047327e-05, global = 5.236492930837536e-07, cumulative = 4.080232781104671e-07
[mem] after-pEqn: DEVICE_POOL current=22752 MB  actual(reserved)=38146 MB  highWater=28040 MB
[GinkgoSolver] p-cache: reuse(update_matrix_value) solve=24 rebuildInterval=0
Schwarz(Jacobi)+Bicgstab:  Solving for omega, Initial residual = 6.306225606139535e-05, Final residual = 3.5920424530215958e-06, No Iterations 2, Solve time = 47.162 ms
[GinkgoSolver] p-cache: reuse(update_matrix_value) solve=24 rebuildInterval=0
Schwarz(Jacobi)+Bicgstab:  Solving for k, Initial residual = 0.00036032373471795646, Final residual = 8.883703777014045e-06, No Iterations 3, Solve time = 61.806 ms
[mem] after-turb: DEVICE_POOL current=22752 MB  actual(reserved)=38146 MB  highWater=28040 MB
ExecutionTime = 112.85 s  ClockTime = 114 s

Time = 25
[mem] step-start: DEVICE_POOL current=22752 MB  actual(reserved)=38146 MB  highWater=28040 MB
Schwarz(Jacobi)+Bicgstab:  Solving for Ux, Initial residual = 0.0001495414135159329, Final residual = 1.3979837698594185e-05, No Iterations 3, Solve time = 125.939 ms
Schwarz(Jacobi)+Bicgstab:  Solving for Uy, Initial residual = 0.006773901810958202, Final residual = 0.0005222072790022682, No Iterations 3, Solve time = 125.939 ms
Schwarz(Jacobi)+Bicgstab:  Solving for Uz, Initial residual = 0.0017451735746824165, Final residual = 0.00014301463064423959, No Iterations 3, Solve time = 125.939 ms
[mem] after-UEqn: DEVICE_POOL current=22752 MB  actual(reserved)=38146 MB  highWater=28040 MB
[GinkgoSolver] p-cache: reuse(update_matrix_value) solve=25 rebuildInterval=100
config(Cg+Schwarz(Multigrid)):  Solving for p, Initial residual = 0.00582852669601432, Final residual = 5.8032834825186955e-05, No Iterations 20, Solve time = 492.568 ms
time step continuity errors : sum local = 1.839585023038171e-05, global = 7.110021174227014e-07, cumulative = 1.1190253955331684e-06
[mem] after-pEqn: DEVICE_POOL current=22752 MB  actual(reserved)=38146 MB  highWater=28040 MB
[GinkgoSolver] p-cache: reuse(update_matrix_value) solve=25 rebuildInterval=0
Schwarz(Jacobi)+Bicgstab:  Solving for omega, Initial residual = 6.02181718838776e-05, Final residual = 3.450912293300888e-06, No Iterations 2, Solve time = 47.613 ms
[GinkgoSolver] p-cache: reuse(update_matrix_value) solve=25 rebuildInterval=0
Schwarz(Jacobi)+Bicgstab:  Solving for k, Initial residual = 0.0003635599745469524, Final residual = 9.029793197778934e-06, No Iterations 3, Solve time = 62.135 ms
[mem] after-turb: DEVICE_POOL current=22752 MB  actual(reserved)=38146 MB  highWater=28040 MB
ExecutionTime = 115.03 s  ClockTime = 116 s

Time = 26
[mem] step-start: DEVICE_POOL current=22752 MB  actual(reserved)=38146 MB  highWater=28040 MB
Schwarz(Jacobi)+Bicgstab:  Solving for Ux, Initial residual = 0.00014712920866253595, Final residual = 7.538572337049903e-06, No Iterations 4, Solve time = 155.736 ms
Schwarz(Jacobi)+Bicgstab:  Solving for Uy, Initial residual = 0.006616641452218671, Final residual = 0.00021769493138671801, No Iterations 4, Solve time = 155.736 ms
Schwarz(Jacobi)+Bicgstab:  Solving for Uz, Initial residual = 0.0017459510938151374, Final residual = 7.891582043643297e-05, No Iterations 4, Solve time = 155.736 ms
[mem] after-UEqn: DEVICE_POOL current=22752 MB  actual(reserved)=38146 MB  highWater=28040 MB
[GinkgoSolver] p-cache: reuse(update_matrix_value) solve=26 rebuildInterval=100
config(Cg+Schwarz(Multigrid)):  Solving for p, Initial residual = 0.005755131166419872, Final residual = 5.1881097633279405e-05, No Iterations 24, Solve time = 584.557 ms
time step continuity errors : sum local = 1.6427056240733693e-05, global = 8.581426467963648e-07, cumulative = 1.9771680423295333e-06
[mem] after-pEqn: DEVICE_POOL current=22752 MB  actual(reserved)=38146 MB  highWater=28040 MB
[GinkgoSolver] p-cache: reuse(update_matrix_value) solve=26 rebuildInterval=0
Schwarz(Jacobi)+Bicgstab:  Solving for omega, Initial residual = 5.7707978131692675e-05, Final residual = 3.3462837238837857e-06, No Iterations 2, Solve time = 47.23 ms
bounding omega, min: -46979.544523982644 max: 45356131.20078196 average: 7144.41493964047
[GinkgoSolver] p-cache: reuse(update_matrix_value) solve=26 rebuildInterval=0
Schwarz(Jacobi)+Bicgstab:  Solving for k, Initial residual = 0.00036754570771635036, Final residual = 9.275141597296874e-06, No Iterations 3, Solve time = 62.431 ms
[mem] after-turb: DEVICE_POOL current=22752 MB  actual(reserved)=38146 MB  highWater=28040 MB
ExecutionTime = 117.35 s  ClockTime = 118 s

Time = 27
[mem] step-start: DEVICE_POOL current=22752 MB  actual(reserved)=38146 MB  highWater=28040 MB
Schwarz(Jacobi)+Bicgstab:  Solving for Ux, Initial residual = 0.0001447189044364328, Final residual = 9.599537020596189e-06, No Iterations 3, Solve time = 124.843 ms
Schwarz(Jacobi)+Bicgstab:  Solving for Uy, Initial residual = 0.006462466985910327, Final residual = 0.00046693131522265133, No Iterations 3, Solve time = 124.843 ms
Schwarz(Jacobi)+Bicgstab:  Solving for Uz, Initial residual = 0.001745841148647962, Final residual = 0.000140093966893075, No Iterations 3, Solve time = 124.843 ms
[mem] after-UEqn: DEVICE_POOL current=22752 MB  actual(reserved)=38146 MB  highWater=28040 MB
[GinkgoSolver] p-cache: reuse(update_matrix_value) solve=27 rebuildInterval=100
config(Cg+Schwarz(Multigrid)):  Solving for p, Initial residual = 0.005665060396877943, Final residual = 5.645051365857796e-05, No Iterations 22, Solve time = 539.129 ms
time step continuity errors : sum local = 1.786371707077106e-05, global = 1.0369429505061246e-06, cumulative = 3.014110992835658e-06
[mem] after-pEqn: DEVICE_POOL current=22752 MB  actual(reserved)=38146 MB  highWater=28040 MB
[GinkgoSolver] p-cache: reuse(update_matrix_value) solve=27 rebuildInterval=0
Schwarz(Jacobi)+Bicgstab:  Solving for omega, Initial residual = 5.545396897965656e-05, Final residual = 3.249157547139528e-06, No Iterations 2, Solve time = 47.857 ms
[GinkgoSolver] p-cache: reuse(update_matrix_value) solve=27 rebuildInterval=0
Schwarz(Jacobi)+Bicgstab:  Solving for k, Initial residual = 0.0003725317947518497, Final residual = 9.768770837403589e-06, No Iterations 3, Solve time = 62.186 ms
[mem] after-turb: DEVICE_POOL current=22752 MB  actual(reserved)=38146 MB  highWater=28040 MB
ExecutionTime = 119.57 s  ClockTime = 121 s

Time = 28
[mem] step-start: DEVICE_POOL current=22752 MB  actual(reserved)=38146 MB  highWater=28040 MB
Schwarz(Jacobi)+Bicgstab:  Solving for Ux, Initial residual = 0.00014251449231996246, Final residual = 9.303547001741817e-06, No Iterations 3, Solve time = 123.709 ms
Schwarz(Jacobi)+Bicgstab:  Solving for Uy, Initial residual = 0.006333586099736456, Final residual = 0.00045158853134476566, No Iterations 3, Solve time = 123.709 ms
Schwarz(Jacobi)+Bicgstab:  Solving for Uz, Initial residual = 0.0017494602026383232, Final residual = 0.00013875200441774402, No Iterations 3, Solve time = 123.709 ms
[mem] after-UEqn: DEVICE_POOL current=22752 MB  actual(reserved)=38146 MB  highWater=28040 MB
[GinkgoSolver] p-cache: reuse(update_matrix_value) solve=28 rebuildInterval=100
config(Cg+Schwarz(Multigrid)):  Solving for p, Initial residual = 0.005602838533054651, Final residual = 5.484809943272316e-05, No Iterations 36, Solve time = 861.147 ms
time step continuity errors : sum local = 1.728358881377512e-05, global = -1.3162011690309605e-08, cumulative = 3.0009489811453484e-06
[mem] after-pEqn: DEVICE_POOL current=22752 MB  actual(reserved)=38146 MB  highWater=28040 MB
[GinkgoSolver] p-cache: reuse(update_matrix_value) solve=28 rebuildInterval=0
Schwarz(Jacobi)+Bicgstab:  Solving for omega, Initial residual = 5.3469808676034406e-05, Final residual = 3.164185108490035e-06, No Iterations 2, Solve time = 47.64 ms
bounding omega, min: -81.5917579389669 max: 45356031.100396775 average: 7191.95888582421
[GinkgoSolver] p-cache: reuse(update_matrix_value) solve=28 rebuildInterval=0
Schwarz(Jacobi)+Bicgstab:  Solving for k, Initial residual = 0.0003772017875010446, Final residual = 9.681631321215616e-06, No Iterations 3, Solve time = 62.324 ms
[mem] after-turb: DEVICE_POOL current=22752 MB  actual(reserved)=38146 MB  highWater=28040 MB
ExecutionTime = 122.12 s  ClockTime = 123 s

Time = 29
[mem] step-start: DEVICE_POOL current=22752 MB  actual(reserved)=38146 MB  highWater=28040 MB
Schwarz(Jacobi)+Bicgstab:  Solving for Ux, Initial residual = 0.0001393425443242384, Final residual = 5.533120436676956e-06, No Iterations 4, Solve time = 155.378 ms
Schwarz(Jacobi)+Bicgstab:  Solving for Uy, Initial residual = 0.006222052523477427, Final residual = 0.0001918474976531136, No Iterations 4, Solve time = 155.378 ms
Schwarz(Jacobi)+Bicgstab:  Solving for Uz, Initial residual = 0.0017516846667393676, Final residual = 6.662515801375786e-05, No Iterations 4, Solve time = 155.378 ms
[mem] after-UEqn: DEVICE_POOL current=22752 MB  actual(reserved)=38146 MB  highWater=28040 MB
[GinkgoSolver] p-cache: reuse(update_matrix_value) solve=29 rebuildInterval=100
config(Cg+Schwarz(Multigrid)):  Solving for p, Initial residual = 0.005619840597116026, Final residual = 5.3980278015885624e-05, No Iterations 34, Solve time = 818.38 ms
time step continuity errors : sum local = 1.667814649528592e-05, global = -1.6822730025898233e-07, cumulative = 2.832721680886366e-06
[mem] after-pEqn: DEVICE_POOL current=22752 MB  actual(reserved)=38146 MB  highWater=28040 MB
[GinkgoSolver] p-cache: reuse(update_matrix_value) solve=29 rebuildInterval=0
Schwarz(Jacobi)+Bicgstab:  Solving for omega, Initial residual = 5.19072546427743e-05, Final residual = 3.109433638614179e-06, No Iterations 2, Solve time = 47.283 ms
[GinkgoSolver] p-cache: reuse(update_matrix_value) solve=29 rebuildInterval=0
Schwarz(Jacobi)+Bicgstab:  Solving for k, Initial residual = 0.00038365302441267476, Final residual = 9.870605375443131e-06, No Iterations 3, Solve time = 62.358 ms
[mem] after-turb: DEVICE_POOL current=22752 MB  actual(reserved)=38146 MB  highWater=28040 MB
ExecutionTime = 124.65 s  ClockTime = 126 s

Time = 30
[mem] step-start: DEVICE_POOL current=22752 MB  actual(reserved)=38146 MB  highWater=28040 MB
Schwarz(Jacobi)+Bicgstab:  Solving for Ux, Initial residual = 0.00013648835067788355, Final residual = 5.435058567606565e-06, No Iterations 4, Solve time = 154.33 ms
Schwarz(Jacobi)+Bicgstab:  Solving for Uy, Initial residual = 0.0061196325031901986, Final residual = 0.0003285262638925806, No Iterations 4, Solve time = 154.33 ms
Schwarz(Jacobi)+Bicgstab:  Solving for Uz, Initial residual = 0.001751699865857393, Final residual = 8.040316679344308e-05, No Iterations 4, Solve time = 154.33 ms
[mem] after-UEqn: DEVICE_POOL current=22752 MB  actual(reserved)=38146 MB  highWater=28040 MB
[GinkgoSolver] p-cache: reuse(update_matrix_value) solve=30 rebuildInterval=100
config(Cg+Schwarz(Multigrid)):  Solving for p, Initial residual = 0.005639593140196306, Final residual = 5.534926608303139e-05, No Iterations 20, Solve time = 492.588 ms
time step continuity errors : sum local = 1.6705623155776536e-05, global = 2.170083544146558e-07, cumulative = 3.049730035301022e-06
[mem] after-pEqn: DEVICE_POOL current=22752 MB  actual(reserved)=38146 MB  highWater=28040 MB
[GinkgoSolver] p-cache: reuse(update_matrix_value) solve=30 rebuildInterval=0
Schwarz(Jacobi)+Bicgstab:  Solving for omega, Initial residual = 5.081986616779293e-05, Final residual = 3.0514113896951865e-06, No Iterations 2, Solve time = 48.107 ms
bounding omega, min: -90.63367218517789 max: 45356087.917194694 average: 7233.071441279587
[GinkgoSolver] p-cache: reuse(update_matrix_value) solve=30 rebuildInterval=0
Schwarz(Jacobi)+Bicgstab:  Solving for k, Initial residual = 0.00039128770610796917, Final residual = 1.0233595545295166e-05, No Iterations 3, Solve time = 61.317 ms
[mem] after-turb: DEVICE_POOL current=22752 MB  actual(reserved)=38146 MB  highWater=28040 MB
Writing p
Writing U
Writing turbulence variables
ExecutionTime = 127.68 s  ClockTime = 131 s

Finalizing NeoN
Finalising parallel run
