Abort is in progress...hit ctrl-c again to forcibly terminate

[gpu-nvidia-h200-3:1209487] *** Process received signal ***
[gpu-nvidia-h200-3:1209487] Signal: Segmentation fault (11)
[gpu-nvidia-h200-3:1209487] Signal code: Address not mapped (1)
[gpu-nvidia-h200-3:1209487] Failing at address: 0x98
[gpu-nvidia-h200-3:1209487] [ 0] /lib64/libc.so.6(+0x3fc30)[0x7ff049967c30]
[gpu-nvidia-h200-3:1209487] [ 1] /storage/apps/opt/spack/opt/spack/__spack_path_placeholder__/__spack_path_placeholder__/__spack_path_placeholder__/__spack_path_placeholder__/__spack_path_placeholder__/__spack_path_placeholder__/__spack_path_placeholder__/__spack_path_placeholder__/__spac/linux-x86_64_v3/pmix-6.1.0-ridcdkqglgmjo4j6hiy23etjpniqqy5x/lib/libpmix.so.2(PMIx_Progress_thread_stop+0xc0)[0x7ff049c66350]
[gpu-nvidia-h200-3:1209487] [ 2] /storage/apps/opt/spack/opt/spack/__spack_path_placeholder__/__spack_path_placeholder__/__spack_path_placeholder__/__spack_path_placeholder__/__spack_path_placeholder__/__spack_path_placeholder__/__spack_path_placeholder__/__spack_path_placeholder__/__spac/linux-x86_64_v3/prrte-4.1.0-gkrmkaazljluwj2fmkr4nh4g263rjjgu/lib/libprrte.so.3(+0x69f39)[0x7ff049f93f39]
[gpu-nvidia-h200-3:1209487] [ 3] /lib64/libc.so.6(+0x3fc30)[0x7ff049967c30]
[gpu-nvidia-h200-3:1209487] [ 4] /lib64/libc.so.6(ioctl+0xb)[0x7ff049a2cc3b]
[gpu-nvidia-h200-3:1209487] [ 5] /lib64/libcuda.so.1(+0x444ac8)[0x7ff043e29ac8]
[gpu-nvidia-h200-3:1209487] [ 6] /lib64/libcuda.so.1(+0x44e71c)[0x7ff043e3371c]
[gpu-nvidia-h200-3:1209487] [ 7] /lib64/libcuda.so.1(+0x4285d7)[0x7ff043e0d5d7]
[gpu-nvidia-h200-3:1209487] [ 8] /lib64/libcuda.so.1(+0x434a24)[0x7ff043e19a24]
[gpu-nvidia-h200-3:1209487] [ 9] /lib64/libcuda.so.1(+0x21ff9c)[0x7ff043c04f9c]
[gpu-nvidia-h200-3:1209487] [10] /lib64/libcuda.so.1(+0x418729)[0x7ff043dfd729]
[gpu-nvidia-h200-3:1209487] [11] /lib64/libcuda.so.1(+0x30ce00)[0x7ff043cf1e00]
[gpu-nvidia-h200-3:1209487] [12] /lib64/libcuda.so.1(+0x4330c5)[0x7ff043e180c5]
[gpu-nvidia-h200-3:1209487] [13] /lib64/libcuda.so.1(+0x112d6dd)[0x7ff044b126dd]
[gpu-nvidia-h200-3:1209487] [14] /lib64/libcuda.so.1(+0x2b904e)[0x7ff043c9e04e]
[gpu-nvidia-h200-3:1209487] [15] /lib64/libcuda.so.1(+0x3170cd)[0x7ff043cfc0cd]
[gpu-nvidia-h200-3:1209487] [16] /lib64/libcuda.so.1(cuInit+0x1a)[0x7ff043cf79ea]
[gpu-nvidia-h200-3:1209487] [17] /storage/apps/opt/spack/opt/spack/__spack_path_placeholder__/__spack_path_placeholder__/__spack_path_placeholder__/__spack_path_placeholder__/__spack_path_placeholder__/__spack_path_placeholder__/__spack_path_placeholder__/__spack_path_placeholder__/__spac/linux-x86_64_v3/cuda-13.1.1-ob4osjedbwoxkf5l3w5bvc3kycejthpt/lib64/libcudart.so.13(+0x3efe7)[0x7ff04967bfe7]
[gpu-nvidia-h200-3:1209487] [18] /storage/apps/opt/spack/opt/spack/__spack_path_placeholder__/__spack_path_placeholder__/__spack_path_placeholder__/__spack_path_placeholder__/__spack_path_placeholder__/__spack_path_placeholder__/__spack_path_placeholder__/__spack_path_placeholder__/__spac/linux-x86_64_v3/cuda-13.1.1-ob4osjedbwoxkf5l3w5bvc3kycejthpt/lib64/libcudart.so.13(+0x456b8)[0x7ff0496826b8]
[gpu-nvidia-h200-3:1209487] [19] /lib64/libc.so.6(+0x904f8)[0x7ff0499b84f8]
[gpu-nvidia-h200-3:1209487] [20] /storage/apps/opt/spack/opt/spack/__spack_path_placeholder__/__spack_path_placeholder__/__spack_path_placeholder__/__spack_path_placeholder__/__spack_path_placeholder__/__spack_path_placeholder__/__spack_path_placeholder__/__spack_path_placeholder__/__spac/linux-x86_64_v3/cuda-13.1.1-ob4osjedbwoxkf5l3w5bvc3kycejthpt/lib64/libcudart.so.13(+0x8e369)[0x7ff0496cb369]
[gpu-nvidia-h200-3:1209487] [21] /storage/apps/opt/spack/opt/spack/__spack_path_placeholder__/__spack_path_placeholder__/__spack_path_placeholder__/__spack_path_placeholder__/__spack_path_placeholder__/__spack_path_placeholder__/__spack_path_placeholder__/__spack_path_placeholder__/__spac/linux-x86_64_v3/cuda-13.1.1-ob4osjedbwoxkf5l3w5bvc3kycejthpt/lib64/libcudart.so.13(+0x42b1f)[0x7ff04967fb1f]
[gpu-nvidia-h200-3:1209487] [22] /storage/apps/opt/spack/opt/spack/__spack_path_placeholder__/__spack_path_placeholder__/__spack_path_placeholder__/__spack_path_placeholder__/__spack_path_placeholder__/__spack_path_placeholder__/__spack_path_placeholder__/__spack_path_placeholder__/__spac/linux-x86_64_v3/cuda-13.1.1-ob4osjedbwoxkf5l3w5bvc3kycejthpt/lib64/libcudart.so.13(cudaGetDeviceCount+0x4a)[0x7ff04968cbfa]
[gpu-nvidia-h200-3:1209487] [23] /storage/apps/opt/spack/opt/spack/__spack_path_placeholder__/__spack_path_placeholder__/__spack_path_placeholder__/__spack_path_placeholder__/__spack_path_placeholder__/__spack_path_placeholder__/__spack_path_placeholder__/__spack_path_placeholder__/__spac/linux-x86_64_v3/hwloc-2.13.0-ztbnrv7lbyojsgeywhnffivwdetvdd53/lib/libhwloc.so.15(+0x356d5)[0x7ff049b666d5]
[gpu-nvidia-h200-3:1209487] [24] /storage/apps/opt/spack/opt/spack/__spack_path_placeholder__/__spack_path_placeholder__/__spack_path_placeholder__/__spack_path_placeholder__/__spack_path_placeholder__/__spack_path_placeholder__/__spack_path_placeholder__/__spack_path_placeholder__/__spac/linux-x86_64_v3/hwloc-2.13.0-ztbnrv7lbyojsgeywhnffivwdetvdd53/lib/libhwloc.so.15(+0xa4ae)[0x7ff049b3b4ae]
[gpu-nvidia-h200-3:1209487] [25] /storage/apps/opt/spack/opt/spack/__spack_path_placeholder__/__spack_path_placeholder__/__spack_path_placeholder__/__spack_path_placeholder__/__spack_path_placeholder__/__spack_path_placeholder__/__spack_path_placeholder__/__spack_path_placeholder__/__spac/linux-x86_64_v3/hwloc-2.13.0-ztbnrv7lbyojsgeywhnffivwdetvdd53/lib/libhwloc.so.15(hwloc_topology_load+0x701)[0x7ff049b43cb1]
[gpu-nvidia-h200-3:1209487] [26] /storage/apps/opt/spack/opt/spack/__spack_path_placeholder__/__spack_path_placeholder__/__spack_path_placeholder__/__spack_path_placeholder__/__spack_path_placeholder__/__spack_path_placeholder__/__spack_path_placeholder__/__spack_path_placeholder__/__spac/linux-x86_64_v3/prrte-4.1.0-gkrmkaazljluwj2fmkr4nh4g263rjjgu/lib/libprrte.so.3(prte_hwloc_base_get_topology+0x33e)[0x7ff049fbd14e]
[gpu-nvidia-h200-3:1209487] [27] /storage/apps/opt/spack/opt/spack/__spack_path_placeholder__/__spack_path_placeholder__/__spack_path_placeholder__/__spack_path_placeholder__/__spack_path_placeholder__/__spack_path_placeholder__/__spack_path_placeholder__/__spack_path_placeholder__/__spac/linux-x86_64_v3/prrte-4.1.0-gkrmkaazljluwj2fmkr4nh4g263rjjgu/lib/libprrte.so.3(+0xbdd45)[0x7ff049fe7d45]
[gpu-nvidia-h200-3:1209487] [28] /storage/apps/opt/spack/opt/spack/__spack_path_placeholder__/__spack_path_placeholder__/__spack_path_placeholder__/__spack_path_placeholder__/__spack_path_placeholder__/__spack_path_placeholder__/__spack_path_placeholder__/__spack_path_placeholder__/__spac/linux-x86_64_v3/prrte-4.1.0-gkrmkaazljluwj2fmkr4nh4g263rjjgu/lib/libprrte.so.3(prte_init+0x767)[0x7ff049f7a3b7]
[gpu-nvidia-h200-3:1209487] [29] /storage/apps/opt/spack/opt/spack/__spack_path_placeholder__/__spack_path_placeholder__/__spack_path_placeholder__/__spack_path_placeholder__/__spack_path_placeholder__/__spack_path_placeholder__/__spack_path_placeholder__/__spack_path_placeholder__/__spac/linux-x86_64_v3/prrte-4.1.0-gkrmkaazljluwj2fmkr4nh4g263rjjgu/lib/libprrte.so.3(prte+0x1340)[0x7ff049f95440]
[gpu-nvidia-h200-3:1209487] *** End of error message ***
./param-study-common.sh: line 115: 1209487 Segmentation fault      (core dumped) mpirun -np "$NP" "$bin" -parallel "$@"
