/*---------------------------------------------------------------------------*\
| =========                 |                                                 |
| \\      /  F ield         | OpenFOAM: The Open Source CFD Toolbox           |
|  \\    /   O peration     | Version:  2506                                  |
|   \\  /    A nd           | Website:  www.openfoam.com                      |
|    \\/     M anipulation  |                                                 |
\*---------------------------------------------------------------------------*/
Build  : b050cd9480-20250814 OPENFOAM=2506 version=v2506
Arch   : "LSB;label=32;scalar=64"
Exec   : /storage/home/greole/code/NeoFOAM/build/profilingnvidia_h200/bin/neoSimpleFoam -parallel
Date   : Jun 29 2026
Time   : 13:39:13
Host   : gpu-nvidia-h200-3.int.coma-cluster.de
PID    : 1218822
I/O    : uncollated
Case   : /storage/home/greole/code/NeoFOAM/occDrivAerStaticMesh
nProcs : 4
Hosts  :
(
    (gpu-nvidia-h200-3.int.coma-cluster.de 4)
)
Pstream initialized with:
    node communication : off [type=host] (4 ranks, 1 nodes)
    topology controls  : none
    consensus exchange : 0 (tuning: 0)
    exchange algorithm : 0
    commsType          : nonBlocking
    polling iterations : 0
trapFpe: Floating point exception trapping enabled (FOAM_SIGFPE).
fileModificationChecking : Monitoring run-time modified files using timeStampMaster (fileModificationSkew 5, maxFileModificationPolls 20)
allowSystemOperations : Allowing user-supplied system call operations

// * * * * * * * * * * * * * * * * * * * * * * * * * * * * * * * * * * * * * //
Create time

Initializing NeoN
Creating Executor GPU
Creating NeoFOAM runTime

SIMPLE: no convergence criteria found. Calculations will run for 30 steps.

Reading field p

Reading field U

Reading/calculating face flux field phi

Selecting incompressible transport model Newtonian
NeoFOAM solver config (from fvSolution configFile) for 'config(Cg+Schwarz(Multigrid))':
{
    cacheSolver: true
    configFile: <NeoN::TokenList>
    l1ScaledResidual: true
    preconditionerRebuildInterval: 100
    relTol: 0.010000
    reportName: config(Cg+Schwarz(Multigrid))
    solver: Ginkgo
    tolerance: 0.000000
}
    effective optimize: false
    effective checkFrequency: 1
Mapping OpenFOAM solver settings to NeoN settings.
Currently, it is advisable to specify a configFile
for fine grained Ginkgo solver control

Replacing solver PBiCGStab by solver::Bicgstab
Replacing preconditioner diagonal by preconditioner::Schwarz (Schwarz-wrapped for distributed run)
NeoFOAM solver config (mapped from fvSolution) for 'Schwarz(Jacobi)+Bicgstab':
{
    cacheSolver: true
    criteria: {
        absolute_residual_norm: 0.000000
        initial_residual_norm: 0.100000
        iteration: 1000
    }
    l1ScaledResidual: true
    optimize: true
    preconditioner: {
        local_solver: {
            max_block_size: 1
            type: preconditioner::Jacobi
        }
        type: preconditioner::Schwarz
    }
    reportName: Schwarz(Jacobi)+Bicgstab
    solver: Ginkgo
    type: solver::Bicgstab
}
    effective optimize: true
    effective checkFrequency: 1
Creating phi

[NF][/storage/home/greole/code/NeoFOAM/include/NeoFOAM/auxiliary/readers.hpp::434]: Internal: 49333487, Boundary: 1754396

[NF][/storage/home/greole/code/NeoFOAM/include/NeoFOAM/auxiliary/readers.hpp::434]: Internal: 49320882, Boundary: 1762558

[NF][/storage/home/greole/code/NeoFOAM/include/NeoFOAM/auxiliary/readers.hpp::434]: Internal: 49243125, Boundary: 1362247

[NF][/storage/home/greole/code/NeoFOAM/include/NeoFOAM/auxiliary/readers.hpp::434]: Internal: 49261542, Boundary: 1427829
Selecting patchDistMethod meshWave
Mapping OpenFOAM solver settings to NeoN settings.
Currently, it is advisable to specify a configFile
for fine grained Ginkgo solver control

Replacing solver PBiCGStab by solver::Bicgstab
Replacing preconditioner diagonal by preconditioner::Schwarz (Schwarz-wrapped for distributed run)
NeoFOAM solver config (mapped from fvSolution) for 'Schwarz(Jacobi)+Bicgstab':
{
    cacheSolver: true
    criteria: {
        absolute_residual_norm: 0.000000
        initial_residual_norm: 0.100000
        iteration: 1000
    }
    l1ScaledResidual: true
    optimize: true
    preconditioner: {
        local_solver: {
            max_block_size: 1
            type: preconditioner::Jacobi
        }
        type: preconditioner::Schwarz
    }
    reportName: Schwarz(Jacobi)+Bicgstab
    solver: Ginkgo
    type: solver::Bicgstab
}
    effective optimize: true
    effective checkFrequency: 1
Mapping OpenFOAM solver settings to NeoN settings.
Currently, it is advisable to specify a configFile
for fine grained Ginkgo solver control

Replacing solver PBiCGStab by solver::Bicgstab
Replacing preconditioner diagonal by preconditioner::Schwarz (Schwarz-wrapped for distributed run)
NeoFOAM solver config (mapped from fvSolution) for 'Schwarz(Jacobi)+Bicgstab':
{
    cacheSolver: true
    criteria: {
        absolute_residual_norm: 0.000000
        initial_residual_norm: 0.100000
        iteration: 1000
    }
    l1ScaledResidual: true
    optimize: true
    preconditioner: {
        local_solver: {
            max_block_size: 1
            type: preconditioner::Jacobi
        }
        type: preconditioner::Schwarz
    }
    reportName: Schwarz(Jacobi)+Bicgstab
    solver: Ginkgo
    type: solver::Bicgstab
}
    effective optimize: true
    effective checkFrequency: 1
Starting time loop
Time = 1
[mem] step-start: DEVICE_POOL current=16605 MB  actual(reserved)=38146 MB  highWater=19132 MB
Schwarz(Jacobi)+Bicgstab:  Solving for Ux, Initial residual = 0.00194889559660774, Final residual = 0.00023894144179944433, No Iterations 3, Solve time = 142.554 ms
Schwarz(Jacobi)+Bicgstab:  Solving for Uy, Initial residual = 0.16486889485444556, Final residual = 0.00821141717338584, No Iterations 3, Solve time = 142.554 ms
Schwarz(Jacobi)+Bicgstab:  Solving for Uz, Initial residual = 0.10478399166434317, Final residual = 0.004988129972801338, No Iterations 3, Solve time = 142.554 ms
[mem] after-UEqn: DEVICE_POOL current=19099 MB  actual(reserved)=38146 MB  highWater=24387 MB
[GinkgoSolver] p-cache: rebuild(generate) solve=1 rebuildInterval=100
config(Cg+Schwarz(Multigrid)):  Solving for p, Initial residual = 1, Final residual = 0.009713823456836163, No Iterations 82, Solve time = 1982.91 ms
time step continuity errors : sum local = 6.487014409755436e-05, global = 5.308220064633454e-07, cumulative = 5.308220064633454e-07
[mem] after-pEqn: DEVICE_POOL current=20567 MB  actual(reserved)=38146 MB  highWater=24387 MB
[GinkgoSolver] p-cache: rebuild(generate) solve=1 rebuildInterval=0
Schwarz(Jacobi)+Bicgstab:  Solving for omega, Initial residual = 0.9999999999999999, Final residual = 0.030747688515736112, No Iterations 1, Solve time = 34.523 ms
bounding omega, min: -52.86742813662693 max: 46109489.01270162 average: 2443.2021571134187
[GinkgoSolver] p-cache: rebuild(generate) solve=1 rebuildInterval=0
Schwarz(Jacobi)+Bicgstab:  Solving for k, Initial residual = 0.999999999999973, Final residual = 0.043859904712478574, No Iterations 1, Solve time = 34.713 ms
[mem] after-turb: DEVICE_POOL current=22752 MB  actual(reserved)=38146 MB  highWater=24811 MB
ExecutionTime = 40.49 s  ClockTime = 41 s

Time = 2
[mem] step-start: DEVICE_POOL current=22752 MB  actual(reserved)=38146 MB  highWater=24811 MB
Schwarz(Jacobi)+Bicgstab:  Solving for Ux, Initial residual = 0.0012913347071057553, Final residual = 5.91205067394935e-05, No Iterations 5, Solve time = 185.247 ms
Schwarz(Jacobi)+Bicgstab:  Solving for Uy, Initial residual = 0.06540519017967242, Final residual = 0.00298506124541611, No Iterations 5, Solve time = 185.247 ms
Schwarz(Jacobi)+Bicgstab:  Solving for Uz, Initial residual = 0.040815517064387456, Final residual = 0.0009079847732950191, No Iterations 5, Solve time = 185.247 ms
[mem] after-UEqn: DEVICE_POOL current=22752 MB  actual(reserved)=38146 MB  highWater=28040 MB
[GinkgoSolver] p-cache: reuse(update_matrix_value) solve=2 rebuildInterval=100
config(Cg+Schwarz(Multigrid)):  Solving for p, Initial residual = 0.0389632981914109, Final residual = 0.0003734798798121981, No Iterations 89, Solve time = 2121.729 ms
time step continuity errors : sum local = 4.0966431002704765e-05, global = -6.606811107177034e-07, cumulative = -1.2985910425435796e-07
[mem] after-pEqn: DEVICE_POOL current=22752 MB  actual(reserved)=38146 MB  highWater=28040 MB
[GinkgoSolver] p-cache: reuse(update_matrix_value) solve=2 rebuildInterval=0
Schwarz(Jacobi)+Bicgstab:  Solving for omega, Initial residual = 0.008194582308157965, Final residual = 0.00047799720500078444, No Iterations 1, Solve time = 33.106 ms
bounding omega, min: -1291.9544724899945 max: 45305779.318085015 average: 2705.626338012823
[GinkgoSolver] p-cache: reuse(update_matrix_value) solve=2 rebuildInterval=0
Schwarz(Jacobi)+Bicgstab:  Solving for k, Initial residual = 0.07500479774468559, Final residual = 0.004455184184937804, No Iterations 1, Solve time = 34.217 ms
[mem] after-turb: DEVICE_POOL current=22752 MB  actual(reserved)=38146 MB  highWater=28040 MB
ExecutionTime = 44.3 s  ClockTime = 45 s

Time = 3
[mem] step-start: DEVICE_POOL current=22752 MB  actual(reserved)=38146 MB  highWater=28040 MB
Schwarz(Jacobi)+Bicgstab:  Solving for Ux, Initial residual = 0.0008087933881175006, Final residual = 4.7588130507983915e-05, No Iterations 6, Solve time = 213.247 ms
Schwarz(Jacobi)+Bicgstab:  Solving for Uy, Initial residual = 0.03249878172256009, Final residual = 0.0006350783914406366, No Iterations 6, Solve time = 213.247 ms
Schwarz(Jacobi)+Bicgstab:  Solving for Uz, Initial residual = 0.01818058626120579, Final residual = 0.00026731910200148356, No Iterations 6, Solve time = 213.247 ms
[mem] after-UEqn: DEVICE_POOL current=22752 MB  actual(reserved)=38146 MB  highWater=28040 MB
[GinkgoSolver] p-cache: reuse(update_matrix_value) solve=3 rebuildInterval=100
config(Cg+Schwarz(Multigrid)):  Solving for p, Initial residual = 0.017650906274015103, Final residual = 0.00016239689125062352, No Iterations 85, Solve time = 2020.637 ms
time step continuity errors : sum local = 3.1999196659902714e-05, global = -8.706980302288877e-07, cumulative = -1.0005571344832458e-06
[mem] after-pEqn: DEVICE_POOL current=22752 MB  actual(reserved)=38146 MB  highWater=28040 MB
[GinkgoSolver] p-cache: reuse(update_matrix_value) solve=3 rebuildInterval=0
Schwarz(Jacobi)+Bicgstab:  Solving for omega, Initial residual = 0.003520733893787157, Final residual = 0.0002899378718404789, No Iterations 1, Solve time = 32.551 ms
bounding omega, min: -11.965335763167218 max: 45385824.82471928 average: 3322.2069510034066
[GinkgoSolver] p-cache: reuse(update_matrix_value) solve=3 rebuildInterval=0
Schwarz(Jacobi)+Bicgstab:  Solving for k, Initial residual = 0.0139972915156974, Final residual = 0.001005349619242572, No Iterations 1, Solve time = 31.979 ms
[mem] after-turb: DEVICE_POOL current=22752 MB  actual(reserved)=38146 MB  highWater=28040 MB
ExecutionTime = 48.06 s  ClockTime = 49 s

Time = 4
[mem] step-start: DEVICE_POOL current=22752 MB  actual(reserved)=38146 MB  highWater=28040 MB
Schwarz(Jacobi)+Bicgstab:  Solving for Ux, Initial residual = 0.0005581807550754207, Final residual = 4.7028206385800686e-05, No Iterations 4, Solve time = 154.331 ms
Schwarz(Jacobi)+Bicgstab:  Solving for Uy, Initial residual = 0.02024848899986448, Final residual = 0.002684117537835351, No Iterations 4, Solve time = 154.331 ms
Schwarz(Jacobi)+Bicgstab:  Solving for Uz, Initial residual = 0.01047555685778836, Final residual = 0.0007739093569855275, No Iterations 4, Solve time = 154.331 ms
[mem] after-UEqn: DEVICE_POOL current=22752 MB  actual(reserved)=38146 MB  highWater=28040 MB
[GinkgoSolver] p-cache: reuse(update_matrix_value) solve=4 rebuildInterval=100
config(Cg+Schwarz(Multigrid)):  Solving for p, Initial residual = 0.012543002458332522, Final residual = 0.00011965052977430488, No Iterations 46, Solve time = 1110.87 ms
time step continuity errors : sum local = 3.061379757175957e-05, global = 5.365698818248915e-06, cumulative = 4.365141683765669e-06
[mem] after-pEqn: DEVICE_POOL current=22752 MB  actual(reserved)=38146 MB  highWater=28040 MB
[GinkgoSolver] p-cache: reuse(update_matrix_value) solve=4 rebuildInterval=0
Schwarz(Jacobi)+Bicgstab:  Solving for omega, Initial residual = 0.0017242546162263357, Final residual = 4.831195519392373e-05, No Iterations 2, Solve time = 47.05 ms
[GinkgoSolver] p-cache: reuse(update_matrix_value) solve=4 rebuildInterval=0
Schwarz(Jacobi)+Bicgstab:  Solving for k, Initial residual = 0.0046408011051262636, Final residual = 0.0003933632120062729, No Iterations 1, Solve time = 32.815 ms
[mem] after-turb: DEVICE_POOL current=22752 MB  actual(reserved)=38146 MB  highWater=28040 MB
ExecutionTime = 50.86 s  ClockTime = 52 s

Time = 5
[mem] step-start: DEVICE_POOL current=22752 MB  actual(reserved)=38146 MB  highWater=28040 MB
Schwarz(Jacobi)+Bicgstab:  Solving for Ux, Initial residual = 0.0004848108068142275, Final residual = 3.781570382117659e-05, No Iterations 4, Solve time = 155.192 ms
Schwarz(Jacobi)+Bicgstab:  Solving for Uy, Initial residual = 0.01849870098232784, Final residual = 0.0011827941098958086, No Iterations 4, Solve time = 155.192 ms
Schwarz(Jacobi)+Bicgstab:  Solving for Uz, Initial residual = 0.008305112244812493, Final residual = 0.0008132841791123431, No Iterations 4, Solve time = 155.192 ms
[mem] after-UEqn: DEVICE_POOL current=22752 MB  actual(reserved)=38146 MB  highWater=28040 MB
[GinkgoSolver] p-cache: reuse(update_matrix_value) solve=5 rebuildInterval=100
config(Cg+Schwarz(Multigrid)):  Solving for p, Initial residual = 0.010727390414078455, Final residual = 9.50982291112579e-05, No Iterations 56, Solve time = 1344.332 ms
time step continuity errors : sum local = 2.661661558900242e-05, global = 1.381788213786617e-07, cumulative = 4.503320505144331e-06
[mem] after-pEqn: DEVICE_POOL current=22752 MB  actual(reserved)=38146 MB  highWater=28040 MB
[GinkgoSolver] p-cache: reuse(update_matrix_value) solve=5 rebuildInterval=0
Schwarz(Jacobi)+Bicgstab:  Solving for omega, Initial residual = 0.000994434509571393, Final residual = 9.814596682425083e-05, No Iterations 1, Solve time = 32.806 ms
[GinkgoSolver] p-cache: reuse(update_matrix_value) solve=5 rebuildInterval=0
Schwarz(Jacobi)+Bicgstab:  Solving for k, Initial residual = 0.002356468674746475, Final residual = 0.00022365370340638076, No Iterations 1, Solve time = 33.638 ms
[mem] after-turb: DEVICE_POOL current=22752 MB  actual(reserved)=38146 MB  highWater=28040 MB
ExecutionTime = 53.88 s  ClockTime = 55 s

Time = 6
[mem] step-start: DEVICE_POOL current=22752 MB  actual(reserved)=38146 MB  highWater=28040 MB
Schwarz(Jacobi)+Bicgstab:  Solving for Ux, Initial residual = 0.00043608952591675916, Final residual = 2.616761458489682e-05, No Iterations 5, Solve time = 184.887 ms
Schwarz(Jacobi)+Bicgstab:  Solving for Uy, Initial residual = 0.017913377511377972, Final residual = 0.0016652417488796029, No Iterations 5, Solve time = 184.887 ms
Schwarz(Jacobi)+Bicgstab:  Solving for Uz, Initial residual = 0.00672310586412409, Final residual = 0.0005103848241642982, No Iterations 5, Solve time = 184.887 ms
[mem] after-UEqn: DEVICE_POOL current=22752 MB  actual(reserved)=38146 MB  highWater=28040 MB
[GinkgoSolver] p-cache: reuse(update_matrix_value) solve=6 rebuildInterval=100
config(Cg+Schwarz(Multigrid)):  Solving for p, Initial residual = 0.011389172759164337, Final residual = 0.00010058902619607334, No Iterations 82, Solve time = 1952.834 ms
time step continuity errors : sum local = 2.730028680524897e-05, global = -3.821980383125597e-07, cumulative = 4.121122466831771e-06
[mem] after-pEqn: DEVICE_POOL current=22752 MB  actual(reserved)=38146 MB  highWater=28040 MB
[GinkgoSolver] p-cache: reuse(update_matrix_value) solve=6 rebuildInterval=0
Schwarz(Jacobi)+Bicgstab:  Solving for omega, Initial residual = 0.0006247224335767235, Final residual = 2.4311490422194362e-05, No Iterations 2, Solve time = 48.091 ms
[GinkgoSolver] p-cache: reuse(update_matrix_value) solve=6 rebuildInterval=0
Schwarz(Jacobi)+Bicgstab:  Solving for k, Initial residual = 0.001624258408412682, Final residual = 0.00015489559464745435, No Iterations 1, Solve time = 33.151 ms
[mem] after-turb: DEVICE_POOL current=22752 MB  actual(reserved)=38146 MB  highWater=28040 MB
ExecutionTime = 57.55 s  ClockTime = 58 s

Time = 7
[mem] step-start: DEVICE_POOL current=22752 MB  actual(reserved)=38146 MB  highWater=28040 MB
Schwarz(Jacobi)+Bicgstab:  Solving for Ux, Initial residual = 0.0003757186866562871, Final residual = 2.3672094319343815e-05, No Iterations 5, Solve time = 185.256 ms
Schwarz(Jacobi)+Bicgstab:  Solving for Uy, Initial residual = 0.015180305467996202, Final residual = 0.0011945003791425201, No Iterations 5, Solve time = 185.256 ms
Schwarz(Jacobi)+Bicgstab:  Solving for Uz, Initial residual = 0.005128108890656001, Final residual = 0.0002770668927553684, No Iterations 5, Solve time = 185.256 ms
[mem] after-UEqn: DEVICE_POOL current=22752 MB  actual(reserved)=38146 MB  highWater=28040 MB
[GinkgoSolver] p-cache: reuse(update_matrix_value) solve=7 rebuildInterval=100
config(Cg+Schwarz(Multigrid)):  Solving for p, Initial residual = 0.012315055305568251, Final residual = 0.00011187025479897254, No Iterations 82, Solve time = 1948.409 ms
time step continuity errors : sum local = 2.7550430763314317e-05, global = -4.6962103778838724e-07, cumulative = 3.651501429043384e-06
[mem] after-pEqn: DEVICE_POOL current=22752 MB  actual(reserved)=38146 MB  highWater=28040 MB
[GinkgoSolver] p-cache: reuse(update_matrix_value) solve=7 rebuildInterval=0
Schwarz(Jacobi)+Bicgstab:  Solving for omega, Initial residual = 0.0004898408843603627, Final residual = 1.5230101361631443e-05, No Iterations 2, Solve time = 47.837 ms
[GinkgoSolver] p-cache: reuse(update_matrix_value) solve=7 rebuildInterval=0
Schwarz(Jacobi)+Bicgstab:  Solving for k, Initial residual = 0.0011596747142810504, Final residual = 2.4108909054790665e-05, No Iterations 3, Solve time = 61.563 ms
[mem] after-turb: DEVICE_POOL current=22752 MB  actual(reserved)=38146 MB  highWater=28040 MB
ExecutionTime = 61.24 s  ClockTime = 62 s

Time = 8
[mem] step-start: DEVICE_POOL current=22752 MB  actual(reserved)=38146 MB  highWater=28040 MB
Schwarz(Jacobi)+Bicgstab:  Solving for Ux, Initial residual = 0.0003160720079726162, Final residual = 2.4883977456391494e-05, No Iterations 5, Solve time = 185.04 ms
Schwarz(Jacobi)+Bicgstab:  Solving for Uy, Initial residual = 0.011325757629265975, Final residual = 0.00028862486056204607, No Iterations 5, Solve time = 185.04 ms
Schwarz(Jacobi)+Bicgstab:  Solving for Uz, Initial residual = 0.003606360624905635, Final residual = 0.00019637069814498775, No Iterations 5, Solve time = 185.04 ms
[mem] after-UEqn: DEVICE_POOL current=22752 MB  actual(reserved)=38146 MB  highWater=28040 MB
[GinkgoSolver] p-cache: reuse(update_matrix_value) solve=8 rebuildInterval=100
config(Cg+Schwarz(Multigrid)):  Solving for p, Initial residual = 0.013151174750388366, Final residual = 0.00012855694996689176, No Iterations 76, Solve time = 1813.168 ms
time step continuity errors : sum local = 2.7744672165198762e-05, global = -9.219545720562292e-07, cumulative = 2.7295468569871547e-06
[mem] after-pEqn: DEVICE_POOL current=22752 MB  actual(reserved)=38146 MB  highWater=28040 MB
[GinkgoSolver] p-cache: reuse(update_matrix_value) solve=8 rebuildInterval=0
Schwarz(Jacobi)+Bicgstab:  Solving for omega, Initial residual = 0.0003596235652371229, Final residual = 1.2434875373393816e-05, No Iterations 2, Solve time = 47.766 ms
[GinkgoSolver] p-cache: reuse(update_matrix_value) solve=8 rebuildInterval=0
Schwarz(Jacobi)+Bicgstab:  Solving for k, Initial residual = 0.0008654354474911785, Final residual = 5.246589518147116e-05, No Iterations 2, Solve time = 47.524 ms
[mem] after-turb: DEVICE_POOL current=22752 MB  actual(reserved)=38146 MB  highWater=28040 MB
ExecutionTime = 64.79000000000001 s  ClockTime = 66 s

Time = 9
[mem] step-start: DEVICE_POOL current=22752 MB  actual(reserved)=38146 MB  highWater=28040 MB
Schwarz(Jacobi)+Bicgstab:  Solving for Ux, Initial residual = 0.0002742603301866932, Final residual = 7.392665964037147e-06, No Iterations 5, Solve time = 185.231 ms
Schwarz(Jacobi)+Bicgstab:  Solving for Uy, Initial residual = 0.009217027930214495, Final residual = 0.00044143780806297714, No Iterations 5, Solve time = 185.231 ms
Schwarz(Jacobi)+Bicgstab:  Solving for Uz, Initial residual = 0.0026365857185999884, Final residual = 0.00015514330221591492, No Iterations 5, Solve time = 185.231 ms
[mem] after-UEqn: DEVICE_POOL current=22752 MB  actual(reserved)=38146 MB  highWater=28040 MB
[GinkgoSolver] p-cache: reuse(update_matrix_value) solve=9 rebuildInterval=100
config(Cg+Schwarz(Multigrid)):  Solving for p, Initial residual = 0.013651221118178819, Final residual = 0.00013019619331855635, No Iterations 39, Solve time = 948.797 ms
time step continuity errors : sum local = 2.4805054314626595e-05, global = -1.3388045709248406e-06, cumulative = 1.390742286062314e-06
[mem] after-pEqn: DEVICE_POOL current=22752 MB  actual(reserved)=38146 MB  highWater=28040 MB
[GinkgoSolver] p-cache: reuse(update_matrix_value) solve=9 rebuildInterval=0
Schwarz(Jacobi)+Bicgstab:  Solving for omega, Initial residual = 0.0002780532242962854, Final residual = 1.0632144085891316e-05, No Iterations 2, Solve time = 47.591 ms
[GinkgoSolver] p-cache: reuse(update_matrix_value) solve=9 rebuildInterval=0
Schwarz(Jacobi)+Bicgstab:  Solving for k, Initial residual = 0.0006654344541865407, Final residual = 3.885843950773661e-05, No Iterations 2, Solve time = 47.56 ms
[mem] after-turb: DEVICE_POOL current=22752 MB  actual(reserved)=38146 MB  highWater=28040 MB
ExecutionTime = 67.48 s  ClockTime = 68 s

Time = 10
[mem] step-start: DEVICE_POOL current=22752 MB  actual(reserved)=38146 MB  highWater=28040 MB
Schwarz(Jacobi)+Bicgstab:  Solving for Ux, Initial residual = 0.0002531454005181904, Final residual = 3.2207796150290596e-06, No Iterations 6, Solve time = 214.631 ms
Schwarz(Jacobi)+Bicgstab:  Solving for Uy, Initial residual = 0.010047841253720496, Final residual = 0.0004137495694413531, No Iterations 6, Solve time = 214.631 ms
Schwarz(Jacobi)+Bicgstab:  Solving for Uz, Initial residual = 0.002492548043009773, Final residual = 4.1748595786878776e-05, No Iterations 6, Solve time = 214.631 ms
[mem] after-UEqn: DEVICE_POOL current=22752 MB  actual(reserved)=38146 MB  highWater=28040 MB
[GinkgoSolver] p-cache: reuse(update_matrix_value) solve=10 rebuildInterval=100
config(Cg+Schwarz(Multigrid)):  Solving for p, Initial residual = 0.013659847811199038, Final residual = 0.00012649432329417772, No Iterations 76, Solve time = 1812.798 ms
time step continuity errors : sum local = 2.2321080457218892e-05, global = 1.7538706177034184e-06, cumulative = 3.1446129037657324e-06
[mem] after-pEqn: DEVICE_POOL current=22752 MB  actual(reserved)=38146 MB  highWater=28040 MB
[GinkgoSolver] p-cache: reuse(update_matrix_value) solve=10 rebuildInterval=0
Schwarz(Jacobi)+Bicgstab:  Solving for omega, Initial residual = 0.00022455532817828585, Final residual = 9.223119975352564e-06, No Iterations 2, Solve time = 47.707 ms
[GinkgoSolver] p-cache: reuse(update_matrix_value) solve=10 rebuildInterval=0
Schwarz(Jacobi)+Bicgstab:  Solving for k, Initial residual = 0.0005268102288794284, Final residual = 3.276163332123621e-05, No Iterations 2, Solve time = 47.553 ms
[mem] after-turb: DEVICE_POOL current=22752 MB  actual(reserved)=38146 MB  highWater=28040 MB
ExecutionTime = 71.06 s  ClockTime = 72 s

Time = 11
[mem] step-start: DEVICE_POOL current=22752 MB  actual(reserved)=38146 MB  highWater=28040 MB
Schwarz(Jacobi)+Bicgstab:  Solving for Ux, Initial residual = 0.0002396285465036504, Final residual = 1.0884228040992888e-05, No Iterations 5, Solve time = 184.895 ms
Schwarz(Jacobi)+Bicgstab:  Solving for Uy, Initial residual = 0.011023943462047112, Final residual = 0.0003214746685143333, No Iterations 5, Solve time = 184.895 ms
Schwarz(Jacobi)+Bicgstab:  Solving for Uz, Initial residual = 0.002543098324911223, Final residual = 7.255774747679459e-05, No Iterations 5, Solve time = 184.895 ms
[mem] after-UEqn: DEVICE_POOL current=22752 MB  actual(reserved)=38146 MB  highWater=28040 MB
[GinkgoSolver] p-cache: reuse(update_matrix_value) solve=11 rebuildInterval=100
config(Cg+Schwarz(Multigrid)):  Solving for p, Initial residual = 0.013119806038916711, Final residual = 0.00012699125853145467, No Iterations 75, Solve time = 1788.362 ms
time step continuity errors : sum local = 2.320838382148055e-05, global = 1.2828223417518282e-06, cumulative = 4.427435245517561e-06
[mem] after-pEqn: DEVICE_POOL current=22752 MB  actual(reserved)=38146 MB  highWater=28040 MB
[GinkgoSolver] p-cache: reuse(update_matrix_value) solve=11 rebuildInterval=0
Schwarz(Jacobi)+Bicgstab:  Solving for omega, Initial residual = 0.0001850943576083718, Final residual = 8.098183207406529e-06, No Iterations 2, Solve time = 46.869 ms
[GinkgoSolver] p-cache: reuse(update_matrix_value) solve=11 rebuildInterval=0
Schwarz(Jacobi)+Bicgstab:  Solving for k, Initial residual = 0.000439511142504541, Final residual = 2.8291075952281723e-05, No Iterations 2, Solve time = 47.59 ms
[mem] after-turb: DEVICE_POOL current=22752 MB  actual(reserved)=38146 MB  highWater=28040 MB
ExecutionTime = 74.58 s  ClockTime = 76 s

Time = 12
[mem] step-start: DEVICE_POOL current=22752 MB  actual(reserved)=38146 MB  highWater=28040 MB
Schwarz(Jacobi)+Bicgstab:  Solving for Ux, Initial residual = 0.00022743154739716134, Final residual = 1.4515875627303178e-05, No Iterations 4, Solve time = 155.384 ms
Schwarz(Jacobi)+Bicgstab:  Solving for Uy, Initial residual = 0.010984917630286169, Final residual = 0.0007865170769370972, No Iterations 4, Solve time = 155.384 ms
Schwarz(Jacobi)+Bicgstab:  Solving for Uz, Initial residual = 0.0024742499396202162, Final residual = 0.00012063144764543014, No Iterations 4, Solve time = 155.384 ms
[mem] after-UEqn: DEVICE_POOL current=22752 MB  actual(reserved)=38146 MB  highWater=28040 MB
[GinkgoSolver] p-cache: reuse(update_matrix_value) solve=12 rebuildInterval=100
config(Cg+Schwarz(Multigrid)):  Solving for p, Initial residual = 0.012029192106564885, Final residual = 0.00011870278702654089, No Iterations 64, Solve time = 1532.611 ms
time step continuity errors : sum local = 2.385322794729367e-05, global = 2.74832905124124e-06, cumulative = 7.175764296758801e-06
[mem] after-pEqn: DEVICE_POOL current=22752 MB  actual(reserved)=38146 MB  highWater=28040 MB
[GinkgoSolver] p-cache: reuse(update_matrix_value) solve=12 rebuildInterval=0
Schwarz(Jacobi)+Bicgstab:  Solving for omega, Initial residual = 0.00015606219515832738, Final residual = 7.141004007347683e-06, No Iterations 2, Solve time = 47.06 ms
[GinkgoSolver] p-cache: reuse(update_matrix_value) solve=12 rebuildInterval=0
Schwarz(Jacobi)+Bicgstab:  Solving for k, Initial residual = 0.00038762482488207545, Final residual = 2.5736267189646075e-05, No Iterations 2, Solve time = 47.375 ms
[mem] after-turb: DEVICE_POOL current=22752 MB  actual(reserved)=38146 MB  highWater=28040 MB
ExecutionTime = 77.81999999999999 s  ClockTime = 79 s

Time = 13
[mem] step-start: DEVICE_POOL current=22752 MB  actual(reserved)=38146 MB  highWater=28040 MB
Schwarz(Jacobi)+Bicgstab:  Solving for Ux, Initial residual = 0.00021557270256104176, Final residual = 9.38246917638989e-06, No Iterations 4, Solve time = 155.943 ms
Schwarz(Jacobi)+Bicgstab:  Solving for Uy, Initial residual = 0.01023470615207203, Final residual = 0.000578215578368824, No Iterations 4, Solve time = 155.943 ms
Schwarz(Jacobi)+Bicgstab:  Solving for Uz, Initial residual = 0.0022900206852078074, Final residual = 0.00010779104850325551, No Iterations 4, Solve time = 155.943 ms
[mem] after-UEqn: DEVICE_POOL current=22752 MB  actual(reserved)=38146 MB  highWater=28040 MB
[GinkgoSolver] p-cache: reuse(update_matrix_value) solve=13 rebuildInterval=100
config(Cg+Schwarz(Multigrid)):  Solving for p, Initial residual = 0.010568622638330454, Final residual = 0.00010063174655912114, No Iterations 57, Solve time = 1372.71 ms
time step continuity errors : sum local = 2.2631656416126662e-05, global = 2.1038474999093815e-06, cumulative = 9.279611796668182e-06
[mem] after-pEqn: DEVICE_POOL current=22752 MB  actual(reserved)=38146 MB  highWater=28040 MB
[GinkgoSolver] p-cache: reuse(update_matrix_value) solve=13 rebuildInterval=0
Schwarz(Jacobi)+Bicgstab:  Solving for omega, Initial residual = 0.00013495606022605314, Final residual = 6.422616400926756e-06, No Iterations 2, Solve time = 48.027 ms
[GinkgoSolver] p-cache: reuse(update_matrix_value) solve=13 rebuildInterval=0
Schwarz(Jacobi)+Bicgstab:  Solving for k, Initial residual = 0.0003677380017423415, Final residual = 2.5896169909479224e-05, No Iterations 2, Solve time = 47.899 ms
[mem] after-turb: DEVICE_POOL current=22752 MB  actual(reserved)=38146 MB  highWater=28040 MB
ExecutionTime = 80.88 s  ClockTime = 82 s

Time = 14
[mem] step-start: DEVICE_POOL current=22752 MB  actual(reserved)=38146 MB  highWater=28040 MB
Schwarz(Jacobi)+Bicgstab:  Solving for Ux, Initial residual = 0.00020556005373637137, Final residual = 1.3206482836838596e-05, No Iterations 4, Solve time = 156.669 ms
Schwarz(Jacobi)+Bicgstab:  Solving for Uy, Initial residual = 0.009287976037472122, Final residual = 0.0012418147111368462, No Iterations 4, Solve time = 156.669 ms
Schwarz(Jacobi)+Bicgstab:  Solving for Uz, Initial residual = 0.0020923704837933336, Final residual = 0.00021501928342628875, No Iterations 4, Solve time = 156.669 ms
[mem] after-UEqn: DEVICE_POOL current=22752 MB  actual(reserved)=38146 MB  highWater=28040 MB
[GinkgoSolver] p-cache: reuse(update_matrix_value) solve=14 rebuildInterval=100
config(Cg+Schwarz(Multigrid)):  Solving for p, Initial residual = 0.009186990580559877, Final residual = 8.207397881948361e-05, No Iterations 32, Solve time = 783.942 ms
time step continuity errors : sum local = 2.0522114074944153e-05, global = 8.719292742213796e-07, cumulative = 1.0151541070889561e-05
[mem] after-pEqn: DEVICE_POOL current=22752 MB  actual(reserved)=38146 MB  highWater=28040 MB
[GinkgoSolver] p-cache: reuse(update_matrix_value) solve=14 rebuildInterval=0
Schwarz(Jacobi)+Bicgstab:  Solving for omega, Initial residual = 0.0001204622015509588, Final residual = 5.876867608073602e-06, No Iterations 2, Solve time = 47.633 ms
[GinkgoSolver] p-cache: reuse(update_matrix_value) solve=14 rebuildInterval=0
Schwarz(Jacobi)+Bicgstab:  Solving for k, Initial residual = 0.00036024642373875436, Final residual = 2.912725322784021e-05, No Iterations 2, Solve time = 48.097 ms
[mem] after-turb: DEVICE_POOL current=22752 MB  actual(reserved)=38146 MB  highWater=28040 MB
ExecutionTime = 83.37 s  ClockTime = 84 s

Time = 15
[mem] step-start: DEVICE_POOL current=22752 MB  actual(reserved)=38146 MB  highWater=28040 MB
Schwarz(Jacobi)+Bicgstab:  Solving for Ux, Initial residual = 0.00019735282288393092, Final residual = 1.4576273587339272e-05, No Iterations 4, Solve time = 156.719 ms
Schwarz(Jacobi)+Bicgstab:  Solving for Uy, Initial residual = 0.008582882728649134, Final residual = 0.0005065536205864341, No Iterations 4, Solve time = 156.719 ms
Schwarz(Jacobi)+Bicgstab:  Solving for Uz, Initial residual = 0.0019478193464986333, Final residual = 0.00010435972744400463, No Iterations 4, Solve time = 156.719 ms
[mem] after-UEqn: DEVICE_POOL current=22752 MB  actual(reserved)=38146 MB  highWater=28040 MB
[GinkgoSolver] p-cache: reuse(update_matrix_value) solve=15 rebuildInterval=100
config(Cg+Schwarz(Multigrid)):  Solving for p, Initial residual = 0.008301038270551193, Final residual = 7.950020572218501e-05, No Iterations 55, Solve time = 1325.543 ms
time step continuity errors : sum local = 2.130760958398601e-05, global = -2.8739406209970748e-06, cumulative = 7.277600449892486e-06
[mem] after-pEqn: DEVICE_POOL current=22752 MB  actual(reserved)=38146 MB  highWater=28040 MB
[GinkgoSolver] p-cache: reuse(update_matrix_value) solve=15 rebuildInterval=0
Schwarz(Jacobi)+Bicgstab:  Solving for omega, Initial residual = 0.00010975710091368507, Final residual = 5.423089107647529e-06, No Iterations 2, Solve time = 48.286 ms
[GinkgoSolver] p-cache: reuse(update_matrix_value) solve=15 rebuildInterval=0
Schwarz(Jacobi)+Bicgstab:  Solving for k, Initial residual = 0.00035467465932613907, Final residual = 9.502464748917691e-06, No Iterations 3, Solve time = 62.011 ms
[mem] after-turb: DEVICE_POOL current=22752 MB  actual(reserved)=38146 MB  highWater=28040 MB
ExecutionTime = 86.42 s  ClockTime = 87 s

Time = 16
[mem] step-start: DEVICE_POOL current=22752 MB  actual(reserved)=38146 MB  highWater=28040 MB
Schwarz(Jacobi)+Bicgstab:  Solving for Ux, Initial residual = 0.00019074477848781218, Final residual = 7.784332025471028e-06, No Iterations 4, Solve time = 154.671 ms
Schwarz(Jacobi)+Bicgstab:  Solving for Uy, Initial residual = 0.008183411481015411, Final residual = 0.00042420210611114997, No Iterations 4, Solve time = 154.671 ms
Schwarz(Jacobi)+Bicgstab:  Solving for Uz, Initial residual = 0.0018877867814887739, Final residual = 0.00030255792809538446, No Iterations 4, Solve time = 154.671 ms
[mem] after-UEqn: DEVICE_POOL current=22752 MB  actual(reserved)=38146 MB  highWater=28040 MB
[GinkgoSolver] p-cache: reuse(update_matrix_value) solve=16 rebuildInterval=100
config(Cg+Schwarz(Multigrid)):  Solving for p, Initial residual = 0.007712202315795758, Final residual = 7.62874659948204e-05, No Iterations 34, Solve time = 830.619 ms
time step continuity errors : sum local = 2.157046724046123e-05, global = 8.864424420249776e-07, cumulative = 8.164042891917464e-06
[mem] after-pEqn: DEVICE_POOL current=22752 MB  actual(reserved)=38146 MB  highWater=28040 MB
[GinkgoSolver] p-cache: reuse(update_matrix_value) solve=16 rebuildInterval=0
Schwarz(Jacobi)+Bicgstab:  Solving for omega, Initial residual = 0.00010128574021693692, Final residual = 5.122955073333193e-06, No Iterations 2, Solve time = 47.516 ms
[GinkgoSolver] p-cache: reuse(update_matrix_value) solve=16 rebuildInterval=0
Schwarz(Jacobi)+Bicgstab:  Solving for k, Initial residual = 0.00035211342542043064, Final residual = 2.7441536111992812e-05, No Iterations 2, Solve time = 47.551 ms
[mem] after-turb: DEVICE_POOL current=22752 MB  actual(reserved)=38146 MB  highWater=28040 MB
ExecutionTime = 88.94 s  ClockTime = 90 s

Time = 17
[mem] step-start: DEVICE_POOL current=22752 MB  actual(reserved)=38146 MB  highWater=28040 MB
Schwarz(Jacobi)+Bicgstab:  Solving for Ux, Initial residual = 0.00018407335879990177, Final residual = 6.776518136318911e-06, No Iterations 4, Solve time = 156.26 ms
Schwarz(Jacobi)+Bicgstab:  Solving for Uy, Initial residual = 0.007917816960852635, Final residual = 0.000613338411176692, No Iterations 4, Solve time = 156.26 ms
Schwarz(Jacobi)+Bicgstab:  Solving for Uz, Initial residual = 0.0018135452984750142, Final residual = 9.533908195524035e-05, No Iterations 4, Solve time = 156.26 ms
[mem] after-UEqn: DEVICE_POOL current=22752 MB  actual(reserved)=38146 MB  highWater=28040 MB
[GinkgoSolver] p-cache: reuse(update_matrix_value) solve=17 rebuildInterval=100
config(Cg+Schwarz(Multigrid)):  Solving for p, Initial residual = 0.0072724251886631145, Final residual = 6.784840899169941e-05, No Iterations 51, Solve time = 1232.317 ms
time step continuity errors : sum local = 1.9892488876125195e-05, global = -2.5023956958398837e-06, cumulative = 5.66164719607758e-06
[mem] after-pEqn: DEVICE_POOL current=22752 MB  actual(reserved)=38146 MB  highWater=28040 MB
[GinkgoSolver] p-cache: reuse(update_matrix_value) solve=17 rebuildInterval=0
Schwarz(Jacobi)+Bicgstab:  Solving for omega, Initial residual = 9.432921032002513e-05, Final residual = 4.808292255691573e-06, No Iterations 2, Solve time = 47.101 ms
[GinkgoSolver] p-cache: reuse(update_matrix_value) solve=17 rebuildInterval=0
Schwarz(Jacobi)+Bicgstab:  Solving for k, Initial residual = 0.00035026464769652785, Final residual = 8.391275981569982e-06, No Iterations 3, Solve time = 60.581 ms
[mem] after-turb: DEVICE_POOL current=22752 MB  actual(reserved)=38146 MB  highWater=28040 MB
ExecutionTime = 91.89 s  ClockTime = 93 s

Time = 18
[mem] step-start: DEVICE_POOL current=22752 MB  actual(reserved)=38146 MB  highWater=28040 MB
Schwarz(Jacobi)+Bicgstab:  Solving for Ux, Initial residual = 0.00017665336860661445, Final residual = 6.4385023869457735e-06, No Iterations 4, Solve time = 155.599 ms
Schwarz(Jacobi)+Bicgstab:  Solving for Uy, Initial residual = 0.007620278565377534, Final residual = 0.000319708725862239, No Iterations 4, Solve time = 155.599 ms
Schwarz(Jacobi)+Bicgstab:  Solving for Uz, Initial residual = 0.0017360671138481338, Final residual = 7.884953022716032e-05, No Iterations 4, Solve time = 155.599 ms
[mem] after-UEqn: DEVICE_POOL current=22752 MB  actual(reserved)=38146 MB  highWater=28040 MB
[GinkgoSolver] p-cache: reuse(update_matrix_value) solve=18 rebuildInterval=100
config(Cg+Schwarz(Multigrid)):  Solving for p, Initial residual = 0.006948005819859739, Final residual = 6.369977118785312e-05, No Iterations 23, Solve time = 572.986 ms
time step continuity errors : sum local = 1.9180238761066954e-05, global = 7.326931126080032e-07, cumulative = 6.394340308685583e-06
[mem] after-pEqn: DEVICE_POOL current=22752 MB  actual(reserved)=38146 MB  highWater=28040 MB
[GinkgoSolver] p-cache: reuse(update_matrix_value) solve=18 rebuildInterval=0
Schwarz(Jacobi)+Bicgstab:  Solving for omega, Initial residual = 8.822892876243264e-05, Final residual = 4.602317218663593e-06, No Iterations 2, Solve time = 46.495 ms
[GinkgoSolver] p-cache: reuse(update_matrix_value) solve=18 rebuildInterval=0
Schwarz(Jacobi)+Bicgstab:  Solving for k, Initial residual = 0.0003502968643842647, Final residual = 3.228655660864436e-05, No Iterations 2, Solve time = 47.582 ms
[mem] after-turb: DEVICE_POOL current=22752 MB  actual(reserved)=38146 MB  highWater=28040 MB
ExecutionTime = 94.17 s  ClockTime = 95 s

Time = 19
[mem] step-start: DEVICE_POOL current=22752 MB  actual(reserved)=38146 MB  highWater=28040 MB
Schwarz(Jacobi)+Bicgstab:  Solving for Ux, Initial residual = 0.00016869395308555368, Final residual = 1.2421033560644491e-05, No Iterations 3, Solve time = 127.081 ms
Schwarz(Jacobi)+Bicgstab:  Solving for Uy, Initial residual = 0.007371097120238118, Final residual = 0.0006426415508256893, No Iterations 3, Solve time = 127.081 ms
Schwarz(Jacobi)+Bicgstab:  Solving for Uz, Initial residual = 0.0016910046784670433, Final residual = 0.00016163252048343818, No Iterations 3, Solve time = 127.081 ms
[mem] after-UEqn: DEVICE_POOL current=22752 MB  actual(reserved)=38146 MB  highWater=28040 MB
[GinkgoSolver] p-cache: reuse(update_matrix_value) solve=19 rebuildInterval=100
config(Cg+Schwarz(Multigrid)):  Solving for p, Initial residual = 0.0066987996722491705, Final residual = 6.605199320949434e-05, No Iterations 50, Solve time = 1205.184 ms
time step continuity errors : sum local = 2.01915616719855e-05, global = 2.3425760943200418e-07, cumulative = 6.6285979181175875e-06
[mem] after-pEqn: DEVICE_POOL current=22752 MB  actual(reserved)=38146 MB  highWater=28040 MB
[GinkgoSolver] p-cache: reuse(update_matrix_value) solve=19 rebuildInterval=0
Schwarz(Jacobi)+Bicgstab:  Solving for omega, Initial residual = 8.31627719842561e-05, Final residual = 4.394970809921093e-06, No Iterations 2, Solve time = 47.588 ms
[GinkgoSolver] p-cache: reuse(update_matrix_value) solve=19 rebuildInterval=0
Schwarz(Jacobi)+Bicgstab:  Solving for k, Initial residual = 0.0003501972164455701, Final residual = 8.61671649505143e-06, No Iterations 3, Solve time = 61.757 ms
[mem] after-turb: DEVICE_POOL current=22752 MB  actual(reserved)=38146 MB  highWater=28040 MB
ExecutionTime = 97.06 s  ClockTime = 98 s

Time = 20
[mem] step-start: DEVICE_POOL current=22752 MB  actual(reserved)=38146 MB  highWater=28040 MB
Schwarz(Jacobi)+Bicgstab:  Solving for Ux, Initial residual = 0.00016272738125946312, Final residual = 6.8959202134640934e-06, No Iterations 4, Solve time = 155.68 ms
Schwarz(Jacobi)+Bicgstab:  Solving for Uy, Initial residual = 0.007271715997474268, Final residual = 0.00043379641034821934, No Iterations 4, Solve time = 155.68 ms
Schwarz(Jacobi)+Bicgstab:  Solving for Uz, Initial residual = 0.0016919257141643526, Final residual = 0.00016213554391500168, No Iterations 4, Solve time = 155.68 ms
[mem] after-UEqn: DEVICE_POOL current=22752 MB  actual(reserved)=38146 MB  highWater=28040 MB
[GinkgoSolver] p-cache: reuse(update_matrix_value) solve=20 rebuildInterval=100
config(Cg+Schwarz(Multigrid)):  Solving for p, Initial residual = 0.0064243101088329166, Final residual = 6.166180506318345e-05, No Iterations 24, Solve time = 597.247 ms
time step continuity errors : sum local = 1.923982064381949e-05, global = -2.911591793113549e-07, cumulative = 6.3374387388062324e-06
[mem] after-pEqn: DEVICE_POOL current=22752 MB  actual(reserved)=38146 MB  highWater=28040 MB
[GinkgoSolver] p-cache: reuse(update_matrix_value) solve=20 rebuildInterval=0
Schwarz(Jacobi)+Bicgstab:  Solving for omega, Initial residual = 7.808069637101708e-05, Final residual = 4.198725805917777e-06, No Iterations 2, Solve time = 47.719 ms
[GinkgoSolver] p-cache: reuse(update_matrix_value) solve=20 rebuildInterval=0
Schwarz(Jacobi)+Bicgstab:  Solving for k, Initial residual = 0.0003505499417971296, Final residual = 8.271586412908803e-06, No Iterations 3, Solve time = 62.087 ms
[mem] after-turb: DEVICE_POOL current=22752 MB  actual(reserved)=38146 MB  highWater=28040 MB
ExecutionTime = 99.37 s  ClockTime = 100 s

Time = 21
[mem] step-start: DEVICE_POOL current=22752 MB  actual(reserved)=38146 MB  highWater=28040 MB
Schwarz(Jacobi)+Bicgstab:  Solving for Ux, Initial residual = 0.00015835114725683708, Final residual = 1.5017057204201859e-05, No Iterations 4, Solve time = 155.275 ms
Schwarz(Jacobi)+Bicgstab:  Solving for Uy, Initial residual = 0.007222484987248034, Final residual = 0.00030788052726826926, No Iterations 4, Solve time = 155.275 ms
Schwarz(Jacobi)+Bicgstab:  Solving for Uz, Initial residual = 0.0017115813876415282, Final residual = 7.604990607067737e-05, No Iterations 4, Solve time = 155.275 ms
[mem] after-UEqn: DEVICE_POOL current=22752 MB  actual(reserved)=38146 MB  highWater=28040 MB
[GinkgoSolver] p-cache: reuse(update_matrix_value) solve=21 rebuildInterval=100
config(Cg+Schwarz(Multigrid)):  Solving for p, Initial residual = 0.006258710382776904, Final residual = 5.9850750397921126e-05, No Iterations 25, Solve time = 625.523 ms
time step continuity errors : sum local = 1.878351387989068e-05, global = -5.373622997510594e-07, cumulative = 5.800076439055173e-06
[mem] after-pEqn: DEVICE_POOL current=22752 MB  actual(reserved)=38146 MB  highWater=28040 MB
[GinkgoSolver] p-cache: reuse(update_matrix_value) solve=21 rebuildInterval=0
Schwarz(Jacobi)+Bicgstab:  Solving for omega, Initial residual = 7.388069399864691e-05, Final residual = 4.0529573679159535e-06, No Iterations 2, Solve time = 47.91 ms
[GinkgoSolver] p-cache: reuse(update_matrix_value) solve=21 rebuildInterval=0
Schwarz(Jacobi)+Bicgstab:  Solving for k, Initial residual = 0.00035330969680480006, Final residual = 8.434916802011652e-06, No Iterations 3, Solve time = 61.637 ms
[mem] after-turb: DEVICE_POOL current=22752 MB  actual(reserved)=38146 MB  highWater=28040 MB
ExecutionTime = 101.69 s  ClockTime = 103 s

Time = 22
[mem] step-start: DEVICE_POOL current=22752 MB  actual(reserved)=38146 MB  highWater=28040 MB
Schwarz(Jacobi)+Bicgstab:  Solving for Ux, Initial residual = 0.00015634099743165887, Final residual = 2.551622966000418e-06, No Iterations 5, Solve time = 185.544 ms
Schwarz(Jacobi)+Bicgstab:  Solving for Uy, Initial residual = 0.007173836125359263, Final residual = 0.0002008622349254451, No Iterations 5, Solve time = 185.544 ms
Schwarz(Jacobi)+Bicgstab:  Solving for Uz, Initial residual = 0.001735054221937536, Final residual = 4.228166244317934e-05, No Iterations 5, Solve time = 185.544 ms
[mem] after-UEqn: DEVICE_POOL current=22752 MB  actual(reserved)=38146 MB  highWater=28040 MB
[GinkgoSolver] p-cache: reuse(update_matrix_value) solve=22 rebuildInterval=100
config(Cg+Schwarz(Multigrid)):  Solving for p, Initial residual = 0.0061112887809577215, Final residual = 6.077755904914084e-05, No Iterations 25, Solve time = 620.507 ms
time step continuity errors : sum local = 1.91802450494449e-05, global = -6.701819878938772e-07, cumulative = 5.1298944511612955e-06
[mem] after-pEqn: DEVICE_POOL current=22752 MB  actual(reserved)=38146 MB  highWater=28040 MB
[GinkgoSolver] p-cache: reuse(update_matrix_value) solve=22 rebuildInterval=0
Schwarz(Jacobi)+Bicgstab:  Solving for omega, Initial residual = 6.99225072578115e-05, Final residual = 3.8905084661041675e-06, No Iterations 2, Solve time = 47.425 ms
bounding omega, min: -796.7841287928795 max: 45356474.36943458 average: 7030.252821520014
[GinkgoSolver] p-cache: reuse(update_matrix_value) solve=22 rebuildInterval=0
Schwarz(Jacobi)+Bicgstab:  Solving for k, Initial residual = 0.00035550639121255287, Final residual = 8.627370983311075e-06, No Iterations 3, Solve time = 61.787 ms
[mem] after-turb: DEVICE_POOL current=22752 MB  actual(reserved)=38146 MB  highWater=28040 MB
ExecutionTime = 104.05 s  ClockTime = 105 s

Time = 23
[mem] step-start: DEVICE_POOL current=22752 MB  actual(reserved)=38146 MB  highWater=28040 MB
Schwarz(Jacobi)+Bicgstab:  Solving for Ux, Initial residual = 0.00015348235374240728, Final residual = 5.145217110228896e-06, No Iterations 4, Solve time = 156.022 ms
Schwarz(Jacobi)+Bicgstab:  Solving for Uy, Initial residual = 0.007066429119812015, Final residual = 0.000680443846632827, No Iterations 4, Solve time = 156.022 ms
Schwarz(Jacobi)+Bicgstab:  Solving for Uz, Initial residual = 0.0017488807469976803, Final residual = 6.972035743426555e-05, No Iterations 4, Solve time = 156.022 ms
[mem] after-UEqn: DEVICE_POOL current=22752 MB  actual(reserved)=38146 MB  highWater=28040 MB
[GinkgoSolver] p-cache: reuse(update_matrix_value) solve=23 rebuildInterval=100
config(Cg+Schwarz(Multigrid)):  Solving for p, Initial residual = 0.005973876471477218, Final residual = 5.683278886359626e-05, No Iterations 24, Solve time = 596.055 ms
time step continuity errors : sum local = 1.80364856932458e-05, global = -7.294023589223881e-07, cumulative = 4.4004920922389075e-06
[mem] after-pEqn: DEVICE_POOL current=22752 MB  actual(reserved)=38146 MB  highWater=28040 MB
[GinkgoSolver] p-cache: reuse(update_matrix_value) solve=23 rebuildInterval=0
Schwarz(Jacobi)+Bicgstab:  Solving for omega, Initial residual = 6.633532111153578e-05, Final residual = 3.737854013085675e-06, No Iterations 2, Solve time = 48.168 ms
[GinkgoSolver] p-cache: reuse(update_matrix_value) solve=23 rebuildInterval=0
Schwarz(Jacobi)+Bicgstab:  Solving for k, Initial residual = 0.0003574611586036315, Final residual = 8.792582592290093e-06, No Iterations 3, Solve time = 61.99 ms
[mem] after-turb: DEVICE_POOL current=22752 MB  actual(reserved)=38146 MB  highWater=28040 MB
ExecutionTime = 106.36 s  ClockTime = 108 s

Time = 24
[mem] step-start: DEVICE_POOL current=22752 MB  actual(reserved)=38146 MB  highWater=28040 MB
Schwarz(Jacobi)+Bicgstab:  Solving for Ux, Initial residual = 0.0001513804409270974, Final residual = 1.0864430052420742e-05, No Iterations 3, Solve time = 126.694 ms
Schwarz(Jacobi)+Bicgstab:  Solving for Uy, Initial residual = 0.0069467025497474185, Final residual = 0.0005363951994954509, No Iterations 3, Solve time = 126.694 ms
Schwarz(Jacobi)+Bicgstab:  Solving for Uz, Initial residual = 0.0017484840695052013, Final residual = 0.00014527224484655265, No Iterations 3, Solve time = 126.694 ms
[mem] after-UEqn: DEVICE_POOL current=22752 MB  actual(reserved)=38146 MB  highWater=28040 MB
[GinkgoSolver] p-cache: reuse(update_matrix_value) solve=24 rebuildInterval=100
config(Cg+Schwarz(Multigrid)):  Solving for p, Initial residual = 0.005876632930987738, Final residual = 5.6987676559132816e-05, No Iterations 18, Solve time = 455.383 ms
time step continuity errors : sum local = 1.8150138568168676e-05, global = -8.54506872788375e-07, cumulative = 3.5459852194505325e-06
[mem] after-pEqn: DEVICE_POOL current=22752 MB  actual(reserved)=38146 MB  highWater=28040 MB
[GinkgoSolver] p-cache: reuse(update_matrix_value) solve=24 rebuildInterval=0
Schwarz(Jacobi)+Bicgstab:  Solving for omega, Initial residual = 6.312279656806746e-05, Final residual = 3.5974384279431634e-06, No Iterations 2, Solve time = 47.302 ms
[GinkgoSolver] p-cache: reuse(update_matrix_value) solve=24 rebuildInterval=0
Schwarz(Jacobi)+Bicgstab:  Solving for k, Initial residual = 0.0003606043634391424, Final residual = 8.90681288025948e-06, No Iterations 3, Solve time = 61.846 ms
[mem] after-turb: DEVICE_POOL current=22752 MB  actual(reserved)=38146 MB  highWater=28040 MB
ExecutionTime = 108.53 s  ClockTime = 110 s

Time = 25
[mem] step-start: DEVICE_POOL current=22752 MB  actual(reserved)=38146 MB  highWater=28040 MB
Schwarz(Jacobi)+Bicgstab:  Solving for Ux, Initial residual = 0.00014919691935807728, Final residual = 8.209942421156515e-06, No Iterations 3, Solve time = 126.835 ms
Schwarz(Jacobi)+Bicgstab:  Solving for Uy, Initial residual = 0.006791329563751586, Final residual = 0.0005083422672168083, No Iterations 3, Solve time = 126.835 ms
Schwarz(Jacobi)+Bicgstab:  Solving for Uz, Initial residual = 0.0017445026469365974, Final residual = 0.00013782244905151774, No Iterations 3, Solve time = 126.835 ms
[mem] after-UEqn: DEVICE_POOL current=22752 MB  actual(reserved)=38146 MB  highWater=28040 MB
[GinkgoSolver] p-cache: reuse(update_matrix_value) solve=25 rebuildInterval=100
config(Cg+Schwarz(Multigrid)):  Solving for p, Initial residual = 0.005808839590148881, Final residual = 5.690625572262164e-05, No Iterations 22, Solve time = 550.639 ms
time step continuity errors : sum local = 1.8113202326117643e-05, global = -5.918039794075936e-07, cumulative = 2.954181240042939e-06
[mem] after-pEqn: DEVICE_POOL current=22752 MB  actual(reserved)=38146 MB  highWater=28040 MB
[GinkgoSolver] p-cache: reuse(update_matrix_value) solve=25 rebuildInterval=0
Schwarz(Jacobi)+Bicgstab:  Solving for omega, Initial residual = 6.026473960820096e-05, Final residual = 3.4567725284658164e-06, No Iterations 2, Solve time = 48.174 ms
[GinkgoSolver] p-cache: reuse(update_matrix_value) solve=25 rebuildInterval=0
Schwarz(Jacobi)+Bicgstab:  Solving for k, Initial residual = 0.0003639981093775716, Final residual = 9.05885611108345e-06, No Iterations 3, Solve time = 61.924 ms
[mem] after-turb: DEVICE_POOL current=22752 MB  actual(reserved)=38146 MB  highWater=28040 MB
ExecutionTime = 110.78 s  ClockTime = 112 s

Time = 26
[mem] step-start: DEVICE_POOL current=22752 MB  actual(reserved)=38146 MB  highWater=28040 MB
Schwarz(Jacobi)+Bicgstab:  Solving for Ux, Initial residual = 0.00014722070025216126, Final residual = 7.4599733566890664e-06, No Iterations 4, Solve time = 155.298 ms
Schwarz(Jacobi)+Bicgstab:  Solving for Uy, Initial residual = 0.006647484598329211, Final residual = 0.0003121999019218153, No Iterations 4, Solve time = 155.298 ms
Schwarz(Jacobi)+Bicgstab:  Solving for Uz, Initial residual = 0.0017433214413824136, Final residual = 6.37371526111632e-05, No Iterations 4, Solve time = 155.298 ms
[mem] after-UEqn: DEVICE_POOL current=22752 MB  actual(reserved)=38146 MB  highWater=28040 MB
[GinkgoSolver] p-cache: reuse(update_matrix_value) solve=26 rebuildInterval=100
config(Cg+Schwarz(Multigrid)):  Solving for p, Initial residual = 0.005752358647648342, Final residual = 5.610593835180643e-05, No Iterations 26, Solve time = 642.352 ms
time step continuity errors : sum local = 1.7794674368768824e-05, global = -3.385152890647278e-07, cumulative = 2.615665950978211e-06
[mem] after-pEqn: DEVICE_POOL current=22752 MB  actual(reserved)=38146 MB  highWater=28040 MB
[GinkgoSolver] p-cache: reuse(update_matrix_value) solve=26 rebuildInterval=0
Schwarz(Jacobi)+Bicgstab:  Solving for omega, Initial residual = 5.7766829401445184e-05, Final residual = 3.354239177276787e-06, No Iterations 2, Solve time = 47.765 ms
bounding omega, min: -52518.40323317894 max: 45356131.321453996 average: 7145.015120970683
[GinkgoSolver] p-cache: reuse(update_matrix_value) solve=26 rebuildInterval=0
Schwarz(Jacobi)+Bicgstab:  Solving for k, Initial residual = 0.00036797396247145926, Final residual = 9.301888009398944e-06, No Iterations 3, Solve time = 61.487 ms
[mem] after-turb: DEVICE_POOL current=22752 MB  actual(reserved)=38146 MB  highWater=28040 MB
ExecutionTime = 113.13 s  ClockTime = 114 s

Time = 27
[mem] step-start: DEVICE_POOL current=22752 MB  actual(reserved)=38146 MB  highWater=28040 MB
Schwarz(Jacobi)+Bicgstab:  Solving for Ux, Initial residual = 0.00014493740478734252, Final residual = 1.0290795222454604e-05, No Iterations 3, Solve time = 124.697 ms
Schwarz(Jacobi)+Bicgstab:  Solving for Uy, Initial residual = 0.006487004579953093, Final residual = 0.0005310114905449531, No Iterations 3, Solve time = 124.697 ms
Schwarz(Jacobi)+Bicgstab:  Solving for Uz, Initial residual = 0.0017432988076724366, Final residual = 0.00014141486784487078, No Iterations 3, Solve time = 124.697 ms
[mem] after-UEqn: DEVICE_POOL current=22752 MB  actual(reserved)=38146 MB  highWater=28040 MB
[GinkgoSolver] p-cache: reuse(update_matrix_value) solve=27 rebuildInterval=100
config(Cg+Schwarz(Multigrid)):  Solving for p, Initial residual = 0.005713437031409358, Final residual = 5.671010439175842e-05, No Iterations 24, Solve time = 596.581 ms
time step continuity errors : sum local = 1.7775807078504886e-05, global = -4.587013757398217e-08, cumulative = 2.569795813404229e-06
[mem] after-pEqn: DEVICE_POOL current=22752 MB  actual(reserved)=38146 MB  highWater=28040 MB
[GinkgoSolver] p-cache: reuse(update_matrix_value) solve=27 rebuildInterval=0
Schwarz(Jacobi)+Bicgstab:  Solving for omega, Initial residual = 5.54884473769299e-05, Final residual = 3.2521988651619866e-06, No Iterations 2, Solve time = 47.949 ms
[GinkgoSolver] p-cache: reuse(update_matrix_value) solve=27 rebuildInterval=0
Schwarz(Jacobi)+Bicgstab:  Solving for k, Initial residual = 0.00037284380111279793, Final residual = 9.790139876414956e-06, No Iterations 3, Solve time = 61.677 ms
[mem] after-turb: DEVICE_POOL current=22752 MB  actual(reserved)=38146 MB  highWater=28040 MB
ExecutionTime = 115.42 s  ClockTime = 117 s

Time = 28
[mem] step-start: DEVICE_POOL current=22752 MB  actual(reserved)=38146 MB  highWater=28040 MB
Schwarz(Jacobi)+Bicgstab:  Solving for Ux, Initial residual = 0.0001427651283308013, Final residual = 8.6263120739103e-06, No Iterations 3, Solve time = 126.255 ms
Schwarz(Jacobi)+Bicgstab:  Solving for Uy, Initial residual = 0.006352676591403467, Final residual = 0.0004605097758349516, No Iterations 3, Solve time = 126.255 ms
Schwarz(Jacobi)+Bicgstab:  Solving for Uz, Initial residual = 0.0017472870154913475, Final residual = 0.0001390444578656406, No Iterations 3, Solve time = 126.255 ms
[mem] after-UEqn: DEVICE_POOL current=22752 MB  actual(reserved)=38146 MB  highWater=28040 MB
[GinkgoSolver] p-cache: reuse(update_matrix_value) solve=28 rebuildInterval=100
config(Cg+Schwarz(Multigrid)):  Solving for p, Initial residual = 0.005709195482497176, Final residual = 5.675855600657199e-05, No Iterations 24, Solve time = 596.399 ms
time step continuity errors : sum local = 1.752771034753623e-05, global = 2.7279111005156133e-07, cumulative = 2.8425869234557903e-06
[mem] after-pEqn: DEVICE_POOL current=22752 MB  actual(reserved)=38146 MB  highWater=28040 MB
[GinkgoSolver] p-cache: reuse(update_matrix_value) solve=28 rebuildInterval=0
Schwarz(Jacobi)+Bicgstab:  Solving for omega, Initial residual = 5.349148409335679e-05, Final residual = 3.1663245931303336e-06, No Iterations 2, Solve time = 47.059 ms
bounding omega, min: -280.36422441076564 max: 45356030.81385696 average: 7192.391164873895
[GinkgoSolver] p-cache: reuse(update_matrix_value) solve=28 rebuildInterval=0
Schwarz(Jacobi)+Bicgstab:  Solving for k, Initial residual = 0.0003775057901087947, Final residual = 9.70408905612669e-06, No Iterations 3, Solve time = 62.396 ms
[mem] after-turb: DEVICE_POOL current=22752 MB  actual(reserved)=38146 MB  highWater=28040 MB
ExecutionTime = 117.7 s  ClockTime = 119 s

Time = 29
[mem] step-start: DEVICE_POOL current=22752 MB  actual(reserved)=38146 MB  highWater=28040 MB
Schwarz(Jacobi)+Bicgstab:  Solving for Ux, Initial residual = 0.0001395485832627179, Final residual = 9.839801629100555e-06, No Iterations 3, Solve time = 125.561 ms
Schwarz(Jacobi)+Bicgstab:  Solving for Uy, Initial residual = 0.0062266852553330915, Final residual = 0.0004415184404448321, No Iterations 3, Solve time = 125.561 ms
Schwarz(Jacobi)+Bicgstab:  Solving for Uz, Initial residual = 0.0017501700198764413, Final residual = 0.00013713295773969488, No Iterations 3, Solve time = 125.561 ms
[mem] after-UEqn: DEVICE_POOL current=22752 MB  actual(reserved)=38146 MB  highWater=28040 MB
[GinkgoSolver] p-cache: reuse(update_matrix_value) solve=29 rebuildInterval=100
config(Cg+Schwarz(Multigrid)):  Solving for p, Initial residual = 0.005719950629287214, Final residual = 5.685008916781893e-05, No Iterations 17, Solve time = 439.431 ms
time step continuity errors : sum local = 1.7250435577087954e-05, global = 1.2850532549335695e-06, cumulative = 4.12764017838936e-06
[mem] after-pEqn: DEVICE_POOL current=22752 MB  actual(reserved)=38146 MB  highWater=28040 MB
[GinkgoSolver] p-cache: reuse(update_matrix_value) solve=29 rebuildInterval=0
Schwarz(Jacobi)+Bicgstab:  Solving for omega, Initial residual = 5.1911796564085334e-05, Final residual = 3.109655747426026e-06, No Iterations 2, Solve time = 47.106 ms
[GinkgoSolver] p-cache: reuse(update_matrix_value) solve=29 rebuildInterval=0
Schwarz(Jacobi)+Bicgstab:  Solving for k, Initial residual = 0.00038389079346861244, Final residual = 9.878384366120855e-06, No Iterations 3, Solve time = 61.685 ms
[mem] after-turb: DEVICE_POOL current=22752 MB  actual(reserved)=38146 MB  highWater=28040 MB
ExecutionTime = 119.82 s  ClockTime = 121 s

Time = 30
[mem] step-start: DEVICE_POOL current=22752 MB  actual(reserved)=38146 MB  highWater=28040 MB
Schwarz(Jacobi)+Bicgstab:  Solving for Ux, Initial residual = 0.00013656928291055795, Final residual = 7.3103682182101735e-06, No Iterations 3, Solve time = 125.03 ms
Schwarz(Jacobi)+Bicgstab:  Solving for Uy, Initial residual = 0.006122178006376746, Final residual = 0.0004422669008020563, No Iterations 3, Solve time = 125.03 ms
Schwarz(Jacobi)+Bicgstab:  Solving for Uz, Initial residual = 0.0017525726154775326, Final residual = 0.0001362880238213892, No Iterations 3, Solve time = 125.03 ms
[mem] after-UEqn: DEVICE_POOL current=22752 MB  actual(reserved)=38146 MB  highWater=28040 MB
[GinkgoSolver] p-cache: reuse(update_matrix_value) solve=30 rebuildInterval=100
config(Cg+Schwarz(Multigrid)):  Solving for p, Initial residual = 0.005673233714976778, Final residual = 5.488784610494619e-05, No Iterations 25, Solve time = 619.267 ms
time step continuity errors : sum local = 1.64711060272093e-05, global = 7.417891256082991e-07, cumulative = 4.869429303997659e-06
[mem] after-pEqn: DEVICE_POOL current=22752 MB  actual(reserved)=38146 MB  highWater=28040 MB
[GinkgoSolver] p-cache: reuse(update_matrix_value) solve=30 rebuildInterval=0
Schwarz(Jacobi)+Bicgstab:  Solving for omega, Initial residual = 5.081366177277913e-05, Final residual = 3.052289213709396e-06, No Iterations 2, Solve time = 47.699 ms
bounding omega, min: -229.72207878274216 max: 45356089.04732207 average: 7233.414970026367
[GinkgoSolver] p-cache: reuse(update_matrix_value) solve=30 rebuildInterval=0
Schwarz(Jacobi)+Bicgstab:  Solving for k, Initial residual = 0.0003915507623439741, Final residual = 1.0274073442305016e-05, No Iterations 3, Solve time = 62.977 ms
[mem] after-turb: DEVICE_POOL current=22752 MB  actual(reserved)=38146 MB  highWater=28040 MB
Writing p
Writing U
Writing turbulence variables
ExecutionTime = 122.95 s  ClockTime = 126 s

Finalizing NeoN
Finalising parallel run
