
The following have been reloaded with a version change:
  1) cuda/13.0.2 => cuda/13.1.1

Not expanding variables or dictionary directives
startFrom       startTime;
Not expanding variables or dictionary directives
startTime       1000;
Not expanding variables or dictionary directives
stopAt          endTime;
Not expanding variables or dictionary directives
endTime         1050;
Not expanding variables or dictionary directives
writeInterval   50;
Phase 3i (LOCALIZED Cg+Schwarz{MG}; 2-D max_levels x coarse rel-tol): 50 iters/variant from restart 1000
  LEVELS={6}  TOLS={0.1}  cap=50
================================================================
 L6e1 : LOCALIZED Cg+Schwarz{MG}, CACHED, pgmMerge2, local-MG max_levels=6, coarse rel-tol=0.1
   -> paperParamStudyResults/localized-coarse-reltol-abA/L6e1-20260717-065752.log
================================================================
   | Schwarz(Jacobi)+Bicgstab:  Solving for k, Initial residual = 0.0002526358494986603, Final residual = 1.4037694601198505e-05, No Iterations 2, Solve time = 71.369 ms
   | bounding k, min: -0.00253420298841589 max: 870.7993703884138 average: 9.13256546991165
   | [mem] after-turb: DEVICE_POOL current=19126 MB  actual(reserved)=38146 MB  highWater=24414 MB
   | Writing p
   | Writing U
   | Writing turbulence variables
   | ExecutionTime = 154.8 s  ClockTime = 157 s
   | 
   | Finalizing NeoN
   | Finalising parallel run
   exit=0  wall=161s  steps=50

######################## SUMMARY ########################
run                         steps   p_iters/it     p_ms/solve       cont       exec_s     s/step
L6e1                           50           30            733 3.1393396242833616e-06        154.8      3.096
#########################################################
per-run logs under: paperParamStudyResults/localized-coarse-reltol-abA/

logs under: paperParamStudyResults/localized-coarse-reltol-abA/   |   read: ./peek-grid.py localized-coarse-reltol
  KEY QUESTION: does localized still beat the global branch on the CURRENT build (§4.11f was cross-build)?
localized grid done
