/*---------------------------------------------------------------------------*\
| =========                 |                                                 |
| \\      /  F ield         | OpenFOAM: The Open Source CFD Toolbox           |
|  \\    /   O peration     | Version:  2506                                  |
|   \\  /    A nd           | Website:  www.openfoam.com                      |
|    \\/     M anipulation  |                                                 |
\*---------------------------------------------------------------------------*/
Build  : b050cd9480-20250814 OPENFOAM=2506 version=v2506
Arch   : "LSB;label=32;scalar=64"
Exec   : /storage/home/greole/code/NeoFOAM/build/profilingnvidia_h200/bin/neoSimpleFoam -parallel
Date   : Jul 21 2026
Time   : 07:50:24
Host   : gpu-nvidia-h200-3.int.coma-cluster.de
PID    : 2216002
I/O    : uncollated
Case   : /storage/home/greole/code/NeoFOAM/occDrivAerStaticMesh
nProcs : 4
Hosts  :
(
    (gpu-nvidia-h200-3.int.coma-cluster.de 4)
)
Pstream initialized with:
    node communication : off [type=host] (4 ranks, 1 nodes)
    topology controls  : none
    consensus exchange : 0 (tuning: 0)
    exchange algorithm : 0
    commsType          : nonBlocking
    polling iterations : 0
trapFpe: Floating point exception trapping enabled (FOAM_SIGFPE).
fileModificationChecking : Monitoring run-time modified files using timeStampMaster (fileModificationSkew 5, maxFileModificationPolls 20)
allowSystemOperations : Allowing user-supplied system call operations

// * * * * * * * * * * * * * * * * * * * * * * * * * * * * * * * * * * * * * //
Create time

Initializing NeoN
Creating Executor GPU
Creating NeoFOAM runTime

SIMPLE: no convergence criteria found. Calculations will run for 50 steps.

Reading field p

Reading field U

Reading/calculating face flux field phi

Selecting incompressible transport model Newtonian
NeoFOAM solver config (from fvSolution configFile) for 'config(Cg+Multigrid)':
{
    cacheSolver: true
    configFile: <NeoN::TokenList>
    l1ScaledResidual: true
    preconditionerRebuildInterval: 0
    relTol: 0.010000
    reportName: config(Cg+Multigrid)
    solver: Ginkgo
    tolerance: 0.000000
}
    effective optimize: false
    effective checkFrequency: 1
Mapping OpenFOAM solver settings to NeoN settings.
Currently, it is advisable to specify a configFile
for fine grained Ginkgo solver control

Replacing solver PBiCGStab by solver::Bicgstab
Replacing preconditioner diagonal by preconditioner::Schwarz (Schwarz-wrapped for distributed run)
NeoFOAM solver config (mapped from fvSolution) for 'Schwarz(Jacobi)+Bicgstab':
{
    cacheSolver: true
    criteria: {
        absolute_residual_norm: 0.000000
        initial_residual_norm: 0.100000
        iteration: 1000
    }
    l1ScaledResidual: true
    optimize: false
    preconditioner: {
        local_solver: {
            max_block_size: 1
            type: preconditioner::Jacobi
        }
        type: preconditioner::Schwarz
    }
    reportName: Schwarz(Jacobi)+Bicgstab
    solver: Ginkgo
    type: solver::Bicgstab
}
    effective optimize: false
    effective checkFrequency: 1
Creating phi

[NF][/storage/home/greole/code/NeoFOAM/include/NeoFOAM/auxiliary/readers.hpp::423]: Internal: 49333487, Boundary: 1754396

[NF][/storage/home/greole/code/NeoFOAM/include/NeoFOAM/auxiliary/readers.hpp::423]: Internal: 49320882, Boundary: 1762558

[NF][/storage/home/greole/code/NeoFOAM/include/NeoFOAM/auxiliary/readers.hpp::423]: Internal: 49243125, Boundary: 1362247

[NF][/storage/home/greole/code/NeoFOAM/include/NeoFOAM/auxiliary/readers.hpp::423]: Internal: 49261542, Boundary: 1427829
Selecting patchDistMethod meshWave
Mapping OpenFOAM solver settings to NeoN settings.
Currently, it is advisable to specify a configFile
for fine grained Ginkgo solver control

Replacing solver PBiCGStab by solver::Bicgstab
Replacing preconditioner diagonal by preconditioner::Schwarz (Schwarz-wrapped for distributed run)
NeoFOAM solver config (mapped from fvSolution) for 'Schwarz(Jacobi)+Bicgstab':
{
    cacheSolver: true
    criteria: {
        absolute_residual_norm: 0.000000
        initial_residual_norm: 0.100000
        iteration: 1000
    }
    l1ScaledResidual: true
    optimize: false
    preconditioner: {
        local_solver: {
            max_block_size: 1
            type: preconditioner::Jacobi
        }
        type: preconditioner::Schwarz
    }
    reportName: Schwarz(Jacobi)+Bicgstab
    solver: Ginkgo
    type: solver::Bicgstab
}
    effective optimize: false
    effective checkFrequency: 1
Mapping OpenFOAM solver settings to NeoN settings.
Currently, it is advisable to specify a configFile
for fine grained Ginkgo solver control

Replacing solver PBiCGStab by solver::Bicgstab
Replacing preconditioner diagonal by preconditioner::Schwarz (Schwarz-wrapped for distributed run)
NeoFOAM solver config (mapped from fvSolution) for 'Schwarz(Jacobi)+Bicgstab':
{
    cacheSolver: true
    criteria: {
        absolute_residual_norm: 0.000000
        initial_residual_norm: 0.100000
        iteration: 1000
    }
    l1ScaledResidual: true
    optimize: false
    preconditioner: {
        local_solver: {
            max_block_size: 1
            type: preconditioner::Jacobi
        }
        type: preconditioner::Schwarz
    }
    reportName: Schwarz(Jacobi)+Bicgstab
    solver: Ginkgo
    type: solver::Bicgstab
}
    effective optimize: false
    effective checkFrequency: 1
Starting time loop
Time = 1001
[mem] step-start: DEVICE_POOL current=12979 MB  actual(reserved)=38146 MB  highWater=19132 MB
Schwarz(Jacobi)+Bicgstab:  Solving for Ux, Initial residual = 7.91563115121018e-05, Final residual = 3.1177778532464638e-06, No Iterations 3, Solve time = 45.977 ms
Schwarz(Jacobi)+Bicgstab:  Solving for Uy, Initial residual = 0.004031295874140797, Final residual = 0.00014165332775768294, No Iterations 3, Solve time = 19.456 ms
Schwarz(Jacobi)+Bicgstab:  Solving for Uz, Initial residual = 0.0011223325614447873, Final residual = 4.881420736287074e-05, No Iterations 3, Solve time = 18.996 ms
[mem] after-UEqn: DEVICE_POOL current=15408 MB  actual(reserved)=38146 MB  highWater=20761 MB
config(Cg+Multigrid):  Solving for p, Initial residual = 0.001306167765283408, Final residual = 1.1526520139738634e-05, No Iterations 9, Solve time = 208.67 ms
time step continuity errors : sum local = 2.9108263447685786e-06, global = 4.5791366036318854e-08, cumulative = 4.5791366036318854e-08
[mem] after-pEqn: DEVICE_POOL current=16877 MB  actual(reserved)=38146 MB  highWater=20761 MB
Schwarz(Jacobi)+Bicgstab:  Solving for omega, Initial residual = 1.3376661642908195e-05, Final residual = 8.342038797439379e-07, No Iterations 2, Solve time = 16.251 ms
bounding omega, min: -36170.58717430696 max: 45355982.77767276 average: 6373.394273305362
Schwarz(Jacobi)+Bicgstab:  Solving for k, Initial residual = 0.00024227638020074465, Final residual = 2.3703254661596403e-05, No Iterations 2, Solve time = 16.069 ms
bounding k, min: -0.06721583276983542 max: 939.9191314087419 average: 9.153222147012308
[mem] after-turb: DEVICE_POOL current=19061 MB  actual(reserved)=38146 MB  highWater=21870 MB
ExecutionTime = 44.13 s  ClockTime = 45 s

Time = 1002
[mem] step-start: DEVICE_POOL current=19061 MB  actual(reserved)=38146 MB  highWater=21870 MB
Schwarz(Jacobi)+Bicgstab:  Solving for Ux, Initial residual = 7.875164505042489e-05, Final residual = 2.9933781837015755e-06, No Iterations 3, Solve time = 19.728 ms
Schwarz(Jacobi)+Bicgstab:  Solving for Uy, Initial residual = 0.004033629150607886, Final residual = 0.00014035849690727825, No Iterations 3, Solve time = 19.544 ms
Schwarz(Jacobi)+Bicgstab:  Solving for Uz, Initial residual = 0.0011190741296486033, Final residual = 4.0841237142840986e-05, No Iterations 3, Solve time = 19.121 ms
[mem] after-UEqn: DEVICE_POOL current=19061 MB  actual(reserved)=38146 MB  highWater=24788 MB
config(Cg+Multigrid):  Solving for p, Initial residual = 0.001276759398639311, Final residual = 1.1719585600343898e-05, No Iterations 9, Solve time = 217.662 ms
time step continuity errors : sum local = 2.9628031673091323e-06, global = 3.891656055242079e-08, cumulative = 8.470792658873964e-08
[mem] after-pEqn: DEVICE_POOL current=19061 MB  actual(reserved)=38146 MB  highWater=24788 MB
Schwarz(Jacobi)+Bicgstab:  Solving for omega, Initial residual = 1.281419703618195e-05, Final residual = 8.603330729694085e-07, No Iterations 2, Solve time = 14.171 ms
bounding omega, min: -91735.53943924513 max: 45355982.847780414 average: 6373.663374489471
Schwarz(Jacobi)+Bicgstab:  Solving for k, Initial residual = 0.00024177473702093025, Final residual = 8.01215900032322e-06, No Iterations 3, Solve time = 17.513 ms
bounding k, min: -0.00020015036565409667 max: 933.2742316718608 average: 9.152817178579213
[mem] after-turb: DEVICE_POOL current=19061 MB  actual(reserved)=38146 MB  highWater=24788 MB
ExecutionTime = 46.81 s  ClockTime = 47 s

Time = 1003
[mem] step-start: DEVICE_POOL current=19061 MB  actual(reserved)=38146 MB  highWater=24788 MB
Schwarz(Jacobi)+Bicgstab:  Solving for Ux, Initial residual = 7.858052163218982e-05, Final residual = 2.411279642526687e-06, No Iterations 3, Solve time = 19.837 ms
Schwarz(Jacobi)+Bicgstab:  Solving for Uy, Initial residual = 0.004030617877145637, Final residual = 0.0001366082779986013, No Iterations 3, Solve time = 19.565 ms
Schwarz(Jacobi)+Bicgstab:  Solving for Uz, Initial residual = 0.00111756400837804, Final residual = 7.24059831396041e-05, No Iterations 2, Solve time = 15.918 ms
[mem] after-UEqn: DEVICE_POOL current=19061 MB  actual(reserved)=38146 MB  highWater=24788 MB
config(Cg+Multigrid):  Solving for p, Initial residual = 0.0012675592804602587, Final residual = 1.2156296344853804e-05, No Iterations 9, Solve time = 221.681 ms
time step continuity errors : sum local = 3.074105505186357e-06, global = 2.9908079173683194e-08, cumulative = 1.1461600576242283e-07
[mem] after-pEqn: DEVICE_POOL current=19061 MB  actual(reserved)=38146 MB  highWater=24788 MB
Schwarz(Jacobi)+Bicgstab:  Solving for omega, Initial residual = 1.312999288162988e-05, Final residual = 8.375727118878166e-07, No Iterations 2, Solve time = 14.267 ms
bounding omega, min: -36277.14924132601 max: 45355982.93168068 average: 6373.354524961086
Schwarz(Jacobi)+Bicgstab:  Solving for k, Initial residual = 0.00023969913223266694, Final residual = 7.18549871339294e-06, No Iterations 3, Solve time = 17.662 ms
bounding k, min: -1.0236946189001244e-05 max: 922.1391180865156 average: 9.152670595759927
[mem] after-turb: DEVICE_POOL current=19061 MB  actual(reserved)=38146 MB  highWater=24788 MB
ExecutionTime = 49.51 s  ClockTime = 50 s

Time = 1004
[mem] step-start: DEVICE_POOL current=19061 MB  actual(reserved)=38146 MB  highWater=24788 MB
Schwarz(Jacobi)+Bicgstab:  Solving for Ux, Initial residual = 7.84908019501648e-05, Final residual = 2.05141568564546e-06, No Iterations 3, Solve time = 19.657 ms
Schwarz(Jacobi)+Bicgstab:  Solving for Uy, Initial residual = 0.0040257688531863565, Final residual = 0.00013295230038802788, No Iterations 3, Solve time = 19.573 ms
Schwarz(Jacobi)+Bicgstab:  Solving for Uz, Initial residual = 0.0011193900673260881, Final residual = 6.178545381022283e-05, No Iterations 2, Solve time = 16.227 ms
[mem] after-UEqn: DEVICE_POOL current=19061 MB  actual(reserved)=38146 MB  highWater=24788 MB
config(Cg+Multigrid):  Solving for p, Initial residual = 0.0012678870259565144, Final residual = 1.0954342807804972e-05, No Iterations 11, Solve time = 265.698 ms
time step continuity errors : sum local = 2.7701620377378695e-06, global = 7.869365179793741e-09, cumulative = 1.2248537094221657e-07
[mem] after-pEqn: DEVICE_POOL current=19061 MB  actual(reserved)=38146 MB  highWater=24788 MB
Schwarz(Jacobi)+Bicgstab:  Solving for omega, Initial residual = 1.2899020685910602e-05, Final residual = 8.338172640353181e-07, No Iterations 2, Solve time = 14.324 ms
bounding omega, min: -33997.71183444695 max: 45355983.01644662 average: 6373.408710036132
Schwarz(Jacobi)+Bicgstab:  Solving for k, Initial residual = 0.00023931597877641537, Final residual = 1.3490720864027185e-05, No Iterations 2, Solve time = 14.376 ms
bounding k, min: -2.0084589841261438e-05 max: 907.6684233601286 average: 9.152412744887389
[mem] after-turb: DEVICE_POOL current=19061 MB  actual(reserved)=38146 MB  highWater=24788 MB
ExecutionTime = 52.24 s  ClockTime = 53 s

Time = 1005
[mem] step-start: DEVICE_POOL current=19061 MB  actual(reserved)=38146 MB  highWater=24788 MB
Schwarz(Jacobi)+Bicgstab:  Solving for Ux, Initial residual = 7.841938613366414e-05, Final residual = 3.883387494126446e-06, No Iterations 2, Solve time = 16.475 ms
Schwarz(Jacobi)+Bicgstab:  Solving for Uy, Initial residual = 0.004022277250056286, Final residual = 0.00024880954982998065, No Iterations 2, Solve time = 16.412 ms
Schwarz(Jacobi)+Bicgstab:  Solving for Uz, Initial residual = 0.0011189032998843711, Final residual = 5.879497996396254e-05, No Iterations 3, Solve time = 20.012 ms
[mem] after-UEqn: DEVICE_POOL current=19061 MB  actual(reserved)=38146 MB  highWater=24788 MB
config(Cg+Multigrid):  Solving for p, Initial residual = 0.0012761262073574871, Final residual = 1.2736298793503372e-05, No Iterations 11, Solve time = 248.8 ms
time step continuity errors : sum local = 3.2193316925420875e-06, global = -4.28013511548887e-09, cumulative = 1.182052358267277e-07
[mem] after-pEqn: DEVICE_POOL current=19061 MB  actual(reserved)=38146 MB  highWater=24788 MB
Schwarz(Jacobi)+Bicgstab:  Solving for omega, Initial residual = 1.2878292821234595e-05, Final residual = 8.413206365535916e-07, No Iterations 2, Solve time = 14.238 ms
bounding omega, min: -33159.04807664485 max: 45355983.08590392 average: 6373.567161540935
Schwarz(Jacobi)+Bicgstab:  Solving for k, Initial residual = 0.00023981077303817953, Final residual = 1.8840392487321773e-05, No Iterations 2, Solve time = 13.967 ms
bounding k, min: -9.032092231772124e-06 max: 897.3987911010554 average: 9.152597451603933
[mem] after-turb: DEVICE_POOL current=19061 MB  actual(reserved)=38146 MB  highWater=24788 MB
ExecutionTime = 54.96 s  ClockTime = 55 s

Time = 1006
[mem] step-start: DEVICE_POOL current=19061 MB  actual(reserved)=38146 MB  highWater=24788 MB
Schwarz(Jacobi)+Bicgstab:  Solving for Ux, Initial residual = 7.848472473490717e-05, Final residual = 4.258736374428425e-06, No Iterations 2, Solve time = 16.323 ms
Schwarz(Jacobi)+Bicgstab:  Solving for Uy, Initial residual = 0.004013001790331331, Final residual = 0.0001535124751780878, No Iterations 3, Solve time = 19.272 ms
Schwarz(Jacobi)+Bicgstab:  Solving for Uz, Initial residual = 0.0011210549427730645, Final residual = 6.958945404318398e-05, No Iterations 2, Solve time = 15.956 ms
[mem] after-UEqn: DEVICE_POOL current=19061 MB  actual(reserved)=38146 MB  highWater=24788 MB
config(Cg+Multigrid):  Solving for p, Initial residual = 0.0012796513996496915, Final residual = 1.1766731992780128e-05, No Iterations 18, Solve time = 388.683 ms
time step continuity errors : sum local = 2.9725077235283373e-06, global = -3.559032911942821e-08, cumulative = 8.261490670729949e-08
[mem] after-pEqn: DEVICE_POOL current=19061 MB  actual(reserved)=38146 MB  highWater=24788 MB
Schwarz(Jacobi)+Bicgstab:  Solving for omega, Initial residual = 1.2527882486399574e-05, Final residual = 8.433333602999939e-07, No Iterations 2, Solve time = 14.173 ms
bounding omega, min: -129679.42926043701 max: 45355983.14200686 average: 6373.756460115968
Schwarz(Jacobi)+Bicgstab:  Solving for k, Initial residual = 0.00023927245970221876, Final residual = 6.753624561912166e-06, No Iterations 3, Solve time = 17.633 ms
bounding k, min: -2.2540337717404434e-05 max: 892.8704480684673 average: 9.152400081652836
[mem] after-turb: DEVICE_POOL current=19061 MB  actual(reserved)=38146 MB  highWater=24788 MB
ExecutionTime = 57.82 s  ClockTime = 58 s

Time = 1007
[mem] step-start: DEVICE_POOL current=19061 MB  actual(reserved)=38146 MB  highWater=24788 MB
Schwarz(Jacobi)+Bicgstab:  Solving for Ux, Initial residual = 7.853189592778245e-05, Final residual = 4.309622725973163e-06, No Iterations 2, Solve time = 16.402 ms
Schwarz(Jacobi)+Bicgstab:  Solving for Uy, Initial residual = 0.004011390021995271, Final residual = 0.00014188463091168344, No Iterations 3, Solve time = 19.296 ms
Schwarz(Jacobi)+Bicgstab:  Solving for Uz, Initial residual = 0.0011224036744447456, Final residual = 5.948675347589827e-05, No Iterations 2, Solve time = 16.381 ms
[mem] after-UEqn: DEVICE_POOL current=19061 MB  actual(reserved)=38146 MB  highWater=24788 MB
config(Cg+Multigrid):  Solving for p, Initial residual = 0.0012858351125109356, Final residual = 1.1608578001084879e-05, No Iterations 9, Solve time = 219.006 ms
time step continuity errors : sum local = 2.9259735816386317e-06, global = -2.3300228233451518e-08, cumulative = 5.9314678473847974e-08
[mem] after-pEqn: DEVICE_POOL current=19061 MB  actual(reserved)=38146 MB  highWater=24788 MB
Schwarz(Jacobi)+Bicgstab:  Solving for omega, Initial residual = 1.2909220875002356e-05, Final residual = 8.400500061793092e-07, No Iterations 2, Solve time = 14.255 ms
bounding omega, min: -36954.00450264516 max: 45355983.133982606 average: 6373.915180436832
Schwarz(Jacobi)+Bicgstab:  Solving for k, Initial residual = 0.00023832360080602085, Final residual = 1.146820578870371e-05, No Iterations 2, Solve time = 14.199 ms
bounding k, min: -0.0003176918886707616 max: 891.8687337580016 average: 9.152071081979555
[mem] after-turb: DEVICE_POOL current=19061 MB  actual(reserved)=38146 MB  highWater=24788 MB
ExecutionTime = 60.5 s  ClockTime = 61 s

Time = 1008
[mem] step-start: DEVICE_POOL current=19061 MB  actual(reserved)=38146 MB  highWater=24788 MB
Schwarz(Jacobi)+Bicgstab:  Solving for Ux, Initial residual = 7.85687287113651e-05, Final residual = 4.322409451914629e-06, No Iterations 2, Solve time = 16.565 ms
Schwarz(Jacobi)+Bicgstab:  Solving for Uy, Initial residual = 0.004017110067696913, Final residual = 0.000248169215351658, No Iterations 2, Solve time = 16.08 ms
Schwarz(Jacobi)+Bicgstab:  Solving for Uz, Initial residual = 0.0011195948500850805, Final residual = 9.333577283898569e-05, No Iterations 3, Solve time = 19.371 ms
[mem] after-UEqn: DEVICE_POOL current=19061 MB  actual(reserved)=38146 MB  highWater=24788 MB
config(Cg+Multigrid):  Solving for p, Initial residual = 0.0012839707799462425, Final residual = 1.20178591791575e-05, No Iterations 19, Solve time = 422.293 ms
time step continuity errors : sum local = 3.0284538794980926e-06, global = -3.64022522981566e-08, cumulative = 2.2912426175691373e-08
[mem] after-pEqn: DEVICE_POOL current=19061 MB  actual(reserved)=38146 MB  highWater=24788 MB
Schwarz(Jacobi)+Bicgstab:  Solving for omega, Initial residual = 1.2887921291723463e-05, Final residual = 8.387468341169357e-07, No Iterations 2, Solve time = 14.25 ms
bounding omega, min: -32446.493469244626 max: 45355983.056809105 average: 6374.041665420194
Schwarz(Jacobi)+Bicgstab:  Solving for k, Initial residual = 0.00023851389622298334, Final residual = 1.1253054193309539e-05, No Iterations 2, Solve time = 14.292 ms
bounding k, min: -3.5879249255060663e-06 max: 891.0401023639141 average: 9.15176656682849
[mem] after-turb: DEVICE_POOL current=19061 MB  actual(reserved)=38146 MB  highWater=24788 MB
ExecutionTime = 63.38 s  ClockTime = 64 s

Time = 1009
[mem] step-start: DEVICE_POOL current=19061 MB  actual(reserved)=38146 MB  highWater=24788 MB
Schwarz(Jacobi)+Bicgstab:  Solving for Ux, Initial residual = 7.862093695138111e-05, Final residual = 4.307748603157705e-06, No Iterations 2, Solve time = 16.493 ms
Schwarz(Jacobi)+Bicgstab:  Solving for Uy, Initial residual = 0.004016458384566081, Final residual = 0.0001512041015829234, No Iterations 3, Solve time = 19.558 ms
Schwarz(Jacobi)+Bicgstab:  Solving for Uz, Initial residual = 0.001122152272011541, Final residual = 7.430164318472035e-05, No Iterations 2, Solve time = 15.948 ms
[mem] after-UEqn: DEVICE_POOL current=19061 MB  actual(reserved)=38146 MB  highWater=24788 MB
config(Cg+Multigrid):  Solving for p, Initial residual = 0.0012856105884753958, Final residual = 1.0731416829038538e-05, No Iterations 9, Solve time = 213.567 ms
time step continuity errors : sum local = 2.698624154397994e-06, global = -4.832132558280045e-08, cumulative = -2.540889940710908e-08
[mem] after-pEqn: DEVICE_POOL current=19061 MB  actual(reserved)=38146 MB  highWater=24788 MB
Schwarz(Jacobi)+Bicgstab:  Solving for omega, Initial residual = 1.2844802007628297e-05, Final residual = 8.440502890904254e-07, No Iterations 2, Solve time = 14.286 ms
bounding omega, min: -35794.62192625249 max: 45355982.909828305 average: 6374.142252062329
Schwarz(Jacobi)+Bicgstab:  Solving for k, Initial residual = 0.00023882672323767389, Final residual = 1.1220538711493133e-05, No Iterations 2, Solve time = 14.019 ms
bounding k, min: -0.00021859172317539795 max: 891.8984829926594 average: 9.15142476474601
[mem] after-turb: DEVICE_POOL current=19061 MB  actual(reserved)=38146 MB  highWater=24788 MB
ExecutionTime = 66.06 s  ClockTime = 67 s

Time = 1010
[mem] step-start: DEVICE_POOL current=19061 MB  actual(reserved)=38146 MB  highWater=24788 MB
Schwarz(Jacobi)+Bicgstab:  Solving for Ux, Initial residual = 7.864211391228326e-05, Final residual = 4.311874738519566e-06, No Iterations 2, Solve time = 18.439 ms
Schwarz(Jacobi)+Bicgstab:  Solving for Uy, Initial residual = 0.0040230158124040785, Final residual = 0.00014419400871126987, No Iterations 3, Solve time = 22.138 ms
Schwarz(Jacobi)+Bicgstab:  Solving for Uz, Initial residual = 0.0011212202508413221, Final residual = 6.605470134773659e-05, No Iterations 2, Solve time = 16.004 ms
[mem] after-UEqn: DEVICE_POOL current=19061 MB  actual(reserved)=38146 MB  highWater=24788 MB
config(Cg+Multigrid):  Solving for p, Initial residual = 0.0012879251545167268, Final residual = 1.2810735212649939e-05, No Iterations 9, Solve time = 219.502 ms
time step continuity errors : sum local = 3.2211194362821227e-06, global = -5.807663462127067e-08, cumulative = -8.348553402837975e-08
[mem] after-pEqn: DEVICE_POOL current=19061 MB  actual(reserved)=38146 MB  highWater=24788 MB
Schwarz(Jacobi)+Bicgstab:  Solving for omega, Initial residual = 1.2816102690651164e-05, Final residual = 8.459397920538051e-07, No Iterations 2, Solve time = 14.246 ms
bounding omega, min: -171984.7888107078 max: 45355982.67932226 average: 6374.209036397072
Schwarz(Jacobi)+Bicgstab:  Solving for k, Initial residual = 0.00023913155104211484, Final residual = 1.1423925802506102e-05, No Iterations 2, Solve time = 14.339 ms
bounding k, min: -9.154042057880359e-06 max: 892.1176442628537 average: 9.15100311881953
[mem] after-turb: DEVICE_POOL current=19061 MB  actual(reserved)=38146 MB  highWater=24788 MB
ExecutionTime = 68.75 s  ClockTime = 69 s

Time = 1011
[mem] step-start: DEVICE_POOL current=19061 MB  actual(reserved)=38146 MB  highWater=24788 MB
Schwarz(Jacobi)+Bicgstab:  Solving for Ux, Initial residual = 7.867308862968566e-05, Final residual = 4.316418710377208e-06, No Iterations 2, Solve time = 16.48 ms
Schwarz(Jacobi)+Bicgstab:  Solving for Uy, Initial residual = 0.0040346725390704875, Final residual = 0.0002931656258628517, No Iterations 2, Solve time = 16.234 ms
Schwarz(Jacobi)+Bicgstab:  Solving for Uz, Initial residual = 0.001117741585941064, Final residual = 0.0001041490392590043, No Iterations 2, Solve time = 16.309 ms
[mem] after-UEqn: DEVICE_POOL current=19061 MB  actual(reserved)=38146 MB  highWater=24788 MB
config(Cg+Multigrid):  Solving for p, Initial residual = 0.0013020678207151058, Final residual = 1.2429568490426867e-05, No Iterations 12, Solve time = 286.259 ms
time step continuity errors : sum local = 3.12491675230867e-06, global = -6.810097764749675e-08, cumulative = -1.5158651167587649e-07
[mem] after-pEqn: DEVICE_POOL current=19061 MB  actual(reserved)=38146 MB  highWater=24788 MB
Schwarz(Jacobi)+Bicgstab:  Solving for omega, Initial residual = 1.2812117819693399e-05, Final residual = 8.44401686507564e-07, No Iterations 2, Solve time = 14.344 ms
bounding omega, min: -37233.82715024222 max: 45355982.67288891 average: 6374.162197246985
Schwarz(Jacobi)+Bicgstab:  Solving for k, Initial residual = 0.0002396018075408893, Final residual = 1.1390779947860744e-05, No Iterations 2, Solve time = 14.372 ms
bounding k, min: -2.5748310425772867e-05 max: 892.841125736682 average: 9.15034460266976
[mem] after-turb: DEVICE_POOL current=19061 MB  actual(reserved)=38146 MB  highWater=24788 MB
ExecutionTime = 71.5 s  ClockTime = 72 s

Time = 1012
[mem] step-start: DEVICE_POOL current=19061 MB  actual(reserved)=38146 MB  highWater=24788 MB
Schwarz(Jacobi)+Bicgstab:  Solving for Ux, Initial residual = 7.885569182262492e-05, Final residual = 4.3405875595596125e-06, No Iterations 2, Solve time = 16.565 ms
Schwarz(Jacobi)+Bicgstab:  Solving for Uy, Initial residual = 0.004040440736252561, Final residual = 0.00014909629003003182, No Iterations 3, Solve time = 19.749 ms
Schwarz(Jacobi)+Bicgstab:  Solving for Uz, Initial residual = 0.0011094333573223665, Final residual = 5.5096184663816305e-05, No Iterations 3, Solve time = 19.562 ms
[mem] after-UEqn: DEVICE_POOL current=19061 MB  actual(reserved)=38146 MB  highWater=24788 MB
config(Cg+Multigrid):  Solving for p, Initial residual = 0.001295106503757329, Final residual = 1.2634975251394525e-05, No Iterations 15, Solve time = 340.848 ms
time step continuity errors : sum local = 3.1769252106584853e-06, global = -5.91356025535399e-08, cumulative = -2.107221142294164e-07
[mem] after-pEqn: DEVICE_POOL current=19061 MB  actual(reserved)=38146 MB  highWater=24788 MB
Schwarz(Jacobi)+Bicgstab:  Solving for omega, Initial residual = 1.279054873596709e-05, Final residual = 8.434630238680226e-07, No Iterations 2, Solve time = 14.036 ms
bounding omega, min: -37901.55762988125 max: 45355982.720384054 average: 6374.072252984629
Schwarz(Jacobi)+Bicgstab:  Solving for k, Initial residual = 0.00023978878899224375, Final residual = 1.1864085485633053e-05, No Iterations 2, Solve time = 14.214 ms
bounding k, min: -1.8499091638332075e-05 max: 892.9690383332203 average: 9.149696505140035
[mem] after-turb: DEVICE_POOL current=19061 MB  actual(reserved)=38146 MB  highWater=24788 MB
ExecutionTime = 74.3 s  ClockTime = 75 s

Time = 1013
[mem] step-start: DEVICE_POOL current=19061 MB  actual(reserved)=38146 MB  highWater=24788 MB
Schwarz(Jacobi)+Bicgstab:  Solving for Ux, Initial residual = 7.890542250210518e-05, Final residual = 4.372373131927988e-06, No Iterations 2, Solve time = 16.301 ms
Schwarz(Jacobi)+Bicgstab:  Solving for Uy, Initial residual = 0.004049442724428312, Final residual = 0.00014376299631642766, No Iterations 3, Solve time = 19.399 ms
Schwarz(Jacobi)+Bicgstab:  Solving for Uz, Initial residual = 0.0011044888936021717, Final residual = 7.183307559292252e-05, No Iterations 2, Solve time = 15.86 ms
[mem] after-UEqn: DEVICE_POOL current=19061 MB  actual(reserved)=38146 MB  highWater=24788 MB
config(Cg+Multigrid):  Solving for p, Initial residual = 0.0012930659062664093, Final residual = 1.2750737283380855e-05, No Iterations 11, Solve time = 258.308 ms
time step continuity errors : sum local = 3.2055691699822585e-06, global = -6.549065415548889e-08, cumulative = -2.7621276838490526e-07
[mem] after-pEqn: DEVICE_POOL current=19061 MB  actual(reserved)=38146 MB  highWater=24788 MB
Schwarz(Jacobi)+Bicgstab:  Solving for omega, Initial residual = 1.2790693829440758e-05, Final residual = 8.488510128695027e-07, No Iterations 2, Solve time = 14.178 ms
bounding omega, min: -34420.14862902152 max: 45355982.77092915 average: 6373.903097875903
Schwarz(Jacobi)+Bicgstab:  Solving for k, Initial residual = 0.0002400354026265501, Final residual = 1.1157307062353468e-05, No Iterations 2, Solve time = 14.146 ms
bounding k, min: -0.00195156802097839 max: 893.198418187282 average: 9.149037715259475
[mem] after-turb: DEVICE_POOL current=19061 MB  actual(reserved)=38146 MB  highWater=24788 MB
ExecutionTime = 77.03 s  ClockTime = 78 s

Time = 1014
[mem] step-start: DEVICE_POOL current=19061 MB  actual(reserved)=38146 MB  highWater=24788 MB
Schwarz(Jacobi)+Bicgstab:  Solving for Ux, Initial residual = 7.892726021249634e-05, Final residual = 4.380555113477322e-06, No Iterations 2, Solve time = 16.527 ms
Schwarz(Jacobi)+Bicgstab:  Solving for Uy, Initial residual = 0.004059841567123773, Final residual = 0.00013981545090234818, No Iterations 3, Solve time = 19.757 ms
Schwarz(Jacobi)+Bicgstab:  Solving for Uz, Initial residual = 0.0011039879134167197, Final residual = 6.970372013193978e-05, No Iterations 2, Solve time = 16.504 ms
[mem] after-UEqn: DEVICE_POOL current=19061 MB  actual(reserved)=38146 MB  highWater=24788 MB
config(Cg+Multigrid):  Solving for p, Initial residual = 0.0012935175519056042, Final residual = 1.1981476520316168e-05, No Iterations 13, Solve time = 298.559 ms
time step continuity errors : sum local = 3.0105870819552453e-06, global = -5.854574891122534e-08, cumulative = -3.347585172961306e-07
[mem] after-pEqn: DEVICE_POOL current=19061 MB  actual(reserved)=38146 MB  highWater=24788 MB
Schwarz(Jacobi)+Bicgstab:  Solving for omega, Initial residual = 1.2775857596141509e-05, Final residual = 8.518403619649137e-07, No Iterations 2, Solve time = 14.12 ms
bounding omega, min: -275633.6405634569 max: 45355982.80233908 average: 6373.71342187967
Schwarz(Jacobi)+Bicgstab:  Solving for k, Initial residual = 0.00024023821271952042, Final residual = 1.2591542217963947e-05, No Iterations 2, Solve time = 13.986 ms
bounding k, min: -0.00012114182238663965 max: 892.8448487104408 average: 9.148310681906205
[mem] after-turb: DEVICE_POOL current=19061 MB  actual(reserved)=38146 MB  highWater=24788 MB
ExecutionTime = 79.8 s  ClockTime = 80 s

Time = 1015
[mem] step-start: DEVICE_POOL current=19061 MB  actual(reserved)=38146 MB  highWater=24788 MB
Schwarz(Jacobi)+Bicgstab:  Solving for Ux, Initial residual = 7.895475200541958e-05, Final residual = 4.384436459745599e-06, No Iterations 2, Solve time = 16.466 ms
Schwarz(Jacobi)+Bicgstab:  Solving for Uy, Initial residual = 0.004069985035023158, Final residual = 0.00035242051194222824, No Iterations 2, Solve time = 16.26 ms
Schwarz(Jacobi)+Bicgstab:  Solving for Uz, Initial residual = 0.0011038819383469814, Final residual = 7.764235296568672e-05, No Iterations 2, Solve time = 16.186 ms
[mem] after-UEqn: DEVICE_POOL current=19061 MB  actual(reserved)=38146 MB  highWater=24788 MB
config(Cg+Multigrid):  Solving for p, Initial residual = 0.0013013417779031951, Final residual = 1.2232498123874421e-05, No Iterations 12, Solve time = 276.678 ms
time step continuity errors : sum local = 3.0715447882404417e-06, global = -5.239356450011859e-08, cumulative = -3.871520817962492e-07
[mem] after-pEqn: DEVICE_POOL current=19061 MB  actual(reserved)=38146 MB  highWater=24788 MB
Schwarz(Jacobi)+Bicgstab:  Solving for omega, Initial residual = 1.2828245033411958e-05, Final residual = 8.520279738659414e-07, No Iterations 2, Solve time = 14.475 ms
bounding omega, min: -50826.00095356555 max: 45355982.78368989 average: 6373.479505981948
Schwarz(Jacobi)+Bicgstab:  Solving for k, Initial residual = 0.00024072512962016831, Final residual = 1.274480224354847e-05, No Iterations 2, Solve time = 14.099 ms
bounding k, min: -0.0011218629097912644 max: 892.3475806185264 average: 9.147455630255168
[mem] after-turb: DEVICE_POOL current=19061 MB  actual(reserved)=38146 MB  highWater=24788 MB
ExecutionTime = 82.53 s  ClockTime = 83 s

Time = 1016
[mem] step-start: DEVICE_POOL current=19061 MB  actual(reserved)=38146 MB  highWater=24788 MB
Schwarz(Jacobi)+Bicgstab:  Solving for Ux, Initial residual = 7.912481198250255e-05, Final residual = 4.458793650114666e-06, No Iterations 2, Solve time = 16.148 ms
Schwarz(Jacobi)+Bicgstab:  Solving for Uy, Initial residual = 0.0040656130150465205, Final residual = 0.0001511389689621713, No Iterations 3, Solve time = 19.271 ms
Schwarz(Jacobi)+Bicgstab:  Solving for Uz, Initial residual = 0.0011030512131559784, Final residual = 5.369590609267961e-05, No Iterations 3, Solve time = 19.814 ms
[mem] after-UEqn: DEVICE_POOL current=19061 MB  actual(reserved)=38146 MB  highWater=24788 MB
config(Cg+Multigrid):  Solving for p, Initial residual = 0.0012990500878546577, Final residual = 1.2023752926869045e-05, No Iterations 11, Solve time = 262.569 ms
time step continuity errors : sum local = 3.016802875679449e-06, global = -4.552146876400723e-08, cumulative = -4.326735505602564e-07
[mem] after-pEqn: DEVICE_POOL current=19061 MB  actual(reserved)=38146 MB  highWater=24788 MB
Schwarz(Jacobi)+Bicgstab:  Solving for omega, Initial residual = 1.282031408567239e-05, Final residual = 8.50464695870975e-07, No Iterations 2, Solve time = 14.281 ms
bounding omega, min: -52481.54490165239 max: 45355982.720140904 average: 6373.197528401864
Schwarz(Jacobi)+Bicgstab:  Solving for k, Initial residual = 0.0002409482840429525, Final residual = 1.3063177783837577e-05, No Iterations 2, Solve time = 14.073 ms
bounding k, min: -0.00033289239510639335 max: 891.412185290303 average: 9.146671988245476
[mem] after-turb: DEVICE_POOL current=19061 MB  actual(reserved)=38146 MB  highWater=24788 MB
ExecutionTime = 85.28 s  ClockTime = 86 s

Time = 1017
[mem] step-start: DEVICE_POOL current=19061 MB  actual(reserved)=38146 MB  highWater=24788 MB
Schwarz(Jacobi)+Bicgstab:  Solving for Ux, Initial residual = 7.916098097894392e-05, Final residual = 4.311273139211291e-06, No Iterations 2, Solve time = 16.394 ms
Schwarz(Jacobi)+Bicgstab:  Solving for Uy, Initial residual = 0.004069447194786011, Final residual = 0.00014644756850558193, No Iterations 3, Solve time = 19.192 ms
Schwarz(Jacobi)+Bicgstab:  Solving for Uz, Initial residual = 0.001101663160463499, Final residual = 7.54238374708057e-05, No Iterations 2, Solve time = 16.499 ms
[mem] after-UEqn: DEVICE_POOL current=19061 MB  actual(reserved)=38146 MB  highWater=24788 MB
config(Cg+Multigrid):  Solving for p, Initial residual = 0.0012978267288570157, Final residual = 1.1740428858323834e-05, No Iterations 11, Solve time = 259.017 ms
time step continuity errors : sum local = 2.943230075836763e-06, global = -3.979218586693621e-08, cumulative = -4.7246573642719264e-07
[mem] after-pEqn: DEVICE_POOL current=19061 MB  actual(reserved)=38146 MB  highWater=24788 MB
Schwarz(Jacobi)+Bicgstab:  Solving for omega, Initial residual = 1.282834153927703e-05, Final residual = 8.55382142341119e-07, No Iterations 2, Solve time = 14.298 ms
bounding omega, min: -52810.5457599147 max: 45355982.642983325 average: 6372.9310205601
Schwarz(Jacobi)+Bicgstab:  Solving for k, Initial residual = 0.0002412168968155208, Final residual = 1.3074146472056286e-05, No Iterations 2, Solve time = 14.138 ms
bounding k, min: -0.0014366660774780202 max: 890.3568576237338 average: 9.145959276533286
[mem] after-turb: DEVICE_POOL current=19061 MB  actual(reserved)=38146 MB  highWater=24788 MB
ExecutionTime = 88 s  ClockTime = 89 s

Time = 1018
[mem] step-start: DEVICE_POOL current=19061 MB  actual(reserved)=38146 MB  highWater=24788 MB
Schwarz(Jacobi)+Bicgstab:  Solving for Ux, Initial residual = 7.91833406548241e-05, Final residual = 4.355403023798958e-06, No Iterations 2, Solve time = 16.694 ms
Schwarz(Jacobi)+Bicgstab:  Solving for Uy, Initial residual = 0.004077928372954743, Final residual = 0.00014089483893929485, No Iterations 3, Solve time = 19.391 ms
Schwarz(Jacobi)+Bicgstab:  Solving for Uz, Initial residual = 0.0011035150030625162, Final residual = 7.556905403903558e-05, No Iterations 2, Solve time = 15.767 ms
[mem] after-UEqn: DEVICE_POOL current=19061 MB  actual(reserved)=38146 MB  highWater=24788 MB
config(Cg+Multigrid):  Solving for p, Initial residual = 0.001298495579175004, Final residual = 1.256697613438059e-05, No Iterations 11, Solve time = 257.023 ms
time step continuity errors : sum local = 3.1479818416900424e-06, global = -3.553531734052382e-08, cumulative = -5.080010537677164e-07
[mem] after-pEqn: DEVICE_POOL current=19061 MB  actual(reserved)=38146 MB  highWater=24788 MB
Schwarz(Jacobi)+Bicgstab:  Solving for omega, Initial residual = 1.2832900472651232e-05, Final residual = 8.571915015969894e-07, No Iterations 2, Solve time = 14.258 ms
bounding omega, min: -384959.95702881436 max: 45355982.58362072 average: 6372.687192835097
Schwarz(Jacobi)+Bicgstab:  Solving for k, Initial residual = 0.00024146891244117673, Final residual = 1.3209826885899445e-05, No Iterations 2, Solve time = 14.004 ms
bounding k, min: -0.0013316449365068164 max: 889.0012148342067 average: 9.145314343584904
[mem] after-turb: DEVICE_POOL current=19061 MB  actual(reserved)=38146 MB  highWater=24788 MB
ExecutionTime = 90.70999999999999 s  ClockTime = 91 s

Time = 1019
[mem] step-start: DEVICE_POOL current=19061 MB  actual(reserved)=38146 MB  highWater=24788 MB
Schwarz(Jacobi)+Bicgstab:  Solving for Ux, Initial residual = 7.92146468980636e-05, Final residual = 4.452069668559946e-06, No Iterations 2, Solve time = 16.564 ms
Schwarz(Jacobi)+Bicgstab:  Solving for Uy, Initial residual = 0.0040890502032066055, Final residual = 0.00013951595639615885, No Iterations 3, Solve time = 19.854 ms
Schwarz(Jacobi)+Bicgstab:  Solving for Uz, Initial residual = 0.0011047087992057717, Final residual = 7.228577476308325e-05, No Iterations 2, Solve time = 16.224 ms
[mem] after-UEqn: DEVICE_POOL current=19061 MB  actual(reserved)=38146 MB  highWater=24788 MB
config(Cg+Multigrid):  Solving for p, Initial residual = 0.001300363336938774, Final residual = 1.2898534395543304e-05, No Iterations 12, Solve time = 276.082 ms
time step continuity errors : sum local = 3.2291978092823092e-06, global = -2.9254810476814174e-08, cumulative = -5.372558642445306e-07
[mem] after-pEqn: DEVICE_POOL current=19061 MB  actual(reserved)=38146 MB  highWater=24788 MB
Schwarz(Jacobi)+Bicgstab:  Solving for omega, Initial residual = 1.2845825648647531e-05, Final residual = 8.56478305725767e-07, No Iterations 2, Solve time = 14.233 ms
bounding omega, min: -61518.47035872911 max: 45355982.57125323 average: 6372.500537971238
Schwarz(Jacobi)+Bicgstab:  Solving for k, Initial residual = 0.00024174131832650924, Final residual = 1.2908596921516997e-05, No Iterations 2, Solve time = 14.152 ms
bounding k, min: -0.0040395682758910464 max: 887.5186908124844 average: 9.144740277668864
[mem] after-turb: DEVICE_POOL current=19061 MB  actual(reserved)=38146 MB  highWater=24788 MB
ExecutionTime = 93.45 s  ClockTime = 94 s

Time = 1020
[mem] step-start: DEVICE_POOL current=19061 MB  actual(reserved)=38146 MB  highWater=24788 MB
Schwarz(Jacobi)+Bicgstab:  Solving for Ux, Initial residual = 7.927682346129736e-05, Final residual = 4.520529761689358e-06, No Iterations 2, Solve time = 16.458 ms
Schwarz(Jacobi)+Bicgstab:  Solving for Uy, Initial residual = 0.004101493320895463, Final residual = 0.00034275109522109563, No Iterations 2, Solve time = 15.813 ms
Schwarz(Jacobi)+Bicgstab:  Solving for Uz, Initial residual = 0.0011048844844862645, Final residual = 7.476540968611444e-05, No Iterations 2, Solve time = 15.84 ms
[mem] after-UEqn: DEVICE_POOL current=19061 MB  actual(reserved)=38146 MB  highWater=24788 MB
config(Cg+Multigrid):  Solving for p, Initial residual = 0.0013047636720624712, Final residual = 1.2178007562964372e-05, No Iterations 11, Solve time = 248.989 ms
time step continuity errors : sum local = 3.048337341967436e-06, global = -2.348603710410717e-08, cumulative = -5.607419013486377e-07
[mem] after-pEqn: DEVICE_POOL current=19061 MB  actual(reserved)=38146 MB  highWater=24788 MB
Schwarz(Jacobi)+Bicgstab:  Solving for omega, Initial residual = 1.2856679825836969e-05, Final residual = 8.56123987454267e-07, No Iterations 2, Solve time = 14.361 ms
bounding omega, min: -56872.77316584672 max: 45355982.573278256 average: 6372.243999140169
Schwarz(Jacobi)+Bicgstab:  Solving for k, Initial residual = 0.00024210216063945045, Final residual = 1.3762780988712057e-05, No Iterations 2, Solve time = 14.444 ms
bounding k, min: -0.0024784977336607117 max: 885.8844341337743 average: 9.144154730773293
[mem] after-turb: DEVICE_POOL current=19061 MB  actual(reserved)=38146 MB  highWater=24788 MB
ExecutionTime = 96.18000000000001 s  ClockTime = 97 s

Time = 1021
[mem] step-start: DEVICE_POOL current=19061 MB  actual(reserved)=38146 MB  highWater=24788 MB
Schwarz(Jacobi)+Bicgstab:  Solving for Ux, Initial residual = 7.945084758172279e-05, Final residual = 4.519733853883966e-06, No Iterations 2, Solve time = 16.229 ms
Schwarz(Jacobi)+Bicgstab:  Solving for Uy, Initial residual = 0.004098220266554616, Final residual = 0.00015568179599887032, No Iterations 3, Solve time = 19.23 ms
Schwarz(Jacobi)+Bicgstab:  Solving for Uz, Initial residual = 0.0011071030110797581, Final residual = 7.606455637180538e-05, No Iterations 2, Solve time = 15.934 ms
[mem] after-UEqn: DEVICE_POOL current=19061 MB  actual(reserved)=38146 MB  highWater=24788 MB
config(Cg+Multigrid):  Solving for p, Initial residual = 0.0013057345637848556, Final residual = 1.2722862594630191e-05, No Iterations 11, Solve time = 253.869 ms
time step continuity errors : sum local = 3.1841155665223445e-06, global = -1.7794597195099814e-08, cumulative = -5.785364985437375e-07
[mem] after-pEqn: DEVICE_POOL current=19061 MB  actual(reserved)=38146 MB  highWater=24788 MB
Schwarz(Jacobi)+Bicgstab:  Solving for omega, Initial residual = 1.2885480523886892e-05, Final residual = 8.610176025600495e-07, No Iterations 2, Solve time = 14.022 ms
bounding omega, min: -56567.28540982191 max: 45355982.58120971 average: 6372.050638558015
Schwarz(Jacobi)+Bicgstab:  Solving for k, Initial residual = 0.00024235522635385727, Final residual = 1.3986549157474038e-05, No Iterations 2, Solve time = 14.116 ms
bounding k, min: -0.0018567969053980005 max: 884.2515113484194 average: 9.143647013502756
[mem] after-turb: DEVICE_POOL current=19061 MB  actual(reserved)=38146 MB  highWater=24788 MB
ExecutionTime = 98.90000000000001 s  ClockTime = 100 s

Time = 1022
[mem] step-start: DEVICE_POOL current=19061 MB  actual(reserved)=38146 MB  highWater=24788 MB
Schwarz(Jacobi)+Bicgstab:  Solving for Ux, Initial residual = 7.955567589422701e-05, Final residual = 4.550327298750185e-06, No Iterations 2, Solve time = 16.368 ms
Schwarz(Jacobi)+Bicgstab:  Solving for Uy, Initial residual = 0.004105769770728655, Final residual = 0.00014874340552639944, No Iterations 3, Solve time = 19.343 ms
Schwarz(Jacobi)+Bicgstab:  Solving for Uz, Initial residual = 0.0011082215143751795, Final residual = 7.936213351763106e-05, No Iterations 2, Solve time = 16.037 ms
[mem] after-UEqn: DEVICE_POOL current=19061 MB  actual(reserved)=38146 MB  highWater=24788 MB
config(Cg+Multigrid):  Solving for p, Initial residual = 0.001307702563873649, Final residual = 1.221575139914879e-05, No Iterations 11, Solve time = 250.849 ms
time step continuity errors : sum local = 3.05683137291029e-06, global = -1.4072349822082583e-08, cumulative = -5.926088483658202e-07
[mem] after-pEqn: DEVICE_POOL current=19061 MB  actual(reserved)=38146 MB  highWater=24788 MB
Schwarz(Jacobi)+Bicgstab:  Solving for omega, Initial residual = 1.289788576733256e-05, Final residual = 8.625742070384254e-07, No Iterations 2, Solve time = 14.299 ms
bounding omega, min: -290721.50074351416 max: 45355982.59268721 average: 6371.868696952399
Schwarz(Jacobi)+Bicgstab:  Solving for k, Initial residual = 0.00024259395022301406, Final residual = 1.4361452556543513e-05, No Iterations 2, Solve time = 14.267 ms
bounding k, min: -0.002041186770589235 max: 882.6141772837863 average: 9.143181717064557
[mem] after-turb: DEVICE_POOL current=19061 MB  actual(reserved)=38146 MB  highWater=24788 MB
ExecutionTime = 101.62 s  ClockTime = 102 s

Time = 1023
[mem] step-start: DEVICE_POOL current=19061 MB  actual(reserved)=38146 MB  highWater=24788 MB
Schwarz(Jacobi)+Bicgstab:  Solving for Ux, Initial residual = 7.964539949790397e-05, Final residual = 4.576557185157297e-06, No Iterations 2, Solve time = 16.399 ms
Schwarz(Jacobi)+Bicgstab:  Solving for Uy, Initial residual = 0.0041191113664481955, Final residual = 0.00014268735796324223, No Iterations 3, Solve time = 19.84 ms
Schwarz(Jacobi)+Bicgstab:  Solving for Uz, Initial residual = 0.0011089466345401788, Final residual = 8.082642842135026e-05, No Iterations 2, Solve time = 16.257 ms
[mem] after-UEqn: DEVICE_POOL current=19061 MB  actual(reserved)=38146 MB  highWater=24788 MB
config(Cg+Multigrid):  Solving for p, Initial residual = 0.0013093594326847573, Final residual = 1.290579294847511e-05, No Iterations 13, Solve time = 295.512 ms
time step continuity errors : sum local = 3.2292992994837865e-06, global = -4.2770271275753995e-09, cumulative = -5.968858754933956e-07
[mem] after-pEqn: DEVICE_POOL current=19061 MB  actual(reserved)=38146 MB  highWater=24788 MB
Schwarz(Jacobi)+Bicgstab:  Solving for omega, Initial residual = 1.2919069424005228e-05, Final residual = 8.606154999942553e-07, No Iterations 2, Solve time = 14.305 ms
bounding omega, min: -58976.21847353522 max: 45355982.60623875 average: 6371.778089823129
Schwarz(Jacobi)+Bicgstab:  Solving for k, Initial residual = 0.00024285312990854346, Final residual = 1.2471024558375092e-05, No Iterations 2, Solve time = 13.994 ms
bounding k, min: -0.008916637140746295 max: 880.9717359634409 average: 9.14279528002091
[mem] after-turb: DEVICE_POOL current=19061 MB  actual(reserved)=38146 MB  highWater=24788 MB
ExecutionTime = 104.38 s  ClockTime = 105 s

Time = 1024
[mem] step-start: DEVICE_POOL current=19061 MB  actual(reserved)=38146 MB  highWater=24788 MB
Schwarz(Jacobi)+Bicgstab:  Solving for Ux, Initial residual = 7.973028987102382e-05, Final residual = 4.63561726760584e-06, No Iterations 2, Solve time = 16.479 ms
Schwarz(Jacobi)+Bicgstab:  Solving for Uy, Initial residual = 0.004134252662127321, Final residual = 0.00014213603720061364, No Iterations 3, Solve time = 19.678 ms
Schwarz(Jacobi)+Bicgstab:  Solving for Uz, Initial residual = 0.00110958552365427, Final residual = 8.168551112370184e-05, No Iterations 2, Solve time = 16.418 ms
[mem] after-UEqn: DEVICE_POOL current=19061 MB  actual(reserved)=38146 MB  highWater=24788 MB
config(Cg+Multigrid):  Solving for p, Initial residual = 0.0013101985308061506, Final residual = 1.1363064807830753e-05, No Iterations 11, Solve time = 248.812 ms
time step continuity errors : sum local = 2.844074679897581e-06, global = -3.4892552187307784e-09, cumulative = -6.003751307121263e-07
[mem] after-pEqn: DEVICE_POOL current=19061 MB  actual(reserved)=38146 MB  highWater=24788 MB
Schwarz(Jacobi)+Bicgstab:  Solving for omega, Initial residual = 1.2895957801380742e-05, Final residual = 8.594419160753356e-07, No Iterations 2, Solve time = 13.918 ms
bounding omega, min: -57489.24114263893 max: 45355982.62034459 average: 6371.702508257518
Schwarz(Jacobi)+Bicgstab:  Solving for k, Initial residual = 0.0002429311261113157, Final residual = 1.3107793718373333e-05, No Iterations 2, Solve time = 14.269 ms
bounding k, min: -0.006640943376298072 max: 879.4407975950584 average: 9.142379081270702
[mem] after-turb: DEVICE_POOL current=19061 MB  actual(reserved)=38146 MB  highWater=24788 MB
ExecutionTime = 107.11 s  ClockTime = 108 s

Time = 1025
[mem] step-start: DEVICE_POOL current=19061 MB  actual(reserved)=38146 MB  highWater=24788 MB
Schwarz(Jacobi)+Bicgstab:  Solving for Ux, Initial residual = 7.98106237736216e-05, Final residual = 4.582760590564199e-06, No Iterations 2, Solve time = 16.445 ms
Schwarz(Jacobi)+Bicgstab:  Solving for Uy, Initial residual = 0.004149966564443823, Final residual = 0.0003978640464800953, No Iterations 2, Solve time = 16.234 ms
Schwarz(Jacobi)+Bicgstab:  Solving for Uz, Initial residual = 0.0011103843227938215, Final residual = 7.935886076781279e-05, No Iterations 2, Solve time = 16.319 ms
[mem] after-UEqn: DEVICE_POOL current=19061 MB  actual(reserved)=38146 MB  highWater=24788 MB
config(Cg+Multigrid):  Solving for p, Initial residual = 0.0013150365416026823, Final residual = 1.2802229722177586e-05, No Iterations 11, Solve time = 256.425 ms
time step continuity errors : sum local = 3.2044342163672174e-06, global = -5.319913442717661e-10, cumulative = -6.009071220563981e-07
[mem] after-pEqn: DEVICE_POOL current=19061 MB  actual(reserved)=38146 MB  highWater=24788 MB
Schwarz(Jacobi)+Bicgstab:  Solving for omega, Initial residual = 1.2955438283695732e-05, Final residual = 8.641265876835511e-07, No Iterations 2, Solve time = 14.24 ms
bounding omega, min: -58544.276243878245 max: 45355982.63130371 average: 6371.652835497225
Schwarz(Jacobi)+Bicgstab:  Solving for k, Initial residual = 0.0002432096915732568, Final residual = 1.864919022492341e-05, No Iterations 2, Solve time = 14.409 ms
bounding k, min: -0.01841415463212112 max: 878.1186989229967 average: 9.141776595879826
[mem] after-turb: DEVICE_POOL current=19061 MB  actual(reserved)=38146 MB  highWater=24788 MB
ExecutionTime = 109.83 s  ClockTime = 111 s

Time = 1026
[mem] step-start: DEVICE_POOL current=19061 MB  actual(reserved)=38146 MB  highWater=24788 MB
Schwarz(Jacobi)+Bicgstab:  Solving for Ux, Initial residual = 8.000338477439236e-05, Final residual = 4.0789588065047945e-06, No Iterations 2, Solve time = 16.346 ms
Schwarz(Jacobi)+Bicgstab:  Solving for Uy, Initial residual = 0.004144489106511444, Final residual = 0.0001562608953118597, No Iterations 3, Solve time = 19.833 ms
Schwarz(Jacobi)+Bicgstab:  Solving for Uz, Initial residual = 0.0011134599042436156, Final residual = 7.829817616034318e-05, No Iterations 2, Solve time = 16.003 ms
[mem] after-UEqn: DEVICE_POOL current=19061 MB  actual(reserved)=38146 MB  highWater=24788 MB
config(Cg+Multigrid):  Solving for p, Initial residual = 0.0013133097426443947, Final residual = 1.282646368362837e-05, No Iterations 11, Solve time = 266.849 ms
time step continuity errors : sum local = 3.2103573730530845e-06, global = 6.363425367880824e-10, cumulative = -6.0027077951961e-07
[mem] after-pEqn: DEVICE_POOL current=19061 MB  actual(reserved)=38146 MB  highWater=24788 MB
Schwarz(Jacobi)+Bicgstab:  Solving for omega, Initial residual = 1.3031309026728106e-05, Final residual = 8.616104697926925e-07, No Iterations 2, Solve time = 14.499 ms
bounding omega, min: -374115.5353969449 max: 45355982.64002838 average: 6371.53963934327
Schwarz(Jacobi)+Bicgstab:  Solving for k, Initial residual = 0.00024397484739242185, Final residual = 1.029503687236101e-05, No Iterations 2, Solve time = 14.337 ms
bounding k, min: -0.04298337605867622 max: 876.9277067583167 average: 9.141429223218259
[mem] after-turb: DEVICE_POOL current=19061 MB  actual(reserved)=38146 MB  highWater=24788 MB
ExecutionTime = 112.57 s  ClockTime = 113 s

Time = 1027
[mem] step-start: DEVICE_POOL current=19061 MB  actual(reserved)=38146 MB  highWater=24788 MB
Schwarz(Jacobi)+Bicgstab:  Solving for Ux, Initial residual = 8.00781520542465e-05, Final residual = 7.816349656225598e-06, No Iterations 2, Solve time = 16.577 ms
Schwarz(Jacobi)+Bicgstab:  Solving for Uy, Initial residual = 0.004152992978578822, Final residual = 0.00014881444176521858, No Iterations 3, Solve time = 19.65 ms
Schwarz(Jacobi)+Bicgstab:  Solving for Uz, Initial residual = 0.0011150902250080502, Final residual = 7.860539382963829e-05, No Iterations 2, Solve time = 15.856 ms
[mem] after-UEqn: DEVICE_POOL current=19061 MB  actual(reserved)=38146 MB  highWater=24788 MB
config(Cg+Multigrid):  Solving for p, Initial residual = 0.001322560532029971, Final residual = 1.2523204988833342e-05, No Iterations 11, Solve time = 255.613 ms
time step continuity errors : sum local = 3.1344042561026835e-06, global = 1.0326950036103239e-09, cumulative = -5.992380845159997e-07
[mem] after-pEqn: DEVICE_POOL current=19061 MB  actual(reserved)=38146 MB  highWater=24788 MB
Schwarz(Jacobi)+Bicgstab:  Solving for omega, Initial residual = 1.2907995532548954e-05, Final residual = 8.643736371241657e-07, No Iterations 2, Solve time = 14.351 ms
bounding omega, min: -56335.12130866992 max: 45355982.646558836 average: 6371.629953064067
Schwarz(Jacobi)+Bicgstab:  Solving for k, Initial residual = 0.00024433361288554186, Final residual = 2.2737306705719876e-05, No Iterations 2, Solve time = 14.256 ms
bounding k, min: -0.3586141078225355 max: 876.0640445209742 average: 9.14168757680173
[mem] after-turb: DEVICE_POOL current=19061 MB  actual(reserved)=38146 MB  highWater=24788 MB
ExecutionTime = 115.29 s  ClockTime = 116 s

Time = 1028
[mem] step-start: DEVICE_POOL current=19061 MB  actual(reserved)=38146 MB  highWater=24788 MB
Schwarz(Jacobi)+Bicgstab:  Solving for Ux, Initial residual = 8.034143837782254e-05, Final residual = 7.682718107016071e-06, No Iterations 2, Solve time = 16.512 ms
Schwarz(Jacobi)+Bicgstab:  Solving for Uy, Initial residual = 0.004167045400586598, Final residual = 0.00014094217874463595, No Iterations 3, Solve time = 19.636 ms
Schwarz(Jacobi)+Bicgstab:  Solving for Uz, Initial residual = 0.0011159598198312672, Final residual = 7.80302168316124e-05, No Iterations 2, Solve time = 16.206 ms
[mem] after-UEqn: DEVICE_POOL current=19061 MB  actual(reserved)=38146 MB  highWater=24788 MB
config(Cg+Multigrid):  Solving for p, Initial residual = 0.0013325190858931345, Final residual = 1.2274631819326709e-05, No Iterations 11, Solve time = 249.308 ms
time step continuity errors : sum local = 3.072304440988201e-06, global = 3.299735850938944e-10, cumulative = -5.989081109309058e-07
[mem] after-pEqn: DEVICE_POOL current=19061 MB  actual(reserved)=38146 MB  highWater=24788 MB
Schwarz(Jacobi)+Bicgstab:  Solving for omega, Initial residual = 1.2763858622865844e-05, Final residual = 8.695236505794951e-07, No Iterations 2, Solve time = 14.218 ms
bounding omega, min: -55198.47823580311 max: 45355982.651771195 average: 6371.905334873555
Schwarz(Jacobi)+Bicgstab:  Solving for k, Initial residual = 0.00024465497185901716, Final residual = 7.2524777009376295e-06, No Iterations 3, Solve time = 17.537 ms
[mem] after-turb: DEVICE_POOL current=19061 MB  actual(reserved)=38146 MB  highWater=24788 MB
ExecutionTime = 118.01 s  ClockTime = 119 s

Time = 1029
[mem] step-start: DEVICE_POOL current=19061 MB  actual(reserved)=38146 MB  highWater=24788 MB
Schwarz(Jacobi)+Bicgstab:  Solving for Ux, Initial residual = 8.058476633524075e-05, Final residual = 7.2746812128001395e-06, No Iterations 2, Solve time = 16.567 ms
Schwarz(Jacobi)+Bicgstab:  Solving for Uy, Initial residual = 0.004184308228246633, Final residual = 0.00013813164807182122, No Iterations 3, Solve time = 19.694 ms
Schwarz(Jacobi)+Bicgstab:  Solving for Uz, Initial residual = 0.0011164330535554559, Final residual = 7.859660314136275e-05, No Iterations 2, Solve time = 16.109 ms
[mem] after-UEqn: DEVICE_POOL current=19061 MB  actual(reserved)=38146 MB  highWater=24788 MB
config(Cg+Multigrid):  Solving for p, Initial residual = 0.0013363226968492584, Final residual = 1.228607680286971e-05, No Iterations 11, Solve time = 246.212 ms
time step continuity errors : sum local = 3.0754348918511905e-06, global = -2.8126979037100177e-09, cumulative = -6.017208088346159e-07
[mem] after-pEqn: DEVICE_POOL current=19061 MB  actual(reserved)=38146 MB  highWater=24788 MB
Schwarz(Jacobi)+Bicgstab:  Solving for omega, Initial residual = 1.3169226131211624e-05, Final residual = 8.805022495409267e-07, No Iterations 2, Solve time = 14.373 ms
bounding omega, min: -54666.53830761282 max: 45355982.658140115 average: 6371.8879403701585
Schwarz(Jacobi)+Bicgstab:  Solving for k, Initial residual = 0.00024277131685597573, Final residual = 1.3121571817219517e-05, No Iterations 2, Solve time = 14.075 ms
[mem] after-turb: DEVICE_POOL current=19061 MB  actual(reserved)=38146 MB  highWater=24788 MB
ExecutionTime = 120.74 s  ClockTime = 122 s

Time = 1030
[mem] step-start: DEVICE_POOL current=19061 MB  actual(reserved)=38146 MB  highWater=24788 MB
Schwarz(Jacobi)+Bicgstab:  Solving for Ux, Initial residual = 8.077475667914198e-05, Final residual = 7.98818949654557e-06, No Iterations 2, Solve time = 16.481 ms
Schwarz(Jacobi)+Bicgstab:  Solving for Uy, Initial residual = 0.004202231517687351, Final residual = 0.00013780595563186445, No Iterations 3, Solve time = 19.539 ms
Schwarz(Jacobi)+Bicgstab:  Solving for Uz, Initial residual = 0.0011172071068945757, Final residual = 7.903881165214664e-05, No Iterations 2, Solve time = 15.969 ms
[mem] after-UEqn: DEVICE_POOL current=19061 MB  actual(reserved)=38146 MB  highWater=24788 MB
config(Cg+Multigrid):  Solving for p, Initial residual = 0.0013413918684979371, Final residual = 1.3394106375911258e-05, No Iterations 9, Solve time = 211.184 ms
time step continuity errors : sum local = 3.353366391708331e-06, global = -1.0026373840573135e-08, cumulative = -6.11747182675189e-07
[mem] after-pEqn: DEVICE_POOL current=19061 MB  actual(reserved)=38146 MB  highWater=24788 MB
Schwarz(Jacobi)+Bicgstab:  Solving for omega, Initial residual = 1.3220093381751893e-05, Final residual = 8.884662618249116e-07, No Iterations 2, Solve time = 14.574 ms
bounding omega, min: -274818.4797602587 max: 45355982.66570433 average: 6371.935410745523
Schwarz(Jacobi)+Bicgstab:  Solving for k, Initial residual = 0.00024352302492208574, Final residual = 1.2916556644541814e-05, No Iterations 2, Solve time = 14.239 ms
[mem] after-turb: DEVICE_POOL current=19061 MB  actual(reserved)=38146 MB  highWater=24788 MB
ExecutionTime = 123.39 s  ClockTime = 124 s

Time = 1031
[mem] step-start: DEVICE_POOL current=19061 MB  actual(reserved)=38146 MB  highWater=24788 MB
Schwarz(Jacobi)+Bicgstab:  Solving for Ux, Initial residual = 8.102455747220797e-05, Final residual = 7.991307477927172e-06, No Iterations 2, Solve time = 16.39 ms
Schwarz(Jacobi)+Bicgstab:  Solving for Uy, Initial residual = 0.0042198621168691094, Final residual = 0.0001395584196781912, No Iterations 3, Solve time = 19.844 ms
Schwarz(Jacobi)+Bicgstab:  Solving for Uz, Initial residual = 0.0011185989425214352, Final residual = 8.029367523650714e-05, No Iterations 2, Solve time = 17.023 ms
[mem] after-UEqn: DEVICE_POOL current=19061 MB  actual(reserved)=38146 MB  highWater=24788 MB
config(Cg+Multigrid):  Solving for p, Initial residual = 0.001345897365153727, Final residual = 1.1593870621000053e-05, No Iterations 11, Solve time = 251.01 ms
time step continuity errors : sum local = 2.9029145458408207e-06, global = -1.553377413087836e-08, cumulative = -6.272809568060673e-07
[mem] after-pEqn: DEVICE_POOL current=19061 MB  actual(reserved)=38146 MB  highWater=24788 MB
Schwarz(Jacobi)+Bicgstab:  Solving for omega, Initial residual = 1.3203268713069185e-05, Final residual = 8.947347788781214e-07, No Iterations 2, Solve time = 14.068 ms
bounding omega, min: -52936.91778263772 max: 45355982.67584934 average: 6372.100277758017
Schwarz(Jacobi)+Bicgstab:  Solving for k, Initial residual = 0.0002444021622418018, Final residual = 1.3127815260073202e-05, No Iterations 2, Solve time = 14.217 ms
bounding k, min: -0.000246433153979628 max: 873.1460167225256 average: 9.141116217259258
[mem] after-turb: DEVICE_POOL current=19061 MB  actual(reserved)=38146 MB  highWater=24788 MB
ExecutionTime = 126.11 s  ClockTime = 127 s

Time = 1032
[mem] step-start: DEVICE_POOL current=19061 MB  actual(reserved)=38146 MB  highWater=24788 MB
Schwarz(Jacobi)+Bicgstab:  Solving for Ux, Initial residual = 8.127598813288403e-05, Final residual = 7.702129600580584e-06, No Iterations 2, Solve time = 16.46 ms
Schwarz(Jacobi)+Bicgstab:  Solving for Uy, Initial residual = 0.004236430445837804, Final residual = 0.0003239484944266744, No Iterations 2, Solve time = 16.637 ms
Schwarz(Jacobi)+Bicgstab:  Solving for Uz, Initial residual = 0.0011207903730611798, Final residual = 7.95394618017618e-05, No Iterations 2, Solve time = 16.613 ms
[mem] after-UEqn: DEVICE_POOL current=19061 MB  actual(reserved)=38146 MB  highWater=24788 MB
config(Cg+Multigrid):  Solving for p, Initial residual = 0.0013547330106643458, Final residual = 1.2049195793922971e-05, No Iterations 11, Solve time = 254.726 ms
time step continuity errors : sum local = 3.01745578647284e-06, global = -2.2784849658001124e-08, cumulative = -6.500658064640685e-07
[mem] after-pEqn: DEVICE_POOL current=19061 MB  actual(reserved)=38146 MB  highWater=24788 MB
Schwarz(Jacobi)+Bicgstab:  Solving for omega, Initial residual = 1.3216502248582024e-05, Final residual = 9.032744809887911e-07, No Iterations 2, Solve time = 14.349 ms
bounding omega, min: -51788.19007745976 max: 45355982.686995484 average: 6372.249554331928
Schwarz(Jacobi)+Bicgstab:  Solving for k, Initial residual = 0.0002454240213974903, Final residual = 1.3189564150089086e-05, No Iterations 2, Solve time = 14.113 ms
[mem] after-turb: DEVICE_POOL current=19061 MB  actual(reserved)=38146 MB  highWater=24788 MB
ExecutionTime = 128.84 s  ClockTime = 130 s

Time = 1033
[mem] step-start: DEVICE_POOL current=19061 MB  actual(reserved)=38146 MB  highWater=24788 MB
Schwarz(Jacobi)+Bicgstab:  Solving for Ux, Initial residual = 8.159195358634956e-05, Final residual = 7.657577014396124e-06, No Iterations 2, Solve time = 16.41 ms
Schwarz(Jacobi)+Bicgstab:  Solving for Uy, Initial residual = 0.004237043652121409, Final residual = 0.00015904747174507562, No Iterations 3, Solve time = 19.791 ms
Schwarz(Jacobi)+Bicgstab:  Solving for Uz, Initial residual = 0.0011253945685731092, Final residual = 7.983655091563433e-05, No Iterations 2, Solve time = 16.421 ms
[mem] after-UEqn: DEVICE_POOL current=19061 MB  actual(reserved)=38146 MB  highWater=24788 MB
config(Cg+Multigrid):  Solving for p, Initial residual = 0.0013566746466123572, Final residual = 1.2541381580397802e-05, No Iterations 11, Solve time = 249.882 ms
time step continuity errors : sum local = 3.141011637642248e-06, global = -3.185052660235155e-08, cumulative = -6.8191633306642e-07
[mem] after-pEqn: DEVICE_POOL current=19061 MB  actual(reserved)=38146 MB  highWater=24788 MB
Schwarz(Jacobi)+Bicgstab:  Solving for omega, Initial residual = 1.32488061930748e-05, Final residual = 9.163476751139911e-07, No Iterations 2, Solve time = 14.39 ms
bounding omega, min: -50931.27888432677 max: 45355982.69739835 average: 6372.437470350689
Schwarz(Jacobi)+Bicgstab:  Solving for k, Initial residual = 0.00024635479000795603, Final residual = 1.2016054664721798e-05, No Iterations 2, Solve time = 14.222 ms
[mem] after-turb: DEVICE_POOL current=19061 MB  actual(reserved)=38146 MB  highWater=24788 MB
ExecutionTime = 131.55 s  ClockTime = 133 s

Time = 1034
[mem] step-start: DEVICE_POOL current=19061 MB  actual(reserved)=38146 MB  highWater=24788 MB
Schwarz(Jacobi)+Bicgstab:  Solving for Ux, Initial residual = 8.183229718530992e-05, Final residual = 7.4982292153843025e-06, No Iterations 2, Solve time = 16.346 ms
Schwarz(Jacobi)+Bicgstab:  Solving for Uy, Initial residual = 0.004250485863504548, Final residual = 0.00014734608913054945, No Iterations 3, Solve time = 19.441 ms
Schwarz(Jacobi)+Bicgstab:  Solving for Uz, Initial residual = 0.001129417295492278, Final residual = 7.876719054743846e-05, No Iterations 2, Solve time = 16.432 ms
[mem] after-UEqn: DEVICE_POOL current=19061 MB  actual(reserved)=38146 MB  highWater=24788 MB
config(Cg+Multigrid):  Solving for p, Initial residual = 0.001361161609455363, Final residual = 1.2212307126454666e-05, No Iterations 9, Solve time = 212.597 ms
time step continuity errors : sum local = 3.0591902883707664e-06, global = -4.482953115599988e-08, cumulative = -7.267458642224199e-07
[mem] after-pEqn: DEVICE_POOL current=19061 MB  actual(reserved)=38146 MB  highWater=24788 MB
Schwarz(Jacobi)+Bicgstab:  Solving for omega, Initial residual = 1.3274996673663746e-05, Final residual = 9.264468993346669e-07, No Iterations 2, Solve time = 14.083 ms
bounding omega, min: -208817.763465161 max: 45355982.70776226 average: 6372.650319739683
Schwarz(Jacobi)+Bicgstab:  Solving for k, Initial residual = 0.0002472199231863703, Final residual = 1.0516942352150252e-05, No Iterations 2, Solve time = 14.037 ms
bounding k, min: -1.0847055876019579e-05 max: 872.1114926355413 average: 9.141316164648817
[mem] after-turb: DEVICE_POOL current=19061 MB  actual(reserved)=38146 MB  highWater=24788 MB
ExecutionTime = 134.23 s  ClockTime = 135 s

Time = 1035
[mem] step-start: DEVICE_POOL current=19061 MB  actual(reserved)=38146 MB  highWater=24788 MB
Schwarz(Jacobi)+Bicgstab:  Solving for Ux, Initial residual = 8.202862293812936e-05, Final residual = 7.0955346765166334e-06, No Iterations 2, Solve time = 16.341 ms
Schwarz(Jacobi)+Bicgstab:  Solving for Uy, Initial residual = 0.0042699375248277755, Final residual = 0.000142830718916236, No Iterations 3, Solve time = 19.209 ms
Schwarz(Jacobi)+Bicgstab:  Solving for Uz, Initial residual = 0.001132912016725499, Final residual = 6.896113808973174e-05, No Iterations 2, Solve time = 15.964 ms
[mem] after-UEqn: DEVICE_POOL current=19061 MB  actual(reserved)=38146 MB  highWater=24788 MB
config(Cg+Multigrid):  Solving for p, Initial residual = 0.0013663716870837466, Final residual = 1.3128402859154605e-05, No Iterations 12, Solve time = 274.659 ms
time step continuity errors : sum local = 3.2890349524260613e-06, global = -4.356093663019934e-08, cumulative = -7.703068008526193e-07
[mem] after-pEqn: DEVICE_POOL current=19061 MB  actual(reserved)=38146 MB  highWater=24788 MB
Schwarz(Jacobi)+Bicgstab:  Solving for omega, Initial residual = 1.3302352589667142e-05, Final residual = 9.323683017181674e-07, No Iterations 2, Solve time = 14.237 ms
bounding omega, min: -48710.26102114493 max: 45355982.71533646 average: 6372.89520832775
Schwarz(Jacobi)+Bicgstab:  Solving for k, Initial residual = 0.0002479775822868121, Final residual = 1.1455742959956997e-05, No Iterations 2, Solve time = 14.253 ms
bounding k, min: -0.015790182176970743 max: 871.9484880833202 average: 9.141477597304382
[mem] after-turb: DEVICE_POOL current=19061 MB  actual(reserved)=38146 MB  highWater=24788 MB
ExecutionTime = 136.98 s  ClockTime = 138 s

Time = 1036
[mem] step-start: DEVICE_POOL current=19061 MB  actual(reserved)=38146 MB  highWater=24788 MB
Schwarz(Jacobi)+Bicgstab:  Solving for Ux, Initial residual = 8.220179445846137e-05, Final residual = 6.929465914107848e-06, No Iterations 2, Solve time = 16.591 ms
Schwarz(Jacobi)+Bicgstab:  Solving for Uy, Initial residual = 0.0042933915869695725, Final residual = 0.0001431501184448483, No Iterations 3, Solve time = 19.949 ms
Schwarz(Jacobi)+Bicgstab:  Solving for Uz, Initial residual = 0.001135004585837543, Final residual = 9.414524213502876e-05, No Iterations 3, Solve time = 19.406 ms
[mem] after-UEqn: DEVICE_POOL current=19061 MB  actual(reserved)=38146 MB  highWater=24788 MB
config(Cg+Multigrid):  Solving for p, Initial residual = 0.0013609098467645703, Final residual = 1.353752880329244e-05, No Iterations 11, Solve time = 252.096 ms
time step continuity errors : sum local = 3.393628989926348e-06, global = -5.183679627813753e-08, cumulative = -8.221435971307568e-07
[mem] after-pEqn: DEVICE_POOL current=19061 MB  actual(reserved)=38146 MB  highWater=24788 MB
Schwarz(Jacobi)+Bicgstab:  Solving for omega, Initial residual = 1.3339380375632356e-05, Final residual = 9.383336730330877e-07, No Iterations 2, Solve time = 14.027 ms
bounding omega, min: -47999.412223088824 max: 45355982.72004676 average: 6373.121742552741
Schwarz(Jacobi)+Bicgstab:  Solving for k, Initial residual = 0.00024874117568786646, Final residual = 8.472322655180197e-06, No Iterations 3, Solve time = 17.53 ms
bounding k, min: -0.00020407324382632242 max: 871.7904783580368 average: 9.141594616220729
[mem] after-turb: DEVICE_POOL current=19061 MB  actual(reserved)=38146 MB  highWater=24788 MB
ExecutionTime = 139.7 s  ClockTime = 141 s

Time = 1037
[mem] step-start: DEVICE_POOL current=19061 MB  actual(reserved)=38146 MB  highWater=24788 MB
Schwarz(Jacobi)+Bicgstab:  Solving for Ux, Initial residual = 8.232734246742416e-05, Final residual = 6.896356710918835e-06, No Iterations 2, Solve time = 16.403 ms
Schwarz(Jacobi)+Bicgstab:  Solving for Uy, Initial residual = 0.004314927742358093, Final residual = 0.00014663368478822896, No Iterations 3, Solve time = 19.575 ms
Schwarz(Jacobi)+Bicgstab:  Solving for Uz, Initial residual = 0.0011380926558942834, Final residual = 7.862607489178103e-05, No Iterations 2, Solve time = 16.103 ms
[mem] after-UEqn: DEVICE_POOL current=19061 MB  actual(reserved)=38146 MB  highWater=24788 MB
config(Cg+Multigrid):  Solving for p, Initial residual = 0.001358903398613458, Final residual = 1.2944357591027618e-05, No Iterations 8, Solve time = 196.704 ms
time step continuity errors : sum local = 3.2465735511815775e-06, global = -6.633785911474516e-08, cumulative = -8.884814562455019e-07
[mem] after-pEqn: DEVICE_POOL current=19061 MB  actual(reserved)=38146 MB  highWater=24788 MB
Schwarz(Jacobi)+Bicgstab:  Solving for omega, Initial residual = 1.3413599958877502e-05, Final residual = 9.501984565676037e-07, No Iterations 2, Solve time = 13.983 ms
bounding omega, min: -47316.876636157074 max: 45355982.72023556 average: 6373.230495776504
Schwarz(Jacobi)+Bicgstab:  Solving for k, Initial residual = 0.00024812517663870635, Final residual = 1.1732844278693168e-05, No Iterations 2, Solve time = 14.347 ms
bounding k, min: -2.279291854537308e-05 max: 871.7177059648966 average: 9.141706886090288
[mem] after-turb: DEVICE_POOL current=19061 MB  actual(reserved)=38146 MB  highWater=24788 MB
ExecutionTime = 142.37 s  ClockTime = 143 s

Time = 1038
[mem] step-start: DEVICE_POOL current=19061 MB  actual(reserved)=38146 MB  highWater=24788 MB
Schwarz(Jacobi)+Bicgstab:  Solving for Ux, Initial residual = 8.246873243289442e-05, Final residual = 6.356674305171513e-06, No Iterations 2, Solve time = 16.516 ms
Schwarz(Jacobi)+Bicgstab:  Solving for Uy, Initial residual = 0.004336102607198795, Final residual = 0.00015162400207316932, No Iterations 3, Solve time = 19.168 ms
Schwarz(Jacobi)+Bicgstab:  Solving for Uz, Initial residual = 0.0011413004540819242, Final residual = 7.041845386280436e-05, No Iterations 2, Solve time = 17.502 ms
[mem] after-UEqn: DEVICE_POOL current=19061 MB  actual(reserved)=38146 MB  highWater=24788 MB
config(Cg+Multigrid):  Solving for p, Initial residual = 0.0013584054756993998, Final residual = 1.340411405414196e-05, No Iterations 11, Solve time = 246.428 ms
time step continuity errors : sum local = 3.3625293991290175e-06, global = -6.041282378452634e-08, cumulative = -9.488942800300283e-07
[mem] after-pEqn: DEVICE_POOL current=19061 MB  actual(reserved)=38146 MB  highWater=24788 MB
Schwarz(Jacobi)+Bicgstab:  Solving for omega, Initial residual = 1.3444734757615475e-05, Final residual = 9.557745153945295e-07, No Iterations 2, Solve time = 14.237 ms
bounding omega, min: -328933.8169443447 max: 45355982.714865126 average: 6373.348625555858
Schwarz(Jacobi)+Bicgstab:  Solving for k, Initial residual = 0.00024896231001567343, Final residual = 1.0592132937712997e-05, No Iterations 2, Solve time = 14.256 ms
bounding k, min: -0.000854284048227804 max: 871.6062454915171 average: 9.141861713354503
[mem] after-turb: DEVICE_POOL current=19061 MB  actual(reserved)=38146 MB  highWater=24788 MB
ExecutionTime = 145.09 s  ClockTime = 146 s

Time = 1039
[mem] step-start: DEVICE_POOL current=19061 MB  actual(reserved)=38146 MB  highWater=24788 MB
Schwarz(Jacobi)+Bicgstab:  Solving for Ux, Initial residual = 8.260154716491679e-05, Final residual = 6.016228036308156e-06, No Iterations 2, Solve time = 16.442 ms
Schwarz(Jacobi)+Bicgstab:  Solving for Uy, Initial residual = 0.004356959418126349, Final residual = 0.00015515288734008672, No Iterations 3, Solve time = 19.153 ms
Schwarz(Jacobi)+Bicgstab:  Solving for Uz, Initial residual = 0.0011432764865474284, Final residual = 7.955732115508851e-05, No Iterations 3, Solve time = 19.624 ms
[mem] after-UEqn: DEVICE_POOL current=19061 MB  actual(reserved)=38146 MB  highWater=24788 MB
config(Cg+Multigrid):  Solving for p, Initial residual = 0.0013513549244391094, Final residual = 1.3442693590807814e-05, No Iterations 11, Solve time = 248.246 ms
time step continuity errors : sum local = 3.374694364563738e-06, global = -6.025034059367718e-08, cumulative = -1.0091446206237054e-06
[mem] after-pEqn: DEVICE_POOL current=19061 MB  actual(reserved)=38146 MB  highWater=24788 MB
Schwarz(Jacobi)+Bicgstab:  Solving for omega, Initial residual = 1.3449176808004113e-05, Final residual = 9.58526651410331e-07, No Iterations 2, Solve time = 14.296 ms
bounding omega, min: -45307.16454616549 max: 45355982.701244935 average: 6373.513727734675
Schwarz(Jacobi)+Bicgstab:  Solving for k, Initial residual = 0.00024960071000028767, Final residual = 7.039865242166381e-06, No Iterations 3, Solve time = 17.764 ms
bounding k, min: -1.826616692992807e-05 max: 871.5541564179201 average: 9.142080690628278
[mem] after-turb: DEVICE_POOL current=19061 MB  actual(reserved)=38146 MB  highWater=24788 MB
ExecutionTime = 147.82 s  ClockTime = 149 s

Time = 1040
[mem] step-start: DEVICE_POOL current=19061 MB  actual(reserved)=38146 MB  highWater=24788 MB
Schwarz(Jacobi)+Bicgstab:  Solving for Ux, Initial residual = 8.269220156888497e-05, Final residual = 5.635326075746168e-06, No Iterations 2, Solve time = 16.517 ms
Schwarz(Jacobi)+Bicgstab:  Solving for Uy, Initial residual = 0.004373965581689273, Final residual = 0.0003814510152446671, No Iterations 2, Solve time = 16.357 ms
Schwarz(Jacobi)+Bicgstab:  Solving for Uz, Initial residual = 0.0011444780754891785, Final residual = 8.021185717482814e-05, No Iterations 2, Solve time = 16.433 ms
[mem] after-UEqn: DEVICE_POOL current=19061 MB  actual(reserved)=38146 MB  highWater=24788 MB
config(Cg+Multigrid):  Solving for p, Initial residual = 0.0013542144449550989, Final residual = 1.2238448455187784e-05, No Iterations 11, Solve time = 243.721 ms
time step continuity errors : sum local = 3.075326957685983e-06, global = -5.864416335495946e-08, cumulative = -1.0677887839786649e-06
[mem] after-pEqn: DEVICE_POOL current=19061 MB  actual(reserved)=38146 MB  highWater=24788 MB
Schwarz(Jacobi)+Bicgstab:  Solving for omega, Initial residual = 1.347634899224345e-05, Final residual = 9.58353067860464e-07, No Iterations 2, Solve time = 14.054 ms
bounding omega, min: -44443.602592815885 max: 45355982.68515552 average: 6373.518405805391
Schwarz(Jacobi)+Bicgstab:  Solving for k, Initial residual = 0.0002494645884374099, Final residual = 4.068403641461235e-06, No Iterations 3, Solve time = 17.271 ms
bounding k, min: -0.00012997637204353115 max: 871.5004395141282 average: 9.14227018502899
[mem] after-turb: DEVICE_POOL current=19061 MB  actual(reserved)=38146 MB  highWater=24788 MB
ExecutionTime = 150.54 s  ClockTime = 152 s

Time = 1041
[mem] step-start: DEVICE_POOL current=19061 MB  actual(reserved)=38146 MB  highWater=24788 MB
Schwarz(Jacobi)+Bicgstab:  Solving for Ux, Initial residual = 8.284182664074964e-05, Final residual = 5.255027862119532e-06, No Iterations 2, Solve time = 16.123 ms
Schwarz(Jacobi)+Bicgstab:  Solving for Uy, Initial residual = 0.0043693341310754065, Final residual = 0.00016537896816239795, No Iterations 3, Solve time = 19.413 ms
Schwarz(Jacobi)+Bicgstab:  Solving for Uz, Initial residual = 0.0011491935536388908, Final residual = 7.405098622218195e-05, No Iterations 2, Solve time = 16.014 ms
[mem] after-UEqn: DEVICE_POOL current=19061 MB  actual(reserved)=38146 MB  highWater=24788 MB
config(Cg+Multigrid):  Solving for p, Initial residual = 0.001346915105606692, Final residual = 1.3392775995345884e-05, No Iterations 11, Solve time = 249.642 ms
time step continuity errors : sum local = 3.368869051957953e-06, global = -5.667487207216536e-08, cumulative = -1.1244636560508303e-06
[mem] after-pEqn: DEVICE_POOL current=19061 MB  actual(reserved)=38146 MB  highWater=24788 MB
Schwarz(Jacobi)+Bicgstab:  Solving for omega, Initial residual = 1.3481857950518814e-05, Final residual = 9.623376688013632e-07, No Iterations 2, Solve time = 14.284 ms
bounding omega, min: -44905.643306378 max: 45355982.66632775 average: 6373.508414676568
Schwarz(Jacobi)+Bicgstab:  Solving for k, Initial residual = 0.00024964871920652267, Final residual = 1.7891575301273243e-05, No Iterations 2, Solve time = 14.348 ms
bounding k, min: -0.004469638729098321 max: 871.4160190850698 average: 9.14226039543264
[mem] after-turb: DEVICE_POOL current=19061 MB  actual(reserved)=38146 MB  highWater=24788 MB
ExecutionTime = 153.26 s  ClockTime = 154 s

Time = 1042
[mem] step-start: DEVICE_POOL current=19061 MB  actual(reserved)=38146 MB  highWater=24788 MB
Schwarz(Jacobi)+Bicgstab:  Solving for Ux, Initial residual = 8.289641071494175e-05, Final residual = 5.135542933076121e-06, No Iterations 2, Solve time = 16.153 ms
Schwarz(Jacobi)+Bicgstab:  Solving for Uy, Initial residual = 0.00438042099655128, Final residual = 0.00015275374147518664, No Iterations 3, Solve time = 19.635 ms
Schwarz(Jacobi)+Bicgstab:  Solving for Uz, Initial residual = 0.001151992024838033, Final residual = 7.135834742208644e-05, No Iterations 3, Solve time = 19.306 ms
[mem] after-UEqn: DEVICE_POOL current=19061 MB  actual(reserved)=38146 MB  highWater=24788 MB
config(Cg+Multigrid):  Solving for p, Initial residual = 0.0013427748796783527, Final residual = 1.2638190373109812e-05, No Iterations 11, Solve time = 253.581 ms
time step continuity errors : sum local = 3.1817681082045768e-06, global = -5.5887649780690555e-08, cumulative = -1.1803513058315208e-06
[mem] after-pEqn: DEVICE_POOL current=19061 MB  actual(reserved)=38146 MB  highWater=24788 MB
Schwarz(Jacobi)+Bicgstab:  Solving for omega, Initial residual = 1.3562631150441677e-05, Final residual = 9.616302071981185e-07, No Iterations 2, Solve time = 14.321 ms
bounding omega, min: -239309.18019676357 max: 45355982.64668982 average: 6373.482607331549
Schwarz(Jacobi)+Bicgstab:  Solving for k, Initial residual = 0.00025073762602979604, Final residual = 1.689066730143736e-05, No Iterations 2, Solve time = 14.365 ms
bounding k, min: -0.010175058006143975 max: 871.2825637060299 average: 9.142344636735062
[mem] after-turb: DEVICE_POOL current=19061 MB  actual(reserved)=38146 MB  highWater=24788 MB
ExecutionTime = 155.98 s  ClockTime = 157 s

Time = 1043
[mem] step-start: DEVICE_POOL current=19061 MB  actual(reserved)=38146 MB  highWater=24788 MB
Schwarz(Jacobi)+Bicgstab:  Solving for Ux, Initial residual = 8.28989102720721e-05, Final residual = 5.003853157313396e-06, No Iterations 2, Solve time = 16.731 ms
Schwarz(Jacobi)+Bicgstab:  Solving for Uy, Initial residual = 0.004395812009138795, Final residual = 0.00015158678073360268, No Iterations 3, Solve time = 20.014 ms
Schwarz(Jacobi)+Bicgstab:  Solving for Uz, Initial residual = 0.001152706529773195, Final residual = 7.69481253783214e-05, No Iterations 2, Solve time = 16.077 ms
[mem] after-UEqn: DEVICE_POOL current=19061 MB  actual(reserved)=38146 MB  highWater=24788 MB
config(Cg+Multigrid):  Solving for p, Initial residual = 0.001340604702621699, Final residual = 1.2556792320548026e-05, No Iterations 11, Solve time = 250.386 ms
time step continuity errors : sum local = 3.1632796633948926e-06, global = -5.644712866953946e-08, cumulative = -1.2367984345010602e-06
[mem] after-pEqn: DEVICE_POOL current=19061 MB  actual(reserved)=38146 MB  highWater=24788 MB
Schwarz(Jacobi)+Bicgstab:  Solving for omega, Initial residual = 1.3547797538651876e-05, Final residual = 9.58111531619279e-07, No Iterations 2, Solve time = 14.374 ms
bounding omega, min: -45889.987456360075 max: 45355982.62996667 average: 6373.458737668914
Schwarz(Jacobi)+Bicgstab:  Solving for k, Initial residual = 0.0002516646842049524, Final residual = 1.5291861233465226e-05, No Iterations 2, Solve time = 14.084 ms
bounding k, min: -0.0009587726642620309 max: 871.1330655171178 average: 9.14250912570394
[mem] after-turb: DEVICE_POOL current=19061 MB  actual(reserved)=38146 MB  highWater=24788 MB
ExecutionTime = 158.72 s  ClockTime = 160 s

Time = 1044
[mem] step-start: DEVICE_POOL current=19061 MB  actual(reserved)=38146 MB  highWater=24788 MB
Schwarz(Jacobi)+Bicgstab:  Solving for Ux, Initial residual = 8.288900658262397e-05, Final residual = 4.904830027764957e-06, No Iterations 2, Solve time = 16.14 ms
Schwarz(Jacobi)+Bicgstab:  Solving for Uy, Initial residual = 0.004413945124173835, Final residual = 0.00015493677994081765, No Iterations 3, Solve time = 19.359 ms
Schwarz(Jacobi)+Bicgstab:  Solving for Uz, Initial residual = 0.0011546899357797104, Final residual = 8.209079191127898e-05, No Iterations 3, Solve time = 19.489 ms
[mem] after-UEqn: DEVICE_POOL current=19061 MB  actual(reserved)=38146 MB  highWater=24788 MB
config(Cg+Multigrid):  Solving for p, Initial residual = 0.0013372120112761065, Final residual = 1.286739388483674e-05, No Iterations 11, Solve time = 254.768 ms
time step continuity errors : sum local = 3.2423094200794662e-06, global = -5.963241007965005e-08, cumulative = -1.2964308445807102e-06
[mem] after-pEqn: DEVICE_POOL current=19061 MB  actual(reserved)=38146 MB  highWater=24788 MB
Schwarz(Jacobi)+Bicgstab:  Solving for omega, Initial residual = 1.352350528222659e-05, Final residual = 9.510913896837642e-07, No Iterations 2, Solve time = 14.125 ms
bounding omega, min: -46053.60453069177 max: 45355982.6171548 average: 6373.376462605746
Schwarz(Jacobi)+Bicgstab:  Solving for k, Initial residual = 0.0002523262339881354, Final residual = 1.47848937339547e-05, No Iterations 2, Solve time = 14.127 ms
bounding k, min: -0.0008544241145524295 max: 870.968629318254 average: 9.142742975622431
[mem] after-turb: DEVICE_POOL current=19061 MB  actual(reserved)=38146 MB  highWater=24788 MB
ExecutionTime = 161.45 s  ClockTime = 163 s

Time = 1045
[mem] step-start: DEVICE_POOL current=19061 MB  actual(reserved)=38146 MB  highWater=24788 MB
Schwarz(Jacobi)+Bicgstab:  Solving for Ux, Initial residual = 8.28561152323911e-05, Final residual = 4.904870143026947e-06, No Iterations 2, Solve time = 16.215 ms
Schwarz(Jacobi)+Bicgstab:  Solving for Uy, Initial residual = 0.004431495562890843, Final residual = 0.00015763027331231985, No Iterations 3, Solve time = 19.241 ms
Schwarz(Jacobi)+Bicgstab:  Solving for Uz, Initial residual = 0.001156061991962447, Final residual = 7.256514482166355e-05, No Iterations 2, Solve time = 15.873 ms
[mem] after-UEqn: DEVICE_POOL current=19061 MB  actual(reserved)=38146 MB  highWater=24788 MB
config(Cg+Multigrid):  Solving for p, Initial residual = 0.0013361086669985106, Final residual = 1.2795490917480692e-05, No Iterations 21, Solve time = 459.989 ms
time step continuity errors : sum local = 3.223282813235895e-06, global = -5.16012805453583e-08, cumulative = -1.3480321251260686e-06
[mem] after-pEqn: DEVICE_POOL current=19061 MB  actual(reserved)=38146 MB  highWater=24788 MB
Schwarz(Jacobi)+Bicgstab:  Solving for omega, Initial residual = 1.3520089194680353e-05, Final residual = 9.514880029072799e-07, No Iterations 2, Solve time = 14.171 ms
bounding omega, min: -46518.50551505706 max: 45355982.607624486 average: 6373.31248689345
Schwarz(Jacobi)+Bicgstab:  Solving for k, Initial residual = 0.0002528794451282498, Final residual = 1.4520862864752017e-05, No Iterations 2, Solve time = 14.068 ms
bounding k, min: -0.0012371796112759514 max: 870.7975209898786 average: 9.142995035367981
[mem] after-turb: DEVICE_POOL current=19061 MB  actual(reserved)=38146 MB  highWater=24788 MB
ExecutionTime = 164.38 s  ClockTime = 166 s

Time = 1046
[mem] step-start: DEVICE_POOL current=19061 MB  actual(reserved)=38146 MB  highWater=24788 MB
Schwarz(Jacobi)+Bicgstab:  Solving for Ux, Initial residual = 8.284727593978051e-05, Final residual = 5.051202546290571e-06, No Iterations 2, Solve time = 16.46 ms
Schwarz(Jacobi)+Bicgstab:  Solving for Uy, Initial residual = 0.004448431738882372, Final residual = 0.00015825669874277066, No Iterations 3, Solve time = 19.435 ms
Schwarz(Jacobi)+Bicgstab:  Solving for Uz, Initial residual = 0.0011571117745392827, Final residual = 6.715448002686197e-05, No Iterations 3, Solve time = 19.578 ms
[mem] after-UEqn: DEVICE_POOL current=19061 MB  actual(reserved)=38146 MB  highWater=24788 MB
config(Cg+Multigrid):  Solving for p, Initial residual = 0.0013377229139229895, Final residual = 1.2222900865076975e-05, No Iterations 11, Solve time = 259.197 ms
time step continuity errors : sum local = 3.0687223487148455e-06, global = -6.878776312716332e-08, cumulative = -1.4168198882532318e-06
[mem] after-pEqn: DEVICE_POOL current=19061 MB  actual(reserved)=38146 MB  highWater=24788 MB
Schwarz(Jacobi)+Bicgstab:  Solving for omega, Initial residual = 1.3520161981013285e-05, Final residual = 9.48772939718694e-07, No Iterations 2, Solve time = 14.431 ms
bounding omega, min: -179620.58274788648 max: 45355982.60227527 average: 6373.189749646419
Schwarz(Jacobi)+Bicgstab:  Solving for k, Initial residual = 0.00025335405032908114, Final residual = 1.4370969859279023e-05, No Iterations 2, Solve time = 14.305 ms
bounding k, min: -0.001766600184055618 max: 870.592365235806 average: 9.143319942167539
[mem] after-turb: DEVICE_POOL current=19061 MB  actual(reserved)=38146 MB  highWater=24788 MB
ExecutionTime = 167.13 s  ClockTime = 168 s

Time = 1047
[mem] step-start: DEVICE_POOL current=19061 MB  actual(reserved)=38146 MB  highWater=24788 MB
Schwarz(Jacobi)+Bicgstab:  Solving for Ux, Initial residual = 8.283794503593225e-05, Final residual = 5.068491288635044e-06, No Iterations 2, Solve time = 16.295 ms
Schwarz(Jacobi)+Bicgstab:  Solving for Uy, Initial residual = 0.004462002918413062, Final residual = 0.00016069644526430058, No Iterations 3, Solve time = 19.64 ms
Schwarz(Jacobi)+Bicgstab:  Solving for Uz, Initial residual = 0.0011569961002605902, Final residual = 8.137967410111174e-05, No Iterations 2, Solve time = 16.129 ms
[mem] after-UEqn: DEVICE_POOL current=19061 MB  actual(reserved)=38146 MB  highWater=24788 MB
config(Cg+Multigrid):  Solving for p, Initial residual = 0.001336255026544449, Final residual = 1.3049665586119209e-05, No Iterations 20, Solve time = 444.665 ms
time step continuity errors : sum local = 3.2744981543994337e-06, global = -5.3283435342129383e-08, cumulative = -1.4701033235953612e-06
[mem] after-pEqn: DEVICE_POOL current=19061 MB  actual(reserved)=38146 MB  highWater=24788 MB
Schwarz(Jacobi)+Bicgstab:  Solving for omega, Initial residual = 1.3522961192455236e-05, Final residual = 9.442190306409806e-07, No Iterations 2, Solve time = 14.468 ms
bounding omega, min: -47274.46880951652 max: 45355982.60067498 average: 6373.172925438685
Schwarz(Jacobi)+Bicgstab:  Solving for k, Initial residual = 0.00025377961951855965, Final residual = 1.4269750318095946e-05, No Iterations 2, Solve time = 14.012 ms
bounding k, min: -0.0043064217188397355 max: 870.4525816339935 average: 9.143708379715687
[mem] after-turb: DEVICE_POOL current=19061 MB  actual(reserved)=38146 MB  highWater=24788 MB
ExecutionTime = 170.04 s  ClockTime = 171 s

Time = 1048
[mem] step-start: DEVICE_POOL current=19061 MB  actual(reserved)=38146 MB  highWater=24788 MB
Schwarz(Jacobi)+Bicgstab:  Solving for Ux, Initial residual = 8.28530109974956e-05, Final residual = 5.0801623541941955e-06, No Iterations 2, Solve time = 16.369 ms
Schwarz(Jacobi)+Bicgstab:  Solving for Uy, Initial residual = 0.004471878398350426, Final residual = 0.0001621914110448893, No Iterations 3, Solve time = 19.682 ms
Schwarz(Jacobi)+Bicgstab:  Solving for Uz, Initial residual = 0.0011591251924312933, Final residual = 7.494646475471545e-05, No Iterations 2, Solve time = 15.857 ms
[mem] after-UEqn: DEVICE_POOL current=19061 MB  actual(reserved)=38146 MB  highWater=24788 MB
config(Cg+Multigrid):  Solving for p, Initial residual = 0.001342426387263623, Final residual = 1.2064876810756628e-05, No Iterations 10, Solve time = 231.207 ms
time step continuity errors : sum local = 3.014514284996602e-06, global = -8.10684180576488e-08, cumulative = -1.55117174165301e-06
[mem] after-pEqn: DEVICE_POOL current=19061 MB  actual(reserved)=38146 MB  highWater=24788 MB
Schwarz(Jacobi)+Bicgstab:  Solving for omega, Initial residual = 1.3516476581928158e-05, Final residual = 9.374421894351936e-07, No Iterations 2, Solve time = 14.345 ms
bounding omega, min: -47330.89256946998 max: 45355982.60219302 average: 6373.0940644994425
Schwarz(Jacobi)+Bicgstab:  Solving for k, Initial residual = 0.0002541540088420538, Final residual = 1.421396990585624e-05, No Iterations 2, Solve time = 14.243 ms
bounding k, min: -0.004545684750036888 max: 870.2958405834737 average: 9.144123875728882
[mem] after-turb: DEVICE_POOL current=19061 MB  actual(reserved)=38146 MB  highWater=24788 MB
ExecutionTime = 172.75 s  ClockTime = 174 s

Time = 1049
[mem] step-start: DEVICE_POOL current=19061 MB  actual(reserved)=38146 MB  highWater=24788 MB
Schwarz(Jacobi)+Bicgstab:  Solving for Ux, Initial residual = 8.286955446379508e-05, Final residual = 5.098404757418798e-06, No Iterations 2, Solve time = 16.667 ms
Schwarz(Jacobi)+Bicgstab:  Solving for Uy, Initial residual = 0.004479446682691018, Final residual = 0.00016929422289480145, No Iterations 3, Solve time = 19.804 ms
Schwarz(Jacobi)+Bicgstab:  Solving for Uz, Initial residual = 0.0011608336658225752, Final residual = 8.868537720333211e-05, No Iterations 3, Solve time = 19.374 ms
[mem] after-UEqn: DEVICE_POOL current=19061 MB  actual(reserved)=38146 MB  highWater=24788 MB
config(Cg+Multigrid):  Solving for p, Initial residual = 0.001341848892207722, Final residual = 1.2553426611014462e-05, No Iterations 10, Solve time = 226.676 ms
time step continuity errors : sum local = 3.136634519225113e-06, global = -9.035676817854934e-08, cumulative = -1.6415285098315594e-06
[mem] after-pEqn: DEVICE_POOL current=19061 MB  actual(reserved)=38146 MB  highWater=24788 MB
Schwarz(Jacobi)+Bicgstab:  Solving for omega, Initial residual = 1.351585122282712e-05, Final residual = 9.390716127089983e-07, No Iterations 2, Solve time = 14.049 ms
bounding omega, min: -47487.003106401055 max: 45355982.60621983 average: 6373.093494612358
Schwarz(Jacobi)+Bicgstab:  Solving for k, Initial residual = 0.0002544600330213711, Final residual = 1.4173480044342689e-05, No Iterations 2, Solve time = 14.2 ms
bounding k, min: -0.0036105071114115733 max: 870.1348440899891 average: 9.144609923058887
[mem] after-turb: DEVICE_POOL current=19061 MB  actual(reserved)=38146 MB  highWater=24788 MB
ExecutionTime = 175.46 s  ClockTime = 177 s

Time = 1050
[mem] step-start: DEVICE_POOL current=19061 MB  actual(reserved)=38146 MB  highWater=24788 MB
Schwarz(Jacobi)+Bicgstab:  Solving for Ux, Initial residual = 8.287950522169433e-05, Final residual = 5.1149239070030726e-06, No Iterations 2, Solve time = 16.414 ms
Schwarz(Jacobi)+Bicgstab:  Solving for Uy, Initial residual = 0.0044850522490160446, Final residual = 0.00017260433423047766, No Iterations 3, Solve time = 19.925 ms
Schwarz(Jacobi)+Bicgstab:  Solving for Uz, Initial residual = 0.001163324613716152, Final residual = 8.082433350935906e-05, No Iterations 2, Solve time = 15.848 ms
[mem] after-UEqn: DEVICE_POOL current=19061 MB  actual(reserved)=38146 MB  highWater=24788 MB
config(Cg+Multigrid):  Solving for p, Initial residual = 0.0013428615087823783, Final residual = 1.225895597886111e-05, No Iterations 11, Solve time = 250.06 ms
time step continuity errors : sum local = 3.064086955971669e-06, global = -9.644672300146503e-08, cumulative = -1.7379752328330244e-06
[mem] after-pEqn: DEVICE_POOL current=19061 MB  actual(reserved)=38146 MB  highWater=24788 MB
Schwarz(Jacobi)+Bicgstab:  Solving for omega, Initial residual = 1.3516397668321482e-05, Final residual = 9.372471150993532e-07, No Iterations 2, Solve time = 14.016 ms
bounding omega, min: -126180.47025725988 max: 45355982.614409976 average: 6373.103833317576
Schwarz(Jacobi)+Bicgstab:  Solving for k, Initial residual = 0.0002547374468248065, Final residual = 1.4180300921891546e-05, No Iterations 2, Solve time = 13.923 ms
bounding k, min: -0.003894011667208701 max: 870.0038240772825 average: 9.14511500212995
[mem] after-turb: DEVICE_POOL current=19061 MB  actual(reserved)=38146 MB  highWater=24788 MB
Writing p
Writing U
Writing turbulence variables
ExecutionTime = 179.38 s  ClockTime = 182 s

Finalizing NeoN
Finalising parallel run
