/*---------------------------------------------------------------------------*\
| =========                 |                                                 |
| \\      /  F ield         | OpenFOAM: The Open Source CFD Toolbox           |
|  \\    /   O peration     | Version:  2506                                  |
|   \\  /    A nd           | Website:  www.openfoam.com                      |
|    \\/     M anipulation  |                                                 |
\*---------------------------------------------------------------------------*/
Build  : b050cd9480-20250814 OPENFOAM=2506 version=v2506
Arch   : "LSB;label=32;scalar=64"
Exec   : /storage/home/greole/code/NeoFOAM/build/profilingnvidia_h200/bin/neoSimpleFoam -parallel
Date   : Jul 21 2026
Time   : 08:33:25
Host   : gpu-nvidia-h200-3.int.coma-cluster.de
PID    : 2217474
I/O    : uncollated
Case   : /storage/home/greole/code/NeoFOAM/occDrivAerStaticMesh
nProcs : 4
Hosts  :
(
    (gpu-nvidia-h200-3.int.coma-cluster.de 4)
)
Pstream initialized with:
    node communication : off [type=host] (4 ranks, 1 nodes)
    topology controls  : none
    consensus exchange : 0 (tuning: 0)
    exchange algorithm : 0
    commsType          : nonBlocking
    polling iterations : 0
trapFpe: Floating point exception trapping enabled (FOAM_SIGFPE).
fileModificationChecking : Monitoring run-time modified files using timeStampMaster (fileModificationSkew 5, maxFileModificationPolls 20)
allowSystemOperations : Allowing user-supplied system call operations

// * * * * * * * * * * * * * * * * * * * * * * * * * * * * * * * * * * * * * //
Create time

Initializing NeoN
Creating Executor GPU
Creating NeoFOAM runTime

SIMPLE: no convergence criteria found. Calculations will run for 50 steps.

Reading field p

Reading field U

Reading/calculating face flux field phi

Selecting incompressible transport model Newtonian
NeoFOAM solver config (from fvSolution configFile) for 'config(Cg+Multigrid)':
{
    cacheSolver: true
    configFile: <NeoN::TokenList>
    l1ScaledResidual: true
    preconditionerRebuildInterval: 0
    relTol: 0.010000
    reportName: config(Cg+Multigrid)
    solver: Ginkgo
    tolerance: 0.000000
}
    effective optimize: false
    effective checkFrequency: 1
Mapping OpenFOAM solver settings to NeoN settings.
Currently, it is advisable to specify a configFile
for fine grained Ginkgo solver control

Replacing solver PBiCGStab by solver::Bicgstab
Replacing preconditioner diagonal by preconditioner::Schwarz (Schwarz-wrapped for distributed run)
NeoFOAM solver config (mapped from fvSolution) for 'Schwarz(Jacobi)+Bicgstab':
{
    cacheSolver: true
    criteria: {
        absolute_residual_norm: 0.000000
        initial_residual_norm: 0.100000
        iteration: 1000
    }
    l1ScaledResidual: true
    optimize: false
    preconditioner: {
        local_solver: {
            max_block_size: 1
            type: preconditioner::Jacobi
        }
        type: preconditioner::Schwarz
    }
    reportName: Schwarz(Jacobi)+Bicgstab
    solver: Ginkgo
    type: solver::Bicgstab
}
    effective optimize: false
    effective checkFrequency: 1
Creating phi

[NF][/storage/home/greole/code/NeoFOAM/include/NeoFOAM/auxiliary/readers.hpp::423]: Internal: 49333487, Boundary: 1754396

[NF][/storage/home/greole/code/NeoFOAM/include/NeoFOAM/auxiliary/readers.hpp::423]: Internal: 49320882, Boundary: 1762558

[NF][/storage/home/greole/code/NeoFOAM/include/NeoFOAM/auxiliary/readers.hpp::423]: Internal: 49261542, Boundary: 1427829

[NF][/storage/home/greole/code/NeoFOAM/include/NeoFOAM/auxiliary/readers.hpp::423]: Internal: 49243125, Boundary: 1362247
Selecting patchDistMethod meshWave
Mapping OpenFOAM solver settings to NeoN settings.
Currently, it is advisable to specify a configFile
for fine grained Ginkgo solver control

Replacing solver PBiCGStab by solver::Bicgstab
Replacing preconditioner diagonal by preconditioner::Schwarz (Schwarz-wrapped for distributed run)
NeoFOAM solver config (mapped from fvSolution) for 'Schwarz(Jacobi)+Bicgstab':
{
    cacheSolver: true
    criteria: {
        absolute_residual_norm: 0.000000
        initial_residual_norm: 0.100000
        iteration: 1000
    }
    l1ScaledResidual: true
    optimize: false
    preconditioner: {
        local_solver: {
            max_block_size: 1
            type: preconditioner::Jacobi
        }
        type: preconditioner::Schwarz
    }
    reportName: Schwarz(Jacobi)+Bicgstab
    solver: Ginkgo
    type: solver::Bicgstab
}
    effective optimize: false
    effective checkFrequency: 1
Mapping OpenFOAM solver settings to NeoN settings.
Currently, it is advisable to specify a configFile
for fine grained Ginkgo solver control

Replacing solver PBiCGStab by solver::Bicgstab
Replacing preconditioner diagonal by preconditioner::Schwarz (Schwarz-wrapped for distributed run)
NeoFOAM solver config (mapped from fvSolution) for 'Schwarz(Jacobi)+Bicgstab':
{
    cacheSolver: true
    criteria: {
        absolute_residual_norm: 0.000000
        initial_residual_norm: 0.100000
        iteration: 1000
    }
    l1ScaledResidual: true
    optimize: false
    preconditioner: {
        local_solver: {
            max_block_size: 1
            type: preconditioner::Jacobi
        }
        type: preconditioner::Schwarz
    }
    reportName: Schwarz(Jacobi)+Bicgstab
    solver: Ginkgo
    type: solver::Bicgstab
}
    effective optimize: false
    effective checkFrequency: 1
Starting time loop
Time = 1001
[mem] step-start: DEVICE_POOL current=12979 MB  actual(reserved)=38146 MB  highWater=19132 MB
Schwarz(Jacobi)+Bicgstab:  Solving for Ux, Initial residual = 7.915631151210292e-05, Final residual = 3.1177778532466637e-06, No Iterations 3, Solve time = 34.85 ms
Schwarz(Jacobi)+Bicgstab:  Solving for Uy, Initial residual = 0.004031295874140797, Final residual = 0.000141653327757683, No Iterations 3, Solve time = 19.354 ms
Schwarz(Jacobi)+Bicgstab:  Solving for Uz, Initial residual = 0.0011223325614447873, Final residual = 4.8814207362872184e-05, No Iterations 3, Solve time = 19.465 ms
[mem] after-UEqn: DEVICE_POOL current=15408 MB  actual(reserved)=38146 MB  highWater=20761 MB
config(Cg+Multigrid):  Solving for p, Initial residual = 0.001306167765283384, Final residual = 7.509295040581297e-06, No Iterations 7, Solve time = 161.167 ms
time step continuity errors : sum local = 1.8963445662410353e-06, global = 3.5166451499210905e-08, cumulative = 3.5166451499210905e-08
[mem] after-pEqn: DEVICE_POOL current=16877 MB  actual(reserved)=38146 MB  highWater=20761 MB
Schwarz(Jacobi)+Bicgstab:  Solving for omega, Initial residual = 1.3376034492367064e-05, Final residual = 8.340989074785264e-07, No Iterations 2, Solve time = 16.323 ms
bounding omega, min: -36168.66735160524 max: 45355982.77767275 average: 6373.365181384939
Schwarz(Jacobi)+Bicgstab:  Solving for k, Initial residual = 0.0002422759977441899, Final residual = 2.368395386464702e-05, No Iterations 2, Solve time = 16.187 ms
bounding k, min: -0.06715995993563753 max: 939.9200524012284 average: 9.153221352677164
[mem] after-turb: DEVICE_POOL current=19061 MB  actual(reserved)=38146 MB  highWater=21870 MB
ExecutionTime = 43.82 s  ClockTime = 44 s

Time = 1002
[mem] step-start: DEVICE_POOL current=19061 MB  actual(reserved)=38146 MB  highWater=21870 MB
Schwarz(Jacobi)+Bicgstab:  Solving for Ux, Initial residual = 7.875201418890948e-05, Final residual = 2.9932567949040747e-06, No Iterations 3, Solve time = 19.44 ms
Schwarz(Jacobi)+Bicgstab:  Solving for Uy, Initial residual = 0.0040336616361089355, Final residual = 0.00014042940635961503, No Iterations 3, Solve time = 19.785 ms
Schwarz(Jacobi)+Bicgstab:  Solving for Uz, Initial residual = 0.0011190799102429544, Final residual = 4.0761798530057214e-05, No Iterations 3, Solve time = 19.232 ms
[mem] after-UEqn: DEVICE_POOL current=19061 MB  actual(reserved)=38146 MB  highWater=24788 MB
config(Cg+Multigrid):  Solving for p, Initial residual = 0.0012766751639621504, Final residual = 7.806488960670263e-06, No Iterations 7, Solve time = 179.314 ms
time step continuity errors : sum local = 1.973421368777398e-06, global = 2.5803242612638086e-08, cumulative = 6.096969411184899e-08
[mem] after-pEqn: DEVICE_POOL current=19061 MB  actual(reserved)=38146 MB  highWater=24788 MB
Schwarz(Jacobi)+Bicgstab:  Solving for omega, Initial residual = 1.2813642560157991e-05, Final residual = 8.602908376767956e-07, No Iterations 2, Solve time = 14.033 ms
bounding omega, min: -93861.45540374491 max: 45355982.84771905 average: 6373.636540315497
Schwarz(Jacobi)+Bicgstab:  Solving for k, Initial residual = 0.00024177379069416, Final residual = 8.010923377498896e-06, No Iterations 3, Solve time = 18.294 ms
bounding k, min: -0.0001991556214666379 max: 933.2077555014055 average: 9.152816785658105
[mem] after-turb: DEVICE_POOL current=19061 MB  actual(reserved)=38146 MB  highWater=24788 MB
ExecutionTime = 46.49 s  ClockTime = 46 s

Time = 1003
[mem] step-start: DEVICE_POOL current=19061 MB  actual(reserved)=38146 MB  highWater=24788 MB
Schwarz(Jacobi)+Bicgstab:  Solving for Ux, Initial residual = 7.858182146606661e-05, Final residual = 2.4116806337301353e-06, No Iterations 3, Solve time = 19.568 ms
Schwarz(Jacobi)+Bicgstab:  Solving for Uy, Initial residual = 0.004030687131730217, Final residual = 0.00013670931133742678, No Iterations 3, Solve time = 19.727 ms
Schwarz(Jacobi)+Bicgstab:  Solving for Uz, Initial residual = 0.0011175793987616251, Final residual = 7.24118656506475e-05, No Iterations 2, Solve time = 16.701 ms
[mem] after-UEqn: DEVICE_POOL current=19061 MB  actual(reserved)=38146 MB  highWater=24788 MB
config(Cg+Multigrid):  Solving for p, Initial residual = 0.0012673180807758898, Final residual = 7.75205092427564e-06, No Iterations 7, Solve time = 181.511 ms
time step continuity errors : sum local = 1.9601272800272863e-06, global = 1.3674540821925803e-08, cumulative = 7.464423493377479e-08
[mem] after-pEqn: DEVICE_POOL current=19061 MB  actual(reserved)=38146 MB  highWater=24788 MB
Schwarz(Jacobi)+Bicgstab:  Solving for omega, Initial residual = 1.3129014517968278e-05, Final residual = 8.375115258439177e-07, No Iterations 2, Solve time = 14.409 ms
bounding omega, min: -36294.274050815 max: 45355982.93111851 average: 6373.3243766705045
Schwarz(Jacobi)+Bicgstab:  Solving for k, Initial residual = 0.00023969989995203776, Final residual = 7.186902056858941e-06, No Iterations 3, Solve time = 17.817 ms
bounding k, min: -1.0812841996147285e-05 max: 922.2125235028849 average: 9.15267003138429
[mem] after-turb: DEVICE_POOL current=19061 MB  actual(reserved)=38146 MB  highWater=24788 MB
ExecutionTime = 49.16 s  ClockTime = 49 s

Time = 1004
[mem] step-start: DEVICE_POOL current=19061 MB  actual(reserved)=38146 MB  highWater=24788 MB
Schwarz(Jacobi)+Bicgstab:  Solving for Ux, Initial residual = 7.849132035637895e-05, Final residual = 2.0514797714128677e-06, No Iterations 3, Solve time = 19.787 ms
Schwarz(Jacobi)+Bicgstab:  Solving for Uy, Initial residual = 0.004025832079436244, Final residual = 0.00013305749126033643, No Iterations 3, Solve time = 19.584 ms
Schwarz(Jacobi)+Bicgstab:  Solving for Uz, Initial residual = 0.0011194261640138693, Final residual = 6.176743358814865e-05, No Iterations 2, Solve time = 16.771 ms
[mem] after-UEqn: DEVICE_POOL current=19061 MB  actual(reserved)=38146 MB  highWater=24788 MB
config(Cg+Multigrid):  Solving for p, Initial residual = 0.0012676987374386675, Final residual = 8.312501801806467e-06, No Iterations 7, Solve time = 181.377 ms
time step continuity errors : sum local = 2.101447621272602e-06, global = 1.373251279934059e-09, cumulative = 7.601748621370885e-08
[mem] after-pEqn: DEVICE_POOL current=19061 MB  actual(reserved)=38146 MB  highWater=24788 MB
Schwarz(Jacobi)+Bicgstab:  Solving for omega, Initial residual = 1.2897868518035398e-05, Final residual = 8.337085458961652e-07, No Iterations 2, Solve time = 14.303 ms
bounding omega, min: -33989.70336415991 max: 45355983.015166774 average: 6373.3824762453905
Schwarz(Jacobi)+Bicgstab:  Solving for k, Initial residual = 0.0002393184964143083, Final residual = 1.348930128925635e-05, No Iterations 2, Solve time = 14.085 ms
bounding k, min: -2.2236036622126882e-05 max: 907.7752182029376 average: 9.152411652562765
[mem] after-turb: DEVICE_POOL current=19061 MB  actual(reserved)=38146 MB  highWater=24788 MB
ExecutionTime = 51.8 s  ClockTime = 52 s

Time = 1005
[mem] step-start: DEVICE_POOL current=19061 MB  actual(reserved)=38146 MB  highWater=24788 MB
Schwarz(Jacobi)+Bicgstab:  Solving for Ux, Initial residual = 7.841476229237476e-05, Final residual = 3.888739277338945e-06, No Iterations 2, Solve time = 16.64 ms
Schwarz(Jacobi)+Bicgstab:  Solving for Uy, Initial residual = 0.004022213770597836, Final residual = 0.00024916501482485177, No Iterations 2, Solve time = 16.535 ms
Schwarz(Jacobi)+Bicgstab:  Solving for Uz, Initial residual = 0.0011189218859527295, Final residual = 5.847493551355173e-05, No Iterations 3, Solve time = 19.568 ms
[mem] after-UEqn: DEVICE_POOL current=19061 MB  actual(reserved)=38146 MB  highWater=24788 MB
config(Cg+Multigrid):  Solving for p, Initial residual = 0.0012762685903995364, Final residual = 1.0099494522164247e-05, No Iterations 7, Solve time = 183.688 ms
time step continuity errors : sum local = 2.552106291406734e-06, global = -1.2295474105053302e-08, cumulative = 6.372201210865554e-08
[mem] after-pEqn: DEVICE_POOL current=19061 MB  actual(reserved)=38146 MB  highWater=24788 MB
Schwarz(Jacobi)+Bicgstab:  Solving for omega, Initial residual = 1.2878493931810592e-05, Final residual = 8.41304381707915e-07, No Iterations 2, Solve time = 14.177 ms
bounding omega, min: -32890.90740247764 max: 45355983.084186025 average: 6373.525037643175
Schwarz(Jacobi)+Bicgstab:  Solving for k, Initial residual = 0.000239813591626037, Final residual = 1.8527018840496546e-05, No Iterations 2, Solve time = 14.093 ms
bounding k, min: -1.1698127227665105e-05 max: 897.622015570184 average: 9.152590553242637
[mem] after-turb: DEVICE_POOL current=19061 MB  actual(reserved)=38146 MB  highWater=24788 MB
ExecutionTime = 54.47 s  ClockTime = 55 s

Time = 1006
[mem] step-start: DEVICE_POOL current=19061 MB  actual(reserved)=38146 MB  highWater=24788 MB
Schwarz(Jacobi)+Bicgstab:  Solving for Ux, Initial residual = 7.847625035279645e-05, Final residual = 4.260100656985444e-06, No Iterations 2, Solve time = 16.51 ms
Schwarz(Jacobi)+Bicgstab:  Solving for Uy, Initial residual = 0.004012776882032694, Final residual = 0.00015342737530022252, No Iterations 3, Solve time = 19.622 ms
Schwarz(Jacobi)+Bicgstab:  Solving for Uz, Initial residual = 0.0011210302834193542, Final residual = 6.957108555390493e-05, No Iterations 2, Solve time = 15.838 ms
[mem] after-UEqn: DEVICE_POOL current=19061 MB  actual(reserved)=38146 MB  highWater=24788 MB
config(Cg+Multigrid):  Solving for p, Initial residual = 0.0012798511942702995, Final residual = 1.1585671598260438e-05, No Iterations 7, Solve time = 182.822 ms
time step continuity errors : sum local = 2.9259729116614596e-06, global = -2.4911261872503093e-08, cumulative = 3.881075023615245e-08
[mem] after-pEqn: DEVICE_POOL current=19061 MB  actual(reserved)=38146 MB  highWater=24788 MB
Schwarz(Jacobi)+Bicgstab:  Solving for omega, Initial residual = 1.2529917464466398e-05, Final residual = 8.431962101302244e-07, No Iterations 2, Solve time = 14.351 ms
bounding omega, min: -128530.8104241629 max: 45355983.139232576 average: 6373.695743133609
Schwarz(Jacobi)+Bicgstab:  Solving for k, Initial residual = 0.00023927370083878907, Final residual = 6.7298932315904e-06, No Iterations 3, Solve time = 17.517 ms
bounding k, min: -2.408472616668274e-06 max: 893.0757076905676 average: 9.152395562234481
[mem] after-turb: DEVICE_POOL current=19061 MB  actual(reserved)=38146 MB  highWater=24788 MB
ExecutionTime = 57.12 s  ClockTime = 57 s

Time = 1007
[mem] step-start: DEVICE_POOL current=19061 MB  actual(reserved)=38146 MB  highWater=24788 MB
Schwarz(Jacobi)+Bicgstab:  Solving for Ux, Initial residual = 7.852566300638579e-05, Final residual = 4.308570426143519e-06, No Iterations 2, Solve time = 16.539 ms
Schwarz(Jacobi)+Bicgstab:  Solving for Uy, Initial residual = 0.004011040564433841, Final residual = 0.00014191050575921755, No Iterations 3, Solve time = 19.604 ms
Schwarz(Jacobi)+Bicgstab:  Solving for Uz, Initial residual = 0.0011223536821230507, Final residual = 5.972063514916453e-05, No Iterations 2, Solve time = 16.4 ms
[mem] after-UEqn: DEVICE_POOL current=19061 MB  actual(reserved)=38146 MB  highWater=24788 MB
config(Cg+Multigrid):  Solving for p, Initial residual = 0.0012836672239577797, Final residual = 1.184979463514593e-05, No Iterations 7, Solve time = 185.222 ms
time step continuity errors : sum local = 2.9907168577821795e-06, global = -3.577545529238582e-08, cumulative = 3.0352949437666325e-09
[mem] after-pEqn: DEVICE_POOL current=19061 MB  actual(reserved)=38146 MB  highWater=24788 MB
Schwarz(Jacobi)+Bicgstab:  Solving for omega, Initial residual = 1.2904880977291584e-05, Final residual = 8.398975255172236e-07, No Iterations 2, Solve time = 14.255 ms
bounding omega, min: -36572.96258288343 max: 45355983.130241565 average: 6373.869313471725
Schwarz(Jacobi)+Bicgstab:  Solving for k, Initial residual = 0.0002383395744986753, Final residual = 1.1168137131548193e-05, No Iterations 2, Solve time = 14.094 ms
bounding k, min: -0.00031362772431252773 max: 892.0926114500883 average: 9.15207425976233
[mem] after-turb: DEVICE_POOL current=19061 MB  actual(reserved)=38146 MB  highWater=24788 MB
ExecutionTime = 59.78 s  ClockTime = 60 s

Time = 1008
[mem] step-start: DEVICE_POOL current=19061 MB  actual(reserved)=38146 MB  highWater=24788 MB
Schwarz(Jacobi)+Bicgstab:  Solving for Ux, Initial residual = 7.856732751747974e-05, Final residual = 4.3213255994340585e-06, No Iterations 2, Solve time = 16.532 ms
Schwarz(Jacobi)+Bicgstab:  Solving for Uy, Initial residual = 0.004016683861207596, Final residual = 0.0002479714530240227, No Iterations 2, Solve time = 16.588 ms
Schwarz(Jacobi)+Bicgstab:  Solving for Uz, Initial residual = 0.0011196508298597766, Final residual = 0.00010042551952729113, No Iterations 3, Solve time = 19.185 ms
[mem] after-UEqn: DEVICE_POOL current=19061 MB  actual(reserved)=38146 MB  highWater=24788 MB
config(Cg+Multigrid):  Solving for p, Initial residual = 0.0012821297139069853, Final residual = 1.1557513157607513e-05, No Iterations 7, Solve time = 181.339 ms
time step continuity errors : sum local = 2.9151643072995183e-06, global = -4.5675620698769216e-08, cumulative = -4.2640325755002584e-08
[mem] after-pEqn: DEVICE_POOL current=19061 MB  actual(reserved)=38146 MB  highWater=24788 MB
Schwarz(Jacobi)+Bicgstab:  Solving for omega, Initial residual = 1.2883275237139393e-05, Final residual = 8.387569736906751e-07, No Iterations 2, Solve time = 14.295 ms
bounding omega, min: -33717.42989868941 max: 45355983.05510361 average: 6373.985044981618
Schwarz(Jacobi)+Bicgstab:  Solving for k, Initial residual = 0.00023851500210523763, Final residual = 1.1195591072261945e-05, No Iterations 2, Solve time = 14.331 ms
bounding k, min: -2.1384815191034946e-05 max: 891.2039471750535 average: 9.151785008936681
[mem] after-turb: DEVICE_POOL current=19061 MB  actual(reserved)=38146 MB  highWater=24788 MB
ExecutionTime = 62.43 s  ClockTime = 63 s

Time = 1009
[mem] step-start: DEVICE_POOL current=19061 MB  actual(reserved)=38146 MB  highWater=24788 MB
Schwarz(Jacobi)+Bicgstab:  Solving for Ux, Initial residual = 7.860862063134176e-05, Final residual = 4.305835212193729e-06, No Iterations 2, Solve time = 16.291 ms
Schwarz(Jacobi)+Bicgstab:  Solving for Uy, Initial residual = 0.0040156676843227344, Final residual = 0.0001510831179881169, No Iterations 3, Solve time = 19.615 ms
Schwarz(Jacobi)+Bicgstab:  Solving for Uz, Initial residual = 0.001122812420032189, Final residual = 7.209121147936161e-05, No Iterations 2, Solve time = 16.198 ms
[mem] after-UEqn: DEVICE_POOL current=19061 MB  actual(reserved)=38146 MB  highWater=24788 MB
config(Cg+Multigrid):  Solving for p, Initial residual = 0.0012822397187944338, Final residual = 1.1920267425243272e-05, No Iterations 7, Solve time = 177.823 ms
time step continuity errors : sum local = 3.004973467166319e-06, global = -5.525038198017959e-08, cumulative = -9.789070773518218e-08
[mem] after-pEqn: DEVICE_POOL current=19061 MB  actual(reserved)=38146 MB  highWater=24788 MB
Schwarz(Jacobi)+Bicgstab:  Solving for omega, Initial residual = 1.2843349433151538e-05, Final residual = 8.439200236585e-07, No Iterations 2, Solve time = 14.603 ms
bounding omega, min: -34495.285986793264 max: 45355982.89770951 average: 6374.087764053179
Schwarz(Jacobi)+Bicgstab:  Solving for k, Initial residual = 0.00023882434341305678, Final residual = 1.1230616883977844e-05, No Iterations 2, Solve time = 14.175 ms
bounding k, min: -0.00023216338643914497 max: 891.9911531451451 average: 9.151446701412587
[mem] after-turb: DEVICE_POOL current=19061 MB  actual(reserved)=38146 MB  highWater=24788 MB
ExecutionTime = 65.09 s  ClockTime = 65 s

Time = 1010
[mem] step-start: DEVICE_POOL current=19061 MB  actual(reserved)=38146 MB  highWater=24788 MB
Schwarz(Jacobi)+Bicgstab:  Solving for Ux, Initial residual = 7.863821904718604e-05, Final residual = 4.311639067959317e-06, No Iterations 2, Solve time = 16.475 ms
Schwarz(Jacobi)+Bicgstab:  Solving for Uy, Initial residual = 0.004022454296096957, Final residual = 0.0001442751228806654, No Iterations 3, Solve time = 19.671 ms
Schwarz(Jacobi)+Bicgstab:  Solving for Uz, Initial residual = 0.001121461551512117, Final residual = 6.030066728479857e-05, No Iterations 2, Solve time = 15.972 ms
[mem] after-UEqn: DEVICE_POOL current=19061 MB  actual(reserved)=38146 MB  highWater=24788 MB
config(Cg+Multigrid):  Solving for p, Initial residual = 0.0012867353626495317, Final residual = 1.2107134095539138e-05, No Iterations 7, Solve time = 180.706 ms
time step continuity errors : sum local = 3.0502500703790423e-06, global = -6.382642097165174e-08, cumulative = -1.617171287068339e-07
[mem] after-pEqn: DEVICE_POOL current=19061 MB  actual(reserved)=38146 MB  highWater=24788 MB
Schwarz(Jacobi)+Bicgstab:  Solving for omega, Initial residual = 1.2815345462476637e-05, Final residual = 8.458246710565079e-07, No Iterations 2, Solve time = 14.217 ms
bounding omega, min: -172240.30971386866 max: 45355982.66715797 average: 6374.136398932863
Schwarz(Jacobi)+Bicgstab:  Solving for k, Initial residual = 0.00023914090389331506, Final residual = 1.1405686393184037e-05, No Iterations 2, Solve time = 14.304 ms
bounding k, min: -3.23592184860762e-06 max: 892.1818333389963 average: 9.151001449814087
[mem] after-turb: DEVICE_POOL current=19061 MB  actual(reserved)=38146 MB  highWater=24788 MB
ExecutionTime = 67.73999999999999 s  ClockTime = 68 s

Time = 1011
[mem] step-start: DEVICE_POOL current=19061 MB  actual(reserved)=38146 MB  highWater=24788 MB
Schwarz(Jacobi)+Bicgstab:  Solving for Ux, Initial residual = 7.868633016099831e-05, Final residual = 4.317961859229879e-06, No Iterations 2, Solve time = 16.532 ms
Schwarz(Jacobi)+Bicgstab:  Solving for Uy, Initial residual = 0.00403535726430191, Final residual = 0.00029117881636547485, No Iterations 2, Solve time = 15.818 ms
Schwarz(Jacobi)+Bicgstab:  Solving for Uz, Initial residual = 0.0011161719617603454, Final residual = 8.205696893803723e-05, No Iterations 3, Solve time = 19.952 ms
[mem] after-UEqn: DEVICE_POOL current=19061 MB  actual(reserved)=38146 MB  highWater=24788 MB
config(Cg+Multigrid):  Solving for p, Initial residual = 0.0012883867025898007, Final residual = 1.1503059495814308e-05, No Iterations 12, Solve time = 277.399 ms
time step continuity errors : sum local = 2.8961357779727235e-06, global = -4.5595875481241355e-08, cumulative = -2.0731300418807526e-07
[mem] after-pEqn: DEVICE_POOL current=19061 MB  actual(reserved)=38146 MB  highWater=24788 MB
Schwarz(Jacobi)+Bicgstab:  Solving for omega, Initial residual = 1.2810448572228185e-05, Final residual = 8.449381754835032e-07, No Iterations 2, Solve time = 14.449 ms
bounding omega, min: -38110.06370154212 max: 45355982.665478535 average: 6374.167701799779
Schwarz(Jacobi)+Bicgstab:  Solving for k, Initial residual = 0.00023949301516585034, Final residual = 1.151359966021692e-05, No Iterations 2, Solve time = 14.336 ms
bounding k, min: -2.8802022111378022e-05 max: 892.9809174342806 average: 9.150500595250456
[mem] after-turb: DEVICE_POOL current=19061 MB  actual(reserved)=38146 MB  highWater=24788 MB
ExecutionTime = 70.48 s  ClockTime = 71 s

Time = 1012
[mem] step-start: DEVICE_POOL current=19061 MB  actual(reserved)=38146 MB  highWater=24788 MB
Schwarz(Jacobi)+Bicgstab:  Solving for Ux, Initial residual = 7.879846171133498e-05, Final residual = 4.337157751951241e-06, No Iterations 2, Solve time = 16.655 ms
Schwarz(Jacobi)+Bicgstab:  Solving for Uy, Initial residual = 0.004034708213230645, Final residual = 0.000149167060283365, No Iterations 3, Solve time = 19.54 ms
Schwarz(Jacobi)+Bicgstab:  Solving for Uz, Initial residual = 0.0011163851708600621, Final residual = 7.683238727223789e-05, No Iterations 2, Solve time = 15.861 ms
[mem] after-UEqn: DEVICE_POOL current=19061 MB  actual(reserved)=38146 MB  highWater=24788 MB
config(Cg+Multigrid):  Solving for p, Initial residual = 0.0012929249363980715, Final residual = 1.0418131299615722e-05, No Iterations 7, Solve time = 176.217 ms
time step continuity errors : sum local = 2.615189108493316e-06, global = -6.238527380177159e-08, cumulative = -2.6969827798984687e-07
[mem] after-pEqn: DEVICE_POOL current=19061 MB  actual(reserved)=38146 MB  highWater=24788 MB
Schwarz(Jacobi)+Bicgstab:  Solving for omega, Initial residual = 1.2797425005080286e-05, Final residual = 8.451290862330483e-07, No Iterations 2, Solve time = 14.162 ms
bounding omega, min: -37460.83654455563 max: 45355982.711930364 average: 6374.100452345949
Schwarz(Jacobi)+Bicgstab:  Solving for k, Initial residual = 0.00023975514449701637, Final residual = 1.224957916061795e-05, No Iterations 2, Solve time = 14.3 ms
bounding k, min: -1.600564740875404e-05 max: 893.1493106237829 average: 9.1499625044979
[mem] after-turb: DEVICE_POOL current=19061 MB  actual(reserved)=38146 MB  highWater=24788 MB
ExecutionTime = 73.13 s  ClockTime = 73 s

Time = 1013
[mem] step-start: DEVICE_POOL current=19061 MB  actual(reserved)=38146 MB  highWater=24788 MB
Schwarz(Jacobi)+Bicgstab:  Solving for Ux, Initial residual = 7.884440172342016e-05, Final residual = 4.350259138644979e-06, No Iterations 2, Solve time = 16.474 ms
Schwarz(Jacobi)+Bicgstab:  Solving for Uy, Initial residual = 0.004042232141861099, Final residual = 0.00014384931420106752, No Iterations 3, Solve time = 19.174 ms
Schwarz(Jacobi)+Bicgstab:  Solving for Uz, Initial residual = 0.001115765119536787, Final residual = 7.570165021979721e-05, No Iterations 2, Solve time = 15.941 ms
[mem] after-UEqn: DEVICE_POOL current=19061 MB  actual(reserved)=38146 MB  highWater=24788 MB
config(Cg+Multigrid):  Solving for p, Initial residual = 0.00129578748641251, Final residual = 9.099095425004787e-06, No Iterations 7, Solve time = 178.382 ms
time step continuity errors : sum local = 2.2822636581515997e-06, global = -6.002430278147505e-08, cumulative = -3.297225807713219e-07
[mem] after-pEqn: DEVICE_POOL current=19061 MB  actual(reserved)=38146 MB  highWater=24788 MB
Schwarz(Jacobi)+Bicgstab:  Solving for omega, Initial residual = 1.2803420807801986e-05, Final residual = 8.512194917477733e-07, No Iterations 2, Solve time = 14.27 ms
bounding omega, min: -34983.58401176369 max: 45355982.76310444 average: 6374.006718859023
Schwarz(Jacobi)+Bicgstab:  Solving for k, Initial residual = 0.00024005167238457924, Final residual = 1.1095090417416904e-05, No Iterations 2, Solve time = 14.46 ms
bounding k, min: -0.0023690224971741267 max: 893.3998776358778 average: 9.149403032050081
[mem] after-turb: DEVICE_POOL current=19061 MB  actual(reserved)=38146 MB  highWater=24788 MB
ExecutionTime = 75.77 s  ClockTime = 76 s

Time = 1014
[mem] step-start: DEVICE_POOL current=19061 MB  actual(reserved)=38146 MB  highWater=24788 MB
Schwarz(Jacobi)+Bicgstab:  Solving for Ux, Initial residual = 7.888308453860632e-05, Final residual = 4.428202895457383e-06, No Iterations 2, Solve time = 16.553 ms
Schwarz(Jacobi)+Bicgstab:  Solving for Uy, Initial residual = 0.004053498461034611, Final residual = 0.0001395201834662217, No Iterations 3, Solve time = 19.325 ms
Schwarz(Jacobi)+Bicgstab:  Solving for Uz, Initial residual = 0.0011144054357175878, Final residual = 7.267955352290613e-05, No Iterations 2, Solve time = 15.847 ms
[mem] after-UEqn: DEVICE_POOL current=19061 MB  actual(reserved)=38146 MB  highWater=24788 MB
config(Cg+Multigrid):  Solving for p, Initial residual = 0.0012984522355211148, Final residual = 8.927215372366398e-06, No Iterations 7, Solve time = 179.352 ms
time step continuity errors : sum local = 2.237425298102648e-06, global = -5.554154178623213e-08, cumulative = -3.8526412255755406e-07
[mem] after-pEqn: DEVICE_POOL current=19061 MB  actual(reserved)=38146 MB  highWater=24788 MB
Schwarz(Jacobi)+Bicgstab:  Solving for omega, Initial residual = 1.2780342460454529e-05, Final residual = 8.542733774208206e-07, No Iterations 2, Solve time = 14.384 ms
bounding omega, min: -277695.0564628519 max: 45355982.8008482 average: 6373.857537418809
Schwarz(Jacobi)+Bicgstab:  Solving for k, Initial residual = 0.00024024900779945216, Final residual = 1.3128433302743504e-05, No Iterations 2, Solve time = 14.033 ms
bounding k, min: -0.0003193793885898858 max: 893.049787757352 average: 9.14874664409762
[mem] after-turb: DEVICE_POOL current=19061 MB  actual(reserved)=38146 MB  highWater=24788 MB
ExecutionTime = 78.42 s  ClockTime = 79 s

Time = 1015
[mem] step-start: DEVICE_POOL current=19061 MB  actual(reserved)=38146 MB  highWater=24788 MB
Schwarz(Jacobi)+Bicgstab:  Solving for Ux, Initial residual = 7.892821763180109e-05, Final residual = 4.400258694899483e-06, No Iterations 2, Solve time = 16.397 ms
Schwarz(Jacobi)+Bicgstab:  Solving for Uy, Initial residual = 0.004065779518678888, Final residual = 0.00034389696413426147, No Iterations 2, Solve time = 16.239 ms
Schwarz(Jacobi)+Bicgstab:  Solving for Uz, Initial residual = 0.001112551711792735, Final residual = 7.135177854701793e-05, No Iterations 2, Solve time = 16.122 ms
[mem] after-UEqn: DEVICE_POOL current=19061 MB  actual(reserved)=38146 MB  highWater=24788 MB
config(Cg+Multigrid):  Solving for p, Initial residual = 0.001302910839058192, Final residual = 8.690872319010133e-06, No Iterations 7, Solve time = 181.326 ms
time step continuity errors : sum local = 2.1766760911872058e-06, global = -4.964947515491834e-08, cumulative = -4.349135977124724e-07
[mem] after-pEqn: DEVICE_POOL current=19061 MB  actual(reserved)=38146 MB  highWater=24788 MB
Schwarz(Jacobi)+Bicgstab:  Solving for omega, Initial residual = 1.2844885254997097e-05, Final residual = 8.549861068425027e-07, No Iterations 2, Solve time = 14.167 ms
bounding omega, min: -50927.54546930189 max: 45355982.77975115 average: 6373.664855040501
Schwarz(Jacobi)+Bicgstab:  Solving for k, Initial residual = 0.00024072192813604713, Final residual = 1.3240545237792634e-05, No Iterations 2, Solve time = 14.25 ms
bounding k, min: -0.0012264196744287935 max: 892.5624840949494 average: 9.148021191353532
[mem] after-turb: DEVICE_POOL current=19061 MB  actual(reserved)=38146 MB  highWater=24788 MB
ExecutionTime = 81.06 s  ClockTime = 81 s

Time = 1016
[mem] step-start: DEVICE_POOL current=19061 MB  actual(reserved)=38146 MB  highWater=24788 MB
Schwarz(Jacobi)+Bicgstab:  Solving for Ux, Initial residual = 7.907834953001418e-05, Final residual = 4.544191792059304e-06, No Iterations 2, Solve time = 16.566 ms
Schwarz(Jacobi)+Bicgstab:  Solving for Uy, Initial residual = 0.004061527757266853, Final residual = 0.0001508262591255544, No Iterations 3, Solve time = 19.217 ms
Schwarz(Jacobi)+Bicgstab:  Solving for Uz, Initial residual = 0.0011128547516191466, Final residual = 7.338831721488839e-05, No Iterations 2, Solve time = 15.896 ms
[mem] after-UEqn: DEVICE_POOL current=19061 MB  actual(reserved)=38146 MB  highWater=24788 MB
config(Cg+Multigrid):  Solving for p, Initial residual = 0.001303616194052413, Final residual = 1.2214681902343578e-05, No Iterations 7, Solve time = 183.673 ms
time step continuity errors : sum local = 3.0576704519606264e-06, global = -3.8207853511410664e-08, cumulative = -4.7312145122388305e-07
[mem] after-pEqn: DEVICE_POOL current=19061 MB  actual(reserved)=38146 MB  highWater=24788 MB
Schwarz(Jacobi)+Bicgstab:  Solving for omega, Initial residual = 1.2842064660933758e-05, Final residual = 8.544189692702253e-07, No Iterations 2, Solve time = 14.084 ms
bounding omega, min: -52140.03655380207 max: 45355982.71125488 average: 6373.431242903254
Schwarz(Jacobi)+Bicgstab:  Solving for k, Initial residual = 0.00024104187816214914, Final residual = 1.3578234288477124e-05, No Iterations 2, Solve time = 14.111 ms
bounding k, min: -9.026821976652476e-05 max: 891.6195264990259 average: 9.147345921165947
[mem] after-turb: DEVICE_POOL current=19061 MB  actual(reserved)=38146 MB  highWater=24788 MB
ExecutionTime = 83.73 s  ClockTime = 84 s

Time = 1017
[mem] step-start: DEVICE_POOL current=19061 MB  actual(reserved)=38146 MB  highWater=24788 MB
Schwarz(Jacobi)+Bicgstab:  Solving for Ux, Initial residual = 7.916655368594702e-05, Final residual = 3.8593063088452e-06, No Iterations 2, Solve time = 16.307 ms
Schwarz(Jacobi)+Bicgstab:  Solving for Uy, Initial residual = 0.0040679054807933384, Final residual = 0.00014636567169020798, No Iterations 3, Solve time = 19.346 ms
Schwarz(Jacobi)+Bicgstab:  Solving for Uz, Initial residual = 0.0011124932658761989, Final residual = 7.817895163024061e-05, No Iterations 2, Solve time = 16.4 ms
[mem] after-UEqn: DEVICE_POOL current=19061 MB  actual(reserved)=38146 MB  highWater=24788 MB
config(Cg+Multigrid):  Solving for p, Initial residual = 0.0013013735071171156, Final residual = 9.7486466712313e-06, No Iterations 7, Solve time = 172.426 ms
time step continuity errors : sum local = 2.4396246256871154e-06, global = -3.260017878539866e-08, cumulative = -5.057216300092817e-07
[mem] after-pEqn: DEVICE_POOL current=19061 MB  actual(reserved)=38146 MB  highWater=24788 MB
Schwarz(Jacobi)+Bicgstab:  Solving for omega, Initial residual = 1.2803025784917644e-05, Final residual = 8.503795129099448e-07, No Iterations 2, Solve time = 14.181 ms
bounding omega, min: -53122.42826047644 max: 45355982.633726455 average: 6373.098187536194
Schwarz(Jacobi)+Bicgstab:  Solving for k, Initial residual = 0.00024101843574630768, Final residual = 1.23392357861557e-05, No Iterations 2, Solve time = 14.353 ms
bounding k, min: -0.00390796698625389 max: 890.5195203080425 average: 9.14645924787242
[mem] after-turb: DEVICE_POOL current=19061 MB  actual(reserved)=38146 MB  highWater=24788 MB
ExecutionTime = 86.38 s  ClockTime = 87 s

Time = 1018
[mem] step-start: DEVICE_POOL current=19061 MB  actual(reserved)=38146 MB  highWater=24788 MB
Schwarz(Jacobi)+Bicgstab:  Solving for Ux, Initial residual = 7.904235324461126e-05, Final residual = 2.602174702027015e-06, No Iterations 3, Solve time = 19.682 ms
Schwarz(Jacobi)+Bicgstab:  Solving for Uy, Initial residual = 0.0040793619630795416, Final residual = 0.00014084334843980623, No Iterations 3, Solve time = 19.295 ms
Schwarz(Jacobi)+Bicgstab:  Solving for Uz, Initial residual = 0.0011121197390299856, Final residual = 7.971967322947251e-05, No Iterations 2, Solve time = 16.032 ms
[mem] after-UEqn: DEVICE_POOL current=19061 MB  actual(reserved)=38146 MB  highWater=24788 MB
config(Cg+Multigrid):  Solving for p, Initial residual = 0.0012936244025050546, Final residual = 1.1033380197347569e-05, No Iterations 7, Solve time = 180.689 ms
time step continuity errors : sum local = 2.7605492404648207e-06, global = -2.0879051973820486e-08, cumulative = -5.266006819831021e-07
[mem] after-pEqn: DEVICE_POOL current=19061 MB  actual(reserved)=38146 MB  highWater=24788 MB
Schwarz(Jacobi)+Bicgstab:  Solving for omega, Initial residual = 1.2777981035298589e-05, Final residual = 8.475596057608043e-07, No Iterations 2, Solve time = 14.281 ms
bounding omega, min: -368953.13460657187 max: 45355982.58088764 average: 6372.79672979167
Schwarz(Jacobi)+Bicgstab:  Solving for k, Initial residual = 0.00024107635683078923, Final residual = 1.4050497525716105e-05, No Iterations 2, Solve time = 14.186 ms
bounding k, min: -0.0006644754322946578 max: 889.1439203561948 average: 9.145676519272282
[mem] after-turb: DEVICE_POOL current=19061 MB  actual(reserved)=38146 MB  highWater=24788 MB
ExecutionTime = 89.04000000000001 s  ClockTime = 89 s

Time = 1019
[mem] step-start: DEVICE_POOL current=19061 MB  actual(reserved)=38146 MB  highWater=24788 MB
Schwarz(Jacobi)+Bicgstab:  Solving for Ux, Initial residual = 7.894081681783035e-05, Final residual = 3.601481107225185e-06, No Iterations 2, Solve time = 16.538 ms
Schwarz(Jacobi)+Bicgstab:  Solving for Uy, Initial residual = 0.00409196536086084, Final residual = 0.00014005376389955064, No Iterations 3, Solve time = 19.621 ms
Schwarz(Jacobi)+Bicgstab:  Solving for Uz, Initial residual = 0.001111517868969996, Final residual = 7.895028974689754e-05, No Iterations 2, Solve time = 16.07 ms
[mem] after-UEqn: DEVICE_POOL current=19061 MB  actual(reserved)=38146 MB  highWater=24788 MB
config(Cg+Multigrid):  Solving for p, Initial residual = 0.001295601652921277, Final residual = 1.1956608167750035e-05, No Iterations 7, Solve time = 179.987 ms
time step continuity errors : sum local = 2.9913654110121704e-06, global = -9.233816853830029e-09, cumulative = -5.358344988369322e-07
[mem] after-pEqn: DEVICE_POOL current=19061 MB  actual(reserved)=38146 MB  highWater=24788 MB
Schwarz(Jacobi)+Bicgstab:  Solving for omega, Initial residual = 1.2805209322504503e-05, Final residual = 8.415290059163524e-07, No Iterations 2, Solve time = 14.06 ms
bounding omega, min: -58973.83502887828 max: 45355982.57207275 average: 6372.505001430163
Schwarz(Jacobi)+Bicgstab:  Solving for k, Initial residual = 0.0002413214686985038, Final residual = 1.1072456688688936e-05, No Iterations 2, Solve time = 14.118 ms
bounding k, min: -0.011481588241282342 max: 887.588137353035 average: 9.14497000524852
[mem] after-turb: DEVICE_POOL current=19061 MB  actual(reserved)=38146 MB  highWater=24788 MB
ExecutionTime = 91.7 s  ClockTime = 92 s

Time = 1020
[mem] step-start: DEVICE_POOL current=19061 MB  actual(reserved)=38146 MB  highWater=24788 MB
Schwarz(Jacobi)+Bicgstab:  Solving for Ux, Initial residual = 7.895871221428908e-05, Final residual = 2.6068383232746165e-06, No Iterations 3, Solve time = 19.848 ms
Schwarz(Jacobi)+Bicgstab:  Solving for Uy, Initial residual = 0.004104662893431643, Final residual = 0.0003545365719055494, No Iterations 2, Solve time = 16.427 ms
Schwarz(Jacobi)+Bicgstab:  Solving for Uz, Initial residual = 0.001110909137080759, Final residual = 8.021550771978115e-05, No Iterations 2, Solve time = 16.278 ms
[mem] after-UEqn: DEVICE_POOL current=19061 MB  actual(reserved)=38146 MB  highWater=24788 MB
config(Cg+Multigrid):  Solving for p, Initial residual = 0.00129440336587128, Final residual = 1.26893928350506e-05, No Iterations 7, Solve time = 178.985 ms
time step continuity errors : sum local = 3.1749023384856846e-06, global = 4.063700586182471e-09, cumulative = -5.317707982507497e-07
[mem] after-pEqn: DEVICE_POOL current=19061 MB  actual(reserved)=38146 MB  highWater=24788 MB
Schwarz(Jacobi)+Bicgstab:  Solving for omega, Initial residual = 1.2745015821163917e-05, Final residual = 8.37281979629835e-07, No Iterations 2, Solve time = 13.942 ms
bounding omega, min: -59511.13955586237 max: 45355982.57466383 average: 6372.204893367303
Schwarz(Jacobi)+Bicgstab:  Solving for k, Initial residual = 0.000241363398284752, Final residual = 1.3269245534972838e-05, No Iterations 2, Solve time = 13.965 ms
bounding k, min: -0.003579905501506747 max: 885.9962354968262 average: 9.14417113527811
[mem] after-turb: DEVICE_POOL current=19061 MB  actual(reserved)=38146 MB  highWater=24788 MB
ExecutionTime = 94.34999999999999 s  ClockTime = 95 s

Time = 1021
[mem] step-start: DEVICE_POOL current=19061 MB  actual(reserved)=38146 MB  highWater=24788 MB
Schwarz(Jacobi)+Bicgstab:  Solving for Ux, Initial residual = 7.899400591972528e-05, Final residual = 3.625689767799775e-06, No Iterations 2, Solve time = 16.629 ms
Schwarz(Jacobi)+Bicgstab:  Solving for Uy, Initial residual = 0.004099147266870093, Final residual = 0.00015618815063906926, No Iterations 3, Solve time = 19.289 ms
Schwarz(Jacobi)+Bicgstab:  Solving for Uz, Initial residual = 0.0011124863466156344, Final residual = 8.002622855569527e-05, No Iterations 2, Solve time = 16.381 ms
[mem] after-UEqn: DEVICE_POOL current=19061 MB  actual(reserved)=38146 MB  highWater=24788 MB
config(Cg+Multigrid):  Solving for p, Initial residual = 0.0012955616159538508, Final residual = 1.2257677741813976e-05, No Iterations 7, Solve time = 173.336 ms
time step continuity errors : sum local = 3.0675402879831117e-06, global = 1.4930730493913114e-08, cumulative = -5.168400677568366e-07
[mem] after-pEqn: DEVICE_POOL current=19061 MB  actual(reserved)=38146 MB  highWater=24788 MB
Schwarz(Jacobi)+Bicgstab:  Solving for omega, Initial residual = 1.2824700908624805e-05, Final residual = 8.399752611242021e-07, No Iterations 2, Solve time = 14.3 ms
bounding omega, min: -60345.86010614219 max: 45355982.58250232 average: 6371.907695064759
Schwarz(Jacobi)+Bicgstab:  Solving for k, Initial residual = 0.0002414348841417788, Final residual = 1.3375605660985963e-05, No Iterations 2, Solve time = 14.216 ms
bounding k, min: -0.0036858875092561916 max: 884.3830317204893 average: 9.143411767508551
[mem] after-turb: DEVICE_POOL current=19061 MB  actual(reserved)=38146 MB  highWater=24788 MB
ExecutionTime = 97 s  ClockTime = 97 s

Time = 1022
[mem] step-start: DEVICE_POOL current=19061 MB  actual(reserved)=38146 MB  highWater=24788 MB
Schwarz(Jacobi)+Bicgstab:  Solving for Ux, Initial residual = 7.905513446919643e-05, Final residual = 2.8300825187418617e-06, No Iterations 3, Solve time = 19.819 ms
Schwarz(Jacobi)+Bicgstab:  Solving for Uy, Initial residual = 0.004104196339714709, Final residual = 0.0001492686694563385, No Iterations 3, Solve time = 19.717 ms
Schwarz(Jacobi)+Bicgstab:  Solving for Uz, Initial residual = 0.0011129472741240433, Final residual = 8.058479230473065e-05, No Iterations 2, Solve time = 15.825 ms
[mem] after-UEqn: DEVICE_POOL current=19061 MB  actual(reserved)=38146 MB  highWater=24788 MB
config(Cg+Multigrid):  Solving for p, Initial residual = 0.0012921710940189011, Final residual = 1.0768778907880978e-05, No Iterations 12, Solve time = 265.592 ms
time step continuity errors : sum local = 2.6954475560074075e-06, global = 5.2168551851839894e-08, cumulative = -4.6467151590499666e-07
[mem] after-pEqn: DEVICE_POOL current=19061 MB  actual(reserved)=38146 MB  highWater=24788 MB
Schwarz(Jacobi)+Bicgstab:  Solving for omega, Initial residual = 1.2817849995764818e-05, Final residual = 8.387536182349697e-07, No Iterations 2, Solve time = 14.185 ms
bounding omega, min: -305033.3445352083 max: 45355982.593634024 average: 6371.666506424212
Schwarz(Jacobi)+Bicgstab:  Solving for k, Initial residual = 0.00024155259784180438, Final residual = 1.3308602722897491e-05, No Iterations 2, Solve time = 14.113 ms
bounding k, min: -0.002665862961636501 max: 882.7298309612595 average: 9.14272315842688
[mem] after-turb: DEVICE_POOL current=19061 MB  actual(reserved)=38146 MB  highWater=24788 MB
ExecutionTime = 99.76000000000001 s  ClockTime = 100 s

Time = 1023
[mem] step-start: DEVICE_POOL current=19061 MB  actual(reserved)=38146 MB  highWater=24788 MB
Schwarz(Jacobi)+Bicgstab:  Solving for Ux, Initial residual = 7.903968858050327e-05, Final residual = 3.947795586448718e-06, No Iterations 2, Solve time = 16.568 ms
Schwarz(Jacobi)+Bicgstab:  Solving for Uy, Initial residual = 0.004114472009451129, Final residual = 0.0001430381868940559, No Iterations 3, Solve time = 19.337 ms
Schwarz(Jacobi)+Bicgstab:  Solving for Uz, Initial residual = 0.0011124461731222683, Final residual = 8.073048186664636e-05, No Iterations 2, Solve time = 16.345 ms
[mem] after-UEqn: DEVICE_POOL current=19061 MB  actual(reserved)=38146 MB  highWater=24788 MB
config(Cg+Multigrid):  Solving for p, Initial residual = 0.0012920975688397493, Final residual = 1.0192964093665068e-05, No Iterations 7, Solve time = 174.629 ms
time step continuity errors : sum local = 2.5594300108032467e-06, global = 3.901879519066136e-08, cumulative = -4.256527207143353e-07
[mem] after-pEqn: DEVICE_POOL current=19061 MB  actual(reserved)=38146 MB  highWater=24788 MB
Schwarz(Jacobi)+Bicgstab:  Solving for omega, Initial residual = 1.2787327790667959e-05, Final residual = 8.295347665526777e-07, No Iterations 2, Solve time = 14.168 ms
bounding omega, min: -58972.33326874972 max: 45355982.606328875 average: 6371.4385365991675
Schwarz(Jacobi)+Bicgstab:  Solving for k, Initial residual = 0.00024156243011789444, Final residual = 1.3550257656613082e-05, No Iterations 2, Solve time = 14.345 ms
bounding k, min: -0.0015963050253775639 max: 881.1470993550886 average: 9.14186789616694
[mem] after-turb: DEVICE_POOL current=19061 MB  actual(reserved)=38146 MB  highWater=24788 MB
ExecutionTime = 102.4 s  ClockTime = 103 s

Time = 1024
[mem] step-start: DEVICE_POOL current=19061 MB  actual(reserved)=38146 MB  highWater=24788 MB
Schwarz(Jacobi)+Bicgstab:  Solving for Ux, Initial residual = 7.904370295913241e-05, Final residual = 2.7066982423397712e-06, No Iterations 3, Solve time = 20.054 ms
Schwarz(Jacobi)+Bicgstab:  Solving for Uy, Initial residual = 0.004127582257504171, Final residual = 0.00014284225127128095, No Iterations 3, Solve time = 19.878 ms
Schwarz(Jacobi)+Bicgstab:  Solving for Uz, Initial residual = 0.0011119540112176588, Final residual = 8.12382621653303e-05, No Iterations 2, Solve time = 16.412 ms
[mem] after-UEqn: DEVICE_POOL current=19061 MB  actual(reserved)=38146 MB  highWater=24788 MB
config(Cg+Multigrid):  Solving for p, Initial residual = 0.0012853209720927396, Final residual = 9.654163676112832e-06, No Iterations 7, Solve time = 180.172 ms
time step continuity errors : sum local = 2.423835999234934e-06, global = 4.3236004282418485e-08, cumulative = -3.824167164319168e-07
[mem] after-pEqn: DEVICE_POOL current=19061 MB  actual(reserved)=38146 MB  highWater=24788 MB
Schwarz(Jacobi)+Bicgstab:  Solving for omega, Initial residual = 1.2785417081066289e-05, Final residual = 8.270190272573511e-07, No Iterations 2, Solve time = 14.167 ms
bounding omega, min: -58999.86130183809 max: 45355982.61797113 average: 6371.254286516709
Schwarz(Jacobi)+Bicgstab:  Solving for k, Initial residual = 0.0002417139256896941, Final residual = 1.2533815982267506e-05, No Iterations 2, Solve time = 14.19 ms
bounding k, min: -0.007077568807795087 max: 879.6290168025737 average: 9.14114587510951
[mem] after-turb: DEVICE_POOL current=19061 MB  actual(reserved)=38146 MB  highWater=24788 MB
ExecutionTime = 105.06 s  ClockTime = 105 s

Time = 1025
[mem] step-start: DEVICE_POOL current=19061 MB  actual(reserved)=38146 MB  highWater=24788 MB
Schwarz(Jacobi)+Bicgstab:  Solving for Ux, Initial residual = 7.894711362410364e-05, Final residual = 2.5129642922972564e-06, No Iterations 3, Solve time = 19.894 ms
Schwarz(Jacobi)+Bicgstab:  Solving for Uy, Initial residual = 0.00414066086587406, Final residual = 0.00014500238291589236, No Iterations 3, Solve time = 19.541 ms
Schwarz(Jacobi)+Bicgstab:  Solving for Uz, Initial residual = 0.00111129078823362, Final residual = 7.904690706617602e-05, No Iterations 2, Solve time = 16.052 ms
[mem] after-UEqn: DEVICE_POOL current=19061 MB  actual(reserved)=38146 MB  highWater=24788 MB
config(Cg+Multigrid):  Solving for p, Initial residual = 0.0012842630081199616, Final residual = 8.937753667510722e-06, No Iterations 7, Solve time = 186.661 ms
time step continuity errors : sum local = 2.2432914053299505e-06, global = 4.161029816584731e-08, cumulative = -3.4080641826606953e-07
[mem] after-pEqn: DEVICE_POOL current=19061 MB  actual(reserved)=38146 MB  highWater=24788 MB
Schwarz(Jacobi)+Bicgstab:  Solving for omega, Initial residual = 1.2774624312908896e-05, Final residual = 8.27861516205419e-07, No Iterations 2, Solve time = 14.378 ms
bounding omega, min: -58219.01976742256 max: 45355982.6292931 average: 6371.130274694392
Schwarz(Jacobi)+Bicgstab:  Solving for k, Initial residual = 0.00024177009986455614, Final residual = 2.1427085370126533e-05, No Iterations 2, Solve time = 14.012 ms
bounding k, min: -0.02254892392585245 max: 878.2852251904593 average: 9.140237664635649
[mem] after-turb: DEVICE_POOL current=19061 MB  actual(reserved)=38146 MB  highWater=24788 MB
ExecutionTime = 107.72 s  ClockTime = 108 s

Time = 1026
[mem] step-start: DEVICE_POOL current=19061 MB  actual(reserved)=38146 MB  highWater=24788 MB
Schwarz(Jacobi)+Bicgstab:  Solving for Ux, Initial residual = 7.89025888507706e-05, Final residual = 2.791406559779127e-06, No Iterations 3, Solve time = 19.667 ms
Schwarz(Jacobi)+Bicgstab:  Solving for Uy, Initial residual = 0.004152724763476298, Final residual = 0.00029256784731522187, No Iterations 2, Solve time = 16.262 ms
Schwarz(Jacobi)+Bicgstab:  Solving for Uz, Initial residual = 0.001110540795666303, Final residual = 7.797730501842785e-05, No Iterations 2, Solve time = 16.261 ms
[mem] after-UEqn: DEVICE_POOL current=19061 MB  actual(reserved)=38146 MB  highWater=24788 MB
config(Cg+Multigrid):  Solving for p, Initial residual = 0.001287761591283907, Final residual = 9.280405317304238e-06, No Iterations 7, Solve time = 173.069 ms
time step continuity errors : sum local = 2.3283544221511887e-06, global = 3.42770125423093e-08, cumulative = -3.065294057237602e-07
[mem] after-pEqn: DEVICE_POOL current=19061 MB  actual(reserved)=38146 MB  highWater=24788 MB
Schwarz(Jacobi)+Bicgstab:  Solving for omega, Initial residual = 1.2907642200626394e-05, Final residual = 8.272628284652505e-07, No Iterations 2, Solve time = 14.141 ms
bounding omega, min: -361633.52252792683 max: 45355982.63910679 average: 6370.963689114235
Schwarz(Jacobi)+Bicgstab:  Solving for k, Initial residual = 0.00024291830666749124, Final residual = 1.0049282699530445e-05, No Iterations 2, Solve time = 14.459 ms
bounding k, min: -0.06543758910119651 max: 877.1326081854676 average: 9.139685823225317
[mem] after-turb: DEVICE_POOL current=19061 MB  actual(reserved)=38146 MB  highWater=24788 MB
ExecutionTime = 110.38 s  ClockTime = 111 s

Time = 1027
[mem] step-start: DEVICE_POOL current=19061 MB  actual(reserved)=38146 MB  highWater=24788 MB
Schwarz(Jacobi)+Bicgstab:  Solving for Ux, Initial residual = 7.898033026627346e-05, Final residual = 4.041642723749398e-06, No Iterations 2, Solve time = 16.615 ms
Schwarz(Jacobi)+Bicgstab:  Solving for Uy, Initial residual = 0.004151028861657735, Final residual = 0.000154236709735967, No Iterations 3, Solve time = 19.969 ms
Schwarz(Jacobi)+Bicgstab:  Solving for Uz, Initial residual = 0.0011116999652403653, Final residual = 7.861357537702672e-05, No Iterations 2, Solve time = 16.201 ms
[mem] after-UEqn: DEVICE_POOL current=19061 MB  actual(reserved)=38146 MB  highWater=24788 MB
config(Cg+Multigrid):  Solving for p, Initial residual = 0.00129225069961584, Final residual = 8.507531789135415e-06, No Iterations 7, Solve time = 180.37 ms
time step continuity errors : sum local = 2.13345101644168e-06, global = 2.2263620171006646e-08, cumulative = -2.842657855527536e-07
[mem] after-pEqn: DEVICE_POOL current=19061 MB  actual(reserved)=38146 MB  highWater=24788 MB
Schwarz(Jacobi)+Bicgstab:  Solving for omega, Initial residual = 1.2666629827228354e-05, Final residual = 8.25795964644473e-07, No Iterations 2, Solve time = 14.442 ms
bounding omega, min: -56320.6288928966 max: 45355982.64695698 average: 6370.964016622957
Schwarz(Jacobi)+Bicgstab:  Solving for k, Initial residual = 0.0002430076228475585, Final residual = 6.0627855829961914e-06, No Iterations 3, Solve time = 17.46 ms
bounding k, min: -1.8466004122053414e-08 max: 876.0731846142401 average: 9.139143640582997
[mem] after-turb: DEVICE_POOL current=19061 MB  actual(reserved)=38146 MB  highWater=24788 MB
ExecutionTime = 113.04 s  ClockTime = 114 s

Time = 1028
[mem] step-start: DEVICE_POOL current=19061 MB  actual(reserved)=38146 MB  highWater=24788 MB
Schwarz(Jacobi)+Bicgstab:  Solving for Ux, Initial residual = 7.909993467266715e-05, Final residual = 3.007118403066156e-06, No Iterations 3, Solve time = 19.831 ms
Schwarz(Jacobi)+Bicgstab:  Solving for Uy, Initial residual = 0.004156802046601743, Final residual = 0.00014639482422236725, No Iterations 3, Solve time = 19.577 ms
Schwarz(Jacobi)+Bicgstab:  Solving for Uz, Initial residual = 0.0011124101839505467, Final residual = 7.849657264986625e-05, No Iterations 2, Solve time = 16.184 ms
[mem] after-UEqn: DEVICE_POOL current=19061 MB  actual(reserved)=38146 MB  highWater=24788 MB
config(Cg+Multigrid):  Solving for p, Initial residual = 0.001292173451457451, Final residual = 9.156509458114e-06, No Iterations 7, Solve time = 180.697 ms
time step continuity errors : sum local = 2.2951287287230365e-06, global = 4.707260313785371e-09, cumulative = -2.795585252389682e-07
[mem] after-pEqn: DEVICE_POOL current=19061 MB  actual(reserved)=38146 MB  highWater=24788 MB
Schwarz(Jacobi)+Bicgstab:  Solving for omega, Initial residual = 1.2763722640225155e-05, Final residual = 8.247546723682783e-07, No Iterations 2, Solve time = 14.215 ms
bounding omega, min: -55158.19292985073 max: 45355982.65413171 average: 6370.87076057908
Schwarz(Jacobi)+Bicgstab:  Solving for k, Initial residual = 0.00024205583616596766, Final residual = 1.2779393296423082e-05, No Iterations 2, Solve time = 13.966 ms
[mem] after-turb: DEVICE_POOL current=19061 MB  actual(reserved)=38146 MB  highWater=24788 MB
ExecutionTime = 115.69 s  ClockTime = 116 s

Time = 1029
[mem] step-start: DEVICE_POOL current=19061 MB  actual(reserved)=38146 MB  highWater=24788 MB
Schwarz(Jacobi)+Bicgstab:  Solving for Ux, Initial residual = 7.910795868519378e-05, Final residual = 3.7034700070037866e-06, No Iterations 2, Solve time = 16.527 ms
Schwarz(Jacobi)+Bicgstab:  Solving for Uy, Initial residual = 0.00416741445532921, Final residual = 0.0001389150772048851, No Iterations 3, Solve time = 19.134 ms
Schwarz(Jacobi)+Bicgstab:  Solving for Uz, Initial residual = 0.0011127899657795272, Final residual = 7.881285145397669e-05, No Iterations 2, Solve time = 15.963 ms
[mem] after-UEqn: DEVICE_POOL current=19061 MB  actual(reserved)=38146 MB  highWater=24788 MB
config(Cg+Multigrid):  Solving for p, Initial residual = 0.0012953836194141172, Final residual = 9.399795482112257e-06, No Iterations 7, Solve time = 180.782 ms
time step continuity errors : sum local = 2.3550885362491946e-06, global = -1.5872427366889064e-08, cumulative = -2.9543095260585726e-07
[mem] after-pEqn: DEVICE_POOL current=19061 MB  actual(reserved)=38146 MB  highWater=24788 MB
Schwarz(Jacobi)+Bicgstab:  Solving for omega, Initial residual = 1.2858781516048412e-05, Final residual = 8.271389517585128e-07, No Iterations 2, Solve time = 14.383 ms
bounding omega, min: -55365.93956451502 max: 45355982.6612704 average: 6370.766162353646
Schwarz(Jacobi)+Bicgstab:  Solving for k, Initial residual = 0.00024237845308133866, Final residual = 1.312205538854203e-05, No Iterations 2, Solve time = 14.257 ms
bounding k, min: -0.0001913824379112301 max: 874.3679807330112 average: 9.137728985466856
[mem] after-turb: DEVICE_POOL current=19061 MB  actual(reserved)=38146 MB  highWater=24788 MB
ExecutionTime = 118.35 s  ClockTime = 119 s

Time = 1030
[mem] step-start: DEVICE_POOL current=19061 MB  actual(reserved)=38146 MB  highWater=24788 MB
Schwarz(Jacobi)+Bicgstab:  Solving for Ux, Initial residual = 7.916842226468776e-05, Final residual = 2.6203511298728213e-06, No Iterations 3, Solve time = 19.795 ms
Schwarz(Jacobi)+Bicgstab:  Solving for Uy, Initial residual = 0.004180459609263939, Final residual = 0.000137233250904821, No Iterations 3, Solve time = 19.957 ms
Schwarz(Jacobi)+Bicgstab:  Solving for Uz, Initial residual = 0.0011132597513552889, Final residual = 7.891507797994298e-05, No Iterations 2, Solve time = 15.832 ms
[mem] after-UEqn: DEVICE_POOL current=19061 MB  actual(reserved)=38146 MB  highWater=24788 MB
config(Cg+Multigrid):  Solving for p, Initial residual = 0.0012924973889018034, Final residual = 9.988156343142312e-06, No Iterations 7, Solve time = 181.731 ms
time step continuity errors : sum local = 2.5015312602787005e-06, global = -3.811149411205546e-08, cumulative = -3.335424467179127e-07
[mem] after-pEqn: DEVICE_POOL current=19061 MB  actual(reserved)=38146 MB  highWater=24788 MB
Schwarz(Jacobi)+Bicgstab:  Solving for omega, Initial residual = 1.2840029294549085e-05, Final residual = 8.280021083079139e-07, No Iterations 2, Solve time = 14.319 ms
bounding omega, min: -269964.29366252956 max: 45355982.668748766 average: 6370.701775027364
Schwarz(Jacobi)+Bicgstab:  Solving for k, Initial residual = 0.00024272407468037805, Final residual = 1.3417070070522354e-05, No Iterations 2, Solve time = 14.121 ms
[mem] after-turb: DEVICE_POOL current=19061 MB  actual(reserved)=38146 MB  highWater=24788 MB
ExecutionTime = 121.02 s  ClockTime = 122 s

Time = 1031
[mem] step-start: DEVICE_POOL current=19061 MB  actual(reserved)=38146 MB  highWater=24788 MB
Schwarz(Jacobi)+Bicgstab:  Solving for Ux, Initial residual = 7.913204564309308e-05, Final residual = 3.86937530340755e-06, No Iterations 2, Solve time = 16.149 ms
Schwarz(Jacobi)+Bicgstab:  Solving for Uy, Initial residual = 0.004194645411758164, Final residual = 0.00013893763296326237, No Iterations 3, Solve time = 19.334 ms
Schwarz(Jacobi)+Bicgstab:  Solving for Uz, Initial residual = 0.0011137276070789955, Final residual = 7.915126470034701e-05, No Iterations 2, Solve time = 16.259 ms
[mem] after-UEqn: DEVICE_POOL current=19061 MB  actual(reserved)=38146 MB  highWater=24788 MB
config(Cg+Multigrid):  Solving for p, Initial residual = 0.0012958737788141851, Final residual = 9.745567431864761e-06, No Iterations 7, Solve time = 176.663 ms
time step continuity errors : sum local = 2.439889287837807e-06, global = -6.101668132380881e-08, cumulative = -3.9455912804172153e-07
[mem] after-pEqn: DEVICE_POOL current=19061 MB  actual(reserved)=38146 MB  highWater=24788 MB
Schwarz(Jacobi)+Bicgstab:  Solving for omega, Initial residual = 1.2842771033477104e-05, Final residual = 8.265445020608411e-07, No Iterations 2, Solve time = 14.295 ms
bounding omega, min: -53226.883419626356 max: 45355982.67685692 average: 6370.684558772112
Schwarz(Jacobi)+Bicgstab:  Solving for k, Initial residual = 0.00024326023201763966, Final residual = 1.3966585673745583e-05, No Iterations 2, Solve time = 14.299 ms
[mem] after-turb: DEVICE_POOL current=19061 MB  actual(reserved)=38146 MB  highWater=24788 MB
ExecutionTime = 123.67 s  ClockTime = 124 s

Time = 1032
[mem] step-start: DEVICE_POOL current=19061 MB  actual(reserved)=38146 MB  highWater=24788 MB
Schwarz(Jacobi)+Bicgstab:  Solving for Ux, Initial residual = 7.921922098988274e-05, Final residual = 2.8623225468355992e-06, No Iterations 3, Solve time = 19.917 ms
Schwarz(Jacobi)+Bicgstab:  Solving for Uy, Initial residual = 0.004209331521407404, Final residual = 0.0003577134453646926, No Iterations 2, Solve time = 16.248 ms
Schwarz(Jacobi)+Bicgstab:  Solving for Uz, Initial residual = 0.0011146389272337018, Final residual = 7.868353148293057e-05, No Iterations 2, Solve time = 15.945 ms
[mem] after-UEqn: DEVICE_POOL current=19061 MB  actual(reserved)=38146 MB  highWater=24788 MB
config(Cg+Multigrid):  Solving for p, Initial residual = 0.001298506703779985, Final residual = 1.0850531149523254e-05, No Iterations 7, Solve time = 178.004 ms
time step continuity errors : sum local = 2.7156482926268376e-06, global = -8.055610299572328e-08, cumulative = -4.751152310374448e-07
[mem] after-pEqn: DEVICE_POOL current=19061 MB  actual(reserved)=38146 MB  highWater=24788 MB
Schwarz(Jacobi)+Bicgstab:  Solving for omega, Initial residual = 1.2847123595512225e-05, Final residual = 8.292320794085511e-07, No Iterations 2, Solve time = 14.215 ms
bounding omega, min: -52323.157518616186 max: 45355982.685081534 average: 6370.6415372243155
Schwarz(Jacobi)+Bicgstab:  Solving for k, Initial residual = 0.00024391630158166473, Final residual = 1.4348649399491366e-05, No Iterations 2, Solve time = 14.242 ms
[mem] after-turb: DEVICE_POOL current=19061 MB  actual(reserved)=38146 MB  highWater=24788 MB
ExecutionTime = 126.32 s  ClockTime = 127 s

Time = 1033
[mem] step-start: DEVICE_POOL current=19061 MB  actual(reserved)=38146 MB  highWater=24788 MB
Schwarz(Jacobi)+Bicgstab:  Solving for Ux, Initial residual = 7.93095191269432e-05, Final residual = 4.567660738833293e-06, No Iterations 2, Solve time = 16.48 ms
Schwarz(Jacobi)+Bicgstab:  Solving for Uy, Initial residual = 0.004206077764360426, Final residual = 0.00015788838756036202, No Iterations 3, Solve time = 19.556 ms
Schwarz(Jacobi)+Bicgstab:  Solving for Uz, Initial residual = 0.0011175920335275784, Final residual = 7.871391822184133e-05, No Iterations 2, Solve time = 16.209 ms
[mem] after-UEqn: DEVICE_POOL current=19061 MB  actual(reserved)=38146 MB  highWater=24788 MB
config(Cg+Multigrid):  Solving for p, Initial residual = 0.0012994466412801849, Final residual = 9.886034084073036e-06, No Iterations 7, Solve time = 179.679 ms
time step continuity errors : sum local = 2.473464140776141e-06, global = -1.0225067122239926e-07, cumulative = -5.77365902259844e-07
[mem] after-pEqn: DEVICE_POOL current=19061 MB  actual(reserved)=38146 MB  highWater=24788 MB
Schwarz(Jacobi)+Bicgstab:  Solving for omega, Initial residual = 1.2820897995595573e-05, Final residual = 8.303466996351218e-07, No Iterations 2, Solve time = 14.148 ms
bounding omega, min: -51386.58921442765 max: 45355982.692371264 average: 6370.546584518905
Schwarz(Jacobi)+Bicgstab:  Solving for k, Initial residual = 0.0002443155164159935, Final residual = 1.4425375703233945e-05, No Iterations 2, Solve time = 14.291 ms
bounding k, min: -0.00012511200579929657 max: 872.4999173735715 average: 9.134711930380162
[mem] after-turb: DEVICE_POOL current=19061 MB  actual(reserved)=38146 MB  highWater=24788 MB
ExecutionTime = 128.98 s  ClockTime = 130 s

Time = 1034
[mem] step-start: DEVICE_POOL current=19061 MB  actual(reserved)=38146 MB  highWater=24788 MB
Schwarz(Jacobi)+Bicgstab:  Solving for Ux, Initial residual = 7.933661782345035e-05, Final residual = 2.51038561851383e-06, No Iterations 3, Solve time = 19.736 ms
Schwarz(Jacobi)+Bicgstab:  Solving for Uy, Initial residual = 0.004216952622844829, Final residual = 0.0001468113463224721, No Iterations 3, Solve time = 19.786 ms
Schwarz(Jacobi)+Bicgstab:  Solving for Uz, Initial residual = 0.0011198776440588176, Final residual = 7.814233970888849e-05, No Iterations 2, Solve time = 16.181 ms
[mem] after-UEqn: DEVICE_POOL current=19061 MB  actual(reserved)=38146 MB  highWater=24788 MB
config(Cg+Multigrid):  Solving for p, Initial residual = 0.0012913167111972329, Final residual = 1.0587008650289373e-05, No Iterations 7, Solve time = 181.166 ms
time step continuity errors : sum local = 2.6482902603373024e-06, global = -1.1486166084136627e-07, cumulative = -6.922275631012103e-07
[mem] after-pEqn: DEVICE_POOL current=19061 MB  actual(reserved)=38146 MB  highWater=24788 MB
Schwarz(Jacobi)+Bicgstab:  Solving for omega, Initial residual = 1.2833821950220386e-05, Final residual = 8.342776466409379e-07, No Iterations 2, Solve time = 14.07 ms
bounding omega, min: -215779.03883671525 max: 45355982.69811511 average: 6370.51264870445
Schwarz(Jacobi)+Bicgstab:  Solving for k, Initial residual = 0.0002448905510290171, Final residual = 1.3933426824286283e-05, No Iterations 2, Solve time = 14.531 ms
bounding k, min: -7.07639428301999e-05 max: 872.254307215801 average: 9.133967791612896
[mem] after-turb: DEVICE_POOL current=19061 MB  actual(reserved)=38146 MB  highWater=24788 MB
ExecutionTime = 131.64 s  ClockTime = 132 s

Time = 1035
[mem] step-start: DEVICE_POOL current=19061 MB  actual(reserved)=38146 MB  highWater=24788 MB
Schwarz(Jacobi)+Bicgstab:  Solving for Ux, Initial residual = 7.9256154041195e-05, Final residual = 2.3031103452504733e-06, No Iterations 3, Solve time = 19.892 ms
Schwarz(Jacobi)+Bicgstab:  Solving for Uy, Initial residual = 0.004232416647894682, Final residual = 0.00014273080463685856, No Iterations 3, Solve time = 19.858 ms
Schwarz(Jacobi)+Bicgstab:  Solving for Uz, Initial residual = 0.001121016424984302, Final residual = 7.429066110482499e-05, No Iterations 2, Solve time = 16.355 ms
[mem] after-UEqn: DEVICE_POOL current=19061 MB  actual(reserved)=38146 MB  highWater=24788 MB
config(Cg+Multigrid):  Solving for p, Initial residual = 0.0012899573550461934, Final residual = 1.0192379119129743e-05, No Iterations 7, Solve time = 181.899 ms
time step continuity errors : sum local = 2.5491910269763337e-06, global = -1.2512766238527802e-07, cumulative = -8.173552254864884e-07
[mem] after-pEqn: DEVICE_POOL current=19061 MB  actual(reserved)=38146 MB  highWater=24788 MB
Schwarz(Jacobi)+Bicgstab:  Solving for omega, Initial residual = 1.28426925325079e-05, Final residual = 8.333147981839131e-07, No Iterations 2, Solve time = 14.327 ms
bounding omega, min: -48974.705616175546 max: 45355982.70048473 average: 6370.545883903237
Schwarz(Jacobi)+Bicgstab:  Solving for k, Initial residual = 0.00024541860279760476, Final residual = 1.3625345819097876e-05, No Iterations 2, Solve time = 14.391 ms
bounding k, min: -0.00011998282837968358 max: 872.0561444900709 average: 9.133243625663177
[mem] after-turb: DEVICE_POOL current=19061 MB  actual(reserved)=38146 MB  highWater=24788 MB
ExecutionTime = 134.31 s  ClockTime = 135 s

Time = 1036
[mem] step-start: DEVICE_POOL current=19061 MB  actual(reserved)=38146 MB  highWater=24788 MB
Schwarz(Jacobi)+Bicgstab:  Solving for Ux, Initial residual = 7.924486328019863e-05, Final residual = 2.7721243634711126e-06, No Iterations 3, Solve time = 19.708 ms
Schwarz(Jacobi)+Bicgstab:  Solving for Uy, Initial residual = 0.004249632969068155, Final residual = 0.0001403508367208127, No Iterations 3, Solve time = 19.215 ms
Schwarz(Jacobi)+Bicgstab:  Solving for Uz, Initial residual = 0.0011211364078128501, Final residual = 7.097363959059544e-05, No Iterations 2, Solve time = 16.04 ms
[mem] after-UEqn: DEVICE_POOL current=19061 MB  actual(reserved)=38146 MB  highWater=24788 MB
config(Cg+Multigrid):  Solving for p, Initial residual = 0.001290433234994946, Final residual = 1.0045914284290786e-05, No Iterations 7, Solve time = 178.803 ms
time step continuity errors : sum local = 2.512536807770689e-06, global = -1.2871312877812325e-07, cumulative = -9.460683542646116e-07
[mem] after-pEqn: DEVICE_POOL current=19061 MB  actual(reserved)=38146 MB  highWater=24788 MB
Schwarz(Jacobi)+Bicgstab:  Solving for omega, Initial residual = 1.2856212890636237e-05, Final residual = 8.379669591379504e-07, No Iterations 2, Solve time = 14.421 ms
bounding omega, min: -48312.90551492475 max: 45355982.69807706 average: 6370.563283726576
Schwarz(Jacobi)+Bicgstab:  Solving for k, Initial residual = 0.00024598352854880896, Final residual = 1.3953067528727036e-05, No Iterations 2, Solve time = 14.41 ms
bounding k, min: -4.1760844287489225e-05 max: 871.8989532481924 average: 9.132559088157091
[mem] after-turb: DEVICE_POOL current=19061 MB  actual(reserved)=38146 MB  highWater=24788 MB
ExecutionTime = 136.98 s  ClockTime = 138 s

Time = 1037
[mem] step-start: DEVICE_POOL current=19061 MB  actual(reserved)=38146 MB  highWater=24788 MB
Schwarz(Jacobi)+Bicgstab:  Solving for Ux, Initial residual = 7.929744694599945e-05, Final residual = 3.1046766057418893e-06, No Iterations 3, Solve time = 19.625 ms
Schwarz(Jacobi)+Bicgstab:  Solving for Uy, Initial residual = 0.00426677905670958, Final residual = 0.00014238860450963969, No Iterations 3, Solve time = 19.193 ms
Schwarz(Jacobi)+Bicgstab:  Solving for Uz, Initial residual = 0.0011206843812277664, Final residual = 6.507555111578933e-05, No Iterations 2, Solve time = 15.892 ms
[mem] after-UEqn: DEVICE_POOL current=19061 MB  actual(reserved)=38146 MB  highWater=24788 MB
config(Cg+Multigrid):  Solving for p, Initial residual = 0.0012926427233995782, Final residual = 9.938814611836916e-06, No Iterations 7, Solve time = 178.049 ms
time step continuity errors : sum local = 2.4861813936626497e-06, global = -1.2586202442971615e-07, cumulative = -1.0719303786943279e-06
[mem] after-pEqn: DEVICE_POOL current=19061 MB  actual(reserved)=38146 MB  highWater=24788 MB
Schwarz(Jacobi)+Bicgstab:  Solving for omega, Initial residual = 1.2884483476923361e-05, Final residual = 8.490152416560961e-07, No Iterations 2, Solve time = 14.364 ms
bounding omega, min: -47209.38473188635 max: 45355982.690356545 average: 6370.588110748653
Schwarz(Jacobi)+Bicgstab:  Solving for k, Initial residual = 0.0002465818169409698, Final residual = 1.4050113956110513e-05, No Iterations 2, Solve time = 14.442 ms
bounding k, min: -0.00010786531445034037 max: 871.773302220439 average: 9.131917229916903
[mem] after-turb: DEVICE_POOL current=19061 MB  actual(reserved)=38146 MB  highWater=24788 MB
ExecutionTime = 139.64 s  ClockTime = 140 s

Time = 1038
[mem] step-start: DEVICE_POOL current=19061 MB  actual(reserved)=38146 MB  highWater=24788 MB
Schwarz(Jacobi)+Bicgstab:  Solving for Ux, Initial residual = 7.939630205034137e-05, Final residual = 3.6539631448698603e-06, No Iterations 3, Solve time = 19.885 ms
Schwarz(Jacobi)+Bicgstab:  Solving for Uy, Initial residual = 0.0042831755676781625, Final residual = 0.00014554802931159992, No Iterations 3, Solve time = 19.685 ms
Schwarz(Jacobi)+Bicgstab:  Solving for Uz, Initial residual = 0.0011198100052837972, Final residual = 1.9303762404777922e-05, No Iterations 4, Solve time = 22.897 ms
[mem] after-UEqn: DEVICE_POOL current=19061 MB  actual(reserved)=38146 MB  highWater=24788 MB
config(Cg+Multigrid):  Solving for p, Initial residual = 0.0012937321928105413, Final residual = 9.951254410478871e-06, No Iterations 7, Solve time = 177.078 ms
time step continuity errors : sum local = 2.4901886411868526e-06, global = -1.1706522874689556e-07, cumulative = -1.1889956074412235e-06
[mem] after-pEqn: DEVICE_POOL current=19061 MB  actual(reserved)=38146 MB  highWater=24788 MB
Schwarz(Jacobi)+Bicgstab:  Solving for omega, Initial residual = 1.2905493308963715e-05, Final residual = 8.580800261822529e-07, No Iterations 2, Solve time = 14.241 ms
bounding omega, min: -337289.1272598045 max: 45355982.67793745 average: 6370.596881510555
Schwarz(Jacobi)+Bicgstab:  Solving for k, Initial residual = 0.00024715447867552356, Final residual = 1.4126605517271864e-05, No Iterations 2, Solve time = 14.133 ms
bounding k, min: -0.00019394107206313974 max: 871.6604603731732 average: 9.131321000417303
[mem] after-turb: DEVICE_POOL current=19061 MB  actual(reserved)=38146 MB  highWater=24788 MB
ExecutionTime = 142.3 s  ClockTime = 143 s

Time = 1039
[mem] step-start: DEVICE_POOL current=19061 MB  actual(reserved)=38146 MB  highWater=24788 MB
Schwarz(Jacobi)+Bicgstab:  Solving for Ux, Initial residual = 7.952858118700553e-05, Final residual = 6.740824351759458e-06, No Iterations 2, Solve time = 16.386 ms
Schwarz(Jacobi)+Bicgstab:  Solving for Uy, Initial residual = 0.004297586469775236, Final residual = 0.0003860943178879363, No Iterations 2, Solve time = 16.776 ms
Schwarz(Jacobi)+Bicgstab:  Solving for Uz, Initial residual = 0.001114583075828443, Final residual = 7.782201543821507e-05, No Iterations 2, Solve time = 16.055 ms
[mem] after-UEqn: DEVICE_POOL current=19061 MB  actual(reserved)=38146 MB  highWater=24788 MB
config(Cg+Multigrid):  Solving for p, Initial residual = 0.0013060912538445403, Final residual = 1.0137571092331999e-05, No Iterations 7, Solve time = 180.371 ms
time step continuity errors : sum local = 2.538168326297342e-06, global = -1.0185738064440133e-07, cumulative = -1.2908529880856248e-06
[mem] after-pEqn: DEVICE_POOL current=19061 MB  actual(reserved)=38146 MB  highWater=24788 MB
Schwarz(Jacobi)+Bicgstab:  Solving for omega, Initial residual = 1.2974142115062807e-05, Final residual = 8.718193395149452e-07, No Iterations 2, Solve time = 13.952 ms
bounding omega, min: -45632.74986064448 max: 45355982.66178481 average: 6370.6766997409
Schwarz(Jacobi)+Bicgstab:  Solving for k, Initial residual = 0.00024803869915193926, Final residual = 1.4106873497125376e-05, No Iterations 2, Solve time = 14.218 ms
bounding k, min: -0.0026382857953102176 max: 871.5477439913102 average: 9.13097699924415
[mem] after-turb: DEVICE_POOL current=19061 MB  actual(reserved)=38146 MB  highWater=24788 MB
ExecutionTime = 144.96 s  ClockTime = 146 s

Time = 1040
[mem] step-start: DEVICE_POOL current=19061 MB  actual(reserved)=38146 MB  highWater=24788 MB
Schwarz(Jacobi)+Bicgstab:  Solving for Ux, Initial residual = 7.996990540705649e-05, Final residual = 6.964877727932284e-06, No Iterations 2, Solve time = 16.423 ms
Schwarz(Jacobi)+Bicgstab:  Solving for Uy, Initial residual = 0.00428920293378006, Final residual = 0.0001608284784275885, No Iterations 3, Solve time = 19.33 ms
Schwarz(Jacobi)+Bicgstab:  Solving for Uz, Initial residual = 0.0011187642692764527, Final residual = 7.59533370080177e-05, No Iterations 2, Solve time = 16.274 ms
[mem] after-UEqn: DEVICE_POOL current=19061 MB  actual(reserved)=38146 MB  highWater=24788 MB
config(Cg+Multigrid):  Solving for p, Initial residual = 0.0013077339552067676, Final residual = 9.930326049870303e-06, No Iterations 7, Solve time = 185.336 ms
time step continuity errors : sum local = 2.4878297156594393e-06, global = -8.434156207668978e-08, cumulative = -1.3751945501623145e-06
[mem] after-pEqn: DEVICE_POOL current=19061 MB  actual(reserved)=38146 MB  highWater=24788 MB
Schwarz(Jacobi)+Bicgstab:  Solving for omega, Initial residual = 1.3031493620187237e-05, Final residual = 8.867004742911266e-07, No Iterations 2, Solve time = 14.18 ms
bounding omega, min: -44508.55464918765 max: 45355982.643601894 average: 6370.773733852029
Schwarz(Jacobi)+Bicgstab:  Solving for k, Initial residual = 0.0002487572473766468, Final residual = 1.1736088077135223e-05, No Iterations 2, Solve time = 14.227 ms
bounding k, min: -0.03518310078443343 max: 871.4286749062809 average: 9.131013109333768
[mem] after-turb: DEVICE_POOL current=19061 MB  actual(reserved)=38146 MB  highWater=24788 MB
ExecutionTime = 147.61 s  ClockTime = 148 s

Time = 1041
[mem] step-start: DEVICE_POOL current=19061 MB  actual(reserved)=38146 MB  highWater=24788 MB
Schwarz(Jacobi)+Bicgstab:  Solving for Ux, Initial residual = 8.032650443102479e-05, Final residual = 6.509037371453865e-06, No Iterations 2, Solve time = 16.509 ms
Schwarz(Jacobi)+Bicgstab:  Solving for Uy, Initial residual = 0.004294705102906994, Final residual = 0.00014762121538063324, No Iterations 3, Solve time = 19.441 ms
Schwarz(Jacobi)+Bicgstab:  Solving for Uz, Initial residual = 0.001122314057491112, Final residual = 7.109505901368297e-05, No Iterations 2, Solve time = 16.136 ms
[mem] after-UEqn: DEVICE_POOL current=19061 MB  actual(reserved)=38146 MB  highWater=24788 MB
config(Cg+Multigrid):  Solving for p, Initial residual = 0.0013112424907356604, Final residual = 1.0691524796482102e-05, No Iterations 7, Solve time = 177.386 ms
time step continuity errors : sum local = 2.680274345638985e-06, global = -6.377474501857084e-08, cumulative = -1.4389692951808854e-06
[mem] after-pEqn: DEVICE_POOL current=19061 MB  actual(reserved)=38146 MB  highWater=24788 MB
Schwarz(Jacobi)+Bicgstab:  Solving for omega, Initial residual = 1.3016800353801041e-05, Final residual = 9.040439670343296e-07, No Iterations 2, Solve time = 14.262 ms
bounding omega, min: -44087.533023786265 max: 45355982.62456859 average: 6370.92347411412
Schwarz(Jacobi)+Bicgstab:  Solving for k, Initial residual = 0.0002493468692711947, Final residual = 9.063094226922664e-06, No Iterations 3, Solve time = 17.656 ms
bounding k, min: -4.131040394151992e-05 max: 871.3251878425818 average: 9.131082932376504
[mem] after-turb: DEVICE_POOL current=19061 MB  actual(reserved)=38146 MB  highWater=24788 MB
ExecutionTime = 150.28 s  ClockTime = 151 s

Time = 1042
[mem] step-start: DEVICE_POOL current=19061 MB  actual(reserved)=38146 MB  highWater=24788 MB
Schwarz(Jacobi)+Bicgstab:  Solving for Ux, Initial residual = 8.059886251393373e-05, Final residual = 6.154758314470588e-06, No Iterations 2, Solve time = 16.479 ms
Schwarz(Jacobi)+Bicgstab:  Solving for Uy, Initial residual = 0.00430758433621296, Final residual = 0.0001423838163197139, No Iterations 3, Solve time = 19.489 ms
Schwarz(Jacobi)+Bicgstab:  Solving for Uz, Initial residual = 0.0011250212202190705, Final residual = 9.446908733479495e-05, No Iterations 2, Solve time = 16.54 ms
[mem] after-UEqn: DEVICE_POOL current=19061 MB  actual(reserved)=38146 MB  highWater=24788 MB
config(Cg+Multigrid):  Solving for p, Initial residual = 0.0013286634546289138, Final residual = 1.0130696502395228e-05, No Iterations 7, Solve time = 180.268 ms
time step continuity errors : sum local = 2.5414694409760274e-06, global = -4.818526344684746e-08, cumulative = -1.4871545586277328e-06
[mem] after-pEqn: DEVICE_POOL current=19061 MB  actual(reserved)=38146 MB  highWater=24788 MB
Schwarz(Jacobi)+Bicgstab:  Solving for omega, Initial residual = 1.3145701863268558e-05, Final residual = 9.153797874365402e-07, No Iterations 2, Solve time = 14.252 ms
bounding omega, min: -216595.79930405354 max: 45355982.609818116 average: 6370.953730556476
Schwarz(Jacobi)+Bicgstab:  Solving for k, Initial residual = 0.00024897933771871224, Final residual = 1.3012196583322356e-05, No Iterations 2, Solve time = 14.027 ms
bounding k, min: -0.00012885649293103388 max: 871.2078623152792 average: 9.131048055315455
[mem] after-turb: DEVICE_POOL current=19061 MB  actual(reserved)=38146 MB  highWater=24788 MB
ExecutionTime = 152.94 s  ClockTime = 154 s

Time = 1043
[mem] step-start: DEVICE_POOL current=19061 MB  actual(reserved)=38146 MB  highWater=24788 MB
Schwarz(Jacobi)+Bicgstab:  Solving for Ux, Initial residual = 8.084262783059612e-05, Final residual = 5.54188346288603e-06, No Iterations 2, Solve time = 16.804 ms
Schwarz(Jacobi)+Bicgstab:  Solving for Uy, Initial residual = 0.004329050007944956, Final residual = 0.00014374227236604113, No Iterations 3, Solve time = 20.186 ms
Schwarz(Jacobi)+Bicgstab:  Solving for Uz, Initial residual = 0.001124845911066531, Final residual = 5.026146636680948e-05, No Iterations 3, Solve time = 19.118 ms
[mem] after-UEqn: DEVICE_POOL current=19061 MB  actual(reserved)=38146 MB  highWater=24788 MB
config(Cg+Multigrid):  Solving for p, Initial residual = 0.0013204024662837102, Final residual = 1.021406806315507e-05, No Iterations 7, Solve time = 180.546 ms
time step continuity errors : sum local = 2.564244913656854e-06, global = -3.407205872164328e-08, cumulative = -1.5212266173493761e-06
[mem] after-pEqn: DEVICE_POOL current=19061 MB  actual(reserved)=38146 MB  highWater=24788 MB
Schwarz(Jacobi)+Bicgstab:  Solving for omega, Initial residual = 1.3173766472799623e-05, Final residual = 9.208071091800948e-07, No Iterations 2, Solve time = 14.165 ms
bounding omega, min: -44977.18555225462 max: 45355982.59697087 average: 6370.996156061176
Schwarz(Jacobi)+Bicgstab:  Solving for k, Initial residual = 0.0002495165115103129, Final residual = 1.3839626332456754e-05, No Iterations 2, Solve time = 13.879 ms
bounding k, min: -0.0008500810435543467 max: 871.0682007758196 average: 9.13113644988564
[mem] after-turb: DEVICE_POOL current=19061 MB  actual(reserved)=38146 MB  highWater=24788 MB
ExecutionTime = 155.6 s  ClockTime = 156 s

Time = 1044
[mem] step-start: DEVICE_POOL current=19061 MB  actual(reserved)=38146 MB  highWater=24788 MB
Schwarz(Jacobi)+Bicgstab:  Solving for Ux, Initial residual = 8.096104635438203e-05, Final residual = 5.185805266854086e-06, No Iterations 2, Solve time = 16.258 ms
Schwarz(Jacobi)+Bicgstab:  Solving for Uy, Initial residual = 0.00435089888155217, Final residual = 0.00014806849506293504, No Iterations 3, Solve time = 19.669 ms
Schwarz(Jacobi)+Bicgstab:  Solving for Uz, Initial residual = 0.0011218763693190876, Final residual = 6.059975154252663e-05, No Iterations 3, Solve time = 19.689 ms
[mem] after-UEqn: DEVICE_POOL current=19061 MB  actual(reserved)=38146 MB  highWater=24788 MB
config(Cg+Multigrid):  Solving for p, Initial residual = 0.0013160572605103763, Final residual = 9.000537266424667e-06, No Iterations 7, Solve time = 180.357 ms
time step continuity errors : sum local = 2.260882834543219e-06, global = -2.5316496433955237e-08, cumulative = -1.5465431137833314e-06
[mem] after-pEqn: DEVICE_POOL current=19061 MB  actual(reserved)=38146 MB  highWater=24788 MB
Schwarz(Jacobi)+Bicgstab:  Solving for omega, Initial residual = 1.3197904709989832e-05, Final residual = 9.222755485088664e-07, No Iterations 2, Solve time = 14.547 ms
bounding omega, min: -45225.656092140445 max: 45355982.58802273 average: 6370.980161188207
Schwarz(Jacobi)+Bicgstab:  Solving for k, Initial residual = 0.00025012078774654876, Final residual = 1.5300135337911887e-05, No Iterations 2, Solve time = 14.426 ms
bounding k, min: -0.001460631113944899 max: 870.9095463518158 average: 9.13130664340264
[mem] after-turb: DEVICE_POOL current=19061 MB  actual(reserved)=38146 MB  highWater=24788 MB
ExecutionTime = 158.25 s  ClockTime = 159 s

Time = 1045
[mem] step-start: DEVICE_POOL current=19061 MB  actual(reserved)=38146 MB  highWater=24788 MB
Schwarz(Jacobi)+Bicgstab:  Solving for Ux, Initial residual = 8.102395068937157e-05, Final residual = 5.1001012395607354e-06, No Iterations 2, Solve time = 16.418 ms
Schwarz(Jacobi)+Bicgstab:  Solving for Uy, Initial residual = 0.0043713548415147685, Final residual = 0.0001532204598606494, No Iterations 3, Solve time = 19.63 ms
Schwarz(Jacobi)+Bicgstab:  Solving for Uz, Initial residual = 0.0011236749448079236, Final residual = 6.722762426459976e-05, No Iterations 2, Solve time = 16.192 ms
[mem] after-UEqn: DEVICE_POOL current=19061 MB  actual(reserved)=38146 MB  highWater=24788 MB
config(Cg+Multigrid):  Solving for p, Initial residual = 0.001314537189781099, Final residual = 1.0191115434077447e-05, No Iterations 7, Solve time = 183.922 ms
time step continuity errors : sum local = 2.5607744201416557e-06, global = -2.0447683389483557e-08, cumulative = -1.566990797172815e-06
[mem] after-pEqn: DEVICE_POOL current=19061 MB  actual(reserved)=38146 MB  highWater=24788 MB
Schwarz(Jacobi)+Bicgstab:  Solving for omega, Initial residual = 1.322768060641273e-05, Final residual = 9.276500764287981e-07, No Iterations 2, Solve time = 14.426 ms
bounding omega, min: -45671.82382709805 max: 45355982.582797706 average: 6370.97207006848
Schwarz(Jacobi)+Bicgstab:  Solving for k, Initial residual = 0.00025088630128527594, Final residual = 1.6858655989218112e-05, No Iterations 2, Solve time = 13.945 ms
bounding k, min: -0.0002659976621196689 max: 870.7344026841148 average: 9.131537258939948
[mem] after-turb: DEVICE_POOL current=19061 MB  actual(reserved)=38146 MB  highWater=24788 MB
ExecutionTime = 160.91 s  ClockTime = 162 s

Time = 1046
[mem] step-start: DEVICE_POOL current=19061 MB  actual(reserved)=38146 MB  highWater=24788 MB
Schwarz(Jacobi)+Bicgstab:  Solving for Ux, Initial residual = 8.109648863019961e-05, Final residual = 4.953041058624978e-06, No Iterations 2, Solve time = 16.546 ms
Schwarz(Jacobi)+Bicgstab:  Solving for Uy, Initial residual = 0.004390642911957437, Final residual = 0.00015415581138521447, No Iterations 3, Solve time = 19.502 ms
Schwarz(Jacobi)+Bicgstab:  Solving for Uz, Initial residual = 0.0011279423039142937, Final residual = 5.1356044555636986e-05, No Iterations 3, Solve time = 19.157 ms
[mem] after-UEqn: DEVICE_POOL current=19061 MB  actual(reserved)=38146 MB  highWater=24788 MB
config(Cg+Multigrid):  Solving for p, Initial residual = 0.0013118658149568702, Final residual = 1.0822097448167866e-05, No Iterations 7, Solve time = 179.809 ms
time step continuity errors : sum local = 2.7193964636012877e-06, global = -2.2359640492678564e-08, cumulative = -1.5893504376654935e-06
[mem] after-pEqn: DEVICE_POOL current=19061 MB  actual(reserved)=38146 MB  highWater=24788 MB
Schwarz(Jacobi)+Bicgstab:  Solving for omega, Initial residual = 1.325213239361066e-05, Final residual = 9.278996260854312e-07, No Iterations 2, Solve time = 14.033 ms
bounding omega, min: -186435.4485541395 max: 45355982.58070968 average: 6370.934703974703
Schwarz(Jacobi)+Bicgstab:  Solving for k, Initial residual = 0.0002516177781158366, Final residual = 1.5214605799905662e-05, No Iterations 2, Solve time = 14.325 ms
bounding k, min: -0.0023407786768836966 max: 870.5387985819214 average: 9.13186185599225
[mem] after-turb: DEVICE_POOL current=19061 MB  actual(reserved)=38146 MB  highWater=24788 MB
ExecutionTime = 163.58 s  ClockTime = 164 s

Time = 1047
[mem] step-start: DEVICE_POOL current=19061 MB  actual(reserved)=38146 MB  highWater=24788 MB
Schwarz(Jacobi)+Bicgstab:  Solving for Ux, Initial residual = 8.115303460471165e-05, Final residual = 4.9047505221174885e-06, No Iterations 2, Solve time = 16.738 ms
Schwarz(Jacobi)+Bicgstab:  Solving for Uy, Initial residual = 0.004405980097077342, Final residual = 0.00015339793311701524, No Iterations 3, Solve time = 19.761 ms
Schwarz(Jacobi)+Bicgstab:  Solving for Uz, Initial residual = 0.0011303482355375291, Final residual = 6.110209350343272e-05, No Iterations 2, Solve time = 16.119 ms
[mem] after-UEqn: DEVICE_POOL current=19061 MB  actual(reserved)=38146 MB  highWater=24788 MB
config(Cg+Multigrid):  Solving for p, Initial residual = 0.0013108709806395119, Final residual = 1.1894664324241413e-05, No Iterations 12, Solve time = 271.19 ms
time step continuity errors : sum local = 2.9881082907061862e-06, global = -4.9209583898957766e-08, cumulative = -1.6385600215644513e-06
[mem] after-pEqn: DEVICE_POOL current=19061 MB  actual(reserved)=38146 MB  highWater=24788 MB
Schwarz(Jacobi)+Bicgstab:  Solving for omega, Initial residual = 1.3241368994209036e-05, Final residual = 9.246323532612065e-07, No Iterations 2, Solve time = 14.373 ms
bounding omega, min: -46484.29152289563 max: 45355982.58114112 average: 6370.943474889122
Schwarz(Jacobi)+Bicgstab:  Solving for k, Initial residual = 0.0002519206666937374, Final residual = 1.6098156936220696e-05, No Iterations 2, Solve time = 14.414 ms
bounding k, min: -0.002219672689399134 max: 870.3347031368181 average: 9.132199650409337
[mem] after-turb: DEVICE_POOL current=19061 MB  actual(reserved)=38146 MB  highWater=24788 MB
ExecutionTime = 166.32 s  ClockTime = 167 s

Time = 1048
[mem] step-start: DEVICE_POOL current=19061 MB  actual(reserved)=38146 MB  highWater=24788 MB
Schwarz(Jacobi)+Bicgstab:  Solving for Ux, Initial residual = 8.123048312784645e-05, Final residual = 4.916949216988182e-06, No Iterations 2, Solve time = 16.645 ms
Schwarz(Jacobi)+Bicgstab:  Solving for Uy, Initial residual = 0.004417739803854241, Final residual = 0.00041027300170252203, No Iterations 2, Solve time = 16.473 ms
Schwarz(Jacobi)+Bicgstab:  Solving for Uz, Initial residual = 0.0011331976592247922, Final residual = 5.576739447982206e-05, No Iterations 3, Solve time = 19.718 ms
[mem] after-UEqn: DEVICE_POOL current=19061 MB  actual(reserved)=38146 MB  highWater=24788 MB
config(Cg+Multigrid):  Solving for p, Initial residual = 0.001319649424998927, Final residual = 1.0265272528516468e-05, No Iterations 7, Solve time = 182.726 ms
time step continuity errors : sum local = 2.5692687940964294e-06, global = -5.161910645791567e-08, cumulative = -1.690179128022367e-06
[mem] after-pEqn: DEVICE_POOL current=19061 MB  actual(reserved)=38146 MB  highWater=24788 MB
Schwarz(Jacobi)+Bicgstab:  Solving for omega, Initial residual = 1.3259308507059318e-05, Final residual = 9.184139076808134e-07, No Iterations 2, Solve time = 14.295 ms
bounding omega, min: -46689.04961011407 max: 45355982.58371699 average: 6370.88253819058
Schwarz(Jacobi)+Bicgstab:  Solving for k, Initial residual = 0.00025253425051911305, Final residual = 1.5094373444846132e-05, No Iterations 2, Solve time = 14.173 ms
bounding k, min: -0.005558001242330246 max: 870.1356380404542 average: 9.132514250043302
[mem] after-turb: DEVICE_POOL current=19061 MB  actual(reserved)=38146 MB  highWater=24788 MB
ExecutionTime = 168.98 s  ClockTime = 170 s

Time = 1049
[mem] step-start: DEVICE_POOL current=19061 MB  actual(reserved)=38146 MB  highWater=24788 MB
Schwarz(Jacobi)+Bicgstab:  Solving for Ux, Initial residual = 8.13802657547828e-05, Final residual = 5.00037245047366e-06, No Iterations 2, Solve time = 16.589 ms
Schwarz(Jacobi)+Bicgstab:  Solving for Uy, Initial residual = 0.004406134655822772, Final residual = 0.00016255430119941535, No Iterations 3, Solve time = 19.619 ms
Schwarz(Jacobi)+Bicgstab:  Solving for Uz, Initial residual = 0.0011364743132165145, Final residual = 7.38712832261953e-05, No Iterations 2, Solve time = 16.336 ms
[mem] after-UEqn: DEVICE_POOL current=19061 MB  actual(reserved)=38146 MB  highWater=24788 MB
config(Cg+Multigrid):  Solving for p, Initial residual = 0.0013123779113628348, Final residual = 1.2466223885782984e-05, No Iterations 7, Solve time = 180.649 ms
time step continuity errors : sum local = 3.119247842266796e-06, global = -7.011105649467159e-08, cumulative = -1.7602901845170385e-06
[mem] after-pEqn: DEVICE_POOL current=19061 MB  actual(reserved)=38146 MB  highWater=24788 MB
Schwarz(Jacobi)+Bicgstab:  Solving for omega, Initial residual = 1.3258853200461949e-05, Final residual = 9.215512725227064e-07, No Iterations 2, Solve time = 14.439 ms
bounding omega, min: -46992.7284984746 max: 45355982.588541985 average: 6370.884302937276
Schwarz(Jacobi)+Bicgstab:  Solving for k, Initial residual = 0.0002528487185317414, Final residual = 1.5664098829386072e-05, No Iterations 2, Solve time = 14.095 ms
bounding k, min: -0.0037481785229699915 max: 869.9518694228384 average: 9.13296091964444
[mem] after-turb: DEVICE_POOL current=19061 MB  actual(reserved)=38146 MB  highWater=24788 MB
ExecutionTime = 171.65 s  ClockTime = 173 s

Time = 1050
[mem] step-start: DEVICE_POOL current=19061 MB  actual(reserved)=38146 MB  highWater=24788 MB
Schwarz(Jacobi)+Bicgstab:  Solving for Ux, Initial residual = 8.148246186415886e-05, Final residual = 5.109526529271332e-06, No Iterations 2, Solve time = 16.625 ms
Schwarz(Jacobi)+Bicgstab:  Solving for Uy, Initial residual = 0.004406656004545223, Final residual = 0.00015141843245490165, No Iterations 3, Solve time = 19.339 ms
Schwarz(Jacobi)+Bicgstab:  Solving for Uz, Initial residual = 0.001140776160976781, Final residual = 6.441913382270466e-05, No Iterations 2, Solve time = 16.335 ms
[mem] after-UEqn: DEVICE_POOL current=19061 MB  actual(reserved)=38146 MB  highWater=24788 MB
config(Cg+Multigrid):  Solving for p, Initial residual = 0.001315158330314752, Final residual = 1.131775446941499e-05, No Iterations 7, Solve time = 181.991 ms
time step continuity errors : sum local = 2.830923958080992e-06, global = -9.214392374122357e-08, cumulative = -1.8524341082582621e-06
[mem] after-pEqn: DEVICE_POOL current=19061 MB  actual(reserved)=38146 MB  highWater=24788 MB
Schwarz(Jacobi)+Bicgstab:  Solving for omega, Initial residual = 1.3281913443752544e-05, Final residual = 9.199225819625103e-07, No Iterations 2, Solve time = 14.035 ms
bounding omega, min: -140928.42426862774 max: 45355982.59561472 average: 6370.901413701143
Schwarz(Jacobi)+Bicgstab:  Solving for k, Initial residual = 0.0002532370898418489, Final residual = 1.5366821733474473e-05, No Iterations 2, Solve time = 14.118 ms
bounding k, min: -0.00861719706362847 max: 869.7916887085714 average: 9.13344378486917
[mem] after-turb: DEVICE_POOL current=19061 MB  actual(reserved)=38146 MB  highWater=24788 MB
Writing p
Writing U
Writing turbulence variables
ExecutionTime = 175.52 s  ClockTime = 178 s

Finalizing NeoN
Finalising parallel run
