/*---------------------------------------------------------------------------*\
| =========                 |                                                 |
| \\      /  F ield         | OpenFOAM: The Open Source CFD Toolbox           |
|  \\    /   O peration     | Version:  2506                                  |
|   \\  /    A nd           | Website:  www.openfoam.com                      |
|    \\/     M anipulation  |                                                 |
\*---------------------------------------------------------------------------*/
Build  : b050cd9480-20250814 OPENFOAM=2506 version=v2506
Arch   : "LSB;label=32;scalar=64"
Exec   : /storage/home/greole/code/NeoFOAM/build/profilingnvidia_h200/bin/neoSimpleFoam -parallel
Date   : Jul 21 2026
Time   : 08:42:33
Host   : gpu-nvidia-h200-3.int.coma-cluster.de
PID    : 2217749
I/O    : uncollated
Case   : /storage/home/greole/code/NeoFOAM/occDrivAerStaticMesh
nProcs : 4
Hosts  :
(
    (gpu-nvidia-h200-3.int.coma-cluster.de 4)
)
Pstream initialized with:
    node communication : off [type=host] (4 ranks, 1 nodes)
    topology controls  : none
    consensus exchange : 0 (tuning: 0)
    exchange algorithm : 0
    commsType          : nonBlocking
    polling iterations : 0
trapFpe: Floating point exception trapping enabled (FOAM_SIGFPE).
fileModificationChecking : Monitoring run-time modified files using timeStampMaster (fileModificationSkew 5, maxFileModificationPolls 20)
allowSystemOperations : Allowing user-supplied system call operations

// * * * * * * * * * * * * * * * * * * * * * * * * * * * * * * * * * * * * * //
Create time

Initializing NeoN
Creating Executor GPU
Creating NeoFOAM runTime

SIMPLE: no convergence criteria found. Calculations will run for 50 steps.

Reading field p

Reading field U

Reading/calculating face flux field phi

Selecting incompressible transport model Newtonian
NeoFOAM solver config (from fvSolution configFile) for 'config(Cg+Multigrid)':
{
    cacheSolver: true
    configFile: <NeoN::TokenList>
    l1ScaledResidual: true
    preconditionerRebuildInterval: 0
    relTol: 0.010000
    reportName: config(Cg+Multigrid)
    solver: Ginkgo
    tolerance: 0.000000
}
    effective optimize: false
    effective checkFrequency: 1
Mapping OpenFOAM solver settings to NeoN settings.
Currently, it is advisable to specify a configFile
for fine grained Ginkgo solver control

Replacing solver PBiCGStab by solver::Bicgstab
Replacing preconditioner diagonal by preconditioner::Schwarz (Schwarz-wrapped for distributed run)
NeoFOAM solver config (mapped from fvSolution) for 'Schwarz(Jacobi)+Bicgstab':
{
    cacheSolver: true
    criteria: {
        absolute_residual_norm: 0.000000
        initial_residual_norm: 0.100000
        iteration: 1000
    }
    l1ScaledResidual: true
    optimize: false
    preconditioner: {
        local_solver: {
            max_block_size: 1
            type: preconditioner::Jacobi
        }
        type: preconditioner::Schwarz
    }
    reportName: Schwarz(Jacobi)+Bicgstab
    solver: Ginkgo
    type: solver::Bicgstab
}
    effective optimize: false
    effective checkFrequency: 1
Creating phi


[NF][/storage/home/greole/code/NeoFOAM/include/NeoFOAM/auxiliary/readers.hpp::423]: Internal: 49320882, Boundary: 1762558
[NF][/storage/home/greole/code/NeoFOAM/include/NeoFOAM/auxiliary/readers.hpp::423]: Internal: 49333487, Boundary: 1754396

[NF][/storage/home/greole/code/NeoFOAM/include/NeoFOAM/auxiliary/readers.hpp::423]: Internal: 49261542, Boundary: 1427829

[NF][/storage/home/greole/code/NeoFOAM/include/NeoFOAM/auxiliary/readers.hpp::423]: Internal: 49243125, Boundary: 1362247
Selecting patchDistMethod meshWave
Mapping OpenFOAM solver settings to NeoN settings.
Currently, it is advisable to specify a configFile
for fine grained Ginkgo solver control

Replacing solver PBiCGStab by solver::Bicgstab
Replacing preconditioner diagonal by preconditioner::Schwarz (Schwarz-wrapped for distributed run)
NeoFOAM solver config (mapped from fvSolution) for 'Schwarz(Jacobi)+Bicgstab':
{
    cacheSolver: true
    criteria: {
        absolute_residual_norm: 0.000000
        initial_residual_norm: 0.100000
        iteration: 1000
    }
    l1ScaledResidual: true
    optimize: false
    preconditioner: {
        local_solver: {
            max_block_size: 1
            type: preconditioner::Jacobi
        }
        type: preconditioner::Schwarz
    }
    reportName: Schwarz(Jacobi)+Bicgstab
    solver: Ginkgo
    type: solver::Bicgstab
}
    effective optimize: false
    effective checkFrequency: 1
Mapping OpenFOAM solver settings to NeoN settings.
Currently, it is advisable to specify a configFile
for fine grained Ginkgo solver control

Replacing solver PBiCGStab by solver::Bicgstab
Replacing preconditioner diagonal by preconditioner::Schwarz (Schwarz-wrapped for distributed run)
NeoFOAM solver config (mapped from fvSolution) for 'Schwarz(Jacobi)+Bicgstab':
{
    cacheSolver: true
    criteria: {
        absolute_residual_norm: 0.000000
        initial_residual_norm: 0.100000
        iteration: 1000
    }
    l1ScaledResidual: true
    optimize: false
    preconditioner: {
        local_solver: {
            max_block_size: 1
            type: preconditioner::Jacobi
        }
        type: preconditioner::Schwarz
    }
    reportName: Schwarz(Jacobi)+Bicgstab
    solver: Ginkgo
    type: solver::Bicgstab
}
    effective optimize: false
    effective checkFrequency: 1
Starting time loop
Time = 1001
[mem] step-start: DEVICE_POOL current=12979 MB  actual(reserved)=38146 MB  highWater=19132 MB
Schwarz(Jacobi)+Bicgstab:  Solving for Ux, Initial residual = 7.915631151210257e-05, Final residual = 3.117777853246811e-06, No Iterations 3, Solve time = 44.042 ms
Schwarz(Jacobi)+Bicgstab:  Solving for Uy, Initial residual = 0.004031295874140797, Final residual = 0.00014165332775768278, No Iterations 3, Solve time = 19.556 ms
Schwarz(Jacobi)+Bicgstab:  Solving for Uz, Initial residual = 0.0011223325614447873, Final residual = 4.8814207362871595e-05, No Iterations 3, Solve time = 19.159 ms
[mem] after-UEqn: DEVICE_POOL current=15408 MB  actual(reserved)=38146 MB  highWater=20761 MB
config(Cg+Multigrid):  Solving for p, Initial residual = 0.0013061677652834542, Final residual = 1.0021287290708919e-05, No Iterations 7, Solve time = 150.962 ms
time step continuity errors : sum local = 2.5307054254516005e-06, global = 2.616947547868114e-08, cumulative = 2.616947547868114e-08
[mem] after-pEqn: DEVICE_POOL current=16877 MB  actual(reserved)=38146 MB  highWater=20761 MB
Schwarz(Jacobi)+Bicgstab:  Solving for omega, Initial residual = 1.3376003918809393e-05, Final residual = 8.340972273145492e-07, No Iterations 2, Solve time = 16.836 ms
bounding omega, min: -36172.591481345844 max: 45355982.77767277 average: 6373.36536161022
Schwarz(Jacobi)+Bicgstab:  Solving for k, Initial residual = 0.00024227551947935937, Final residual = 2.369528884574744e-05, No Iterations 2, Solve time = 16.057 ms
bounding k, min: -0.06719181875237883 max: 939.9193710741002 average: 9.153222047818971
[mem] after-turb: DEVICE_POOL current=19061 MB  actual(reserved)=38146 MB  highWater=21870 MB
ExecutionTime = 43.86 s  ClockTime = 44 s

Time = 1002
[mem] step-start: DEVICE_POOL current=19061 MB  actual(reserved)=38146 MB  highWater=21870 MB
Schwarz(Jacobi)+Bicgstab:  Solving for Ux, Initial residual = 7.875041725565898e-05, Final residual = 2.9932285486785973e-06, No Iterations 3, Solve time = 19.417 ms
Schwarz(Jacobi)+Bicgstab:  Solving for Uy, Initial residual = 0.004033552946209216, Final residual = 0.00014043565031065578, No Iterations 3, Solve time = 19.774 ms
Schwarz(Jacobi)+Bicgstab:  Solving for Uz, Initial residual = 0.0011190669582923235, Final residual = 4.07555982295645e-05, No Iterations 3, Solve time = 19.586 ms
[mem] after-UEqn: DEVICE_POOL current=19061 MB  actual(reserved)=38146 MB  highWater=24788 MB
config(Cg+Multigrid):  Solving for p, Initial residual = 0.001276773484318518, Final residual = 1.0379504391951063e-05, No Iterations 7, Solve time = 167.829 ms
time step continuity errors : sum local = 2.6237167744132462e-06, global = 1.1431449363708658e-08, cumulative = 3.76009248423898e-08
[mem] after-pEqn: DEVICE_POOL current=19061 MB  actual(reserved)=38146 MB  highWater=24788 MB
Schwarz(Jacobi)+Bicgstab:  Solving for omega, Initial residual = 1.2813506142019294e-05, Final residual = 8.602740817730707e-07, No Iterations 2, Solve time = 14.203 ms
bounding omega, min: -94279.43037564914 max: 45355982.84773153 average: 6373.635762264058
Schwarz(Jacobi)+Bicgstab:  Solving for k, Initial residual = 0.0002417737488215059, Final residual = 8.011811979516403e-06, No Iterations 3, Solve time = 17.466 ms
bounding k, min: -0.0001992452345811124 max: 933.2064799245396 average: 9.152818097878292
[mem] after-turb: DEVICE_POOL current=19061 MB  actual(reserved)=38146 MB  highWater=24788 MB
ExecutionTime = 46.52 s  ClockTime = 47 s

Time = 1003
[mem] step-start: DEVICE_POOL current=19061 MB  actual(reserved)=38146 MB  highWater=24788 MB
Schwarz(Jacobi)+Bicgstab:  Solving for Ux, Initial residual = 7.857984608882282e-05, Final residual = 2.4117459984400653e-06, No Iterations 3, Solve time = 19.777 ms
Schwarz(Jacobi)+Bicgstab:  Solving for Uy, Initial residual = 0.00403047551533388, Final residual = 0.00013671500943652113, No Iterations 3, Solve time = 19.844 ms
Schwarz(Jacobi)+Bicgstab:  Solving for Uz, Initial residual = 0.0011175588036701327, Final residual = 7.241011331360085e-05, No Iterations 2, Solve time = 16.112 ms
[mem] after-UEqn: DEVICE_POOL current=19061 MB  actual(reserved)=38146 MB  highWater=24788 MB
config(Cg+Multigrid):  Solving for p, Initial residual = 0.001267657106889628, Final residual = 1.0864795030508078e-05, No Iterations 7, Solve time = 165.198 ms
time step continuity errors : sum local = 2.7466436483740494e-06, global = -8.566722250230704e-10, cumulative = 3.674425261736673e-08
[mem] after-pEqn: DEVICE_POOL current=19061 MB  actual(reserved)=38146 MB  highWater=24788 MB
Schwarz(Jacobi)+Bicgstab:  Solving for omega, Initial residual = 1.3129131404159452e-05, Final residual = 8.375690767156475e-07, No Iterations 2, Solve time = 14.235 ms
bounding omega, min: -36319.68831129041 max: 45355982.931239665 average: 6373.323365852008
Schwarz(Jacobi)+Bicgstab:  Solving for k, Initial residual = 0.0002396989344746438, Final residual = 7.1861005205445955e-06, No Iterations 3, Solve time = 17.402 ms
bounding k, min: -4.683436209168784e-06 max: 922.2304118994024 average: 9.152671993407957
[mem] after-turb: DEVICE_POOL current=19061 MB  actual(reserved)=38146 MB  highWater=24788 MB
ExecutionTime = 49.18 s  ClockTime = 49 s

Time = 1004
[mem] step-start: DEVICE_POOL current=19061 MB  actual(reserved)=38146 MB  highWater=24788 MB
Schwarz(Jacobi)+Bicgstab:  Solving for Ux, Initial residual = 7.84898521019135e-05, Final residual = 2.05165380520245e-06, No Iterations 3, Solve time = 19.957 ms
Schwarz(Jacobi)+Bicgstab:  Solving for Uy, Initial residual = 0.0040255828708565386, Final residual = 0.0001330586791034945, No Iterations 3, Solve time = 19.277 ms
Schwarz(Jacobi)+Bicgstab:  Solving for Uz, Initial residual = 0.0011194097513716993, Final residual = 6.175727046099377e-05, No Iterations 2, Solve time = 16.335 ms
[mem] after-UEqn: DEVICE_POOL current=19061 MB  actual(reserved)=38146 MB  highWater=24788 MB
config(Cg+Multigrid):  Solving for p, Initial residual = 0.0012683681752738514, Final residual = 1.1701031621772172e-05, No Iterations 7, Solve time = 163.799 ms
time step continuity errors : sum local = 2.956838675478813e-06, global = -1.2607634477236438e-08, cumulative = 2.413661814013029e-08
[mem] after-pEqn: DEVICE_POOL current=19061 MB  actual(reserved)=38146 MB  highWater=24788 MB
Schwarz(Jacobi)+Bicgstab:  Solving for omega, Initial residual = 1.2897963162421798e-05, Final residual = 8.337370163010906e-07, No Iterations 2, Solve time = 14.145 ms
bounding omega, min: -34007.092013115536 max: 45355983.01388228 average: 6373.382122755011
Schwarz(Jacobi)+Bicgstab:  Solving for k, Initial residual = 0.00023931750338293382, Final residual = 1.3490563039211504e-05, No Iterations 2, Solve time = 14.353 ms
bounding k, min: -2.2378990981521328e-05 max: 907.7965001759568 average: 9.152413874929206
[mem] after-turb: DEVICE_POOL current=19061 MB  actual(reserved)=38146 MB  highWater=24788 MB
ExecutionTime = 51.83 s  ClockTime = 52 s

Time = 1005
[mem] step-start: DEVICE_POOL current=19061 MB  actual(reserved)=38146 MB  highWater=24788 MB
Schwarz(Jacobi)+Bicgstab:  Solving for Ux, Initial residual = 7.841467292549675e-05, Final residual = 3.889729571205794e-06, No Iterations 2, Solve time = 16.609 ms
Schwarz(Jacobi)+Bicgstab:  Solving for Uy, Initial residual = 0.004022013678388001, Final residual = 0.0002491456269772614, No Iterations 2, Solve time = 16.031 ms
Schwarz(Jacobi)+Bicgstab:  Solving for Uz, Initial residual = 0.0011189124125648502, Final residual = 5.845229908547876e-05, No Iterations 3, Solve time = 19.895 ms
[mem] after-UEqn: DEVICE_POOL current=19061 MB  actual(reserved)=38146 MB  highWater=24788 MB
config(Cg+Multigrid):  Solving for p, Initial residual = 0.0012772464900708807, Final residual = 1.273857764400204e-05, No Iterations 7, Solve time = 165.423 ms
time step continuity errors : sum local = 3.2169703729415635e-06, global = -2.089045253314153e-08, cumulative = 3.2461656069887576e-09
[mem] after-pEqn: DEVICE_POOL current=19061 MB  actual(reserved)=38146 MB  highWater=24788 MB
Schwarz(Jacobi)+Bicgstab:  Solving for omega, Initial residual = 1.2878643485282618e-05, Final residual = 8.413188709149525e-07, No Iterations 2, Solve time = 14.294 ms
bounding omega, min: -32771.19737635756 max: 45355983.07835648 average: 6373.525780834603
Schwarz(Jacobi)+Bicgstab:  Solving for k, Initial residual = 0.000239813021315654, Final residual = 1.8840031889240634e-05, No Iterations 2, Solve time = 14.165 ms
bounding k, min: -1.2691303321196132e-05 max: 897.6561745090268 average: 9.152597268447943
[mem] after-turb: DEVICE_POOL current=19061 MB  actual(reserved)=38146 MB  highWater=24788 MB
ExecutionTime = 54.48 s  ClockTime = 55 s

Time = 1006
[mem] step-start: DEVICE_POOL current=19061 MB  actual(reserved)=38146 MB  highWater=24788 MB
Schwarz(Jacobi)+Bicgstab:  Solving for Ux, Initial residual = 7.847888765643539e-05, Final residual = 4.260827508946832e-06, No Iterations 2, Solve time = 16.426 ms
Schwarz(Jacobi)+Bicgstab:  Solving for Uy, Initial residual = 0.004012675845255026, Final residual = 0.00015340696913357417, No Iterations 3, Solve time = 19.514 ms
Schwarz(Jacobi)+Bicgstab:  Solving for Uz, Initial residual = 0.001121033244913368, Final residual = 6.957445386176824e-05, No Iterations 2, Solve time = 16.366 ms
[mem] after-UEqn: DEVICE_POOL current=19061 MB  actual(reserved)=38146 MB  highWater=24788 MB
config(Cg+Multigrid):  Solving for p, Initial residual = 0.001281041436883815, Final residual = 1.1884884946978119e-05, No Iterations 9, Solve time = 193.778 ms
time step continuity errors : sum local = 2.999244958183995e-06, global = -2.747025690004519e-08, cumulative = -2.422409129305643e-08
[mem] after-pEqn: DEVICE_POOL current=19061 MB  actual(reserved)=38146 MB  highWater=24788 MB
Schwarz(Jacobi)+Bicgstab:  Solving for omega, Initial residual = 1.2527231944291756e-05, Final residual = 8.433174965633376e-07, No Iterations 2, Solve time = 14.406 ms
bounding omega, min: -129614.76162390978 max: 45355983.124275014 average: 6373.703206828179
Schwarz(Jacobi)+Bicgstab:  Solving for k, Initial residual = 0.00023927484580826293, Final residual = 6.755722456223854e-06, No Iterations 3, Solve time = 18.113 ms
bounding k, min: -6.36717926548732e-06 max: 893.107904714116 average: 9.152397952317255
[mem] after-turb: DEVICE_POOL current=19061 MB  actual(reserved)=38146 MB  highWater=24788 MB
ExecutionTime = 57.16 s  ClockTime = 57 s

Time = 1007
[mem] step-start: DEVICE_POOL current=19061 MB  actual(reserved)=38146 MB  highWater=24788 MB
Schwarz(Jacobi)+Bicgstab:  Solving for Ux, Initial residual = 7.853586246331465e-05, Final residual = 4.309074341834951e-06, No Iterations 2, Solve time = 16.549 ms
Schwarz(Jacobi)+Bicgstab:  Solving for Uy, Initial residual = 0.004011098344387081, Final residual = 0.00014180116462196186, No Iterations 3, Solve time = 19.446 ms
Schwarz(Jacobi)+Bicgstab:  Solving for Uz, Initial residual = 0.0011224238168704964, Final residual = 5.962030039605265e-05, No Iterations 2, Solve time = 16.705 ms
[mem] after-UEqn: DEVICE_POOL current=19061 MB  actual(reserved)=38146 MB  highWater=24788 MB
config(Cg+Multigrid):  Solving for p, Initial residual = 0.0012857046497810052, Final residual = 1.1397890613636203e-05, No Iterations 9, Solve time = 195.094 ms
time step continuity errors : sum local = 2.872606763301222e-06, global = -2.8480341388906198e-08, cumulative = -5.270443268196263e-08
[mem] after-pEqn: DEVICE_POOL current=19061 MB  actual(reserved)=38146 MB  highWater=24788 MB
Schwarz(Jacobi)+Bicgstab:  Solving for omega, Initial residual = 1.2907858601565771e-05, Final residual = 8.398901432639037e-07, No Iterations 2, Solve time = 14.298 ms
bounding omega, min: -36746.88019566006 max: 45355983.11560613 average: 6373.878375281712
Schwarz(Jacobi)+Bicgstab:  Solving for k, Initial residual = 0.00023832359171938267, Final residual = 1.1486047493541348e-05, No Iterations 2, Solve time = 14.228 ms
bounding k, min: -0.0003140732228210299 max: 892.0673172660496 average: 9.152068504493458
[mem] after-turb: DEVICE_POOL current=19061 MB  actual(reserved)=38146 MB  highWater=24788 MB
ExecutionTime = 59.85 s  ClockTime = 60 s

Time = 1008
[mem] step-start: DEVICE_POOL current=19061 MB  actual(reserved)=38146 MB  highWater=24788 MB
Schwarz(Jacobi)+Bicgstab:  Solving for Ux, Initial residual = 7.858511131408488e-05, Final residual = 4.3209169692015765e-06, No Iterations 2, Solve time = 18.194 ms
Schwarz(Jacobi)+Bicgstab:  Solving for Uy, Initial residual = 0.0040168108751969436, Final residual = 0.00024842295725081593, No Iterations 2, Solve time = 16.07 ms
Schwarz(Jacobi)+Bicgstab:  Solving for Uz, Initial residual = 0.0011197367490185033, Final residual = 9.839463064566276e-05, No Iterations 3, Solve time = 19.884 ms
[mem] after-UEqn: DEVICE_POOL current=19061 MB  actual(reserved)=38146 MB  highWater=24788 MB
config(Cg+Multigrid):  Solving for p, Initial residual = 0.0012847757239220468, Final residual = 1.166151042054254e-05, No Iterations 7, Solve time = 164.055 ms
time step continuity errors : sum local = 2.9362310525362866e-06, global = -3.0107997238782985e-08, cumulative = -8.281242992074561e-08
[mem] after-pEqn: DEVICE_POOL current=19061 MB  actual(reserved)=38146 MB  highWater=24788 MB
Schwarz(Jacobi)+Bicgstab:  Solving for omega, Initial residual = 1.2887312117408547e-05, Final residual = 8.387702526237988e-07, No Iterations 2, Solve time = 14.059 ms
bounding omega, min: -33635.59926862868 max: 45355983.05352089 average: 6373.991307500223
Schwarz(Jacobi)+Bicgstab:  Solving for k, Initial residual = 0.0002385138641976504, Final residual = 1.1259442975999417e-05, No Iterations 2, Solve time = 13.989 ms
bounding k, min: -2.0328751072810614e-05 max: 891.175332664771 average: 9.151772596733808
[mem] after-turb: DEVICE_POOL current=19061 MB  actual(reserved)=38146 MB  highWater=24788 MB
ExecutionTime = 62.51 s  ClockTime = 63 s

Time = 1009
[mem] step-start: DEVICE_POOL current=19061 MB  actual(reserved)=38146 MB  highWater=24788 MB
Schwarz(Jacobi)+Bicgstab:  Solving for Ux, Initial residual = 7.862867046176549e-05, Final residual = 4.3058550269984696e-06, No Iterations 2, Solve time = 16.417 ms
Schwarz(Jacobi)+Bicgstab:  Solving for Uy, Initial residual = 0.004015874084129941, Final residual = 0.00015114458383023768, No Iterations 3, Solve time = 19.191 ms
Schwarz(Jacobi)+Bicgstab:  Solving for Uz, Initial residual = 0.0011227238830600948, Final residual = 7.288245591293147e-05, No Iterations 2, Solve time = 15.952 ms
[mem] after-UEqn: DEVICE_POOL current=19061 MB  actual(reserved)=38146 MB  highWater=24788 MB
config(Cg+Multigrid):  Solving for p, Initial residual = 0.0012842157398052396, Final residual = 1.1948615395558146e-05, No Iterations 7, Solve time = 162.114 ms
time step continuity errors : sum local = 3.0079042836072155e-06, global = -3.0013998763291736e-08, cumulative = -1.1282642868403735e-07
[mem] after-pEqn: DEVICE_POOL current=19061 MB  actual(reserved)=38146 MB  highWater=24788 MB
Schwarz(Jacobi)+Bicgstab:  Solving for omega, Initial residual = 1.284334245917109e-05, Final residual = 8.438674364282132e-07, No Iterations 2, Solve time = 14.255 ms
bounding omega, min: -33737.241428870424 max: 45355982.91986625 average: 6374.089692327609
Schwarz(Jacobi)+Bicgstab:  Solving for k, Initial residual = 0.00023882824644919353, Final residual = 1.12251006719467e-05, No Iterations 2, Solve time = 14.189 ms
bounding k, min: -0.000241804167546134 max: 891.9886687025205 average: 9.151431759824485
[mem] after-turb: DEVICE_POOL current=19061 MB  actual(reserved)=38146 MB  highWater=24788 MB
ExecutionTime = 65.14 s  ClockTime = 65 s

Time = 1010
[mem] step-start: DEVICE_POOL current=19061 MB  actual(reserved)=38146 MB  highWater=24788 MB
Schwarz(Jacobi)+Bicgstab:  Solving for Ux, Initial residual = 7.865800836800577e-05, Final residual = 4.312212989217328e-06, No Iterations 2, Solve time = 16.666 ms
Schwarz(Jacobi)+Bicgstab:  Solving for Uy, Initial residual = 0.004022705982189815, Final residual = 0.00014430110055973927, No Iterations 3, Solve time = 19.152 ms
Schwarz(Jacobi)+Bicgstab:  Solving for Uz, Initial residual = 0.0011215431024549731, Final residual = 6.190788293395142e-05, No Iterations 2, Solve time = 15.872 ms
[mem] after-UEqn: DEVICE_POOL current=19061 MB  actual(reserved)=38146 MB  highWater=24788 MB
config(Cg+Multigrid):  Solving for p, Initial residual = 0.001287404521375282, Final residual = 1.222096290693582e-05, No Iterations 7, Solve time = 161.779 ms
time step continuity errors : sum local = 3.07590646362587e-06, global = -2.9184939755336324e-08, cumulative = -1.4201136843937367e-07
[mem] after-pEqn: DEVICE_POOL current=19061 MB  actual(reserved)=38146 MB  highWater=24788 MB
Schwarz(Jacobi)+Bicgstab:  Solving for omega, Initial residual = 1.2814514158835187e-05, Final residual = 8.459336543203548e-07, No Iterations 2, Solve time = 14.087 ms
bounding omega, min: -194634.14238692838 max: 45355982.69109189 average: 6374.145272833645
Schwarz(Jacobi)+Bicgstab:  Solving for k, Initial residual = 0.0002391402186956098, Final residual = 1.1432561924270862e-05, No Iterations 2, Solve time = 14.068 ms
bounding k, min: -6.924195978989984e-06 max: 892.2025728961432 average: 9.150993877947785
[mem] after-turb: DEVICE_POOL current=19061 MB  actual(reserved)=38146 MB  highWater=24788 MB
ExecutionTime = 67.78 s  ClockTime = 68 s

Time = 1011
[mem] step-start: DEVICE_POOL current=19061 MB  actual(reserved)=38146 MB  highWater=24788 MB
Schwarz(Jacobi)+Bicgstab:  Solving for Ux, Initial residual = 7.870062046817414e-05, Final residual = 4.318415749779917e-06, No Iterations 2, Solve time = 16.443 ms
Schwarz(Jacobi)+Bicgstab:  Solving for Uy, Initial residual = 0.004035151249817287, Final residual = 0.0002928463432205237, No Iterations 2, Solve time = 15.882 ms
Schwarz(Jacobi)+Bicgstab:  Solving for Uz, Initial residual = 0.0011169991529308505, Final residual = 1.9526071205795843e-05, No Iterations 4, Solve time = 22.397 ms
[mem] after-UEqn: DEVICE_POOL current=19061 MB  actual(reserved)=38146 MB  highWater=24788 MB
config(Cg+Multigrid):  Solving for p, Initial residual = 0.0012924291246762054, Final residual = 1.2806039168394088e-05, No Iterations 7, Solve time = 164.954 ms
time step continuity errors : sum local = 3.2225760355863516e-06, global = -2.545837955797426e-08, cumulative = -1.6746974799734793e-07
[mem] after-pEqn: DEVICE_POOL current=19061 MB  actual(reserved)=38146 MB  highWater=24788 MB
Schwarz(Jacobi)+Bicgstab:  Solving for omega, Initial residual = 1.2804332800536401e-05, Final residual = 8.436278441591195e-07, No Iterations 2, Solve time = 14.024 ms
bounding omega, min: -38117.917989598274 max: 45355982.67719875 average: 6374.1410105424475
Schwarz(Jacobi)+Bicgstab:  Solving for k, Initial residual = 0.00023950372244301225, Final residual = 1.1385521899828528e-05, No Iterations 2, Solve time = 13.999 ms
bounding k, min: -2.81035916393885e-05 max: 893.0072933014408 average: 9.150404870474944
[mem] after-turb: DEVICE_POOL current=19061 MB  actual(reserved)=38146 MB  highWater=24788 MB
ExecutionTime = 70.45 s  ClockTime = 71 s

Time = 1012
[mem] step-start: DEVICE_POOL current=19061 MB  actual(reserved)=38146 MB  highWater=24788 MB
Schwarz(Jacobi)+Bicgstab:  Solving for Ux, Initial residual = 7.880692730801032e-05, Final residual = 4.335528332037009e-06, No Iterations 2, Solve time = 16.439 ms
Schwarz(Jacobi)+Bicgstab:  Solving for Uy, Initial residual = 0.004036468122633009, Final residual = 0.00014927514496655087, No Iterations 3, Solve time = 19.214 ms
Schwarz(Jacobi)+Bicgstab:  Solving for Uz, Initial residual = 0.00111123253259517, Final residual = 7.810834282924971e-05, No Iterations 2, Solve time = 15.821 ms
[mem] after-UEqn: DEVICE_POOL current=19061 MB  actual(reserved)=38146 MB  highWater=24788 MB
config(Cg+Multigrid):  Solving for p, Initial residual = 0.0012896867636998936, Final residual = 1.235877518886463e-05, No Iterations 8, Solve time = 179.874 ms
time step continuity errors : sum local = 3.1093232486418567e-06, global = -2.720650504359716e-08, cumulative = -1.946762530409451e-07
[mem] after-pEqn: DEVICE_POOL current=19061 MB  actual(reserved)=38146 MB  highWater=24788 MB
Schwarz(Jacobi)+Bicgstab:  Solving for omega, Initial residual = 1.2789934921575178e-05, Final residual = 8.44111833888282e-07, No Iterations 2, Solve time = 14.212 ms
bounding omega, min: -37113.3339069958 max: 45355982.72034204 average: 6374.061910575293
Schwarz(Jacobi)+Bicgstab:  Solving for k, Initial residual = 0.00023974923879726314, Final residual = 1.1894893890142246e-05, No Iterations 2, Solve time = 14.12 ms
bounding k, min: -2.152953704551963e-05 max: 893.1704218539219 average: 9.149822985914268
[mem] after-turb: DEVICE_POOL current=19061 MB  actual(reserved)=38146 MB  highWater=24788 MB
ExecutionTime = 73.09999999999999 s  ClockTime = 73 s

Time = 1013
[mem] step-start: DEVICE_POOL current=19061 MB  actual(reserved)=38146 MB  highWater=24788 MB
Schwarz(Jacobi)+Bicgstab:  Solving for Ux, Initial residual = 7.885111801256801e-05, Final residual = 4.346418350655309e-06, No Iterations 2, Solve time = 16.598 ms
Schwarz(Jacobi)+Bicgstab:  Solving for Uy, Initial residual = 0.004044320402531789, Final residual = 0.00014388547646407423, No Iterations 3, Solve time = 19.455 ms
Schwarz(Jacobi)+Bicgstab:  Solving for Uz, Initial residual = 0.0011108167972226058, Final residual = 7.701969171745814e-05, No Iterations 2, Solve time = 16.13 ms
[mem] after-UEqn: DEVICE_POOL current=19061 MB  actual(reserved)=38146 MB  highWater=24788 MB
config(Cg+Multigrid):  Solving for p, Initial residual = 0.001290845014830072, Final residual = 1.2536573780937051e-05, No Iterations 7, Solve time = 163.635 ms
time step continuity errors : sum local = 3.151998449280333e-06, global = -2.372197029963124e-08, cumulative = -2.1839822334057634e-07
[mem] after-pEqn: DEVICE_POOL current=19061 MB  actual(reserved)=38146 MB  highWater=24788 MB
Schwarz(Jacobi)+Bicgstab:  Solving for omega, Initial residual = 1.2795501049118506e-05, Final residual = 8.503958569143904e-07, No Iterations 2, Solve time = 14.33 ms
bounding omega, min: -34812.616907157855 max: 45355982.77127834 average: 6373.964565265192
Schwarz(Jacobi)+Bicgstab:  Solving for k, Initial residual = 0.00024001769667344493, Final residual = 1.1256677469660559e-05, No Iterations 2, Solve time = 14.14 ms
bounding k, min: -0.0018783812399060275 max: 893.371756746803 average: 9.149221380715737
[mem] after-turb: DEVICE_POOL current=19061 MB  actual(reserved)=38146 MB  highWater=24788 MB
ExecutionTime = 75.75 s  ClockTime = 76 s

Time = 1014
[mem] step-start: DEVICE_POOL current=19061 MB  actual(reserved)=38146 MB  highWater=24788 MB
Schwarz(Jacobi)+Bicgstab:  Solving for Ux, Initial residual = 7.88845764415169e-05, Final residual = 4.4092802725117645e-06, No Iterations 2, Solve time = 16.191 ms
Schwarz(Jacobi)+Bicgstab:  Solving for Uy, Initial residual = 0.004055068307529352, Final residual = 0.0001395760666569711, No Iterations 3, Solve time = 19.366 ms
Schwarz(Jacobi)+Bicgstab:  Solving for Uz, Initial residual = 0.0011102212567013485, Final residual = 7.310866430767584e-05, No Iterations 2, Solve time = 16.051 ms
[mem] after-UEqn: DEVICE_POOL current=19061 MB  actual(reserved)=38146 MB  highWater=24788 MB
config(Cg+Multigrid):  Solving for p, Initial residual = 0.001293074050830001, Final residual = 1.2416645457953935e-05, No Iterations 7, Solve time = 162.644 ms
time step continuity errors : sum local = 3.1197938544051673e-06, global = -2.3364990452012142e-08, cumulative = -2.417632137925885e-07
[mem] after-pEqn: DEVICE_POOL current=19061 MB  actual(reserved)=38146 MB  highWater=24788 MB
Schwarz(Jacobi)+Bicgstab:  Solving for omega, Initial residual = 1.2783334510693818e-05, Final residual = 8.534135464944958e-07, No Iterations 2, Solve time = 14.223 ms
bounding omega, min: -273772.0458628908 max: 45355982.79578533 average: 6373.798365556584
Schwarz(Jacobi)+Bicgstab:  Solving for k, Initial residual = 0.0002402351743333032, Final residual = 1.2650449466817937e-05, No Iterations 2, Solve time = 14.207 ms
bounding k, min: -0.00010090854002186211 max: 893.0253710526815 average: 9.14854667840293
[mem] after-turb: DEVICE_POOL current=19061 MB  actual(reserved)=38146 MB  highWater=24788 MB
ExecutionTime = 78.39 s  ClockTime = 79 s

Time = 1015
[mem] step-start: DEVICE_POOL current=19061 MB  actual(reserved)=38146 MB  highWater=24788 MB
Schwarz(Jacobi)+Bicgstab:  Solving for Ux, Initial residual = 7.892071440266579e-05, Final residual = 4.396503902488321e-06, No Iterations 2, Solve time = 16.256 ms
Schwarz(Jacobi)+Bicgstab:  Solving for Uy, Initial residual = 0.0040663831808976526, Final residual = 0.0003453360988183905, No Iterations 2, Solve time = 15.885 ms
Schwarz(Jacobi)+Bicgstab:  Solving for Uz, Initial residual = 0.0011092189775406547, Final residual = 6.910350537093232e-05, No Iterations 2, Solve time = 16.035 ms
[mem] after-UEqn: DEVICE_POOL current=19061 MB  actual(reserved)=38146 MB  highWater=24788 MB
config(Cg+Multigrid):  Solving for p, Initial residual = 0.0012983166896450057, Final residual = 1.221163243097165e-05, No Iterations 7, Solve time = 162.235 ms
time step continuity errors : sum local = 3.0660457325184242e-06, global = -2.2678252916754976e-08, cumulative = -2.644414667093435e-07
[mem] after-pEqn: DEVICE_POOL current=19061 MB  actual(reserved)=38146 MB  highWater=24788 MB
Schwarz(Jacobi)+Bicgstab:  Solving for omega, Initial residual = 1.2833658430296809e-05, Final residual = 8.540862681512305e-07, No Iterations 2, Solve time = 14.257 ms
bounding omega, min: -51086.9530928048 max: 45355982.7785122 average: 6373.595408528271
Schwarz(Jacobi)+Bicgstab:  Solving for k, Initial residual = 0.000240679544666269, Final residual = 1.283179317742791e-05, No Iterations 2, Solve time = 14.059 ms
bounding k, min: -0.0010617816297287912 max: 892.5499947355792 average: 9.14779924508204
[mem] after-turb: DEVICE_POOL current=19061 MB  actual(reserved)=38146 MB  highWater=24788 MB
ExecutionTime = 81.04000000000001 s  ClockTime = 81 s

Time = 1016
[mem] step-start: DEVICE_POOL current=19061 MB  actual(reserved)=38146 MB  highWater=24788 MB
Schwarz(Jacobi)+Bicgstab:  Solving for Ux, Initial residual = 7.906363216683827e-05, Final residual = 4.5166482322470055e-06, No Iterations 2, Solve time = 16.617 ms
Schwarz(Jacobi)+Bicgstab:  Solving for Uy, Initial residual = 0.004061043261764019, Final residual = 0.00015074638617048152, No Iterations 3, Solve time = 19.615 ms
Schwarz(Jacobi)+Bicgstab:  Solving for Uz, Initial residual = 0.0011100644079064402, Final residual = 6.709542114942796e-05, No Iterations 2, Solve time = 16.039 ms
[mem] after-UEqn: DEVICE_POOL current=19061 MB  actual(reserved)=38146 MB  highWater=24788 MB
config(Cg+Multigrid):  Solving for p, Initial residual = 0.001299549110604777, Final residual = 1.1777980996286519e-05, No Iterations 7, Solve time = 167.167 ms
time step continuity errors : sum local = 2.955101638282043e-06, global = -2.2584501922235977e-08, cumulative = -2.8702596863157946e-07
[mem] after-pEqn: DEVICE_POOL current=19061 MB  actual(reserved)=38146 MB  highWater=24788 MB
Schwarz(Jacobi)+Bicgstab:  Solving for omega, Initial residual = 1.2833734822660718e-05, Final residual = 8.533867057789363e-07, No Iterations 2, Solve time = 14.218 ms
bounding omega, min: -51487.74969175123 max: 45355982.71506503 average: 6373.342832453044
Schwarz(Jacobi)+Bicgstab:  Solving for k, Initial residual = 0.0002409838798570306, Final residual = 1.3164786807354005e-05, No Iterations 2, Solve time = 14.366 ms
bounding k, min: -0.0006710748443716288 max: 891.614508278203 average: 9.147088889061118
[mem] after-turb: DEVICE_POOL current=19061 MB  actual(reserved)=38146 MB  highWater=24788 MB
ExecutionTime = 83.69 s  ClockTime = 84 s

Time = 1017
[mem] step-start: DEVICE_POOL current=19061 MB  actual(reserved)=38146 MB  highWater=24788 MB
Schwarz(Jacobi)+Bicgstab:  Solving for Ux, Initial residual = 7.914328862279866e-05, Final residual = 3.6745958119095246e-06, No Iterations 2, Solve time = 16.455 ms
Schwarz(Jacobi)+Bicgstab:  Solving for Uy, Initial residual = 0.00406718797237656, Final residual = 0.0001462345121855513, No Iterations 3, Solve time = 19.229 ms
Schwarz(Jacobi)+Bicgstab:  Solving for Uz, Initial residual = 0.001109576332888105, Final residual = 6.888343335207545e-05, No Iterations 2, Solve time = 16.467 ms
[mem] after-UEqn: DEVICE_POOL current=19061 MB  actual(reserved)=38146 MB  highWater=24788 MB
config(Cg+Multigrid):  Solving for p, Initial residual = 0.001299338638261111, Final residual = 1.1533412500098001e-05, No Iterations 7, Solve time = 166.214 ms
time step continuity errors : sum local = 2.8919022770436704e-06, global = -2.2860085375405308e-08, cumulative = -3.0988605400698475e-07
[mem] after-pEqn: DEVICE_POOL current=19061 MB  actual(reserved)=38146 MB  highWater=24788 MB
Schwarz(Jacobi)+Bicgstab:  Solving for omega, Initial residual = 1.2828619636272518e-05, Final residual = 8.554759799013065e-07, No Iterations 2, Solve time = 14.295 ms
bounding omega, min: -54792.53394641093 max: 45355982.6331957 average: 6373.064440921127
Schwarz(Jacobi)+Bicgstab:  Solving for k, Initial residual = 0.00024118139822990717, Final residual = 1.2855279641410837e-05, No Iterations 2, Solve time = 14.24 ms
bounding k, min: -0.0017702579978008184 max: 890.5088360942239 average: 9.146338458303903
[mem] after-turb: DEVICE_POOL current=19061 MB  actual(reserved)=38146 MB  highWater=24788 MB
ExecutionTime = 86.34999999999999 s  ClockTime = 87 s

Time = 1018
[mem] step-start: DEVICE_POOL current=19061 MB  actual(reserved)=38146 MB  highWater=24788 MB
Schwarz(Jacobi)+Bicgstab:  Solving for Ux, Initial residual = 7.913604361585964e-05, Final residual = 2.9037921141585676e-06, No Iterations 3, Solve time = 19.822 ms
Schwarz(Jacobi)+Bicgstab:  Solving for Uy, Initial residual = 0.004078613232560794, Final residual = 0.0001406609118146796, No Iterations 3, Solve time = 19.588 ms
Schwarz(Jacobi)+Bicgstab:  Solving for Uz, Initial residual = 0.0011086452295076144, Final residual = 7.103146905293876e-05, No Iterations 2, Solve time = 15.847 ms
[mem] after-UEqn: DEVICE_POOL current=19061 MB  actual(reserved)=38146 MB  highWater=24788 MB
config(Cg+Multigrid):  Solving for p, Initial residual = 0.0012957299763780234, Final residual = 1.1094678240737508e-05, No Iterations 7, Solve time = 164.546 ms
time step continuity errors : sum local = 2.7807072727631136e-06, global = -2.0182977536085656e-08, cumulative = -3.3006903154307043e-07
[mem] after-pEqn: DEVICE_POOL current=19061 MB  actual(reserved)=38146 MB  highWater=24788 MB
Schwarz(Jacobi)+Bicgstab:  Solving for omega, Initial residual = 1.2813442734781014e-05, Final residual = 8.532220286961715e-07, No Iterations 2, Solve time = 14.001 ms
bounding omega, min: -359831.0849924488 max: 45355982.58111293 average: 6372.772479790437
Schwarz(Jacobi)+Bicgstab:  Solving for k, Initial residual = 0.00024130119249932648, Final residual = 1.3278875553408594e-05, No Iterations 2, Solve time = 14.177 ms
bounding k, min: -0.0004443393941951229 max: 889.1031199187612 average: 9.145603374474206
[mem] after-turb: DEVICE_POOL current=19061 MB  actual(reserved)=38146 MB  highWater=24788 MB
ExecutionTime = 89.01000000000001 s  ClockTime = 89 s

Time = 1019
[mem] step-start: DEVICE_POOL current=19061 MB  actual(reserved)=38146 MB  highWater=24788 MB
Schwarz(Jacobi)+Bicgstab:  Solving for Ux, Initial residual = 7.90825946498634e-05, Final residual = 4.4368828183720024e-06, No Iterations 2, Solve time = 16.316 ms
Schwarz(Jacobi)+Bicgstab:  Solving for Uy, Initial residual = 0.004091937867430821, Final residual = 0.00013957675129627384, No Iterations 3, Solve time = 19.663 ms
Schwarz(Jacobi)+Bicgstab:  Solving for Uz, Initial residual = 0.001107563438097388, Final residual = 7.149879695195061e-05, No Iterations 2, Solve time = 16.257 ms
[mem] after-UEqn: DEVICE_POOL current=19061 MB  actual(reserved)=38146 MB  highWater=24788 MB
config(Cg+Multigrid):  Solving for p, Initial residual = 0.0012988116600547606, Final residual = 1.1959406442745816e-05, No Iterations 7, Solve time = 163.914 ms
time step continuity errors : sum local = 2.9959892687600306e-06, global = -1.8878132537866323e-08, cumulative = -3.4894716408093674e-07
[mem] after-pEqn: DEVICE_POOL current=19061 MB  actual(reserved)=38146 MB  highWater=24788 MB
Schwarz(Jacobi)+Bicgstab:  Solving for omega, Initial residual = 1.283410542482021e-05, Final residual = 8.521377026843387e-07, No Iterations 2, Solve time = 14.364 ms
bounding omega, min: -57332.01934582897 max: 45355982.57262225 average: 6372.536217569187
Schwarz(Jacobi)+Bicgstab:  Solving for k, Initial residual = 0.0002416107624824675, Final residual = 1.285114081839259e-05, No Iterations 2, Solve time = 14.388 ms
bounding k, min: -0.00357504971339815 max: 887.5842687450973 average: 9.14498547416669
[mem] after-turb: DEVICE_POOL current=19061 MB  actual(reserved)=38146 MB  highWater=24788 MB
ExecutionTime = 91.66 s  ClockTime = 92 s

Time = 1020
[mem] step-start: DEVICE_POOL current=19061 MB  actual(reserved)=38146 MB  highWater=24788 MB
Schwarz(Jacobi)+Bicgstab:  Solving for Ux, Initial residual = 7.916768819312173e-05, Final residual = 4.457101644469372e-06, No Iterations 2, Solve time = 16.427 ms
Schwarz(Jacobi)+Bicgstab:  Solving for Uy, Initial residual = 0.004105214376012479, Final residual = 0.000342238046846682, No Iterations 2, Solve time = 16.03 ms
Schwarz(Jacobi)+Bicgstab:  Solving for Uz, Initial residual = 0.0011067093761581415, Final residual = 7.752545809077773e-05, No Iterations 2, Solve time = 16.267 ms
[mem] after-UEqn: DEVICE_POOL current=19061 MB  actual(reserved)=38146 MB  highWater=24788 MB
config(Cg+Multigrid):  Solving for p, Initial residual = 0.0013036201396041966, Final residual = 1.1856094602702524e-05, No Iterations 7, Solve time = 166.097 ms
time step continuity errors : sum local = 2.9690289352268192e-06, global = -1.0760525266836353e-08, cumulative = -3.597076893477731e-07
[mem] after-pEqn: DEVICE_POOL current=19061 MB  actual(reserved)=38146 MB  highWater=24788 MB
Schwarz(Jacobi)+Bicgstab:  Solving for omega, Initial residual = 1.2842325344982444e-05, Final residual = 8.516642453850325e-07, No Iterations 2, Solve time = 14.153 ms
bounding omega, min: -56313.627491529514 max: 45355982.574075796 average: 6372.269612647523
Schwarz(Jacobi)+Bicgstab:  Solving for k, Initial residual = 0.0002419611499624178, Final residual = 1.3855095463124432e-05, No Iterations 2, Solve time = 14.147 ms
bounding k, min: -0.002911405841203203 max: 885.9569155752698 average: 9.14436856618515
[mem] after-turb: DEVICE_POOL current=19061 MB  actual(reserved)=38146 MB  highWater=24788 MB
ExecutionTime = 94.31 s  ClockTime = 95 s

Time = 1021
[mem] step-start: DEVICE_POOL current=19061 MB  actual(reserved)=38146 MB  highWater=24788 MB
Schwarz(Jacobi)+Bicgstab:  Solving for Ux, Initial residual = 7.934491458028814e-05, Final residual = 4.4758093776273965e-06, No Iterations 2, Solve time = 16.568 ms
Schwarz(Jacobi)+Bicgstab:  Solving for Uy, Initial residual = 0.00410136340030133, Final residual = 0.00015591888175023403, No Iterations 3, Solve time = 19.369 ms
Schwarz(Jacobi)+Bicgstab:  Solving for Uz, Initial residual = 0.0011088087381327335, Final residual = 7.826113646331393e-05, No Iterations 2, Solve time = 16.45 ms
[mem] after-UEqn: DEVICE_POOL current=19061 MB  actual(reserved)=38146 MB  highWater=24788 MB
config(Cg+Multigrid):  Solving for p, Initial residual = 0.0013042741968499138, Final residual = 1.1906372998000829e-05, No Iterations 7, Solve time = 163.624 ms
time step continuity errors : sum local = 2.9808576851236184e-06, global = -8.769895801287133e-09, cumulative = -3.684775851490602e-07
[mem] after-pEqn: DEVICE_POOL current=19061 MB  actual(reserved)=38146 MB  highWater=24788 MB
Schwarz(Jacobi)+Bicgstab:  Solving for omega, Initial residual = 1.2877004724744539e-05, Final residual = 8.570968166549276e-07, No Iterations 2, Solve time = 14.539 ms
bounding omega, min: -61067.02512913942 max: 45355982.58063244 average: 6372.049850622849
Schwarz(Jacobi)+Bicgstab:  Solving for k, Initial residual = 0.00024222857520519726, Final residual = 1.395922272290252e-05, No Iterations 2, Solve time = 14.036 ms
bounding k, min: -0.0020826650469232266 max: 884.3050800927878 average: 9.143844194669644
[mem] after-turb: DEVICE_POOL current=19061 MB  actual(reserved)=38146 MB  highWater=24788 MB
ExecutionTime = 96.95999999999999 s  ClockTime = 97 s

Time = 1022
[mem] step-start: DEVICE_POOL current=19061 MB  actual(reserved)=38146 MB  highWater=24788 MB
Schwarz(Jacobi)+Bicgstab:  Solving for Ux, Initial residual = 7.944830151513388e-05, Final residual = 4.519796190981321e-06, No Iterations 2, Solve time = 16.259 ms
Schwarz(Jacobi)+Bicgstab:  Solving for Uy, Initial residual = 0.004107461152406305, Final residual = 0.00014895299741655865, No Iterations 3, Solve time = 19.531 ms
Schwarz(Jacobi)+Bicgstab:  Solving for Uz, Initial residual = 0.0011101369056245463, Final residual = 7.967285610926318e-05, No Iterations 2, Solve time = 16.051 ms
[mem] after-UEqn: DEVICE_POOL current=19061 MB  actual(reserved)=38146 MB  highWater=24788 MB
config(Cg+Multigrid):  Solving for p, Initial residual = 0.001305720869048112, Final residual = 1.246755834585762e-05, No Iterations 7, Solve time = 157.152 ms
time step continuity errors : sum local = 3.12111636862342e-06, global = -2.6003124231630044e-09, cumulative = -3.710778975722232e-07
[mem] after-pEqn: DEVICE_POOL current=19061 MB  actual(reserved)=38146 MB  highWater=24788 MB
Schwarz(Jacobi)+Bicgstab:  Solving for omega, Initial residual = 1.2888076015894841e-05, Final residual = 8.591239018782987e-07, No Iterations 2, Solve time = 14.193 ms
bounding omega, min: -293243.28318363987 max: 45355982.59107495 average: 6371.8759902676775
Schwarz(Jacobi)+Bicgstab:  Solving for k, Initial residual = 0.00024247217821801343, Final residual = 1.4351458827266911e-05, No Iterations 2, Solve time = 14.024 ms
bounding k, min: -0.002333238981049368 max: 882.635991474185 average: 9.143364497316611
[mem] after-turb: DEVICE_POOL current=19061 MB  actual(reserved)=38146 MB  highWater=24788 MB
ExecutionTime = 99.59999999999999 s  ClockTime = 100 s

Time = 1023
[mem] step-start: DEVICE_POOL current=19061 MB  actual(reserved)=38146 MB  highWater=24788 MB
Schwarz(Jacobi)+Bicgstab:  Solving for Ux, Initial residual = 7.954088573149555e-05, Final residual = 4.534061774700028e-06, No Iterations 2, Solve time = 16.43 ms
Schwarz(Jacobi)+Bicgstab:  Solving for Uy, Initial residual = 0.004119141975360448, Final residual = 0.0001427531605729751, No Iterations 3, Solve time = 19.262 ms
Schwarz(Jacobi)+Bicgstab:  Solving for Uz, Initial residual = 0.0011109744408452707, Final residual = 8.017289457127e-05, No Iterations 2, Solve time = 15.869 ms
[mem] after-UEqn: DEVICE_POOL current=19061 MB  actual(reserved)=38146 MB  highWater=24788 MB
config(Cg+Multigrid):  Solving for p, Initial residual = 0.0013072547489130107, Final residual = 1.2545149400748838e-05, No Iterations 7, Solve time = 161.207 ms
time step continuity errors : sum local = 3.1409544903841006e-06, global = 1.884911727073928e-09, cumulative = -3.691929858451493e-07
[mem] after-pEqn: DEVICE_POOL current=19061 MB  actual(reserved)=38146 MB  highWater=24788 MB
Schwarz(Jacobi)+Bicgstab:  Solving for omega, Initial residual = 1.2909736697991474e-05, Final residual = 8.572841509977611e-07, No Iterations 2, Solve time = 14.28 ms
bounding omega, min: -60181.687544358356 max: 45355982.605724424 average: 6371.777597993177
Schwarz(Jacobi)+Bicgstab:  Solving for k, Initial residual = 0.00024273713613010277, Final residual = 1.2193029978162202e-05, No Iterations 2, Solve time = 13.953 ms
bounding k, min: -0.011773719907660934 max: 881.0014389165459 average: 9.142972859194321
[mem] after-turb: DEVICE_POOL current=19061 MB  actual(reserved)=38146 MB  highWater=24788 MB
ExecutionTime = 102.24 s  ClockTime = 103 s

Time = 1024
[mem] step-start: DEVICE_POOL current=19061 MB  actual(reserved)=38146 MB  highWater=24788 MB
Schwarz(Jacobi)+Bicgstab:  Solving for Ux, Initial residual = 7.962689871467194e-05, Final residual = 4.5745183705583585e-06, No Iterations 2, Solve time = 16.569 ms
Schwarz(Jacobi)+Bicgstab:  Solving for Uy, Initial residual = 0.00413293419571196, Final residual = 0.00014232051465400432, No Iterations 3, Solve time = 19.852 ms
Schwarz(Jacobi)+Bicgstab:  Solving for Uz, Initial residual = 0.0011115683583874105, Final residual = 8.118347346495376e-05, No Iterations 2, Solve time = 15.878 ms
[mem] after-UEqn: DEVICE_POOL current=19061 MB  actual(reserved)=38146 MB  highWater=24788 MB
config(Cg+Multigrid):  Solving for p, Initial residual = 0.0013087025582538259, Final residual = 1.259811768937521e-05, No Iterations 7, Solve time = 160.688 ms
time step continuity errors : sum local = 3.154357151762185e-06, global = 7.298058981171384e-09, cumulative = -3.6189492686397794e-07
[mem] after-pEqn: DEVICE_POOL current=19061 MB  actual(reserved)=38146 MB  highWater=24788 MB
Schwarz(Jacobi)+Bicgstab:  Solving for omega, Initial residual = 1.2880391587666985e-05, Final residual = 8.567566321356617e-07, No Iterations 2, Solve time = 14.274 ms
bounding omega, min: -58060.20777255636 max: 45355982.62358107 average: 6371.713193322572
Schwarz(Jacobi)+Bicgstab:  Solving for k, Initial residual = 0.00024280312549777064, Final residual = 1.8265399022508566e-05, No Iterations 2, Solve time = 14.146 ms
bounding k, min: -0.012155361448940749 max: 879.5024659918428 average: 9.142461661166303
[mem] after-turb: DEVICE_POOL current=19061 MB  actual(reserved)=38146 MB  highWater=24788 MB
ExecutionTime = 104.89 s  ClockTime = 105 s

Time = 1025
[mem] step-start: DEVICE_POOL current=19061 MB  actual(reserved)=38146 MB  highWater=24788 MB
Schwarz(Jacobi)+Bicgstab:  Solving for Ux, Initial residual = 7.971136935711072e-05, Final residual = 4.59466928953893e-06, No Iterations 2, Solve time = 16.293 ms
Schwarz(Jacobi)+Bicgstab:  Solving for Uy, Initial residual = 0.00414774655388089, Final residual = 0.00039536364944641177, No Iterations 2, Solve time = 16.558 ms
Schwarz(Jacobi)+Bicgstab:  Solving for Uz, Initial residual = 0.0011122444441835997, Final residual = 7.900310389235898e-05, No Iterations 2, Solve time = 16.306 ms
[mem] after-UEqn: DEVICE_POOL current=19061 MB  actual(reserved)=38146 MB  highWater=24788 MB
config(Cg+Multigrid):  Solving for p, Initial residual = 0.0013143772065361157, Final residual = 1.3099486726000737e-05, No Iterations 7, Solve time = 165.478 ms
time step continuity errors : sum local = 3.279861258874201e-06, global = 1.1190126984098773e-08, cumulative = -3.5070479987987917e-07
[mem] after-pEqn: DEVICE_POOL current=19061 MB  actual(reserved)=38146 MB  highWater=24788 MB
Schwarz(Jacobi)+Bicgstab:  Solving for omega, Initial residual = 1.2997954513852303e-05, Final residual = 8.620551860779094e-07, No Iterations 2, Solve time = 13.989 ms
bounding omega, min: -57140.6733166624 max: 45355982.64104976 average: 6371.644201859566
Schwarz(Jacobi)+Bicgstab:  Solving for k, Initial residual = 0.0002435663853087138, Final residual = 1.2855841308614813e-05, No Iterations 2, Solve time = 14.142 ms
bounding k, min: -0.09492199274127788 max: 878.1784831236091 average: 9.142294465520607
[mem] after-turb: DEVICE_POOL current=19061 MB  actual(reserved)=38146 MB  highWater=24788 MB
ExecutionTime = 107.54 s  ClockTime = 108 s

Time = 1026
[mem] step-start: DEVICE_POOL current=19061 MB  actual(reserved)=38146 MB  highWater=24788 MB
Schwarz(Jacobi)+Bicgstab:  Solving for Ux, Initial residual = 7.991188092897898e-05, Final residual = 4.5262855958260415e-06, No Iterations 2, Solve time = 16.368 ms
Schwarz(Jacobi)+Bicgstab:  Solving for Uy, Initial residual = 0.004142270699733707, Final residual = 0.0001560323232942555, No Iterations 3, Solve time = 19.549 ms
Schwarz(Jacobi)+Bicgstab:  Solving for Uz, Initial residual = 0.0011152141932376637, Final residual = 7.828332660560326e-05, No Iterations 2, Solve time = 16.45 ms
[mem] after-UEqn: DEVICE_POOL current=19061 MB  actual(reserved)=38146 MB  highWater=24788 MB
config(Cg+Multigrid):  Solving for p, Initial residual = 0.0013140086296136468, Final residual = 9.944509567452205e-06, No Iterations 8, Solve time = 173.277 ms
time step continuity errors : sum local = 2.48989052665041e-06, global = 6.887211940993054e-09, cumulative = -3.438175879388861e-07
[mem] after-pEqn: DEVICE_POOL current=19061 MB  actual(reserved)=38146 MB  highWater=24788 MB
Schwarz(Jacobi)+Bicgstab:  Solving for omega, Initial residual = 1.2749296738356561e-05, Final residual = 8.613609313974479e-07, No Iterations 2, Solve time = 14.031 ms
bounding omega, min: -352009.37065941346 max: 45355982.655070044 average: 6371.680696986782
Schwarz(Jacobi)+Bicgstab:  Solving for k, Initial residual = 0.0002436601601749035, Final residual = 7.022626577644347e-06, No Iterations 3, Solve time = 17.522 ms
bounding k, min: -5.149461381924935e-07 max: 876.9888121158971 average: 9.141899521654583
[mem] after-turb: DEVICE_POOL current=19061 MB  actual(reserved)=38146 MB  highWater=24788 MB
ExecutionTime = 110.2 s  ClockTime = 111 s

Time = 1027
[mem] step-start: DEVICE_POOL current=19061 MB  actual(reserved)=38146 MB  highWater=24788 MB
Schwarz(Jacobi)+Bicgstab:  Solving for Ux, Initial residual = 8.001804766191199e-05, Final residual = 4.241899116147816e-06, No Iterations 2, Solve time = 16.198 ms
Schwarz(Jacobi)+Bicgstab:  Solving for Uy, Initial residual = 0.004150878764029769, Final residual = 0.00014869046123511164, No Iterations 3, Solve time = 19.769 ms
Schwarz(Jacobi)+Bicgstab:  Solving for Uz, Initial residual = 0.001116690092651462, Final residual = 7.891589204185496e-05, No Iterations 2, Solve time = 15.946 ms
[mem] after-UEqn: DEVICE_POOL current=19061 MB  actual(reserved)=38146 MB  highWater=24788 MB
config(Cg+Multigrid):  Solving for p, Initial residual = 0.001315329457917636, Final residual = 1.2538667539182907e-05, No Iterations 7, Solve time = 163.065 ms
time step continuity errors : sum local = 3.139741310034069e-06, global = 1.0625026543814555e-08, cumulative = -3.331925613950715e-07
[mem] after-pEqn: DEVICE_POOL current=19061 MB  actual(reserved)=38146 MB  highWater=24788 MB
Schwarz(Jacobi)+Bicgstab:  Solving for omega, Initial residual = 1.2986775797422804e-05, Final residual = 8.589842742060707e-07, No Iterations 2, Solve time = 14.069 ms
bounding omega, min: -57006.60959742187 max: 45355982.66557033 average: 6371.627925098716
Schwarz(Jacobi)+Bicgstab:  Solving for k, Initial residual = 0.00024234817154026662, Final residual = 1.3784414449701677e-05, No Iterations 2, Solve time = 14.332 ms
bounding k, min: -4.545885030161713e-08 max: 875.9340447727417 average: 9.14134500302191
[mem] after-turb: DEVICE_POOL current=19061 MB  actual(reserved)=38146 MB  highWater=24788 MB
ExecutionTime = 112.85 s  ClockTime = 113 s

Time = 1028
[mem] step-start: DEVICE_POOL current=19061 MB  actual(reserved)=38146 MB  highWater=24788 MB
Schwarz(Jacobi)+Bicgstab:  Solving for Ux, Initial residual = 8.007811484539002e-05, Final residual = 7.192435463598051e-06, No Iterations 2, Solve time = 16.301 ms
Schwarz(Jacobi)+Bicgstab:  Solving for Uy, Initial residual = 0.00416600032834491, Final residual = 0.0001410704874894126, No Iterations 3, Solve time = 19.949 ms
Schwarz(Jacobi)+Bicgstab:  Solving for Uz, Initial residual = 0.0011174105643056269, Final residual = 7.866008405961381e-05, No Iterations 2, Solve time = 15.788 ms
[mem] after-UEqn: DEVICE_POOL current=19061 MB  actual(reserved)=38146 MB  highWater=24788 MB
config(Cg+Multigrid):  Solving for p, Initial residual = 0.0013227795456509017, Final residual = 1.182549745249066e-05, No Iterations 7, Solve time = 162.724 ms
time step continuity errors : sum local = 2.961264724996568e-06, global = 4.909633247176241e-09, cumulative = -3.282829281478953e-07
[mem] after-pEqn: DEVICE_POOL current=19061 MB  actual(reserved)=38146 MB  highWater=24788 MB
Schwarz(Jacobi)+Bicgstab:  Solving for omega, Initial residual = 1.3070868184926931e-05, Final residual = 8.602049525499973e-07, No Iterations 2, Solve time = 13.928 ms
bounding omega, min: -55179.03845941583 max: 45355982.67022563 average: 6371.58605404376
Schwarz(Jacobi)+Bicgstab:  Solving for k, Initial residual = 0.00024296143077765823, Final residual = 1.448272098235095e-05, No Iterations 2, Solve time = 13.973 ms
[mem] after-turb: DEVICE_POOL current=19061 MB  actual(reserved)=38146 MB  highWater=24788 MB
ExecutionTime = 115.49 s  ClockTime = 116 s

Time = 1029
[mem] step-start: DEVICE_POOL current=19061 MB  actual(reserved)=38146 MB  highWater=24788 MB
Schwarz(Jacobi)+Bicgstab:  Solving for Ux, Initial residual = 8.029077148123886e-05, Final residual = 6.280616524671937e-06, No Iterations 2, Solve time = 16.413 ms
Schwarz(Jacobi)+Bicgstab:  Solving for Uy, Initial residual = 0.0041836652381059625, Final residual = 0.0001383510245845207, No Iterations 3, Solve time = 19.409 ms
Schwarz(Jacobi)+Bicgstab:  Solving for Uz, Initial residual = 0.001117764057843449, Final residual = 7.94865031187871e-05, No Iterations 2, Solve time = 15.868 ms
[mem] after-UEqn: DEVICE_POOL current=19061 MB  actual(reserved)=38146 MB  highWater=24788 MB
config(Cg+Multigrid):  Solving for p, Initial residual = 0.0013261224841305643, Final residual = 1.1625519733513987e-05, No Iterations 7, Solve time = 162.162 ms
time step continuity errors : sum local = 2.9111605586655964e-06, global = 7.683957726021111e-10, cumulative = -3.2751453237529317e-07
[mem] after-pEqn: DEVICE_POOL current=19061 MB  actual(reserved)=38146 MB  highWater=24788 MB
Schwarz(Jacobi)+Bicgstab:  Solving for omega, Initial residual = 1.3062292453515863e-05, Final residual = 8.659152694553086e-07, No Iterations 2, Solve time = 14.174 ms
bounding omega, min: -55052.17123512492 max: 45355982.67498289 average: 6371.611383183738
Schwarz(Jacobi)+Bicgstab:  Solving for k, Initial residual = 0.00024365021555359194, Final residual = 1.531731158178817e-05, No Iterations 2, Solve time = 14.022 ms
bounding k, min: -0.00033397978772797615 max: 874.2362265375446 average: 9.140735434936172
[mem] after-turb: DEVICE_POOL current=19061 MB  actual(reserved)=38146 MB  highWater=24788 MB
ExecutionTime = 118.13 s  ClockTime = 119 s

Time = 1030
[mem] step-start: DEVICE_POOL current=19061 MB  actual(reserved)=38146 MB  highWater=24788 MB
Schwarz(Jacobi)+Bicgstab:  Solving for Ux, Initial residual = 8.043164305476512e-05, Final residual = 7.651261133177441e-06, No Iterations 2, Solve time = 16.4 ms
Schwarz(Jacobi)+Bicgstab:  Solving for Uy, Initial residual = 0.004201319619508406, Final residual = 0.00013794345491598608, No Iterations 3, Solve time = 19.743 ms
Schwarz(Jacobi)+Bicgstab:  Solving for Uz, Initial residual = 0.0011183456602803785, Final residual = 7.978583803898521e-05, No Iterations 2, Solve time = 16.193 ms
[mem] after-UEqn: DEVICE_POOL current=19061 MB  actual(reserved)=38146 MB  highWater=24788 MB
config(Cg+Multigrid):  Solving for p, Initial residual = 0.001332332423821214, Final residual = 1.1632510302973375e-05, No Iterations 7, Solve time = 165.169 ms
time step continuity errors : sum local = 2.9128404152007727e-06, global = -5.6209095208078446e-09, cumulative = -3.33135441896101e-07
[mem] after-pEqn: DEVICE_POOL current=19061 MB  actual(reserved)=38146 MB  highWater=24788 MB
Schwarz(Jacobi)+Bicgstab:  Solving for omega, Initial residual = 1.3085343294199495e-05, Final residual = 8.756362398695054e-07, No Iterations 2, Solve time = 14.167 ms
bounding omega, min: -266240.12860603567 max: 45355982.67990527 average: 6371.709875372481
Schwarz(Jacobi)+Bicgstab:  Solving for k, Initial residual = 0.0002445560139389629, Final residual = 1.6103565047031603e-05, No Iterations 2, Solve time = 14.217 ms
[mem] after-turb: DEVICE_POOL current=19061 MB  actual(reserved)=38146 MB  highWater=24788 MB
ExecutionTime = 120.79 s  ClockTime = 121 s

Time = 1031
[mem] step-start: DEVICE_POOL current=19061 MB  actual(reserved)=38146 MB  highWater=24788 MB
Schwarz(Jacobi)+Bicgstab:  Solving for Ux, Initial residual = 8.067762738988845e-05, Final residual = 7.979328173230799e-06, No Iterations 2, Solve time = 16.289 ms
Schwarz(Jacobi)+Bicgstab:  Solving for Uy, Initial residual = 0.004218141627327496, Final residual = 0.00013979255313773813, No Iterations 3, Solve time = 19.488 ms
Schwarz(Jacobi)+Bicgstab:  Solving for Uz, Initial residual = 0.0011193060702775195, Final residual = 8.086359366831805e-05, No Iterations 2, Solve time = 15.883 ms
[mem] after-UEqn: DEVICE_POOL current=19061 MB  actual(reserved)=38146 MB  highWater=24788 MB
config(Cg+Multigrid):  Solving for p, Initial residual = 0.0013382262159993747, Final residual = 1.1320606638400619e-05, No Iterations 7, Solve time = 159.564 ms
time step continuity errors : sum local = 2.8344526275311883e-06, global = -1.4452424417778021e-08, cumulative = -3.47587866313879e-07
[mem] after-pEqn: DEVICE_POOL current=19061 MB  actual(reserved)=38146 MB  highWater=24788 MB
Schwarz(Jacobi)+Bicgstab:  Solving for omega, Initial residual = 1.3123453334408091e-05, Final residual = 8.844127509853681e-07, No Iterations 2, Solve time = 14.131 ms
bounding omega, min: -52999.048817981435 max: 45355982.685654774 average: 6371.890629440572
Schwarz(Jacobi)+Bicgstab:  Solving for k, Initial residual = 0.0002455577555146069, Final residual = 1.671797412893507e-05, No Iterations 2, Solve time = 14.025 ms
[mem] after-turb: DEVICE_POOL current=19061 MB  actual(reserved)=38146 MB  highWater=24788 MB
ExecutionTime = 123.43 s  ClockTime = 124 s

Time = 1032
[mem] step-start: DEVICE_POOL current=19061 MB  actual(reserved)=38146 MB  highWater=24788 MB
Schwarz(Jacobi)+Bicgstab:  Solving for Ux, Initial residual = 8.09470200594194e-05, Final residual = 7.961177868333247e-06, No Iterations 2, Solve time = 16.691 ms
Schwarz(Jacobi)+Bicgstab:  Solving for Uy, Initial residual = 0.0042333953000920155, Final residual = 0.00032686358468791635, No Iterations 2, Solve time = 16.09 ms
Schwarz(Jacobi)+Bicgstab:  Solving for Uz, Initial residual = 0.001121033071264684, Final residual = 8.033931982128624e-05, No Iterations 2, Solve time = 15.973 ms
[mem] after-UEqn: DEVICE_POOL current=19061 MB  actual(reserved)=38146 MB  highWater=24788 MB
config(Cg+Multigrid):  Solving for p, Initial residual = 0.0013487198816596719, Final residual = 1.1367929035576372e-05, No Iterations 7, Solve time = 161.49 ms
time step continuity errors : sum local = 2.8460848508983327e-06, global = -2.119811799067118e-08, cumulative = -3.6878598430455017e-07
[mem] after-pEqn: DEVICE_POOL current=19061 MB  actual(reserved)=38146 MB  highWater=24788 MB
Schwarz(Jacobi)+Bicgstab:  Solving for omega, Initial residual = 1.3161072477643277e-05, Final residual = 8.893189578796041e-07, No Iterations 2, Solve time = 14.34 ms
bounding omega, min: -57711.840813697774 max: 45355982.6923162 average: 6372.042895959284
Schwarz(Jacobi)+Bicgstab:  Solving for k, Initial residual = 0.00024669308542291725, Final residual = 1.715123694897464e-05, No Iterations 2, Solve time = 14.116 ms
[mem] after-turb: DEVICE_POOL current=19061 MB  actual(reserved)=38146 MB  highWater=24788 MB
ExecutionTime = 126.07 s  ClockTime = 127 s

Time = 1033
[mem] step-start: DEVICE_POOL current=19061 MB  actual(reserved)=38146 MB  highWater=24788 MB
Schwarz(Jacobi)+Bicgstab:  Solving for Ux, Initial residual = 8.130326757672597e-05, Final residual = 7.988028571113266e-06, No Iterations 2, Solve time = 16.322 ms
Schwarz(Jacobi)+Bicgstab:  Solving for Uy, Initial residual = 0.004232012095077669, Final residual = 0.00015893946546963314, No Iterations 3, Solve time = 19.299 ms
Schwarz(Jacobi)+Bicgstab:  Solving for Uz, Initial residual = 0.0011250815045990438, Final residual = 8.089730287485972e-05, No Iterations 2, Solve time = 16.349 ms
[mem] after-UEqn: DEVICE_POOL current=19061 MB  actual(reserved)=38146 MB  highWater=24788 MB
config(Cg+Multigrid):  Solving for p, Initial residual = 0.0013511578413803744, Final residual = 1.149200196733118e-05, No Iterations 7, Solve time = 162.386 ms
time step continuity errors : sum local = 2.8769664687003333e-06, global = -2.7980367887326246e-08, cumulative = -3.967663521918764e-07
[mem] after-pEqn: DEVICE_POOL current=19061 MB  actual(reserved)=38146 MB  highWater=24788 MB
Schwarz(Jacobi)+Bicgstab:  Solving for omega, Initial residual = 1.3207200565690552e-05, Final residual = 9.063511745114959e-07, No Iterations 2, Solve time = 14.537 ms
bounding omega, min: -51149.00278805792 max: 45355982.699216336 average: 6372.243583354568
Schwarz(Jacobi)+Bicgstab:  Solving for k, Initial residual = 0.0002477419104366888, Final residual = 1.676278925683369e-05, No Iterations 2, Solve time = 14.492 ms
bounding k, min: -0.0001024964498400221 max: 872.3540193157841 average: 9.140534022685422
[mem] after-turb: DEVICE_POOL current=19061 MB  actual(reserved)=38146 MB  highWater=24788 MB
ExecutionTime = 128.71 s  ClockTime = 129 s

Time = 1034
[mem] step-start: DEVICE_POOL current=19061 MB  actual(reserved)=38146 MB  highWater=24788 MB
Schwarz(Jacobi)+Bicgstab:  Solving for Ux, Initial residual = 8.159241608572023e-05, Final residual = 7.751997698434001e-06, No Iterations 2, Solve time = 16.322 ms
Schwarz(Jacobi)+Bicgstab:  Solving for Uy, Initial residual = 0.00424365730023052, Final residual = 0.00014698722471328764, No Iterations 3, Solve time = 19.402 ms
Schwarz(Jacobi)+Bicgstab:  Solving for Uz, Initial residual = 0.0011286977752728228, Final residual = 8.06251687893589e-05, No Iterations 2, Solve time = 16.019 ms
[mem] after-UEqn: DEVICE_POOL current=19061 MB  actual(reserved)=38146 MB  highWater=24788 MB
config(Cg+Multigrid):  Solving for p, Initial residual = 0.001356756561220807, Final residual = 1.1497826138088928e-05, No Iterations 7, Solve time = 163.438 ms
time step continuity errors : sum local = 2.878233894463313e-06, global = -3.382267674030011e-08, cumulative = -4.305890289321765e-07
[mem] after-pEqn: DEVICE_POOL current=19061 MB  actual(reserved)=38146 MB  highWater=24788 MB
Schwarz(Jacobi)+Bicgstab:  Solving for omega, Initial residual = 1.3250137429604011e-05, Final residual = 9.186570867875734e-07, No Iterations 2, Solve time = 14.172 ms
bounding omega, min: -204940.51710021455 max: 45355982.706437655 average: 6372.470416152031
Schwarz(Jacobi)+Bicgstab:  Solving for k, Initial residual = 0.0002486385566201076, Final residual = 1.571427882488163e-05, No Iterations 2, Solve time = 14.19 ms
bounding k, min: -4.528121780924569e-05 max: 872.1035891357678 average: 9.140658056435624
[mem] after-turb: DEVICE_POOL current=19061 MB  actual(reserved)=38146 MB  highWater=24788 MB
ExecutionTime = 131.36 s  ClockTime = 132 s

Time = 1035
[mem] step-start: DEVICE_POOL current=19061 MB  actual(reserved)=38146 MB  highWater=24788 MB
Schwarz(Jacobi)+Bicgstab:  Solving for Ux, Initial residual = 8.183435172538614e-05, Final residual = 7.417961758941244e-06, No Iterations 2, Solve time = 16.422 ms
Schwarz(Jacobi)+Bicgstab:  Solving for Uy, Initial residual = 0.004261767748094897, Final residual = 0.00014240926792921467, No Iterations 3, Solve time = 19.336 ms
Schwarz(Jacobi)+Bicgstab:  Solving for Uz, Initial residual = 0.0011319898968428221, Final residual = 7.730728422354662e-05, No Iterations 2, Solve time = 15.811 ms
[mem] after-UEqn: DEVICE_POOL current=19061 MB  actual(reserved)=38146 MB  highWater=24788 MB
config(Cg+Multigrid):  Solving for p, Initial residual = 0.0013616701744920833, Final residual = 1.2031689694223582e-05, No Iterations 7, Solve time = 167.938 ms
time step continuity errors : sum local = 3.0119937979995548e-06, global = -4.005496875800298e-08, cumulative = -4.7064399769017947e-07
[mem] after-pEqn: DEVICE_POOL current=19061 MB  actual(reserved)=38146 MB  highWater=24788 MB
Schwarz(Jacobi)+Bicgstab:  Solving for omega, Initial residual = 1.3290054808747604e-05, Final residual = 9.264711570640856e-07, No Iterations 2, Solve time = 14.128 ms
bounding omega, min: -48872.726445830114 max: 45355982.71197206 average: 6372.7285360500855
Schwarz(Jacobi)+Bicgstab:  Solving for k, Initial residual = 0.0002494256908980992, Final residual = 1.5311525697919643e-05, No Iterations 2, Solve time = 14.279 ms
bounding k, min: -4.167678408536249e-05 max: 871.9123532678907 average: 9.14079894978094
[mem] after-turb: DEVICE_POOL current=19061 MB  actual(reserved)=38146 MB  highWater=24788 MB
ExecutionTime = 134.01 s  ClockTime = 135 s

Time = 1036
[mem] step-start: DEVICE_POOL current=19061 MB  actual(reserved)=38146 MB  highWater=24788 MB
Schwarz(Jacobi)+Bicgstab:  Solving for Ux, Initial residual = 8.203757047909018e-05, Final residual = 7.2667503479364805e-06, No Iterations 2, Solve time = 16.622 ms
Schwarz(Jacobi)+Bicgstab:  Solving for Uy, Initial residual = 0.0042838343198740685, Final residual = 0.0001422947216966814, No Iterations 3, Solve time = 19.617 ms
Schwarz(Jacobi)+Bicgstab:  Solving for Uz, Initial residual = 0.0011347461045377297, Final residual = 7.140997972631723e-05, No Iterations 2, Solve time = 16.129 ms
[mem] after-UEqn: DEVICE_POOL current=19061 MB  actual(reserved)=38146 MB  highWater=24788 MB
config(Cg+Multigrid):  Solving for p, Initial residual = 0.001365476123059634, Final residual = 1.1863388368994766e-05, No Iterations 7, Solve time = 153.631 ms
time step continuity errors : sum local = 2.9705305278159465e-06, global = -3.814355713371372e-08, cumulative = -5.087875548238932e-07
[mem] after-pEqn: DEVICE_POOL current=19061 MB  actual(reserved)=38146 MB  highWater=24788 MB
Schwarz(Jacobi)+Bicgstab:  Solving for omega, Initial residual = 1.3331619022199166e-05, Final residual = 9.339631676297362e-07, No Iterations 2, Solve time = 13.966 ms
bounding omega, min: -47732.78230606421 max: 45355982.714440055 average: 6372.930873422786
Schwarz(Jacobi)+Bicgstab:  Solving for k, Initial residual = 0.0002502489084545053, Final residual = 1.5896178915001177e-05, No Iterations 2, Solve time = 13.948 ms
bounding k, min: -2.8085221906355856e-05 max: 871.7618087895347 average: 9.140930327382316
[mem] after-turb: DEVICE_POOL current=19061 MB  actual(reserved)=38146 MB  highWater=24788 MB
ExecutionTime = 136.66 s  ClockTime = 137 s

Time = 1037
[mem] step-start: DEVICE_POOL current=19061 MB  actual(reserved)=38146 MB  highWater=24788 MB
Schwarz(Jacobi)+Bicgstab:  Solving for Ux, Initial residual = 8.223250287743858e-05, Final residual = 7.093436670956192e-06, No Iterations 2, Solve time = 16.471 ms
Schwarz(Jacobi)+Bicgstab:  Solving for Uy, Initial residual = 0.004308090030561284, Final residual = 0.00014565499711513113, No Iterations 3, Solve time = 19.941 ms
Schwarz(Jacobi)+Bicgstab:  Solving for Uz, Initial residual = 0.0011369010313630693, Final residual = 2.1868927769302123e-05, No Iterations 4, Solve time = 22.839 ms
[mem] after-UEqn: DEVICE_POOL current=19061 MB  actual(reserved)=38146 MB  highWater=24788 MB
config(Cg+Multigrid):  Solving for p, Initial residual = 0.0013668127550371424, Final residual = 1.2323904162886396e-05, No Iterations 7, Solve time = 161.583 ms
time step continuity errors : sum local = 3.087142369384201e-06, global = -3.5015684805922136e-08, cumulative = -5.438032396298154e-07
[mem] after-pEqn: DEVICE_POOL current=19061 MB  actual(reserved)=38146 MB  highWater=24788 MB
Schwarz(Jacobi)+Bicgstab:  Solving for omega, Initial residual = 1.3373660948742035e-05, Final residual = 9.458228716998869e-07, No Iterations 2, Solve time = 14.267 ms
bounding omega, min: -45685.296836371665 max: 45355982.71137744 average: 6373.102130693874
Schwarz(Jacobi)+Bicgstab:  Solving for k, Initial residual = 0.00025104996533941, Final residual = 1.580071153484242e-05, No Iterations 2, Solve time = 14.112 ms
bounding k, min: -9.456170238699338e-05 max: 871.6419755261672 average: 9.141028973186689
[mem] after-turb: DEVICE_POOL current=19061 MB  actual(reserved)=38146 MB  highWater=24788 MB
ExecutionTime = 139.31 s  ClockTime = 140 s

Time = 1038
[mem] step-start: DEVICE_POOL current=19061 MB  actual(reserved)=38146 MB  highWater=24788 MB
Schwarz(Jacobi)+Bicgstab:  Solving for Ux, Initial residual = 8.240015614257195e-05, Final residual = 6.544977176281294e-06, No Iterations 2, Solve time = 16.338 ms
Schwarz(Jacobi)+Bicgstab:  Solving for Uy, Initial residual = 0.004332371039305177, Final residual = 0.00015078335363804304, No Iterations 3, Solve time = 19.426 ms
Schwarz(Jacobi)+Bicgstab:  Solving for Uz, Initial residual = 0.001133648461850136, Final residual = 8.329790013334893e-05, No Iterations 2, Solve time = 16.076 ms
[mem] after-UEqn: DEVICE_POOL current=19061 MB  actual(reserved)=38146 MB  highWater=24788 MB
config(Cg+Multigrid):  Solving for p, Initial residual = 0.0013575573804667292, Final residual = 1.2998068603191035e-05, No Iterations 7, Solve time = 162.066 ms
time step continuity errors : sum local = 3.2576458439813676e-06, global = -2.5253301230054845e-08, cumulative = -5.690565408598702e-07
[mem] after-pEqn: DEVICE_POOL current=19061 MB  actual(reserved)=38146 MB  highWater=24788 MB
Schwarz(Jacobi)+Bicgstab:  Solving for omega, Initial residual = 1.3411962599201426e-05, Final residual = 9.537611156257206e-07, No Iterations 2, Solve time = 14.177 ms
bounding omega, min: -325465.19286234915 max: 45355982.70197241 average: 6373.253096030493
Schwarz(Jacobi)+Bicgstab:  Solving for k, Initial residual = 0.0002517635234013402, Final residual = 1.5455620393447386e-05, No Iterations 2, Solve time = 14.139 ms
bounding k, min: -7.741889111021068e-05 max: 871.5428086215599 average: 9.141205213151807
[mem] after-turb: DEVICE_POOL current=19061 MB  actual(reserved)=38146 MB  highWater=24788 MB
ExecutionTime = 141.95 s  ClockTime = 143 s

Time = 1039
[mem] step-start: DEVICE_POOL current=19061 MB  actual(reserved)=38146 MB  highWater=24788 MB
Schwarz(Jacobi)+Bicgstab:  Solving for Ux, Initial residual = 8.252471535266178e-05, Final residual = 6.250744523892333e-06, No Iterations 2, Solve time = 16.542 ms
Schwarz(Jacobi)+Bicgstab:  Solving for Uy, Initial residual = 0.004353872229747345, Final residual = 0.0001543039582797011, No Iterations 3, Solve time = 19.643 ms
Schwarz(Jacobi)+Bicgstab:  Solving for Uz, Initial residual = 0.0011376828883441997, Final residual = 8.215047212634199e-05, No Iterations 2, Solve time = 16.49 ms
[mem] after-UEqn: DEVICE_POOL current=19061 MB  actual(reserved)=38146 MB  highWater=24788 MB
config(Cg+Multigrid):  Solving for p, Initial residual = 0.0013523897649055502, Final residual = 1.1291674572108768e-05, No Iterations 7, Solve time = 162.926 ms
time step continuity errors : sum local = 2.831822079886641e-06, global = -2.28391771504568e-08, cumulative = -5.918957180103271e-07
[mem] after-pEqn: DEVICE_POOL current=19061 MB  actual(reserved)=38146 MB  highWater=24788 MB
Schwarz(Jacobi)+Bicgstab:  Solving for omega, Initial residual = 1.3449692493317957e-05, Final residual = 9.58449047872511e-07, No Iterations 2, Solve time = 13.978 ms
bounding omega, min: -45850.652169578134 max: 45355982.68744099 average: 6373.412498891031
Schwarz(Jacobi)+Bicgstab:  Solving for k, Initial residual = 0.00025231270453552235, Final residual = 1.513814702443518e-05, No Iterations 2, Solve time = 14.252 ms
bounding k, min: -3.297740243994547e-05 max: 871.4496587266605 average: 9.141430297721028
[mem] after-turb: DEVICE_POOL current=19061 MB  actual(reserved)=38146 MB  highWater=24788 MB
ExecutionTime = 144.6 s  ClockTime = 145 s

Time = 1040
[mem] step-start: DEVICE_POOL current=19061 MB  actual(reserved)=38146 MB  highWater=24788 MB
Schwarz(Jacobi)+Bicgstab:  Solving for Ux, Initial residual = 8.263581309634492e-05, Final residual = 5.870706306254572e-06, No Iterations 2, Solve time = 16.306 ms
Schwarz(Jacobi)+Bicgstab:  Solving for Uy, Initial residual = 0.004372133082213254, Final residual = 0.000323745335740672, No Iterations 2, Solve time = 15.918 ms
Schwarz(Jacobi)+Bicgstab:  Solving for Uz, Initial residual = 0.0011417533659957096, Final residual = 8.001641169163747e-05, No Iterations 2, Solve time = 16.344 ms
[mem] after-UEqn: DEVICE_POOL current=19061 MB  actual(reserved)=38146 MB  highWater=24788 MB
config(Cg+Multigrid):  Solving for p, Initial residual = 0.001354991545767581, Final residual = 1.3070591003001526e-05, No Iterations 7, Solve time = 164.443 ms
time step continuity errors : sum local = 3.280345921815684e-06, global = -1.3938132669946458e-08, cumulative = -6.058338506802735e-07
[mem] after-pEqn: DEVICE_POOL current=19061 MB  actual(reserved)=38146 MB  highWater=24788 MB
Schwarz(Jacobi)+Bicgstab:  Solving for omega, Initial residual = 1.346999690807028e-05, Final residual = 9.595695991337808e-07, No Iterations 2, Solve time = 14.255 ms
bounding omega, min: -44276.87364436142 max: 45355982.669769734 average: 6373.476805703824
Schwarz(Jacobi)+Bicgstab:  Solving for k, Initial residual = 0.0002529065144808964, Final residual = 1.2895117422046298e-05, No Iterations 2, Solve time = 14.026 ms
bounding k, min: -0.011084583711426448 max: 871.3554540592227 average: 9.141728785172594
[mem] after-turb: DEVICE_POOL current=19061 MB  actual(reserved)=38146 MB  highWater=24788 MB
ExecutionTime = 147.25 s  ClockTime = 148 s

Time = 1041
[mem] step-start: DEVICE_POOL current=19061 MB  actual(reserved)=38146 MB  highWater=24788 MB
Schwarz(Jacobi)+Bicgstab:  Solving for Ux, Initial residual = 8.27836063917601e-05, Final residual = 5.364122370890433e-06, No Iterations 2, Solve time = 16.514 ms
Schwarz(Jacobi)+Bicgstab:  Solving for Uy, Initial residual = 0.00437100144851184, Final residual = 0.00016285521889667555, No Iterations 3, Solve time = 19.481 ms
Schwarz(Jacobi)+Bicgstab:  Solving for Uz, Initial residual = 0.0011468838595538476, Final residual = 7.361496919324376e-05, No Iterations 2, Solve time = 15.973 ms
[mem] after-UEqn: DEVICE_POOL current=19061 MB  actual(reserved)=38146 MB  highWater=24788 MB
config(Cg+Multigrid):  Solving for p, Initial residual = 0.0013487069392421939, Final residual = 1.28648231552534e-05, No Iterations 7, Solve time = 162.591 ms
time step continuity errors : sum local = 3.23190107933361e-06, global = -4.0389446869374404e-09, cumulative = -6.09872795367211e-07
[mem] after-pEqn: DEVICE_POOL current=19061 MB  actual(reserved)=38146 MB  highWater=24788 MB
Schwarz(Jacobi)+Bicgstab:  Solving for omega, Initial residual = 1.3417540422371339e-05, Final residual = 9.636799743195095e-07, No Iterations 2, Solve time = 14.321 ms
bounding omega, min: -44736.2493722654 max: 45355982.64924634 average: 6373.530738950028
Schwarz(Jacobi)+Bicgstab:  Solving for k, Initial residual = 0.00025321671758899203, Final residual = 1.4652177568934935e-05, No Iterations 2, Solve time = 14.09 ms
bounding k, min: -0.052428404612317486 max: 871.2674977030946 average: 9.142057775991757
[mem] after-turb: DEVICE_POOL current=19061 MB  actual(reserved)=38146 MB  highWater=24788 MB
ExecutionTime = 149.9 s  ClockTime = 151 s

Time = 1042
[mem] step-start: DEVICE_POOL current=19061 MB  actual(reserved)=38146 MB  highWater=24788 MB
Schwarz(Jacobi)+Bicgstab:  Solving for Ux, Initial residual = 8.283025297200087e-05, Final residual = 5.17243683123337e-06, No Iterations 2, Solve time = 16.523 ms
Schwarz(Jacobi)+Bicgstab:  Solving for Uy, Initial residual = 0.004382424664473105, Final residual = 0.0001511854544824707, No Iterations 3, Solve time = 19.352 ms
Schwarz(Jacobi)+Bicgstab:  Solving for Uz, Initial residual = 0.0011502094422702488, Final residual = 2.558857226778363e-05, No Iterations 4, Solve time = 22.999 ms
[mem] after-UEqn: DEVICE_POOL current=19061 MB  actual(reserved)=38146 MB  highWater=24788 MB
config(Cg+Multigrid):  Solving for p, Initial residual = 0.001347627692727085, Final residual = 1.1616837945055445e-05, No Iterations 7, Solve time = 161.433 ms
time step continuity errors : sum local = 2.921383021649065e-06, global = -4.123664321094626e-09, cumulative = -6.139964596883056e-07
[mem] after-pEqn: DEVICE_POOL current=19061 MB  actual(reserved)=38146 MB  highWater=24788 MB
Schwarz(Jacobi)+Bicgstab:  Solving for omega, Initial residual = 1.34322260575e-05, Final residual = 9.623808683974892e-07, No Iterations 2, Solve time = 14.322 ms
bounding omega, min: -229021.7169778966 max: 45355982.63131529 average: 6373.555934863167
Schwarz(Jacobi)+Bicgstab:  Solving for k, Initial residual = 0.00025348048671938614, Final residual = 1.0692028548224205e-05, No Iterations 3, Solve time = 17.288 ms
bounding k, min: -9.896380498583128e-05 max: 871.1716488255116 average: 9.142169974142055
[mem] after-turb: DEVICE_POOL current=19061 MB  actual(reserved)=38146 MB  highWater=24788 MB
ExecutionTime = 152.57 s  ClockTime = 153 s

Time = 1043
[mem] step-start: DEVICE_POOL current=19061 MB  actual(reserved)=38146 MB  highWater=24788 MB
Schwarz(Jacobi)+Bicgstab:  Solving for Ux, Initial residual = 8.283479589667008e-05, Final residual = 5.027157350913127e-06, No Iterations 2, Solve time = 16.289 ms
Schwarz(Jacobi)+Bicgstab:  Solving for Uy, Initial residual = 0.0043982171880200425, Final residual = 0.00015203357047847174, No Iterations 3, Solve time = 19.209 ms
Schwarz(Jacobi)+Bicgstab:  Solving for Uz, Initial residual = 0.0011476305021154497, Final residual = 8.372826584712267e-05, No Iterations 2, Solve time = 16.564 ms
[mem] after-UEqn: DEVICE_POOL current=19061 MB  actual(reserved)=38146 MB  highWater=24788 MB
config(Cg+Multigrid):  Solving for p, Initial residual = 0.0013403361937544107, Final residual = 1.159815029633627e-05, No Iterations 7, Solve time = 163.771 ms
time step continuity errors : sum local = 2.919300500719805e-06, global = -5.28931583044114e-09, cumulative = -6.192857755187467e-07
[mem] after-pEqn: DEVICE_POOL current=19061 MB  actual(reserved)=38146 MB  highWater=24788 MB
Schwarz(Jacobi)+Bicgstab:  Solving for omega, Initial residual = 1.3584325722196926e-05, Final residual = 9.605891877986644e-07, No Iterations 2, Solve time = 14.019 ms
bounding omega, min: -45710.693374118746 max: 45355982.61604249 average: 6373.467556707432
Schwarz(Jacobi)+Bicgstab:  Solving for k, Initial residual = 0.0002522930531042208, Final residual = 1.605173254330029e-05, No Iterations 2, Solve time = 14.224 ms
bounding k, min: -0.00015852990930826969 max: 871.0521714236861 average: 9.142328320032322
[mem] after-turb: DEVICE_POOL current=19061 MB  actual(reserved)=38146 MB  highWater=24788 MB
ExecutionTime = 155.22 s  ClockTime = 156 s

Time = 1044
[mem] step-start: DEVICE_POOL current=19061 MB  actual(reserved)=38146 MB  highWater=24788 MB
Schwarz(Jacobi)+Bicgstab:  Solving for Ux, Initial residual = 8.281622023869021e-05, Final residual = 4.896325853370969e-06, No Iterations 2, Solve time = 16.336 ms
Schwarz(Jacobi)+Bicgstab:  Solving for Uy, Initial residual = 0.004415399861951383, Final residual = 0.00015711355083547013, No Iterations 3, Solve time = 19.186 ms
Schwarz(Jacobi)+Bicgstab:  Solving for Uz, Initial residual = 0.0011508721501671724, Final residual = 8.238041732402043e-05, No Iterations 2, Solve time = 16.365 ms
[mem] after-UEqn: DEVICE_POOL current=19061 MB  actual(reserved)=38146 MB  highWater=24788 MB
config(Cg+Multigrid):  Solving for p, Initial residual = 0.001335365313933158, Final residual = 1.2937479701926885e-05, No Iterations 7, Solve time = 166.742 ms
time step continuity errors : sum local = 3.258125228631886e-06, global = -1.1274678526835145e-08, cumulative = -6.305604540455819e-07
[mem] after-pEqn: DEVICE_POOL current=19061 MB  actual(reserved)=38146 MB  highWater=24788 MB
Schwarz(Jacobi)+Bicgstab:  Solving for omega, Initial residual = 1.3564640983900624e-05, Final residual = 9.530405594887095e-07, No Iterations 2, Solve time = 14.189 ms
bounding omega, min: -45903.219678660826 max: 45355982.60402045 average: 6373.36471134412
Schwarz(Jacobi)+Bicgstab:  Solving for k, Initial residual = 0.0002531286586816192, Final residual = 1.7363696045498558e-05, No Iterations 2, Solve time = 14.342 ms
bounding k, min: -9.941956558351449e-05 max: 870.9146577969291 average: 9.142529738780388
[mem] after-turb: DEVICE_POOL current=19061 MB  actual(reserved)=38146 MB  highWater=24788 MB
ExecutionTime = 157.88 s  ClockTime = 159 s

Time = 1045
[mem] step-start: DEVICE_POOL current=19061 MB  actual(reserved)=38146 MB  highWater=24788 MB
Schwarz(Jacobi)+Bicgstab:  Solving for Ux, Initial residual = 8.279178454607409e-05, Final residual = 4.784964714643492e-06, No Iterations 2, Solve time = 16.193 ms
Schwarz(Jacobi)+Bicgstab:  Solving for Uy, Initial residual = 0.004432540217127605, Final residual = 0.00016060142909604363, No Iterations 3, Solve time = 19.338 ms
Schwarz(Jacobi)+Bicgstab:  Solving for Uz, Initial residual = 0.0011534643794627029, Final residual = 7.724855461168838e-05, No Iterations 2, Solve time = 15.934 ms
[mem] after-UEqn: DEVICE_POOL current=19061 MB  actual(reserved)=38146 MB  highWater=24788 MB
config(Cg+Multigrid):  Solving for p, Initial residual = 0.0013330429999594772, Final residual = 1.2044987603379146e-05, No Iterations 11, Solve time = 237.769 ms
time step continuity errors : sum local = 3.0332604107945622e-06, global = -3.128511981769089e-08, cumulative = -6.618455738632728e-07
[mem] after-pEqn: DEVICE_POOL current=19061 MB  actual(reserved)=38146 MB  highWater=24788 MB
Schwarz(Jacobi)+Bicgstab:  Solving for omega, Initial residual = 1.3557496596316014e-05, Final residual = 9.530734036440043e-07, No Iterations 2, Solve time = 14.153 ms
bounding omega, min: -46388.4311614526 max: 45355982.59607585 average: 6373.264791965472
Schwarz(Jacobi)+Bicgstab:  Solving for k, Initial residual = 0.0002537845922275427, Final residual = 1.5277762651753236e-05, No Iterations 2, Solve time = 14.1 ms
bounding k, min: -0.00037780096998974426 max: 870.748974591802 average: 9.142808098276227
[mem] after-turb: DEVICE_POOL current=19061 MB  actual(reserved)=38146 MB  highWater=24788 MB
ExecutionTime = 160.6 s  ClockTime = 161 s

Time = 1046
[mem] step-start: DEVICE_POOL current=19061 MB  actual(reserved)=38146 MB  highWater=24788 MB
Schwarz(Jacobi)+Bicgstab:  Solving for Ux, Initial residual = 8.277176498414309e-05, Final residual = 4.987304842677577e-06, No Iterations 2, Solve time = 16.628 ms
Schwarz(Jacobi)+Bicgstab:  Solving for Uy, Initial residual = 0.0044485671628692785, Final residual = 0.00016161234995405117, No Iterations 3, Solve time = 19.519 ms
Schwarz(Jacobi)+Bicgstab:  Solving for Uz, Initial residual = 0.001155240113993763, Final residual = 3.251126964650523e-05, No Iterations 4, Solve time = 22.707 ms
[mem] after-UEqn: DEVICE_POOL current=19061 MB  actual(reserved)=38146 MB  highWater=24788 MB
config(Cg+Multigrid):  Solving for p, Initial residual = 0.001336340266799373, Final residual = 1.1825178035411508e-05, No Iterations 11, Solve time = 232.513 ms
time step continuity errors : sum local = 2.9706702120512694e-06, global = -3.2145676773059527e-08, cumulative = -6.939912506363323e-07
[mem] after-pEqn: DEVICE_POOL current=19061 MB  actual(reserved)=38146 MB  highWater=24788 MB
Schwarz(Jacobi)+Bicgstab:  Solving for omega, Initial residual = 1.3510789203327165e-05, Final residual = 9.488696311024619e-07, No Iterations 2, Solve time = 14.217 ms
bounding omega, min: -181798.7601733748 max: 45355982.592027 average: 6373.156564292477
Schwarz(Jacobi)+Bicgstab:  Solving for k, Initial residual = 0.0002540262086070006, Final residual = 1.652921807289754e-05, No Iterations 2, Solve time = 13.979 ms
bounding k, min: -0.0007294567164062932 max: 870.577033637045 average: 9.14307038085375
[mem] after-turb: DEVICE_POOL current=19061 MB  actual(reserved)=38146 MB  highWater=24788 MB
ExecutionTime = 163.32 s  ClockTime = 164 s

Time = 1047
[mem] step-start: DEVICE_POOL current=19061 MB  actual(reserved)=38146 MB  highWater=24788 MB
Schwarz(Jacobi)+Bicgstab:  Solving for Ux, Initial residual = 8.277442442216394e-05, Final residual = 5.014027254451655e-06, No Iterations 2, Solve time = 16.113 ms
Schwarz(Jacobi)+Bicgstab:  Solving for Uy, Initial residual = 0.004462419419672634, Final residual = 0.0001633826340477109, No Iterations 3, Solve time = 19.469 ms
Schwarz(Jacobi)+Bicgstab:  Solving for Uz, Initial residual = 0.0011524118824317933, Final residual = 8.587241811328876e-05, No Iterations 2, Solve time = 16.024 ms
[mem] after-UEqn: DEVICE_POOL current=19061 MB  actual(reserved)=38146 MB  highWater=24788 MB
config(Cg+Multigrid):  Solving for p, Initial residual = 0.0013354126836134395, Final residual = 1.2918800131231784e-05, No Iterations 7, Solve time = 161.45 ms
time step continuity errors : sum local = 3.236617203731959e-06, global = -4.654194751202713e-08, cumulative = -7.405331981483594e-07
[mem] after-pEqn: DEVICE_POOL current=19061 MB  actual(reserved)=38146 MB  highWater=24788 MB
Schwarz(Jacobi)+Bicgstab:  Solving for omega, Initial residual = 1.353227606799766e-05, Final residual = 9.450010606473707e-07, No Iterations 2, Solve time = 14.238 ms
bounding omega, min: -47153.46552984622 max: 45355982.59145345 average: 6373.094643920446
Schwarz(Jacobi)+Bicgstab:  Solving for k, Initial residual = 0.0002546029834649852, Final residual = 1.5365996014867956e-05, No Iterations 2, Solve time = 14.086 ms
bounding k, min: -0.0005146482164686452 max: 870.3943376496527 average: 9.143461604051245
[mem] after-turb: DEVICE_POOL current=19061 MB  actual(reserved)=38146 MB  highWater=24788 MB
ExecutionTime = 165.97 s  ClockTime = 167 s

Time = 1048
[mem] step-start: DEVICE_POOL current=19061 MB  actual(reserved)=38146 MB  highWater=24788 MB
Schwarz(Jacobi)+Bicgstab:  Solving for Ux, Initial residual = 8.277742454165308e-05, Final residual = 5.030828903416115e-06, No Iterations 2, Solve time = 16.303 ms
Schwarz(Jacobi)+Bicgstab:  Solving for Uy, Initial residual = 0.0044725517319699004, Final residual = 0.00016506927510286307, No Iterations 3, Solve time = 19.393 ms
Schwarz(Jacobi)+Bicgstab:  Solving for Uz, Initial residual = 0.0011553816538166176, Final residual = 8.315705517645382e-05, No Iterations 2, Solve time = 15.895 ms
[mem] after-UEqn: DEVICE_POOL current=19061 MB  actual(reserved)=38146 MB  highWater=24788 MB
config(Cg+Multigrid):  Solving for p, Initial residual = 0.0013351408732775276, Final residual = 1.1132397419743938e-05, No Iterations 11, Solve time = 231.421 ms
time step continuity errors : sum local = 2.787195005946023e-06, global = -2.9655939310031126e-08, cumulative = -7.701891374583905e-07
[mem] after-pEqn: DEVICE_POOL current=19061 MB  actual(reserved)=38146 MB  highWater=24788 MB
Schwarz(Jacobi)+Bicgstab:  Solving for omega, Initial residual = 1.350714008338359e-05, Final residual = 9.379307592940644e-07, No Iterations 2, Solve time = 14.044 ms
bounding omega, min: -47316.29712067496 max: 45355982.59391021 average: 6373.038388336246
Schwarz(Jacobi)+Bicgstab:  Solving for k, Initial residual = 0.0002548806673392647, Final residual = 1.5981082574901488e-05, No Iterations 2, Solve time = 14.087 ms
bounding k, min: -0.0021553677154644716 max: 870.2250012717095 average: 9.143892100630131
[mem] after-turb: DEVICE_POOL current=19061 MB  actual(reserved)=38146 MB  highWater=24788 MB
ExecutionTime = 168.69 s  ClockTime = 170 s

Time = 1049
[mem] step-start: DEVICE_POOL current=19061 MB  actual(reserved)=38146 MB  highWater=24788 MB
Schwarz(Jacobi)+Bicgstab:  Solving for Ux, Initial residual = 8.280470819533721e-05, Final residual = 5.053986461659623e-06, No Iterations 2, Solve time = 16.318 ms
Schwarz(Jacobi)+Bicgstab:  Solving for Uy, Initial residual = 0.004479801761402207, Final residual = 0.00017228530835593765, No Iterations 3, Solve time = 19.325 ms
Schwarz(Jacobi)+Bicgstab:  Solving for Uz, Initial residual = 0.0011583088074042286, Final residual = 8.345759403017898e-05, No Iterations 2, Solve time = 16.346 ms
[mem] after-UEqn: DEVICE_POOL current=19061 MB  actual(reserved)=38146 MB  highWater=24788 MB
config(Cg+Multigrid):  Solving for p, Initial residual = 0.0013390425501098896, Final residual = 1.2041549867574532e-05, No Iterations 7, Solve time = 166.869 ms
time step continuity errors : sum local = 3.007304027704516e-06, global = -5.335944777515407e-08, cumulative = -8.235485852335447e-07
[mem] after-pEqn: DEVICE_POOL current=19061 MB  actual(reserved)=38146 MB  highWater=24788 MB
Schwarz(Jacobi)+Bicgstab:  Solving for omega, Initial residual = 1.352011099834323e-05, Final residual = 9.399665864657983e-07, No Iterations 2, Solve time = 14.09 ms
bounding omega, min: -47436.30131172776 max: 45355982.59900506 average: 6373.029288154438
Schwarz(Jacobi)+Bicgstab:  Solving for k, Initial residual = 0.00025526386760279986, Final residual = 1.5628998937307523e-05, No Iterations 2, Solve time = 14.251 ms
bounding k, min: -0.0026211923881800936 max: 870.0785930539897 average: 9.144379372285204
[mem] after-turb: DEVICE_POOL current=19061 MB  actual(reserved)=38146 MB  highWater=24788 MB
ExecutionTime = 171.34 s  ClockTime = 172 s

Time = 1050
[mem] step-start: DEVICE_POOL current=19061 MB  actual(reserved)=38146 MB  highWater=24788 MB
Schwarz(Jacobi)+Bicgstab:  Solving for Ux, Initial residual = 8.282437965048398e-05, Final residual = 5.071091358349573e-06, No Iterations 2, Solve time = 16.533 ms
Schwarz(Jacobi)+Bicgstab:  Solving for Uy, Initial residual = 0.004485941683763549, Final residual = 0.00038402052446979507, No Iterations 2, Solve time = 15.989 ms
Schwarz(Jacobi)+Bicgstab:  Solving for Uz, Initial residual = 0.001161311088364795, Final residual = 8.399664941812221e-05, No Iterations 2, Solve time = 15.921 ms
[mem] after-UEqn: DEVICE_POOL current=19061 MB  actual(reserved)=38146 MB  highWater=24788 MB
config(Cg+Multigrid):  Solving for p, Initial residual = 0.0013480949726632243, Final residual = 1.2231040703703214e-05, No Iterations 7, Solve time = 166.946 ms
time step continuity errors : sum local = 3.054241213778501e-06, global = -5.9333899419262434e-08, cumulative = -8.828824846528071e-07
[mem] after-pEqn: DEVICE_POOL current=19061 MB  actual(reserved)=38146 MB  highWater=24788 MB
Schwarz(Jacobi)+Bicgstab:  Solving for omega, Initial residual = 1.3509957038300131e-05, Final residual = 9.370574100764133e-07, No Iterations 2, Solve time = 14.318 ms
bounding omega, min: -130339.9059062359 max: 45355982.6073125 average: 6373.002438597873
Schwarz(Jacobi)+Bicgstab:  Solving for k, Initial residual = 0.0002556215832043605, Final residual = 1.5857059764220076e-05, No Iterations 2, Solve time = 14.152 ms
bounding k, min: -0.004034520285702815 max: 869.9685262258671 average: 9.144772630274364
[mem] after-turb: DEVICE_POOL current=19061 MB  actual(reserved)=38146 MB  highWater=24788 MB
Writing p
Writing U
Writing turbulence variables
ExecutionTime = 175.22 s  ClockTime = 177 s

Finalizing NeoN
Finalising parallel run
