/*---------------------------------------------------------------------------*\
| =========                 |                                                 |
| \\      /  F ield         | OpenFOAM: The Open Source CFD Toolbox           |
|  \\    /   O peration     | Version:  2506                                  |
|   \\  /    A nd           | Website:  www.openfoam.com                      |
|    \\/     M anipulation  |                                                 |
\*---------------------------------------------------------------------------*/
Build  : b050cd9480-20250814 OPENFOAM=2506 version=v2506
Arch   : "LSB;label=32;scalar=64"
Exec   : /storage/home/greole/code/NeoFOAM/build/profilingnvidia_h200/bin/neoSimpleFoam -parallel
Date   : Jul 21 2026
Time   : 09:13:02
Host   : gpu-nvidia-h200-3.int.coma-cluster.de
PID    : 2219309
I/O    : uncollated
Case   : /storage/home/greole/code/NeoFOAM/occDrivAerStaticMesh
nProcs : 4
Hosts  :
(
    (gpu-nvidia-h200-3.int.coma-cluster.de 4)
)
Pstream initialized with:
    node communication : off [type=host] (4 ranks, 1 nodes)
    topology controls  : none
    consensus exchange : 0 (tuning: 0)
    exchange algorithm : 0
    commsType          : nonBlocking
    polling iterations : 0
trapFpe: Floating point exception trapping enabled (FOAM_SIGFPE).
fileModificationChecking : Monitoring run-time modified files using timeStampMaster (fileModificationSkew 5, maxFileModificationPolls 20)
allowSystemOperations : Allowing user-supplied system call operations

// * * * * * * * * * * * * * * * * * * * * * * * * * * * * * * * * * * * * * //
Create time

Initializing NeoN
Creating Executor GPU
Creating NeoFOAM runTime

SIMPLE: no convergence criteria found. Calculations will run for 50 steps.

Reading field p

Reading field U

Reading/calculating face flux field phi

Selecting incompressible transport model Newtonian
NeoFOAM solver config (from fvSolution configFile) for 'config(Cg+Multigrid)':
{
    cacheSolver: true
    configFile: <NeoN::TokenList>
    l1ScaledResidual: true
    preconditionerRebuildInterval: 0
    relTol: 0.010000
    reportName: config(Cg+Multigrid)
    solver: Ginkgo
    tolerance: 0.000000
}
    effective optimize: false
    effective checkFrequency: 1
Mapping OpenFOAM solver settings to NeoN settings.
Currently, it is advisable to specify a configFile
for fine grained Ginkgo solver control

Replacing solver PBiCGStab by solver::Bicgstab
Replacing preconditioner diagonal by preconditioner::Schwarz (Schwarz-wrapped for distributed run)
NeoFOAM solver config (mapped from fvSolution) for 'Schwarz(Jacobi)+Bicgstab':
{
    cacheSolver: true
    criteria: {
        absolute_residual_norm: 0.000000
        initial_residual_norm: 0.100000
        iteration: 1000
    }
    l1ScaledResidual: true
    optimize: false
    preconditioner: {
        local_solver: {
            max_block_size: 1
            type: preconditioner::Jacobi
        }
        type: preconditioner::Schwarz
    }
    reportName: Schwarz(Jacobi)+Bicgstab
    solver: Ginkgo
    type: solver::Bicgstab
}
    effective optimize: false
    effective checkFrequency: 1
Creating phi

[NF][/storage/home/greole/code/NeoFOAM/include/NeoFOAM/auxiliary/readers.hpp::423]: Internal: 49333487, Boundary: 1754396

[NF][/storage/home/greole/code/NeoFOAM/include/NeoFOAM/auxiliary/readers.hpp::423]: Internal: 49320882, Boundary: 1762558

[NF][/storage/home/greole/code/NeoFOAM/include/NeoFOAM/auxiliary/readers.hpp::423]: Internal: 49261542, Boundary: 1427829

[NF][/storage/home/greole/code/NeoFOAM/include/NeoFOAM/auxiliary/readers.hpp::423]: Internal: 49243125, Boundary: 1362247
Selecting patchDistMethod meshWave
Mapping OpenFOAM solver settings to NeoN settings.
Currently, it is advisable to specify a configFile
for fine grained Ginkgo solver control

Replacing solver PBiCGStab by solver::Bicgstab
Replacing preconditioner diagonal by preconditioner::Schwarz (Schwarz-wrapped for distributed run)
NeoFOAM solver config (mapped from fvSolution) for 'Schwarz(Jacobi)+Bicgstab':
{
    cacheSolver: true
    criteria: {
        absolute_residual_norm: 0.000000
        initial_residual_norm: 0.100000
        iteration: 1000
    }
    l1ScaledResidual: true
    optimize: false
    preconditioner: {
        local_solver: {
            max_block_size: 1
            type: preconditioner::Jacobi
        }
        type: preconditioner::Schwarz
    }
    reportName: Schwarz(Jacobi)+Bicgstab
    solver: Ginkgo
    type: solver::Bicgstab
}
    effective optimize: false
    effective checkFrequency: 1
Mapping OpenFOAM solver settings to NeoN settings.
Currently, it is advisable to specify a configFile
for fine grained Ginkgo solver control

Replacing solver PBiCGStab by solver::Bicgstab
Replacing preconditioner diagonal by preconditioner::Schwarz (Schwarz-wrapped for distributed run)
NeoFOAM solver config (mapped from fvSolution) for 'Schwarz(Jacobi)+Bicgstab':
{
    cacheSolver: true
    criteria: {
        absolute_residual_norm: 0.000000
        initial_residual_norm: 0.100000
        iteration: 1000
    }
    l1ScaledResidual: true
    optimize: false
    preconditioner: {
        local_solver: {
            max_block_size: 1
            type: preconditioner::Jacobi
        }
        type: preconditioner::Schwarz
    }
    reportName: Schwarz(Jacobi)+Bicgstab
    solver: Ginkgo
    type: solver::Bicgstab
}
    effective optimize: false
    effective checkFrequency: 1
Starting time loop
Time = 1001
[mem] step-start: DEVICE_POOL current=12979 MB  actual(reserved)=38146 MB  highWater=19132 MB
Schwarz(Jacobi)+Bicgstab:  Solving for Ux, Initial residual = 7.915631151210523e-05, Final residual = 3.1177778532469305e-06, No Iterations 3, Solve time = 36.029 ms
Schwarz(Jacobi)+Bicgstab:  Solving for Uy, Initial residual = 0.004031295874140796, Final residual = 0.0001416533277576831, No Iterations 3, Solve time = 18.999 ms
Schwarz(Jacobi)+Bicgstab:  Solving for Uz, Initial residual = 0.0011223325614447871, Final residual = 4.881420736286938e-05, No Iterations 3, Solve time = 19.048 ms
[mem] after-UEqn: DEVICE_POOL current=15408 MB  actual(reserved)=38146 MB  highWater=20761 MB
config(Cg+Multigrid):  Solving for p, Initial residual = 0.0013061677652833998, Final residual = 1.222952985087956e-05, No Iterations 7, Solve time = 150.033 ms
time step continuity errors : sum local = 3.0883594738570692e-06, global = 1.257118750266474e-09, cumulative = 1.257118750266474e-09
[mem] after-pEqn: DEVICE_POOL current=16877 MB  actual(reserved)=38146 MB  highWater=20761 MB
Schwarz(Jacobi)+Bicgstab:  Solving for omega, Initial residual = 1.3376044823512053e-05, Final residual = 8.341058587330592e-07, No Iterations 2, Solve time = 16.382 ms
bounding omega, min: -36178.319091644546 max: 45355982.77767277 average: 6373.367791139024
Schwarz(Jacobi)+Bicgstab:  Solving for k, Initial residual = 0.0002422749670151621, Final residual = 2.369465748153572e-05, No Iterations 2, Solve time = 16.226 ms
bounding k, min: -0.06719001102206704 max: 939.9192769574238 average: 9.15322177785366
[mem] after-turb: DEVICE_POOL current=19061 MB  actual(reserved)=38146 MB  highWater=21870 MB
ExecutionTime = 44.19 s  ClockTime = 45 s

Time = 1002
[mem] step-start: DEVICE_POOL current=19061 MB  actual(reserved)=38146 MB  highWater=21870 MB
Schwarz(Jacobi)+Bicgstab:  Solving for Ux, Initial residual = 7.874812573333916e-05, Final residual = 2.9932676905799432e-06, No Iterations 3, Solve time = 19.849 ms
Schwarz(Jacobi)+Bicgstab:  Solving for Uy, Initial residual = 0.004033471771198118, Final residual = 0.00014043613850859554, No Iterations 3, Solve time = 19.336 ms
Schwarz(Jacobi)+Bicgstab:  Solving for Uz, Initial residual = 0.0011191076617857064, Final residual = 4.07582427022358e-05, No Iterations 3, Solve time = 19.492 ms
[mem] after-UEqn: DEVICE_POOL current=19061 MB  actual(reserved)=38146 MB  highWater=24788 MB
config(Cg+Multigrid):  Solving for p, Initial residual = 0.0012770669812772733, Final residual = 1.1784497811373726e-05, No Iterations 7, Solve time = 167.925 ms
time step continuity errors : sum local = 2.9781130355259624e-06, global = -4.988580717234071e-09, cumulative = -3.7314619669675966e-09
[mem] after-pEqn: DEVICE_POOL current=19061 MB  actual(reserved)=38146 MB  highWater=24788 MB
Schwarz(Jacobi)+Bicgstab:  Solving for omega, Initial residual = 1.2813531036838401e-05, Final residual = 8.602726755296942e-07, No Iterations 2, Solve time = 14.023 ms
bounding omega, min: -94272.13287613394 max: 45355982.847743176 average: 6373.637604103877
Schwarz(Jacobi)+Bicgstab:  Solving for k, Initial residual = 0.00024177315202487297, Final residual = 8.011747963093719e-06, No Iterations 3, Solve time = 17.665 ms
bounding k, min: -0.00019962634046279384 max: 933.1741046929482 average: 9.152817819943955
[mem] after-turb: DEVICE_POOL current=19061 MB  actual(reserved)=38146 MB  highWater=24788 MB
ExecutionTime = 46.86 s  ClockTime = 47 s

Time = 1003
[mem] step-start: DEVICE_POOL current=19061 MB  actual(reserved)=38146 MB  highWater=24788 MB
Schwarz(Jacobi)+Bicgstab:  Solving for Ux, Initial residual = 7.857833920605375e-05, Final residual = 2.4117754675191156e-06, No Iterations 3, Solve time = 20.053 ms
Schwarz(Jacobi)+Bicgstab:  Solving for Uy, Initial residual = 0.004030325677033744, Final residual = 0.00013671425041243405, No Iterations 3, Solve time = 19.738 ms
Schwarz(Jacobi)+Bicgstab:  Solving for Uz, Initial residual = 0.0011176493771230312, Final residual = 7.241893009548805e-05, No Iterations 2, Solve time = 16.46 ms
[mem] after-UEqn: DEVICE_POOL current=19061 MB  actual(reserved)=38146 MB  highWater=24788 MB
config(Cg+Multigrid):  Solving for p, Initial residual = 0.0012681981680986746, Final residual = 1.1451291140195546e-05, No Iterations 7, Solve time = 166.333 ms
time step continuity errors : sum local = 2.893554307137277e-06, global = -7.474000581778007e-09, cumulative = -1.1205462548745603e-08
[mem] after-pEqn: DEVICE_POOL current=19061 MB  actual(reserved)=38146 MB  highWater=24788 MB
Schwarz(Jacobi)+Bicgstab:  Solving for omega, Initial residual = 1.3129115128055807e-05, Final residual = 8.375682223034765e-07, No Iterations 2, Solve time = 14.067 ms
bounding omega, min: -36344.443638228855 max: 45355982.93141397 average: 6373.3247621754235
Schwarz(Jacobi)+Bicgstab:  Solving for k, Initial residual = 0.0002396984433858438, Final residual = 7.185933021738013e-06, No Iterations 3, Solve time = 17.484 ms
bounding k, min: -1.1180656250414197e-05 max: 922.2263926774392 average: 9.152671531623715
[mem] after-turb: DEVICE_POOL current=19061 MB  actual(reserved)=38146 MB  highWater=24788 MB
ExecutionTime = 49.53 s  ClockTime = 50 s

Time = 1004
[mem] step-start: DEVICE_POOL current=19061 MB  actual(reserved)=38146 MB  highWater=24788 MB
Schwarz(Jacobi)+Bicgstab:  Solving for Ux, Initial residual = 7.849132085793516e-05, Final residual = 2.0516443191896095e-06, No Iterations 3, Solve time = 19.868 ms
Schwarz(Jacobi)+Bicgstab:  Solving for Uy, Initial residual = 0.004025437383377454, Final residual = 0.0001330534829735435, No Iterations 3, Solve time = 19.862 ms
Schwarz(Jacobi)+Bicgstab:  Solving for Uz, Initial residual = 0.0011195344443818938, Final residual = 6.176977491057444e-05, No Iterations 2, Solve time = 16.441 ms
[mem] after-UEqn: DEVICE_POOL current=19061 MB  actual(reserved)=38146 MB  highWater=24788 MB
config(Cg+Multigrid):  Solving for p, Initial residual = 0.001269157226043168, Final residual = 1.1224224872017349e-05, No Iterations 7, Solve time = 165.734 ms
time step continuity errors : sum local = 2.8344733253134236e-06, global = -8.639842805736674e-09, cumulative = -1.9845305354482277e-08
[mem] after-pEqn: DEVICE_POOL current=19061 MB  actual(reserved)=38146 MB  highWater=24788 MB
Schwarz(Jacobi)+Bicgstab:  Solving for omega, Initial residual = 1.2897947180134381e-05, Final residual = 8.337308745495905e-07, No Iterations 2, Solve time = 14.062 ms
bounding omega, min: -34013.7290970047 max: 45355983.01469058 average: 6373.383294338982
Schwarz(Jacobi)+Bicgstab:  Solving for k, Initial residual = 0.00023931705132997305, Final residual = 1.3490820122160438e-05, No Iterations 2, Solve time = 14.32 ms
bounding k, min: -2.2348137202899422e-05 max: 907.7772941813079 average: 9.152413016202264
[mem] after-turb: DEVICE_POOL current=19061 MB  actual(reserved)=38146 MB  highWater=24788 MB
ExecutionTime = 52.19 s  ClockTime = 53 s

Time = 1005
[mem] step-start: DEVICE_POOL current=19061 MB  actual(reserved)=38146 MB  highWater=24788 MB
Schwarz(Jacobi)+Bicgstab:  Solving for Ux, Initial residual = 7.842193303912217e-05, Final residual = 3.889373725379464e-06, No Iterations 2, Solve time = 16.373 ms
Schwarz(Jacobi)+Bicgstab:  Solving for Uy, Initial residual = 0.00402193491776755, Final residual = 0.0002491195588252581, No Iterations 2, Solve time = 15.972 ms
Schwarz(Jacobi)+Bicgstab:  Solving for Uz, Initial residual = 0.001119045995882027, Final residual = 5.8479578008443605e-05, No Iterations 3, Solve time = 19.247 ms
[mem] after-UEqn: DEVICE_POOL current=19061 MB  actual(reserved)=38146 MB  highWater=24788 MB
config(Cg+Multigrid):  Solving for p, Initial residual = 0.001278257292941986, Final residual = 1.1102321772992233e-05, No Iterations 7, Solve time = 167.745 ms
time step continuity errors : sum local = 2.8014914264455006e-06, global = -1.143146527312867e-08, cumulative = -3.127677062761095e-08
[mem] after-pEqn: DEVICE_POOL current=19061 MB  actual(reserved)=38146 MB  highWater=24788 MB
Schwarz(Jacobi)+Bicgstab:  Solving for omega, Initial residual = 1.2878651029291628e-05, Final residual = 8.413138778557459e-07, No Iterations 2, Solve time = 14.112 ms
bounding omega, min: -32590.116305584008 max: 45355983.080722824 average: 6373.5271707164275
Schwarz(Jacobi)+Bicgstab:  Solving for k, Initial residual = 0.00023981277286131577, Final residual = 1.8957990991359697e-05, No Iterations 2, Solve time = 14.149 ms
bounding k, min: -1.1966366041143502e-05 max: 897.6162511421331 average: 9.152597258703748
[mem] after-turb: DEVICE_POOL current=19061 MB  actual(reserved)=38146 MB  highWater=24788 MB
ExecutionTime = 54.84 s  ClockTime = 55 s

Time = 1006
[mem] step-start: DEVICE_POOL current=19061 MB  actual(reserved)=38146 MB  highWater=24788 MB
Schwarz(Jacobi)+Bicgstab:  Solving for Ux, Initial residual = 7.84931721962772e-05, Final residual = 4.261101589995241e-06, No Iterations 2, Solve time = 16.284 ms
Schwarz(Jacobi)+Bicgstab:  Solving for Uy, Initial residual = 0.004012718938387578, Final residual = 0.00015341388981186541, No Iterations 3, Solve time = 19.988 ms
Schwarz(Jacobi)+Bicgstab:  Solving for Uz, Initial residual = 0.0011211716785368222, Final residual = 6.959599937318286e-05, No Iterations 2, Solve time = 16.21 ms
[mem] after-UEqn: DEVICE_POOL current=19061 MB  actual(reserved)=38146 MB  highWater=24788 MB
config(Cg+Multigrid):  Solving for p, Initial residual = 0.0012821151054610111, Final residual = 1.1083331136257836e-05, No Iterations 7, Solve time = 162.92 ms
time step continuity errors : sum local = 2.7946169146195005e-06, global = -1.3081146436605598e-08, cumulative = -4.435791706421655e-08
[mem] after-pEqn: DEVICE_POOL current=19061 MB  actual(reserved)=38146 MB  highWater=24788 MB
Schwarz(Jacobi)+Bicgstab:  Solving for omega, Initial residual = 1.252516751090769e-05, Final residual = 8.432071167754943e-07, No Iterations 2, Solve time = 14.273 ms
bounding omega, min: -128834.80629676297 max: 45355983.13106752 average: 6373.699539825648
Schwarz(Jacobi)+Bicgstab:  Solving for k, Initial residual = 0.00023927534524307174, Final residual = 6.765703346450231e-06, No Iterations 3, Solve time = 18.267 ms
bounding k, min: -2.3195646661528235e-06 max: 893.0785419041027 average: 9.152397288031327
[mem] after-turb: DEVICE_POOL current=19061 MB  actual(reserved)=38146 MB  highWater=24788 MB
ExecutionTime = 57.5 s  ClockTime = 58 s

Time = 1007
[mem] step-start: DEVICE_POOL current=19061 MB  actual(reserved)=38146 MB  highWater=24788 MB
Schwarz(Jacobi)+Bicgstab:  Solving for Ux, Initial residual = 7.854959686730922e-05, Final residual = 4.309419139802019e-06, No Iterations 2, Solve time = 16.45 ms
Schwarz(Jacobi)+Bicgstab:  Solving for Uy, Initial residual = 0.004011241610738837, Final residual = 0.00014190976853736966, No Iterations 3, Solve time = 19.614 ms
Schwarz(Jacobi)+Bicgstab:  Solving for Uz, Initial residual = 0.001122505745477913, Final residual = 5.9779971105507414e-05, No Iterations 2, Solve time = 16.305 ms
[mem] after-UEqn: DEVICE_POOL current=19061 MB  actual(reserved)=38146 MB  highWater=24788 MB
config(Cg+Multigrid):  Solving for p, Initial residual = 0.0012858914609852122, Final residual = 1.1188613958298493e-05, No Iterations 7, Solve time = 166.85 ms
time step continuity errors : sum local = 2.819447664044389e-06, global = -1.4248439182948493e-08, cumulative = -5.8606356247165044e-08
[mem] after-pEqn: DEVICE_POOL current=19061 MB  actual(reserved)=38146 MB  highWater=24788 MB
Schwarz(Jacobi)+Bicgstab:  Solving for omega, Initial residual = 1.2908206950413474e-05, Final residual = 8.398949353079088e-07, No Iterations 2, Solve time = 14.111 ms
bounding omega, min: -36628.8302855344 max: 45355983.12252366 average: 6373.875268807588
Schwarz(Jacobi)+Bicgstab:  Solving for k, Initial residual = 0.00023831770240504086, Final residual = 1.16280725645317e-05, No Iterations 2, Solve time = 13.92 ms
bounding k, min: -0.00032146146716009125 max: 892.1026364262042 average: 9.152067516514654
[mem] after-turb: DEVICE_POOL current=19061 MB  actual(reserved)=38146 MB  highWater=24788 MB
ExecutionTime = 60.15 s  ClockTime = 61 s

Time = 1008
[mem] step-start: DEVICE_POOL current=19061 MB  actual(reserved)=38146 MB  highWater=24788 MB
Schwarz(Jacobi)+Bicgstab:  Solving for Ux, Initial residual = 7.859437400912144e-05, Final residual = 4.3223221887940745e-06, No Iterations 2, Solve time = 17.941 ms
Schwarz(Jacobi)+Bicgstab:  Solving for Uy, Initial residual = 0.004017110232277644, Final residual = 0.00024798338769593483, No Iterations 2, Solve time = 17.462 ms
Schwarz(Jacobi)+Bicgstab:  Solving for Uz, Initial residual = 0.0011198436519771855, Final residual = 0.00010146274726221814, No Iterations 3, Solve time = 19.412 ms
[mem] after-UEqn: DEVICE_POOL current=19061 MB  actual(reserved)=38146 MB  highWater=24788 MB
config(Cg+Multigrid):  Solving for p, Initial residual = 0.0012842089904196582, Final residual = 1.1310906112219157e-05, No Iterations 7, Solve time = 165.457 ms
time step continuity errors : sum local = 2.848788926985333e-06, global = -1.3196677835707993e-08, cumulative = -7.180303408287303e-08
[mem] after-pEqn: DEVICE_POOL current=19061 MB  actual(reserved)=38146 MB  highWater=24788 MB
Schwarz(Jacobi)+Bicgstab:  Solving for omega, Initial residual = 1.288806521669533e-05, Final residual = 8.387549726337854e-07, No Iterations 2, Solve time = 14.102 ms
bounding omega, min: -33626.09288647136 max: 45355983.050924204 average: 6373.993489737991
Schwarz(Jacobi)+Bicgstab:  Solving for k, Initial residual = 0.0002385133079854888, Final residual = 1.1294629472284026e-05, No Iterations 2, Solve time = 14.251 ms
bounding k, min: -2.136162036701727e-05 max: 891.2153322137908 average: 9.151774395516865
[mem] after-turb: DEVICE_POOL current=19061 MB  actual(reserved)=38146 MB  highWater=24788 MB
ExecutionTime = 62.81 s  ClockTime = 63 s

Time = 1009
[mem] step-start: DEVICE_POOL current=19061 MB  actual(reserved)=38146 MB  highWater=24788 MB
Schwarz(Jacobi)+Bicgstab:  Solving for Ux, Initial residual = 7.863581681670598e-05, Final residual = 4.306889887317489e-06, No Iterations 2, Solve time = 16.49 ms
Schwarz(Jacobi)+Bicgstab:  Solving for Uy, Initial residual = 0.004016231182290638, Final residual = 0.00015111206079238655, No Iterations 3, Solve time = 19.121 ms
Schwarz(Jacobi)+Bicgstab:  Solving for Uz, Initial residual = 0.0011231607919964333, Final residual = 7.175669047279361e-05, No Iterations 2, Solve time = 15.769 ms
[mem] after-UEqn: DEVICE_POOL current=19061 MB  actual(reserved)=38146 MB  highWater=24788 MB
config(Cg+Multigrid):  Solving for p, Initial residual = 0.0012841945122915083, Final residual = 1.1341659507338598e-05, No Iterations 7, Solve time = 166.12 ms
time step continuity errors : sum local = 2.8553689445983587e-06, global = -1.2182728160237155e-08, cumulative = -8.398576224311019e-08
[mem] after-pEqn: DEVICE_POOL current=19061 MB  actual(reserved)=38146 MB  highWater=24788 MB
Schwarz(Jacobi)+Bicgstab:  Solving for omega, Initial residual = 1.2843705454002117e-05, Final residual = 8.438697229423446e-07, No Iterations 2, Solve time = 14.203 ms
bounding omega, min: -35773.317813664675 max: 45355982.90338671 average: 6374.098725242565
Schwarz(Jacobi)+Bicgstab:  Solving for k, Initial residual = 0.00023883157114277932, Final residual = 1.1250647368025733e-05, No Iterations 2, Solve time = 13.931 ms
bounding k, min: -0.00025579106543972813 max: 892.0051876725516 average: 9.151431105060341
[mem] after-turb: DEVICE_POOL current=19061 MB  actual(reserved)=38146 MB  highWater=24788 MB
ExecutionTime = 65.47 s  ClockTime = 66 s

Time = 1010
[mem] step-start: DEVICE_POOL current=19061 MB  actual(reserved)=38146 MB  highWater=24788 MB
Schwarz(Jacobi)+Bicgstab:  Solving for Ux, Initial residual = 7.86636065290618e-05, Final residual = 4.312837506829747e-06, No Iterations 2, Solve time = 16.376 ms
Schwarz(Jacobi)+Bicgstab:  Solving for Uy, Initial residual = 0.004023124762288725, Final residual = 0.00014430270424246351, No Iterations 3, Solve time = 19.339 ms
Schwarz(Jacobi)+Bicgstab:  Solving for Uz, Initial residual = 0.0011217970020687082, Final residual = 6.018996904970787e-05, No Iterations 2, Solve time = 15.778 ms
[mem] after-UEqn: DEVICE_POOL current=19061 MB  actual(reserved)=38146 MB  highWater=24788 MB
config(Cg+Multigrid):  Solving for p, Initial residual = 0.0012889048848303483, Final residual = 1.131088868348167e-05, No Iterations 7, Solve time = 170.178 ms
time step continuity errors : sum local = 2.8466044559214348e-06, global = -1.1550223274951462e-08, cumulative = -9.553598551806164e-08
[mem] after-pEqn: DEVICE_POOL current=19061 MB  actual(reserved)=38146 MB  highWater=24788 MB
Schwarz(Jacobi)+Bicgstab:  Solving for omega, Initial residual = 1.2813682661956841e-05, Final residual = 8.457876472885835e-07, No Iterations 2, Solve time = 14.532 ms
bounding omega, min: -183890.8770893932 max: 45355982.67791326 average: 6374.146851656137
Schwarz(Jacobi)+Bicgstab:  Solving for k, Initial residual = 0.00023915286607879193, Final residual = 1.1499471657173924e-05, No Iterations 2, Solve time = 14.453 ms
bounding k, min: -7.1356450427398965e-06 max: 892.191306246822 average: 9.150970030611617
[mem] after-turb: DEVICE_POOL current=19061 MB  actual(reserved)=38146 MB  highWater=24788 MB
ExecutionTime = 68.13 s  ClockTime = 69 s

Time = 1011
[mem] step-start: DEVICE_POOL current=19061 MB  actual(reserved)=38146 MB  highWater=24788 MB
Schwarz(Jacobi)+Bicgstab:  Solving for Ux, Initial residual = 7.871063517854067e-05, Final residual = 4.319474058902196e-06, No Iterations 2, Solve time = 16.34 ms
Schwarz(Jacobi)+Bicgstab:  Solving for Uy, Initial residual = 0.004036288937818395, Final residual = 0.00029111400824899424, No Iterations 2, Solve time = 16.242 ms
Schwarz(Jacobi)+Bicgstab:  Solving for Uz, Initial residual = 0.0011161429579698145, Final residual = 7.399921038326208e-05, No Iterations 3, Solve time = 19.253 ms
[mem] after-UEqn: DEVICE_POOL current=19061 MB  actual(reserved)=38146 MB  highWater=24788 MB
config(Cg+Multigrid):  Solving for p, Initial residual = 0.0012899141359741723, Final residual = 1.1124470200436953e-05, No Iterations 7, Solve time = 175.838 ms
time step continuity errors : sum local = 2.7987040168865302e-06, global = -1.0796563256017269e-08, cumulative = -1.0633254877407892e-07
[mem] after-pEqn: DEVICE_POOL current=19061 MB  actual(reserved)=38146 MB  highWater=24788 MB
Schwarz(Jacobi)+Bicgstab:  Solving for omega, Initial residual = 1.2811087124200124e-05, Final residual = 8.447231039815266e-07, No Iterations 2, Solve time = 14.192 ms
bounding omega, min: -37705.44345932948 max: 45355982.666885264 average: 6374.162107872378
Schwarz(Jacobi)+Bicgstab:  Solving for k, Initial residual = 0.00023951324114867696, Final residual = 1.1529795750216711e-05, No Iterations 2, Solve time = 14.075 ms
bounding k, min: -2.828649039672588e-05 max: 892.9831625276526 average: 9.150453561996807
[mem] after-turb: DEVICE_POOL current=19061 MB  actual(reserved)=38146 MB  highWater=24788 MB
ExecutionTime = 70.79000000000001 s  ClockTime = 71 s

Time = 1012
[mem] step-start: DEVICE_POOL current=19061 MB  actual(reserved)=38146 MB  highWater=24788 MB
Schwarz(Jacobi)+Bicgstab:  Solving for Ux, Initial residual = 7.879874215698874e-05, Final residual = 4.337615400396084e-06, No Iterations 2, Solve time = 16.443 ms
Schwarz(Jacobi)+Bicgstab:  Solving for Uy, Initial residual = 0.0040359333842338785, Final residual = 0.0001492238996303481, No Iterations 3, Solve time = 19.253 ms
Schwarz(Jacobi)+Bicgstab:  Solving for Uz, Initial residual = 0.0011153616043515788, Final residual = 7.756543262779122e-05, No Iterations 2, Solve time = 15.938 ms
[mem] after-UEqn: DEVICE_POOL current=19061 MB  actual(reserved)=38146 MB  highWater=24788 MB
config(Cg+Multigrid):  Solving for p, Initial residual = 0.001290737849704683, Final residual = 1.0965352359955144e-05, No Iterations 7, Solve time = 164.497 ms
time step continuity errors : sum local = 2.757569772474946e-06, global = -8.363749785881203e-09, cumulative = -1.1469629855996012e-07
[mem] after-pEqn: DEVICE_POOL current=19061 MB  actual(reserved)=38146 MB  highWater=24788 MB
Schwarz(Jacobi)+Bicgstab:  Solving for omega, Initial residual = 1.2795712388613649e-05, Final residual = 8.448964013188349e-07, No Iterations 2, Solve time = 14.364 ms
bounding omega, min: -37399.792768484236 max: 45355982.70891557 average: 6374.098780750193
Schwarz(Jacobi)+Bicgstab:  Solving for k, Initial residual = 0.0002397725372404582, Final residual = 1.2187347233781185e-05, No Iterations 2, Solve time = 14.358 ms
bounding k, min: -1.6104030222358074e-05 max: 893.1382550349293 average: 9.149905806584135
[mem] after-turb: DEVICE_POOL current=19061 MB  actual(reserved)=38146 MB  highWater=24788 MB
ExecutionTime = 73.44 s  ClockTime = 74 s

Time = 1013
[mem] step-start: DEVICE_POOL current=19061 MB  actual(reserved)=38146 MB  highWater=24788 MB
Schwarz(Jacobi)+Bicgstab:  Solving for Ux, Initial residual = 7.884160649690855e-05, Final residual = 4.350189116683492e-06, No Iterations 2, Solve time = 16.581 ms
Schwarz(Jacobi)+Bicgstab:  Solving for Uy, Initial residual = 0.004043376158319658, Final residual = 0.00014386711972788605, No Iterations 3, Solve time = 19.853 ms
Schwarz(Jacobi)+Bicgstab:  Solving for Uz, Initial residual = 0.0011148167337932024, Final residual = 7.674272872782902e-05, No Iterations 2, Solve time = 16.08 ms
[mem] after-UEqn: DEVICE_POOL current=19061 MB  actual(reserved)=38146 MB  highWater=24788 MB
config(Cg+Multigrid):  Solving for p, Initial residual = 0.0012929412569925253, Final residual = 1.0882754123572801e-05, No Iterations 7, Solve time = 168.659 ms
time step continuity errors : sum local = 2.7354580069354503e-06, global = -9.779225002811268e-09, cumulative = -1.244755235627714e-07
[mem] after-pEqn: DEVICE_POOL current=19061 MB  actual(reserved)=38146 MB  highWater=24788 MB
Schwarz(Jacobi)+Bicgstab:  Solving for omega, Initial residual = 1.2800556595070876e-05, Final residual = 8.510846310097502e-07, No Iterations 2, Solve time = 14.138 ms
bounding omega, min: -34105.71060041391 max: 45355982.75901333 average: 6374.007230980071
Schwarz(Jacobi)+Bicgstab:  Solving for k, Initial residual = 0.00024006427192432115, Final residual = 1.1330445106734224e-05, No Iterations 2, Solve time = 14.181 ms
bounding k, min: -0.0021672962350428038 max: 893.3849635498842 average: 9.149332853766538
[mem] after-turb: DEVICE_POOL current=19061 MB  actual(reserved)=38146 MB  highWater=24788 MB
ExecutionTime = 76.09999999999999 s  ClockTime = 77 s

Time = 1014
[mem] step-start: DEVICE_POOL current=19061 MB  actual(reserved)=38146 MB  highWater=24788 MB
Schwarz(Jacobi)+Bicgstab:  Solving for Ux, Initial residual = 7.887765779425648e-05, Final residual = 4.424565469134744e-06, No Iterations 2, Solve time = 16.487 ms
Schwarz(Jacobi)+Bicgstab:  Solving for Uy, Initial residual = 0.004054275243475294, Final residual = 0.00013955582677221395, No Iterations 3, Solve time = 19.14 ms
Schwarz(Jacobi)+Bicgstab:  Solving for Uz, Initial residual = 0.0011137384898477582, Final residual = 7.372751635822048e-05, No Iterations 2, Solve time = 16.275 ms
[mem] after-UEqn: DEVICE_POOL current=19061 MB  actual(reserved)=38146 MB  highWater=24788 MB
config(Cg+Multigrid):  Solving for p, Initial residual = 0.0012951585344680183, Final residual = 1.0631620876836314e-05, No Iterations 7, Solve time = 163.731 ms
time step continuity errors : sum local = 2.670833679622609e-06, global = -6.575364044208112e-09, cumulative = -1.310508876069795e-07
[mem] after-pEqn: DEVICE_POOL current=19061 MB  actual(reserved)=38146 MB  highWater=24788 MB
Schwarz(Jacobi)+Bicgstab:  Solving for omega, Initial residual = 1.2784352870765065e-05, Final residual = 8.541421988017141e-07, No Iterations 2, Solve time = 14.116 ms
bounding omega, min: -280636.6604954438 max: 45355982.79119561 average: 6373.855660294414
Schwarz(Jacobi)+Bicgstab:  Solving for k, Initial residual = 0.0002402742598385643, Final residual = 1.3106912427737103e-05, No Iterations 2, Solve time = 14.244 ms
bounding k, min: -8.097875973490367e-05 max: 893.0393392648241 average: 9.148675014360416
[mem] after-turb: DEVICE_POOL current=19061 MB  actual(reserved)=38146 MB  highWater=24788 MB
ExecutionTime = 78.76000000000001 s  ClockTime = 79 s

Time = 1015
[mem] step-start: DEVICE_POOL current=19061 MB  actual(reserved)=38146 MB  highWater=24788 MB
Schwarz(Jacobi)+Bicgstab:  Solving for Ux, Initial residual = 7.892000146464868e-05, Final residual = 4.397678897793543e-06, No Iterations 2, Solve time = 16.38 ms
Schwarz(Jacobi)+Bicgstab:  Solving for Uy, Initial residual = 0.004066132765691528, Final residual = 0.00034247207790901135, No Iterations 2, Solve time = 16.142 ms
Schwarz(Jacobi)+Bicgstab:  Solving for Uz, Initial residual = 0.0011122192817720022, Final residual = 7.181365815473665e-05, No Iterations 2, Solve time = 15.884 ms
[mem] after-UEqn: DEVICE_POOL current=19061 MB  actual(reserved)=38146 MB  highWater=24788 MB
config(Cg+Multigrid):  Solving for p, Initial residual = 0.0012995504080269735, Final residual = 1.0347423338894326e-05, No Iterations 7, Solve time = 165.845 ms
time step continuity errors : sum local = 2.5979740129242736e-06, global = -7.598790896508841e-09, cumulative = -1.3864967850348836e-07
[mem] after-pEqn: DEVICE_POOL current=19061 MB  actual(reserved)=38146 MB  highWater=24788 MB
Schwarz(Jacobi)+Bicgstab:  Solving for omega, Initial residual = 1.284181475905877e-05, Final residual = 8.549011283300026e-07, No Iterations 2, Solve time = 14.468 ms
bounding omega, min: -50918.110196522786 max: 45355982.76777978 average: 6373.662780795236
Schwarz(Jacobi)+Bicgstab:  Solving for k, Initial residual = 0.0002407456059805914, Final residual = 1.3160916560626649e-05, No Iterations 2, Solve time = 14.336 ms
bounding k, min: -0.0008526850081039018 max: 892.5572904640343 average: 9.14795091400811
[mem] after-turb: DEVICE_POOL current=19061 MB  actual(reserved)=38146 MB  highWater=24788 MB
ExecutionTime = 81.42 s  ClockTime = 82 s

Time = 1016
[mem] step-start: DEVICE_POOL current=19061 MB  actual(reserved)=38146 MB  highWater=24788 MB
Schwarz(Jacobi)+Bicgstab:  Solving for Ux, Initial residual = 7.906806882917376e-05, Final residual = 4.539119518256716e-06, No Iterations 2, Solve time = 16.567 ms
Schwarz(Jacobi)+Bicgstab:  Solving for Uy, Initial residual = 0.004061639662067031, Final residual = 0.00015079595875769895, No Iterations 3, Solve time = 19.442 ms
Schwarz(Jacobi)+Bicgstab:  Solving for Uz, Initial residual = 0.0011127331400992556, Final residual = 7.303242486104768e-05, No Iterations 2, Solve time = 15.803 ms
[mem] after-UEqn: DEVICE_POOL current=19061 MB  actual(reserved)=38146 MB  highWater=24788 MB
config(Cg+Multigrid):  Solving for p, Initial residual = 0.0013002357492898757, Final residual = 1.0364985033903008e-05, No Iterations 7, Solve time = 164.296 ms
time step continuity errors : sum local = 2.6011811040691592e-06, global = -4.489847153651795e-09, cumulative = -1.4313952565714015e-07
[mem] after-pEqn: DEVICE_POOL current=19061 MB  actual(reserved)=38146 MB  highWater=24788 MB
Schwarz(Jacobi)+Bicgstab:  Solving for omega, Initial residual = 1.2839528374055914e-05, Final residual = 8.543457188737359e-07, No Iterations 2, Solve time = 14.148 ms
bounding omega, min: -49528.371102110104 max: 45355982.69984805 average: 6373.419031469588
Schwarz(Jacobi)+Bicgstab:  Solving for k, Initial residual = 0.00024105848701682712, Final residual = 1.3656296140032553e-05, No Iterations 2, Solve time = 14.015 ms
bounding k, min: -0.000784368416041032 max: 891.6205430866338 average: 9.147272753225499
[mem] after-turb: DEVICE_POOL current=19061 MB  actual(reserved)=38146 MB  highWater=24788 MB
ExecutionTime = 84.08 s  ClockTime = 85 s

Time = 1017
[mem] step-start: DEVICE_POOL current=19061 MB  actual(reserved)=38146 MB  highWater=24788 MB
Schwarz(Jacobi)+Bicgstab:  Solving for Ux, Initial residual = 7.915266131610514e-05, Final residual = 3.5470108594563303e-06, No Iterations 2, Solve time = 16.185 ms
Schwarz(Jacobi)+Bicgstab:  Solving for Uy, Initial residual = 0.004068069424769944, Final residual = 0.0001463229006702753, No Iterations 3, Solve time = 19.272 ms
Schwarz(Jacobi)+Bicgstab:  Solving for Uz, Initial residual = 0.0011124217073117204, Final residual = 7.750754317341356e-05, No Iterations 2, Solve time = 15.894 ms
[mem] after-UEqn: DEVICE_POOL current=19061 MB  actual(reserved)=38146 MB  highWater=24788 MB
config(Cg+Multigrid):  Solving for p, Initial residual = 0.0012980188881886814, Final residual = 1.0337504210684387e-05, No Iterations 7, Solve time = 167.07 ms
time step continuity errors : sum local = 2.5932712930122436e-06, global = -1.508389230484035e-10, cumulative = -1.4329036458018854e-07
[mem] after-pEqn: DEVICE_POOL current=19061 MB  actual(reserved)=38146 MB  highWater=24788 MB
Schwarz(Jacobi)+Bicgstab:  Solving for omega, Initial residual = 1.2811538618914669e-05, Final residual = 8.517143078247583e-07, No Iterations 2, Solve time = 14.229 ms
bounding omega, min: -59879.34598904929 max: 45355982.624495886 average: 6373.109543717242
Schwarz(Jacobi)+Bicgstab:  Solving for k, Initial residual = 0.00024109793638966688, Final residual = 1.2440476465010105e-05, No Iterations 2, Solve time = 14.145 ms
bounding k, min: -0.002932427326255517 max: 890.511319428715 average: 9.146428698170391
[mem] after-turb: DEVICE_POOL current=19061 MB  actual(reserved)=38146 MB  highWater=24788 MB
ExecutionTime = 86.72 s  ClockTime = 87 s

Time = 1018
[mem] step-start: DEVICE_POOL current=19061 MB  actual(reserved)=38146 MB  highWater=24788 MB
Schwarz(Jacobi)+Bicgstab:  Solving for Ux, Initial residual = 7.905092071681693e-05, Final residual = 2.6202049245347357e-06, No Iterations 3, Solve time = 19.792 ms
Schwarz(Jacobi)+Bicgstab:  Solving for Uy, Initial residual = 0.004079610829571679, Final residual = 0.00014079388854256668, No Iterations 3, Solve time = 19.485 ms
Schwarz(Jacobi)+Bicgstab:  Solving for Uz, Initial residual = 0.0011119946198701867, Final residual = 7.947199129814352e-05, No Iterations 2, Solve time = 16.017 ms
[mem] after-UEqn: DEVICE_POOL current=19061 MB  actual(reserved)=38146 MB  highWater=24788 MB
config(Cg+Multigrid):  Solving for p, Initial residual = 0.001291389009357796, Final residual = 1.0283220642635645e-05, No Iterations 7, Solve time = 165.684 ms
time step continuity errors : sum local = 2.5789783955605163e-06, global = 1.7337250939105694e-09, cumulative = -1.4155663948627798e-07
[mem] after-pEqn: DEVICE_POOL current=19061 MB  actual(reserved)=38146 MB  highWater=24788 MB
Schwarz(Jacobi)+Bicgstab:  Solving for omega, Initial residual = 1.2786063680362201e-05, Final residual = 8.489663300152571e-07, No Iterations 2, Solve time = 14.093 ms
bounding omega, min: -365487.48190438666 max: 45355982.57822654 average: 6372.805942658919
Schwarz(Jacobi)+Bicgstab:  Solving for k, Initial residual = 0.00024114979009381288, Final residual = 1.4085233883151273e-05, No Iterations 2, Solve time = 13.852 ms
bounding k, min: -0.00038654362883294713 max: 889.13159781803 average: 9.145664477897206
[mem] after-turb: DEVICE_POOL current=19061 MB  actual(reserved)=38146 MB  highWater=24788 MB
ExecutionTime = 89.38 s  ClockTime = 90 s

Time = 1019
[mem] step-start: DEVICE_POOL current=19061 MB  actual(reserved)=38146 MB  highWater=24788 MB
Schwarz(Jacobi)+Bicgstab:  Solving for Ux, Initial residual = 7.895928644861187e-05, Final residual = 4.149867102864257e-06, No Iterations 2, Solve time = 16.285 ms
Schwarz(Jacobi)+Bicgstab:  Solving for Uy, Initial residual = 0.004092446288223554, Final residual = 0.00013993551180088517, No Iterations 3, Solve time = 19.32 ms
Schwarz(Jacobi)+Bicgstab:  Solving for Uz, Initial residual = 0.0011113601032283736, Final residual = 7.899822289890486e-05, No Iterations 2, Solve time = 16.383 ms
[mem] after-UEqn: DEVICE_POOL current=19061 MB  actual(reserved)=38146 MB  highWater=24788 MB
config(Cg+Multigrid):  Solving for p, Initial residual = 0.0012940403659283401, Final residual = 1.0257275044972588e-05, No Iterations 7, Solve time = 165.765 ms
time step continuity errors : sum local = 2.572023493170365e-06, global = 2.7240538160349833e-09, cumulative = -1.38832585670243e-07
[mem] after-pEqn: DEVICE_POOL current=19061 MB  actual(reserved)=38146 MB  highWater=24788 MB
Schwarz(Jacobi)+Bicgstab:  Solving for omega, Initial residual = 1.2828701316123532e-05, Final residual = 8.465140811118474e-07, No Iterations 2, Solve time = 14.239 ms
bounding omega, min: -54509.27829215721 max: 45355982.570833445 average: 6372.550510667185
Schwarz(Jacobi)+Bicgstab:  Solving for k, Initial residual = 0.00024150991726319817, Final residual = 1.1524446551392133e-05, No Iterations 2, Solve time = 14.386 ms
bounding k, min: -0.008309484416970436 max: 887.5759273012916 average: 9.145065048587218
[mem] after-turb: DEVICE_POOL current=19061 MB  actual(reserved)=38146 MB  highWater=24788 MB
ExecutionTime = 92.04000000000001 s  ClockTime = 93 s

Time = 1020
[mem] step-start: DEVICE_POOL current=19061 MB  actual(reserved)=38146 MB  highWater=24788 MB
Schwarz(Jacobi)+Bicgstab:  Solving for Ux, Initial residual = 7.903143799528271e-05, Final residual = 3.581118577392819e-06, No Iterations 2, Solve time = 16.393 ms
Schwarz(Jacobi)+Bicgstab:  Solving for Uy, Initial residual = 0.0041051145643392455, Final residual = 0.0003439245459103661, No Iterations 2, Solve time = 16.519 ms
Schwarz(Jacobi)+Bicgstab:  Solving for Uz, Initial residual = 0.001110738587933038, Final residual = 8.032022699687897e-05, No Iterations 2, Solve time = 16.146 ms
[mem] after-UEqn: DEVICE_POOL current=19061 MB  actual(reserved)=38146 MB  highWater=24788 MB
config(Cg+Multigrid):  Solving for p, Initial residual = 0.0012978420935417286, Final residual = 1.006177662265798e-05, No Iterations 7, Solve time = 163.002 ms
time step continuity errors : sum local = 2.522751287564917e-06, global = 2.411158420732083e-09, cumulative = -1.364214272495109e-07
[mem] after-pEqn: DEVICE_POOL current=19061 MB  actual(reserved)=38146 MB  highWater=24788 MB
Schwarz(Jacobi)+Bicgstab:  Solving for omega, Initial residual = 1.2772497895788796e-05, Final residual = 8.41828916676316e-07, No Iterations 2, Solve time = 14.296 ms
bounding omega, min: -61281.3353932083 max: 45355982.57267967 average: 6372.237248341408
Schwarz(Jacobi)+Bicgstab:  Solving for k, Initial residual = 0.00024155496057099167, Final residual = 1.4344013034203413e-05, No Iterations 2, Solve time = 14.02 ms
bounding k, min: -0.0003574653468719829 max: 885.986584750359 average: 9.144269939199129
[mem] after-turb: DEVICE_POOL current=19061 MB  actual(reserved)=38146 MB  highWater=24788 MB
ExecutionTime = 94.69 s  ClockTime = 95 s

Time = 1021
[mem] step-start: DEVICE_POOL current=19061 MB  actual(reserved)=38146 MB  highWater=24788 MB
Schwarz(Jacobi)+Bicgstab:  Solving for Ux, Initial residual = 7.913839057649794e-05, Final residual = 2.652827009478498e-06, No Iterations 3, Solve time = 19.618 ms
Schwarz(Jacobi)+Bicgstab:  Solving for Uy, Initial residual = 0.004101101240456175, Final residual = 0.00015608591618522974, No Iterations 3, Solve time = 19.282 ms
Schwarz(Jacobi)+Bicgstab:  Solving for Uz, Initial residual = 0.0011125245986165068, Final residual = 8.013030653281798e-05, No Iterations 2, Solve time = 16.366 ms
[mem] after-UEqn: DEVICE_POOL current=19061 MB  actual(reserved)=38146 MB  highWater=24788 MB
config(Cg+Multigrid):  Solving for p, Initial residual = 0.0012920605064349713, Final residual = 1.0015916857191226e-05, No Iterations 7, Solve time = 157.725 ms
time step continuity errors : sum local = 2.5111874194544188e-06, global = 2.859875071628911e-09, cumulative = -1.33561552177882e-07
[mem] after-pEqn: DEVICE_POOL current=19061 MB  actual(reserved)=38146 MB  highWater=24788 MB
Schwarz(Jacobi)+Bicgstab:  Solving for omega, Initial residual = 1.2844498989946818e-05, Final residual = 8.439014305175447e-07, No Iterations 2, Solve time = 14.277 ms
bounding omega, min: -58669.89740172886 max: 45355982.579591446 average: 6371.958517879958
Schwarz(Jacobi)+Bicgstab:  Solving for k, Initial residual = 0.0002417184869348053, Final residual = 1.4048125107385308e-05, No Iterations 2, Solve time = 14.154 ms
bounding k, min: -0.0008862822009501788 max: 884.3514547979928 average: 9.143581041681191
[mem] after-turb: DEVICE_POOL current=19061 MB  actual(reserved)=38146 MB  highWater=24788 MB
ExecutionTime = 97.34999999999999 s  ClockTime = 98 s

Time = 1022
[mem] step-start: DEVICE_POOL current=19061 MB  actual(reserved)=38146 MB  highWater=24788 MB
Schwarz(Jacobi)+Bicgstab:  Solving for Ux, Initial residual = 7.908911591565693e-05, Final residual = 3.634630898482576e-06, No Iterations 2, Solve time = 16.481 ms
Schwarz(Jacobi)+Bicgstab:  Solving for Uy, Initial residual = 0.004106553133565399, Final residual = 0.00014920235637084963, No Iterations 3, Solve time = 19.466 ms
Schwarz(Jacobi)+Bicgstab:  Solving for Uz, Initial residual = 0.0011129906173370082, Final residual = 8.062730818461613e-05, No Iterations 2, Solve time = 16.422 ms
[mem] after-UEqn: DEVICE_POOL current=19061 MB  actual(reserved)=38146 MB  highWater=24788 MB
config(Cg+Multigrid):  Solving for p, Initial residual = 0.0012951412281538603, Final residual = 1.0016545202805705e-05, No Iterations 7, Solve time = 163.586 ms
time step continuity errors : sum local = 2.5112300172388283e-06, global = 1.8365809686834997e-09, cumulative = -1.317249712091985e-07
[mem] after-pEqn: DEVICE_POOL current=19061 MB  actual(reserved)=38146 MB  highWater=24788 MB
Schwarz(Jacobi)+Bicgstab:  Solving for omega, Initial residual = 1.2820014424679037e-05, Final residual = 8.414038754215844e-07, No Iterations 2, Solve time = 14.081 ms
bounding omega, min: -306858.29569129035 max: 45355982.591082744 average: 6371.698580386459
Schwarz(Jacobi)+Bicgstab:  Solving for k, Initial residual = 0.0002418398068371166, Final residual = 1.4229823511499085e-05, No Iterations 2, Solve time = 14.174 ms
bounding k, min: -0.0013822017861208902 max: 882.697287786874 average: 9.142860163592314
[mem] after-turb: DEVICE_POOL current=19061 MB  actual(reserved)=38146 MB  highWater=24788 MB
ExecutionTime = 100.02 s  ClockTime = 101 s

Time = 1023
[mem] step-start: DEVICE_POOL current=19061 MB  actual(reserved)=38146 MB  highWater=24788 MB
Schwarz(Jacobi)+Bicgstab:  Solving for Ux, Initial residual = 7.914289838382847e-05, Final residual = 2.5656762216291963e-06, No Iterations 3, Solve time = 19.902 ms
Schwarz(Jacobi)+Bicgstab:  Solving for Uy, Initial residual = 0.004117803474340877, Final residual = 0.00014308871398818274, No Iterations 3, Solve time = 19.201 ms
Schwarz(Jacobi)+Bicgstab:  Solving for Uz, Initial residual = 0.0011129042844608848, Final residual = 8.083762375473897e-05, No Iterations 2, Solve time = 16.084 ms
[mem] after-UEqn: DEVICE_POOL current=19061 MB  actual(reserved)=38146 MB  highWater=24788 MB
config(Cg+Multigrid):  Solving for p, Initial residual = 0.001290830488869747, Final residual = 9.965545168663167e-06, No Iterations 7, Solve time = 164.072 ms
time step continuity errors : sum local = 2.4982613197336943e-06, global = 7.941857660750111e-10, cumulative = -1.309307854431235e-07
[mem] after-pEqn: DEVICE_POOL current=19061 MB  actual(reserved)=38146 MB  highWater=24788 MB
Schwarz(Jacobi)+Bicgstab:  Solving for omega, Initial residual = 1.2821302641221845e-05, Final residual = 8.353374928175267e-07, No Iterations 2, Solve time = 14.31 ms
bounding omega, min: -61038.48045337746 max: 45355982.60668361 average: 6371.5180783658825
Schwarz(Jacobi)+Bicgstab:  Solving for k, Initial residual = 0.00024195767273350248, Final residual = 1.1768623695110623e-05, No Iterations 2, Solve time = 14.211 ms
bounding k, min: -0.012013482378956455 max: 881.0701088456325 average: 9.142247713076946
[mem] after-turb: DEVICE_POOL current=19061 MB  actual(reserved)=38146 MB  highWater=24788 MB
ExecutionTime = 102.68 s  ClockTime = 103 s

Time = 1024
[mem] step-start: DEVICE_POOL current=19061 MB  actual(reserved)=38146 MB  highWater=24788 MB
Schwarz(Jacobi)+Bicgstab:  Solving for Ux, Initial residual = 7.907407625896484e-05, Final residual = 4.01633077510826e-06, No Iterations 2, Solve time = 16.604 ms
Schwarz(Jacobi)+Bicgstab:  Solving for Uy, Initial residual = 0.0041301910302854, Final residual = 0.00014278000141170665, No Iterations 3, Solve time = 19.84 ms
Schwarz(Jacobi)+Bicgstab:  Solving for Uz, Initial residual = 0.0011123544269087697, Final residual = 8.136043920583082e-05, No Iterations 2, Solve time = 16.769 ms
[mem] after-UEqn: DEVICE_POOL current=19061 MB  actual(reserved)=38146 MB  highWater=24788 MB
config(Cg+Multigrid):  Solving for p, Initial residual = 0.001296248302328563, Final residual = 1.0018533464911305e-05, No Iterations 7, Solve time = 160.476 ms
time step continuity errors : sum local = 2.5111821816732182e-06, global = 1.7156264674188662e-09, cumulative = -1.2921515897570464e-07
[mem] after-pEqn: DEVICE_POOL current=19061 MB  actual(reserved)=38146 MB  highWater=24788 MB
Schwarz(Jacobi)+Bicgstab:  Solving for omega, Initial residual = 1.2745430200889402e-05, Final residual = 8.288613805403626e-07, No Iterations 2, Solve time = 13.9 ms
bounding omega, min: -58215.72141498986 max: 45355982.6247855 average: 6371.321098284894
Schwarz(Jacobi)+Bicgstab:  Solving for k, Initial residual = 0.00024180083936233481, Final residual = 2.3500818981099956e-05, No Iterations 2, Solve time = 14.382 ms
bounding k, min: -0.015548147988339811 max: 879.6130515573134 average: 9.141209444458271
[mem] after-turb: DEVICE_POOL current=19061 MB  actual(reserved)=38146 MB  highWater=24788 MB
ExecutionTime = 105.33 s  ClockTime = 106 s

Time = 1025
[mem] step-start: DEVICE_POOL current=19061 MB  actual(reserved)=38146 MB  highWater=24788 MB
Schwarz(Jacobi)+Bicgstab:  Solving for Ux, Initial residual = 7.911550676460035e-05, Final residual = 2.591450469927406e-06, No Iterations 3, Solve time = 19.505 ms
Schwarz(Jacobi)+Bicgstab:  Solving for Uy, Initial residual = 0.004144164734726636, Final residual = 0.00014522425284126963, No Iterations 3, Solve time = 19.615 ms
Schwarz(Jacobi)+Bicgstab:  Solving for Uz, Initial residual = 0.0011120930004025853, Final residual = 7.928258783851463e-05, No Iterations 2, Solve time = 15.909 ms
[mem] after-UEqn: DEVICE_POOL current=19061 MB  actual(reserved)=38146 MB  highWater=24788 MB
config(Cg+Multigrid):  Solving for p, Initial residual = 0.001288435545741256, Final residual = 1.0130198018438496e-05, No Iterations 7, Solve time = 164.347 ms
time step continuity errors : sum local = 2.5385484758263163e-06, global = 1.431777264900581e-09, cumulative = -1.2778338171080406e-07
[mem] after-pEqn: DEVICE_POOL current=19061 MB  actual(reserved)=38146 MB  highWater=24788 MB
Schwarz(Jacobi)+Bicgstab:  Solving for omega, Initial residual = 1.2932341861547513e-05, Final residual = 8.2993353807464e-07, No Iterations 2, Solve time = 14.138 ms
bounding omega, min: -57219.53418926587 max: 45355982.64071898 average: 6371.131738664698
Schwarz(Jacobi)+Bicgstab:  Solving for k, Initial residual = 0.00024285679420062148, Final residual = 1.2446685979217974e-05, No Iterations 2, Solve time = 14.183 ms
bounding k, min: -0.014530467779911266 max: 878.3108197561249 average: 9.140578432973632
[mem] after-turb: DEVICE_POOL current=19061 MB  actual(reserved)=38146 MB  highWater=24788 MB
ExecutionTime = 108 s  ClockTime = 109 s

Time = 1026
[mem] step-start: DEVICE_POOL current=19061 MB  actual(reserved)=38146 MB  highWater=24788 MB
Schwarz(Jacobi)+Bicgstab:  Solving for Ux, Initial residual = 7.900458799269974e-05, Final residual = 2.3898380338627464e-06, No Iterations 3, Solve time = 19.857 ms
Schwarz(Jacobi)+Bicgstab:  Solving for Uy, Initial residual = 0.004156407772404041, Final residual = 0.00029146926517059586, No Iterations 2, Solve time = 16.4 ms
Schwarz(Jacobi)+Bicgstab:  Solving for Uz, Initial residual = 0.001111569055661197, Final residual = 7.819236165889116e-05, No Iterations 2, Solve time = 16.117 ms
[mem] after-UEqn: DEVICE_POOL current=19061 MB  actual(reserved)=38146 MB  highWater=24788 MB
config(Cg+Multigrid):  Solving for p, Initial residual = 0.0012895882784538487, Final residual = 1.0455724544799636e-05, No Iterations 7, Solve time = 166.273 ms
time step continuity errors : sum local = 2.6193084394535437e-06, global = -4.808362336497846e-10, cumulative = -1.2826421794445384e-07
[mem] after-pEqn: DEVICE_POOL current=19061 MB  actual(reserved)=38146 MB  highWater=24788 MB
Schwarz(Jacobi)+Bicgstab:  Solving for omega, Initial residual = 1.2720458260199492e-05, Final residual = 8.26616535176795e-07, No Iterations 2, Solve time = 14.614 ms
bounding omega, min: -362715.87356480444 max: 45355982.65296419 average: 6371.027089934173
Schwarz(Jacobi)+Bicgstab:  Solving for k, Initial residual = 0.00024287820232955583, Final residual = 6.187482036587519e-06, No Iterations 3, Solve time = 17.661 ms
bounding k, min: -1.6053233131436033e-06 max: 877.0934844246896 average: 9.139968477049075
[mem] after-turb: DEVICE_POOL current=19061 MB  actual(reserved)=38146 MB  highWater=24788 MB
ExecutionTime = 110.65 s  ClockTime = 111 s

Time = 1027
[mem] step-start: DEVICE_POOL current=19061 MB  actual(reserved)=38146 MB  highWater=24788 MB
Schwarz(Jacobi)+Bicgstab:  Solving for Ux, Initial residual = 7.903638604978461e-05, Final residual = 4.573992620334404e-06, No Iterations 2, Solve time = 16.441 ms
Schwarz(Jacobi)+Bicgstab:  Solving for Uy, Initial residual = 0.004154692511855512, Final residual = 0.00015459520284391616, No Iterations 3, Solve time = 19.351 ms
Schwarz(Jacobi)+Bicgstab:  Solving for Uz, Initial residual = 0.0011126754919995442, Final residual = 7.871101763130063e-05, No Iterations 2, Solve time = 16.123 ms
[mem] after-UEqn: DEVICE_POOL current=19061 MB  actual(reserved)=38146 MB  highWater=24788 MB
config(Cg+Multigrid):  Solving for p, Initial residual = 0.0012946989528578232, Final residual = 1.0969899834337428e-05, No Iterations 7, Solve time = 163.021 ms
time step continuity errors : sum local = 2.747090074912818e-06, global = -1.1244793605652606e-09, cumulative = -1.293886973050191e-07
[mem] after-pEqn: DEVICE_POOL current=19061 MB  actual(reserved)=38146 MB  highWater=24788 MB
Schwarz(Jacobi)+Bicgstab:  Solving for omega, Initial residual = 1.2690589448362974e-05, Final residual = 8.18908319755364e-07, No Iterations 2, Solve time = 14.268 ms
bounding omega, min: -57281.864934239 max: 45355982.661520064 average: 6370.867574882515
Schwarz(Jacobi)+Bicgstab:  Solving for k, Initial residual = 0.00024191949438854586, Final residual = 1.3391006949778236e-05, No Iterations 2, Solve time = 14.27 ms
bounding k, min: -2.979952614140053e-08 max: 876.0385328180969 average: 9.138981869680649
[mem] after-turb: DEVICE_POOL current=19061 MB  actual(reserved)=38146 MB  highWater=24788 MB
ExecutionTime = 113.32 s  ClockTime = 114 s

Time = 1028
[mem] step-start: DEVICE_POOL current=19061 MB  actual(reserved)=38146 MB  highWater=24788 MB
Schwarz(Jacobi)+Bicgstab:  Solving for Ux, Initial residual = 7.9083037575265e-05, Final residual = 2.5077533072735684e-06, No Iterations 3, Solve time = 19.761 ms
Schwarz(Jacobi)+Bicgstab:  Solving for Uy, Initial residual = 0.004160885538316863, Final residual = 0.00014720866312138215, No Iterations 3, Solve time = 19.414 ms
Schwarz(Jacobi)+Bicgstab:  Solving for Uz, Initial residual = 0.001113412467491722, Final residual = 7.84195149152484e-05, No Iterations 2, Solve time = 15.932 ms
[mem] after-UEqn: DEVICE_POOL current=19061 MB  actual(reserved)=38146 MB  highWater=24788 MB
config(Cg+Multigrid):  Solving for p, Initial residual = 0.00128787080065303, Final residual = 1.1495198668817077e-05, No Iterations 7, Solve time = 164.896 ms
time step continuity errors : sum local = 2.877601399330059e-06, global = -2.722912292719371e-09, cumulative = -1.321116095977385e-07
[mem] after-pEqn: DEVICE_POOL current=19061 MB  actual(reserved)=38146 MB  highWater=24788 MB
Schwarz(Jacobi)+Bicgstab:  Solving for omega, Initial residual = 1.2798549739552734e-05, Final residual = 8.15097160041834e-07, No Iterations 2, Solve time = 14.257 ms
bounding omega, min: -55499.90431380542 max: 45355982.66688361 average: 6370.694628989339
Schwarz(Jacobi)+Bicgstab:  Solving for k, Initial residual = 0.00024216140047814716, Final residual = 1.4466654399389236e-05, No Iterations 2, Solve time = 13.885 ms
[mem] after-turb: DEVICE_POOL current=19061 MB  actual(reserved)=38146 MB  highWater=24788 MB
ExecutionTime = 115.98 s  ClockTime = 117 s

Time = 1029
[mem] step-start: DEVICE_POOL current=19061 MB  actual(reserved)=38146 MB  highWater=24788 MB
Schwarz(Jacobi)+Bicgstab:  Solving for Ux, Initial residual = 7.897561228896968e-05, Final residual = 2.473141241385903e-06, No Iterations 3, Solve time = 19.863 ms
Schwarz(Jacobi)+Bicgstab:  Solving for Uy, Initial residual = 0.0041708085882634915, Final residual = 0.00013992793962464074, No Iterations 3, Solve time = 19.309 ms
Schwarz(Jacobi)+Bicgstab:  Solving for Uz, Initial residual = 0.0011134233308938161, Final residual = 7.843553282184244e-05, No Iterations 2, Solve time = 16.085 ms
[mem] after-UEqn: DEVICE_POOL current=19061 MB  actual(reserved)=38146 MB  highWater=24788 MB
config(Cg+Multigrid):  Solving for p, Initial residual = 0.0012870818234949966, Final residual = 1.1821143535227685e-05, No Iterations 7, Solve time = 164.899 ms
time step continuity errors : sum local = 2.958002545169327e-06, global = -2.7980022051903163e-09, cumulative = -1.3490961180292882e-07
[mem] after-pEqn: DEVICE_POOL current=19061 MB  actual(reserved)=38146 MB  highWater=24788 MB
Schwarz(Jacobi)+Bicgstab:  Solving for omega, Initial residual = 1.2791953701940508e-05, Final residual = 8.153071021337348e-07, No Iterations 2, Solve time = 14.253 ms
bounding omega, min: -55529.63281995114 max: 45355982.67098764 average: 6370.572842435326
Schwarz(Jacobi)+Bicgstab:  Solving for k, Initial residual = 0.00024257730851825972, Final residual = 1.5338748042495772e-05, No Iterations 2, Solve time = 14.214 ms
bounding k, min: -0.0002907306117201213 max: 874.3641847887465 average: 9.13733262584351
[mem] after-turb: DEVICE_POOL current=19061 MB  actual(reserved)=38146 MB  highWater=24788 MB
ExecutionTime = 118.64 s  ClockTime = 120 s

Time = 1030
[mem] step-start: DEVICE_POOL current=19061 MB  actual(reserved)=38146 MB  highWater=24788 MB
Schwarz(Jacobi)+Bicgstab:  Solving for Ux, Initial residual = 7.893029456892564e-05, Final residual = 2.44294656293345e-06, No Iterations 3, Solve time = 19.815 ms
Schwarz(Jacobi)+Bicgstab:  Solving for Uy, Initial residual = 0.004181896139845061, Final residual = 0.0001379715096801184, No Iterations 3, Solve time = 19.422 ms
Schwarz(Jacobi)+Bicgstab:  Solving for Uz, Initial residual = 0.0011131189906742121, Final residual = 7.827616684557903e-05, No Iterations 2, Solve time = 16.43 ms
[mem] after-UEqn: DEVICE_POOL current=19061 MB  actual(reserved)=38146 MB  highWater=24788 MB
config(Cg+Multigrid):  Solving for p, Initial residual = 0.0012868126997400825, Final residual = 1.2199802610452796e-05, No Iterations 7, Solve time = 164.411 ms
time step continuity errors : sum local = 3.0513887060924473e-06, global = -3.5602405707294467e-09, cumulative = -1.3846985237365825e-07
[mem] after-pEqn: DEVICE_POOL current=19061 MB  actual(reserved)=38146 MB  highWater=24788 MB
Schwarz(Jacobi)+Bicgstab:  Solving for omega, Initial residual = 1.2785374162971613e-05, Final residual = 8.166321793764675e-07, No Iterations 2, Solve time = 14.042 ms
bounding omega, min: -254353.56965734952 max: 45355982.67482285 average: 6370.486996177722
Schwarz(Jacobi)+Bicgstab:  Solving for k, Initial residual = 0.00024309440488869797, Final residual = 1.6070741400492123e-05, No Iterations 2, Solve time = 14.253 ms
[mem] after-turb: DEVICE_POOL current=19061 MB  actual(reserved)=38146 MB  highWater=24788 MB
ExecutionTime = 121.3 s  ClockTime = 122 s

Time = 1031
[mem] step-start: DEVICE_POOL current=19061 MB  actual(reserved)=38146 MB  highWater=24788 MB
Schwarz(Jacobi)+Bicgstab:  Solving for Ux, Initial residual = 7.890562661692583e-05, Final residual = 3.491783320131276e-06, No Iterations 2, Solve time = 16.516 ms
Schwarz(Jacobi)+Bicgstab:  Solving for Uy, Initial residual = 0.004193881123484821, Final residual = 0.00013931644515612323, No Iterations 3, Solve time = 19.539 ms
Schwarz(Jacobi)+Bicgstab:  Solving for Uz, Initial residual = 0.0011127691175091897, Final residual = 7.864343875854108e-05, No Iterations 2, Solve time = 16.032 ms
[mem] after-UEqn: DEVICE_POOL current=19061 MB  actual(reserved)=38146 MB  highWater=24788 MB
config(Cg+Multigrid):  Solving for p, Initial residual = 0.0012903186334216285, Final residual = 1.2138869868301125e-05, No Iterations 7, Solve time = 164.85 ms
time step continuity errors : sum local = 3.0348731965630805e-06, global = -2.5731632654685984e-09, cumulative = -1.4104301563912686e-07
[mem] after-pEqn: DEVICE_POOL current=19061 MB  actual(reserved)=38146 MB  highWater=24788 MB
Schwarz(Jacobi)+Bicgstab:  Solving for omega, Initial residual = 1.2788301535868416e-05, Final residual = 8.139245128425689e-07, No Iterations 2, Solve time = 14.046 ms
bounding omega, min: -53570.438938366744 max: 45355982.67904774 average: 6370.43355626545
Schwarz(Jacobi)+Bicgstab:  Solving for k, Initial residual = 0.00024368299716686736, Final residual = 1.64902718618141e-05, No Iterations 2, Solve time = 14.123 ms
[mem] after-turb: DEVICE_POOL current=19061 MB  actual(reserved)=38146 MB  highWater=24788 MB
ExecutionTime = 123.95 s  ClockTime = 125 s

Time = 1032
[mem] step-start: DEVICE_POOL current=19061 MB  actual(reserved)=38146 MB  highWater=24788 MB
Schwarz(Jacobi)+Bicgstab:  Solving for Ux, Initial residual = 7.89617203258686e-05, Final residual = 2.4634777699346394e-06, No Iterations 3, Solve time = 19.663 ms
Schwarz(Jacobi)+Bicgstab:  Solving for Uy, Initial residual = 0.004206587026587657, Final residual = 0.00035753645013048946, No Iterations 2, Solve time = 16.074 ms
Schwarz(Jacobi)+Bicgstab:  Solving for Uz, Initial residual = 0.0011130251176422357, Final residual = 7.815231960374875e-05, No Iterations 2, Solve time = 15.749 ms
[mem] after-UEqn: DEVICE_POOL current=19061 MB  actual(reserved)=38146 MB  highWater=24788 MB
config(Cg+Multigrid):  Solving for p, Initial residual = 0.0012921261814952442, Final residual = 1.1920136572760418e-05, No Iterations 7, Solve time = 164.412 ms
time step continuity errors : sum local = 2.979248442773472e-06, global = -1.4581532590609443e-09, cumulative = -1.425011688981878e-07
[mem] after-pEqn: DEVICE_POOL current=19061 MB  actual(reserved)=38146 MB  highWater=24788 MB
Schwarz(Jacobi)+Bicgstab:  Solving for omega, Initial residual = 1.2790128236775958e-05, Final residual = 8.171158336742527e-07, No Iterations 2, Solve time = 14.002 ms
bounding omega, min: -51713.54618355318 max: 45355982.683654666 average: 6370.354163961267
Schwarz(Jacobi)+Bicgstab:  Solving for k, Initial residual = 0.0002443752636417126, Final residual = 1.6739825123766533e-05, No Iterations 2, Solve time = 14.167 ms
[mem] after-turb: DEVICE_POOL current=19061 MB  actual(reserved)=38146 MB  highWater=24788 MB
ExecutionTime = 126.61 s  ClockTime = 128 s

Time = 1033
[mem] step-start: DEVICE_POOL current=19061 MB  actual(reserved)=38146 MB  highWater=24788 MB
Schwarz(Jacobi)+Bicgstab:  Solving for Ux, Initial residual = 7.903164237705184e-05, Final residual = 2.4845828990917098e-06, No Iterations 3, Solve time = 19.967 ms
Schwarz(Jacobi)+Bicgstab:  Solving for Uy, Initial residual = 0.004201988337230316, Final residual = 0.00015740903206272076, No Iterations 3, Solve time = 19.786 ms
Schwarz(Jacobi)+Bicgstab:  Solving for Uz, Initial residual = 0.0011153989050103166, Final residual = 7.79433862230588e-05, No Iterations 2, Solve time = 16.116 ms
[mem] after-UEqn: DEVICE_POOL current=19061 MB  actual(reserved)=38146 MB  highWater=24788 MB
config(Cg+Multigrid):  Solving for p, Initial residual = 0.0012887610741931029, Final residual = 1.1656801513368166e-05, No Iterations 7, Solve time = 165.743 ms
time step continuity errors : sum local = 2.9127953395219388e-06, global = 3.193900992710638e-09, cumulative = -1.3930726790547717e-07
[mem] after-pEqn: DEVICE_POOL current=19061 MB  actual(reserved)=38146 MB  highWater=24788 MB
Schwarz(Jacobi)+Bicgstab:  Solving for omega, Initial residual = 1.279831226706283e-05, Final residual = 8.239109397820057e-07, No Iterations 2, Solve time = 13.985 ms
bounding omega, min: -51304.82309791369 max: 45355982.68800993 average: 6370.327635275987
Schwarz(Jacobi)+Bicgstab:  Solving for k, Initial residual = 0.0002449811174240851, Final residual = 1.6493480904196327e-05, No Iterations 2, Solve time = 14.4 ms
bounding k, min: -9.795992474780275e-05 max: 872.5115611903417 average: 9.134056367043659
[mem] after-turb: DEVICE_POOL current=19061 MB  actual(reserved)=38146 MB  highWater=24788 MB
ExecutionTime = 129.27 s  ClockTime = 130 s

Time = 1034
[mem] step-start: DEVICE_POOL current=19061 MB  actual(reserved)=38146 MB  highWater=24788 MB
Schwarz(Jacobi)+Bicgstab:  Solving for Ux, Initial residual = 7.906322197014428e-05, Final residual = 3.4389900620032532e-06, No Iterations 2, Solve time = 16.575 ms
Schwarz(Jacobi)+Bicgstab:  Solving for Uy, Initial residual = 0.00420942088040823, Final residual = 0.000146695542445834, No Iterations 3, Solve time = 19.662 ms
Schwarz(Jacobi)+Bicgstab:  Solving for Uz, Initial residual = 0.0011169041979993536, Final residual = 7.737188932718805e-05, No Iterations 2, Solve time = 16.131 ms
[mem] after-UEqn: DEVICE_POOL current=19061 MB  actual(reserved)=38146 MB  highWater=24788 MB
config(Cg+Multigrid):  Solving for p, Initial residual = 0.0012924181562865328, Final residual = 1.1397350429309473e-05, No Iterations 7, Solve time = 163.511 ms
time step continuity errors : sum local = 2.8477944369456583e-06, global = 2.3021291864911136e-09, cumulative = -1.3700513871898605e-07
[mem] after-pEqn: DEVICE_POOL current=19061 MB  actual(reserved)=38146 MB  highWater=24788 MB
Schwarz(Jacobi)+Bicgstab:  Solving for omega, Initial residual = 1.2802788968874345e-05, Final residual = 8.285848368547667e-07, No Iterations 2, Solve time = 14.454 ms
bounding omega, min: -198102.59536357594 max: 45355982.69162022 average: 6370.310118534487
Schwarz(Jacobi)+Bicgstab:  Solving for k, Initial residual = 0.0002454973010059107, Final residual = 1.5629822755601877e-05, No Iterations 2, Solve time = 14.244 ms
bounding k, min: -4.738241331754736e-05 max: 872.2629753286164 average: 9.133260535838458
[mem] after-turb: DEVICE_POOL current=19061 MB  actual(reserved)=38146 MB  highWater=24788 MB
ExecutionTime = 131.94 s  ClockTime = 133 s

Time = 1035
[mem] step-start: DEVICE_POOL current=19061 MB  actual(reserved)=38146 MB  highWater=24788 MB
Schwarz(Jacobi)+Bicgstab:  Solving for Ux, Initial residual = 7.914095344866886e-05, Final residual = 2.3620242195504082e-06, No Iterations 3, Solve time = 19.553 ms
Schwarz(Jacobi)+Bicgstab:  Solving for Uy, Initial residual = 0.0042240783774001546, Final residual = 0.00014235283070012262, No Iterations 3, Solve time = 19.679 ms
Schwarz(Jacobi)+Bicgstab:  Solving for Uz, Initial residual = 0.0011180176728085068, Final residual = 7.40192464504837e-05, No Iterations 2, Solve time = 15.969 ms
[mem] after-UEqn: DEVICE_POOL current=19061 MB  actual(reserved)=38146 MB  highWater=24788 MB
config(Cg+Multigrid):  Solving for p, Initial residual = 0.0012899532490454702, Final residual = 1.1176145848058742e-05, No Iterations 7, Solve time = 165.181 ms
time step continuity errors : sum local = 2.7930500633968424e-06, global = 3.9927327076572975e-09, cumulative = -1.3301240601132874e-07
[mem] after-pEqn: DEVICE_POOL current=19061 MB  actual(reserved)=38146 MB  highWater=24788 MB
Schwarz(Jacobi)+Bicgstab:  Solving for omega, Initial residual = 1.2815331043553476e-05, Final residual = 8.292290297822488e-07, No Iterations 2, Solve time = 14.279 ms
bounding omega, min: -49230.80941632514 max: 45355982.69237644 average: 6370.36080196456
Schwarz(Jacobi)+Bicgstab:  Solving for k, Initial residual = 0.00024591344272653653, Final residual = 1.4743219214935363e-05, No Iterations 2, Solve time = 14.016 ms
bounding k, min: -0.0001314845326464818 max: 872.0634384019563 average: 9.132538068797405
[mem] after-turb: DEVICE_POOL current=19061 MB  actual(reserved)=38146 MB  highWater=24788 MB
ExecutionTime = 134.62 s  ClockTime = 136 s

Time = 1036
[mem] step-start: DEVICE_POOL current=19061 MB  actual(reserved)=38146 MB  highWater=24788 MB
Schwarz(Jacobi)+Bicgstab:  Solving for Ux, Initial residual = 7.912850938193844e-05, Final residual = 2.841918852781853e-06, No Iterations 3, Solve time = 19.655 ms
Schwarz(Jacobi)+Bicgstab:  Solving for Uy, Initial residual = 0.004241497699295601, Final residual = 0.0001400817825814191, No Iterations 3, Solve time = 19.741 ms
Schwarz(Jacobi)+Bicgstab:  Solving for Uz, Initial residual = 0.0011184118166804537, Final residual = 7.097002470230142e-05, No Iterations 2, Solve time = 16.234 ms
[mem] after-UEqn: DEVICE_POOL current=19061 MB  actual(reserved)=38146 MB  highWater=24788 MB
config(Cg+Multigrid):  Solving for p, Initial residual = 0.0012901127480239047, Final residual = 1.0823696901357043e-05, No Iterations 7, Solve time = 165.963 ms
time step continuity errors : sum local = 2.706111387729526e-06, global = 5.919394962497368e-09, cumulative = -1.2709301104883137e-07
[mem] after-pEqn: DEVICE_POOL current=19061 MB  actual(reserved)=38146 MB  highWater=24788 MB
Schwarz(Jacobi)+Bicgstab:  Solving for omega, Initial residual = 1.2827208842247397e-05, Final residual = 8.346846580285684e-07, No Iterations 2, Solve time = 14.288 ms
bounding omega, min: -47907.457082867295 max: 45355982.68918766 average: 6370.392506385851
Schwarz(Jacobi)+Bicgstab:  Solving for k, Initial residual = 0.0002464077267070181, Final residual = 1.4740543339568547e-05, No Iterations 2, Solve time = 14.245 ms
bounding k, min: -3.5771659729908785e-05 max: 871.8994723685076 average: 9.131867179088388
[mem] after-turb: DEVICE_POOL current=19061 MB  actual(reserved)=38146 MB  highWater=24788 MB
ExecutionTime = 137.29 s  ClockTime = 138 s

Time = 1037
[mem] step-start: DEVICE_POOL current=19061 MB  actual(reserved)=38146 MB  highWater=24788 MB
Schwarz(Jacobi)+Bicgstab:  Solving for Ux, Initial residual = 7.918651846035752e-05, Final residual = 3.0475721361655924e-06, No Iterations 3, Solve time = 19.863 ms
Schwarz(Jacobi)+Bicgstab:  Solving for Uy, Initial residual = 0.004259643609770258, Final residual = 0.000142321634578483, No Iterations 3, Solve time = 19.158 ms
Schwarz(Jacobi)+Bicgstab:  Solving for Uz, Initial residual = 0.0011184783799253817, Final residual = 6.558598649303411e-05, No Iterations 2, Solve time = 16.057 ms
[mem] after-UEqn: DEVICE_POOL current=19061 MB  actual(reserved)=38146 MB  highWater=24788 MB
config(Cg+Multigrid):  Solving for p, Initial residual = 0.0012916480691148814, Final residual = 1.0637103153590065e-05, No Iterations 7, Solve time = 167.094 ms
time step continuity errors : sum local = 2.6610489793415016e-06, global = 7.374808677988552e-09, cumulative = -1.197182023708428e-07
[mem] after-pEqn: DEVICE_POOL current=19061 MB  actual(reserved)=38146 MB  highWater=24788 MB
Schwarz(Jacobi)+Bicgstab:  Solving for omega, Initial residual = 1.285509753206164e-05, Final residual = 8.459840905585985e-07, No Iterations 2, Solve time = 14.413 ms
bounding omega, min: -45934.40338261826 max: 45355982.6817652 average: 6370.428473292052
Schwarz(Jacobi)+Bicgstab:  Solving for k, Initial residual = 0.00024696818665941977, Final residual = 1.4663780485674606e-05, No Iterations 2, Solve time = 14.152 ms
bounding k, min: -0.00010251410735301264 max: 871.7654412173272 average: 9.131234254012583
[mem] after-turb: DEVICE_POOL current=19061 MB  actual(reserved)=38146 MB  highWater=24788 MB
ExecutionTime = 139.96 s  ClockTime = 141 s

Time = 1038
[mem] step-start: DEVICE_POOL current=19061 MB  actual(reserved)=38146 MB  highWater=24788 MB
Schwarz(Jacobi)+Bicgstab:  Solving for Ux, Initial residual = 7.927324071990196e-05, Final residual = 3.4880456317499333e-06, No Iterations 3, Solve time = 19.675 ms
Schwarz(Jacobi)+Bicgstab:  Solving for Uy, Initial residual = 0.004277467598743895, Final residual = 0.00014569467187156877, No Iterations 3, Solve time = 19.433 ms
Schwarz(Jacobi)+Bicgstab:  Solving for Uz, Initial residual = 0.0011182349780955825, Final residual = 1.9319373748731632e-05, No Iterations 4, Solve time = 22.482 ms
[mem] after-UEqn: DEVICE_POOL current=19061 MB  actual(reserved)=38146 MB  highWater=24788 MB
config(Cg+Multigrid):  Solving for p, Initial residual = 0.001291932588665817, Final residual = 1.0510568230853646e-05, No Iterations 7, Solve time = 166.358 ms
time step continuity errors : sum local = 2.631260588750001e-06, global = 4.840005314695092e-09, cumulative = -1.1487819705614771e-07
[mem] after-pEqn: DEVICE_POOL current=19061 MB  actual(reserved)=38146 MB  highWater=24788 MB
Schwarz(Jacobi)+Bicgstab:  Solving for omega, Initial residual = 1.2877849365857489e-05, Final residual = 8.553064335022849e-07, No Iterations 2, Solve time = 14.624 ms
bounding omega, min: -313371.65264460613 max: 45355982.670515805 average: 6370.4451076632495
Schwarz(Jacobi)+Bicgstab:  Solving for k, Initial residual = 0.00024747640409561683, Final residual = 1.4610870459936052e-05, No Iterations 2, Solve time = 14.215 ms
bounding k, min: -8.71879423268449e-05 max: 871.645016455914 average: 9.130636693734186
[mem] after-turb: DEVICE_POOL current=19061 MB  actual(reserved)=38146 MB  highWater=24788 MB
ExecutionTime = 142.63 s  ClockTime = 144 s

Time = 1039
[mem] step-start: DEVICE_POOL current=19061 MB  actual(reserved)=38146 MB  highWater=24788 MB
Schwarz(Jacobi)+Bicgstab:  Solving for Ux, Initial residual = 7.938105448389642e-05, Final residual = 7.279205658445468e-06, No Iterations 2, Solve time = 16.469 ms
Schwarz(Jacobi)+Bicgstab:  Solving for Uy, Initial residual = 0.004293444129168978, Final residual = 0.0003552518823332191, No Iterations 2, Solve time = 15.887 ms
Schwarz(Jacobi)+Bicgstab:  Solving for Uz, Initial residual = 0.0011135199082996053, Final residual = 7.762673499400872e-05, No Iterations 2, Solve time = 15.967 ms
[mem] after-UEqn: DEVICE_POOL current=19061 MB  actual(reserved)=38146 MB  highWater=24788 MB
config(Cg+Multigrid):  Solving for p, Initial residual = 0.0013046783292423227, Final residual = 1.017331327670767e-05, No Iterations 7, Solve time = 162.549 ms
time step continuity errors : sum local = 2.5490296485275093e-06, global = 6.780966888477829e-09, cumulative = -1.0809723016766989e-07
[mem] after-pEqn: DEVICE_POOL current=19061 MB  actual(reserved)=38146 MB  highWater=24788 MB
Schwarz(Jacobi)+Bicgstab:  Solving for omega, Initial residual = 1.2955842476787555e-05, Final residual = 8.70514656880269e-07, No Iterations 2, Solve time = 14.167 ms
bounding omega, min: -46207.232438411615 max: 45355982.655959405 average: 6370.542528993052
Schwarz(Jacobi)+Bicgstab:  Solving for k, Initial residual = 0.00024834116509850763, Final residual = 1.4610756546269453e-05, No Iterations 2, Solve time = 14.016 ms
bounding k, min: -3.0316522744577594e-05 max: 871.5276494978256 average: 9.130340187986278
[mem] after-turb: DEVICE_POOL current=19061 MB  actual(reserved)=38146 MB  highWater=24788 MB
ExecutionTime = 145.29 s  ClockTime = 146 s

Time = 1040
[mem] step-start: DEVICE_POOL current=19061 MB  actual(reserved)=38146 MB  highWater=24788 MB
Schwarz(Jacobi)+Bicgstab:  Solving for Ux, Initial residual = 7.985003477071764e-05, Final residual = 7.86929177400979e-06, No Iterations 2, Solve time = 16.555 ms
Schwarz(Jacobi)+Bicgstab:  Solving for Uy, Initial residual = 0.004287884423833876, Final residual = 0.00015982879432538315, No Iterations 3, Solve time = 19.832 ms
Schwarz(Jacobi)+Bicgstab:  Solving for Uz, Initial residual = 0.0011177975235890116, Final residual = 7.596812284175447e-05, No Iterations 2, Solve time = 16.056 ms
[mem] after-UEqn: DEVICE_POOL current=19061 MB  actual(reserved)=38146 MB  highWater=24788 MB
config(Cg+Multigrid):  Solving for p, Initial residual = 0.0013092829375293067, Final residual = 1.001440269240348e-05, No Iterations 7, Solve time = 162.475 ms
time step continuity errors : sum local = 2.5111764060707878e-06, global = 4.4291298547088956e-09, cumulative = -1.03668100312961e-07
[mem] after-pEqn: DEVICE_POOL current=19061 MB  actual(reserved)=38146 MB  highWater=24788 MB
Schwarz(Jacobi)+Bicgstab:  Solving for omega, Initial residual = 1.3024840998775453e-05, Final residual = 8.884094963807686e-07, No Iterations 2, Solve time = 14.227 ms
bounding omega, min: -45070.138615049334 max: 45355982.6394382 average: 6370.676573879251
Schwarz(Jacobi)+Bicgstab:  Solving for k, Initial residual = 0.00024908417322283105, Final residual = 1.2123006060206784e-05, No Iterations 2, Solve time = 13.993 ms
bounding k, min: -0.0027469412705020315 max: 871.409522547559 average: 9.13040102443746
[mem] after-turb: DEVICE_POOL current=19061 MB  actual(reserved)=38146 MB  highWater=24788 MB
ExecutionTime = 147.96 s  ClockTime = 149 s

Time = 1041
[mem] step-start: DEVICE_POOL current=19061 MB  actual(reserved)=38146 MB  highWater=24788 MB
Schwarz(Jacobi)+Bicgstab:  Solving for Ux, Initial residual = 8.02668726472749e-05, Final residual = 7.1881628336457485e-06, No Iterations 2, Solve time = 16.266 ms
Schwarz(Jacobi)+Bicgstab:  Solving for Uy, Initial residual = 0.00429436094500744, Final residual = 0.00014648814996136853, No Iterations 3, Solve time = 19.458 ms
Schwarz(Jacobi)+Bicgstab:  Solving for Uz, Initial residual = 0.0011213206853717208, Final residual = 7.186379753458416e-05, No Iterations 2, Solve time = 15.997 ms
[mem] after-UEqn: DEVICE_POOL current=19061 MB  actual(reserved)=38146 MB  highWater=24788 MB
config(Cg+Multigrid):  Solving for p, Initial residual = 0.0013124001036846182, Final residual = 1.0870689139921495e-05, No Iterations 7, Solve time = 161.079 ms
time step continuity errors : sum local = 2.7278952711739353e-06, global = 2.5836176519880384e-10, cumulative = -1.0340973854776219e-07
[mem] after-pEqn: DEVICE_POOL current=19061 MB  actual(reserved)=38146 MB  highWater=24788 MB
Schwarz(Jacobi)+Bicgstab:  Solving for omega, Initial residual = 1.3049212244698601e-05, Final residual = 9.076360948362019e-07, No Iterations 2, Solve time = 14.493 ms
bounding omega, min: -44028.39838423615 max: 45355982.622302525 average: 6370.848229278429
Schwarz(Jacobi)+Bicgstab:  Solving for k, Initial residual = 0.0002494934176012118, Final residual = 1.4889314704707335e-06, No Iterations 4, Solve time = 20.722 ms
bounding k, min: -3.6417226920142754e-06 max: 871.3052411015723 average: 9.130730389207459
[mem] after-turb: DEVICE_POOL current=19061 MB  actual(reserved)=38146 MB  highWater=24788 MB
ExecutionTime = 150.62 s  ClockTime = 152 s

Time = 1042
[mem] step-start: DEVICE_POOL current=19061 MB  actual(reserved)=38146 MB  highWater=24788 MB
Schwarz(Jacobi)+Bicgstab:  Solving for Ux, Initial residual = 8.057438348164873e-05, Final residual = 6.665838781207853e-06, No Iterations 2, Solve time = 16.503 ms
Schwarz(Jacobi)+Bicgstab:  Solving for Uy, Initial residual = 0.004307036134448338, Final residual = 0.00014163147070076986, No Iterations 3, Solve time = 19.386 ms
Schwarz(Jacobi)+Bicgstab:  Solving for Uz, Initial residual = 0.0011240752071003752, Final residual = 6.374327690629098e-05, No Iterations 2, Solve time = 16.206 ms
[mem] after-UEqn: DEVICE_POOL current=19061 MB  actual(reserved)=38146 MB  highWater=24788 MB
config(Cg+Multigrid):  Solving for p, Initial residual = 0.0013228915066547846, Final residual = 1.202277552717575e-05, No Iterations 7, Solve time = 163.953 ms
time step continuity errors : sum local = 3.018762486027469e-06, global = 4.799953182974726e-10, cumulative = -1.0292974322946472e-07
[mem] after-pEqn: DEVICE_POOL current=19061 MB  actual(reserved)=38146 MB  highWater=24788 MB
Schwarz(Jacobi)+Bicgstab:  Solving for omega, Initial residual = 1.3097853063680977e-05, Final residual = 9.211065490149853e-07, No Iterations 2, Solve time = 14.088 ms
bounding omega, min: -224960.73472631257 max: 45355982.60820128 average: 6370.948674785213
Schwarz(Jacobi)+Bicgstab:  Solving for k, Initial residual = 0.00024892774488676216, Final residual = 1.1720065581939008e-05, No Iterations 2, Solve time = 13.925 ms
bounding k, min: -0.00011470000036729587 max: 871.183021450519 average: 9.130851360952267
[mem] after-turb: DEVICE_POOL current=19061 MB  actual(reserved)=38146 MB  highWater=24788 MB
ExecutionTime = 153.29 s  ClockTime = 154 s

Time = 1043
[mem] step-start: DEVICE_POOL current=19061 MB  actual(reserved)=38146 MB  highWater=24788 MB
Schwarz(Jacobi)+Bicgstab:  Solving for Ux, Initial residual = 8.083026384469224e-05, Final residual = 5.984799793409519e-06, No Iterations 2, Solve time = 16.54 ms
Schwarz(Jacobi)+Bicgstab:  Solving for Uy, Initial residual = 0.0043262931194172505, Final residual = 0.00014382111817672286, No Iterations 3, Solve time = 19.533 ms
Schwarz(Jacobi)+Bicgstab:  Solving for Uz, Initial residual = 0.0011245881983161683, Final residual = 5.286751261847989e-05, No Iterations 3, Solve time = 19.102 ms
[mem] after-UEqn: DEVICE_POOL current=19061 MB  actual(reserved)=38146 MB  highWater=24788 MB
config(Cg+Multigrid):  Solving for p, Initial residual = 0.0013209700756303326, Final residual = 1.310776195055763e-05, No Iterations 7, Solve time = 162.757 ms
time step continuity errors : sum local = 3.292206382462868e-06, global = -2.124457004583394e-09, cumulative = -1.0505420023404811e-07
[mem] after-pEqn: DEVICE_POOL current=19061 MB  actual(reserved)=38146 MB  highWater=24788 MB
Schwarz(Jacobi)+Bicgstab:  Solving for omega, Initial residual = 1.3187598946304314e-05, Final residual = 9.2899854727075e-07, No Iterations 2, Solve time = 14.182 ms
bounding omega, min: -44904.223245509456 max: 45355982.59560913 average: 6371.037839562278
Schwarz(Jacobi)+Bicgstab:  Solving for k, Initial residual = 0.00024939421648690165, Final residual = 1.2002282312958045e-05, No Iterations 2, Solve time = 14.182 ms
bounding k, min: -0.0024228519128612486 max: 871.0407147607405 average: 9.131071910383739
[mem] after-turb: DEVICE_POOL current=19061 MB  actual(reserved)=38146 MB  highWater=24788 MB
ExecutionTime = 155.95 s  ClockTime = 157 s

Time = 1044
[mem] step-start: DEVICE_POOL current=19061 MB  actual(reserved)=38146 MB  highWater=24788 MB
Schwarz(Jacobi)+Bicgstab:  Solving for Ux, Initial residual = 8.097842800265408e-05, Final residual = 5.4457637675049316e-06, No Iterations 2, Solve time = 16.278 ms
Schwarz(Jacobi)+Bicgstab:  Solving for Uy, Initial residual = 0.004347109763974703, Final residual = 0.00014895259700784322, No Iterations 3, Solve time = 19.817 ms
Schwarz(Jacobi)+Bicgstab:  Solving for Uz, Initial residual = 0.001123594753689755, Final residual = 0.00010195943768090429, No Iterations 2, Solve time = 16.315 ms
[mem] after-UEqn: DEVICE_POOL current=19061 MB  actual(reserved)=38146 MB  highWater=24788 MB
config(Cg+Multigrid):  Solving for p, Initial residual = 0.0013356756314741006, Final residual = 8.682224059657153e-06, No Iterations 8, Solve time = 173.924 ms
time step continuity errors : sum local = 2.1805345464245154e-06, global = -2.796886279833498e-09, cumulative = -1.0785108651388161e-07
[mem] after-pEqn: DEVICE_POOL current=19061 MB  actual(reserved)=38146 MB  highWater=24788 MB
Schwarz(Jacobi)+Bicgstab:  Solving for omega, Initial residual = 1.3203367494048707e-05, Final residual = 9.300947691396759e-07, No Iterations 2, Solve time = 13.949 ms
bounding omega, min: -45162.607246645166 max: 45355982.586887494 average: 6371.010228977146
Schwarz(Jacobi)+Bicgstab:  Solving for k, Initial residual = 0.0002498982905827344, Final residual = 1.314403064637577e-05, No Iterations 2, Solve time = 14.023 ms
bounding k, min: -0.008285481483796785 max: 870.884288151405 average: 9.131201148765001
[mem] after-turb: DEVICE_POOL current=19061 MB  actual(reserved)=38146 MB  highWater=24788 MB
ExecutionTime = 158.63 s  ClockTime = 160 s

Time = 1045
[mem] step-start: DEVICE_POOL current=19061 MB  actual(reserved)=38146 MB  highWater=24788 MB
Schwarz(Jacobi)+Bicgstab:  Solving for Ux, Initial residual = 8.112106313133664e-05, Final residual = 5.255305043988818e-06, No Iterations 2, Solve time = 16.391 ms
Schwarz(Jacobi)+Bicgstab:  Solving for Uy, Initial residual = 0.004372335764429672, Final residual = 0.00015510250050050617, No Iterations 3, Solve time = 19.86 ms
Schwarz(Jacobi)+Bicgstab:  Solving for Uz, Initial residual = 0.0011256140939592992, Final residual = 4.905417211730966e-05, No Iterations 3, Solve time = 19.507 ms
[mem] after-UEqn: DEVICE_POOL current=19061 MB  actual(reserved)=38146 MB  highWater=24788 MB
config(Cg+Multigrid):  Solving for p, Initial residual = 0.0013238614717074834, Final residual = 8.85348349393521e-06, No Iterations 8, Solve time = 175.349 ms
time step continuity errors : sum local = 2.2221017027496105e-06, global = -3.57126909217789e-09, cumulative = -1.114223556060595e-07
[mem] after-pEqn: DEVICE_POOL current=19061 MB  actual(reserved)=38146 MB  highWater=24788 MB
Schwarz(Jacobi)+Bicgstab:  Solving for omega, Initial residual = 1.3230347905877129e-05, Final residual = 9.344954012489625e-07, No Iterations 2, Solve time = 14.286 ms
bounding omega, min: -45639.448100048816 max: 45355982.58194155 average: 6370.97092147996
Schwarz(Jacobi)+Bicgstab:  Solving for k, Initial residual = 0.0002504720041388759, Final residual = 1.5779489836751587e-05, No Iterations 2, Solve time = 14.274 ms
bounding k, min: -0.004851079880727062 max: 870.7099077873743 average: 9.131431135126922
[mem] after-turb: DEVICE_POOL current=19061 MB  actual(reserved)=38146 MB  highWater=24788 MB
ExecutionTime = 161.31 s  ClockTime = 163 s

Time = 1046
[mem] step-start: DEVICE_POOL current=19061 MB  actual(reserved)=38146 MB  highWater=24788 MB
Schwarz(Jacobi)+Bicgstab:  Solving for Ux, Initial residual = 8.120068463459508e-05, Final residual = 5.0631880356711575e-06, No Iterations 2, Solve time = 16.736 ms
Schwarz(Jacobi)+Bicgstab:  Solving for Uy, Initial residual = 0.004393750312913993, Final residual = 0.00015637779430388734, No Iterations 3, Solve time = 19.905 ms
Schwarz(Jacobi)+Bicgstab:  Solving for Uz, Initial residual = 0.0011230005929884206, Final residual = 4.979702457718344e-05, No Iterations 3, Solve time = 19.575 ms
[mem] after-UEqn: DEVICE_POOL current=19061 MB  actual(reserved)=38146 MB  highWater=24788 MB
config(Cg+Multigrid):  Solving for p, Initial residual = 0.0013189379175862798, Final residual = 1.3151768210519474e-05, No Iterations 7, Solve time = 164.095 ms
time step continuity errors : sum local = 3.297347838708033e-06, global = -8.032809408677406e-09, cumulative = -1.1945516501473691e-07
[mem] after-pEqn: DEVICE_POOL current=19061 MB  actual(reserved)=38146 MB  highWater=24788 MB
Schwarz(Jacobi)+Bicgstab:  Solving for omega, Initial residual = 1.3264113513570927e-05, Final residual = 9.34053591476863e-07, No Iterations 2, Solve time = 14.278 ms
bounding omega, min: -187450.92685958825 max: 45355982.58017804 average: 6370.945493243923
Schwarz(Jacobi)+Bicgstab:  Solving for k, Initial residual = 0.00025125065263524707, Final residual = 1.4179694814450213e-05, No Iterations 2, Solve time = 14.079 ms
bounding k, min: -0.008305636270456426 max: 870.5131182823259 average: 9.131761795847265
[mem] after-turb: DEVICE_POOL current=19061 MB  actual(reserved)=38146 MB  highWater=24788 MB
ExecutionTime = 163.98 s  ClockTime = 165 s

Time = 1047
[mem] step-start: DEVICE_POOL current=19061 MB  actual(reserved)=38146 MB  highWater=24788 MB
Schwarz(Jacobi)+Bicgstab:  Solving for Ux, Initial residual = 8.125540515705064e-05, Final residual = 4.950609176517398e-06, No Iterations 2, Solve time = 16.699 ms
Schwarz(Jacobi)+Bicgstab:  Solving for Uy, Initial residual = 0.004410256240624426, Final residual = 0.00015581593997811416, No Iterations 3, Solve time = 19.157 ms
Schwarz(Jacobi)+Bicgstab:  Solving for Uz, Initial residual = 0.0011249706132053885, Final residual = 6.380493139317946e-05, No Iterations 2, Solve time = 15.885 ms
[mem] after-UEqn: DEVICE_POOL current=19061 MB  actual(reserved)=38146 MB  highWater=24788 MB
config(Cg+Multigrid):  Solving for p, Initial residual = 0.001319576902650625, Final residual = 1.3154285303389918e-05, No Iterations 7, Solve time = 165.416 ms
time step continuity errors : sum local = 3.2944558063545773e-06, global = -9.285647402543497e-09, cumulative = -1.287408124172804e-07
[mem] after-pEqn: DEVICE_POOL current=19061 MB  actual(reserved)=38146 MB  highWater=24788 MB
Schwarz(Jacobi)+Bicgstab:  Solving for omega, Initial residual = 1.325935215336963e-05, Final residual = 8.39261288316728e-07, No Iterations 2, Solve time = 14.32 ms
bounding omega, min: -46866.864164046325 max: 45355982.581072025 average: 6370.915798727161
Schwarz(Jacobi)+Bicgstab:  Solving for k, Initial residual = 0.00025152778710959634, Final residual = 1.5482211843445497e-05, No Iterations 2, Solve time = 14.121 ms
bounding k, min: -0.0043662245543307915 max: 870.3107451393167 average: 9.132070839784493
[mem] after-turb: DEVICE_POOL current=19061 MB  actual(reserved)=38146 MB  highWater=24788 MB
ExecutionTime = 166.65 s  ClockTime = 168 s

Time = 1048
[mem] step-start: DEVICE_POOL current=19061 MB  actual(reserved)=38146 MB  highWater=24788 MB
Schwarz(Jacobi)+Bicgstab:  Solving for Ux, Initial residual = 8.133774850112874e-05, Final residual = 4.969532018376988e-06, No Iterations 2, Solve time = 16.219 ms
Schwarz(Jacobi)+Bicgstab:  Solving for Uy, Initial residual = 0.00442334797697239, Final residual = 0.00032169240774600726, No Iterations 2, Solve time = 15.944 ms
Schwarz(Jacobi)+Bicgstab:  Solving for Uz, Initial residual = 0.0011288880302410835, Final residual = 4.728918994465615e-05, No Iterations 3, Solve time = 19.531 ms
[mem] after-UEqn: DEVICE_POOL current=19061 MB  actual(reserved)=38146 MB  highWater=24788 MB
config(Cg+Multigrid):  Solving for p, Initial residual = 0.001319815160460101, Final residual = 1.3058982028796202e-05, No Iterations 7, Solve time = 160.904 ms
time step continuity errors : sum local = 3.266865845804853e-06, global = -7.091302834967846e-09, cumulative = -1.3583211525224825e-07
[mem] after-pEqn: DEVICE_POOL current=19061 MB  actual(reserved)=38146 MB  highWater=24788 MB
Schwarz(Jacobi)+Bicgstab:  Solving for omega, Initial residual = 1.3243079684904197e-05, Final residual = 8.830050705681582e-07, No Iterations 2, Solve time = 14.148 ms
bounding omega, min: -46063.512731304625 max: 45355982.58361907 average: 6370.847298492126
Schwarz(Jacobi)+Bicgstab:  Solving for k, Initial residual = 0.0002521370269177016, Final residual = 1.449964116048803e-05, No Iterations 2, Solve time = 14.424 ms
bounding k, min: -0.01437507448437389 max: 870.1085332967804 average: 9.132389870494356
[mem] after-turb: DEVICE_POOL current=19061 MB  actual(reserved)=38146 MB  highWater=24788 MB
ExecutionTime = 169.31 s  ClockTime = 171 s

Time = 1049
[mem] step-start: DEVICE_POOL current=19061 MB  actual(reserved)=38146 MB  highWater=24788 MB
Schwarz(Jacobi)+Bicgstab:  Solving for Ux, Initial residual = 8.146226516659376e-05, Final residual = 5.02882062452625e-06, No Iterations 2, Solve time = 16.2 ms
Schwarz(Jacobi)+Bicgstab:  Solving for Uy, Initial residual = 0.004416337556957664, Final residual = 0.00015945263157078385, No Iterations 3, Solve time = 19.833 ms
Schwarz(Jacobi)+Bicgstab:  Solving for Uz, Initial residual = 0.0011314859009743858, Final residual = 0.00011084812740369974, No Iterations 3, Solve time = 19.206 ms
[mem] after-UEqn: DEVICE_POOL current=19061 MB  actual(reserved)=38146 MB  highWater=24788 MB
config(Cg+Multigrid):  Solving for p, Initial residual = 0.0013151934581206906, Final residual = 1.2965536959625913e-05, No Iterations 7, Solve time = 162.266 ms
time step continuity errors : sum local = 3.239947763996905e-06, global = -6.301101464730962e-09, cumulative = -1.4213321671697923e-07
[mem] after-pEqn: DEVICE_POOL current=19061 MB  actual(reserved)=38146 MB  highWater=24788 MB
Schwarz(Jacobi)+Bicgstab:  Solving for omega, Initial residual = 1.3241812126956975e-05, Final residual = 9.10619670803773e-07, No Iterations 2, Solve time = 14.058 ms
bounding omega, min: -46925.275312346625 max: 45355982.58817118 average: 6370.865324273579
Schwarz(Jacobi)+Bicgstab:  Solving for k, Initial residual = 0.0002524323702673964, Final residual = 1.5336037015936865e-05, No Iterations 2, Solve time = 14.192 ms
bounding k, min: -0.0064695374936155625 max: 869.9305231681915 average: 9.132893827752318
[mem] after-turb: DEVICE_POOL current=19061 MB  actual(reserved)=38146 MB  highWater=24788 MB
ExecutionTime = 171.97 s  ClockTime = 173 s

Time = 1050
[mem] step-start: DEVICE_POOL current=19061 MB  actual(reserved)=38146 MB  highWater=24788 MB
Schwarz(Jacobi)+Bicgstab:  Solving for Ux, Initial residual = 8.15200909301177e-05, Final residual = 5.126551572411048e-06, No Iterations 2, Solve time = 16.536 ms
Schwarz(Jacobi)+Bicgstab:  Solving for Uy, Initial residual = 0.004414524624877331, Final residual = 0.00014941106168037124, No Iterations 3, Solve time = 19.423 ms
Schwarz(Jacobi)+Bicgstab:  Solving for Uz, Initial residual = 0.0011407369940228357, Final residual = 8.858881438943894e-05, No Iterations 2, Solve time = 15.998 ms
[mem] after-UEqn: DEVICE_POOL current=19061 MB  actual(reserved)=38146 MB  highWater=24788 MB
config(Cg+Multigrid):  Solving for p, Initial residual = 0.0013225701984448336, Final residual = 1.3131297214875309e-05, No Iterations 7, Solve time = 163.541 ms
time step continuity errors : sum local = 3.2783009012454996e-06, global = -4.21449893956702e-09, cumulative = -1.4634771565654626e-07
[mem] after-pEqn: DEVICE_POOL current=19061 MB  actual(reserved)=38146 MB  highWater=24788 MB
Schwarz(Jacobi)+Bicgstab:  Solving for omega, Initial residual = 1.3264317327699515e-05, Final residual = 9.165193587501585e-07, No Iterations 2, Solve time = 14.193 ms
bounding omega, min: -140480.47490844672 max: 45355982.594909936 average: 6370.874252687977
Schwarz(Jacobi)+Bicgstab:  Solving for k, Initial residual = 0.0002528976338352139, Final residual = 1.5113189201298311e-05, No Iterations 2, Solve time = 14.033 ms
bounding k, min: -0.009557884133434572 max: 869.7638358953726 average: 9.133299437337348
[mem] after-turb: DEVICE_POOL current=19061 MB  actual(reserved)=38146 MB  highWater=24788 MB
Writing p
Writing U
Writing turbulence variables
ExecutionTime = 175.85 s  ClockTime = 178 s

Finalizing NeoN
Finalising parallel run
