/*---------------------------------------------------------------------------*\
| =========                 |                                                 |
| \\      /  F ield         | OpenFOAM: The Open Source CFD Toolbox           |
|  \\    /   O peration     | Version:  2506                                  |
|   \\  /    A nd           | Website:  www.openfoam.com                      |
|    \\/     M anipulation  |                                                 |
\*---------------------------------------------------------------------------*/
Build  : b050cd9480-20250814 OPENFOAM=2506 version=v2506
Arch   : "LSB;label=32;scalar=64"
Exec   : /storage/home/greole/code/NeoFOAM/build/profilingnvidia_h200/bin/neoSimpleFoam -parallel
Date   : Jul 21 2026
Time   : 09:28:17
Host   : gpu-nvidia-h200-3.int.coma-cluster.de
PID    : 2223028
I/O    : uncollated
Case   : /storage/home/greole/code/NeoFOAM/occDrivAerStaticMesh
nProcs : 4
Hosts  :
(
    (gpu-nvidia-h200-3.int.coma-cluster.de 4)
)
Pstream initialized with:
    node communication : off [type=host] (4 ranks, 1 nodes)
    topology controls  : none
    consensus exchange : 0 (tuning: 0)
    exchange algorithm : 0
    commsType          : nonBlocking
    polling iterations : 0
trapFpe: Floating point exception trapping enabled (FOAM_SIGFPE).
fileModificationChecking : Monitoring run-time modified files using timeStampMaster (fileModificationSkew 5, maxFileModificationPolls 20)
allowSystemOperations : Allowing user-supplied system call operations

// * * * * * * * * * * * * * * * * * * * * * * * * * * * * * * * * * * * * * //
Create time

Initializing NeoN
Creating Executor GPU
Creating NeoFOAM runTime

SIMPLE: no convergence criteria found. Calculations will run for 50 steps.

Reading field p

Reading field U

Reading/calculating face flux field phi

Selecting incompressible transport model Newtonian
NeoFOAM solver config (from fvSolution configFile) for 'config(Cg+Multigrid)':
{
    cacheSolver: true
    configFile: <NeoN::TokenList>
    l1ScaledResidual: true
    preconditionerRebuildInterval: 0
    relTol: 0.010000
    reportName: config(Cg+Multigrid)
    solver: Ginkgo
    tolerance: 0.000000
}
    effective optimize: false
    effective checkFrequency: 1
Mapping OpenFOAM solver settings to NeoN settings.
Currently, it is advisable to specify a configFile
for fine grained Ginkgo solver control

Replacing solver PBiCGStab by solver::Bicgstab
Replacing preconditioner diagonal by preconditioner::Schwarz (Schwarz-wrapped for distributed run)
NeoFOAM solver config (mapped from fvSolution) for 'Schwarz(Jacobi)+Bicgstab':
{
    cacheSolver: true
    criteria: {
        absolute_residual_norm: 0.000000
        initial_residual_norm: 0.100000
        iteration: 1000
    }
    l1ScaledResidual: true
    optimize: false
    preconditioner: {
        local_solver: {
            max_block_size: 1
            type: preconditioner::Jacobi
        }
        type: preconditioner::Schwarz
    }
    reportName: Schwarz(Jacobi)+Bicgstab
    solver: Ginkgo
    type: solver::Bicgstab
}
    effective optimize: false
    effective checkFrequency: 1
Creating phi

[NF][/storage/home/greole/code/NeoFOAM/include/NeoFOAM/auxiliary/readers.hpp::423]: Internal: 49333487, Boundary: 1754396

[NF][/storage/home/greole/code/NeoFOAM/include/NeoFOAM/auxiliary/readers.hpp::423]: Internal: 49320882, Boundary: 1762558

[NF][/storage/home/greole/code/NeoFOAM/include/NeoFOAM/auxiliary/readers.hpp::423]: Internal: 49261542, Boundary: 1427829

[NF][/storage/home/greole/code/NeoFOAM/include/NeoFOAM/auxiliary/readers.hpp::423]: Internal: 49243125, Boundary: 1362247
Selecting patchDistMethod meshWave
Mapping OpenFOAM solver settings to NeoN settings.
Currently, it is advisable to specify a configFile
for fine grained Ginkgo solver control

Replacing solver PBiCGStab by solver::Bicgstab
Replacing preconditioner diagonal by preconditioner::Schwarz (Schwarz-wrapped for distributed run)
NeoFOAM solver config (mapped from fvSolution) for 'Schwarz(Jacobi)+Bicgstab':
{
    cacheSolver: true
    criteria: {
        absolute_residual_norm: 0.000000
        initial_residual_norm: 0.100000
        iteration: 1000
    }
    l1ScaledResidual: true
    optimize: false
    preconditioner: {
        local_solver: {
            max_block_size: 1
            type: preconditioner::Jacobi
        }
        type: preconditioner::Schwarz
    }
    reportName: Schwarz(Jacobi)+Bicgstab
    solver: Ginkgo
    type: solver::Bicgstab
}
    effective optimize: false
    effective checkFrequency: 1
Mapping OpenFOAM solver settings to NeoN settings.
Currently, it is advisable to specify a configFile
for fine grained Ginkgo solver control

Replacing solver PBiCGStab by solver::Bicgstab
Replacing preconditioner diagonal by preconditioner::Schwarz (Schwarz-wrapped for distributed run)
NeoFOAM solver config (mapped from fvSolution) for 'Schwarz(Jacobi)+Bicgstab':
{
    cacheSolver: true
    criteria: {
        absolute_residual_norm: 0.000000
        initial_residual_norm: 0.100000
        iteration: 1000
    }
    l1ScaledResidual: true
    optimize: false
    preconditioner: {
        local_solver: {
            max_block_size: 1
            type: preconditioner::Jacobi
        }
        type: preconditioner::Schwarz
    }
    reportName: Schwarz(Jacobi)+Bicgstab
    solver: Ginkgo
    type: solver::Bicgstab
}
    effective optimize: false
    effective checkFrequency: 1
Starting time loop
Time = 1001
[mem] step-start: DEVICE_POOL current=12979 MB  actual(reserved)=38146 MB  highWater=19132 MB
Schwarz(Jacobi)+Bicgstab:  Solving for Ux, Initial residual = 7.915631151210337e-05, Final residual = 3.117777853247388e-06, No Iterations 3, Solve time = 43.036 ms
Schwarz(Jacobi)+Bicgstab:  Solving for Uy, Initial residual = 0.004031295874140797, Final residual = 0.00014165332775768286, No Iterations 3, Solve time = 19.293 ms
Schwarz(Jacobi)+Bicgstab:  Solving for Uz, Initial residual = 0.0011223325614447871, Final residual = 4.881420736287207e-05, No Iterations 3, Solve time = 19.637 ms
[mem] after-UEqn: DEVICE_POOL current=15408 MB  actual(reserved)=38146 MB  highWater=20761 MB
config(Cg+Multigrid):  Solving for p, Initial residual = 0.0013061677652833428, Final residual = 1.2149515445434495e-05, No Iterations 7, Solve time = 154.819 ms
time step continuity errors : sum local = 3.068153198551459e-06, global = 6.370700470799532e-10, cumulative = 6.370700470799532e-10
[mem] after-pEqn: DEVICE_POOL current=16877 MB  actual(reserved)=38146 MB  highWater=20761 MB
Schwarz(Jacobi)+Bicgstab:  Solving for omega, Initial residual = 1.3376044816367179e-05, Final residual = 8.34106256198874e-07, No Iterations 2, Solve time = 16.313 ms
bounding omega, min: -36179.521463994024 max: 45355982.77767277 average: 6373.367611942554
Schwarz(Jacobi)+Bicgstab:  Solving for k, Initial residual = 0.00024227499969868235, Final residual = 2.3695759641734277e-05, No Iterations 2, Solve time = 16.242 ms
bounding k, min: -0.06719318087481707 max: 939.9192113793263 average: 9.153221785384366
[mem] after-turb: DEVICE_POOL current=19061 MB  actual(reserved)=38146 MB  highWater=21870 MB
ExecutionTime = 44.4 s  ClockTime = 45 s

Time = 1002
[mem] step-start: DEVICE_POOL current=19061 MB  actual(reserved)=38146 MB  highWater=21870 MB
Schwarz(Jacobi)+Bicgstab:  Solving for Ux, Initial residual = 7.874802119199094e-05, Final residual = 2.9932688837854343e-06, No Iterations 3, Solve time = 19.495 ms
Schwarz(Jacobi)+Bicgstab:  Solving for Uy, Initial residual = 0.004033470065618607, Final residual = 0.0001404359056696191, No Iterations 3, Solve time = 19.428 ms
Schwarz(Jacobi)+Bicgstab:  Solving for Uz, Initial residual = 0.0011191076176713616, Final residual = 4.075865834520231e-05, No Iterations 3, Solve time = 19.639 ms
[mem] after-UEqn: DEVICE_POOL current=19061 MB  actual(reserved)=38146 MB  highWater=24788 MB
config(Cg+Multigrid):  Solving for p, Initial residual = 0.001277029493575057, Final residual = 1.1765592846522723e-05, No Iterations 7, Solve time = 177.87 ms
time step continuity errors : sum local = 2.9734240935871626e-06, global = -6.21220110153751e-09, cumulative = -5.575131054457556e-09
[mem] after-pEqn: DEVICE_POOL current=19061 MB  actual(reserved)=38146 MB  highWater=24788 MB
Schwarz(Jacobi)+Bicgstab:  Solving for omega, Initial residual = 1.2813522980525857e-05, Final residual = 8.602742195901862e-07, No Iterations 2, Solve time = 14.383 ms
bounding omega, min: -94281.18574995922 max: 45355982.84774345 average: 6373.6374089638
Schwarz(Jacobi)+Bicgstab:  Solving for k, Initial residual = 0.00024177322858426055, Final residual = 8.011819714507616e-06, No Iterations 3, Solve time = 17.605 ms
bounding k, min: -0.00019955169328065233 max: 933.1741747103199 average: 9.152817847861032
[mem] after-turb: DEVICE_POOL current=19061 MB  actual(reserved)=38146 MB  highWater=24788 MB
ExecutionTime = 47.06 s  ClockTime = 47 s

Time = 1003
[mem] step-start: DEVICE_POOL current=19061 MB  actual(reserved)=38146 MB  highWater=24788 MB
Schwarz(Jacobi)+Bicgstab:  Solving for Ux, Initial residual = 7.857848791193285e-05, Final residual = 2.4117774888450805e-06, No Iterations 3, Solve time = 19.767 ms
Schwarz(Jacobi)+Bicgstab:  Solving for Uy, Initial residual = 0.004030323363602782, Final residual = 0.00013671383087827827, No Iterations 3, Solve time = 19.522 ms
Schwarz(Jacobi)+Bicgstab:  Solving for Uz, Initial residual = 0.0011176459847842166, Final residual = 7.24185770757166e-05, No Iterations 2, Solve time = 15.888 ms
[mem] after-UEqn: DEVICE_POOL current=19061 MB  actual(reserved)=38146 MB  highWater=24788 MB
config(Cg+Multigrid):  Solving for p, Initial residual = 0.0012681156184142762, Final residual = 1.149237128000285e-05, No Iterations 7, Solve time = 172.46 ms
time step continuity errors : sum local = 2.904121253449122e-06, global = -1.0440730274521349e-08, cumulative = -1.6015861328978906e-08
[mem] after-pEqn: DEVICE_POOL current=19061 MB  actual(reserved)=38146 MB  highWater=24788 MB
Schwarz(Jacobi)+Bicgstab:  Solving for omega, Initial residual = 1.3129123350197556e-05, Final residual = 8.375673631922325e-07, No Iterations 2, Solve time = 14.088 ms
bounding omega, min: -36341.507557234916 max: 45355982.93141653 average: 6373.324319560857
Schwarz(Jacobi)+Bicgstab:  Solving for k, Initial residual = 0.00023969842283469683, Final residual = 7.185908434290608e-06, No Iterations 3, Solve time = 17.517 ms
bounding k, min: -1.1180090294552203e-05 max: 922.227216911361 average: 9.152671718597814
[mem] after-turb: DEVICE_POOL current=19061 MB  actual(reserved)=38146 MB  highWater=24788 MB
ExecutionTime = 49.71 s  ClockTime = 50 s

Time = 1004
[mem] step-start: DEVICE_POOL current=19061 MB  actual(reserved)=38146 MB  highWater=24788 MB
Schwarz(Jacobi)+Bicgstab:  Solving for Ux, Initial residual = 7.849163984812796e-05, Final residual = 2.051642807254769e-06, No Iterations 3, Solve time = 19.543 ms
Schwarz(Jacobi)+Bicgstab:  Solving for Uy, Initial residual = 0.00402544201347641, Final residual = 0.00013305310261778997, No Iterations 3, Solve time = 19.471 ms
Schwarz(Jacobi)+Bicgstab:  Solving for Uz, Initial residual = 0.0011195270391125807, Final residual = 6.176839665796062e-05, No Iterations 2, Solve time = 15.935 ms
[mem] after-UEqn: DEVICE_POOL current=19061 MB  actual(reserved)=38146 MB  highWater=24788 MB
config(Cg+Multigrid):  Solving for p, Initial residual = 0.0012690295377801371, Final residual = 1.1464437687823646e-05, No Iterations 7, Solve time = 167.582 ms
time step continuity errors : sum local = 2.8954205212923188e-06, global = -1.2110894436747047e-08, cumulative = -2.8126755765725953e-08
[mem] after-pEqn: DEVICE_POOL current=19061 MB  actual(reserved)=38146 MB  highWater=24788 MB
Schwarz(Jacobi)+Bicgstab:  Solving for omega, Initial residual = 1.2897952347176121e-05, Final residual = 8.337327004068849e-07, No Iterations 2, Solve time = 14.244 ms
bounding omega, min: -34016.09930928184 max: 45355983.01470171 average: 6373.383203758543
Schwarz(Jacobi)+Bicgstab:  Solving for k, Initial residual = 0.00023931702662208264, Final residual = 1.3490814852102512e-05, No Iterations 2, Solve time = 14.899 ms
bounding k, min: -2.235151017997154e-05 max: 907.7769958167515 average: 9.15241325159307
[mem] after-turb: DEVICE_POOL current=19061 MB  actual(reserved)=38146 MB  highWater=24788 MB
ExecutionTime = 52.36 s  ClockTime = 53 s

Time = 1005
[mem] step-start: DEVICE_POOL current=19061 MB  actual(reserved)=38146 MB  highWater=24788 MB
Schwarz(Jacobi)+Bicgstab:  Solving for Ux, Initial residual = 7.842268643523629e-05, Final residual = 3.8893088465084886e-06, No Iterations 2, Solve time = 16.485 ms
Schwarz(Jacobi)+Bicgstab:  Solving for Uy, Initial residual = 0.004021972194094971, Final residual = 0.0002491306090447657, No Iterations 2, Solve time = 16.358 ms
Schwarz(Jacobi)+Bicgstab:  Solving for Uz, Initial residual = 0.0011190437299881003, Final residual = 5.847519259445615e-05, No Iterations 3, Solve time = 19.206 ms
[mem] after-UEqn: DEVICE_POOL current=19061 MB  actual(reserved)=38146 MB  highWater=24788 MB
config(Cg+Multigrid):  Solving for p, Initial residual = 0.0012782022486907316, Final residual = 1.143889337607301e-05, No Iterations 7, Solve time = 175.471 ms
time step continuity errors : sum local = 2.8865447344253042e-06, global = -1.333520306378436e-08, cumulative = -4.1461958829510315e-08
[mem] after-pEqn: DEVICE_POOL current=19061 MB  actual(reserved)=38146 MB  highWater=24788 MB
Schwarz(Jacobi)+Bicgstab:  Solving for omega, Initial residual = 1.2878648196593554e-05, Final residual = 8.413119640083576e-07, No Iterations 2, Solve time = 14.243 ms
bounding omega, min: -32585.37985199134 max: 45355983.08074047 average: 6373.527480660686
Schwarz(Jacobi)+Bicgstab:  Solving for k, Initial residual = 0.00023981270254893217, Final residual = 1.895996024497466e-05, No Iterations 2, Solve time = 14.204 ms
bounding k, min: -1.1963392602460098e-05 max: 897.618788693339 average: 9.152597404371107
[mem] after-turb: DEVICE_POOL current=19061 MB  actual(reserved)=38146 MB  highWater=24788 MB
ExecutionTime = 55.01 s  ClockTime = 55 s

Time = 1006
[mem] step-start: DEVICE_POOL current=19061 MB  actual(reserved)=38146 MB  highWater=24788 MB
Schwarz(Jacobi)+Bicgstab:  Solving for Ux, Initial residual = 7.849423952318195e-05, Final residual = 4.261114751364478e-06, No Iterations 2, Solve time = 16.486 ms
Schwarz(Jacobi)+Bicgstab:  Solving for Uy, Initial residual = 0.0040127981314499375, Final residual = 0.0001534141918004292, No Iterations 3, Solve time = 19.694 ms
Schwarz(Jacobi)+Bicgstab:  Solving for Uz, Initial residual = 0.0011211788389174902, Final residual = 6.959578990421214e-05, No Iterations 2, Solve time = 16.308 ms
[mem] after-UEqn: DEVICE_POOL current=19061 MB  actual(reserved)=38146 MB  highWater=24788 MB
config(Cg+Multigrid):  Solving for p, Initial residual = 0.0012822150291383714, Final residual = 1.1360443820474993e-05, No Iterations 7, Solve time = 174.408 ms
time step continuity errors : sum local = 2.864287946649418e-06, global = -1.3842269429599107e-08, cumulative = -5.530422825910942e-08
[mem] after-pEqn: DEVICE_POOL current=19061 MB  actual(reserved)=38146 MB  highWater=24788 MB
Schwarz(Jacobi)+Bicgstab:  Solving for omega, Initial residual = 1.2525146348212094e-05, Final residual = 8.432079408565516e-07, No Iterations 2, Solve time = 14.34 ms
bounding omega, min: -128961.66335428465 max: 45355983.13106179 average: 6373.699820072884
Schwarz(Jacobi)+Bicgstab:  Solving for k, Initial residual = 0.00023927531167406937, Final residual = 6.76579573361599e-06, No Iterations 3, Solve time = 17.352 ms
bounding k, min: -2.310295402409453e-06 max: 893.0786279088854 average: 9.152397243585373
[mem] after-turb: DEVICE_POOL current=19061 MB  actual(reserved)=38146 MB  highWater=24788 MB
ExecutionTime = 57.66 s  ClockTime = 58 s

Time = 1007
[mem] step-start: DEVICE_POOL current=19061 MB  actual(reserved)=38146 MB  highWater=24788 MB
Schwarz(Jacobi)+Bicgstab:  Solving for Ux, Initial residual = 7.85510405266685e-05, Final residual = 4.309506364262456e-06, No Iterations 2, Solve time = 16.53 ms
Schwarz(Jacobi)+Bicgstab:  Solving for Uy, Initial residual = 0.004011347910910599, Final residual = 0.00014191304697299453, No Iterations 3, Solve time = 19.484 ms
Schwarz(Jacobi)+Bicgstab:  Solving for Uz, Initial residual = 0.0011225231290470713, Final residual = 5.978286379885459e-05, No Iterations 2, Solve time = 15.768 ms
[mem] after-UEqn: DEVICE_POOL current=19061 MB  actual(reserved)=38146 MB  highWater=24788 MB
config(Cg+Multigrid):  Solving for p, Initial residual = 0.0012861603357555299, Final residual = 1.1322848309978459e-05, No Iterations 7, Solve time = 172.767 ms
time step continuity errors : sum local = 2.852703888423735e-06, global = -1.3824981408189208e-08, cumulative = -6.912920966729863e-08
[mem] after-pEqn: DEVICE_POOL current=19061 MB  actual(reserved)=38146 MB  highWater=24788 MB
Schwarz(Jacobi)+Bicgstab:  Solving for omega, Initial residual = 1.2908214316141859e-05, Final residual = 8.398938642572658e-07, No Iterations 2, Solve time = 14.238 ms
bounding omega, min: -36629.52736927718 max: 45355983.122568324 average: 6373.875172336867
Schwarz(Jacobi)+Bicgstab:  Solving for k, Initial residual = 0.00023831755604032665, Final residual = 1.1631018618828792e-05, No Iterations 2, Solve time = 14.183 ms
bounding k, min: -0.0003214166952470901 max: 892.1040027996181 average: 9.15206738685428
[mem] after-turb: DEVICE_POOL current=19061 MB  actual(reserved)=38146 MB  highWater=24788 MB
ExecutionTime = 60.31 s  ClockTime = 61 s

Time = 1008
[mem] step-start: DEVICE_POOL current=19061 MB  actual(reserved)=38146 MB  highWater=24788 MB
Schwarz(Jacobi)+Bicgstab:  Solving for Ux, Initial residual = 7.859584902166768e-05, Final residual = 4.322376859207644e-06, No Iterations 2, Solve time = 16.524 ms
Schwarz(Jacobi)+Bicgstab:  Solving for Uy, Initial residual = 0.004017173599089293, Final residual = 0.0002479982325962139, No Iterations 2, Solve time = 16.309 ms
Schwarz(Jacobi)+Bicgstab:  Solving for Uz, Initial residual = 0.0011198584021427415, Final residual = 0.00010157735387285296, No Iterations 3, Solve time = 19.448 ms
[mem] after-UEqn: DEVICE_POOL current=19061 MB  actual(reserved)=38146 MB  highWater=24788 MB
config(Cg+Multigrid):  Solving for p, Initial residual = 0.0012845000959311166, Final residual = 1.1280161257391696e-05, No Iterations 7, Solve time = 170.671 ms
time step continuity errors : sum local = 2.8404606815285483e-06, global = -1.2731684434049998e-08, cumulative = -8.186089410134862e-08
[mem] after-pEqn: DEVICE_POOL current=19061 MB  actual(reserved)=38146 MB  highWater=24788 MB
Schwarz(Jacobi)+Bicgstab:  Solving for omega, Initial residual = 1.2888086201618442e-05, Final residual = 8.387552451062735e-07, No Iterations 2, Solve time = 14.271 ms
bounding omega, min: -33619.35874604371 max: 45355983.05103457 average: 6373.993441373416
Schwarz(Jacobi)+Bicgstab:  Solving for k, Initial residual = 0.00023851326814450797, Final residual = 1.1295375114627883e-05, No Iterations 2, Solve time = 14.194 ms
bounding k, min: -2.1350958868395472e-05 max: 891.2169817192251 average: 9.151774390933097
[mem] after-turb: DEVICE_POOL current=19061 MB  actual(reserved)=38146 MB  highWater=24788 MB
ExecutionTime = 62.95 s  ClockTime = 63 s

Time = 1009
[mem] step-start: DEVICE_POOL current=19061 MB  actual(reserved)=38146 MB  highWater=24788 MB
Schwarz(Jacobi)+Bicgstab:  Solving for Ux, Initial residual = 7.863639599702225e-05, Final residual = 4.306943940352116e-06, No Iterations 2, Solve time = 16.515 ms
Schwarz(Jacobi)+Bicgstab:  Solving for Uy, Initial residual = 0.0040162180819714845, Final residual = 0.00015111548145142612, No Iterations 3, Solve time = 19.372 ms
Schwarz(Jacobi)+Bicgstab:  Solving for Uz, Initial residual = 0.0011231760037635754, Final residual = 7.171879790956251e-05, No Iterations 2, Solve time = 15.828 ms
[mem] after-UEqn: DEVICE_POOL current=19061 MB  actual(reserved)=38146 MB  highWater=24788 MB
config(Cg+Multigrid):  Solving for p, Initial residual = 0.0012844011217305294, Final residual = 1.1237842921005994e-05, No Iterations 7, Solve time = 170.529 ms
time step continuity errors : sum local = 2.8288398523101158e-06, global = -1.110419476907347e-08, cumulative = -9.29650888704221e-08
[mem] after-pEqn: DEVICE_POOL current=19061 MB  actual(reserved)=38146 MB  highWater=24788 MB
Schwarz(Jacobi)+Bicgstab:  Solving for omega, Initial residual = 1.2843698662041778e-05, Final residual = 8.438688500441151e-07, No Iterations 2, Solve time = 14.156 ms
bounding omega, min: -35772.92574310645 max: 45355982.90357856 average: 6374.098812553417
Schwarz(Jacobi)+Bicgstab:  Solving for k, Initial residual = 0.00023883165943128055, Final residual = 1.1251231753193548e-05, No Iterations 2, Solve time = 14.305 ms
bounding k, min: -0.00025606923502350277 max: 892.0071506759834 average: 9.151430995605663
[mem] after-turb: DEVICE_POOL current=19061 MB  actual(reserved)=38146 MB  highWater=24788 MB
ExecutionTime = 65.59 s  ClockTime = 66 s

Time = 1010
[mem] step-start: DEVICE_POOL current=19061 MB  actual(reserved)=38146 MB  highWater=24788 MB
Schwarz(Jacobi)+Bicgstab:  Solving for Ux, Initial residual = 7.866343684706453e-05, Final residual = 4.312908742909612e-06, No Iterations 2, Solve time = 16.512 ms
Schwarz(Jacobi)+Bicgstab:  Solving for Uy, Initial residual = 0.004023049623211178, Final residual = 0.00014430191126567265, No Iterations 3, Solve time = 19.719 ms
Schwarz(Jacobi)+Bicgstab:  Solving for Uz, Initial residual = 0.001121796299549258, Final residual = 6.022250533555707e-05, No Iterations 2, Solve time = 15.927 ms
[mem] after-UEqn: DEVICE_POOL current=19061 MB  actual(reserved)=38146 MB  highWater=24788 MB
config(Cg+Multigrid):  Solving for p, Initial residual = 0.0012890392675875759, Final residual = 1.1224540053649305e-05, No Iterations 7, Solve time = 171.15 ms
time step continuity errors : sum local = 2.824750036792132e-06, global = -1.008698302548802e-08, cumulative = -1.0305207189591012e-07
[mem] after-pEqn: DEVICE_POOL current=19061 MB  actual(reserved)=38146 MB  highWater=24788 MB
Schwarz(Jacobi)+Bicgstab:  Solving for omega, Initial residual = 1.2813636988713547e-05, Final residual = 8.457797330657839e-07, No Iterations 2, Solve time = 14.324 ms
bounding omega, min: -183660.01680900343 max: 45355982.6779956 average: 6374.1467564498425
Schwarz(Jacobi)+Bicgstab:  Solving for k, Initial residual = 0.00023915338729167874, Final residual = 1.1500888606287086e-05, No Iterations 2, Solve time = 13.899 ms
bounding k, min: -7.200681993947964e-06 max: 892.1934121559926 average: 9.150968924253002
[mem] after-turb: DEVICE_POOL current=19061 MB  actual(reserved)=38146 MB  highWater=24788 MB
ExecutionTime = 68.23999999999999 s  ClockTime = 69 s

Time = 1011
[mem] step-start: DEVICE_POOL current=19061 MB  actual(reserved)=38146 MB  highWater=24788 MB
Schwarz(Jacobi)+Bicgstab:  Solving for Ux, Initial residual = 7.871029162392242e-05, Final residual = 4.319547230101847e-06, No Iterations 2, Solve time = 16.355 ms
Schwarz(Jacobi)+Bicgstab:  Solving for Uy, Initial residual = 0.004036205610420361, Final residual = 0.0002911363257900636, No Iterations 2, Solve time = 16.364 ms
Schwarz(Jacobi)+Bicgstab:  Solving for Uz, Initial residual = 0.0011160883377299396, Final residual = 7.322767453219438e-05, No Iterations 3, Solve time = 19.158 ms
[mem] after-UEqn: DEVICE_POOL current=19061 MB  actual(reserved)=38146 MB  highWater=24788 MB
config(Cg+Multigrid):  Solving for p, Initial residual = 0.0012898994073626113, Final residual = 1.1035457765953577e-05, No Iterations 7, Solve time = 173.243 ms
time step continuity errors : sum local = 2.7764252958965325e-06, global = -9.376053496037528e-09, cumulative = -1.1242812539194764e-07
[mem] after-pEqn: DEVICE_POOL current=19061 MB  actual(reserved)=38146 MB  highWater=24788 MB
Schwarz(Jacobi)+Bicgstab:  Solving for omega, Initial residual = 1.2811009132704328e-05, Final residual = 8.447065761943423e-07, No Iterations 2, Solve time = 14.292 ms
bounding omega, min: -37675.77679358049 max: 45355982.66700338 average: 6374.161551356733
Schwarz(Jacobi)+Bicgstab:  Solving for k, Initial residual = 0.00023951407388091798, Final residual = 1.1532905526637092e-05, No Iterations 2, Solve time = 14.47 ms
bounding k, min: -2.831861955005649e-05 max: 892.9852376093792 average: 9.150450844721695
[mem] after-turb: DEVICE_POOL current=19061 MB  actual(reserved)=38146 MB  highWater=24788 MB
ExecutionTime = 70.90000000000001 s  ClockTime = 71 s

Time = 1012
[mem] step-start: DEVICE_POOL current=19061 MB  actual(reserved)=38146 MB  highWater=24788 MB
Schwarz(Jacobi)+Bicgstab:  Solving for Ux, Initial residual = 7.879835147456638e-05, Final residual = 4.3376513060607375e-06, No Iterations 2, Solve time = 16.717 ms
Schwarz(Jacobi)+Bicgstab:  Solving for Uy, Initial residual = 0.004035873365848137, Final residual = 0.00014921714672579652, No Iterations 3, Solve time = 19.744 ms
Schwarz(Jacobi)+Bicgstab:  Solving for Uz, Initial residual = 0.0011152163884433814, Final residual = 7.761269369189555e-05, No Iterations 2, Solve time = 15.933 ms
[mem] after-UEqn: DEVICE_POOL current=19061 MB  actual(reserved)=38146 MB  highWater=24788 MB
config(Cg+Multigrid):  Solving for p, Initial residual = 0.0012906065653229177, Final residual = 1.0822593355326945e-05, No Iterations 7, Solve time = 176.345 ms
time step continuity errors : sum local = 2.7219342187128875e-06, global = -8.525952747876315e-09, cumulative = -1.2095407813982397e-07
[mem] after-pEqn: DEVICE_POOL current=19061 MB  actual(reserved)=38146 MB  highWater=24788 MB
Schwarz(Jacobi)+Bicgstab:  Solving for omega, Initial residual = 1.2795618154808923e-05, Final residual = 8.44871984153158e-07, No Iterations 2, Solve time = 14.189 ms
bounding omega, min: -37419.82649977843 max: 45355982.70909293 average: 6374.097747221324
Schwarz(Jacobi)+Bicgstab:  Solving for k, Initial residual = 0.0002397730411718967, Final residual = 1.2192737722069083e-05, No Iterations 2, Solve time = 14.288 ms
bounding k, min: -1.6200050168984487e-05 max: 893.1404902933723 average: 9.149902232694439
[mem] after-turb: DEVICE_POOL current=19061 MB  actual(reserved)=38146 MB  highWater=24788 MB
ExecutionTime = 73.55 s  ClockTime = 74 s

Time = 1013
[mem] step-start: DEVICE_POOL current=19061 MB  actual(reserved)=38146 MB  highWater=24788 MB
Schwarz(Jacobi)+Bicgstab:  Solving for Ux, Initial residual = 7.884085501446743e-05, Final residual = 4.350134966978259e-06, No Iterations 2, Solve time = 16.391 ms
Schwarz(Jacobi)+Bicgstab:  Solving for Uy, Initial residual = 0.004043309017057819, Final residual = 0.00014386341371152108, No Iterations 3, Solve time = 19.921 ms
Schwarz(Jacobi)+Bicgstab:  Solving for Uz, Initial residual = 0.0011146863356506285, Final residual = 7.681020019970808e-05, No Iterations 2, Solve time = 15.87 ms
[mem] after-UEqn: DEVICE_POOL current=19061 MB  actual(reserved)=38146 MB  highWater=24788 MB
config(Cg+Multigrid):  Solving for p, Initial residual = 0.0012927633089698711, Final residual = 1.0614722862143351e-05, No Iterations 7, Solve time = 172.203 ms
time step continuity errors : sum local = 2.66838773688529e-06, global = -7.76321685493772e-09, cumulative = -1.287172949947617e-07
[mem] after-pEqn: DEVICE_POOL current=19061 MB  actual(reserved)=38146 MB  highWater=24788 MB
Schwarz(Jacobi)+Bicgstab:  Solving for omega, Initial residual = 1.2800454125789505e-05, Final residual = 8.510637728025129e-07, No Iterations 2, Solve time = 14.214 ms
bounding omega, min: -34076.998687730185 max: 45355982.759240344 average: 6374.006548979664
Schwarz(Jacobi)+Bicgstab:  Solving for k, Initial residual = 0.00024006490963876916, Final residual = 1.1330015024155524e-05, No Iterations 2, Solve time = 13.944 ms
bounding k, min: -0.00217426813590417 max: 893.3873609360024 average: 9.14932891264907
[mem] after-turb: DEVICE_POOL current=19061 MB  actual(reserved)=38146 MB  highWater=24788 MB
ExecutionTime = 76.20999999999999 s  ClockTime = 77 s

Time = 1014
[mem] step-start: DEVICE_POOL current=19061 MB  actual(reserved)=38146 MB  highWater=24788 MB
Schwarz(Jacobi)+Bicgstab:  Solving for Ux, Initial residual = 7.887640565856134e-05, Final residual = 4.424063849901749e-06, No Iterations 2, Solve time = 16.23 ms
Schwarz(Jacobi)+Bicgstab:  Solving for Uy, Initial residual = 0.004054183594483905, Final residual = 0.00013955373590154112, No Iterations 3, Solve time = 19.112 ms
Schwarz(Jacobi)+Bicgstab:  Solving for Uz, Initial residual = 0.001113644026131366, Final residual = 7.377306815323696e-05, No Iterations 2, Solve time = 16.009 ms
[mem] after-UEqn: DEVICE_POOL current=19061 MB  actual(reserved)=38146 MB  highWater=24788 MB
config(Cg+Multigrid):  Solving for p, Initial residual = 0.001294967120958651, Final residual = 1.0438853837075327e-05, No Iterations 7, Solve time = 172.226 ms
time step continuity errors : sum local = 2.6227076987311432e-06, global = -6.711579660944e-09, cumulative = -1.354288746557057e-07
[mem] after-pEqn: DEVICE_POOL current=19061 MB  actual(reserved)=38146 MB  highWater=24788 MB
Schwarz(Jacobi)+Bicgstab:  Solving for omega, Initial residual = 1.2784160673948682e-05, Final residual = 8.541203536285298e-07, No Iterations 2, Solve time = 14.119 ms
bounding omega, min: -281712.44569821307 max: 45355982.79142717 average: 6373.854066673762
Schwarz(Jacobi)+Bicgstab:  Solving for k, Initial residual = 0.00024027440517855015, Final residual = 1.3114892163785935e-05, No Iterations 2, Solve time = 14.295 ms
bounding k, min: -8.048726634340996e-05 max: 893.0417877532541 average: 9.14867079688284
[mem] after-turb: DEVICE_POOL current=19061 MB  actual(reserved)=38146 MB  highWater=24788 MB
ExecutionTime = 78.84999999999999 s  ClockTime = 79 s

Time = 1015
[mem] step-start: DEVICE_POOL current=19061 MB  actual(reserved)=38146 MB  highWater=24788 MB
Schwarz(Jacobi)+Bicgstab:  Solving for Ux, Initial residual = 7.891842097674323e-05, Final residual = 4.397436639226228e-06, No Iterations 2, Solve time = 16.287 ms
Schwarz(Jacobi)+Bicgstab:  Solving for Uy, Initial residual = 0.00406601097009296, Final residual = 0.0003424479919457467, No Iterations 2, Solve time = 16.424 ms
Schwarz(Jacobi)+Bicgstab:  Solving for Uz, Initial residual = 0.0011121610184011883, Final residual = 7.177452934693196e-05, No Iterations 2, Solve time = 15.935 ms
[mem] after-UEqn: DEVICE_POOL current=19061 MB  actual(reserved)=38146 MB  highWater=24788 MB
config(Cg+Multigrid):  Solving for p, Initial residual = 0.0012993748762977254, Final residual = 1.0153807239475462e-05, No Iterations 7, Solve time = 166.932 ms
time step continuity errors : sum local = 2.549643026478868e-06, global = -5.113867309902867e-09, cumulative = -1.4054274196560856e-07
[mem] after-pEqn: DEVICE_POOL current=19061 MB  actual(reserved)=38146 MB  highWater=24788 MB
Schwarz(Jacobi)+Bicgstab:  Solving for omega, Initial residual = 1.2841813364944854e-05, Final residual = 8.548895482025392e-07, No Iterations 2, Solve time = 14.167 ms
bounding omega, min: -50917.60348007721 max: 45355982.768364094 average: 6373.66207658195
Schwarz(Jacobi)+Bicgstab:  Solving for k, Initial residual = 0.00024074631406857056, Final residual = 1.3164665056002227e-05, No Iterations 2, Solve time = 14.245 ms
bounding k, min: -0.0008516069214844144 max: 892.5597075076491 average: 9.147946433881208
[mem] after-turb: DEVICE_POOL current=19061 MB  actual(reserved)=38146 MB  highWater=24788 MB
ExecutionTime = 81.48999999999999 s  ClockTime = 82 s

Time = 1016
[mem] step-start: DEVICE_POOL current=19061 MB  actual(reserved)=38146 MB  highWater=24788 MB
Schwarz(Jacobi)+Bicgstab:  Solving for Ux, Initial residual = 7.906658987090821e-05, Final residual = 4.538399352191692e-06, No Iterations 2, Solve time = 16.409 ms
Schwarz(Jacobi)+Bicgstab:  Solving for Uy, Initial residual = 0.004061503339529577, Final residual = 0.0001507878491859598, No Iterations 3, Solve time = 19.27 ms
Schwarz(Jacobi)+Bicgstab:  Solving for Uz, Initial residual = 0.0011126929005256328, Final residual = 7.288351651144975e-05, No Iterations 2, Solve time = 16.26 ms
[mem] after-UEqn: DEVICE_POOL current=19061 MB  actual(reserved)=38146 MB  highWater=24788 MB
config(Cg+Multigrid):  Solving for p, Initial residual = 0.0013000815313440632, Final residual = 1.0172699017048778e-05, No Iterations 7, Solve time = 173.441 ms
time step continuity errors : sum local = 2.5531675837905166e-06, global = -3.202631599412657e-09, cumulative = -1.437453735650212e-07
[mem] after-pEqn: DEVICE_POOL current=19061 MB  actual(reserved)=38146 MB  highWater=24788 MB
Schwarz(Jacobi)+Bicgstab:  Solving for omega, Initial residual = 1.28394167824694e-05, Final residual = 8.543189357592342e-07, No Iterations 2, Solve time = 14.247 ms
bounding omega, min: -49567.44594926385 max: 45355982.70049053 average: 6373.417342496343
Schwarz(Jacobi)+Bicgstab:  Solving for k, Initial residual = 0.0002410591228654388, Final residual = 1.3663431857046644e-05, No Iterations 2, Solve time = 14.192 ms
bounding k, min: -0.0007844472884775931 max: 891.6228732209098 average: 9.147267700303328
[mem] after-turb: DEVICE_POOL current=19061 MB  actual(reserved)=38146 MB  highWater=24788 MB
ExecutionTime = 84.14 s  ClockTime = 85 s

Time = 1017
[mem] step-start: DEVICE_POOL current=19061 MB  actual(reserved)=38146 MB  highWater=24788 MB
Schwarz(Jacobi)+Bicgstab:  Solving for Ux, Initial residual = 7.915158295651118e-05, Final residual = 3.5297740343859274e-06, No Iterations 2, Solve time = 16.654 ms
Schwarz(Jacobi)+Bicgstab:  Solving for Uy, Initial residual = 0.00406794325538377, Final residual = 0.0001463139256905271, No Iterations 3, Solve time = 19.261 ms
Schwarz(Jacobi)+Bicgstab:  Solving for Uz, Initial residual = 0.0011123767515238579, Final residual = 7.736599717839558e-05, No Iterations 2, Solve time = 15.989 ms
[mem] after-UEqn: DEVICE_POOL current=19061 MB  actual(reserved)=38146 MB  highWater=24788 MB
config(Cg+Multigrid):  Solving for p, Initial residual = 0.0012978732341360842, Final residual = 1.020429548264248e-05, No Iterations 7, Solve time = 173.745 ms
time step continuity errors : sum local = 2.5600665399679796e-06, global = -6.783625622730542e-10, cumulative = -1.4442373612729427e-07
[mem] after-pEqn: DEVICE_POOL current=19061 MB  actual(reserved)=38146 MB  highWater=24788 MB
Schwarz(Jacobi)+Bicgstab:  Solving for omega, Initial residual = 1.2812071469476837e-05, Final residual = 8.518058440890797e-07, No Iterations 2, Solve time = 14.134 ms
bounding omega, min: -59755.37413703596 max: 45355982.62463258 average: 6373.108338043424
Schwarz(Jacobi)+Bicgstab:  Solving for k, Initial residual = 0.0002411032786389862, Final residual = 1.2455382739996084e-05, No Iterations 2, Solve time = 14.4 ms
bounding k, min: -0.0028995973964457272 max: 890.5131438177576 average: 9.14642645231356
[mem] after-turb: DEVICE_POOL current=19061 MB  actual(reserved)=38146 MB  highWater=24788 MB
ExecutionTime = 86.78 s  ClockTime = 87 s

Time = 1018
[mem] step-start: DEVICE_POOL current=19061 MB  actual(reserved)=38146 MB  highWater=24788 MB
Schwarz(Jacobi)+Bicgstab:  Solving for Ux, Initial residual = 7.905228958340863e-05, Final residual = 2.6221355256817466e-06, No Iterations 3, Solve time = 19.844 ms
Schwarz(Jacobi)+Bicgstab:  Solving for Uy, Initial residual = 0.004079510150468241, Final residual = 0.00014078516292918684, No Iterations 3, Solve time = 19.721 ms
Schwarz(Jacobi)+Bicgstab:  Solving for Uz, Initial residual = 0.001111942716863886, Final residual = 7.942904664229583e-05, No Iterations 2, Solve time = 16.352 ms
[mem] after-UEqn: DEVICE_POOL current=19061 MB  actual(reserved)=38146 MB  highWater=24788 MB
config(Cg+Multigrid):  Solving for p, Initial residual = 0.001291352356908781, Final residual = 1.0192020295426887e-05, No Iterations 7, Solve time = 170.964 ms
time step continuity errors : sum local = 2.556250463827601e-06, global = 1.2832166654806029e-09, cumulative = -1.4314051946181367e-07
[mem] after-pEqn: DEVICE_POOL current=19061 MB  actual(reserved)=38146 MB  highWater=24788 MB
Schwarz(Jacobi)+Bicgstab:  Solving for omega, Initial residual = 1.2786617248662827e-05, Final residual = 8.490725169025958e-07, No Iterations 2, Solve time = 14.294 ms
bounding omega, min: -365750.75207895733 max: 45355982.57791135 average: 6372.806493377103
Schwarz(Jacobi)+Bicgstab:  Solving for k, Initial residual = 0.00024115502459595708, Final residual = 1.4087975322782623e-05, No Iterations 2, Solve time = 14.008 ms
bounding k, min: -0.0003755844718692936 max: 889.1331345697932 average: 9.14566335566882
[mem] after-turb: DEVICE_POOL current=19061 MB  actual(reserved)=38146 MB  highWater=24788 MB
ExecutionTime = 89.44 s  ClockTime = 90 s

Time = 1019
[mem] step-start: DEVICE_POOL current=19061 MB  actual(reserved)=38146 MB  highWater=24788 MB
Schwarz(Jacobi)+Bicgstab:  Solving for Ux, Initial residual = 7.896207615794764e-05, Final residual = 4.184751454078547e-06, No Iterations 2, Solve time = 16.552 ms
Schwarz(Jacobi)+Bicgstab:  Solving for Uy, Initial residual = 0.004092378476292063, Final residual = 0.00013992417363627909, No Iterations 3, Solve time = 19.264 ms
Schwarz(Jacobi)+Bicgstab:  Solving for Uz, Initial residual = 0.00111130963460103, Final residual = 7.89983237123774e-05, No Iterations 2, Solve time = 15.798 ms
[mem] after-UEqn: DEVICE_POOL current=19061 MB  actual(reserved)=38146 MB  highWater=24788 MB
config(Cg+Multigrid):  Solving for p, Initial residual = 0.0012941033668362825, Final residual = 1.0145083627788082e-05, No Iterations 7, Solve time = 172.259 ms
time step continuity errors : sum local = 2.543936912470983e-06, global = 2.6289990179575328e-09, cumulative = -1.4051152044385613e-07
[mem] after-pEqn: DEVICE_POOL current=19061 MB  actual(reserved)=38146 MB  highWater=24788 MB
Schwarz(Jacobi)+Bicgstab:  Solving for omega, Initial residual = 1.282963412255727e-05, Final residual = 8.467637568496368e-07, No Iterations 2, Solve time = 14.046 ms
bounding omega, min: -53767.18961037829 max: 45355982.570670985 average: 6372.551736908774
Schwarz(Jacobi)+Bicgstab:  Solving for k, Initial residual = 0.0002415194041519975, Final residual = 1.1549768379318084e-05, No Iterations 2, Solve time = 14.269 ms
bounding k, min: -0.008110909104746017 max: 887.5779570614953 average: 9.14506826593231
[mem] after-turb: DEVICE_POOL current=19061 MB  actual(reserved)=38146 MB  highWater=24788 MB
ExecutionTime = 92.09 s  ClockTime = 93 s

Time = 1020
[mem] step-start: DEVICE_POOL current=19061 MB  actual(reserved)=38146 MB  highWater=24788 MB
Schwarz(Jacobi)+Bicgstab:  Solving for Ux, Initial residual = 7.903744323320794e-05, Final residual = 3.700184925624806e-06, No Iterations 2, Solve time = 16.321 ms
Schwarz(Jacobi)+Bicgstab:  Solving for Uy, Initial residual = 0.004105074438801695, Final residual = 0.00034356513514738677, No Iterations 2, Solve time = 15.932 ms
Schwarz(Jacobi)+Bicgstab:  Solving for Uz, Initial residual = 0.0011106964712146747, Final residual = 8.032651545317375e-05, No Iterations 2, Solve time = 16.725 ms
[mem] after-UEqn: DEVICE_POOL current=19061 MB  actual(reserved)=38146 MB  highWater=24788 MB
config(Cg+Multigrid):  Solving for p, Initial residual = 0.001298363583645708, Final residual = 9.924902889410005e-06, No Iterations 7, Solve time = 168.372 ms
time step continuity errors : sum local = 2.4883476710203637e-06, global = 4.348707585649431e-09, cumulative = -1.361628128582067e-07
[mem] after-pEqn: DEVICE_POOL current=19061 MB  actual(reserved)=38146 MB  highWater=24788 MB
Schwarz(Jacobi)+Bicgstab:  Solving for omega, Initial residual = 1.2781255056315125e-05, Final residual = 8.433898344153102e-07, No Iterations 2, Solve time = 14.253 ms
bounding omega, min: -61139.44187320922 max: 45355982.57255668 average: 6372.25349951618
Schwarz(Jacobi)+Bicgstab:  Solving for k, Initial residual = 0.00024161380373491538, Final residual = 1.430947683051773e-05, No Iterations 2, Solve time = 14.015 ms
bounding k, min: -0.000356926968364861 max: 885.983678513675 average: 9.14432168548899
[mem] after-turb: DEVICE_POOL current=19061 MB  actual(reserved)=38146 MB  highWater=24788 MB
ExecutionTime = 94.73 s  ClockTime = 95 s

Time = 1021
[mem] step-start: DEVICE_POOL current=19061 MB  actual(reserved)=38146 MB  highWater=24788 MB
Schwarz(Jacobi)+Bicgstab:  Solving for Ux, Initial residual = 7.91646132339819e-05, Final residual = 2.713103961245324e-06, No Iterations 3, Solve time = 19.571 ms
Schwarz(Jacobi)+Bicgstab:  Solving for Uy, Initial residual = 0.004100986626687051, Final residual = 0.00015606054785074791, No Iterations 3, Solve time = 19.276 ms
Schwarz(Jacobi)+Bicgstab:  Solving for Uz, Initial residual = 0.00111248404797511, Final residual = 8.013683937113681e-05, No Iterations 2, Solve time = 16.146 ms
[mem] after-UEqn: DEVICE_POOL current=19061 MB  actual(reserved)=38146 MB  highWater=24788 MB
config(Cg+Multigrid):  Solving for p, Initial residual = 0.0012933217421199387, Final residual = 9.972252264435297e-06, No Iterations 7, Solve time = 178.852 ms
time step continuity errors : sum local = 2.4999525703819846e-06, global = 5.2643756719320916e-09, cumulative = -1.308984371862746e-07
[mem] after-pEqn: DEVICE_POOL current=19061 MB  actual(reserved)=38146 MB  highWater=24788 MB
Schwarz(Jacobi)+Bicgstab:  Solving for omega, Initial residual = 1.2850978381984804e-05, Final residual = 8.456448040688238e-07, No Iterations 2, Solve time = 14.392 ms
bounding omega, min: -58614.72211486202 max: 45355982.57951065 average: 6371.985733467156
Schwarz(Jacobi)+Bicgstab:  Solving for k, Initial residual = 0.000241777190405426, Final residual = 1.420781214745375e-05, No Iterations 2, Solve time = 14.118 ms
bounding k, min: -0.0007666996048364613 max: 884.3487636627165 average: 9.143650769953998
[mem] after-turb: DEVICE_POOL current=19061 MB  actual(reserved)=38146 MB  highWater=24788 MB
ExecutionTime = 97.39 s  ClockTime = 98 s

Time = 1022
[mem] step-start: DEVICE_POOL current=19061 MB  actual(reserved)=38146 MB  highWater=24788 MB
Schwarz(Jacobi)+Bicgstab:  Solving for Ux, Initial residual = 7.912907634395435e-05, Final residual = 4.029850680363973e-06, No Iterations 2, Solve time = 16.606 ms
Schwarz(Jacobi)+Bicgstab:  Solving for Uy, Initial residual = 0.004106503755577477, Final residual = 0.00014914327745954556, No Iterations 3, Solve time = 19.538 ms
Schwarz(Jacobi)+Bicgstab:  Solving for Uz, Initial residual = 0.0011129917206287045, Final residual = 8.065336125980808e-05, No Iterations 2, Solve time = 16.147 ms
[mem] after-UEqn: DEVICE_POOL current=19061 MB  actual(reserved)=38146 MB  highWater=24788 MB
config(Cg+Multigrid):  Solving for p, Initial residual = 0.0012965829062947878, Final residual = 9.92368887180592e-06, No Iterations 7, Solve time = 172.442 ms
time step continuity errors : sum local = 2.4875358693944e-06, global = 5.336524713913446e-09, cumulative = -1.2556191247236115e-07
[mem] after-pEqn: DEVICE_POOL current=19061 MB  actual(reserved)=38146 MB  highWater=24788 MB
Schwarz(Jacobi)+Bicgstab:  Solving for omega, Initial residual = 1.284498645911844e-05, Final residual = 8.460154266410177e-07, No Iterations 2, Solve time = 14.391 ms
bounding omega, min: -300887.09701477137 max: 45355982.591067076 average: 6371.760689508965
Schwarz(Jacobi)+Bicgstab:  Solving for k, Initial residual = 0.00024200861984986967, Final residual = 1.4404310130641069e-05, No Iterations 2, Solve time = 13.989 ms
bounding k, min: -0.0012430289271933154 max: 882.6872924881192 average: 9.143039542600174
[mem] after-turb: DEVICE_POOL current=19061 MB  actual(reserved)=38146 MB  highWater=24788 MB
ExecutionTime = 100.05 s  ClockTime = 101 s

Time = 1023
[mem] step-start: DEVICE_POOL current=19061 MB  actual(reserved)=38146 MB  highWater=24788 MB
Schwarz(Jacobi)+Bicgstab:  Solving for Ux, Initial residual = 7.922023560514466e-05, Final residual = 2.9352251442934554e-06, No Iterations 3, Solve time = 19.841 ms
Schwarz(Jacobi)+Bicgstab:  Solving for Uy, Initial residual = 0.004117576736496458, Final residual = 0.000142927821069849, No Iterations 3, Solve time = 19.553 ms
Schwarz(Jacobi)+Bicgstab:  Solving for Uz, Initial residual = 0.001112924094169401, Final residual = 8.089140143290673e-05, No Iterations 2, Solve time = 15.979 ms
[mem] after-UEqn: DEVICE_POOL current=19061 MB  actual(reserved)=38146 MB  highWater=24788 MB
config(Cg+Multigrid):  Solving for p, Initial residual = 0.0012946182639037528, Final residual = 9.897305057773318e-06, No Iterations 7, Solve time = 172.116 ms
time step continuity errors : sum local = 2.480663114451839e-06, global = 5.0027434020346834e-09, cumulative = -1.2055916907032646e-07
[mem] after-pEqn: DEVICE_POOL current=19061 MB  actual(reserved)=38146 MB  highWater=24788 MB
Schwarz(Jacobi)+Bicgstab:  Solving for omega, Initial residual = 1.2846000152888743e-05, Final residual = 8.409815934527052e-07, No Iterations 2, Solve time = 14.193 ms
bounding omega, min: -61213.46410816909 max: 45355982.606787466 average: 6371.608434643152
Schwarz(Jacobi)+Bicgstab:  Solving for k, Initial residual = 0.0002421653787368939, Final residual = 1.1417105044674733e-05, No Iterations 2, Solve time = 14.166 ms
bounding k, min: -0.014595202619474806 max: 881.0463788347273 average: 9.142511672725178
[mem] after-turb: DEVICE_POOL current=19061 MB  actual(reserved)=38146 MB  highWater=24788 MB
ExecutionTime = 102.69 s  ClockTime = 103 s

Time = 1024
[mem] step-start: DEVICE_POOL current=19061 MB  actual(reserved)=38146 MB  highWater=24788 MB
Schwarz(Jacobi)+Bicgstab:  Solving for Ux, Initial residual = 7.919808636896737e-05, Final residual = 4.292834433741643e-06, No Iterations 2, Solve time = 16.505 ms
Schwarz(Jacobi)+Bicgstab:  Solving for Uy, Initial residual = 0.004130227453098389, Final residual = 0.00014247675381476074, No Iterations 3, Solve time = 19.495 ms
Schwarz(Jacobi)+Bicgstab:  Solving for Uz, Initial residual = 0.0011125259733134989, Final residual = 8.146201930370092e-05, No Iterations 2, Solve time = 15.891 ms
[mem] after-UEqn: DEVICE_POOL current=19061 MB  actual(reserved)=38146 MB  highWater=24788 MB
config(Cg+Multigrid):  Solving for p, Initial residual = 0.0012985171989382763, Final residual = 9.856479164620713e-06, No Iterations 7, Solve time = 172.988 ms
time step continuity errors : sum local = 2.4701107722459834e-06, global = 4.325043668142191e-09, cumulative = -1.1623412540218428e-07
[mem] after-pEqn: DEVICE_POOL current=19061 MB  actual(reserved)=38146 MB  highWater=24788 MB
Schwarz(Jacobi)+Bicgstab:  Solving for omega, Initial residual = 1.2795888324459826e-05, Final residual = 8.413070111352415e-07, No Iterations 2, Solve time = 14.3 ms
bounding omega, min: -58010.53575944097 max: 45355982.6250191 average: 6371.509349715209
Schwarz(Jacobi)+Bicgstab:  Solving for k, Initial residual = 0.00024220402464342168, Final residual = 7.906317051690598e-06, No Iterations 3, Solve time = 17.987 ms
bounding k, min: -0.00011506631475333054 max: 879.5684603553586 average: 9.142083128631597
[mem] after-turb: DEVICE_POOL current=19061 MB  actual(reserved)=38146 MB  highWater=24788 MB
ExecutionTime = 105.35 s  ClockTime = 106 s

Time = 1025
[mem] step-start: DEVICE_POOL current=19061 MB  actual(reserved)=38146 MB  highWater=24788 MB
Schwarz(Jacobi)+Bicgstab:  Solving for Ux, Initial residual = 7.930323707052805e-05, Final residual = 3.640805840945297e-06, No Iterations 2, Solve time = 16.379 ms
Schwarz(Jacobi)+Bicgstab:  Solving for Uy, Initial residual = 0.004143825448279225, Final residual = 0.00041101253474792854, No Iterations 2, Solve time = 16.095 ms
Schwarz(Jacobi)+Bicgstab:  Solving for Uz, Initial residual = 0.0011123451963380132, Final residual = 7.957442379749369e-05, No Iterations 2, Solve time = 15.854 ms
[mem] after-UEqn: DEVICE_POOL current=19061 MB  actual(reserved)=38146 MB  highWater=24788 MB
config(Cg+Multigrid):  Solving for p, Initial residual = 0.0013042374476804396, Final residual = 1.0115387103000534e-05, No Iterations 7, Solve time = 165.938 ms
time step continuity errors : sum local = 2.534528709089907e-06, global = 3.5238759640067126e-09, cumulative = -1.1271024943817757e-07
[mem] after-pEqn: DEVICE_POOL current=19061 MB  actual(reserved)=38146 MB  highWater=24788 MB
Schwarz(Jacobi)+Bicgstab:  Solving for omega, Initial residual = 1.2805517286036593e-05, Final residual = 8.42012213306038e-07, No Iterations 2, Solve time = 14.123 ms
bounding omega, min: -56597.99850721496 max: 45355982.64103584 average: 6371.364504553865
Schwarz(Jacobi)+Bicgstab:  Solving for k, Initial residual = 0.00024179168939990843, Final residual = 2.037837595878058e-05, No Iterations 2, Solve time = 14.165 ms
bounding k, min: -0.00045013767111035775 max: 878.2163292202031 average: 9.141162881699517
[mem] after-turb: DEVICE_POOL current=19061 MB  actual(reserved)=38146 MB  highWater=24788 MB
ExecutionTime = 107.99 s  ClockTime = 109 s

Time = 1026
[mem] step-start: DEVICE_POOL current=19061 MB  actual(reserved)=38146 MB  highWater=24788 MB
Schwarz(Jacobi)+Bicgstab:  Solving for Ux, Initial residual = 7.944636909931818e-05, Final residual = 2.513448804084513e-06, No Iterations 3, Solve time = 19.546 ms
Schwarz(Jacobi)+Bicgstab:  Solving for Uy, Initial residual = 0.004136470424302868, Final residual = 0.00015584631049198972, No Iterations 3, Solve time = 19.531 ms
Schwarz(Jacobi)+Bicgstab:  Solving for Uz, Initial residual = 0.001114841475033008, Final residual = 7.892218815237369e-05, No Iterations 2, Solve time = 15.819 ms
[mem] after-UEqn: DEVICE_POOL current=19061 MB  actual(reserved)=38146 MB  highWater=24788 MB
config(Cg+Multigrid):  Solving for p, Initial residual = 0.001296542863136154, Final residual = 1.0389103095193157e-05, No Iterations 7, Solve time = 169.645 ms
time step continuity errors : sum local = 2.602449296521531e-06, global = 2.4477944512031032e-09, cumulative = -1.1026245498697447e-07
[mem] after-pEqn: DEVICE_POOL current=19061 MB  actual(reserved)=38146 MB  highWater=24788 MB
Schwarz(Jacobi)+Bicgstab:  Solving for omega, Initial residual = 1.2946088689020964e-05, Final residual = 8.39083646138077e-07, No Iterations 2, Solve time = 14.257 ms
bounding omega, min: -368419.8226419543 max: 45355982.653709665 average: 6371.197108188006
Schwarz(Jacobi)+Bicgstab:  Solving for k, Initial residual = 0.00024264031445072828, Final residual = 1.3710385341651653e-05, No Iterations 2, Solve time = 14.116 ms
bounding k, min: -0.00024355877834167546 max: 877.0302777311244 average: 9.140505991586672
[mem] after-turb: DEVICE_POOL current=19061 MB  actual(reserved)=38146 MB  highWater=24788 MB
ExecutionTime = 110.63 s  ClockTime = 111 s

Time = 1027
[mem] step-start: DEVICE_POOL current=19061 MB  actual(reserved)=38146 MB  highWater=24788 MB
Schwarz(Jacobi)+Bicgstab:  Solving for Ux, Initial residual = 7.937085901316958e-05, Final residual = 3.0182396475020115e-06, No Iterations 3, Solve time = 20.36 ms
Schwarz(Jacobi)+Bicgstab:  Solving for Uy, Initial residual = 0.004143088161237493, Final residual = 0.00014911259297341155, No Iterations 3, Solve time = 19.647 ms
Schwarz(Jacobi)+Bicgstab:  Solving for Uz, Initial residual = 0.0011157655365234926, Final residual = 7.911487010177726e-05, No Iterations 2, Solve time = 16.338 ms
[mem] after-UEqn: DEVICE_POOL current=19061 MB  actual(reserved)=38146 MB  highWater=24788 MB
config(Cg+Multigrid):  Solving for p, Initial residual = 0.0012967361269933548, Final residual = 1.0780781896415507e-05, No Iterations 7, Solve time = 177.261 ms
time step continuity errors : sum local = 2.6997161295059786e-06, global = 1.1403316266787503e-09, cumulative = -1.0912212336029572e-07
[mem] after-pEqn: DEVICE_POOL current=19061 MB  actual(reserved)=38146 MB  highWater=24788 MB
Schwarz(Jacobi)+Bicgstab:  Solving for omega, Initial residual = 1.2826163081249641e-05, Final residual = 8.324790766444417e-07, No Iterations 2, Solve time = 14.348 ms
bounding omega, min: -56725.74302562565 max: 45355982.66237339 average: 6371.132357180282
Schwarz(Jacobi)+Bicgstab:  Solving for k, Initial residual = 0.00024273848246469555, Final residual = 1.5752586892453375e-05, No Iterations 2, Solve time = 14.145 ms
bounding k, min: -8.188514635097243e-06 max: 875.9712310343514 average: 9.139829369804323
[mem] after-turb: DEVICE_POOL current=19061 MB  actual(reserved)=38146 MB  highWater=24788 MB
ExecutionTime = 113.29 s  ClockTime = 114 s

Time = 1028
[mem] step-start: DEVICE_POOL current=19061 MB  actual(reserved)=38146 MB  highWater=24788 MB
Schwarz(Jacobi)+Bicgstab:  Solving for Ux, Initial residual = 7.936658137983766e-05, Final residual = 3.387662362765468e-06, No Iterations 3, Solve time = 19.901 ms
Schwarz(Jacobi)+Bicgstab:  Solving for Uy, Initial residual = 0.0041560638545997865, Final residual = 0.00014110131408642492, No Iterations 3, Solve time = 19.352 ms
Schwarz(Jacobi)+Bicgstab:  Solving for Uz, Initial residual = 0.0011158441993983155, Final residual = 7.875348068993813e-05, No Iterations 2, Solve time = 15.868 ms
[mem] after-UEqn: DEVICE_POOL current=19061 MB  actual(reserved)=38146 MB  highWater=24788 MB
config(Cg+Multigrid):  Solving for p, Initial residual = 0.0012987144687942483, Final residual = 1.1217350784463515e-05, No Iterations 7, Solve time = 172.827 ms
time step continuity errors : sum local = 2.808049010365878e-06, global = -1.397494252588253e-10, cumulative = -1.0926187278555454e-07
[mem] after-pEqn: DEVICE_POOL current=19061 MB  actual(reserved)=38146 MB  highWater=24788 MB
Schwarz(Jacobi)+Bicgstab:  Solving for omega, Initial residual = 1.286928493169827e-05, Final residual = 8.306230234312185e-07, No Iterations 2, Solve time = 14.305 ms
bounding omega, min: -55913.37267948209 max: 45355982.66794027 average: 6371.036232104177
Schwarz(Jacobi)+Bicgstab:  Solving for k, Initial residual = 0.00024322821614865478, Final residual = 1.625609774021347e-05, No Iterations 2, Solve time = 14.314 ms
[mem] after-turb: DEVICE_POOL current=19061 MB  actual(reserved)=38146 MB  highWater=24788 MB
ExecutionTime = 115.95 s  ClockTime = 117 s

Time = 1029
[mem] step-start: DEVICE_POOL current=19061 MB  actual(reserved)=38146 MB  highWater=24788 MB
Schwarz(Jacobi)+Bicgstab:  Solving for Ux, Initial residual = 7.938053068499018e-05, Final residual = 3.4866876163369535e-06, No Iterations 2, Solve time = 16.423 ms
Schwarz(Jacobi)+Bicgstab:  Solving for Uy, Initial residual = 0.004172154184242779, Final residual = 0.00013847637269942412, No Iterations 3, Solve time = 19.254 ms
Schwarz(Jacobi)+Bicgstab:  Solving for Uz, Initial residual = 0.001115514554472476, Final residual = 7.926970319180855e-05, No Iterations 2, Solve time = 15.951 ms
[mem] after-UEqn: DEVICE_POOL current=19061 MB  actual(reserved)=38146 MB  highWater=24788 MB
config(Cg+Multigrid):  Solving for p, Initial residual = 0.0013003438293863693, Final residual = 1.1685423594601435e-05, No Iterations 7, Solve time = 169.853 ms
time step continuity errors : sum local = 2.924126148459408e-06, global = -8.052559457256466e-10, cumulative = -1.100671287312802e-07
[mem] after-pEqn: DEVICE_POOL current=19061 MB  actual(reserved)=38146 MB  highWater=24788 MB
Schwarz(Jacobi)+Bicgstab:  Solving for omega, Initial residual = 1.2849640797704553e-05, Final residual = 8.304135922191273e-07, No Iterations 2, Solve time = 14.26 ms
bounding omega, min: -54647.23405248133 max: 45355982.67188986 average: 6370.935447352713
Schwarz(Jacobi)+Bicgstab:  Solving for k, Initial residual = 0.00024367929363120852, Final residual = 1.662836617089486e-05, No Iterations 2, Solve time = 14.802 ms
bounding k, min: -0.00035137060826506006 max: 874.3145067135721 average: 9.138448988466168
[mem] after-turb: DEVICE_POOL current=19061 MB  actual(reserved)=38146 MB  highWater=24788 MB
ExecutionTime = 118.59 s  ClockTime = 119 s

Time = 1030
[mem] step-start: DEVICE_POOL current=19061 MB  actual(reserved)=38146 MB  highWater=24788 MB
Schwarz(Jacobi)+Bicgstab:  Solving for Ux, Initial residual = 7.937351204577689e-05, Final residual = 2.51479797069059e-06, No Iterations 3, Solve time = 19.771 ms
Schwarz(Jacobi)+Bicgstab:  Solving for Uy, Initial residual = 0.0041887671291246315, Final residual = 0.0001379976968362231, No Iterations 3, Solve time = 19.35 ms
Schwarz(Jacobi)+Bicgstab:  Solving for Uz, Initial residual = 0.0011154231697614457, Final residual = 7.959789516405859e-05, No Iterations 2, Solve time = 16.186 ms
[mem] after-UEqn: DEVICE_POOL current=19061 MB  actual(reserved)=38146 MB  highWater=24788 MB
config(Cg+Multigrid):  Solving for p, Initial residual = 0.001294579400114979, Final residual = 1.1952147661095216e-05, No Iterations 7, Solve time = 172.074 ms
time step continuity errors : sum local = 2.9898179351953204e-06, global = -1.6831766767432955e-09, cumulative = -1.1175030540802349e-07
[mem] after-pEqn: DEVICE_POOL current=19061 MB  actual(reserved)=38146 MB  highWater=24788 MB
Schwarz(Jacobi)+Bicgstab:  Solving for omega, Initial residual = 1.2846005608204922e-05, Final residual = 8.309775389235776e-07, No Iterations 2, Solve time = 14.45 ms
bounding omega, min: -257754.0277990817 max: 45355982.675731026 average: 6370.861954645753
Schwarz(Jacobi)+Bicgstab:  Solving for k, Initial residual = 0.00024414113929590534, Final residual = 1.7219238936805385e-05, No Iterations 2, Solve time = 14.234 ms
[mem] after-turb: DEVICE_POOL current=19061 MB  actual(reserved)=38146 MB  highWater=24788 MB
ExecutionTime = 121.25 s  ClockTime = 122 s

Time = 1031
[mem] step-start: DEVICE_POOL current=19061 MB  actual(reserved)=38146 MB  highWater=24788 MB
Schwarz(Jacobi)+Bicgstab:  Solving for Ux, Initial residual = 7.92970438618151e-05, Final residual = 4.325354844229692e-06, No Iterations 2, Solve time = 16.39 ms
Schwarz(Jacobi)+Bicgstab:  Solving for Uy, Initial residual = 0.004203832873424637, Final residual = 0.00013968755508888682, No Iterations 3, Solve time = 19.586 ms
Schwarz(Jacobi)+Bicgstab:  Solving for Uz, Initial residual = 0.0011154636067191323, Final residual = 7.973833844506283e-05, No Iterations 2, Solve time = 16.098 ms
[mem] after-UEqn: DEVICE_POOL current=19061 MB  actual(reserved)=38146 MB  highWater=24788 MB
config(Cg+Multigrid):  Solving for p, Initial residual = 0.0012994388823507424, Final residual = 1.2086666764847755e-05, No Iterations 7, Solve time = 170.009 ms
time step continuity errors : sum local = 3.022459118087751e-06, global = -1.1606750203677657e-09, cumulative = -1.1291098042839125e-07
[mem] after-pEqn: DEVICE_POOL current=19061 MB  actual(reserved)=38146 MB  highWater=24788 MB
Schwarz(Jacobi)+Bicgstab:  Solving for omega, Initial residual = 1.2830470310187572e-05, Final residual = 8.225395701977882e-07, No Iterations 2, Solve time = 14.029 ms
bounding omega, min: -53120.63583729366 max: 45355982.680455536 average: 6370.763323565214
Schwarz(Jacobi)+Bicgstab:  Solving for k, Initial residual = 0.00024451325117483703, Final residual = 1.7363056046088966e-05, No Iterations 2, Solve time = 14.036 ms
[mem] after-turb: DEVICE_POOL current=19061 MB  actual(reserved)=38146 MB  highWater=24788 MB
ExecutionTime = 123.89 s  ClockTime = 125 s

Time = 1032
[mem] step-start: DEVICE_POOL current=19061 MB  actual(reserved)=38146 MB  highWater=24788 MB
Schwarz(Jacobi)+Bicgstab:  Solving for Ux, Initial residual = 7.932805479152707e-05, Final residual = 2.5962225415771354e-06, No Iterations 3, Solve time = 19.883 ms
Schwarz(Jacobi)+Bicgstab:  Solving for Uy, Initial residual = 0.004218066436911361, Final residual = 0.00014173811189759365, No Iterations 3, Solve time = 20.341 ms
Schwarz(Jacobi)+Bicgstab:  Solving for Uz, Initial residual = 0.0011162859082417002, Final residual = 7.891118974599896e-05, No Iterations 2, Solve time = 16.519 ms
[mem] after-UEqn: DEVICE_POOL current=19061 MB  actual(reserved)=38146 MB  highWater=24788 MB
config(Cg+Multigrid):  Solving for p, Initial residual = 0.0012909730106232175, Final residual = 1.1903412646717604e-05, No Iterations 7, Solve time = 177.06 ms
time step continuity errors : sum local = 2.9759146464339296e-06, global = -6.017283273340761e-10, cumulative = -1.1351270875572532e-07
[mem] after-pEqn: DEVICE_POOL current=19061 MB  actual(reserved)=38146 MB  highWater=24788 MB
Schwarz(Jacobi)+Bicgstab:  Solving for omega, Initial residual = 1.2829192179167415e-05, Final residual = 8.236606916505441e-07, No Iterations 2, Solve time = 14.24 ms
bounding omega, min: -52033.153213961494 max: 45355982.685775906 average: 6370.684905009034
Schwarz(Jacobi)+Bicgstab:  Solving for k, Initial residual = 0.00024503392181394546, Final residual = 1.743550685679538e-05, No Iterations 2, Solve time = 14.185 ms
[mem] after-turb: DEVICE_POOL current=19061 MB  actual(reserved)=38146 MB  highWater=24788 MB
ExecutionTime = 126.55 s  ClockTime = 127 s

Time = 1033
[mem] step-start: DEVICE_POOL current=19061 MB  actual(reserved)=38146 MB  highWater=24788 MB
Schwarz(Jacobi)+Bicgstab:  Solving for Ux, Initial residual = 7.922915196204513e-05, Final residual = 2.259444617359448e-06, No Iterations 3, Solve time = 20.01 ms
Schwarz(Jacobi)+Bicgstab:  Solving for Uy, Initial residual = 0.004229632655429226, Final residual = 0.00029050451529768524, No Iterations 2, Solve time = 16.564 ms
Schwarz(Jacobi)+Bicgstab:  Solving for Uz, Initial residual = 0.0011170411732613454, Final residual = 7.827235473581363e-05, No Iterations 2, Solve time = 15.992 ms
[mem] after-UEqn: DEVICE_POOL current=19061 MB  actual(reserved)=38146 MB  highWater=24788 MB
config(Cg+Multigrid):  Solving for p, Initial residual = 0.0012928129601833915, Final residual = 1.1477770306339155e-05, No Iterations 7, Solve time = 174.54 ms
time step continuity errors : sum local = 2.869027421404378e-06, global = 8.244417683517122e-10, cumulative = -1.1268826698737361e-07
[mem] after-pEqn: DEVICE_POOL current=19061 MB  actual(reserved)=38146 MB  highWater=24788 MB
Schwarz(Jacobi)+Bicgstab:  Solving for omega, Initial residual = 1.2837391173615292e-05, Final residual = 8.287256155689258e-07, No Iterations 2, Solve time = 14.343 ms
bounding omega, min: -51082.813004692725 max: 45355982.69129689 average: 6370.63394467122
Schwarz(Jacobi)+Bicgstab:  Solving for k, Initial residual = 0.00024566675130878647, Final residual = 1.708274947242558e-05, No Iterations 2, Solve time = 14.307 ms
bounding k, min: -9.719128535807441e-05 max: 872.4886571496851 average: 9.135232525311569
[mem] after-turb: DEVICE_POOL current=19061 MB  actual(reserved)=38146 MB  highWater=24788 MB
ExecutionTime = 129.2 s  ClockTime = 130 s

Time = 1034
[mem] step-start: DEVICE_POOL current=19061 MB  actual(reserved)=38146 MB  highWater=24788 MB
Schwarz(Jacobi)+Bicgstab:  Solving for Ux, Initial residual = 7.926742272688976e-05, Final residual = 2.715219296307532e-06, No Iterations 3, Solve time = 19.882 ms
Schwarz(Jacobi)+Bicgstab:  Solving for Uy, Initial residual = 0.004226923710793537, Final residual = 0.0001538391798739205, No Iterations 3, Solve time = 19.446 ms
Schwarz(Jacobi)+Bicgstab:  Solving for Uz, Initial residual = 0.001119372430538713, Final residual = 7.825249883841533e-05, No Iterations 2, Solve time = 15.79 ms
[mem] after-UEqn: DEVICE_POOL current=19061 MB  actual(reserved)=38146 MB  highWater=24788 MB
config(Cg+Multigrid):  Solving for p, Initial residual = 0.0012913440368943064, Final residual = 1.1166091050923626e-05, No Iterations 7, Solve time = 166.955 ms
time step continuity errors : sum local = 2.7909998892244785e-06, global = 2.5434683505408314e-09, cumulative = -1.1014479863683278e-07
[mem] after-pEqn: DEVICE_POOL current=19061 MB  actual(reserved)=38146 MB  highWater=24788 MB
Schwarz(Jacobi)+Bicgstab:  Solving for omega, Initial residual = 1.2850592220452935e-05, Final residual = 8.340808507391922e-07, No Iterations 2, Solve time = 14.208 ms
bounding omega, min: -195837.42540935136 max: 45355982.69526313 average: 6370.620333798763
Schwarz(Jacobi)+Bicgstab:  Solving for k, Initial residual = 0.0002461635649539348, Final residual = 1.604718456600514e-05, No Iterations 2, Solve time = 14.112 ms
bounding k, min: -4.8450147552324016e-05 max: 872.2366010388812 average: 9.134500840496143
[mem] after-turb: DEVICE_POOL current=19061 MB  actual(reserved)=38146 MB  highWater=24788 MB
ExecutionTime = 131.87 s  ClockTime = 133 s

Time = 1035
[mem] step-start: DEVICE_POOL current=19061 MB  actual(reserved)=38146 MB  highWater=24788 MB
Schwarz(Jacobi)+Bicgstab:  Solving for Ux, Initial residual = 7.932331297581422e-05, Final residual = 3.044698630270178e-06, No Iterations 3, Solve time = 19.781 ms
Schwarz(Jacobi)+Bicgstab:  Solving for Uy, Initial residual = 0.0042330475362034135, Final residual = 0.00014809937940209322, No Iterations 3, Solve time = 19.388 ms
Schwarz(Jacobi)+Bicgstab:  Solving for Uz, Initial residual = 0.0011208156536445064, Final residual = 7.557095190949048e-05, No Iterations 2, Solve time = 16.474 ms
[mem] after-UEqn: DEVICE_POOL current=19061 MB  actual(reserved)=38146 MB  highWater=24788 MB
config(Cg+Multigrid):  Solving for p, Initial residual = 0.0012924923500328394, Final residual = 1.0806022335190722e-05, No Iterations 7, Solve time = 169.663 ms
time step continuity errors : sum local = 2.7014210068784666e-06, global = 4.29095340106398e-09, cumulative = -1.058538452357688e-07
[mem] after-pEqn: DEVICE_POOL current=19061 MB  actual(reserved)=38146 MB  highWater=24788 MB
Schwarz(Jacobi)+Bicgstab:  Solving for omega, Initial residual = 1.286636381610429e-05, Final residual = 8.357147422422579e-07, No Iterations 2, Solve time = 14.051 ms
bounding omega, min: -49028.85879316054 max: 45355982.69666269 average: 6370.677521331935
Schwarz(Jacobi)+Bicgstab:  Solving for k, Initial residual = 0.00024660832922037573, Final residual = 1.5008934431893793e-05, No Iterations 2, Solve time = 14.032 ms
bounding k, min: -0.00013051602486180783 max: 872.0378495958416 average: 9.133836784301113
[mem] after-turb: DEVICE_POOL current=19061 MB  actual(reserved)=38146 MB  highWater=24788 MB
ExecutionTime = 134.53 s  ClockTime = 135 s

Time = 1036
[mem] step-start: DEVICE_POOL current=19061 MB  actual(reserved)=38146 MB  highWater=24788 MB
Schwarz(Jacobi)+Bicgstab:  Solving for Ux, Initial residual = 7.94019644565266e-05, Final residual = 4.514280450604445e-06, No Iterations 2, Solve time = 16.412 ms
Schwarz(Jacobi)+Bicgstab:  Solving for Uy, Initial residual = 0.004244901164576969, Final residual = 0.00014122054364760177, No Iterations 3, Solve time = 19.823 ms
Schwarz(Jacobi)+Bicgstab:  Solving for Uz, Initial residual = 0.0011215153063565569, Final residual = 7.405632119430017e-05, No Iterations 2, Solve time = 16.177 ms
[mem] after-UEqn: DEVICE_POOL current=19061 MB  actual(reserved)=38146 MB  highWater=24788 MB
config(Cg+Multigrid):  Solving for p, Initial residual = 0.0012958793236421138, Final residual = 1.0719904983720182e-05, No Iterations 7, Solve time = 169.178 ms
time step continuity errors : sum local = 2.680894791195057e-06, global = 6.062364208084188e-09, cumulative = -9.97914810276846e-08
[mem] after-pEqn: DEVICE_POOL current=19061 MB  actual(reserved)=38146 MB  highWater=24788 MB
Schwarz(Jacobi)+Bicgstab:  Solving for omega, Initial residual = 1.2838854837385956e-05, Final residual = 8.345057058767486e-07, No Iterations 2, Solve time = 14.339 ms
bounding omega, min: -48354.12004033404 max: 45355982.69394439 average: 6370.629531060272
Schwarz(Jacobi)+Bicgstab:  Solving for k, Initial residual = 0.00024683997943325173, Final residual = 1.4979424433292306e-05, No Iterations 2, Solve time = 14.224 ms
bounding k, min: -5.483432439450219e-05 max: 871.8826633747375 average: 9.132937080057683
[mem] after-turb: DEVICE_POOL current=19061 MB  actual(reserved)=38146 MB  highWater=24788 MB
ExecutionTime = 137.18 s  ClockTime = 138 s

Time = 1037
[mem] step-start: DEVICE_POOL current=19061 MB  actual(reserved)=38146 MB  highWater=24788 MB
Schwarz(Jacobi)+Bicgstab:  Solving for Ux, Initial residual = 7.940185134325483e-05, Final residual = 2.5021672987172346e-06, No Iterations 3, Solve time = 19.614 ms
Schwarz(Jacobi)+Bicgstab:  Solving for Uy, Initial residual = 0.004261246439023538, Final residual = 0.0001415801077115335, No Iterations 3, Solve time = 19.631 ms
Schwarz(Jacobi)+Bicgstab:  Solving for Uz, Initial residual = 0.0011221265230443246, Final residual = 7.243896069305423e-05, No Iterations 2, Solve time = 16.456 ms
[mem] after-UEqn: DEVICE_POOL current=19061 MB  actual(reserved)=38146 MB  highWater=24788 MB
config(Cg+Multigrid):  Solving for p, Initial residual = 0.0012884718162727926, Final residual = 1.0333736271825301e-05, No Iterations 7, Solve time = 178.791 ms
time step continuity errors : sum local = 2.5859765886952803e-06, global = 6.570352554994163e-09, cumulative = -9.322112847269044e-08
[mem] after-pEqn: DEVICE_POOL current=19061 MB  actual(reserved)=38146 MB  highWater=24788 MB
Schwarz(Jacobi)+Bicgstab:  Solving for omega, Initial residual = 1.286774061318548e-05, Final residual = 8.439907005947929e-07, No Iterations 2, Solve time = 14.208 ms
bounding omega, min: -47465.5030231497 max: 45355982.6870768 average: 6370.61393477107
Schwarz(Jacobi)+Bicgstab:  Solving for k, Initial residual = 0.0002473138770776244, Final residual = 1.4827862854132649e-05, No Iterations 2, Solve time = 14.302 ms
bounding k, min: -0.00010799999982451941 max: 871.7548449901684 average: 9.132231087838392
[mem] after-turb: DEVICE_POOL current=19061 MB  actual(reserved)=38146 MB  highWater=24788 MB
ExecutionTime = 139.84 s  ClockTime = 141 s

Time = 1038
[mem] step-start: DEVICE_POOL current=19061 MB  actual(reserved)=38146 MB  highWater=24788 MB
Schwarz(Jacobi)+Bicgstab:  Solving for Ux, Initial residual = 7.936557986618814e-05, Final residual = 2.2729607019990776e-06, No Iterations 3, Solve time = 19.909 ms
Schwarz(Jacobi)+Bicgstab:  Solving for Uy, Initial residual = 0.004278021916940132, Final residual = 0.00014478790320100488, No Iterations 3, Solve time = 19.443 ms
Schwarz(Jacobi)+Bicgstab:  Solving for Uz, Initial residual = 0.0011223482575323286, Final residual = 6.822030002311312e-05, No Iterations 2, Solve time = 16.388 ms
[mem] after-UEqn: DEVICE_POOL current=19061 MB  actual(reserved)=38146 MB  highWater=24788 MB
config(Cg+Multigrid):  Solving for p, Initial residual = 0.0012873632458192269, Final residual = 1.0003881014698428e-05, No Iterations 7, Solve time = 174.886 ms
time step continuity errors : sum local = 2.5053225960971705e-06, global = 6.343898411346116e-09, cumulative = -8.687723006134433e-08
[mem] after-pEqn: DEVICE_POOL current=19061 MB  actual(reserved)=38146 MB  highWater=24788 MB
Schwarz(Jacobi)+Bicgstab:  Solving for omega, Initial residual = 1.2885416589355554e-05, Final residual = 8.501265911368287e-07, No Iterations 2, Solve time = 14.299 ms
bounding omega, min: -314966.69384312694 max: 45355982.67603872 average: 6370.593504363041
Schwarz(Jacobi)+Bicgstab:  Solving for k, Initial residual = 0.00024775243087293684, Final residual = 1.4860808864768422e-05, No Iterations 2, Solve time = 14.044 ms
bounding k, min: -8.695938135109009e-05 max: 871.6419117184655 average: 9.131564055670339
[mem] after-turb: DEVICE_POOL current=19061 MB  actual(reserved)=38146 MB  highWater=24788 MB
ExecutionTime = 142.5 s  ClockTime = 143 s

Time = 1039
[mem] step-start: DEVICE_POOL current=19061 MB  actual(reserved)=38146 MB  highWater=24788 MB
Schwarz(Jacobi)+Bicgstab:  Solving for Ux, Initial residual = 7.937593110760293e-05, Final residual = 2.7012684623496417e-06, No Iterations 3, Solve time = 19.778 ms
Schwarz(Jacobi)+Bicgstab:  Solving for Uy, Initial residual = 0.004294476213022624, Final residual = 0.00014764992232022242, No Iterations 3, Solve time = 19.565 ms
Schwarz(Jacobi)+Bicgstab:  Solving for Uz, Initial residual = 0.00112222965650917, Final residual = 8.482583379502987e-05, No Iterations 3, Solve time = 19.139 ms
[mem] after-UEqn: DEVICE_POOL current=19061 MB  actual(reserved)=38146 MB  highWater=24788 MB
config(Cg+Multigrid):  Solving for p, Initial residual = 0.0012977014988598016, Final residual = 9.968515513597327e-06, No Iterations 7, Solve time = 174.491 ms
time step continuity errors : sum local = 2.4984627364200142e-06, global = 5.7161977283586e-09, cumulative = -8.116103233298573e-08
[mem] after-pEqn: DEVICE_POOL current=19061 MB  actual(reserved)=38146 MB  highWater=24788 MB
Schwarz(Jacobi)+Bicgstab:  Solving for omega, Initial residual = 1.2902017979594977e-05, Final residual = 8.511586059254631e-07, No Iterations 2, Solve time = 14.274 ms
bounding omega, min: -45787.92109454443 max: 45355982.66193331 average: 6370.568647247798
Schwarz(Jacobi)+Bicgstab:  Solving for k, Initial residual = 0.0002482169929035635, Final residual = 1.5500868628375578e-05, No Iterations 2, Solve time = 14.291 ms
bounding k, min: -3.157753436494965e-05 max: 871.5426662170976 average: 9.130834373627499
[mem] after-turb: DEVICE_POOL current=19061 MB  actual(reserved)=38146 MB  highWater=24788 MB
ExecutionTime = 145.16 s  ClockTime = 146 s

Time = 1040
[mem] step-start: DEVICE_POOL current=19061 MB  actual(reserved)=38146 MB  highWater=24788 MB
Schwarz(Jacobi)+Bicgstab:  Solving for Ux, Initial residual = 7.946823543162984e-05, Final residual = 7.856771982396654e-06, No Iterations 2, Solve time = 16.414 ms
Schwarz(Jacobi)+Bicgstab:  Solving for Uy, Initial residual = 0.004313121331554037, Final residual = 0.0003124706889045561, No Iterations 2, Solve time = 15.905 ms
Schwarz(Jacobi)+Bicgstab:  Solving for Uz, Initial residual = 0.001115678357533871, Final residual = 5.072192963874751e-05, No Iterations 3, Solve time = 20.269 ms
[mem] after-UEqn: DEVICE_POOL current=19061 MB  actual(reserved)=38146 MB  highWater=24788 MB
config(Cg+Multigrid):  Solving for p, Initial residual = 0.0013066351866482535, Final residual = 9.91972537983913e-06, No Iterations 7, Solve time = 165.692 ms
time step continuity errors : sum local = 2.4883033241777373e-06, global = 3.86527342225673e-09, cumulative = -7.7295758910729e-08
[mem] after-pEqn: DEVICE_POOL current=19061 MB  actual(reserved)=38146 MB  highWater=24788 MB
Schwarz(Jacobi)+Bicgstab:  Solving for omega, Initial residual = 1.297101831355395e-05, Final residual = 8.667645802203581e-07, No Iterations 2, Solve time = 14.222 ms
bounding omega, min: -44591.99363368496 max: 45355982.64623082 average: 6370.567250447024
Schwarz(Jacobi)+Bicgstab:  Solving for k, Initial residual = 0.00024915437979928503, Final residual = 1.5830807405559067e-05, No Iterations 2, Solve time = 13.991 ms
bounding k, min: -0.00014081737264878773 max: 871.4284331289181 average: 9.130485082416163
[mem] after-turb: DEVICE_POOL current=19061 MB  actual(reserved)=38146 MB  highWater=24788 MB
ExecutionTime = 147.8 s  ClockTime = 149 s

Time = 1041
[mem] step-start: DEVICE_POOL current=19061 MB  actual(reserved)=38146 MB  highWater=24788 MB
Schwarz(Jacobi)+Bicgstab:  Solving for Ux, Initial residual = 7.99592547664905e-05, Final residual = 3.0819335634681593e-06, No Iterations 3, Solve time = 19.593 ms
Schwarz(Jacobi)+Bicgstab:  Solving for Uy, Initial residual = 0.004311135258068096, Final residual = 0.00015617859488554461, No Iterations 3, Solve time = 19.601 ms
Schwarz(Jacobi)+Bicgstab:  Solving for Uz, Initial residual = 0.0011135706180935977, Final residual = 6.59048068226835e-05, No Iterations 2, Solve time = 15.879 ms
[mem] after-UEqn: DEVICE_POOL current=19061 MB  actual(reserved)=38146 MB  highWater=24788 MB
config(Cg+Multigrid):  Solving for p, Initial residual = 0.0012957115927278507, Final residual = 1.0791863858996974e-05, No Iterations 7, Solve time = 168.938 ms
time step continuity errors : sum local = 2.708722329350803e-06, global = 4.125553709906537e-10, cumulative = -7.688320353973835e-08
[mem] after-pEqn: DEVICE_POOL current=19061 MB  actual(reserved)=38146 MB  highWater=24788 MB
Schwarz(Jacobi)+Bicgstab:  Solving for omega, Initial residual = 1.2984302258133862e-05, Final residual = 8.747550600087608e-07, No Iterations 2, Solve time = 14.312 ms
bounding omega, min: -44220.61291221275 max: 45355982.62949612 average: 6370.524186106673
Schwarz(Jacobi)+Bicgstab:  Solving for k, Initial residual = 0.00024959122374274315, Final residual = 1.1893284439040825e-05, No Iterations 2, Solve time = 14.308 ms
bounding k, min: -0.000662940936206371 max: 871.3053709575731 average: 9.130086285272665
[mem] after-turb: DEVICE_POOL current=19061 MB  actual(reserved)=38146 MB  highWater=24788 MB
ExecutionTime = 150.46 s  ClockTime = 151 s

Time = 1042
[mem] step-start: DEVICE_POOL current=19061 MB  actual(reserved)=38146 MB  highWater=24788 MB
Schwarz(Jacobi)+Bicgstab:  Solving for Ux, Initial residual = 7.999192153526768e-05, Final residual = 4.499935429439355e-06, No Iterations 2, Solve time = 16.687 ms
Schwarz(Jacobi)+Bicgstab:  Solving for Uy, Initial residual = 0.004319522143408828, Final residual = 0.00014662691263141775, No Iterations 3, Solve time = 19.395 ms
Schwarz(Jacobi)+Bicgstab:  Solving for Uz, Initial residual = 0.0011147019596571368, Final residual = 4.706727723178849e-05, No Iterations 3, Solve time = 19.237 ms
[mem] after-UEqn: DEVICE_POOL current=19061 MB  actual(reserved)=38146 MB  highWater=24788 MB
config(Cg+Multigrid):  Solving for p, Initial residual = 0.0012907038088090387, Final residual = 1.1814145834747316e-05, No Iterations 7, Solve time = 170.093 ms
time step continuity errors : sum local = 2.9667393338840497e-06, global = -2.9559405526822653e-09, cumulative = -7.983914409242061e-08
[mem] after-pEqn: DEVICE_POOL current=19061 MB  actual(reserved)=38146 MB  highWater=24788 MB
Schwarz(Jacobi)+Bicgstab:  Solving for omega, Initial residual = 1.2978676490693436e-05, Final residual = 8.831721582344029e-07, No Iterations 2, Solve time = 14.248 ms
bounding omega, min: -226069.52984085638 max: 45355982.61305051 average: 6370.489170740942
Schwarz(Jacobi)+Bicgstab:  Solving for k, Initial residual = 0.0002493936926818158, Final residual = 1.076256471707203e-05, No Iterations 2, Solve time = 14.14 ms
bounding k, min: -0.004089677996630424 max: 871.1679909829106 average: 9.12986934742016
[mem] after-turb: DEVICE_POOL current=19061 MB  actual(reserved)=38146 MB  highWater=24788 MB
ExecutionTime = 153.12 s  ClockTime = 154 s

Time = 1043
[mem] step-start: DEVICE_POOL current=19061 MB  actual(reserved)=38146 MB  highWater=24788 MB
Schwarz(Jacobi)+Bicgstab:  Solving for Ux, Initial residual = 8.012304519172773e-05, Final residual = 4.4263424352217365e-06, No Iterations 2, Solve time = 16.624 ms
Schwarz(Jacobi)+Bicgstab:  Solving for Uy, Initial residual = 0.004330107912244364, Final residual = 0.000146335768926335, No Iterations 3, Solve time = 19.602 ms
Schwarz(Jacobi)+Bicgstab:  Solving for Uz, Initial residual = 0.0011143095903825976, Final residual = 9.967848146484594e-05, No Iterations 2, Solve time = 15.822 ms
[mem] after-UEqn: DEVICE_POOL current=19061 MB  actual(reserved)=38146 MB  highWater=24788 MB
config(Cg+Multigrid):  Solving for p, Initial residual = 0.001303152179972636, Final residual = 1.2931709614295471e-05, No Iterations 7, Solve time = 175.679 ms
time step continuity errors : sum local = 3.248057456258295e-06, global = -5.080297736457298e-09, cumulative = -8.491944182887791e-08
[mem] after-pEqn: DEVICE_POOL current=19061 MB  actual(reserved)=38146 MB  highWater=24788 MB
Schwarz(Jacobi)+Bicgstab:  Solving for omega, Initial residual = 1.3015808514394188e-05, Final residual = 8.863628157677067e-07, No Iterations 2, Solve time = 14.269 ms
bounding omega, min: -45120.45753892574 max: 45355982.599817686 average: 6370.420511669775
Schwarz(Jacobi)+Bicgstab:  Solving for k, Initial residual = 0.00024969830462816825, Final residual = 1.1675432199847941e-05, No Iterations 2, Solve time = 14.394 ms
bounding k, min: -0.012092900452260635 max: 871.0232099245849 average: 9.129604239542637
[mem] after-turb: DEVICE_POOL current=19061 MB  actual(reserved)=38146 MB  highWater=24788 MB
ExecutionTime = 155.77 s  ClockTime = 157 s

Time = 1044
[mem] step-start: DEVICE_POOL current=19061 MB  actual(reserved)=38146 MB  highWater=24788 MB
Schwarz(Jacobi)+Bicgstab:  Solving for Ux, Initial residual = 8.026245862440114e-05, Final residual = 4.4330859592530125e-06, No Iterations 2, Solve time = 16.281 ms
Schwarz(Jacobi)+Bicgstab:  Solving for Uy, Initial residual = 0.004346869245420686, Final residual = 0.00015100938557466772, No Iterations 3, Solve time = 19.4 ms
Schwarz(Jacobi)+Bicgstab:  Solving for Uz, Initial residual = 0.0011167430020345027, Final residual = 4.839593393953591e-05, No Iterations 3, Solve time = 19.459 ms
[mem] after-UEqn: DEVICE_POOL current=19061 MB  actual(reserved)=38146 MB  highWater=24788 MB
config(Cg+Multigrid):  Solving for p, Initial residual = 0.0012960735260292753, Final residual = 8.897367170589509e-06, No Iterations 8, Solve time = 188.961 ms
time step continuity errors : sum local = 2.234470826458463e-06, global = -5.254136758842546e-09, cumulative = -9.017357858772046e-08
[mem] after-pEqn: DEVICE_POOL current=19061 MB  actual(reserved)=38146 MB  highWater=24788 MB
Schwarz(Jacobi)+Bicgstab:  Solving for omega, Initial residual = 1.3050969423813002e-05, Final residual = 8.880069498573359e-07, No Iterations 2, Solve time = 14.197 ms
bounding omega, min: -45369.206707991805 max: 45355982.5906429 average: 6370.32071224974
Schwarz(Jacobi)+Bicgstab:  Solving for k, Initial residual = 0.00024998458890377066, Final residual = 1.3136835779044789e-05, No Iterations 2, Solve time = 14.149 ms
bounding k, min: -0.007912111352461754 max: 870.8443018522092 average: 9.129484048774676
[mem] after-turb: DEVICE_POOL current=19061 MB  actual(reserved)=38146 MB  highWater=24788 MB
ExecutionTime = 158.45 s  ClockTime = 159 s

Time = 1045
[mem] step-start: DEVICE_POOL current=19061 MB  actual(reserved)=38146 MB  highWater=24788 MB
Schwarz(Jacobi)+Bicgstab:  Solving for Ux, Initial residual = 8.033515125995687e-05, Final residual = 4.5193608732870045e-06, No Iterations 2, Solve time = 16.565 ms
Schwarz(Jacobi)+Bicgstab:  Solving for Uy, Initial residual = 0.004361888696947917, Final residual = 0.0001551191496197491, No Iterations 3, Solve time = 19.621 ms
Schwarz(Jacobi)+Bicgstab:  Solving for Uz, Initial residual = 0.0011150970893593654, Final residual = 5.232841148945386e-05, No Iterations 3, Solve time = 19.617 ms
[mem] after-UEqn: DEVICE_POOL current=19061 MB  actual(reserved)=38146 MB  highWater=24788 MB
config(Cg+Multigrid):  Solving for p, Initial residual = 0.0012950882279646509, Final residual = 9.103460912804465e-06, No Iterations 8, Solve time = 182.914 ms
time step continuity errors : sum local = 2.284331648323827e-06, global = -3.6838324877945336e-09, cumulative = -9.385741107551499e-08
[mem] after-pEqn: DEVICE_POOL current=19061 MB  actual(reserved)=38146 MB  highWater=24788 MB
Schwarz(Jacobi)+Bicgstab:  Solving for omega, Initial residual = 1.3082753335718774e-05, Final residual = 8.939497514501927e-07, No Iterations 2, Solve time = 14.185 ms
bounding omega, min: -45796.70059097982 max: 45355982.58490508 average: 6370.246410919431
Schwarz(Jacobi)+Bicgstab:  Solving for k, Initial residual = 0.0002503649202101292, Final residual = 1.3932288684731117e-05, No Iterations 2, Solve time = 14.283 ms
bounding k, min: -0.011214648393885474 max: 870.6424884410808 average: 9.129478834429488
[mem] after-turb: DEVICE_POOL current=19061 MB  actual(reserved)=38146 MB  highWater=24788 MB
ExecutionTime = 161.12 s  ClockTime = 162 s

Time = 1046
[mem] step-start: DEVICE_POOL current=19061 MB  actual(reserved)=38146 MB  highWater=24788 MB
Schwarz(Jacobi)+Bicgstab:  Solving for Ux, Initial residual = 8.039806725959812e-05, Final residual = 4.576869725858307e-06, No Iterations 2, Solve time = 16.611 ms
Schwarz(Jacobi)+Bicgstab:  Solving for Uy, Initial residual = 0.0043756535893575005, Final residual = 0.0001545417882385684, No Iterations 3, Solve time = 19.273 ms
Schwarz(Jacobi)+Bicgstab:  Solving for Uz, Initial residual = 0.0011175070979327737, Final residual = 6.506705196546709e-05, No Iterations 2, Solve time = 15.926 ms
[mem] after-UEqn: DEVICE_POOL current=19061 MB  actual(reserved)=38146 MB  highWater=24788 MB
config(Cg+Multigrid):  Solving for p, Initial residual = 0.0012965550186337257, Final residual = 1.2939754273706952e-05, No Iterations 7, Solve time = 169.273 ms
time step continuity errors : sum local = 3.2429436328529315e-06, global = -7.743919546408848e-09, cumulative = -1.0160133062192383e-07
[mem] after-pEqn: DEVICE_POOL current=19061 MB  actual(reserved)=38146 MB  highWater=24788 MB
Schwarz(Jacobi)+Bicgstab:  Solving for omega, Initial residual = 1.310436835572654e-05, Final residual = 8.965299812149932e-07, No Iterations 2, Solve time = 14.341 ms
bounding omega, min: -189569.2943856419 max: 45355982.58248866 average: 6370.179019531446
Schwarz(Jacobi)+Bicgstab:  Solving for k, Initial residual = 0.0002508104509804867, Final residual = 1.3795181645049326e-05, No Iterations 2, Solve time = 14.343 ms
bounding k, min: -0.007629980216806831 max: 870.4162822183812 average: 9.12959193450083
[mem] after-turb: DEVICE_POOL current=19061 MB  actual(reserved)=38146 MB  highWater=24788 MB
ExecutionTime = 163.76 s  ClockTime = 165 s

Time = 1047
[mem] step-start: DEVICE_POOL current=19061 MB  actual(reserved)=38146 MB  highWater=24788 MB
Schwarz(Jacobi)+Bicgstab:  Solving for Ux, Initial residual = 8.048053122655091e-05, Final residual = 4.606059733046868e-06, No Iterations 2, Solve time = 16.659 ms
Schwarz(Jacobi)+Bicgstab:  Solving for Uy, Initial residual = 0.0043882696230525915, Final residual = 0.0001531997061926107, No Iterations 3, Solve time = 19.353 ms
Schwarz(Jacobi)+Bicgstab:  Solving for Uz, Initial residual = 0.0011223244271897016, Final residual = 5.02444853919415e-05, No Iterations 3, Solve time = 19.408 ms
[mem] after-UEqn: DEVICE_POOL current=19061 MB  actual(reserved)=38146 MB  highWater=24788 MB
config(Cg+Multigrid):  Solving for p, Initial residual = 0.0012964471872727048, Final residual = 9.17397029016803e-06, No Iterations 8, Solve time = 192.856 ms
time step continuity errors : sum local = 2.2967781221308554e-06, global = -2.150970934159007e-10, cumulative = -1.0181642771533974e-07
[mem] after-pEqn: DEVICE_POOL current=19061 MB  actual(reserved)=38146 MB  highWater=24788 MB
Schwarz(Jacobi)+Bicgstab:  Solving for omega, Initial residual = 1.3110904785061321e-05, Final residual = 8.955356867668869e-07, No Iterations 2, Solve time = 14.526 ms
bounding omega, min: -46577.08769723828 max: 45355982.58301249 average: 6370.165408438887
Schwarz(Jacobi)+Bicgstab:  Solving for k, Initial residual = 0.0002511897615321373, Final residual = 1.4019628092006528e-05, No Iterations 2, Solve time = 14.411 ms
bounding k, min: -0.0061937777826001905 max: 870.1829312334838 average: 9.129797705316888
[mem] after-turb: DEVICE_POOL current=19061 MB  actual(reserved)=38146 MB  highWater=24788 MB
ExecutionTime = 166.45 s  ClockTime = 167 s

Time = 1048
[mem] step-start: DEVICE_POOL current=19061 MB  actual(reserved)=38146 MB  highWater=24788 MB
Schwarz(Jacobi)+Bicgstab:  Solving for Ux, Initial residual = 8.056701136458864e-05, Final residual = 4.623849157482063e-06, No Iterations 2, Solve time = 16.549 ms
Schwarz(Jacobi)+Bicgstab:  Solving for Uy, Initial residual = 0.004397774009885266, Final residual = 0.0003364453164777061, No Iterations 2, Solve time = 15.897 ms
Schwarz(Jacobi)+Bicgstab:  Solving for Uz, Initial residual = 0.0011244786834827497, Final residual = 6.582825955907629e-05, No Iterations 2, Solve time = 15.913 ms
[mem] after-UEqn: DEVICE_POOL current=19061 MB  actual(reserved)=38146 MB  highWater=24788 MB
config(Cg+Multigrid):  Solving for p, Initial residual = 0.0013038925287418885, Final residual = 1.2101963216575995e-05, No Iterations 7, Solve time = 171.856 ms
time step continuity errors : sum local = 3.025361178771588e-06, global = -8.545829137726033e-09, cumulative = -1.1036225685306578e-07
[mem] after-pEqn: DEVICE_POOL current=19061 MB  actual(reserved)=38146 MB  highWater=24788 MB
Schwarz(Jacobi)+Bicgstab:  Solving for omega, Initial residual = 1.3119716747883282e-05, Final residual = 8.932891272697104e-07, No Iterations 2, Solve time = 14.136 ms
bounding omega, min: -46762.38684202327 max: 45355982.58544604 average: 6370.11870355117
Schwarz(Jacobi)+Bicgstab:  Solving for k, Initial residual = 0.0002516731861083236, Final residual = 1.4264540068325608e-05, No Iterations 2, Solve time = 14.149 ms
bounding k, min: -0.007312065858808961 max: 869.9446126706764 average: 9.129987890333858
[mem] after-turb: DEVICE_POOL current=19061 MB  actual(reserved)=38146 MB  highWater=24788 MB
ExecutionTime = 169.09 s  ClockTime = 170 s

Time = 1049
[mem] step-start: DEVICE_POOL current=19061 MB  actual(reserved)=38146 MB  highWater=24788 MB
Schwarz(Jacobi)+Bicgstab:  Solving for Ux, Initial residual = 8.073933979018175e-05, Final residual = 4.6560669713894445e-06, No Iterations 2, Solve time = 16.587 ms
Schwarz(Jacobi)+Bicgstab:  Solving for Uy, Initial residual = 0.004389999586139965, Final residual = 0.00015816730480681926, No Iterations 3, Solve time = 19.316 ms
Schwarz(Jacobi)+Bicgstab:  Solving for Uz, Initial residual = 0.0011295782947247422, Final residual = 7.870078096073762e-05, No Iterations 3, Solve time = 19.946 ms
[mem] after-UEqn: DEVICE_POOL current=19061 MB  actual(reserved)=38146 MB  highWater=24788 MB
config(Cg+Multigrid):  Solving for p, Initial residual = 0.0013005280896977993, Final residual = 1.2147231050100052e-05, No Iterations 7, Solve time = 172.393 ms
time step continuity errors : sum local = 3.0340222830829518e-06, global = -7.708356794472931e-09, cumulative = -1.1807061364753871e-07
[mem] after-pEqn: DEVICE_POOL current=19061 MB  actual(reserved)=38146 MB  highWater=24788 MB
Schwarz(Jacobi)+Bicgstab:  Solving for omega, Initial residual = 1.3137025336451398e-05, Final residual = 8.984281753597082e-07, No Iterations 2, Solve time = 14.031 ms
bounding omega, min: -47078.357920724105 max: 45355982.59032711 average: 6370.13123991334
Schwarz(Jacobi)+Bicgstab:  Solving for k, Initial residual = 0.00025201557666706644, Final residual = 1.4690441236916648e-05, No Iterations 2, Solve time = 14.14 ms
bounding k, min: -0.006126569797142989 max: 869.7264773299866 average: 9.13033865605136
[mem] after-turb: DEVICE_POOL current=19061 MB  actual(reserved)=38146 MB  highWater=24788 MB
ExecutionTime = 171.75 s  ClockTime = 173 s

Time = 1050
[mem] step-start: DEVICE_POOL current=19061 MB  actual(reserved)=38146 MB  highWater=24788 MB
Schwarz(Jacobi)+Bicgstab:  Solving for Ux, Initial residual = 8.085061752974789e-05, Final residual = 4.745081911071925e-06, No Iterations 2, Solve time = 16.139 ms
Schwarz(Jacobi)+Bicgstab:  Solving for Uy, Initial residual = 0.004390730013380082, Final residual = 0.00014966051621216476, No Iterations 3, Solve time = 19.468 ms
Schwarz(Jacobi)+Bicgstab:  Solving for Uz, Initial residual = 0.0011335236105869837, Final residual = 7.473329496434423e-05, No Iterations 2, Solve time = 15.833 ms
[mem] after-UEqn: DEVICE_POOL current=19061 MB  actual(reserved)=38146 MB  highWater=24788 MB
config(Cg+Multigrid):  Solving for p, Initial residual = 0.0013027555222150016, Final residual = 1.237431918237579e-05, No Iterations 7, Solve time = 166.562 ms
time step continuity errors : sum local = 3.0886000011960105e-06, global = -6.749385761697906e-09, cumulative = -1.248199994092366e-07
[mem] after-pEqn: DEVICE_POOL current=19061 MB  actual(reserved)=38146 MB  highWater=24788 MB
Schwarz(Jacobi)+Bicgstab:  Solving for omega, Initial residual = 1.3156037124195957e-05, Final residual = 8.993619777203177e-07, No Iterations 2, Solve time = 13.937 ms
bounding omega, min: -142287.84042219384 max: 45355982.59723288 average: 6370.186021363346
Schwarz(Jacobi)+Bicgstab:  Solving for k, Initial residual = 0.00025236744698057243, Final residual = 1.492601287319654e-05, No Iterations 2, Solve time = 14.181 ms
bounding k, min: -0.006261397431985956 max: 869.532211501949 average: 9.130769578684824
[mem] after-turb: DEVICE_POOL current=19061 MB  actual(reserved)=38146 MB  highWater=24788 MB
Writing p
Writing U
Writing turbulence variables
ExecutionTime = 175.58 s  ClockTime = 178 s

Finalizing NeoN
Finalising parallel run
