Collecting data...
Collecting data...
Collecting data...
Collecting data...
/*---------------------------------------------------------------------------*\
| =========                 |                                                 |
| \\      /  F ield         | OpenFOAM: The Open Source CFD Toolbox           |
|  \\    /   O peration     | Version:  2506                                  |
|   \\  /    A nd           | Website:  www.openfoam.com                      |
|    \\/     M anipulation  |                                                 |
\*---------------------------------------------------------------------------*/
Build  : b050cd9480-20250814 OPENFOAM=2506 version=v2506
Arch   : "LSB;label=32;scalar=64"
Exec   : /storage/home/greole/code/NeoFOAM/build/profilingnvidia_h200/bin/neoSimpleFoam -parallel
Date   : Jul 14 2026
Time   : 16:59:44
Host   : gpu-nvidia-h200-3.int.coma-cluster.de
PID    : 3603761
I/O    : uncollated
Case   : /storage/home/greole/code/NeoFOAM/occDrivAerStaticMesh
nProcs : 4
Hosts  :
(
    (gpu-nvidia-h200-3.int.coma-cluster.de 4)
)
Pstream initialized with:
    node communication : off [type=host] (4 ranks, 1 nodes)
    topology controls  : none
    consensus exchange : 0 (tuning: 0)
    exchange algorithm : 0
    commsType          : nonBlocking
    polling iterations : 0
trapFpe: Floating point exception trapping enabled (FOAM_SIGFPE).
fileModificationChecking : Monitoring run-time modified files using timeStampMaster (fileModificationSkew 5, maxFileModificationPolls 20)
allowSystemOperations : Allowing user-supplied system call operations

// * * * * * * * * * * * * * * * * * * * * * * * * * * * * * * * * * * * * * //
Create time

Initializing NeoN
Creating Executor GPU
Creating NeoFOAM runTime
GPU-aware MPI: library-available=yes, NeoN-flag=on, executor=GPUExecutor, ranks=4 -> used=yes

SIMPLE: no convergence criteria found. Calculations will run for 30 steps.

Reading field p

Reading field U

Reading/calculating face flux field phi

Selecting incompressible transport model Newtonian
NeoFOAM solver config (from fvSolution configFile) for 'config(Cg+Multigrid)':
{
    cacheSolver: true
    configFile: <NeoN::TokenList>
    l1ScaledResidual: true
    preconditionerRebuildInterval: 0
    relTol: 0.010000
    reportName: config(Cg+Multigrid)
    solver: Ginkgo
    tolerance: 0.000000
}
    effective optimize: false
    effective checkFrequency: 1
Mapping OpenFOAM solver settings to NeoN settings.
Currently, it is advisable to specify a configFile
for fine grained Ginkgo solver control

Replacing solver PBiCGStab by solver::Bicgstab
Replacing preconditioner diagonal by preconditioner::Schwarz (Schwarz-wrapped for distributed run)
NeoFOAM solver config (mapped from fvSolution) for 'Schwarz(Jacobi)+Bicgstab':
{
    cacheSolver: true
    criteria: {
        absolute_residual_norm: 0.000000
        initial_residual_norm: 0.100000
        iteration: 1000
    }
    l1ScaledResidual: true
    optimize: true
    preconditioner: {
        local_solver: {
            max_block_size: 1
            type: preconditioner::Jacobi
        }
        type: preconditioner::Schwarz
    }
    reportName: Schwarz(Jacobi)+Bicgstab
    solver: Ginkgo
    type: solver::Bicgstab
}
    effective optimize: true
    effective checkFrequency: 1
Creating phi

[NF][/storage/home/greole/code/NeoFOAM/include/NeoFOAM/auxiliary/readers.hpp::434]: Internal: 49333487, Boundary: 1754396

[NF][/storage/home/greole/code/NeoFOAM/include/NeoFOAM/auxiliary/readers.hpp::434]: Internal: 49320882, Boundary: 1762558

[NF][/storage/home/greole/code/NeoFOAM/include/NeoFOAM/auxiliary/readers.hpp::434]: Internal: 49261542, Boundary: 1427829

[NF][/storage/home/greole/code/NeoFOAM/include/NeoFOAM/auxiliary/readers.hpp::434]: Internal: 49243125, Boundary: 1362247
Selecting patchDistMethod meshWave
Mapping OpenFOAM solver settings to NeoN settings.
Currently, it is advisable to specify a configFile
for fine grained Ginkgo solver control

Replacing solver PBiCGStab by solver::Bicgstab
Replacing preconditioner diagonal by preconditioner::Schwarz (Schwarz-wrapped for distributed run)
NeoFOAM solver config (mapped from fvSolution) for 'Schwarz(Jacobi)+Bicgstab':
{
    cacheSolver: true
    criteria: {
        absolute_residual_norm: 0.000000
        initial_residual_norm: 0.100000
        iteration: 1000
    }
    l1ScaledResidual: true
    optimize: true
    preconditioner: {
        local_solver: {
            max_block_size: 1
            type: preconditioner::Jacobi
        }
        type: preconditioner::Schwarz
    }
    reportName: Schwarz(Jacobi)+Bicgstab
    solver: Ginkgo
    type: solver::Bicgstab
}
    effective optimize: true
    effective checkFrequency: 1
Mapping OpenFOAM solver settings to NeoN settings.
Currently, it is advisable to specify a configFile
for fine grained Ginkgo solver control

Replacing solver PBiCGStab by solver::Bicgstab
Replacing preconditioner diagonal by preconditioner::Schwarz (Schwarz-wrapped for distributed run)
NeoFOAM solver config (mapped from fvSolution) for 'Schwarz(Jacobi)+Bicgstab':
{
    cacheSolver: true
    criteria: {
        absolute_residual_norm: 0.000000
        initial_residual_norm: 0.100000
        iteration: 1000
    }
    l1ScaledResidual: true
    optimize: true
    preconditioner: {
        local_solver: {
            max_block_size: 1
            type: preconditioner::Jacobi
        }
        type: preconditioner::Schwarz
    }
    reportName: Schwarz(Jacobi)+Bicgstab
    solver: Ginkgo
    type: solver::Bicgstab
}
    effective optimize: true
    effective checkFrequency: 1
[mem] setup.end: DEVICE_POOL current=12979 MB  actual(reserved)=38146 MB  highWater=19132 MB
Starting time loop
Time = 1001
[mem] step-start: DEVICE_POOL current=12979 MB  actual(reserved)=38146 MB  highWater=19132 MB
Schwarz(Jacobi)+Bicgstab:  Solving for Ux, Initial residual = 7.917087608028036e-05, Final residual = 3.118880758358804e-06, No Iterations 3, Solve time = 242.86 ms
Schwarz(Jacobi)+Bicgstab:  Solving for Uy, Initial residual = 0.004031753935784716, Final residual = 0.0001416505937700889, No Iterations 3, Solve time = 242.86 ms
Schwarz(Jacobi)+Bicgstab:  Solving for Uz, Initial residual = 0.0011225218621524603, Final residual = 4.89898072111066e-05, No Iterations 3, Solve time = 242.86 ms
[mem] after-UEqn: DEVICE_POOL current=15473 MB  actual(reserved)=38146 MB  highWater=20761 MB
[GinkgoSolver] p-cache: rebuild(generate) solve=1 rebuildInterval=0
config(Cg+Multigrid):  Solving for p, Initial residual = 0.0013195050822737864, Final residual = 1.1392882083301507e-05, No Iterations 10, Solve time = 1495.576 ms
time step continuity errors : sum local = 2.877110101275153e-06, global = -2.6427011069031133e-08, cumulative = -2.6427011069031133e-08
[mem] after-pEqn: DEVICE_POOL current=16941 MB  actual(reserved)=38146 MB  highWater=20761 MB
[GinkgoSolver] p-cache: rebuild(generate) solve=1 rebuildInterval=0
Schwarz(Jacobi)+Bicgstab:  Solving for omega, Initial residual = 1.3020723487487294e-05, Final residual = 9.440588502039288e-07, No Iterations 2, Solve time = 78.876 ms
bounding omega, min: -36120.7607585771 max: 45355982.77770349 average: 6373.871660642056
[GinkgoSolver] p-cache: rebuild(generate) solve=1 rebuildInterval=0
Schwarz(Jacobi)+Bicgstab:  Solving for k, Initial residual = 0.00024230085334660582, Final residual = 1.216643621459329e-05, No Iterations 2, Solve time = 79.136 ms
bounding k, min: -0.026302615473675725 max: 941.1486222055768 average: 9.152952875358991
[mem] after-turb: DEVICE_POOL current=19126 MB  actual(reserved)=38146 MB  highWater=21935 MB
ExecutionTime = 49.47 s  ClockTime = 50 s

Time = 1002
[mem] step-start: DEVICE_POOL current=19126 MB  actual(reserved)=38146 MB  highWater=21935 MB
Schwarz(Jacobi)+Bicgstab:  Solving for Ux, Initial residual = 7.917383139012638e-05, Final residual = 2.7409796260771064e-06, No Iterations 3, Solve time = 222.086 ms
Schwarz(Jacobi)+Bicgstab:  Solving for Uy, Initial residual = 0.004036913371147752, Final residual = 0.00014200041075783176, No Iterations 3, Solve time = 222.086 ms
Schwarz(Jacobi)+Bicgstab:  Solving for Uz, Initial residual = 0.0011198053169866795, Final residual = 4.0827771892006287e-05, No Iterations 3, Solve time = 222.086 ms
[mem] after-UEqn: DEVICE_POOL current=19126 MB  actual(reserved)=38146 MB  highWater=24414 MB
[GinkgoSolver] p-cache: reuse(update_matrix_value) solve=2 rebuildInterval=0
config(Cg+Multigrid):  Solving for p, Initial residual = 0.0012812680557037367, Final residual = 1.2127833085289655e-05, No Iterations 9, Solve time = 1343.833 ms
time step continuity errors : sum local = 3.0640691550874083e-06, global = 2.05992641389925e-08, cumulative = -5.827746930038632e-09
[mem] after-pEqn: DEVICE_POOL current=19126 MB  actual(reserved)=38146 MB  highWater=24414 MB
[GinkgoSolver] p-cache: reuse(update_matrix_value) solve=2 rebuildInterval=0
Schwarz(Jacobi)+Bicgstab:  Solving for omega, Initial residual = 1.2971394740853054e-05, Final residual = 8.786550071690066e-07, No Iterations 2, Solve time = 91.097 ms
bounding omega, min: -95283.66517068345 max: 45355982.84964978 average: 6373.850946821524
[GinkgoSolver] p-cache: reuse(update_matrix_value) solve=2 rebuildInterval=0
Schwarz(Jacobi)+Bicgstab:  Solving for k, Initial residual = 0.00024149991870796287, Final residual = 7.38140767042512e-06, No Iterations 3, Solve time = 100.666 ms
bounding k, min: -0.00023603189072762405 max: 933.8632031633543 average: 9.152639752815617
[mem] after-turb: DEVICE_POOL current=19126 MB  actual(reserved)=38146 MB  highWater=24414 MB
ExecutionTime = 52.45 s  ClockTime = 53 s

Time = 1003
[mem] step-start: DEVICE_POOL current=19126 MB  actual(reserved)=38146 MB  highWater=24414 MB
Schwarz(Jacobi)+Bicgstab:  Solving for Ux, Initial residual = 7.871268947523368e-05, Final residual = 2.5240931005907933e-06, No Iterations 3, Solve time = 236.055 ms
Schwarz(Jacobi)+Bicgstab:  Solving for Uy, Initial residual = 0.004032084833382482, Final residual = 0.000137160526732191, No Iterations 3, Solve time = 236.055 ms
Schwarz(Jacobi)+Bicgstab:  Solving for Uz, Initial residual = 0.001118093179170854, Final residual = 3.930201193103749e-05, No Iterations 3, Solve time = 236.055 ms
[mem] after-UEqn: DEVICE_POOL current=19126 MB  actual(reserved)=38146 MB  highWater=24414 MB
[GinkgoSolver] p-cache: reuse(update_matrix_value) solve=3 rebuildInterval=0
config(Cg+Multigrid):  Solving for p, Initial residual = 0.0012729550254328575, Final residual = 1.134316788431434e-05, No Iterations 9, Solve time = 1350.248 ms
time step continuity errors : sum local = 2.8654311162198024e-06, global = -7.18028325281695e-09, cumulative = -1.3008030182855583e-08
[mem] after-pEqn: DEVICE_POOL current=19126 MB  actual(reserved)=38146 MB  highWater=24414 MB
[GinkgoSolver] p-cache: reuse(update_matrix_value) solve=3 rebuildInterval=0
Schwarz(Jacobi)+Bicgstab:  Solving for omega, Initial residual = 1.3019878038919338e-05, Final residual = 8.37343073228244e-07, No Iterations 2, Solve time = 82.18 ms
bounding omega, min: -36492.43725476639 max: 45355982.93322131 average: 6373.600761948402
[GinkgoSolver] p-cache: reuse(update_matrix_value) solve=3 rebuildInterval=0
Schwarz(Jacobi)+Bicgstab:  Solving for k, Initial residual = 0.000240408837313928, Final residual = 1.93083886640014e-05, No Iterations 2, Solve time = 76.541 ms
bounding k, min: -4.7570832667136576e-05 max: 922.6290342898985 average: 9.152306437800757
[mem] after-turb: DEVICE_POOL current=19126 MB  actual(reserved)=38146 MB  highWater=24414 MB
ExecutionTime = 55.53 s  ClockTime = 56 s

Time = 1004
[mem] step-start: DEVICE_POOL current=19126 MB  actual(reserved)=38146 MB  highWater=24414 MB
Schwarz(Jacobi)+Bicgstab:  Solving for Ux, Initial residual = 7.855060806749249e-05, Final residual = 2.080133776548826e-06, No Iterations 3, Solve time = 234.183 ms
Schwarz(Jacobi)+Bicgstab:  Solving for Uy, Initial residual = 0.004025665372141619, Final residual = 0.0001334163939314387, No Iterations 3, Solve time = 234.183 ms
Schwarz(Jacobi)+Bicgstab:  Solving for Uz, Initial residual = 0.0011175989966492497, Final residual = 4.1085759201923046e-05, No Iterations 3, Solve time = 234.183 ms
[mem] after-UEqn: DEVICE_POOL current=19126 MB  actual(reserved)=38146 MB  highWater=24414 MB
[GinkgoSolver] p-cache: reuse(update_matrix_value) solve=4 rebuildInterval=0
config(Cg+Multigrid):  Solving for p, Initial residual = 0.0012706595031042902, Final residual = 1.0769174304553809e-05, No Iterations 9, Solve time = 1358.786 ms
time step continuity errors : sum local = 2.7194103454422887e-06, global = -1.5435513026209046e-08, cumulative = -2.844354320906463e-08
[mem] after-pEqn: DEVICE_POOL current=19126 MB  actual(reserved)=38146 MB  highWater=24414 MB
[GinkgoSolver] p-cache: reuse(update_matrix_value) solve=4 rebuildInterval=0
Schwarz(Jacobi)+Bicgstab:  Solving for omega, Initial residual = 1.2973765743069443e-05, Final residual = 8.319952156552567e-07, No Iterations 2, Solve time = 90.751 ms
bounding omega, min: -34529.59476800242 max: 45355983.01885394 average: 6373.647289398328
[GinkgoSolver] p-cache: reuse(update_matrix_value) solve=4 rebuildInterval=0
Schwarz(Jacobi)+Bicgstab:  Solving for k, Initial residual = 0.00024095346223787183, Final residual = 2.2124360804809505e-05, No Iterations 2, Solve time = 77.146 ms
bounding k, min: -0.04414329648901233 max: 907.6129995915917 average: 9.152526177474725
[mem] after-turb: DEVICE_POOL current=19126 MB  actual(reserved)=38146 MB  highWater=24414 MB
ExecutionTime = 58.57 s  ClockTime = 59 s

Time = 1005
[mem] step-start: DEVICE_POOL current=19126 MB  actual(reserved)=38146 MB  highWater=24414 MB
Schwarz(Jacobi)+Bicgstab:  Solving for Ux, Initial residual = 7.841660576563503e-05, Final residual = 3.592873049300039e-06, No Iterations 2, Solve time = 179.494 ms
Schwarz(Jacobi)+Bicgstab:  Solving for Uy, Initial residual = 0.004019700764066042, Final residual = 0.0002540756058508567, No Iterations 2, Solve time = 179.494 ms
Schwarz(Jacobi)+Bicgstab:  Solving for Uz, Initial residual = 0.001117810868900157, Final residual = 6.375846865074573e-05, No Iterations 2, Solve time = 179.494 ms
[mem] after-UEqn: DEVICE_POOL current=19126 MB  actual(reserved)=38146 MB  highWater=24414 MB
[GinkgoSolver] p-cache: reuse(update_matrix_value) solve=5 rebuildInterval=0
config(Cg+Multigrid):  Solving for p, Initial residual = 0.001276632570030934, Final residual = 1.0223171884592754e-05, No Iterations 9, Solve time = 1367.286 ms
time step continuity errors : sum local = 2.5801704179461274e-06, global = -1.806300978790215e-08, cumulative = -4.6506552996966776e-08
[mem] after-pEqn: DEVICE_POOL current=19126 MB  actual(reserved)=38146 MB  highWater=24414 MB
[GinkgoSolver] p-cache: reuse(update_matrix_value) solve=5 rebuildInterval=0
Schwarz(Jacobi)+Bicgstab:  Solving for omega, Initial residual = 1.2457039494688908e-05, Final residual = 8.39016608010904e-07, No Iterations 2, Solve time = 82.085 ms
bounding omega, min: -36451.75520689574 max: 45355983.09150841 average: 6373.929411413644
[GinkgoSolver] p-cache: reuse(update_matrix_value) solve=5 rebuildInterval=0
Schwarz(Jacobi)+Bicgstab:  Solving for k, Initial residual = 0.00024058123476969725, Final residual = 6.449683816890752e-06, No Iterations 3, Solve time = 96.438 ms
bounding k, min: -8.451520077635247e-06 max: 900.6658714187244 average: 9.1522258161752
[mem] after-turb: DEVICE_POOL current=19126 MB  actual(reserved)=38146 MB  highWater=24414 MB
ExecutionTime = 61.5 s  ClockTime = 62 s

Time = 1006
[mem] step-start: DEVICE_POOL current=19126 MB  actual(reserved)=38146 MB  highWater=24414 MB
Schwarz(Jacobi)+Bicgstab:  Solving for Ux, Initial residual = 7.846170405867266e-05, Final residual = 2.620016092070831e-06, No Iterations 3, Solve time = 222.404 ms
Schwarz(Jacobi)+Bicgstab:  Solving for Uy, Initial residual = 0.004011365845593397, Final residual = 0.00015354405787504848, No Iterations 3, Solve time = 222.404 ms
Schwarz(Jacobi)+Bicgstab:  Solving for Uz, Initial residual = 0.001119476752846953, Final residual = 6.165784323123123e-05, No Iterations 3, Solve time = 222.404 ms
[mem] after-UEqn: DEVICE_POOL current=19126 MB  actual(reserved)=38146 MB  highWater=24414 MB
[GinkgoSolver] p-cache: reuse(update_matrix_value) solve=6 rebuildInterval=0
config(Cg+Multigrid):  Solving for p, Initial residual = 0.0012751920016057256, Final residual = 1.0083390319633183e-05, No Iterations 9, Solve time = 1346.943 ms
time step continuity errors : sum local = 2.5433821884718467e-06, global = -1.928198426949002e-08, cumulative = -6.578853726645679e-08
[mem] after-pEqn: DEVICE_POOL current=19126 MB  actual(reserved)=38146 MB  highWater=24414 MB
[GinkgoSolver] p-cache: reuse(update_matrix_value) solve=6 rebuildInterval=0
Schwarz(Jacobi)+Bicgstab:  Solving for omega, Initial residual = 1.2893512380442677e-05, Final residual = 8.402293854157877e-07, No Iterations 2, Solve time = 94.75 ms
bounding omega, min: -126942.02609837288 max: 45355983.13028856 average: 6373.997282107566
[GinkgoSolver] p-cache: reuse(update_matrix_value) solve=6 rebuildInterval=0
Schwarz(Jacobi)+Bicgstab:  Solving for k, Initial residual = 0.00023884852011295664, Final residual = 2.20806930802785e-05, No Iterations 2, Solve time = 75.784 ms
bounding k, min: -1.2706893173562646e-05 max: 894.7487441783419 average: 9.151707605706296
[mem] after-turb: DEVICE_POOL current=19126 MB  actual(reserved)=38146 MB  highWater=24414 MB
ExecutionTime = 64.48 s  ClockTime = 65 s

Time = 1007
[mem] step-start: DEVICE_POOL current=19126 MB  actual(reserved)=38146 MB  highWater=24414 MB
Schwarz(Jacobi)+Bicgstab:  Solving for Ux, Initial residual = 7.84096842636733e-05, Final residual = 4.260886682501861e-06, No Iterations 2, Solve time = 174.532 ms
Schwarz(Jacobi)+Bicgstab:  Solving for Uy, Initial residual = 0.004008711225898381, Final residual = 0.0005275905459733587, No Iterations 2, Solve time = 174.532 ms
Schwarz(Jacobi)+Bicgstab:  Solving for Uz, Initial residual = 0.0011203458891339176, Final residual = 7.068177354568761e-05, No Iterations 2, Solve time = 174.532 ms
[mem] after-UEqn: DEVICE_POOL current=19126 MB  actual(reserved)=38146 MB  highWater=24414 MB
[GinkgoSolver] p-cache: reuse(update_matrix_value) solve=7 rebuildInterval=0
config(Cg+Multigrid):  Solving for p, Initial residual = 0.001289864688569172, Final residual = 1.0385786538362433e-05, No Iterations 9, Solve time = 1345.545 ms
time step continuity errors : sum local = 2.6179891237546134e-06, global = -1.8070064403686684e-08, cumulative = -8.385860167014348e-08
[mem] after-pEqn: DEVICE_POOL current=19126 MB  actual(reserved)=38146 MB  highWater=24414 MB
[GinkgoSolver] p-cache: reuse(update_matrix_value) solve=7 rebuildInterval=0
Schwarz(Jacobi)+Bicgstab:  Solving for omega, Initial residual = 1.3048259203347494e-05, Final residual = 8.345824290497598e-07, No Iterations 2, Solve time = 89.857 ms
bounding omega, min: -32442.946658561494 max: 45355983.12802976 average: 6374.042475087122
[GinkgoSolver] p-cache: reuse(update_matrix_value) solve=7 rebuildInterval=0
Schwarz(Jacobi)+Bicgstab:  Solving for k, Initial residual = 0.0002401623634688099, Final residual = 8.553694380400214e-06, No Iterations 3, Solve time = 105.151 ms
bounding k, min: -3.159243582153509e-05 max: 893.0258393291135 average: 9.151403452081048
[mem] after-turb: DEVICE_POOL current=19126 MB  actual(reserved)=38146 MB  highWater=24414 MB
ExecutionTime = 67.47 s  ClockTime = 68 s

Time = 1008
[mem] step-start: DEVICE_POOL current=19126 MB  actual(reserved)=38146 MB  highWater=24414 MB
Schwarz(Jacobi)+Bicgstab:  Solving for Ux, Initial residual = 7.860141327832865e-05, Final residual = 4.301770045997232e-06, No Iterations 2, Solve time = 171.371 ms
Schwarz(Jacobi)+Bicgstab:  Solving for Uy, Initial residual = 0.003986522818992946, Final residual = 0.0007411382068240445, No Iterations 2, Solve time = 171.371 ms
Schwarz(Jacobi)+Bicgstab:  Solving for Uz, Initial residual = 0.0011235755579758074, Final residual = 6.424354245212859e-05, No Iterations 2, Solve time = 171.371 ms
[mem] after-UEqn: DEVICE_POOL current=19126 MB  actual(reserved)=38146 MB  highWater=24414 MB
[GinkgoSolver] p-cache: reuse(update_matrix_value) solve=8 rebuildInterval=0
config(Cg+Multigrid):  Solving for p, Initial residual = 0.0012844183305138475, Final residual = 1.1114382236280819e-05, No Iterations 9, Solve time = 1355.999 ms
time step continuity errors : sum local = 2.800000921425574e-06, global = -1.8178061981866946e-08, cumulative = -1.0203666365201042e-07
[mem] after-pEqn: DEVICE_POOL current=19126 MB  actual(reserved)=38146 MB  highWater=24414 MB
[GinkgoSolver] p-cache: reuse(update_matrix_value) solve=8 rebuildInterval=0
Schwarz(Jacobi)+Bicgstab:  Solving for omega, Initial residual = 1.272128848780611e-05, Final residual = 8.328154165529319e-07, No Iterations 2, Solve time = 77.392 ms
bounding omega, min: -28276.56168691253 max: 45355983.06395507 average: 6374.159979155271
[GinkgoSolver] p-cache: reuse(update_matrix_value) solve=8 rebuildInterval=0
Schwarz(Jacobi)+Bicgstab:  Solving for k, Initial residual = 0.00023967202857473223, Final residual = 1.27698303945861e-05, No Iterations 2, Solve time = 76.093 ms
bounding k, min: -1.5748412327153316e-05 max: 891.4710561860766 average: 9.151138257188522
[mem] after-turb: DEVICE_POOL current=19126 MB  actual(reserved)=38146 MB  highWater=24414 MB
ExecutionTime = 70.48 s  ClockTime = 71 s

Time = 1009
[mem] step-start: DEVICE_POOL current=19126 MB  actual(reserved)=38146 MB  highWater=24414 MB
Schwarz(Jacobi)+Bicgstab:  Solving for Ux, Initial residual = 7.84476419385109e-05, Final residual = 2.6488974142167853e-06, No Iterations 3, Solve time = 237.196 ms
Schwarz(Jacobi)+Bicgstab:  Solving for Uy, Initial residual = 0.00403596747457989, Final residual = 0.00013524225132067807, No Iterations 3, Solve time = 237.196 ms
Schwarz(Jacobi)+Bicgstab:  Solving for Uz, Initial residual = 0.0011170384393841622, Final residual = 0.00010402239582020084, No Iterations 3, Solve time = 237.196 ms
[mem] after-UEqn: DEVICE_POOL current=19126 MB  actual(reserved)=38146 MB  highWater=24414 MB
[GinkgoSolver] p-cache: reuse(update_matrix_value) solve=9 rebuildInterval=0
config(Cg+Multigrid):  Solving for p, Initial residual = 0.0012934303072226093, Final residual = 1.1945591701860433e-05, No Iterations 9, Solve time = 1344.656 ms
time step continuity errors : sum local = 3.0074327178837063e-06, global = -1.4098647984442661e-08, cumulative = -1.1613531163645308e-07
[mem] after-pEqn: DEVICE_POOL current=19126 MB  actual(reserved)=38146 MB  highWater=24414 MB
[GinkgoSolver] p-cache: reuse(update_matrix_value) solve=9 rebuildInterval=0
Schwarz(Jacobi)+Bicgstab:  Solving for omega, Initial residual = 1.2755504957674953e-05, Final residual = 8.352263418392345e-07, No Iterations 2, Solve time = 89.407 ms
bounding omega, min: -35149.75085977631 max: 45355982.87954677 average: 6374.190744329855
[GinkgoSolver] p-cache: reuse(update_matrix_value) solve=9 rebuildInterval=0
Schwarz(Jacobi)+Bicgstab:  Solving for k, Initial residual = 0.0002398825935241785, Final residual = 1.2085519854522236e-05, No Iterations 2, Solve time = 76.26 ms
bounding k, min: -1.7208626280153384e-05 max: 891.9718948332354 average: 9.1505242867832
[mem] after-turb: DEVICE_POOL current=19126 MB  actual(reserved)=38146 MB  highWater=24414 MB
ExecutionTime = 73.47 s  ClockTime = 74 s

Time = 1010
[mem] step-start: DEVICE_POOL current=19126 MB  actual(reserved)=38146 MB  highWater=24414 MB
Schwarz(Jacobi)+Bicgstab:  Solving for Ux, Initial residual = 7.837233880792532e-05, Final residual = 2.8324425902183332e-06, No Iterations 3, Solve time = 244.279 ms
Schwarz(Jacobi)+Bicgstab:  Solving for Uy, Initial residual = 0.004059285550396605, Final residual = 0.0001356167099884552, No Iterations 3, Solve time = 244.279 ms
Schwarz(Jacobi)+Bicgstab:  Solving for Uz, Initial residual = 0.0011016152957785826, Final residual = 4.534115787381895e-05, No Iterations 3, Solve time = 244.279 ms
[mem] after-UEqn: DEVICE_POOL current=19126 MB  actual(reserved)=38146 MB  highWater=24414 MB
[GinkgoSolver] p-cache: reuse(update_matrix_value) solve=10 rebuildInterval=0
config(Cg+Multigrid):  Solving for p, Initial residual = 0.0012768795947549162, Final residual = 1.233476148424316e-05, No Iterations 9, Solve time = 1341.424 ms
time step continuity errors : sum local = 3.103611222467931e-06, global = -1.1653104350038837e-08, cumulative = -1.2778841598649192e-07
[mem] after-pEqn: DEVICE_POOL current=19126 MB  actual(reserved)=38146 MB  highWater=24414 MB
[GinkgoSolver] p-cache: reuse(update_matrix_value) solve=10 rebuildInterval=0
Schwarz(Jacobi)+Bicgstab:  Solving for omega, Initial residual = 1.2711481976540785e-05, Final residual = 8.305633917538176e-07, No Iterations 2, Solve time = 86.496 ms
bounding omega, min: -166109.0889609447 max: 45355982.65343209 average: 6374.171956646221
[GinkgoSolver] p-cache: reuse(update_matrix_value) solve=10 rebuildInterval=0
Schwarz(Jacobi)+Bicgstab:  Solving for k, Initial residual = 0.00023992144681872954, Final residual = 1.1985906270097128e-05, No Iterations 2, Solve time = 76.053 ms
bounding k, min: -1.9872443951861258e-05 max: 892.0446962968047 average: 9.149872737121228
[mem] after-turb: DEVICE_POOL current=19126 MB  actual(reserved)=38146 MB  highWater=24414 MB
ExecutionTime = 76.51000000000001 s  ClockTime = 77 s

Time = 1011
[mem] step-start: DEVICE_POOL current=19126 MB  actual(reserved)=38146 MB  highWater=24414 MB
Schwarz(Jacobi)+Bicgstab:  Solving for Ux, Initial residual = 7.831121740935463e-05, Final residual = 3.2496273105959816e-06, No Iterations 3, Solve time = 229.25 ms
Schwarz(Jacobi)+Bicgstab:  Solving for Uy, Initial residual = 0.004072310178166471, Final residual = 0.00013690591318632755, No Iterations 3, Solve time = 229.25 ms
Schwarz(Jacobi)+Bicgstab:  Solving for Uz, Initial residual = 0.0010953180815748548, Final residual = 4.1049321083794514e-05, No Iterations 3, Solve time = 229.25 ms
[mem] after-UEqn: DEVICE_POOL current=19126 MB  actual(reserved)=38146 MB  highWater=24414 MB
[GinkgoSolver] p-cache: reuse(update_matrix_value) solve=11 rebuildInterval=0
config(Cg+Multigrid):  Solving for p, Initial residual = 0.0012726860729349288, Final residual = 1.247685147448366e-05, No Iterations 9, Solve time = 1349.036 ms
time step continuity errors : sum local = 3.137651937948933e-06, global = -8.78113841942583e-09, cumulative = -1.3656955440591776e-07
[mem] after-pEqn: DEVICE_POOL current=19126 MB  actual(reserved)=38146 MB  highWater=24414 MB
[GinkgoSolver] p-cache: reuse(update_matrix_value) solve=11 rebuildInterval=0
Schwarz(Jacobi)+Bicgstab:  Solving for omega, Initial residual = 1.2697633520440582e-05, Final residual = 8.279878180573747e-07, No Iterations 2, Solve time = 85.965 ms
bounding omega, min: -37286.802910171486 max: 45355982.65189938 average: 6374.11074886344
[GinkgoSolver] p-cache: reuse(update_matrix_value) solve=11 rebuildInterval=0
Schwarz(Jacobi)+Bicgstab:  Solving for k, Initial residual = 0.00023996459167220638, Final residual = 1.334907975016464e-05, No Iterations 2, Solve time = 75.954 ms
bounding k, min: -4.094951624450861e-05 max: 892.7616623923129 average: 9.149122197217809
[mem] after-turb: DEVICE_POOL current=19126 MB  actual(reserved)=38146 MB  highWater=24414 MB
ExecutionTime = 79.5 s  ClockTime = 80 s

Time = 1012
[mem] step-start: DEVICE_POOL current=19126 MB  actual(reserved)=38146 MB  highWater=24414 MB
Schwarz(Jacobi)+Bicgstab:  Solving for Ux, Initial residual = 7.830688298756739e-05, Final residual = 4.240964694461703e-06, No Iterations 2, Solve time = 179.291 ms
Schwarz(Jacobi)+Bicgstab:  Solving for Uy, Initial residual = 0.00407507908253713, Final residual = 0.0005955510317795619, No Iterations 2, Solve time = 179.291 ms
Schwarz(Jacobi)+Bicgstab:  Solving for Uz, Initial residual = 0.0010928202885538325, Final residual = 6.40486654768313e-05, No Iterations 2, Solve time = 179.291 ms
[mem] after-UEqn: DEVICE_POOL current=19126 MB  actual(reserved)=38146 MB  highWater=24414 MB
[GinkgoSolver] p-cache: reuse(update_matrix_value) solve=12 rebuildInterval=0
config(Cg+Multigrid):  Solving for p, Initial residual = 0.001292848617677692, Final residual = 1.2299995859158538e-05, No Iterations 9, Solve time = 1371.542 ms
time step continuity errors : sum local = 3.091614738500492e-06, global = -5.551349326101769e-09, cumulative = -1.4212090373201953e-07
[mem] after-pEqn: DEVICE_POOL current=19126 MB  actual(reserved)=38146 MB  highWater=24414 MB
[GinkgoSolver] p-cache: reuse(update_matrix_value) solve=12 rebuildInterval=0
Schwarz(Jacobi)+Bicgstab:  Solving for omega, Initial residual = 1.2735868438940429e-05, Final residual = 8.320827022126258e-07, No Iterations 2, Solve time = 90.598 ms
bounding omega, min: -34100.381744777405 max: 45355982.69019212 average: 6373.940462910695
[GinkgoSolver] p-cache: reuse(update_matrix_value) solve=12 rebuildInterval=0
Schwarz(Jacobi)+Bicgstab:  Solving for k, Initial residual = 0.0002405269009219873, Final residual = 1.3928463437566524e-05, No Iterations 2, Solve time = 76.136 ms
bounding k, min: -0.00042208731555610585 max: 892.9223747404619 average: 9.148238711218742
[mem] after-turb: DEVICE_POOL current=19126 MB  actual(reserved)=38146 MB  highWater=24414 MB
ExecutionTime = 82.47 s  ClockTime = 83 s

Time = 1013
[mem] step-start: DEVICE_POOL current=19126 MB  actual(reserved)=38146 MB  highWater=24414 MB
Schwarz(Jacobi)+Bicgstab:  Solving for Ux, Initial residual = 7.85652544774184e-05, Final residual = 2.9110654866852923e-06, No Iterations 3, Solve time = 229.547 ms
Schwarz(Jacobi)+Bicgstab:  Solving for Uy, Initial residual = 0.004039463374970247, Final residual = 0.00015387870879962767, No Iterations 3, Solve time = 229.547 ms
Schwarz(Jacobi)+Bicgstab:  Solving for Uz, Initial residual = 0.0010971934654333858, Final residual = 7.1008992124576e-05, No Iterations 3, Solve time = 229.547 ms
[mem] after-UEqn: DEVICE_POOL current=19126 MB  actual(reserved)=38146 MB  highWater=24414 MB
[GinkgoSolver] p-cache: reuse(update_matrix_value) solve=13 rebuildInterval=0
config(Cg+Multigrid):  Solving for p, Initial residual = 0.0012862973068751586, Final residual = 1.193757972820488e-05, No Iterations 9, Solve time = 1359.301 ms
time step continuity errors : sum local = 2.999263640306225e-06, global = -4.41049357168716e-09, cumulative = -1.465313973037067e-07
[mem] after-pEqn: DEVICE_POOL current=19126 MB  actual(reserved)=38146 MB  highWater=24414 MB
[GinkgoSolver] p-cache: reuse(update_matrix_value) solve=13 rebuildInterval=0
Schwarz(Jacobi)+Bicgstab:  Solving for omega, Initial residual = 1.272267719445218e-05, Final residual = 8.351281258639207e-07, No Iterations 2, Solve time = 89.984 ms
bounding omega, min: -33638.1665515574 max: 45355982.7438491 average: 6373.743338517528
[GinkgoSolver] p-cache: reuse(update_matrix_value) solve=13 rebuildInterval=0
Schwarz(Jacobi)+Bicgstab:  Solving for k, Initial residual = 0.00024061401725513604, Final residual = 1.2615764495814598e-05, No Iterations 2, Solve time = 76.244 ms
bounding k, min: -9.107602330280586e-05 max: 893.1348615066313 average: 9.14737482927667
[mem] after-turb: DEVICE_POOL current=19126 MB  actual(reserved)=38146 MB  highWater=24414 MB
ExecutionTime = 85.52 s  ClockTime = 86 s

Time = 1014
[mem] step-start: DEVICE_POOL current=19126 MB  actual(reserved)=38146 MB  highWater=24414 MB
Schwarz(Jacobi)+Bicgstab:  Solving for Ux, Initial residual = 7.855056865284951e-05, Final residual = 3.4770258014557573e-06, No Iterations 3, Solve time = 232.068 ms
Schwarz(Jacobi)+Bicgstab:  Solving for Uy, Initial residual = 0.004024454135371042, Final residual = 0.00014826658181660984, No Iterations 3, Solve time = 232.068 ms
Schwarz(Jacobi)+Bicgstab:  Solving for Uz, Initial residual = 0.0011025228610500198, Final residual = 4.698579044824668e-05, No Iterations 3, Solve time = 232.068 ms
[mem] after-UEqn: DEVICE_POOL current=19126 MB  actual(reserved)=38146 MB  highWater=24414 MB
[GinkgoSolver] p-cache: reuse(update_matrix_value) solve=14 rebuildInterval=0
config(Cg+Multigrid):  Solving for p, Initial residual = 0.001285176021866804, Final residual = 1.1512091716334713e-05, No Iterations 9, Solve time = 1351.23 ms
time step continuity errors : sum local = 2.891127348682243e-06, global = -3.811449036015266e-09, cumulative = -1.5034284633972195e-07
[mem] after-pEqn: DEVICE_POOL current=19126 MB  actual(reserved)=38146 MB  highWater=24414 MB
[GinkgoSolver] p-cache: reuse(update_matrix_value) solve=14 rebuildInterval=0
Schwarz(Jacobi)+Bicgstab:  Solving for omega, Initial residual = 1.2682475187767817e-05, Final residual = 8.347735363127744e-07, No Iterations 2, Solve time = 90.456 ms
bounding omega, min: -281318.05631091015 max: 45355982.78077489 average: 6373.499017743897
[GinkgoSolver] p-cache: reuse(update_matrix_value) solve=14 rebuildInterval=0
Schwarz(Jacobi)+Bicgstab:  Solving for k, Initial residual = 0.00024054514561094878, Final residual = 1.3709809381827746e-05, No Iterations 2, Solve time = 77.554 ms
bounding k, min: -7.649320836978452e-06 max: 892.7495547551581 average: 9.14642391002056
[mem] after-turb: DEVICE_POOL current=19126 MB  actual(reserved)=38146 MB  highWater=24414 MB
ExecutionTime = 88.56 s  ClockTime = 89 s

Time = 1015
[mem] step-start: DEVICE_POOL current=19126 MB  actual(reserved)=38146 MB  highWater=24414 MB
Schwarz(Jacobi)+Bicgstab:  Solving for Ux, Initial residual = 7.850736920540155e-05, Final residual = 3.832202246701459e-06, No Iterations 3, Solve time = 226.223 ms
Schwarz(Jacobi)+Bicgstab:  Solving for Uy, Initial residual = 0.004021593477288308, Final residual = 0.00014196688964510565, No Iterations 3, Solve time = 226.223 ms
Schwarz(Jacobi)+Bicgstab:  Solving for Uz, Initial residual = 0.0011048625548351555, Final residual = 3.898177964978266e-05, No Iterations 3, Solve time = 226.223 ms
[mem] after-UEqn: DEVICE_POOL current=19126 MB  actual(reserved)=38146 MB  highWater=24414 MB
[GinkgoSolver] p-cache: reuse(update_matrix_value) solve=15 rebuildInterval=0
config(Cg+Multigrid):  Solving for p, Initial residual = 0.001281665461794022, Final residual = 1.1064027546789695e-05, No Iterations 9, Solve time = 1351.014 ms
time step continuity errors : sum local = 2.777467009398163e-06, global = -3.4401742369244e-09, cumulative = -1.5378302057664636e-07
[mem] after-pEqn: DEVICE_POOL current=19126 MB  actual(reserved)=38146 MB  highWater=24414 MB
[GinkgoSolver] p-cache: reuse(update_matrix_value) solve=15 rebuildInterval=0
Schwarz(Jacobi)+Bicgstab:  Solving for omega, Initial residual = 1.2701531164518235e-05, Final residual = 8.326463988187827e-07, No Iterations 2, Solve time = 90.624 ms
bounding omega, min: -51463.22267464504 max: 45355982.77546312 average: 6373.265630626935
[GinkgoSolver] p-cache: reuse(update_matrix_value) solve=15 rebuildInterval=0
Schwarz(Jacobi)+Bicgstab:  Solving for k, Initial residual = 0.0002407677663868215, Final residual = 1.1020772057127339e-05, No Iterations 2, Solve time = 75.92 ms
bounding k, min: -0.0001613938725339158 max: 892.2611386160097 average: 9.145535190668758
[mem] after-turb: DEVICE_POOL current=19126 MB  actual(reserved)=38146 MB  highWater=24414 MB
ExecutionTime = 91.56 s  ClockTime = 92 s

Time = 1016
[mem] step-start: DEVICE_POOL current=19126 MB  actual(reserved)=38146 MB  highWater=24414 MB
Schwarz(Jacobi)+Bicgstab:  Solving for Ux, Initial residual = 7.849050102428744e-05, Final residual = 3.670406837817247e-06, No Iterations 3, Solve time = 223.009 ms
Schwarz(Jacobi)+Bicgstab:  Solving for Uy, Initial residual = 0.004030932438004604, Final residual = 0.0001359182143022565, No Iterations 3, Solve time = 223.009 ms
Schwarz(Jacobi)+Bicgstab:  Solving for Uz, Initial residual = 0.0011035235464472812, Final residual = 5.23883915637807e-05, No Iterations 3, Solve time = 223.009 ms
[mem] after-UEqn: DEVICE_POOL current=19126 MB  actual(reserved)=38146 MB  highWater=24414 MB
[GinkgoSolver] p-cache: reuse(update_matrix_value) solve=16 rebuildInterval=0
config(Cg+Multigrid):  Solving for p, Initial residual = 0.0012787913141917965, Final residual = 1.08418184457423e-05, No Iterations 9, Solve time = 1354.317 ms
time step continuity errors : sum local = 2.720687173683994e-06, global = -3.2261171578575615e-09, cumulative = -1.5700913773450393e-07
[mem] after-pEqn: DEVICE_POOL current=19126 MB  actual(reserved)=38146 MB  highWater=24414 MB
[GinkgoSolver] p-cache: reuse(update_matrix_value) solve=16 rebuildInterval=0
Schwarz(Jacobi)+Bicgstab:  Solving for omega, Initial residual = 1.2649515229815262e-05, Final residual = 8.328485164447683e-07, No Iterations 2, Solve time = 90.111 ms
bounding omega, min: -48340.909243380636 max: 45355982.719565794 average: 6372.977947360415
[GinkgoSolver] p-cache: reuse(update_matrix_value) solve=16 rebuildInterval=0
Schwarz(Jacobi)+Bicgstab:  Solving for k, Initial residual = 0.0002406416512413641, Final residual = 1.340238404398587e-05, No Iterations 2, Solve time = 76.599 ms
bounding k, min: -0.0002959292932058731 max: 891.3527186298137 average: 9.144592772758768
[mem] after-turb: DEVICE_POOL current=19126 MB  actual(reserved)=38146 MB  highWater=24414 MB
ExecutionTime = 94.47 s  ClockTime = 94 s

Time = 1017
[mem] step-start: DEVICE_POOL current=19126 MB  actual(reserved)=38146 MB  highWater=24414 MB
Schwarz(Jacobi)+Bicgstab:  Solving for Ux, Initial residual = 7.846730332704902e-05, Final residual = 3.6641101872531434e-06, No Iterations 3, Solve time = 237.334 ms
Schwarz(Jacobi)+Bicgstab:  Solving for Uy, Initial residual = 0.004046425364922445, Final residual = 0.0001364835300345906, No Iterations 3, Solve time = 237.334 ms
Schwarz(Jacobi)+Bicgstab:  Solving for Uz, Initial residual = 0.0011013525814228442, Final residual = 8.348039980865433e-05, No Iterations 3, Solve time = 237.334 ms
[mem] after-UEqn: DEVICE_POOL current=19126 MB  actual(reserved)=38146 MB  highWater=24414 MB
[GinkgoSolver] p-cache: reuse(update_matrix_value) solve=17 rebuildInterval=0
config(Cg+Multigrid):  Solving for p, Initial residual = 0.001278177131485868, Final residual = 1.0758566793951104e-05, No Iterations 9, Solve time = 1360.729 ms
time step continuity errors : sum local = 2.698958639429865e-06, global = -2.6452448201244955e-09, cumulative = -1.5965438255462843e-07
[mem] after-pEqn: DEVICE_POOL current=19126 MB  actual(reserved)=38146 MB  highWater=24414 MB
[GinkgoSolver] p-cache: reuse(update_matrix_value) solve=17 rebuildInterval=0
Schwarz(Jacobi)+Bicgstab:  Solving for omega, Initial residual = 1.273321875271689e-05, Final residual = 8.401866684066854e-07, No Iterations 2, Solve time = 89.796 ms
bounding omega, min: -45912.112159563214 max: 45355982.64770055 average: 6372.69583290013
[GinkgoSolver] p-cache: reuse(update_matrix_value) solve=17 rebuildInterval=0
Schwarz(Jacobi)+Bicgstab:  Solving for k, Initial residual = 0.0002408819966367548, Final residual = 1.4397914965728533e-05, No Iterations 2, Solve time = 75.829 ms
bounding k, min: -0.0005286715588703542 max: 890.3155438749061 average: 9.14372915842574
[mem] after-turb: DEVICE_POOL current=19126 MB  actual(reserved)=38146 MB  highWater=24414 MB
ExecutionTime = 97.5 s  ClockTime = 97 s

Time = 1018
[mem] step-start: DEVICE_POOL current=19126 MB  actual(reserved)=38146 MB  highWater=24414 MB
Schwarz(Jacobi)+Bicgstab:  Solving for Ux, Initial residual = 7.850058325298838e-05, Final residual = 4.299905961767865e-06, No Iterations 2, Solve time = 180.815 ms
Schwarz(Jacobi)+Bicgstab:  Solving for Uy, Initial residual = 0.004065808423768147, Final residual = 0.00038161298345265485, No Iterations 2, Solve time = 180.815 ms
Schwarz(Jacobi)+Bicgstab:  Solving for Uz, Initial residual = 0.0010990845345530361, Final residual = 6.777164909515723e-05, No Iterations 2, Solve time = 180.815 ms
[mem] after-UEqn: DEVICE_POOL current=19126 MB  actual(reserved)=38146 MB  highWater=24414 MB
[GinkgoSolver] p-cache: reuse(update_matrix_value) solve=18 rebuildInterval=0
config(Cg+Multigrid):  Solving for p, Initial residual = 0.0012853983256609952, Final residual = 1.056503845017492e-05, No Iterations 9, Solve time = 1345.387 ms
time step continuity errors : sum local = 2.6497650135777888e-06, global = -1.391343619369406e-09, cumulative = -1.6104572617399784e-07
[mem] after-pEqn: DEVICE_POOL current=19126 MB  actual(reserved)=38146 MB  highWater=24414 MB
[GinkgoSolver] p-cache: reuse(update_matrix_value) solve=18 rebuildInterval=0
Schwarz(Jacobi)+Bicgstab:  Solving for omega, Initial residual = 1.2760941497139612e-05, Final residual = 8.450488210139111e-07, No Iterations 2, Solve time = 76.911 ms
bounding omega, min: -397415.5226692181 max: 45355982.58779775 average: 6372.395841818247
[GinkgoSolver] p-cache: reuse(update_matrix_value) solve=18 rebuildInterval=0
Schwarz(Jacobi)+Bicgstab:  Solving for k, Initial residual = 0.00024142736071531513, Final residual = 1.4774280816399996e-05, No Iterations 2, Solve time = 75.524 ms
bounding k, min: -0.00012062390678523356 max: 888.9695432975839 average: 9.142872097098593
[mem] after-turb: DEVICE_POOL current=19126 MB  actual(reserved)=38146 MB  highWater=24414 MB
ExecutionTime = 100.53 s  ClockTime = 100 s

Time = 1019
[mem] step-start: DEVICE_POOL current=19126 MB  actual(reserved)=38146 MB  highWater=24414 MB
Schwarz(Jacobi)+Bicgstab:  Solving for Ux, Initial residual = 7.870258712353663e-05, Final residual = 4.3443313832893635e-06, No Iterations 2, Solve time = 177.314 ms
Schwarz(Jacobi)+Bicgstab:  Solving for Uy, Initial residual = 0.004064910423522198, Final residual = 0.0007393837791975184, No Iterations 2, Solve time = 177.314 ms
Schwarz(Jacobi)+Bicgstab:  Solving for Uz, Initial residual = 0.0010975947680604255, Final residual = 6.708020020616911e-05, No Iterations 2, Solve time = 177.314 ms
[mem] after-UEqn: DEVICE_POOL current=19126 MB  actual(reserved)=38146 MB  highWater=24414 MB
[GinkgoSolver] p-cache: reuse(update_matrix_value) solve=19 rebuildInterval=0
config(Cg+Multigrid):  Solving for p, Initial residual = 0.0012914727901204245, Final residual = 1.1481238188671705e-05, No Iterations 9, Solve time = 1347.314 ms
time step continuity errors : sum local = 2.8790732004637068e-06, global = -1.2832148490650426e-09, cumulative = -1.6232894102306288e-07
[mem] after-pEqn: DEVICE_POOL current=19126 MB  actual(reserved)=38146 MB  highWater=24414 MB
[GinkgoSolver] p-cache: reuse(update_matrix_value) solve=19 rebuildInterval=0
Schwarz(Jacobi)+Bicgstab:  Solving for omega, Initial residual = 1.27656505022074e-05, Final residual = 8.446325323582754e-07, No Iterations 2, Solve time = 88.383 ms
bounding omega, min: -59063.21026544419 max: 45355982.57181803 average: 6372.185009373573
[GinkgoSolver] p-cache: reuse(update_matrix_value) solve=19 rebuildInterval=0
Schwarz(Jacobi)+Bicgstab:  Solving for k, Initial residual = 0.0002414492215056082, Final residual = 1.3044301369541933e-05, No Iterations 2, Solve time = 76.903 ms
bounding k, min: -0.003581965216239394 max: 887.4974899965556 average: 9.142309251628387
[mem] after-turb: DEVICE_POOL current=19126 MB  actual(reserved)=38146 MB  highWater=24414 MB
ExecutionTime = 103.47 s  ClockTime = 103 s

Time = 1020
[mem] step-start: DEVICE_POOL current=19126 MB  actual(reserved)=38146 MB  highWater=24414 MB
Schwarz(Jacobi)+Bicgstab:  Solving for Ux, Initial residual = 7.864585746491528e-05, Final residual = 2.7192460496444458e-06, No Iterations 3, Solve time = 222.317 ms
Schwarz(Jacobi)+Bicgstab:  Solving for Uy, Initial residual = 0.0041252680314203755, Final residual = 0.0001341328916321173, No Iterations 3, Solve time = 222.317 ms
Schwarz(Jacobi)+Bicgstab:  Solving for Uz, Initial residual = 0.0010915750283379648, Final residual = 3.629550308494473e-05, No Iterations 3, Solve time = 222.317 ms
[mem] after-UEqn: DEVICE_POOL current=19126 MB  actual(reserved)=38146 MB  highWater=24414 MB
[GinkgoSolver] p-cache: reuse(update_matrix_value) solve=20 rebuildInterval=0
config(Cg+Multigrid):  Solving for p, Initial residual = 0.0012865460914619964, Final residual = 1.132044138081808e-05, No Iterations 9, Solve time = 1360.088 ms
time step continuity errors : sum local = 2.8383738507997266e-06, global = -3.85412049448138e-10, cumulative = -1.6271435307251102e-07
[mem] after-pEqn: DEVICE_POOL current=19126 MB  actual(reserved)=38146 MB  highWater=24414 MB
[GinkgoSolver] p-cache: reuse(update_matrix_value) solve=20 rebuildInterval=0
Schwarz(Jacobi)+Bicgstab:  Solving for omega, Initial residual = 1.2713859373132282e-05, Final residual = 8.377297217261017e-07, No Iterations 2, Solve time = 89.327 ms
bounding omega, min: -59983.19452177434 max: 45355982.57254072 average: 6371.96709206815
[GinkgoSolver] p-cache: reuse(update_matrix_value) solve=20 rebuildInterval=0
Schwarz(Jacobi)+Bicgstab:  Solving for k, Initial residual = 0.0002413432336714764, Final residual = 1.4753613284544858e-05, No Iterations 2, Solve time = 77.255 ms
bounding k, min: -0.0011750707386797704 max: 885.9108997588681 average: 9.141569155701582
[mem] after-turb: DEVICE_POOL current=19126 MB  actual(reserved)=38146 MB  highWater=24414 MB
Writing p
Writing U
Writing turbulence variables
ExecutionTime = 107.75 s  ClockTime = 109 s

Time = 1021
[mem] step-start: DEVICE_POOL current=19126 MB  actual(reserved)=38146 MB  highWater=24414 MB
Schwarz(Jacobi)+Bicgstab:  Solving for Ux, Initial residual = 7.864323044966636e-05, Final residual = 3.0061049295506204e-06, No Iterations 3, Solve time = 232.224 ms
Schwarz(Jacobi)+Bicgstab:  Solving for Uy, Initial residual = 0.00414044710590702, Final residual = 0.00013558704284125474, No Iterations 3, Solve time = 232.224 ms
Schwarz(Jacobi)+Bicgstab:  Solving for Uz, Initial residual = 0.0010860111066881483, Final residual = 2.510553495710062e-05, No Iterations 3, Solve time = 232.224 ms
[mem] after-UEqn: DEVICE_POOL current=19126 MB  actual(reserved)=38146 MB  highWater=24414 MB
[GinkgoSolver] p-cache: reuse(update_matrix_value) solve=21 rebuildInterval=0
config(Cg+Multigrid):  Solving for p, Initial residual = 0.0012875035347068838, Final residual = 1.114503676262676e-05, No Iterations 9, Solve time = 1355.413 ms
time step continuity errors : sum local = 2.7941759848983686e-06, global = -1.4436559632125227e-09, cumulative = -1.6415800903572355e-07
[mem] after-pEqn: DEVICE_POOL current=19126 MB  actual(reserved)=38146 MB  highWater=24414 MB
[GinkgoSolver] p-cache: reuse(update_matrix_value) solve=21 rebuildInterval=0
Schwarz(Jacobi)+Bicgstab:  Solving for omega, Initial residual = 1.2732111827841337e-05, Final residual = 8.394178701628751e-07, No Iterations 2, Solve time = 90.57 ms
bounding omega, min: -60963.26386247689 max: 45355982.57929734 average: 6371.69557003845
[GinkgoSolver] p-cache: reuse(update_matrix_value) solve=21 rebuildInterval=0
Schwarz(Jacobi)+Bicgstab:  Solving for k, Initial residual = 0.00024163502610476792, Final residual = 1.0674191296650178e-05, No Iterations 2, Solve time = 77.138 ms
bounding k, min: -0.02641140514514259 max: 884.2363981446913 average: 9.140875803763086
[mem] after-turb: DEVICE_POOL current=19126 MB  actual(reserved)=38146 MB  highWater=24414 MB
ExecutionTime = 110.81 s  ClockTime = 112 s

Time = 1022
[mem] step-start: DEVICE_POOL current=19126 MB  actual(reserved)=38146 MB  highWater=24414 MB
Schwarz(Jacobi)+Bicgstab:  Solving for Ux, Initial residual = 7.86575610090892e-05, Final residual = 4.371199398646882e-06, No Iterations 2, Solve time = 171.755 ms
Schwarz(Jacobi)+Bicgstab:  Solving for Uy, Initial residual = 0.004147427045003904, Final residual = 0.0003978025097439583, No Iterations 2, Solve time = 171.755 ms
Schwarz(Jacobi)+Bicgstab:  Solving for Uz, Initial residual = 0.001081542983139273, Final residual = 7.437198851419076e-05, No Iterations 2, Solve time = 171.755 ms
[mem] after-UEqn: DEVICE_POOL current=19126 MB  actual(reserved)=38146 MB  highWater=24414 MB
[GinkgoSolver] p-cache: reuse(update_matrix_value) solve=22 rebuildInterval=0
config(Cg+Multigrid):  Solving for p, Initial residual = 0.0012934823363491671, Final residual = 1.0783060943224185e-05, No Iterations 9, Solve time = 1354.151 ms
time step continuity errors : sum local = 2.7033056548678327e-06, global = -3.477176386672801e-09, cumulative = -1.6763518542239634e-07
[mem] after-pEqn: DEVICE_POOL current=19126 MB  actual(reserved)=38146 MB  highWater=24414 MB
[GinkgoSolver] p-cache: reuse(update_matrix_value) solve=22 rebuildInterval=0
Schwarz(Jacobi)+Bicgstab:  Solving for omega, Initial residual = 1.2683017576083725e-05, Final residual = 8.456678234838036e-07, No Iterations 2, Solve time = 89.286 ms
bounding omega, min: -304826.60234028066 max: 45355982.5905832 average: 6371.4582538581
[GinkgoSolver] p-cache: reuse(update_matrix_value) solve=22 rebuildInterval=0
Schwarz(Jacobi)+Bicgstab:  Solving for k, Initial residual = 0.0002416804197883771, Final residual = 1.862391630655277e-05, No Iterations 2, Solve time = 76.231 ms
bounding k, min: -0.005134919305644248 max: 882.6534032753616 average: 9.140034607267769
[mem] after-turb: DEVICE_POOL current=19126 MB  actual(reserved)=38146 MB  highWater=24414 MB
ExecutionTime = 113.68 s  ClockTime = 115 s

Time = 1023
[mem] step-start: DEVICE_POOL current=19126 MB  actual(reserved)=38146 MB  highWater=24414 MB
Schwarz(Jacobi)+Bicgstab:  Solving for Ux, Initial residual = 7.892117630517695e-05, Final residual = 4.418219961881516e-06, No Iterations 2, Solve time = 184.838 ms
Schwarz(Jacobi)+Bicgstab:  Solving for Uy, Initial residual = 0.004127622945925676, Final residual = 0.0007824473130137937, No Iterations 2, Solve time = 184.838 ms
Schwarz(Jacobi)+Bicgstab:  Solving for Uz, Initial residual = 0.0010874814297468771, Final residual = 7.339432844361243e-05, No Iterations 2, Solve time = 184.838 ms
[mem] after-UEqn: DEVICE_POOL current=19126 MB  actual(reserved)=38146 MB  highWater=24414 MB
[GinkgoSolver] p-cache: reuse(update_matrix_value) solve=23 rebuildInterval=0
config(Cg+Multigrid):  Solving for p, Initial residual = 0.0012879745008876728, Final residual = 1.069827547779866e-05, No Iterations 9, Solve time = 1347.205 ms
time step continuity errors : sum local = 2.6818477865613785e-06, global = -5.17841261328452e-09, cumulative = -1.7281359803568086e-07
[mem] after-pEqn: DEVICE_POOL current=19126 MB  actual(reserved)=38146 MB  highWater=24414 MB
[GinkgoSolver] p-cache: reuse(update_matrix_value) solve=23 rebuildInterval=0
Schwarz(Jacobi)+Bicgstab:  Solving for omega, Initial residual = 1.2868518193280899e-05, Final residual = 8.446743323568987e-07, No Iterations 2, Solve time = 90.117 ms
bounding omega, min: -59009.38521494482 max: 45355982.60362093 average: 6371.29852726539
[GinkgoSolver] p-cache: reuse(update_matrix_value) solve=23 rebuildInterval=0
Schwarz(Jacobi)+Bicgstab:  Solving for k, Initial residual = 0.0002419373955707098, Final residual = 1.7779403392831688e-05, No Iterations 2, Solve time = 76.645 ms
bounding k, min: -0.005769685593345897 max: 881.1279469832789 average: 9.13949551317937
[mem] after-turb: DEVICE_POOL current=19126 MB  actual(reserved)=38146 MB  highWater=24414 MB
ExecutionTime = 116.64 s  ClockTime = 118 s

Time = 1024
[mem] step-start: DEVICE_POOL current=19126 MB  actual(reserved)=38146 MB  highWater=24414 MB
Schwarz(Jacobi)+Bicgstab:  Solving for Ux, Initial residual = 7.890267536194512e-05, Final residual = 2.9187441189576337e-06, No Iterations 3, Solve time = 228.491 ms
Schwarz(Jacobi)+Bicgstab:  Solving for Uy, Initial residual = 0.0041747159771536565, Final residual = 0.00013454267225256698, No Iterations 3, Solve time = 228.491 ms
Schwarz(Jacobi)+Bicgstab:  Solving for Uz, Initial residual = 0.001088550228053857, Final residual = 4.7218846037713e-05, No Iterations 3, Solve time = 228.491 ms
[mem] after-UEqn: DEVICE_POOL current=19126 MB  actual(reserved)=38146 MB  highWater=24414 MB
[GinkgoSolver] p-cache: reuse(update_matrix_value) solve=24 rebuildInterval=0
config(Cg+Multigrid):  Solving for p, Initial residual = 0.0012855934118714077, Final residual = 1.0434411706596287e-05, No Iterations 9, Solve time = 1350.431 ms
time step continuity errors : sum local = 2.615444367548955e-06, global = -7.650163986179759e-09, cumulative = -1.8046376202186063e-07
[mem] after-pEqn: DEVICE_POOL current=19126 MB  actual(reserved)=38146 MB  highWater=24414 MB
[GinkgoSolver] p-cache: reuse(update_matrix_value) solve=24 rebuildInterval=0
Schwarz(Jacobi)+Bicgstab:  Solving for omega, Initial residual = 1.2810405784039233e-05, Final residual = 8.392007924364413e-07, No Iterations 2, Solve time = 75.928 ms
bounding omega, min: -59434.68119613321 max: 45355982.6163975 average: 6371.179624535366
[GinkgoSolver] p-cache: reuse(update_matrix_value) solve=24 rebuildInterval=0
Schwarz(Jacobi)+Bicgstab:  Solving for k, Initial residual = 0.00024230755504828398, Final residual = 1.8872345609073686e-05, No Iterations 2, Solve time = 76.878 ms
bounding k, min: -0.0039038422574452225 max: 879.6658682825872 average: 9.138798286148688
[mem] after-turb: DEVICE_POOL current=19126 MB  actual(reserved)=38146 MB  highWater=24414 MB
ExecutionTime = 119.66 s  ClockTime = 121 s

Time = 1025
[mem] step-start: DEVICE_POOL current=19126 MB  actual(reserved)=38146 MB  highWater=24414 MB
Schwarz(Jacobi)+Bicgstab:  Solving for Ux, Initial residual = 7.893342029102174e-05, Final residual = 3.1026090029934096e-06, No Iterations 3, Solve time = 222.923 ms
Schwarz(Jacobi)+Bicgstab:  Solving for Uy, Initial residual = 0.0041777502394412195, Final residual = 0.0001340834352979313, No Iterations 3, Solve time = 222.923 ms
Schwarz(Jacobi)+Bicgstab:  Solving for Uz, Initial residual = 0.0010886883533469665, Final residual = 4.662994554002222e-05, No Iterations 3, Solve time = 222.923 ms
[mem] after-UEqn: DEVICE_POOL current=19126 MB  actual(reserved)=38146 MB  highWater=24414 MB
[GinkgoSolver] p-cache: reuse(update_matrix_value) solve=25 rebuildInterval=0
config(Cg+Multigrid):  Solving for p, Initial residual = 0.0012848021464179095, Final residual = 1.0320008107374597e-05, No Iterations 9, Solve time = 1351.798 ms
time step continuity errors : sum local = 2.5864056306744494e-06, global = -1.0217238697110132e-08, cumulative = -1.9068100071897076e-07
[mem] after-pEqn: DEVICE_POOL current=19126 MB  actual(reserved)=38146 MB  highWater=24414 MB
[GinkgoSolver] p-cache: reuse(update_matrix_value) solve=25 rebuildInterval=0
Schwarz(Jacobi)+Bicgstab:  Solving for omega, Initial residual = 1.2811684082389139e-05, Final residual = 8.408548886352881e-07, No Iterations 2, Solve time = 89.576 ms
bounding omega, min: -58627.75750267231 max: 45355982.62765629 average: 6371.072379445402
[GinkgoSolver] p-cache: reuse(update_matrix_value) solve=25 rebuildInterval=0
Schwarz(Jacobi)+Bicgstab:  Solving for k, Initial residual = 0.00024293814169172194, Final residual = 2.0743634452128927e-05, No Iterations 2, Solve time = 76.637 ms
bounding k, min: -0.010624966987838658 max: 878.3438894687075 average: 9.13805262050777
[mem] after-turb: DEVICE_POOL current=19126 MB  actual(reserved)=38146 MB  highWater=24414 MB
ExecutionTime = 122.63 s  ClockTime = 124 s

Time = 1026
[mem] step-start: DEVICE_POOL current=19126 MB  actual(reserved)=38146 MB  highWater=24414 MB
Schwarz(Jacobi)+Bicgstab:  Solving for Ux, Initial residual = 7.895740901400747e-05, Final residual = 4.454681523733983e-06, No Iterations 2, Solve time = 175.944 ms
Schwarz(Jacobi)+Bicgstab:  Solving for Uy, Initial residual = 0.004178322045961045, Final residual = 0.0004679283143517393, No Iterations 2, Solve time = 175.944 ms
Schwarz(Jacobi)+Bicgstab:  Solving for Uz, Initial residual = 0.0010900020951418723, Final residual = 7.719979795229356e-05, No Iterations 2, Solve time = 175.944 ms
[mem] after-UEqn: DEVICE_POOL current=19126 MB  actual(reserved)=38146 MB  highWater=24414 MB
[GinkgoSolver] p-cache: reuse(update_matrix_value) solve=26 rebuildInterval=0
config(Cg+Multigrid):  Solving for p, Initial residual = 0.0012992013496010823, Final residual = 1.0683981296682427e-05, No Iterations 9, Solve time = 1353.582 ms
time step continuity errors : sum local = 2.6771096909304762e-06, global = -1.393242439341798e-08, cumulative = -2.0461342511238874e-07
[mem] after-pEqn: DEVICE_POOL current=19126 MB  actual(reserved)=38146 MB  highWater=24414 MB
[GinkgoSolver] p-cache: reuse(update_matrix_value) solve=26 rebuildInterval=0
Schwarz(Jacobi)+Bicgstab:  Solving for omega, Initial residual = 1.28578997087306e-05, Final residual = 8.449658114539428e-07, No Iterations 2, Solve time = 89.887 ms
bounding omega, min: -378150.49227524677 max: 45355982.63652945 average: 6370.941247016127
[GinkgoSolver] p-cache: reuse(update_matrix_value) solve=26 rebuildInterval=0
Schwarz(Jacobi)+Bicgstab:  Solving for k, Initial residual = 0.0002440324944609481, Final residual = 6.3424450827292245e-06, No Iterations 3, Solve time = 98.655 ms
bounding k, min: -0.0003480183086102913 max: 877.167176867679 average: 9.137667861533188
[mem] after-turb: DEVICE_POOL current=19126 MB  actual(reserved)=38146 MB  highWater=24414 MB
ExecutionTime = 125.63 s  ClockTime = 126 s

Time = 1027
[mem] step-start: DEVICE_POOL current=19126 MB  actual(reserved)=38146 MB  highWater=24414 MB
Schwarz(Jacobi)+Bicgstab:  Solving for Ux, Initial residual = 7.923836849703682e-05, Final residual = 4.496995666716252e-06, No Iterations 2, Solve time = 160.58 ms
Schwarz(Jacobi)+Bicgstab:  Solving for Uy, Initial residual = 0.004154537210789682, Final residual = 0.0007881070642660056, No Iterations 2, Solve time = 160.58 ms
Schwarz(Jacobi)+Bicgstab:  Solving for Uz, Initial residual = 0.001097236086808603, Final residual = 7.71501730348088e-05, No Iterations 2, Solve time = 160.58 ms
[mem] after-UEqn: DEVICE_POOL current=19126 MB  actual(reserved)=38146 MB  highWater=24414 MB
[GinkgoSolver] p-cache: reuse(update_matrix_value) solve=27 rebuildInterval=0
config(Cg+Multigrid):  Solving for p, Initial residual = 0.0012927809042029275, Final residual = 1.067898737531004e-05, No Iterations 9, Solve time = 1349.943 ms
time step continuity errors : sum local = 2.6750221261068217e-06, global = -1.3667466177450576e-08, cumulative = -2.1828089128983932e-07
[mem] after-pEqn: DEVICE_POOL current=19126 MB  actual(reserved)=38146 MB  highWater=24414 MB
[GinkgoSolver] p-cache: reuse(update_matrix_value) solve=27 rebuildInterval=0
Schwarz(Jacobi)+Bicgstab:  Solving for omega, Initial residual = 1.2693974705824823e-05, Final residual = 8.431198403378027e-07, No Iterations 2, Solve time = 89.31 ms
bounding omega, min: -57251.26825319493 max: 45355982.64382339 average: 6370.987639902253
[GinkgoSolver] p-cache: reuse(update_matrix_value) solve=27 rebuildInterval=0
Schwarz(Jacobi)+Bicgstab:  Solving for k, Initial residual = 0.0002431222019194291, Final residual = 1.3472432715170642e-05, No Iterations 2, Solve time = 76.994 ms
bounding k, min: -3.59861709932593e-08 max: 876.1342271505881 average: 9.137304853554191
[mem] after-turb: DEVICE_POOL current=19126 MB  actual(reserved)=38146 MB  highWater=24414 MB
ExecutionTime = 128.56 s  ClockTime = 129 s

Time = 1028
[mem] step-start: DEVICE_POOL current=19126 MB  actual(reserved)=38146 MB  highWater=24414 MB
Schwarz(Jacobi)+Bicgstab:  Solving for Ux, Initial residual = 7.920244770405833e-05, Final residual = 4.136477375928954e-06, No Iterations 3, Solve time = 224.057 ms
Schwarz(Jacobi)+Bicgstab:  Solving for Uy, Initial residual = 0.004203844245699333, Final residual = 0.00013409629859795184, No Iterations 3, Solve time = 224.057 ms
Schwarz(Jacobi)+Bicgstab:  Solving for Uz, Initial residual = 0.0010975886493379996, Final residual = 5.073922337520948e-05, No Iterations 3, Solve time = 224.057 ms
[mem] after-UEqn: DEVICE_POOL current=19126 MB  actual(reserved)=38146 MB  highWater=24414 MB
[GinkgoSolver] p-cache: reuse(update_matrix_value) solve=28 rebuildInterval=0
config(Cg+Multigrid):  Solving for p, Initial residual = 0.001295338990944215, Final residual = 1.1379327014830488e-05, No Iterations 9, Solve time = 1353.085 ms
time step continuity errors : sum local = 2.8495536703549255e-06, global = -1.5241697731658998e-08, cumulative = -2.3352258902149832e-07
[mem] after-pEqn: DEVICE_POOL current=19126 MB  actual(reserved)=38146 MB  highWater=24414 MB
[GinkgoSolver] p-cache: reuse(update_matrix_value) solve=28 rebuildInterval=0
Schwarz(Jacobi)+Bicgstab:  Solving for omega, Initial residual = 1.282130848568059e-05, Final residual = 8.406998947651587e-07, No Iterations 2, Solve time = 80.556 ms
bounding omega, min: -55425.06736970814 max: 45355982.64999266 average: 6370.98105541631
[GinkgoSolver] p-cache: reuse(update_matrix_value) solve=28 rebuildInterval=0
Schwarz(Jacobi)+Bicgstab:  Solving for k, Initial residual = 0.00024341586223415137, Final residual = 1.4692704219564884e-05, No Iterations 2, Solve time = 76.338 ms
[mem] after-turb: DEVICE_POOL current=19126 MB  actual(reserved)=38146 MB  highWater=24414 MB
ExecutionTime = 131.64 s  ClockTime = 132 s

Time = 1029
[mem] step-start: DEVICE_POOL current=19126 MB  actual(reserved)=38146 MB  highWater=24414 MB
Schwarz(Jacobi)+Bicgstab:  Solving for Ux, Initial residual = 7.926903020952792e-05, Final residual = 4.109513793608619e-06, No Iterations 3, Solve time = 222.007 ms
Schwarz(Jacobi)+Bicgstab:  Solving for Uy, Initial residual = 0.004214113958740399, Final residual = 0.00013257934053529491, No Iterations 3, Solve time = 222.007 ms
Schwarz(Jacobi)+Bicgstab:  Solving for Uz, Initial residual = 0.0010963845856762345, Final residual = 5.728265740432193e-05, No Iterations 3, Solve time = 222.007 ms
[mem] after-UEqn: DEVICE_POOL current=19126 MB  actual(reserved)=38146 MB  highWater=24414 MB
[GinkgoSolver] p-cache: reuse(update_matrix_value) solve=29 rebuildInterval=0
config(Cg+Multigrid):  Solving for p, Initial residual = 0.001306650643645609, Final residual = 1.2416836536541233e-05, No Iterations 9, Solve time = 1378.281 ms
time step continuity errors : sum local = 3.1081920645072166e-06, global = -1.6328882807053123e-08, cumulative = -2.4985147182855145e-07
[mem] after-pEqn: DEVICE_POOL current=19126 MB  actual(reserved)=38146 MB  highWater=24414 MB
[GinkgoSolver] p-cache: reuse(update_matrix_value) solve=29 rebuildInterval=0
Schwarz(Jacobi)+Bicgstab:  Solving for omega, Initial residual = 1.2819387941157172e-05, Final residual = 8.405165955040878e-07, No Iterations 2, Solve time = 90.326 ms
bounding omega, min: -55448.2402425757 max: 45355982.65697169 average: 6370.929943767597
[GinkgoSolver] p-cache: reuse(update_matrix_value) solve=29 rebuildInterval=0
Schwarz(Jacobi)+Bicgstab:  Solving for k, Initial residual = 0.00024384133049456153, Final residual = 1.576339814014005e-05, No Iterations 2, Solve time = 75.534 ms
[mem] after-turb: DEVICE_POOL current=19126 MB  actual(reserved)=38146 MB  highWater=24414 MB
ExecutionTime = 134.64 s  ClockTime = 135 s

Time = 1030
[mem] step-start: DEVICE_POOL current=19126 MB  actual(reserved)=38146 MB  highWater=24414 MB
Schwarz(Jacobi)+Bicgstab:  Solving for Ux, Initial residual = 7.935545470326763e-05, Final residual = 3.4212476382128723e-06, No Iterations 3, Solve time = 219.093 ms
Schwarz(Jacobi)+Bicgstab:  Solving for Uy, Initial residual = 0.004223692340136295, Final residual = 0.0001332722831460358, No Iterations 3, Solve time = 219.093 ms
Schwarz(Jacobi)+Bicgstab:  Solving for Uz, Initial residual = 0.0010902635830229144, Final residual = 4.14660138830899e-05, No Iterations 3, Solve time = 219.093 ms
[mem] after-UEqn: DEVICE_POOL current=19126 MB  actual(reserved)=38146 MB  highWater=24414 MB
[GinkgoSolver] p-cache: reuse(update_matrix_value) solve=30 rebuildInterval=0
config(Cg+Multigrid):  Solving for p, Initial residual = 0.0012950489591734375, Final residual = 1.0363500097688388e-05, No Iterations 10, Solve time = 1476.143 ms
time step continuity errors : sum local = 2.5932116378196625e-06, global = 1.3797579170106477e-08, cumulative = -2.3605389265844496e-07
[mem] after-pEqn: DEVICE_POOL current=19126 MB  actual(reserved)=38146 MB  highWater=24414 MB
[GinkgoSolver] p-cache: reuse(update_matrix_value) solve=30 rebuildInterval=0
Schwarz(Jacobi)+Bicgstab:  Solving for omega, Initial residual = 1.282696657749313e-05, Final residual = 8.421012454688088e-07, No Iterations 2, Solve time = 90.296 ms
bounding omega, min: -257144.7678618922 max: 45355982.66538791 average: 6370.817764579239
[GinkgoSolver] p-cache: reuse(update_matrix_value) solve=30 rebuildInterval=0
Schwarz(Jacobi)+Bicgstab:  Solving for k, Initial residual = 0.00024435431716605466, Final residual = 1.6604190611084173e-05, No Iterations 2, Solve time = 77.124 ms
bounding k, min: -0.0003546519111142226 max: 873.9209332602845 average: 9.135525453546762
[mem] after-turb: DEVICE_POOL current=19126 MB  actual(reserved)=38146 MB  highWater=24414 MB
ExecutionTime = 137.76 s  ClockTime = 139 s

Finalizing NeoN
Finalising parallel run
Generating '/scratch/greole/tmp/nsys-report-e8e5.qdstrm'
Generating '/scratch/greole/tmp/nsys-report-8325.qdstrm'
Generating '/scratch/greole/tmp/nsys-report-4736.qdstrm'
Generating '/scratch/greole/tmp/nsys-report-7bc1.qdstrm'
[1/1] [0%                          ] l5c4-nsys-20260714-165939.rank2.nsys-rep[1/1] [0%                          ] l5c4-nsys-20260714-165939.rank0.nsys-rep[1/1] [0%                          ] l5c4-nsys-20260714-165939.rank1.nsys-rep[1/1] [0%                          ] l5c4-nsys-20260714-165939.rank2.nsys-rep[1/1] [5%                          ] l5c4-nsys-20260714-165939.rank2.nsys-rep[1/1] [6%                          ] l5c4-nsys-20260714-165939.rank2.nsys-rep[1/1] [5%                          ] l5c4-nsys-20260714-165939.rank2.nsys-rep[1/1] [0%                          ] l5c4-nsys-20260714-165939.rank0.nsys-rep[1/1] [0%                          ] l5c4-nsys-20260714-165939.rank3.nsys-rep[1/1] [0%                          ] l5c4-nsys-20260714-165939.rank1.nsys-rep[1/1] [7%                          ] l5c4-nsys-20260714-165939.rank1.nsys-rep[1/1] [5%                          ] l5c4-nsys-20260714-165939.rank1.nsys-rep[1/1] [6%                          ] l5c4-nsys-20260714-165939.rank1.nsys-rep[1/1] [7%                          ] l5c4-nsys-20260714-165939.rank1.nsys-rep[1/1] [8%                          ] l5c4-nsys-20260714-165939.rank1.nsys-rep[1/1] [9%                          ] l5c4-nsys-20260714-165939.rank1.nsys-rep[1/1] [10%                         ] l5c4-nsys-20260714-165939.rank1.nsys-rep[1/1] [11%                         ] l5c4-nsys-20260714-165939.rank1.nsys-rep[1/1] [9%                          ] l5c4-nsys-20260714-165939.rank1.nsys-rep[1/1] [10%                         ] l5c4-nsys-20260714-165939.rank1.nsys-rep[1/1] [9%                          ] l5c4-nsys-20260714-165939.rank1.nsys-rep[1/1] [10%                         ] l5c4-nsys-20260714-165939.rank1.nsys-rep[1/1] [8%                          ] l5c4-nsys-20260714-165939.rank1.nsys-rep[1/1] [9%                          ] l5c4-nsys-20260714-165939.rank1.nsys-rep[1/1] [8%                          ] l5c4-nsys-20260714-165939.rank1.nsys-rep[1/1] [9%                          ] l5c4-nsys-20260714-165939.rank1.nsys-rep[1/1] [8%                          ] l5c4-nsys-20260714-165939.rank1.nsys-rep[1/1] [7%                          ] l5c4-nsys-20260714-165939.rank1.nsys-rep[1/1] [6%                          ] l5c4-nsys-20260714-165939.rank1.nsys-rep[1/1] [5%                          ] l5c4-nsys-20260714-165939.rank1.nsys-rep[1/1] [0%                          ] l5c4-nsys-20260714-165939.rank3.nsys-rep[1/1] [5%                          ] l5c4-nsys-20260714-165939.rank3.nsys-rep[1/1] [6%                          ] l5c4-nsys-20260714-165939.rank3.nsys-rep[1/1] [7%                          ] l5c4-nsys-20260714-165939.rank3.nsys-rep[1/1] [8%                          ] l5c4-nsys-20260714-165939.rank3.nsys-rep[1/1] [9%                          ] l5c4-nsys-20260714-165939.rank3.nsys-rep[1/1] [10%                         ] l5c4-nsys-20260714-165939.rank3.nsys-rep[1/1] [11%                         ] l5c4-nsys-20260714-165939.rank3.nsys-rep[1/1] [9%                          ] l5c4-nsys-20260714-165939.rank3.nsys-rep[1/1] [10%                         ] l5c4-nsys-20260714-165939.rank3.nsys-rep[1/1] [9%                          ] l5c4-nsys-20260714-165939.rank3.nsys-rep[1/1] [10%                         ] l5c4-nsys-20260714-165939.rank3.nsys-rep[1/1] [9%                          ] l5c4-nsys-20260714-165939.rank3.nsys-rep[1/1] [8%                          ] l5c4-nsys-20260714-165939.rank3.nsys-rep[1/1] [7%                          ] l5c4-nsys-20260714-165939.rank3.nsys-rep[1/1] [6%                          ] l5c4-nsys-20260714-165939.rank3.nsys-rep[1/1] [5%                          ] l5c4-nsys-20260714-165939.rank3.nsys-rep[1/1] [0%                          ] l5c4-nsys-20260714-165939.rank0.nsys-rep[1/1] [0%                          ] l5c4-nsys-20260714-165939.rank2.nsys-rep[1/1] [5%                          ] l5c4-nsys-20260714-165939.rank0.nsys-rep[1/1] [6%                          ] l5c4-nsys-20260714-165939.rank0.nsys-rep[1/1] [7%                          ] l5c4-nsys-20260714-165939.rank0.nsys-rep[1/1] [5%                          ] l5c4-nsys-20260714-165939.rank2.nsys-rep[1/1] [8%                          ] l5c4-nsys-20260714-165939.rank0.nsys-rep[1/1] [6%                          ] l5c4-nsys-20260714-165939.rank2.nsys-rep[1/1] [9%                          ] l5c4-nsys-20260714-165939.rank0.nsys-rep[1/1] [7%                          ] l5c4-nsys-20260714-165939.rank2.nsys-rep[1/1] [10%                         ] l5c4-nsys-20260714-165939.rank0.nsys-rep[1/1] [8%                          ] l5c4-nsys-20260714-165939.rank2.nsys-rep[1/1] [11%                         ] l5c4-nsys-20260714-165939.rank0.nsys-rep[1/1] [9%                          ] l5c4-nsys-20260714-165939.rank2.nsys-rep[1/1] [10%                         ] l5c4-nsys-20260714-165939.rank2.nsys-rep[1/1] [12%                         ] l5c4-nsys-20260714-165939.rank0.nsys-rep[1/1] [11%                         ] l5c4-nsys-20260714-165939.rank2.nsys-rep[1/1] [13%                         ] l5c4-nsys-20260714-165939.rank0.nsys-rep[1/1] [0%                          ] l5c4-nsys-20260714-165939.rank1.nsys-rep[1/1] [12%                         ] l5c4-nsys-20260714-165939.rank2.nsys-rep[1/1] [14%                         ] l5c4-nsys-20260714-165939.rank0.nsys-rep[1/1] [13%                         ] l5c4-nsys-20260714-165939.rank2.nsys-rep[1/1] [=15%                        ] l5c4-nsys-20260714-165939.rank0.nsys-rep[1/1] [14%                         ] l5c4-nsys-20260714-165939.rank2.nsys-rep[1/1] [=16%                        ] l5c4-nsys-20260714-165939.rank0.nsys-rep[1/1] [=15%                        ] l5c4-nsys-20260714-165939.rank2.nsys-rep[1/1] [=17%                        ] l5c4-nsys-20260714-165939.rank0.nsys-rep[1/1] [=16%                        ] l5c4-nsys-20260714-165939.rank2.nsys-rep[1/1] [==18%                       ] l5c4-nsys-20260714-165939.rank0.nsys-rep[1/1] [=17%                        ] l5c4-nsys-20260714-165939.rank2.nsys-rep[1/1] [5%                          ] l5c4-nsys-20260714-165939.rank1.nsys-rep[1/1] [==19%                       ] l5c4-nsys-20260714-165939.rank0.nsys-rep[1/1] [==18%                       ] l5c4-nsys-20260714-165939.rank2.nsys-rep[1/1] [==20%                       ] l5c4-nsys-20260714-165939.rank0.nsys-rep[1/1] [6%                          ] l5c4-nsys-20260714-165939.rank1.nsys-rep[1/1] [==19%                       ] l5c4-nsys-20260714-165939.rank2.nsys-rep[1/1] [==21%                       ] l5c4-nsys-20260714-165939.rank0.nsys-rep[1/1] [==20%                       ] l5c4-nsys-20260714-165939.rank2.nsys-rep[1/1] [7%                          ] l5c4-nsys-20260714-165939.rank1.nsys-rep[1/1] [===22%                      ] l5c4-nsys-20260714-165939.rank0.nsys-rep[1/1] [8%                          ] l5c4-nsys-20260714-165939.rank1.nsys-rep[1/1] [==21%                       ] l5c4-nsys-20260714-165939.rank2.nsys-rep[1/1] [===22%                      ] l5c4-nsys-20260714-165939.rank2.nsys-rep[1/1] [===23%                      ] l5c4-nsys-20260714-165939.rank0.nsys-rep[1/1] [9%                          ] l5c4-nsys-20260714-165939.rank1.nsys-rep[1/1] [===24%                      ] l5c4-nsys-20260714-165939.rank0.nsys-rep[1/1] [===23%                      ] l5c4-nsys-20260714-165939.rank2.nsys-rep[1/1] [10%                         ] l5c4-nsys-20260714-165939.rank1.nsys-rep[1/1] [====25%                     ] l5c4-nsys-20260714-165939.rank0.nsys-rep[1/1] [===24%                      ] l5c4-nsys-20260714-165939.rank2.nsys-rep[1/1] [11%                         ] l5c4-nsys-20260714-165939.rank1.nsys-rep[1/1] [====25%                     ] l5c4-nsys-20260714-165939.rank2.nsys-rep[1/1] [12%                         ] l5c4-nsys-20260714-165939.rank1.nsys-rep[1/1] [====26%                     ] l5c4-nsys-20260714-165939.rank0.nsys-rep[1/1] [====26%                     ] l5c4-nsys-20260714-165939.rank2.nsys-rep[1/1] [13%                         ] l5c4-nsys-20260714-165939.rank1.nsys-rep[1/1] [====27%                     ] l5c4-nsys-20260714-165939.rank0.nsys-rep[1/1] [====27%                     ] l5c4-nsys-20260714-165939.rank2.nsys-rep[1/1] [====28%                     ] l5c4-nsys-20260714-165939.rank0.nsys-rep[1/1] [14%                         ] l5c4-nsys-20260714-165939.rank1.nsys-rep[1/1] [====28%                     ] l5c4-nsys-20260714-165939.rank2.nsys-rep[1/1] [=====29%                    ] l5c4-nsys-20260714-165939.rank0.nsys-rep[1/1] [=15%                        ] l5c4-nsys-20260714-165939.rank1.nsys-rep[1/1] [=====29%                    ] l5c4-nsys-20260714-165939.rank2.nsys-rep[1/1] [=16%                        ] l5c4-nsys-20260714-165939.rank1.nsys-rep[1/1] [=====30%                    ] l5c4-nsys-20260714-165939.rank2.nsys-rep[1/1] [=====30%                    ] l5c4-nsys-20260714-165939.rank0.nsys-rep[1/1] [=17%                        ] l5c4-nsys-20260714-165939.rank1.nsys-rep[1/1] [=====31%                    ] l5c4-nsys-20260714-165939.rank2.nsys-rep[1/1] [=====32%                    ] l5c4-nsys-20260714-165939.rank2.nsys-rep[1/1] [=====31%                    ] l5c4-nsys-20260714-165939.rank0.nsys-rep[1/1] [==18%                       ] l5c4-nsys-20260714-165939.rank1.nsys-rep[1/1] [======33%                   ] l5c4-nsys-20260714-165939.rank2.nsys-rep[1/1] [=====32%                    ] l5c4-nsys-20260714-165939.rank0.nsys-rep[1/1] [==19%                       ] l5c4-nsys-20260714-165939.rank1.nsys-rep[1/1] [==20%                       ] l5c4-nsys-20260714-165939.rank1.nsys-rep[1/1] [======34%                   ] l5c4-nsys-20260714-165939.rank2.nsys-rep[1/1] [======33%                   ] l5c4-nsys-20260714-165939.rank0.nsys-rep[1/1] [======35%                   ] l5c4-nsys-20260714-165939.rank2.nsys-rep[1/1] [==21%                       ] l5c4-nsys-20260714-165939.rank1.nsys-rep[1/1] [======34%                   ] l5c4-nsys-20260714-165939.rank0.nsys-rep[1/1] [=======36%                  ] l5c4-nsys-20260714-165939.rank2.nsys-rep[1/1] [===22%                      ] l5c4-nsys-20260714-165939.rank1.nsys-rep[1/1] [======35%                   ] l5c4-nsys-20260714-165939.rank0.nsys-rep[1/1] [=======37%                  ] l5c4-nsys-20260714-165939.rank2.nsys-rep[1/1] [=======38%                  ] l5c4-nsys-20260714-165939.rank2.nsys-rep[1/1] [=======36%                  ] l5c4-nsys-20260714-165939.rank0.nsys-rep[1/1] [=======39%                  ] l5c4-nsys-20260714-165939.rank2.nsys-rep[1/1] [=======37%                  ] l5c4-nsys-20260714-165939.rank0.nsys-rep[1/1] [===23%                      ] l5c4-nsys-20260714-165939.rank1.nsys-rep[1/1] [========40%                 ] l5c4-nsys-20260714-165939.rank2.nsys-rep[1/1] [=======38%                  ] l5c4-nsys-20260714-165939.rank0.nsys-rep[1/1] [===24%                      ] l5c4-nsys-20260714-165939.rank1.nsys-rep[1/1] [========41%                 ] l5c4-nsys-20260714-165939.rank2.nsys-rep[1/1] [=======39%                  ] l5c4-nsys-20260714-165939.rank0.nsys-rep[1/1] [========42%                 ] l5c4-nsys-20260714-165939.rank2.nsys-rep[1/1] [====25%                     ] l5c4-nsys-20260714-165939.rank1.nsys-rep[1/1] [========40%                 ] l5c4-nsys-20260714-165939.rank0.nsys-rep[1/1] [====26%                     ] l5c4-nsys-20260714-165939.rank1.nsys-rep[1/1] [=========43%                ] l5c4-nsys-20260714-165939.rank2.nsys-rep[1/1] [========41%                 ] l5c4-nsys-20260714-165939.rank0.nsys-rep[1/1] [====27%                     ] l5c4-nsys-20260714-165939.rank1.nsys-rep[1/1] [=========44%                ] l5c4-nsys-20260714-165939.rank2.nsys-rep[1/1] [========42%                 ] l5c4-nsys-20260714-165939.rank0.nsys-rep[1/1] [====28%                     ] l5c4-nsys-20260714-165939.rank1.nsys-rep[1/1] [=========45%                ] l5c4-nsys-20260714-165939.rank2.nsys-rep[1/1] [0%                          ] l5c4-nsys-20260714-165939.rank3.nsys-rep[1/1] [=========43%                ] l5c4-nsys-20260714-165939.rank0.nsys-rep[1/1] [=========46%                ] l5c4-nsys-20260714-165939.rank2.nsys-rep[1/1] [=====29%                    ] l5c4-nsys-20260714-165939.rank1.nsys-rep[1/1] [=========44%                ] l5c4-nsys-20260714-165939.rank0.nsys-rep[1/1] [==========47%               ] l5c4-nsys-20260714-165939.rank2.nsys-rep[1/1] [=====30%                    ] l5c4-nsys-20260714-165939.rank1.nsys-rep[1/1] [=========45%                ] l5c4-nsys-20260714-165939.rank0.nsys-rep[1/1] [=====31%                    ] l5c4-nsys-20260714-165939.rank1.nsys-rep[1/1] [==========48%               ] l5c4-nsys-20260714-165939.rank2.nsys-rep[1/1] [==========49%               ] l5c4-nsys-20260714-165939.rank2.nsys-rep[1/1] [=========46%                ] l5c4-nsys-20260714-165939.rank0.nsys-rep[1/1] [=====32%                    ] l5c4-nsys-20260714-165939.rank1.nsys-rep[1/1] [==========47%               ] l5c4-nsys-20260714-165939.rank0.nsys-rep[1/1] [===========50%              ] l5c4-nsys-20260714-165939.rank2.nsys-rep[1/1] [======33%                   ] l5c4-nsys-20260714-165939.rank1.nsys-rep[1/1] [==========48%               ] l5c4-nsys-20260714-165939.rank0.nsys-rep[1/1] [===========51%              ] l5c4-nsys-20260714-165939.rank2.nsys-rep[1/1] [5%                          ] l5c4-nsys-20260714-165939.rank3.nsys-rep[1/1] [======34%                   ] l5c4-nsys-20260714-165939.rank1.nsys-rep[1/1] [===========52%              ] l5c4-nsys-20260714-165939.rank2.nsys-rep[1/1] [==========49%               ] l5c4-nsys-20260714-165939.rank0.nsys-rep[1/1] [======35%                   ] l5c4-nsys-20260714-165939.rank1.nsys-rep[1/1] [6%                          ] l5c4-nsys-20260714-165939.rank3.nsys-rep[1/1] [===========53%              ] l5c4-nsys-20260714-165939.rank2.nsys-rep[1/1] [===========50%              ] l5c4-nsys-20260714-165939.rank0.nsys-rep[1/1] [=======36%                  ] l5c4-nsys-20260714-165939.rank1.nsys-rep[1/1] [============54%             ] l5c4-nsys-20260714-165939.rank2.nsys-rep[1/1] [===========51%              ] l5c4-nsys-20260714-165939.rank0.nsys-rep[1/1] [7%                          ] l5c4-nsys-20260714-165939.rank3.nsys-rep[1/1] [=======37%                  ] l5c4-nsys-20260714-165939.rank1.nsys-rep[1/1] [============55%             ] l5c4-nsys-20260714-165939.rank2.nsys-rep[1/1] [8%                          ] l5c4-nsys-20260714-165939.rank3.nsys-rep[1/1] [===========52%              ] l5c4-nsys-20260714-165939.rank0.nsys-rep[1/1] [=======38%                  ] l5c4-nsys-20260714-165939.rank1.nsys-rep[1/1] [============56%             ] l5c4-nsys-20260714-165939.rank2.nsys-rep[1/1] [9%                          ] l5c4-nsys-20260714-165939.rank3.nsys-rep[1/1] [=======39%                  ] l5c4-nsys-20260714-165939.rank1.nsys-rep[1/1] [===========53%              ] l5c4-nsys-20260714-165939.rank0.nsys-rep[1/1] [============57%             ] l5c4-nsys-20260714-165939.rank2.nsys-rep[1/1] [============54%             ] l5c4-nsys-20260714-165939.rank0.nsys-rep[1/1] [10%                         ] l5c4-nsys-20260714-165939.rank3.nsys-rep[1/1] [========40%                 ] l5c4-nsys-20260714-165939.rank1.nsys-rep[1/1] [=============58%            ] l5c4-nsys-20260714-165939.rank2.nsys-rep[1/1] [============55%             ] l5c4-nsys-20260714-165939.rank0.nsys-rep[1/1] [11%                         ] l5c4-nsys-20260714-165939.rank3.nsys-rep[1/1] [========41%                 ] l5c4-nsys-20260714-165939.rank1.nsys-rep[1/1] [=============59%            ] l5c4-nsys-20260714-165939.rank2.nsys-rep[1/1] [=============60%            ] l5c4-nsys-20260714-165939.rank2.nsys-rep[1/1] [============56%             ] l5c4-nsys-20260714-165939.rank0.nsys-rep[1/1] [12%                         ] l5c4-nsys-20260714-165939.rank3.nsys-rep[1/1] [========42%                 ] l5c4-nsys-20260714-165939.rank1.nsys-rep[1/1] [=========43%                ] l5c4-nsys-20260714-165939.rank1.nsys-rep[1/1] [==============61%           ] l5c4-nsys-20260714-165939.rank2.nsys-rep[1/1] [============57%             ] l5c4-nsys-20260714-165939.rank0.nsys-rep[1/1] [13%                         ] l5c4-nsys-20260714-165939.rank3.nsys-rep[1/1] [==============62%           ] l5c4-nsys-20260714-165939.rank2.nsys-rep[1/1] [=============58%            ] l5c4-nsys-20260714-165939.rank0.nsys-rep[1/1] [14%                         ] l5c4-nsys-20260714-165939.rank3.nsys-rep[1/1] [=========44%                ] l5c4-nsys-20260714-165939.rank1.nsys-rep[1/1] [==============63%           ] l5c4-nsys-20260714-165939.rank2.nsys-rep[1/1] [=15%                        ] l5c4-nsys-20260714-165939.rank3.nsys-rep[1/1] [=============59%            ] l5c4-nsys-20260714-165939.rank0.nsys-rep[1/1] [=========45%                ] l5c4-nsys-20260714-165939.rank1.nsys-rep[1/1] [==============64%           ] l5c4-nsys-20260714-165939.rank2.nsys-rep[1/1] [=16%                        ] l5c4-nsys-20260714-165939.rank3.nsys-rep[1/1] [=============60%            ] l5c4-nsys-20260714-165939.rank0.nsys-rep[1/1] [=========46%                ] l5c4-nsys-20260714-165939.rank1.nsys-rep[1/1] [===============65%          ] l5c4-nsys-20260714-165939.rank2.nsys-rep[1/1] [==========47%               ] l5c4-nsys-20260714-165939.rank1.nsys-rep[1/1] [==============61%           ] l5c4-nsys-20260714-165939.rank0.nsys-rep[1/1] [=17%                        ] l5c4-nsys-20260714-165939.rank3.nsys-rep[1/1] [===============66%          ] l5c4-nsys-20260714-165939.rank2.nsys-rep[1/1] [==============62%           ] l5c4-nsys-20260714-165939.rank0.nsys-rep[1/1] [==========48%               ] l5c4-nsys-20260714-165939.rank1.nsys-rep[1/1] [===============67%          ] l5c4-nsys-20260714-165939.rank2.nsys-rep[1/1] [==18%                       ] l5c4-nsys-20260714-165939.rank3.nsys-rep[1/1] [==============63%           ] l5c4-nsys-20260714-165939.rank0.nsys-rep[1/1] [==========49%               ] l5c4-nsys-20260714-165939.rank1.nsys-rep[1/1] [================68%         ] l5c4-nsys-20260714-165939.rank2.nsys-rep[1/1] [==19%                       ] l5c4-nsys-20260714-165939.rank3.nsys-rep[1/1] [================69%         ] l5c4-nsys-20260714-165939.rank2.nsys-rep[1/1] [==============64%           ] l5c4-nsys-20260714-165939.rank0.nsys-rep[1/1] [===========50%              ] l5c4-nsys-20260714-165939.rank1.nsys-rep[1/1] [===============65%          ] l5c4-nsys-20260714-165939.rank0.nsys-rep[1/1] [==20%                       ] l5c4-nsys-20260714-165939.rank3.nsys-rep[1/1] [===========51%              ] l5c4-nsys-20260714-165939.rank1.nsys-rep[1/1] [================70%         ] l5c4-nsys-20260714-165939.rank2.nsys-rep[1/1] [==21%                       ] l5c4-nsys-20260714-165939.rank3.nsys-rep[1/1] [===============66%          ] l5c4-nsys-20260714-165939.rank0.nsys-rep[1/1] [===========52%              ] l5c4-nsys-20260714-165939.rank1.nsys-rep[1/1] [================71%         ] l5c4-nsys-20260714-165939.rank2.nsys-rep[1/1] [===22%                      ] l5c4-nsys-20260714-165939.rank3.nsys-rep[1/1] [=================72%        ] l5c4-nsys-20260714-165939.rank2.nsys-rep[1/1] [===============67%          ] l5c4-nsys-20260714-165939.rank0.nsys-rep[1/1] [===========53%              ] l5c4-nsys-20260714-165939.rank1.nsys-rep[1/1] [===23%                      ] l5c4-nsys-20260714-165939.rank3.nsys-rep[1/1] [================68%         ] l5c4-nsys-20260714-165939.rank0.nsys-rep[1/1] [=================73%        ] l5c4-nsys-20260714-165939.rank2.nsys-rep[1/1] [============54%             ] l5c4-nsys-20260714-165939.rank1.nsys-rep[1/1] [=================74%        ] l5c4-nsys-20260714-165939.rank2.nsys-rep[1/1] [============55%             ] l5c4-nsys-20260714-165939.rank1.nsys-rep[1/1] [===24%                      ] l5c4-nsys-20260714-165939.rank3.nsys-rep[1/1] [================69%         ] l5c4-nsys-20260714-165939.rank0.nsys-rep[1/1] [==================75%       ] l5c4-nsys-20260714-165939.rank2.nsys-rep[1/1] [============56%             ] l5c4-nsys-20260714-165939.rank1.nsys-rep[1/1] [====25%                     ] l5c4-nsys-20260714-165939.rank3.nsys-rep[1/1] [================70%         ] l5c4-nsys-20260714-165939.rank0.nsys-rep[1/1] [================71%         ] l5c4-nsys-20260714-165939.rank0.nsys-rep[1/1] [==================76%       ] l5c4-nsys-20260714-165939.rank2.nsys-rep[1/1] [====26%                     ] l5c4-nsys-20260714-165939.rank3.nsys-rep[1/1] [============57%             ] l5c4-nsys-20260714-165939.rank1.nsys-rep[1/1] [==================77%       ] l5c4-nsys-20260714-165939.rank2.nsys-rep[1/1] [=================72%        ] l5c4-nsys-20260714-165939.rank0.nsys-rep[1/1] [====27%                     ] l5c4-nsys-20260714-165939.rank3.nsys-rep[1/1] [=============58%            ] l5c4-nsys-20260714-165939.rank1.nsys-rep[1/1] [====28%                     ] l5c4-nsys-20260714-165939.rank3.nsys-rep[1/1] [=============59%            ] l5c4-nsys-20260714-165939.rank1.nsys-rep[1/1] [=================73%        ] l5c4-nsys-20260714-165939.rank0.nsys-rep[1/1] [=============60%            ] l5c4-nsys-20260714-165939.rank1.nsys-rep[1/1] [=====29%                    ] l5c4-nsys-20260714-165939.rank3.nsys-rep[1/1] [=================74%        ] l5c4-nsys-20260714-165939.rank0.nsys-rep[1/1] [==============61%           ] l5c4-nsys-20260714-165939.rank1.nsys-rep[1/1] [=====30%                    ] l5c4-nsys-20260714-165939.rank3.nsys-rep[1/1] [==================75%       ] l5c4-nsys-20260714-165939.rank0.nsys-rep[1/1] [==============62%           ] l5c4-nsys-20260714-165939.rank1.nsys-rep[1/1] [=====31%                    ] l5c4-nsys-20260714-165939.rank3.nsys-rep[1/1] [==================76%       ] l5c4-nsys-20260714-165939.rank0.nsys-rep[1/1] [==============63%           ] l5c4-nsys-20260714-165939.rank1.nsys-rep[1/1] [=====32%                    ] l5c4-nsys-20260714-165939.rank3.nsys-rep[1/1] [==================77%       ] l5c4-nsys-20260714-165939.rank0.nsys-rep[1/1] [==============64%           ] l5c4-nsys-20260714-165939.rank1.nsys-rep[1/1] [==================78%       ] l5c4-nsys-20260714-165939.rank0.nsys-rep[1/1] [======33%                   ] l5c4-nsys-20260714-165939.rank3.nsys-rep[1/1] [===============65%          ] l5c4-nsys-20260714-165939.rank1.nsys-rep[1/1] [===============66%          ] l5c4-nsys-20260714-165939.rank1.nsys-rep[1/1] [======34%                   ] l5c4-nsys-20260714-165939.rank3.nsys-rep[1/1] [======35%                   ] l5c4-nsys-20260714-165939.rank3.nsys-rep[1/1] [===============67%          ] l5c4-nsys-20260714-165939.rank1.nsys-rep[1/1] [=======36%                  ] l5c4-nsys-20260714-165939.rank3.nsys-rep[1/1] [================68%         ] l5c4-nsys-20260714-165939.rank1.nsys-rep[1/1] [=======37%                  ] l5c4-nsys-20260714-165939.rank3.nsys-rep[1/1] [================69%         ] l5c4-nsys-20260714-165939.rank1.nsys-rep[1/1] [================70%         ] l5c4-nsys-20260714-165939.rank1.nsys-rep[1/1] [=======38%                  ] l5c4-nsys-20260714-165939.rank3.nsys-rep[1/1] [================71%         ] l5c4-nsys-20260714-165939.rank1.nsys-rep[1/1] [=======39%                  ] l5c4-nsys-20260714-165939.rank3.nsys-rep[1/1] [=================72%        ] l5c4-nsys-20260714-165939.rank1.nsys-rep[1/1] [=================73%        ] l5c4-nsys-20260714-165939.rank1.nsys-rep[1/1] [========40%                 ] l5c4-nsys-20260714-165939.rank3.nsys-rep[1/1] [=================74%        ] l5c4-nsys-20260714-165939.rank1.nsys-rep[1/1] [========41%                 ] l5c4-nsys-20260714-165939.rank3.nsys-rep[1/1] [==================75%       ] l5c4-nsys-20260714-165939.rank1.nsys-rep[1/1] [========42%                 ] l5c4-nsys-20260714-165939.rank3.nsys-rep[1/1] [==================76%       ] l5c4-nsys-20260714-165939.rank1.nsys-rep[1/1] [=========43%                ] l5c4-nsys-20260714-165939.rank3.nsys-rep[1/1] [==================77%       ] l5c4-nsys-20260714-165939.rank1.nsys-rep[1/1] [=========44%                ] l5c4-nsys-20260714-165939.rank3.nsys-rep[1/1] [=========45%                ] l5c4-nsys-20260714-165939.rank3.nsys-rep[1/1] [=========46%                ] l5c4-nsys-20260714-165939.rank3.nsys-rep[1/1] [==========47%               ] l5c4-nsys-20260714-165939.rank3.nsys-rep[1/1] [==========48%               ] l5c4-nsys-20260714-165939.rank3.nsys-rep[1/1] [==========49%               ] l5c4-nsys-20260714-165939.rank3.nsys-rep[1/1] [===========50%              ] l5c4-nsys-20260714-165939.rank3.nsys-rep[1/1] [===========51%              ] l5c4-nsys-20260714-165939.rank3.nsys-rep[1/1] [==================78%       ] l5c4-nsys-20260714-165939.rank2.nsys-rep[1/1] [===========52%              ] l5c4-nsys-20260714-165939.rank3.nsys-rep[1/1] [===========53%              ] l5c4-nsys-20260714-165939.rank3.nsys-rep[1/1] [============54%             ] l5c4-nsys-20260714-165939.rank3.nsys-rep[1/1] [============55%             ] l5c4-nsys-20260714-165939.rank3.nsys-rep[1/1] [===================80%      ] l5c4-nsys-20260714-165939.rank2.nsys-rep[1/1] [========================100%] l5c4-nsys-20260714-165939.rank2.nsys-rep[1/1] [============56%             ] l5c4-nsys-20260714-165939.rank3.nsys-rep[1/1] [============57%             ] l5c4-nsys-20260714-165939.rank3.nsys-rep[1/1] [=============58%            ] l5c4-nsys-20260714-165939.rank3.nsys-rep[1/1] [=============59%            ] l5c4-nsys-20260714-165939.rank3.nsys-rep[1/1] [===================79%      ] l5c4-nsys-20260714-165939.rank0.nsys-rep[1/1] [=============60%            ] l5c4-nsys-20260714-165939.rank3.nsys-rep[1/1] [==============61%           ] l5c4-nsys-20260714-165939.rank3.nsys-rep[1/1] [==============62%           ] l5c4-nsys-20260714-165939.rank3.nsys-rep[1/1] [==============63%           ] l5c4-nsys-20260714-165939.rank3.nsys-rep[1/1] [===================80%      ] l5c4-nsys-20260714-165939.rank0.nsys-rep[1/1] [========================100%] l5c4-nsys-20260714-165939.rank0.nsys-rep[1/1] [==============64%           ] l5c4-nsys-20260714-165939.rank3.nsys-rep[1/1] [===============65%          ] l5c4-nsys-20260714-165939.rank3.nsys-rep[1/1] [===============66%          ] l5c4-nsys-20260714-165939.rank3.nsys-rep[1/1] [===============67%          ] l5c4-nsys-20260714-165939.rank3.nsys-rep[1/1] [================68%         ] l5c4-nsys-20260714-165939.rank3.nsys-rep[1/1] [================69%         ] l5c4-nsys-20260714-165939.rank3.nsys-rep[1/1] [================70%         ] l5c4-nsys-20260714-165939.rank3.nsys-rep[1/1] [================71%         ] l5c4-nsys-20260714-165939.rank3.nsys-rep[1/1] [=================72%        ] l5c4-nsys-20260714-165939.rank3.nsys-rep[1/1] [=================73%        ] l5c4-nsys-20260714-165939.rank3.nsys-rep[1/1] [=================74%        ] l5c4-nsys-20260714-165939.rank3.nsys-rep[1/1] [==================75%       ] l5c4-nsys-20260714-165939.rank3.nsys-rep[1/1] [==================76%       ] l5c4-nsys-20260714-165939.rank3.nsys-rep[1/1] [==================77%       ] l5c4-nsys-20260714-165939.rank3.nsys-rep[1/1] [==================78%       ] l5c4-nsys-20260714-165939.rank1.nsys-rep[1/1] [===================79%      ] l5c4-nsys-20260714-165939.rank1.nsys-rep[1/1] [========================100%] l5c4-nsys-20260714-165939.rank1.nsys-rep[1/1] [==================78%       ] l5c4-nsys-20260714-165939.rank3.nsys-rep[1/1] [===================79%      ] l5c4-nsys-20260714-165939.rank3.nsys-rep[1/1] [========================100%] l5c4-nsys-20260714-165939.rank3.nsys-rep[1/1] [========================100%] l5c4-nsys-20260714-165939.rank2.nsys-rep
Generated:
	/storage/home/greole/code/NeoFOAM/occDrivAerStaticMesh/paperParamStudyResults/l5c4-costbreakdown/l5c4-nsys-20260714-165939.rank2.nsys-rep
[1/1] [========================100%] l5c4-nsys-20260714-165939.rank0.nsys-rep
Generated:
	/storage/home/greole/code/NeoFOAM/occDrivAerStaticMesh/paperParamStudyResults/l5c4-costbreakdown/l5c4-nsys-20260714-165939.rank0.nsys-rep
[1/1] [========================100%] l5c4-nsys-20260714-165939.rank1.nsys-rep
Generated:
	/storage/home/greole/code/NeoFOAM/occDrivAerStaticMesh/paperParamStudyResults/l5c4-costbreakdown/l5c4-nsys-20260714-165939.rank1.nsys-rep
[1/1] [========================100%] l5c4-nsys-20260714-165939.rank3.nsys-rep
Generated:
	/storage/home/greole/code/NeoFOAM/occDrivAerStaticMesh/paperParamStudyResults/l5c4-costbreakdown/l5c4-nsys-20260714-165939.rank3.nsys-rep
